[INFO] Scanning for projects...
[WARNING] 
[WARNING] Some problems were encountered while building the effective model for commons-net:commons-net:jar:3.8.0
[WARNING] 'build.plugins.plugin.(groupId:artifactId)' must be unique but found duplicate declaration of plugin org.apache.maven.plugins:maven-surefire-plugin @ line 218, column 21
[WARNING] 
[WARNING] It is highly recommended to fix these problems because they threaten the stability of your build.
[WARNING] 
[WARNING] For this reason, future Maven versions might no longer support building such malformed projects.
[WARNING] 
[INFO] 
[INFO] ----------------------< commons-net:commons-net >-----------------------
[INFO] Building Apache Commons Net 3.8.0
[INFO]   from pom.xml
[INFO] --------------------------------[ jar ]---------------------------------
[INFO] 
[INFO] --- enforcer:3.0.0-M3:enforce (enforce-maven-version) @ commons-net ---
[INFO] 
[INFO] --- enforcer:3.0.0-M3:enforce (enforce-maven-3) @ commons-net ---
[INFO] 
[INFO] --- apache-rat:0.13:check (rat-check) @ commons-net ---
[INFO] RAT will not execute since it is configured to be skipped via system property 'rat.skip'.
[INFO] 
[INFO] --- build-helper:3.2.0:parse-version (parse-version) @ commons-net ---
[INFO] 
[INFO] --- antrun:1.8:run (javadoc.resources) @ commons-net ---
[INFO] Executing tasks

main:
     [copy] Copying 2 files to /sfs/weka/scratch/wxw9rr/OE25-DEV/projects_decomposed/commons-net-3.8.0/target/apidocs/META-INF
[INFO] Executed tasks
[INFO] 
[INFO] --- remote-resources:1.7.0:process (process-resource-bundles) @ commons-net ---
[INFO] Skipping remote resources execution.
[INFO] 
[INFO] --- buildnumber:1.4:create (default) @ commons-net ---
[INFO] Executing: /bin/sh -c cd '/sfs/weka/scratch/wxw9rr/OE25-DEV/projects_decomposed/commons-net-3.8.0' && 'git' 'rev-parse' '--verify' 'HEAD'
[INFO] Working directory: /sfs/weka/scratch/wxw9rr/OE25-DEV/projects_decomposed/commons-net-3.8.0
[INFO] Storing buildNumber: ba422cbeaa32efdad405fd5df283f67519011b01 at timestamp: 1768596519569
[INFO] Storing buildScmBranch: main
[INFO] 
[INFO] --- resources:3.1.0:resources (default-resources) @ commons-net ---
[INFO] Using 'iso-8859-1' encoding to copy filtered resources.
[INFO] Copying 1 resource
[INFO] Copying 2 resources to META-INF
[INFO] 
[INFO] --- compiler:3.8.1:compile (default-compile) @ commons-net ---
[INFO] Changes detected - recompiling the module!
[INFO] Compiling 191 source files to /sfs/weka/scratch/wxw9rr/OE25-DEV/projects_decomposed/commons-net-3.8.0/target/classes
[INFO] /sfs/weka/scratch/wxw9rr/OE25-DEV/projects_decomposed/commons-net-3.8.0/src/main/java/org/apache/commons/net/ftp/parser/DefaultFTPFileEntryParserFactory.java: /sfs/weka/scratch/wxw9rr/OE25-DEV/projects_decomposed/commons-net-3.8.0/src/main/java/org/apache/commons/net/ftp/parser/DefaultFTPFileEntryParserFactory.java uses or overrides a deprecated API.
[INFO] /sfs/weka/scratch/wxw9rr/OE25-DEV/projects_decomposed/commons-net-3.8.0/src/main/java/org/apache/commons/net/ftp/parser/DefaultFTPFileEntryParserFactory.java: Recompile with -Xlint:deprecation for details.
[INFO] 
[INFO] --- bundle:5.1.1:manifest (bundle-manifest) @ commons-net ---
[INFO] 
[INFO] --- resources:3.1.0:testResources (default-testResources) @ commons-net ---
[INFO] Using 'iso-8859-1' encoding to copy filtered resources.
[INFO] Copying 3 resources
[INFO] Copying 2 resources to META-INF
[INFO] 
[INFO] --- compiler:3.8.1:testCompile (default-testCompile) @ commons-net ---
[INFO] Changes detected - recompiling the module!
[INFO] Compiling 86 source files to /sfs/weka/scratch/wxw9rr/OE25-DEV/projects_decomposed/commons-net-3.8.0/target/test-classes
[INFO] /sfs/weka/scratch/wxw9rr/OE25-DEV/projects_decomposed/commons-net-3.8.0/src/test/java/org/apache/commons/net/tftp/TFTPServer.java: Some input files use or override a deprecated API.
[INFO] /sfs/weka/scratch/wxw9rr/OE25-DEV/projects_decomposed/commons-net-3.8.0/src/test/java/org/apache/commons/net/tftp/TFTPServer.java: Recompile with -Xlint:deprecation for details.
[INFO] 
[INFO] --- animal-sniffer:1.19:check (checkAPIcompatibility) @ commons-net ---
[INFO] Checking unresolved references to org.codehaus.mojo.signature:java18:1.0
[INFO] 
[INFO] --- surefire:2.22.0:test (default-test) @ commons-net ---
[INFO] 
[INFO] -------------------------------------------------------
[INFO]  T E S T S
[INFO] -------------------------------------------------------
[INFO] Running org.apache.commons.net.SocketClientFunctionalTest_OE25Dev
[ERROR] Tests run: 1, Failures: 0, Errors: 1, Skipped: 0, Time elapsed: 0.223 s <<< FAILURE! - in org.apache.commons.net.SocketClientFunctionalTest_OE25Dev
[ERROR] testProxySettings_1_oe(org.apache.commons.net.SocketClientFunctionalTest_OE25Dev)  Time elapsed: 0.071 s  <<< ERROR!
java.net.SocketException: Connection refused
	at org.apache.commons.net.SocketClientFunctionalTest_OE25Dev.testProxySettings_1_oe(SocketClientFunctionalTest_OE25Dev.java:59)

[INFO] Running org.apache.commons.net.pop3.POP3ClientCommandsTest_OE25Dev
[ERROR] Tests run: 73, Failures: 0, Errors: 73, Skipped: 0, Time elapsed: 0.039 s <<< FAILURE! - in org.apache.commons.net.pop3.POP3ClientCommandsTest_OE25Dev
[ERROR] testRetrieveMessageTopOnEmptyMailbox_1_oe(org.apache.commons.net.pop3.POP3ClientCommandsTest_OE25Dev)  Time elapsed: 0.013 s  <<< ERROR!
java.net.ConnectException: Connection refused
	at org.apache.commons.net.pop3.POP3ClientCommandsTest_OE25Dev.connect(POP3ClientCommandsTest_OE25Dev.java:72)
	at org.apache.commons.net.pop3.POP3ClientCommandsTest_OE25Dev.testRetrieveMessageTopOnEmptyMailbox_1_oe(POP3ClientCommandsTest_OE25Dev.java:1097)

[ERROR] testRetrieveMessageTopOnEmptyMailbox_2_oe(org.apache.commons.net.pop3.POP3ClientCommandsTest_OE25Dev)  Time elapsed: 0 s  <<< ERROR!
java.net.ConnectException: Connection refused
	at org.apache.commons.net.pop3.POP3ClientCommandsTest_OE25Dev.connect(POP3ClientCommandsTest_OE25Dev.java:72)
	at org.apache.commons.net.pop3.POP3ClientCommandsTest_OE25Dev.testRetrieveMessageTopOnEmptyMailbox_2_oe(POP3ClientCommandsTest_OE25Dev.java:1104)

[ERROR] testDelete_1_oe(org.apache.commons.net.pop3.POP3ClientCommandsTest_OE25Dev)  Time elapsed: 0 s  <<< ERROR!
java.net.ConnectException: Connection refused
	at org.apache.commons.net.pop3.POP3ClientCommandsTest_OE25Dev.connect(POP3ClientCommandsTest_OE25Dev.java:72)
	at org.apache.commons.net.pop3.POP3ClientCommandsTest_OE25Dev.testDelete_1_oe(POP3ClientCommandsTest_OE25Dev.java:1225)

[ERROR] testDelete_2_oe(org.apache.commons.net.pop3.POP3ClientCommandsTest_OE25Dev)  Time elapsed: 0 s  <<< ERROR!
java.net.ConnectException: Connection refused
	at org.apache.commons.net.pop3.POP3ClientCommandsTest_OE25Dev.connect(POP3ClientCommandsTest_OE25Dev.java:72)
	at org.apache.commons.net.pop3.POP3ClientCommandsTest_OE25Dev.testDelete_2_oe(POP3ClientCommandsTest_OE25Dev.java:1245)

[ERROR] testRetrieveMessageOnFullMailbox_1_oe(org.apache.commons.net.pop3.POP3ClientCommandsTest_OE25Dev)  Time elapsed: 0 s  <<< ERROR!
java.net.ConnectException: Connection refused
	at org.apache.commons.net.pop3.POP3ClientCommandsTest_OE25Dev.connect(POP3ClientCommandsTest_OE25Dev.java:72)
	at org.apache.commons.net.pop3.POP3ClientCommandsTest_OE25Dev.testRetrieveMessageOnFullMailbox_1_oe(POP3ClientCommandsTest_OE25Dev.java:865)

[ERROR] testRetrieveMessageOnFullMailbox_2_oe(org.apache.commons.net.pop3.POP3ClientCommandsTest_OE25Dev)  Time elapsed: 0 s  <<< ERROR!
java.net.ConnectException: Connection refused
	at org.apache.commons.net.pop3.POP3ClientCommandsTest_OE25Dev.connect(POP3ClientCommandsTest_OE25Dev.java:72)
	at org.apache.commons.net.pop3.POP3ClientCommandsTest_OE25Dev.testRetrieveMessageOnFullMailbox_2_oe(POP3ClientCommandsTest_OE25Dev.java:877)

[ERROR] testRetrieveMessageOnFullMailbox_3_oe(org.apache.commons.net.pop3.POP3ClientCommandsTest_OE25Dev)  Time elapsed: 0 s  <<< ERROR!
java.net.ConnectException: Connection refused
	at org.apache.commons.net.pop3.POP3ClientCommandsTest_OE25Dev.connect(POP3ClientCommandsTest_OE25Dev.java:72)
	at org.apache.commons.net.pop3.POP3ClientCommandsTest_OE25Dev.testRetrieveMessageOnFullMailbox_3_oe(POP3ClientCommandsTest_OE25Dev.java:896)

[ERROR] testStatus_1_oe(org.apache.commons.net.pop3.POP3ClientCommandsTest_OE25Dev)  Time elapsed: 0 s  <<< ERROR!
java.net.ConnectException: Connection refused
	at org.apache.commons.net.pop3.POP3ClientCommandsTest_OE25Dev.connect(POP3ClientCommandsTest_OE25Dev.java:72)
	at org.apache.commons.net.pop3.POP3ClientCommandsTest_OE25Dev.testStatus_1_oe(POP3ClientCommandsTest_OE25Dev.java:125)

[ERROR] testStatus_2_oe(org.apache.commons.net.pop3.POP3ClientCommandsTest_OE25Dev)  Time elapsed: 0 s  <<< ERROR!
java.net.ConnectException: Connection refused
	at org.apache.commons.net.pop3.POP3ClientCommandsTest_OE25Dev.connect(POP3ClientCommandsTest_OE25Dev.java:72)
	at org.apache.commons.net.pop3.POP3ClientCommandsTest_OE25Dev.testStatus_2_oe(POP3ClientCommandsTest_OE25Dev.java:134)

[ERROR] testStatus_3_oe(org.apache.commons.net.pop3.POP3ClientCommandsTest_OE25Dev)  Time elapsed: 0 s  <<< ERROR!
java.net.ConnectException: Connection refused
	at org.apache.commons.net.pop3.POP3ClientCommandsTest_OE25Dev.connect(POP3ClientCommandsTest_OE25Dev.java:72)
	at org.apache.commons.net.pop3.POP3ClientCommandsTest_OE25Dev.testStatus_3_oe(POP3ClientCommandsTest_OE25Dev.java:148)

[ERROR] testStatus_4_oe(org.apache.commons.net.pop3.POP3ClientCommandsTest_OE25Dev)  Time elapsed: 0 s  <<< ERROR!
java.net.ConnectException: Connection refused
	at org.apache.commons.net.pop3.POP3ClientCommandsTest_OE25Dev.connect(POP3ClientCommandsTest_OE25Dev.java:72)
	at org.apache.commons.net.pop3.POP3ClientCommandsTest_OE25Dev.testStatus_4_oe(POP3ClientCommandsTest_OE25Dev.java:163)

[ERROR] testStatus_5_oe(org.apache.commons.net.pop3.POP3ClientCommandsTest_OE25Dev)  Time elapsed: 0 s  <<< ERROR!
java.net.ConnectException: Connection refused
	at org.apache.commons.net.pop3.POP3ClientCommandsTest_OE25Dev.connect(POP3ClientCommandsTest_OE25Dev.java:72)
	at org.apache.commons.net.pop3.POP3ClientCommandsTest_OE25Dev.testStatus_5_oe(POP3ClientCommandsTest_OE25Dev.java:179)

[ERROR] testStatus_6_oe(org.apache.commons.net.pop3.POP3ClientCommandsTest_OE25Dev)  Time elapsed: 0 s  <<< ERROR!
java.net.ConnectException: Connection refused
	at org.apache.commons.net.pop3.POP3ClientCommandsTest_OE25Dev.connect(POP3ClientCommandsTest_OE25Dev.java:72)
	at org.apache.commons.net.pop3.POP3ClientCommandsTest_OE25Dev.testStatus_6_oe(POP3ClientCommandsTest_OE25Dev.java:201)

[ERROR] testStatus_7_oe(org.apache.commons.net.pop3.POP3ClientCommandsTest_OE25Dev)  Time elapsed: 0 s  <<< ERROR!
java.net.ConnectException: Connection refused
	at org.apache.commons.net.pop3.POP3ClientCommandsTest_OE25Dev.connect(POP3ClientCommandsTest_OE25Dev.java:72)
	at org.apache.commons.net.pop3.POP3ClientCommandsTest_OE25Dev.testStatus_7_oe(POP3ClientCommandsTest_OE25Dev.java:225)

[ERROR] testStatus_8_oe(org.apache.commons.net.pop3.POP3ClientCommandsTest_OE25Dev)  Time elapsed: 0 s  <<< ERROR!
java.net.ConnectException: Connection refused
	at org.apache.commons.net.pop3.POP3ClientCommandsTest_OE25Dev.connect(POP3ClientCommandsTest_OE25Dev.java:72)
	at org.apache.commons.net.pop3.POP3ClientCommandsTest_OE25Dev.testStatus_8_oe(POP3ClientCommandsTest_OE25Dev.java:250)

[ERROR] testStatus_9_oe(org.apache.commons.net.pop3.POP3ClientCommandsTest_OE25Dev)  Time elapsed: 0.007 s  <<< ERROR!
java.net.ConnectException: Connection refused
	at org.apache.commons.net.pop3.POP3ClientCommandsTest_OE25Dev.connect(POP3ClientCommandsTest_OE25Dev.java:72)
	at org.apache.commons.net.pop3.POP3ClientCommandsTest_OE25Dev.testStatus_9_oe(POP3ClientCommandsTest_OE25Dev.java:276)

[ERROR] testListUniqueIDsOnEmptyMailbox_1_oe(org.apache.commons.net.pop3.POP3ClientCommandsTest_OE25Dev)  Time elapsed: 0 s  <<< ERROR!
java.net.ConnectException: Connection refused
	at org.apache.commons.net.pop3.POP3ClientCommandsTest_OE25Dev.connect(POP3ClientCommandsTest_OE25Dev.java:72)
	at org.apache.commons.net.pop3.POP3ClientCommandsTest_OE25Dev.testListUniqueIDsOnEmptyMailbox_1_oe(POP3ClientCommandsTest_OE25Dev.java:815)

[ERROR] testListUniqueIDsOnEmptyMailbox_2_oe(org.apache.commons.net.pop3.POP3ClientCommandsTest_OE25Dev)  Time elapsed: 0 s  <<< ERROR!
java.net.ConnectException: Connection refused
	at org.apache.commons.net.pop3.POP3ClientCommandsTest_OE25Dev.connect(POP3ClientCommandsTest_OE25Dev.java:72)
	at org.apache.commons.net.pop3.POP3ClientCommandsTest_OE25Dev.testListUniqueIDsOnEmptyMailbox_2_oe(POP3ClientCommandsTest_OE25Dev.java:822)

[ERROR] testListUniqueIDsOnEmptyMailbox_3_oe(org.apache.commons.net.pop3.POP3ClientCommandsTest_OE25Dev)  Time elapsed: 0.001 s  <<< ERROR!
java.net.ConnectException: Connection refused
	at org.apache.commons.net.pop3.POP3ClientCommandsTest_OE25Dev.connect(POP3ClientCommandsTest_OE25Dev.java:72)
	at org.apache.commons.net.pop3.POP3ClientCommandsTest_OE25Dev.testListUniqueIDsOnEmptyMailbox_3_oe(POP3ClientCommandsTest_OE25Dev.java:832)

[ERROR] testRetrieveOverSizedMessageTopOnFullMailbox_1_oe(org.apache.commons.net.pop3.POP3ClientCommandsTest_OE25Dev)  Time elapsed: 0 s  <<< ERROR!
java.net.ConnectException: Connection refused
	at org.apache.commons.net.pop3.POP3ClientCommandsTest_OE25Dev.connect(POP3ClientCommandsTest_OE25Dev.java:72)
	at org.apache.commons.net.pop3.POP3ClientCommandsTest_OE25Dev.testRetrieveOverSizedMessageTopOnFullMailbox_1_oe(POP3ClientCommandsTest_OE25Dev.java:1042)

[ERROR] testRetrieveOverSizedMessageTopOnFullMailbox_2_oe(org.apache.commons.net.pop3.POP3ClientCommandsTest_OE25Dev)  Time elapsed: 0 s  <<< ERROR!
java.net.ConnectException: Connection refused
	at org.apache.commons.net.pop3.POP3ClientCommandsTest_OE25Dev.connect(POP3ClientCommandsTest_OE25Dev.java:72)
	at org.apache.commons.net.pop3.POP3ClientCommandsTest_OE25Dev.testRetrieveOverSizedMessageTopOnFullMailbox_2_oe(POP3ClientCommandsTest_OE25Dev.java:1057)

[ERROR] testRetrieveMessageTopOnFullMailbox_1_oe(org.apache.commons.net.pop3.POP3ClientCommandsTest_OE25Dev)  Time elapsed: 0.001 s  <<< ERROR!
java.net.ConnectException: Connection refused
	at org.apache.commons.net.pop3.POP3ClientCommandsTest_OE25Dev.connect(POP3ClientCommandsTest_OE25Dev.java:72)
	at org.apache.commons.net.pop3.POP3ClientCommandsTest_OE25Dev.testRetrieveMessageTopOnFullMailbox_1_oe(POP3ClientCommandsTest_OE25Dev.java:1014)

[ERROR] testRetrieveMessageTopOnFullMailbox_2_oe(org.apache.commons.net.pop3.POP3ClientCommandsTest_OE25Dev)  Time elapsed: 0 s  <<< ERROR!
java.net.ConnectException: Connection refused
	at org.apache.commons.net.pop3.POP3ClientCommandsTest_OE25Dev.connect(POP3ClientCommandsTest_OE25Dev.java:72)
	at org.apache.commons.net.pop3.POP3ClientCommandsTest_OE25Dev.testRetrieveMessageTopOnFullMailbox_2_oe(POP3ClientCommandsTest_OE25Dev.java:1025)

[ERROR] testListUniqueIDsOnFullMailbox_1_oe(org.apache.commons.net.pop3.POP3ClientCommandsTest_OE25Dev)  Time elapsed: 0 s  <<< ERROR!
java.net.ConnectException: Connection refused
	at org.apache.commons.net.pop3.POP3ClientCommandsTest_OE25Dev.connect(POP3ClientCommandsTest_OE25Dev.java:72)
	at org.apache.commons.net.pop3.POP3ClientCommandsTest_OE25Dev.testListUniqueIDsOnFullMailbox_1_oe(POP3ClientCommandsTest_OE25Dev.java:606)

[ERROR] testListUniqueIDsOnFullMailbox_2_oe(org.apache.commons.net.pop3.POP3ClientCommandsTest_OE25Dev)  Time elapsed: 0.001 s  <<< ERROR!
java.net.ConnectException: Connection refused
	at org.apache.commons.net.pop3.POP3ClientCommandsTest_OE25Dev.connect(POP3ClientCommandsTest_OE25Dev.java:72)
	at org.apache.commons.net.pop3.POP3ClientCommandsTest_OE25Dev.testListUniqueIDsOnFullMailbox_2_oe(POP3ClientCommandsTest_OE25Dev.java:616)

[ERROR] testListUniqueIDsOnFullMailbox_3_oe(org.apache.commons.net.pop3.POP3ClientCommandsTest_OE25Dev)  Time elapsed: 0 s  <<< ERROR!
java.net.ConnectException: Connection refused
	at org.apache.commons.net.pop3.POP3ClientCommandsTest_OE25Dev.connect(POP3ClientCommandsTest_OE25Dev.java:72)
	at org.apache.commons.net.pop3.POP3ClientCommandsTest_OE25Dev.testListUniqueIDsOnFullMailbox_3_oe(POP3ClientCommandsTest_OE25Dev.java:631)

[ERROR] testListUniqueIDsOnFullMailbox_4_oe(org.apache.commons.net.pop3.POP3ClientCommandsTest_OE25Dev)  Time elapsed: 0 s  <<< ERROR!
java.net.ConnectException: Connection refused
	at org.apache.commons.net.pop3.POP3ClientCommandsTest_OE25Dev.connect(POP3ClientCommandsTest_OE25Dev.java:72)
	at org.apache.commons.net.pop3.POP3ClientCommandsTest_OE25Dev.testListUniqueIDsOnFullMailbox_4_oe(POP3ClientCommandsTest_OE25Dev.java:647)

[ERROR] testListUniqueIDsOnFullMailbox_5_oe(org.apache.commons.net.pop3.POP3ClientCommandsTest_OE25Dev)  Time elapsed: 0 s  <<< ERROR!
java.net.ConnectException: Connection refused
	at org.apache.commons.net.pop3.POP3ClientCommandsTest_OE25Dev.connect(POP3ClientCommandsTest_OE25Dev.java:72)
	at org.apache.commons.net.pop3.POP3ClientCommandsTest_OE25Dev.testListUniqueIDsOnFullMailbox_5_oe(POP3ClientCommandsTest_OE25Dev.java:664)

[ERROR] testRetrieveMessageOnEmptyMailbox_1_oe(org.apache.commons.net.pop3.POP3ClientCommandsTest_OE25Dev)  Time elapsed: 0.001 s  <<< ERROR!
java.net.ConnectException: Connection refused
	at org.apache.commons.net.pop3.POP3ClientCommandsTest_OE25Dev.connect(POP3ClientCommandsTest_OE25Dev.java:72)
	at org.apache.commons.net.pop3.POP3ClientCommandsTest_OE25Dev.testRetrieveMessageOnEmptyMailbox_1_oe(POP3ClientCommandsTest_OE25Dev.java:940)

[ERROR] testRetrieveMessageOnEmptyMailbox_2_oe(org.apache.commons.net.pop3.POP3ClientCommandsTest_OE25Dev)  Time elapsed: 0 s  <<< ERROR!
java.net.ConnectException: Connection refused
	at org.apache.commons.net.pop3.POP3ClientCommandsTest_OE25Dev.connect(POP3ClientCommandsTest_OE25Dev.java:72)
	at org.apache.commons.net.pop3.POP3ClientCommandsTest_OE25Dev.testRetrieveMessageOnEmptyMailbox_2_oe(POP3ClientCommandsTest_OE25Dev.java:947)

[ERROR] testListUniqueIDOnFullMailbox_1_oe(org.apache.commons.net.pop3.POP3ClientCommandsTest_OE25Dev)  Time elapsed: 0 s  <<< ERROR!
java.net.ConnectException: Connection refused
	at org.apache.commons.net.pop3.POP3ClientCommandsTest_OE25Dev.connect(POP3ClientCommandsTest_OE25Dev.java:72)
	at org.apache.commons.net.pop3.POP3ClientCommandsTest_OE25Dev.testListUniqueIDOnFullMailbox_1_oe(POP3ClientCommandsTest_OE25Dev.java:686)

[ERROR] testListUniqueIDOnFullMailbox_2_oe(org.apache.commons.net.pop3.POP3ClientCommandsTest_OE25Dev)  Time elapsed: 0 s  <<< ERROR!
java.net.ConnectException: Connection refused
	at org.apache.commons.net.pop3.POP3ClientCommandsTest_OE25Dev.connect(POP3ClientCommandsTest_OE25Dev.java:72)
	at org.apache.commons.net.pop3.POP3ClientCommandsTest_OE25Dev.testListUniqueIDOnFullMailbox_2_oe(POP3ClientCommandsTest_OE25Dev.java:697)

[ERROR] testListUniqueIDOnFullMailbox_3_oe(org.apache.commons.net.pop3.POP3ClientCommandsTest_OE25Dev)  Time elapsed: 0.001 s  <<< ERROR!
java.net.ConnectException: Connection refused
	at org.apache.commons.net.pop3.POP3ClientCommandsTest_OE25Dev.connect(POP3ClientCommandsTest_OE25Dev.java:72)
	at org.apache.commons.net.pop3.POP3ClientCommandsTest_OE25Dev.testListUniqueIDOnFullMailbox_3_oe(POP3ClientCommandsTest_OE25Dev.java:709)

[ERROR] testListUniqueIDOnFullMailbox_4_oe(org.apache.commons.net.pop3.POP3ClientCommandsTest_OE25Dev)  Time elapsed: 0 s  <<< ERROR!
java.net.ConnectException: Connection refused
	at org.apache.commons.net.pop3.POP3ClientCommandsTest_OE25Dev.connect(POP3ClientCommandsTest_OE25Dev.java:72)
	at org.apache.commons.net.pop3.POP3ClientCommandsTest_OE25Dev.testListUniqueIDOnFullMailbox_4_oe(POP3ClientCommandsTest_OE25Dev.java:722)

[ERROR] testListUniqueIDOnFullMailbox_5_oe(org.apache.commons.net.pop3.POP3ClientCommandsTest_OE25Dev)  Time elapsed: 0 s  <<< ERROR!
java.net.ConnectException: Connection refused
	at org.apache.commons.net.pop3.POP3ClientCommandsTest_OE25Dev.connect(POP3ClientCommandsTest_OE25Dev.java:72)
	at org.apache.commons.net.pop3.POP3ClientCommandsTest_OE25Dev.testListUniqueIDOnFullMailbox_5_oe(POP3ClientCommandsTest_OE25Dev.java:739)

[ERROR] testListUniqueIDOnFullMailbox_6_oe(org.apache.commons.net.pop3.POP3ClientCommandsTest_OE25Dev)  Time elapsed: 0 s  <<< ERROR!
java.net.ConnectException: Connection refused
	at org.apache.commons.net.pop3.POP3ClientCommandsTest_OE25Dev.connect(POP3ClientCommandsTest_OE25Dev.java:72)
	at org.apache.commons.net.pop3.POP3ClientCommandsTest_OE25Dev.testListUniqueIDOnFullMailbox_6_oe(POP3ClientCommandsTest_OE25Dev.java:760)

[ERROR] testListUniqueIDOnFullMailbox_7_oe(org.apache.commons.net.pop3.POP3ClientCommandsTest_OE25Dev)  Time elapsed: 0.003 s  <<< ERROR!
java.net.ConnectException: Connection refused
	at org.apache.commons.net.pop3.POP3ClientCommandsTest_OE25Dev.connect(POP3ClientCommandsTest_OE25Dev.java:72)
	at org.apache.commons.net.pop3.POP3ClientCommandsTest_OE25Dev.testListUniqueIDOnFullMailbox_7_oe(POP3ClientCommandsTest_OE25Dev.java:785)

[ERROR] testListUniqueIdentifierOnEmptyMailbox_1_oe(org.apache.commons.net.pop3.POP3ClientCommandsTest_OE25Dev)  Time elapsed: 0 s  <<< ERROR!
java.net.ConnectException: Connection refused
	at org.apache.commons.net.pop3.POP3ClientCommandsTest_OE25Dev.connect(POP3ClientCommandsTest_OE25Dev.java:72)
	at org.apache.commons.net.pop3.POP3ClientCommandsTest_OE25Dev.testListUniqueIdentifierOnEmptyMailbox_1_oe(POP3ClientCommandsTest_OE25Dev.java:847)

[ERROR] testListUniqueIdentifierOnEmptyMailbox_2_oe(org.apache.commons.net.pop3.POP3ClientCommandsTest_OE25Dev)  Time elapsed: 0 s  <<< ERROR!
java.net.ConnectException: Connection refused
	at org.apache.commons.net.pop3.POP3ClientCommandsTest_OE25Dev.connect(POP3ClientCommandsTest_OE25Dev.java:72)
	at org.apache.commons.net.pop3.POP3ClientCommandsTest_OE25Dev.testListUniqueIdentifierOnEmptyMailbox_2_oe(POP3ClientCommandsTest_OE25Dev.java:854)

[ERROR] testListMessagesOnEmptyMailbox_1_oe(org.apache.commons.net.pop3.POP3ClientCommandsTest_OE25Dev)  Time elapsed: 0 s  <<< ERROR!
java.net.ConnectException: Connection refused
	at org.apache.commons.net.pop3.POP3ClientCommandsTest_OE25Dev.connect(POP3ClientCommandsTest_OE25Dev.java:72)
	at org.apache.commons.net.pop3.POP3ClientCommandsTest_OE25Dev.testListMessagesOnEmptyMailbox_1_oe(POP3ClientCommandsTest_OE25Dev.java:556)

[ERROR] testListMessagesOnEmptyMailbox_2_oe(org.apache.commons.net.pop3.POP3ClientCommandsTest_OE25Dev)  Time elapsed: 0 s  <<< ERROR!
java.net.ConnectException: Connection refused
	at org.apache.commons.net.pop3.POP3ClientCommandsTest_OE25Dev.connect(POP3ClientCommandsTest_OE25Dev.java:72)
	at org.apache.commons.net.pop3.POP3ClientCommandsTest_OE25Dev.testListMessagesOnEmptyMailbox_2_oe(POP3ClientCommandsTest_OE25Dev.java:563)

[ERROR] testListMessagesOnEmptyMailbox_3_oe(org.apache.commons.net.pop3.POP3ClientCommandsTest_OE25Dev)  Time elapsed: 0 s  <<< ERROR!
java.net.ConnectException: Connection refused
	at org.apache.commons.net.pop3.POP3ClientCommandsTest_OE25Dev.connect(POP3ClientCommandsTest_OE25Dev.java:72)
	at org.apache.commons.net.pop3.POP3ClientCommandsTest_OE25Dev.testListMessagesOnEmptyMailbox_3_oe(POP3ClientCommandsTest_OE25Dev.java:573)

[ERROR] testListMessageOnEmptyMailbox_1_oe(org.apache.commons.net.pop3.POP3ClientCommandsTest_OE25Dev)  Time elapsed: 0 s  <<< ERROR!
java.net.ConnectException: Connection refused
	at org.apache.commons.net.pop3.POP3ClientCommandsTest_OE25Dev.connect(POP3ClientCommandsTest_OE25Dev.java:72)
	at org.apache.commons.net.pop3.POP3ClientCommandsTest_OE25Dev.testListMessageOnEmptyMailbox_1_oe(POP3ClientCommandsTest_OE25Dev.java:588)

[ERROR] testListMessageOnEmptyMailbox_2_oe(org.apache.commons.net.pop3.POP3ClientCommandsTest_OE25Dev)  Time elapsed: 0 s  <<< ERROR!
java.net.ConnectException: Connection refused
	at org.apache.commons.net.pop3.POP3ClientCommandsTest_OE25Dev.connect(POP3ClientCommandsTest_OE25Dev.java:72)
	at org.apache.commons.net.pop3.POP3ClientCommandsTest_OE25Dev.testListMessageOnEmptyMailbox_2_oe(POP3ClientCommandsTest_OE25Dev.java:595)

[ERROR] testRetrieveMessageShouldFails_1_oe(org.apache.commons.net.pop3.POP3ClientCommandsTest_OE25Dev)  Time elapsed: 0 s  <<< ERROR!
java.net.ConnectException: Connection refused
	at org.apache.commons.net.pop3.POP3ClientCommandsTest_OE25Dev.connect(POP3ClientCommandsTest_OE25Dev.java:72)
	at org.apache.commons.net.pop3.POP3ClientCommandsTest_OE25Dev.testRetrieveMessageShouldFails_1_oe(POP3ClientCommandsTest_OE25Dev.java:955)

[ERROR] testRetrieveMessageShouldFails_2_oe(org.apache.commons.net.pop3.POP3ClientCommandsTest_OE25Dev)  Time elapsed: 0 s  <<< ERROR!
java.net.ConnectException: Connection refused
	at org.apache.commons.net.pop3.POP3ClientCommandsTest_OE25Dev.connect(POP3ClientCommandsTest_OE25Dev.java:72)
	at org.apache.commons.net.pop3.POP3ClientCommandsTest_OE25Dev.testRetrieveMessageShouldFails_2_oe(POP3ClientCommandsTest_OE25Dev.java:965)

[ERROR] testRetrieveMessageShouldFails_3_oe(org.apache.commons.net.pop3.POP3ClientCommandsTest_OE25Dev)  Time elapsed: 0 s  <<< ERROR!
java.net.ConnectException: Connection refused
	at org.apache.commons.net.pop3.POP3ClientCommandsTest_OE25Dev.connect(POP3ClientCommandsTest_OE25Dev.java:72)
	at org.apache.commons.net.pop3.POP3ClientCommandsTest_OE25Dev.testRetrieveMessageShouldFails_3_oe(POP3ClientCommandsTest_OE25Dev.java:978)

[ERROR] testRetrieveMessageShouldFails_4_oe(org.apache.commons.net.pop3.POP3ClientCommandsTest_OE25Dev)  Time elapsed: 0 s  <<< ERROR!
java.net.ConnectException: Connection refused
	at org.apache.commons.net.pop3.POP3ClientCommandsTest_OE25Dev.connect(POP3ClientCommandsTest_OE25Dev.java:72)
	at org.apache.commons.net.pop3.POP3ClientCommandsTest_OE25Dev.testRetrieveMessageShouldFails_4_oe(POP3ClientCommandsTest_OE25Dev.java:994)

[ERROR] testListMessageOnFullMailbox_1_oe(org.apache.commons.net.pop3.POP3ClientCommandsTest_OE25Dev)  Time elapsed: 0.001 s  <<< ERROR!
java.net.ConnectException: Connection refused
	at org.apache.commons.net.pop3.POP3ClientCommandsTest_OE25Dev.connect(POP3ClientCommandsTest_OE25Dev.java:72)
	at org.apache.commons.net.pop3.POP3ClientCommandsTest_OE25Dev.testListMessageOnFullMailbox_1_oe(POP3ClientCommandsTest_OE25Dev.java:409)

[ERROR] testListMessageOnFullMailbox_2_oe(org.apache.commons.net.pop3.POP3ClientCommandsTest_OE25Dev)  Time elapsed: 0 s  <<< ERROR!
java.net.ConnectException: Connection refused
	at org.apache.commons.net.pop3.POP3ClientCommandsTest_OE25Dev.connect(POP3ClientCommandsTest_OE25Dev.java:72)
	at org.apache.commons.net.pop3.POP3ClientCommandsTest_OE25Dev.testListMessageOnFullMailbox_2_oe(POP3ClientCommandsTest_OE25Dev.java:420)

[ERROR] testListMessageOnFullMailbox_3_oe(org.apache.commons.net.pop3.POP3ClientCommandsTest_OE25Dev)  Time elapsed: 0 s  <<< ERROR!
java.net.ConnectException: Connection refused
	at org.apache.commons.net.pop3.POP3ClientCommandsTest_OE25Dev.connect(POP3ClientCommandsTest_OE25Dev.java:72)
	at org.apache.commons.net.pop3.POP3ClientCommandsTest_OE25Dev.testListMessageOnFullMailbox_3_oe(POP3ClientCommandsTest_OE25Dev.java:432)

[ERROR] testListMessageOnFullMailbox_4_oe(org.apache.commons.net.pop3.POP3ClientCommandsTest_OE25Dev)  Time elapsed: 0.001 s  <<< ERROR!
java.net.ConnectException: Connection refused
	at org.apache.commons.net.pop3.POP3ClientCommandsTest_OE25Dev.connect(POP3ClientCommandsTest_OE25Dev.java:72)
	at org.apache.commons.net.pop3.POP3ClientCommandsTest_OE25Dev.testListMessageOnFullMailbox_4_oe(POP3ClientCommandsTest_OE25Dev.java:445)

[ERROR] testListMessageOnFullMailbox_5_oe(org.apache.commons.net.pop3.POP3ClientCommandsTest_OE25Dev)  Time elapsed: 0 s  <<< ERROR!
java.net.ConnectException: Connection refused
	at org.apache.commons.net.pop3.POP3ClientCommandsTest_OE25Dev.connect(POP3ClientCommandsTest_OE25Dev.java:72)
	at org.apache.commons.net.pop3.POP3ClientCommandsTest_OE25Dev.testListMessageOnFullMailbox_5_oe(POP3ClientCommandsTest_OE25Dev.java:459)

[ERROR] testListMessageOnFullMailbox_6_oe(org.apache.commons.net.pop3.POP3ClientCommandsTest_OE25Dev)  Time elapsed: 0 s  <<< ERROR!
java.net.ConnectException: Connection refused
	at org.apache.commons.net.pop3.POP3ClientCommandsTest_OE25Dev.connect(POP3ClientCommandsTest_OE25Dev.java:72)
	at org.apache.commons.net.pop3.POP3ClientCommandsTest_OE25Dev.testListMessageOnFullMailbox_6_oe(POP3ClientCommandsTest_OE25Dev.java:477)

[ERROR] testListMessageOnFullMailbox_7_oe(org.apache.commons.net.pop3.POP3ClientCommandsTest_OE25Dev)  Time elapsed: 0 s  <<< ERROR!
java.net.ConnectException: Connection refused
	at org.apache.commons.net.pop3.POP3ClientCommandsTest_OE25Dev.connect(POP3ClientCommandsTest_OE25Dev.java:72)
	at org.apache.commons.net.pop3.POP3ClientCommandsTest_OE25Dev.testListMessageOnFullMailbox_7_oe(POP3ClientCommandsTest_OE25Dev.java:499)

[ERROR] testListMessageOnFullMailbox_8_oe(org.apache.commons.net.pop3.POP3ClientCommandsTest_OE25Dev)  Time elapsed: 0 s  <<< ERROR!
java.net.ConnectException: Connection refused
	at org.apache.commons.net.pop3.POP3ClientCommandsTest_OE25Dev.connect(POP3ClientCommandsTest_OE25Dev.java:72)
	at org.apache.commons.net.pop3.POP3ClientCommandsTest_OE25Dev.testListMessageOnFullMailbox_8_oe(POP3ClientCommandsTest_OE25Dev.java:525)

[ERROR] testResetAndDeleteShouldFails_1_oe(org.apache.commons.net.pop3.POP3ClientCommandsTest_OE25Dev)  Time elapsed: 0 s  <<< ERROR!
java.net.ConnectException: Connection refused
	at org.apache.commons.net.pop3.POP3ClientCommandsTest_OE25Dev.connect(POP3ClientCommandsTest_OE25Dev.java:72)
	at org.apache.commons.net.pop3.POP3ClientCommandsTest_OE25Dev.testResetAndDeleteShouldFails_1_oe(POP3ClientCommandsTest_OE25Dev.java:1276)

[ERROR] testResetAndDeleteShouldFails_2_oe(org.apache.commons.net.pop3.POP3ClientCommandsTest_OE25Dev)  Time elapsed: 0 s  <<< ERROR!
java.net.ConnectException: Connection refused
	at org.apache.commons.net.pop3.POP3ClientCommandsTest_OE25Dev.connect(POP3ClientCommandsTest_OE25Dev.java:72)
	at org.apache.commons.net.pop3.POP3ClientCommandsTest_OE25Dev.testResetAndDeleteShouldFails_2_oe(POP3ClientCommandsTest_OE25Dev.java:1286)

[ERROR] testDeleteWithReset_1_oe(org.apache.commons.net.pop3.POP3ClientCommandsTest_OE25Dev)  Time elapsed: 0 s  <<< ERROR!
java.net.ConnectException: Connection refused
	at org.apache.commons.net.pop3.POP3ClientCommandsTest_OE25Dev.connect(POP3ClientCommandsTest_OE25Dev.java:72)
	at org.apache.commons.net.pop3.POP3ClientCommandsTest_OE25Dev.testDeleteWithReset_1_oe(POP3ClientCommandsTest_OE25Dev.java:1171)

[ERROR] testDeleteWithReset_2_oe(org.apache.commons.net.pop3.POP3ClientCommandsTest_OE25Dev)  Time elapsed: 0 s  <<< ERROR!
java.net.ConnectException: Connection refused
	at org.apache.commons.net.pop3.POP3ClientCommandsTest_OE25Dev.connect(POP3ClientCommandsTest_OE25Dev.java:72)
	at org.apache.commons.net.pop3.POP3ClientCommandsTest_OE25Dev.testDeleteWithReset_2_oe(POP3ClientCommandsTest_OE25Dev.java:1191)

[ERROR] testListMessagesOnFullMailbox_1_oe(org.apache.commons.net.pop3.POP3ClientCommandsTest_OE25Dev)  Time elapsed: 0 s  <<< ERROR!
java.net.ConnectException: Connection refused
	at org.apache.commons.net.pop3.POP3ClientCommandsTest_OE25Dev.connect(POP3ClientCommandsTest_OE25Dev.java:72)
	at org.apache.commons.net.pop3.POP3ClientCommandsTest_OE25Dev.testListMessagesOnFullMailbox_1_oe(POP3ClientCommandsTest_OE25Dev.java:310)

[ERROR] testListMessagesOnFullMailbox_2_oe(org.apache.commons.net.pop3.POP3ClientCommandsTest_OE25Dev)  Time elapsed: 0 s  <<< ERROR!
java.net.ConnectException: Connection refused
	at org.apache.commons.net.pop3.POP3ClientCommandsTest_OE25Dev.connect(POP3ClientCommandsTest_OE25Dev.java:72)
	at org.apache.commons.net.pop3.POP3ClientCommandsTest_OE25Dev.testListMessagesOnFullMailbox_2_oe(POP3ClientCommandsTest_OE25Dev.java:320)

[ERROR] testListMessagesOnFullMailbox_3_oe(org.apache.commons.net.pop3.POP3ClientCommandsTest_OE25Dev)  Time elapsed: 0.001 s  <<< ERROR!
java.net.ConnectException: Connection refused
	at org.apache.commons.net.pop3.POP3ClientCommandsTest_OE25Dev.connect(POP3ClientCommandsTest_OE25Dev.java:72)
	at org.apache.commons.net.pop3.POP3ClientCommandsTest_OE25Dev.testListMessagesOnFullMailbox_3_oe(POP3ClientCommandsTest_OE25Dev.java:335)

[ERROR] testListMessagesOnFullMailbox_4_oe(org.apache.commons.net.pop3.POP3ClientCommandsTest_OE25Dev)  Time elapsed: 0 s  <<< ERROR!
java.net.ConnectException: Connection refused
	at org.apache.commons.net.pop3.POP3ClientCommandsTest_OE25Dev.connect(POP3ClientCommandsTest_OE25Dev.java:72)
	at org.apache.commons.net.pop3.POP3ClientCommandsTest_OE25Dev.testListMessagesOnFullMailbox_4_oe(POP3ClientCommandsTest_OE25Dev.java:351)

[ERROR] testListMessagesOnFullMailbox_5_oe(org.apache.commons.net.pop3.POP3ClientCommandsTest_OE25Dev)  Time elapsed: 0 s  <<< ERROR!
java.net.ConnectException: Connection refused
	at org.apache.commons.net.pop3.POP3ClientCommandsTest_OE25Dev.connect(POP3ClientCommandsTest_OE25Dev.java:72)
	at org.apache.commons.net.pop3.POP3ClientCommandsTest_OE25Dev.testListMessagesOnFullMailbox_5_oe(POP3ClientCommandsTest_OE25Dev.java:368)

[ERROR] testListMessagesOnFullMailbox_6_oe(org.apache.commons.net.pop3.POP3ClientCommandsTest_OE25Dev)  Time elapsed: 0 s  <<< ERROR!
java.net.ConnectException: Connection refused
	at org.apache.commons.net.pop3.POP3ClientCommandsTest_OE25Dev.connect(POP3ClientCommandsTest_OE25Dev.java:72)
	at org.apache.commons.net.pop3.POP3ClientCommandsTest_OE25Dev.testListMessagesOnFullMailbox_6_oe(POP3ClientCommandsTest_OE25Dev.java:386)

[ERROR] testNoopCommand_1_oe(org.apache.commons.net.pop3.POP3ClientCommandsTest_OE25Dev)  Time elapsed: 0 s  <<< ERROR!
java.net.ConnectException: Connection refused
	at org.apache.commons.net.pop3.POP3ClientCommandsTest_OE25Dev.connect(POP3ClientCommandsTest_OE25Dev.java:72)
	at org.apache.commons.net.pop3.POP3ClientCommandsTest_OE25Dev.testNoopCommand_1_oe(POP3ClientCommandsTest_OE25Dev.java:86)

[ERROR] testNoopCommand_2_oe(org.apache.commons.net.pop3.POP3ClientCommandsTest_OE25Dev)  Time elapsed: 0 s  <<< ERROR!
java.net.ConnectException: Connection refused
	at org.apache.commons.net.pop3.POP3ClientCommandsTest_OE25Dev.connect(POP3ClientCommandsTest_OE25Dev.java:72)
	at org.apache.commons.net.pop3.POP3ClientCommandsTest_OE25Dev.testNoopCommand_2_oe(POP3ClientCommandsTest_OE25Dev.java:95)

[ERROR] testNoopCommand_3_oe(org.apache.commons.net.pop3.POP3ClientCommandsTest_OE25Dev)  Time elapsed: 0 s  <<< ERROR!
java.net.ConnectException: Connection refused
	at org.apache.commons.net.pop3.POP3ClientCommandsTest_OE25Dev.connect(POP3ClientCommandsTest_OE25Dev.java:72)
	at org.apache.commons.net.pop3.POP3ClientCommandsTest_OE25Dev.testNoopCommand_3_oe(POP3ClientCommandsTest_OE25Dev.java:108)

[ERROR] testRetrieveMessageTopShouldFails_1_oe(org.apache.commons.net.pop3.POP3ClientCommandsTest_OE25Dev)  Time elapsed: 0 s  <<< ERROR!
java.net.ConnectException: Connection refused
	at org.apache.commons.net.pop3.POP3ClientCommandsTest_OE25Dev.connect(POP3ClientCommandsTest_OE25Dev.java:72)
	at org.apache.commons.net.pop3.POP3ClientCommandsTest_OE25Dev.testRetrieveMessageTopShouldFails_1_oe(POP3ClientCommandsTest_OE25Dev.java:1112)

[ERROR] testRetrieveMessageTopShouldFails_2_oe(org.apache.commons.net.pop3.POP3ClientCommandsTest_OE25Dev)  Time elapsed: 0 s  <<< ERROR!
java.net.ConnectException: Connection refused
	at org.apache.commons.net.pop3.POP3ClientCommandsTest_OE25Dev.connect(POP3ClientCommandsTest_OE25Dev.java:72)
	at org.apache.commons.net.pop3.POP3ClientCommandsTest_OE25Dev.testRetrieveMessageTopShouldFails_2_oe(POP3ClientCommandsTest_OE25Dev.java:1122)

[ERROR] testRetrieveMessageTopShouldFails_3_oe(org.apache.commons.net.pop3.POP3ClientCommandsTest_OE25Dev)  Time elapsed: 0 s  <<< ERROR!
java.net.ConnectException: Connection refused
	at org.apache.commons.net.pop3.POP3ClientCommandsTest_OE25Dev.connect(POP3ClientCommandsTest_OE25Dev.java:72)
	at org.apache.commons.net.pop3.POP3ClientCommandsTest_OE25Dev.testRetrieveMessageTopShouldFails_3_oe(POP3ClientCommandsTest_OE25Dev.java:1135)

[ERROR] testRetrieveMessageTopShouldFails_4_oe(org.apache.commons.net.pop3.POP3ClientCommandsTest_OE25Dev)  Time elapsed: 0 s  <<< ERROR!
java.net.ConnectException: Connection refused
	at org.apache.commons.net.pop3.POP3ClientCommandsTest_OE25Dev.connect(POP3ClientCommandsTest_OE25Dev.java:72)
	at org.apache.commons.net.pop3.POP3ClientCommandsTest_OE25Dev.testRetrieveMessageTopShouldFails_4_oe(POP3ClientCommandsTest_OE25Dev.java:1151)

[INFO] Running org.apache.commons.net.pop3.POP3ClientTest_OE25Dev
[ERROR] Tests run: 8, Failures: 0, Errors: 7, Skipped: 0, Time elapsed: 0 s <<< FAILURE! - in org.apache.commons.net.pop3.POP3ClientTest_OE25Dev
[ERROR] testLogoutFromAllStates_1_oe(org.apache.commons.net.pop3.POP3ClientTest_OE25Dev)  Time elapsed: 0 s  <<< ERROR!
java.net.ConnectException: Connection refused
	at org.apache.commons.net.pop3.POP3ClientTest_OE25Dev.connect(POP3ClientTest_OE25Dev.java:72)
	at org.apache.commons.net.pop3.POP3ClientTest_OE25Dev.testLogoutFromAllStates_1_oe(POP3ClientTest_OE25Dev.java:166)

[ERROR] testLogoutFromAllStates_2_oe(org.apache.commons.net.pop3.POP3ClientTest_OE25Dev)  Time elapsed: 0 s  <<< ERROR!
java.net.ConnectException: Connection refused
	at org.apache.commons.net.pop3.POP3ClientTest_OE25Dev.connect(POP3ClientTest_OE25Dev.java:72)
	at org.apache.commons.net.pop3.POP3ClientTest_OE25Dev.testLogoutFromAllStates_2_oe(POP3ClientTest_OE25Dev.java:175)

[ERROR] testLogoutFromAllStates_3_oe(org.apache.commons.net.pop3.POP3ClientTest_OE25Dev)  Time elapsed: 0 s  <<< ERROR!
java.net.ConnectException: Connection refused
	at org.apache.commons.net.pop3.POP3ClientTest_OE25Dev.connect(POP3ClientTest_OE25Dev.java:72)
	at org.apache.commons.net.pop3.POP3ClientTest_OE25Dev.testLogoutFromAllStates_3_oe(POP3ClientTest_OE25Dev.java:185)

[ERROR] testInvalidLoginWithBadPassword_1_oe(org.apache.commons.net.pop3.POP3ClientTest_OE25Dev)  Time elapsed: 0 s  <<< ERROR!
java.net.ConnectException: Connection refused
	at org.apache.commons.net.pop3.POP3ClientTest_OE25Dev.connect(POP3ClientTest_OE25Dev.java:72)
	at org.apache.commons.net.pop3.POP3ClientTest_OE25Dev.testInvalidLoginWithBadPassword_1_oe(POP3ClientTest_OE25Dev.java:113)

[ERROR] testInvalidLoginWithBadName_1_oe(org.apache.commons.net.pop3.POP3ClientTest_OE25Dev)  Time elapsed: 0 s  <<< ERROR!
java.net.ConnectException: Connection refused
	at org.apache.commons.net.pop3.POP3ClientTest_OE25Dev.connect(POP3ClientTest_OE25Dev.java:72)
	at org.apache.commons.net.pop3.POP3ClientTest_OE25Dev.testInvalidLoginWithBadName_1_oe(POP3ClientTest_OE25Dev.java:104)

[ERROR] testLoginFromWrongState_2_oe(org.apache.commons.net.pop3.POP3ClientTest_OE25Dev)  Time elapsed: 0 s  <<< ERROR!
java.net.ConnectException: Connection refused
	at org.apache.commons.net.pop3.POP3ClientTest_OE25Dev.connect(POP3ClientTest_OE25Dev.java:72)
	at org.apache.commons.net.pop3.POP3ClientTest_OE25Dev.testLoginFromWrongState_2_oe(POP3ClientTest_OE25Dev.java:137)

[ERROR] testLoginFromWrongState_3_oe(org.apache.commons.net.pop3.POP3ClientTest_OE25Dev)  Time elapsed: 0 s  <<< ERROR!
java.net.ConnectException: Connection refused
	at org.apache.commons.net.pop3.POP3ClientTest_OE25Dev.connect(POP3ClientTest_OE25Dev.java:72)
	at org.apache.commons.net.pop3.POP3ClientTest_OE25Dev.testLoginFromWrongState_3_oe(POP3ClientTest_OE25Dev.java:151)

[INFO] Running org.apache.commons.net.pop3.POP3ConstructorTest_OE25Dev
[ERROR] Tests run: 38, Failures: 0, Errors: 13, Skipped: 0, Time elapsed: 0 s <<< FAILURE! - in org.apache.commons.net.pop3.POP3ConstructorTest_OE25Dev
[ERROR] testPOP3ClientStateTransition_5_oe(org.apache.commons.net.pop3.POP3ConstructorTest_OE25Dev)  Time elapsed: 0 s  <<< ERROR!
java.net.ConnectException: Connection refused
	at org.apache.commons.net.pop3.POP3ConstructorTest_OE25Dev.testPOP3ClientStateTransition_5_oe(POP3ConstructorTest_OE25Dev.java:401)

[ERROR] testPOP3ClientStateTransition_6_oe(org.apache.commons.net.pop3.POP3ConstructorTest_OE25Dev)  Time elapsed: 0 s  <<< ERROR!
java.net.ConnectException: Connection refused
	at org.apache.commons.net.pop3.POP3ConstructorTest_OE25Dev.testPOP3ClientStateTransition_6_oe(POP3ConstructorTest_OE25Dev.java:416)

[ERROR] testPOP3ClientStateTransition_7_oe(org.apache.commons.net.pop3.POP3ConstructorTest_OE25Dev)  Time elapsed: 0 s  <<< ERROR!
java.net.ConnectException: Connection refused
	at org.apache.commons.net.pop3.POP3ConstructorTest_OE25Dev.testPOP3ClientStateTransition_7_oe(POP3ConstructorTest_OE25Dev.java:435)

[ERROR] testPOP3ClientStateTransition_8_oe(org.apache.commons.net.pop3.POP3ConstructorTest_OE25Dev)  Time elapsed: 0 s  <<< ERROR!
java.net.ConnectException: Connection refused
	at org.apache.commons.net.pop3.POP3ConstructorTest_OE25Dev.testPOP3ClientStateTransition_8_oe(POP3ConstructorTest_OE25Dev.java:458)

[ERROR] testPOP3ClientStateTransition_9_oe(org.apache.commons.net.pop3.POP3ConstructorTest_OE25Dev)  Time elapsed: 0 s  <<< ERROR!
java.net.ConnectException: Connection refused
	at org.apache.commons.net.pop3.POP3ConstructorTest_OE25Dev.testPOP3ClientStateTransition_9_oe(POP3ConstructorTest_OE25Dev.java:483)

[ERROR] testPOP3ClientStateTransition_10_oe(org.apache.commons.net.pop3.POP3ConstructorTest_OE25Dev)  Time elapsed: 0 s  <<< ERROR!
java.net.ConnectException: Connection refused
	at org.apache.commons.net.pop3.POP3ConstructorTest_OE25Dev.testPOP3ClientStateTransition_10_oe(POP3ConstructorTest_OE25Dev.java:517)

[ERROR] testPOP3ClientStateTransition_11_oe(org.apache.commons.net.pop3.POP3ConstructorTest_OE25Dev)  Time elapsed: 0 s  <<< ERROR!
java.net.ConnectException: Connection refused
	at org.apache.commons.net.pop3.POP3ConstructorTest_OE25Dev.testPOP3ClientStateTransition_11_oe(POP3ConstructorTest_OE25Dev.java:554)

[ERROR] testPOP3ClientStateTransition_12_oe(org.apache.commons.net.pop3.POP3ConstructorTest_OE25Dev)  Time elapsed: 0 s  <<< ERROR!
java.net.ConnectException: Connection refused
	at org.apache.commons.net.pop3.POP3ConstructorTest_OE25Dev.testPOP3ClientStateTransition_12_oe(POP3ConstructorTest_OE25Dev.java:594)

[ERROR] testPOP3ClientStateTransition_13_oe(org.apache.commons.net.pop3.POP3ConstructorTest_OE25Dev)  Time elapsed: 0 s  <<< ERROR!
java.net.ConnectException: Connection refused
	at org.apache.commons.net.pop3.POP3ConstructorTest_OE25Dev.testPOP3ClientStateTransition_13_oe(POP3ConstructorTest_OE25Dev.java:637)

[ERROR] testPOP3ClientStateTransition_14_oe(org.apache.commons.net.pop3.POP3ConstructorTest_OE25Dev)  Time elapsed: 0 s  <<< ERROR!
java.net.ConnectException: Connection refused
	at org.apache.commons.net.pop3.POP3ConstructorTest_OE25Dev.testPOP3ClientStateTransition_14_oe(POP3ConstructorTest_OE25Dev.java:683)

[ERROR] testPOP3ClientStateTransition_15_oe(org.apache.commons.net.pop3.POP3ConstructorTest_OE25Dev)  Time elapsed: 0 s  <<< ERROR!
java.net.ConnectException: Connection refused
	at org.apache.commons.net.pop3.POP3ConstructorTest_OE25Dev.testPOP3ClientStateTransition_15_oe(POP3ConstructorTest_OE25Dev.java:732)

[ERROR] testPOP3ClientStateTransition_16_oe(org.apache.commons.net.pop3.POP3ConstructorTest_OE25Dev)  Time elapsed: 0 s  <<< ERROR!
java.net.ConnectException: Connection refused
	at org.apache.commons.net.pop3.POP3ConstructorTest_OE25Dev.testPOP3ClientStateTransition_16_oe(POP3ConstructorTest_OE25Dev.java:784)

[ERROR] testPOP3ClientStateTransition_17_oe(org.apache.commons.net.pop3.POP3ConstructorTest_OE25Dev)  Time elapsed: 0 s  <<< ERROR!
java.net.ConnectException: Connection refused
	at org.apache.commons.net.pop3.POP3ConstructorTest_OE25Dev.testPOP3ClientStateTransition_17_oe(POP3ConstructorTest_OE25Dev.java:847)

[INFO] Running org.apache.commons.net.tftp.TFTPTest_OE25Dev
[INFO] Tests run: 1, Failures: 0, Errors: 0, Skipped: 0, Time elapsed: 3.895 s - in org.apache.commons.net.tftp.TFTPTest_OE25Dev
[INFO] Running org.apache.commons.net.tftp.TFTPServerPathTest_OE25Dev
[ERROR] Tests run: 9, Failures: 0, Errors: 8, Skipped: 0, Time elapsed: 0.055 s <<< FAILURE! - in org.apache.commons.net.tftp.TFTPServerPathTest_OE25Dev
[ERROR] testReadOnly_2_oe(org.apache.commons.net.tftp.TFTPServerPathTest_OE25Dev)  Time elapsed: 0 s  <<< ERROR!
java.net.BindException: Address already in use
	at org.apache.commons.net.tftp.TFTPServerPathTest_OE25Dev.testReadOnly_2_oe(TFTPServerPathTest_OE25Dev.java:65)

[ERROR] testReadOnly_3_oe(org.apache.commons.net.tftp.TFTPServerPathTest_OE25Dev)  Time elapsed: 0 s  <<< ERROR!
java.net.BindException: Address already in use
	at org.apache.commons.net.tftp.TFTPServerPathTest_OE25Dev.testReadOnly_3_oe(TFTPServerPathTest_OE25Dev.java:94)

[ERROR] testWriteOutsideHome_1_oe(org.apache.commons.net.tftp.TFTPServerPathTest_OE25Dev)  Time elapsed: 0 s  <<< ERROR!
java.net.BindException: Address already in use
	at org.apache.commons.net.tftp.TFTPServerPathTest_OE25Dev.testWriteOutsideHome_1_oe(TFTPServerPathTest_OE25Dev.java:215)

[ERROR] testWriteOutsideHome_2_oe(org.apache.commons.net.tftp.TFTPServerPathTest_OE25Dev)  Time elapsed: 0 s  <<< ERROR!
java.net.BindException: Address already in use
	at org.apache.commons.net.tftp.TFTPServerPathTest_OE25Dev.testWriteOutsideHome_2_oe(TFTPServerPathTest_OE25Dev.java:231)

[ERROR] testWriteOutsideHome_3_oe(org.apache.commons.net.tftp.TFTPServerPathTest_OE25Dev)  Time elapsed: 0 s  <<< ERROR!
java.net.BindException: Address already in use
	at org.apache.commons.net.tftp.TFTPServerPathTest_OE25Dev.testWriteOutsideHome_3_oe(TFTPServerPathTest_OE25Dev.java:252)

[ERROR] testWriteOnly_1_oe(org.apache.commons.net.tftp.TFTPServerPathTest_OE25Dev)  Time elapsed: 0 s  <<< ERROR!
java.net.BindException: Address already in use
	at org.apache.commons.net.tftp.TFTPServerPathTest_OE25Dev.testWriteOnly_1_oe(TFTPServerPathTest_OE25Dev.java:130)

[ERROR] testWriteOnly_2_oe(org.apache.commons.net.tftp.TFTPServerPathTest_OE25Dev)  Time elapsed: 0 s  <<< ERROR!
java.net.BindException: Address already in use
	at org.apache.commons.net.tftp.TFTPServerPathTest_OE25Dev.testWriteOnly_2_oe(TFTPServerPathTest_OE25Dev.java:152)

[ERROR] testWriteOnly_3_oe(org.apache.commons.net.tftp.TFTPServerPathTest_OE25Dev)  Time elapsed: 0 s  <<< ERROR!
java.net.BindException: Address already in use
	at org.apache.commons.net.tftp.TFTPServerPathTest_OE25Dev.testWriteOnly_3_oe(TFTPServerPathTest_OE25Dev.java:179)

[INFO] Running org.apache.commons.net.smtp.SimpleSMTPHeaderTestCase_OE25Dev
[INFO] Tests run: 10, Failures: 0, Errors: 0, Skipped: 0, Time elapsed: 0.128 s - in org.apache.commons.net.smtp.SimpleSMTPHeaderTestCase_OE25Dev
[INFO] Running org.apache.commons.net.telnet.TelnetClientFunctionalTest_OE25Dev
[ERROR] Tests run: 1, Failures: 0, Errors: 1, Skipped: 0, Time elapsed: 0.048 s <<< FAILURE! - in org.apache.commons.net.telnet.TelnetClientFunctionalTest_OE25Dev
[ERROR] testFunctionalTest_1_oe(org.apache.commons.net.telnet.TelnetClientFunctionalTest_OE25Dev)  Time elapsed: 0.047 s  <<< ERROR!
java.net.UnknownHostException: rainmaker.wunderground.com: Name or service not known
	at org.apache.commons.net.telnet.TelnetClientFunctionalTest_OE25Dev.testFunctionalTest_1_oe(TelnetClientFunctionalTest_OE25Dev.java:84)

[INFO] Running org.apache.commons.net.telnet.TelnetOptionTest_OE25Dev
[INFO] Tests run: 7, Failures: 0, Errors: 0, Skipped: 0, Time elapsed: 0.001 s - in org.apache.commons.net.telnet.TelnetOptionTest_OE25Dev
[INFO] Running org.apache.commons.net.telnet.InvalidTelnetOptionExceptionTest_OE25Dev
[INFO] Tests run: 2, Failures: 0, Errors: 0, Skipped: 0, Time elapsed: 0 s - in org.apache.commons.net.telnet.InvalidTelnetOptionExceptionTest_OE25Dev
[INFO] Running org.apache.commons.net.nntp.TestThreader_OE25Dev
[INFO] Tests run: 6, Failures: 0, Errors: 0, Skipped: 0, Time elapsed: 0.028 s - in org.apache.commons.net.nntp.TestThreader_OE25Dev
[INFO] Running org.apache.commons.net.SocketClientTest_OE25Dev
[INFO] Tests run: 3, Failures: 0, Errors: 0, Skipped: 0, Time elapsed: 0 s - in org.apache.commons.net.SocketClientTest_OE25Dev
[INFO] Running org.apache.commons.net.io.DotTerminatedMessageReaderTest_OE25Dev
[INFO] Tests run: 12, Failures: 0, Errors: 0, Skipped: 0, Time elapsed: 0 s - in org.apache.commons.net.io.DotTerminatedMessageReaderTest_OE25Dev
[INFO] Running org.apache.commons.net.imap.IMAPTest_OE25Dev
[INFO] Tests run: 2, Failures: 0, Errors: 0, Skipped: 0, Time elapsed: 0 s - in org.apache.commons.net.imap.IMAPTest_OE25Dev
[INFO] Running org.apache.commons.net.ntp.TimeStampTest_OE25Dev
[INFO] Tests run: 19, Failures: 0, Errors: 0, Skipped: 0, Time elapsed: 0.001 s - in org.apache.commons.net.ntp.TimeStampTest_OE25Dev
[INFO] Running org.apache.commons.net.ntp.TestNtpPacket_OE25Dev
[INFO] Tests run: 43, Failures: 0, Errors: 0, Skipped: 0, Time elapsed: 0.001 s - in org.apache.commons.net.ntp.TestNtpPacket_OE25Dev
[INFO] Running org.apache.commons.net.ntp.TestTimeInfo_OE25Dev
[INFO] Tests run: 20, Failures: 0, Errors: 0, Skipped: 0, Time elapsed: 0 s - in org.apache.commons.net.ntp.TestTimeInfo_OE25Dev
[INFO] Running org.apache.commons.net.ftp.FTPClientTest_OE25Dev
[INFO] Tests run: 20, Failures: 0, Errors: 0, Skipped: 0, Time elapsed: 0.104 s - in org.apache.commons.net.ftp.FTPClientTest_OE25Dev
[INFO] Running org.apache.commons.net.ftp.parser.FTPConfigEntryParserTest_OE25Dev
[INFO] Tests run: 35, Failures: 0, Errors: 0, Skipped: 0, Time elapsed: 0.013 s - in org.apache.commons.net.ftp.parser.FTPConfigEntryParserTest_OE25Dev
[INFO] Running org.apache.commons.net.ftp.ListingFunctionalTest_OE25Dev
TIMEOUT
