org/apache/commons/geometry/core/partitioning/bsp/AbstractRegionBSPTree.class
org/apache/commons/geometry/core/partitioning/bsp/AbstractRegionBSPTree$DifferenceOperator.class
org/apache/commons/geometry/core/Point.class
org/apache/commons/geometry/core/Transform.class
org/apache/commons/geometry/core/partitioning/bsp/AbstractRegionBSPTree$XorOperator.class
org/apache/commons/geometry/core/partitioning/bsp/BSPTreeVisitor$TargetPointVisitor.class
org/apache/commons/geometry/core/partitioning/bsp/AbstractBSPTree$NodeIterator.class
org/apache/commons/geometry/core/partitioning/EmbeddingHyperplane.class
org/apache/commons/geometry/core/partitioning/bsp/BSPTreeVisitor$Result.class
org/apache/commons/geometry/core/internal/HyperplaneSubsets.class
org/apache/commons/geometry/core/partitioning/AbstractConvexHyperplaneBoundedRegion.class
org/apache/commons/geometry/core/partitioning/bsp/AbstractRegionBSPTree$RegionSizeProperties.class
org/apache/commons/geometry/core/partitioning/HyperplaneBoundedRegion.class
org/apache/commons/geometry/core/partitioning/BoundarySource.class
org/apache/commons/geometry/core/internal/DoubleFunction1N.class
org/apache/commons/geometry/core/Embedding.class
org/apache/commons/geometry/core/partitioning/bsp/AbstractBSPTree$1.class
org/apache/commons/geometry/core/internal/DoubleFunction3N.class
org/apache/commons/geometry/core/internal/SimpleTupleFormat.class
org/apache/commons/geometry/core/partitioning/AbstractHyperplane.class
org/apache/commons/geometry/core/partitioning/bsp/AbstractBSPTree$AbstractNode.class
org/apache/commons/geometry/core/partitioning/bsp/BSPTreeVisitor$ClosestFirstVisitor.class
org/apache/commons/geometry/core/partitioning/bsp/BSPTree.class
org/apache/commons/geometry/core/Sized.class
org/apache/commons/geometry/core/partitioning/bsp/BSPSubtree.class
org/apache/commons/geometry/core/partitioning/bsp/AbstractRegionBSPTree$Condenser.class
org/apache/commons/geometry/core/partitioning/BoundaryList.class
org/apache/commons/geometry/core/partitioning/AbstractConvexHyperplaneBoundedRegion$ConvexRegionBoundaryBuilder.class
org/apache/commons/geometry/core/partitioning/bsp/RegionCutRule.class
org/apache/commons/geometry/core/partitioning/bsp/BSPTree$FindNodeCutRule.class
org/apache/commons/geometry/core/Spatial.class
org/apache/commons/geometry/core/internal/GeometryInternalError.class
org/apache/commons/geometry/core/partitioning/bsp/RegionCutBoundary.class
org/apache/commons/geometry/core/partitioning/bsp/AbstractRegionBSPTree$RegionBoundaryIterator.class
org/apache/commons/geometry/core/partitioning/bsp/BSPTreeVisitor$Order.class
org/apache/commons/geometry/core/partitioning/SplitLocation.class
org/apache/commons/geometry/core/Vector.class
org/apache/commons/geometry/core/partitioning/bsp/AbstractRegionBSPTree$1.class
org/apache/commons/geometry/core/partitioning/bsp/AbstractRegionBSPTree$AbstractRegionNode.class
org/apache/commons/geometry/core/partitioning/bsp/AbstractRegionBSPTree$BoundaryProjector.class
org/apache/commons/geometry/core/internal/IteratorTransform.class
org/apache/commons/geometry/core/partitioning/bsp/AbstractRegionBSPTree$RegionMergeOperator.class
org/apache/commons/geometry/core/partitioning/bsp/AbstractPartitionedRegionBuilder.class
org/apache/commons/geometry/core/partitioning/bsp/AbstractRegionBSPTree$IntersectionOperator.class
org/apache/commons/geometry/core/RegionLocation.class
org/apache/commons/geometry/core/partitioning/bsp/AbstractRegionBSPTree$UnionOperator.class
org/apache/commons/geometry/core/partitioning/HyperplaneLocation.class
org/apache/commons/geometry/core/internal/DoubleFunction2N.class
org/apache/commons/geometry/core/partitioning/HyperplaneConvexSubset.class
org/apache/commons/geometry/core/partitioning/bsp/BSPTreeVisitor.class
org/apache/commons/geometry/core/partitioning/bsp/BSPTreePrinter.class
org/apache/commons/geometry/core/Region.class
org/apache/commons/geometry/core/partitioning/bsp/AbstractBSPTree.class
org/apache/commons/geometry/core/partitioning/HyperplaneSubset.class
org/apache/commons/geometry/core/internal/SimpleTupleFormat$TupleParseException.class
org/apache/commons/geometry/core/partitioning/bsp/BSPTree$Node.class
org/apache/commons/geometry/core/partitioning/Split.class
org/apache/commons/geometry/core/partitioning/bsp/AbstractBSPTree$SubtreeInitializer.class
org/apache/commons/geometry/core/partitioning/Splittable.class
org/apache/commons/geometry/core/partitioning/bsp/AbstractBSPTreeMergeOperator.class
org/apache/commons/geometry/core/RegionEmbedding.class
org/apache/commons/geometry/core/partitioning/Hyperplane.class
org/apache/commons/geometry/core/partitioning/bsp/BSPTreeVisitor$FarthestFirstVisitor.class
