[ERROR] COMPILATION ERROR : 
[ERROR] /home/tasfia/Desktop/OE25-DEV/projects_decomposed/spark/src/test/java/spark/staticfiles/StaticFilesTest_OE25Dev_spark_left_208_2.java:[119,9] cannot find symbol
  symbol:   method testGet()
  location: class spark.staticfiles.StaticFilesTest_OE25Dev_spark_left_208_2
[ERROR] /home/tasfia/Desktop/OE25-DEV/projects_decomposed/spark/src/test/java/spark/staticfiles/StaticFilesTest_OE25Dev_spark_left_208_2.java:[128,9] cannot find symbol
  symbol:   method testGet()
  location: class spark.staticfiles.StaticFilesTest_OE25Dev_spark_left_208_2
[ERROR] /home/tasfia/Desktop/OE25-DEV/projects_decomposed/spark/src/test/java/spark/staticfiles/StaticFilesTest_OE25Dev_spark_left_208_2.java:[137,9] cannot find symbol
  symbol:   method testGet()
  location: class spark.staticfiles.StaticFilesTest_OE25Dev_spark_left_208_2
[ERROR] /home/tasfia/Desktop/OE25-DEV/projects_decomposed/spark/src/test/java/spark/staticfiles/StaticFilesTest_OE25Dev_spark_left_208_2.java:[147,9] cannot find symbol
  symbol:   method testGet()
  location: class spark.staticfiles.StaticFilesTest_OE25Dev_spark_left_208_2
[ERROR] /home/tasfia/Desktop/OE25-DEV/projects_decomposed/spark/src/test/java/spark/staticfiles/StaticFilesTest_OE25Dev_spark_left_208_2.java:[156,9] cannot find symbol
  symbol:   method testGet()
  location: class spark.staticfiles.StaticFilesTest_OE25Dev_spark_left_208_2
[ERROR] Failed to execute goal org.apache.maven.plugins:maven-compiler-plugin:3.8.0:testCompile (default-testCompile) on project spark-core: Compilation failure: Compilation failure: 
[ERROR] /home/tasfia/Desktop/OE25-DEV/projects_decomposed/spark/src/test/java/spark/staticfiles/StaticFilesTest_OE25Dev_spark_left_208_2.java:[119,9] cannot find symbol
[ERROR]   symbol:   method testGet()
[ERROR]   location: class spark.staticfiles.StaticFilesTest_OE25Dev_spark_left_208_2
[ERROR] /home/tasfia/Desktop/OE25-DEV/projects_decomposed/spark/src/test/java/spark/staticfiles/StaticFilesTest_OE25Dev_spark_left_208_2.java:[128,9] cannot find symbol
[ERROR]   symbol:   method testGet()
[ERROR]   location: class spark.staticfiles.StaticFilesTest_OE25Dev_spark_left_208_2
[ERROR] /home/tasfia/Desktop/OE25-DEV/projects_decomposed/spark/src/test/java/spark/staticfiles/StaticFilesTest_OE25Dev_spark_left_208_2.java:[137,9] cannot find symbol
[ERROR]   symbol:   method testGet()
[ERROR]   location: class spark.staticfiles.StaticFilesTest_OE25Dev_spark_left_208_2
[ERROR] /home/tasfia/Desktop/OE25-DEV/projects_decomposed/spark/src/test/java/spark/staticfiles/StaticFilesTest_OE25Dev_spark_left_208_2.java:[147,9] cannot find symbol
[ERROR]   symbol:   method testGet()
[ERROR]   location: class spark.staticfiles.StaticFilesTest_OE25Dev_spark_left_208_2
[ERROR] /home/tasfia/Desktop/OE25-DEV/projects_decomposed/spark/src/test/java/spark/staticfiles/StaticFilesTest_OE25Dev_spark_left_208_2.java:[156,9] cannot find symbol
[ERROR]   symbol:   method testGet()
[ERROR]   location: class spark.staticfiles.StaticFilesTest_OE25Dev_spark_left_208_2
[ERROR] -> [Help 1]
[ERROR] 
[ERROR] To see the full stack trace of the errors, re-run Maven with the -e switch.
[ERROR] Re-run Maven using the -X switch to enable full debug logging.
[ERROR] 
[ERROR] For more information about the errors and possible solutions, please read the following articles:
[ERROR] [Help 1] http://cwiki.apache.org/confluence/display/MAVEN/MojoFailureException
