[ERROR] COMPILATION ERROR : 
[ERROR] /home/tasfia/Desktop/OE25-DEV/projects_decomposed/commons-rng/commons-rng-sampling/src/test/java/org/apache/commons/rng/sampling/distribution/PoissonSamplerCacheTest_OE25Dev.java:[338,13] cannot find symbol
  symbol:   method testPoissonSamples(org.apache.commons.rng.RestorableUniformRandomProvider,org.apache.commons.rng.RestorableUniformRandomProvider,org.apache.commons.rng.sampling.distribution.PoissonSamplerCache,int)
  location: class org.apache.commons.rng.sampling.distribution.PoissonSamplerCacheTest_OE25Dev
[ERROR] /home/tasfia/Desktop/OE25-DEV/projects_decomposed/commons-rng/commons-rng-sampling/src/test/java/org/apache/commons/rng/sampling/distribution/PoissonSamplerCacheTest_OE25Dev.java:[340,13] cannot find symbol
  symbol:   method testPoissonSamples(org.apache.commons.rng.RestorableUniformRandomProvider,org.apache.commons.rng.RestorableUniformRandomProvider,org.apache.commons.rng.sampling.distribution.PoissonSamplerCache,double)
  location: class org.apache.commons.rng.sampling.distribution.PoissonSamplerCacheTest_OE25Dev
[ERROR] /home/tasfia/Desktop/OE25-DEV/projects_decomposed/commons-rng/commons-rng-sampling/src/test/java/org/apache/commons/rng/sampling/distribution/PoissonSamplerCacheTest_OE25Dev.java:[463,13] cannot find symbol
  symbol:   method testPoissonSamples(org.apache.commons.rng.RestorableUniformRandomProvider,org.apache.commons.rng.RestorableUniformRandomProvider,org.apache.commons.rng.sampling.distribution.PoissonSamplerCache,int)
  location: class org.apache.commons.rng.sampling.distribution.PoissonSamplerCacheTest_OE25Dev
[ERROR] /home/tasfia/Desktop/OE25-DEV/projects_decomposed/commons-rng/commons-rng-sampling/src/test/java/org/apache/commons/rng/sampling/distribution/PoissonSamplerCacheTest_OE25Dev.java:[465,13] cannot find symbol
  symbol:   method testPoissonSamples(org.apache.commons.rng.RestorableUniformRandomProvider,org.apache.commons.rng.RestorableUniformRandomProvider,org.apache.commons.rng.sampling.distribution.PoissonSamplerCache,double)
  location: class org.apache.commons.rng.sampling.distribution.PoissonSamplerCacheTest_OE25Dev
[ERROR] Failed to execute goal org.apache.maven.plugins:maven-compiler-plugin:3.8.1:testCompile (default-testCompile) on project commons-rng-sampling: Compilation failure: Compilation failure: 
[ERROR] /home/tasfia/Desktop/OE25-DEV/projects_decomposed/commons-rng/commons-rng-sampling/src/test/java/org/apache/commons/rng/sampling/distribution/PoissonSamplerCacheTest_OE25Dev.java:[338,13] cannot find symbol
[ERROR]   symbol:   method testPoissonSamples(org.apache.commons.rng.RestorableUniformRandomProvider,org.apache.commons.rng.RestorableUniformRandomProvider,org.apache.commons.rng.sampling.distribution.PoissonSamplerCache,int)
[ERROR]   location: class org.apache.commons.rng.sampling.distribution.PoissonSamplerCacheTest_OE25Dev
[ERROR] /home/tasfia/Desktop/OE25-DEV/projects_decomposed/commons-rng/commons-rng-sampling/src/test/java/org/apache/commons/rng/sampling/distribution/PoissonSamplerCacheTest_OE25Dev.java:[340,13] cannot find symbol
[ERROR]   symbol:   method testPoissonSamples(org.apache.commons.rng.RestorableUniformRandomProvider,org.apache.commons.rng.RestorableUniformRandomProvider,org.apache.commons.rng.sampling.distribution.PoissonSamplerCache,double)
[ERROR]   location: class org.apache.commons.rng.sampling.distribution.PoissonSamplerCacheTest_OE25Dev
[ERROR] /home/tasfia/Desktop/OE25-DEV/projects_decomposed/commons-rng/commons-rng-sampling/src/test/java/org/apache/commons/rng/sampling/distribution/PoissonSamplerCacheTest_OE25Dev.java:[463,13] cannot find symbol
[ERROR]   symbol:   method testPoissonSamples(org.apache.commons.rng.RestorableUniformRandomProvider,org.apache.commons.rng.RestorableUniformRandomProvider,org.apache.commons.rng.sampling.distribution.PoissonSamplerCache,int)
[ERROR]   location: class org.apache.commons.rng.sampling.distribution.PoissonSamplerCacheTest_OE25Dev
[ERROR] /home/tasfia/Desktop/OE25-DEV/projects_decomposed/commons-rng/commons-rng-sampling/src/test/java/org/apache/commons/rng/sampling/distribution/PoissonSamplerCacheTest_OE25Dev.java:[465,13] cannot find symbol
[ERROR]   symbol:   method testPoissonSamples(org.apache.commons.rng.RestorableUniformRandomProvider,org.apache.commons.rng.RestorableUniformRandomProvider,org.apache.commons.rng.sampling.distribution.PoissonSamplerCache,double)
[ERROR]   location: class org.apache.commons.rng.sampling.distribution.PoissonSamplerCacheTest_OE25Dev
[ERROR] -> [Help 1]
[ERROR] 
[ERROR] To see the full stack trace of the errors, re-run Maven with the -e switch.
[ERROR] Re-run Maven using the -X switch to enable full debug logging.
[ERROR] 
[ERROR] For more information about the errors and possible solutions, please read the following articles:
[ERROR] [Help 1] http://cwiki.apache.org/confluence/display/MAVEN/MojoFailureException
