[ERROR] COMPILATION ERROR : 
[ERROR] /home/tasfia/Desktop/OE25-DEV/projects_decomposed/commons-collections4/src/test/java/org/apache/commons/collections4/iterators/FilterListIteratorTest_OE25Dev_coll_left_523_3.java:[136,9] cannot find symbol
  symbol:   method walkLists(java.util.ArrayList<java.lang.Integer>,java.util.ListIterator<java.lang.Integer>)
  location: class org.apache.commons.collections4.iterators.FilterListIteratorTest_OE25Dev_coll_left_523_3
[ERROR] /home/tasfia/Desktop/OE25-DEV/projects_decomposed/commons-collections4/src/test/java/org/apache/commons/collections4/iterators/FilterListIteratorTest_OE25Dev_coll_left_523_3.java:[202,9] cannot find symbol
  symbol:   method walkLists(java.util.ArrayList<java.lang.Integer>,org.apache.commons.collections4.iterators.FilterListIterator<java.lang.Integer>)
  location: class org.apache.commons.collections4.iterators.FilterListIteratorTest_OE25Dev_coll_left_523_3
[ERROR] /home/tasfia/Desktop/OE25-DEV/projects_decomposed/commons-collections4/src/test/java/org/apache/commons/collections4/iterators/FilterListIteratorTest_OE25Dev_coll_left_523_3.java:[208,9] cannot find symbol
  symbol:   method walkLists(java.util.ArrayList<java.lang.Integer>,org.apache.commons.collections4.iterators.FilterListIterator<java.lang.Integer>)
  location: class org.apache.commons.collections4.iterators.FilterListIteratorTest_OE25Dev_coll_left_523_3
[ERROR] /home/tasfia/Desktop/OE25-DEV/projects_decomposed/commons-collections4/src/test/java/org/apache/commons/collections4/iterators/FilterListIteratorTest_OE25Dev_coll_left_523_3.java:[214,9] cannot find symbol
  symbol:   method walkLists(java.util.ArrayList<java.lang.Integer>,org.apache.commons.collections4.iterators.FilterListIterator<java.lang.Integer>)
  location: class org.apache.commons.collections4.iterators.FilterListIteratorTest_OE25Dev_coll_left_523_3
[ERROR] /home/tasfia/Desktop/OE25-DEV/projects_decomposed/commons-collections4/src/test/java/org/apache/commons/collections4/iterators/FilterListIteratorTest_OE25Dev_coll_left_523_3.java:[220,9] cannot find symbol
  symbol:   method walkLists(java.util.ArrayList<java.lang.Integer>,org.apache.commons.collections4.iterators.FilterListIterator<java.lang.Integer>)
  location: class org.apache.commons.collections4.iterators.FilterListIteratorTest_OE25Dev_coll_left_523_3
[ERROR] /home/tasfia/Desktop/OE25-DEV/projects_decomposed/commons-collections4/src/test/java/org/apache/commons/collections4/iterators/FilterListIteratorTest_OE25Dev_coll_left_523_3.java:[226,9] cannot find symbol
  symbol:   method walkLists(java.util.ArrayList<java.lang.Integer>,org.apache.commons.collections4.iterators.FilterListIterator<java.lang.Integer>)
  location: class org.apache.commons.collections4.iterators.FilterListIteratorTest_OE25Dev_coll_left_523_3
[ERROR] /home/tasfia/Desktop/OE25-DEV/projects_decomposed/commons-collections4/src/test/java/org/apache/commons/collections4/iterators/FilterListIteratorTest_OE25Dev_coll_left_523_3.java:[232,9] cannot find symbol
  symbol:   method walkLists(java.util.ArrayList<java.lang.Integer>,org.apache.commons.collections4.iterators.FilterListIterator<java.lang.Integer>)
  location: class org.apache.commons.collections4.iterators.FilterListIteratorTest_OE25Dev_coll_left_523_3
[ERROR] /home/tasfia/Desktop/OE25-DEV/projects_decomposed/commons-collections4/src/test/java/org/apache/commons/collections4/iterators/FilterListIteratorTest_OE25Dev_coll_left_523_3.java:[241,9] cannot find symbol
  symbol:   method walkLists(java.util.ArrayList<java.lang.Integer>,org.apache.commons.collections4.iterators.FilterListIterator<java.lang.Integer>)
  location: class org.apache.commons.collections4.iterators.FilterListIteratorTest_OE25Dev_coll_left_523_3
[ERROR] /home/tasfia/Desktop/OE25-DEV/projects_decomposed/commons-collections4/src/test/java/org/apache/commons/collections4/iterators/FilterListIteratorTest_OE25Dev_coll_left_523_3.java:[250,9] cannot find symbol
  symbol:   method walkLists(java.util.ArrayList<java.lang.Integer>,org.apache.commons.collections4.iterators.FilterListIterator<java.lang.Integer>)
  location: class org.apache.commons.collections4.iterators.FilterListIteratorTest_OE25Dev_coll_left_523_3
[ERROR] /home/tasfia/Desktop/OE25-DEV/projects_decomposed/commons-collections4/src/test/java/org/apache/commons/collections4/iterators/FilterListIteratorTest_OE25Dev_coll_left_523_3.java:[259,9] cannot find symbol
  symbol:   method walkLists(java.util.ArrayList<java.lang.Integer>,org.apache.commons.collections4.iterators.FilterListIterator<java.lang.Integer>)
  location: class org.apache.commons.collections4.iterators.FilterListIteratorTest_OE25Dev_coll_left_523_3
[ERROR] Failed to execute goal org.apache.maven.plugins:maven-compiler-plugin:3.8.0:testCompile (default-testCompile) on project commons-collections4: Compilation failure: Compilation failure: 
[ERROR] /home/tasfia/Desktop/OE25-DEV/projects_decomposed/commons-collections4/src/test/java/org/apache/commons/collections4/iterators/FilterListIteratorTest_OE25Dev_coll_left_523_3.java:[136,9] cannot find symbol
[ERROR]   symbol:   method walkLists(java.util.ArrayList<java.lang.Integer>,java.util.ListIterator<java.lang.Integer>)
[ERROR]   location: class org.apache.commons.collections4.iterators.FilterListIteratorTest_OE25Dev_coll_left_523_3
[ERROR] /home/tasfia/Desktop/OE25-DEV/projects_decomposed/commons-collections4/src/test/java/org/apache/commons/collections4/iterators/FilterListIteratorTest_OE25Dev_coll_left_523_3.java:[202,9] cannot find symbol
[ERROR]   symbol:   method walkLists(java.util.ArrayList<java.lang.Integer>,org.apache.commons.collections4.iterators.FilterListIterator<java.lang.Integer>)
[ERROR]   location: class org.apache.commons.collections4.iterators.FilterListIteratorTest_OE25Dev_coll_left_523_3
[ERROR] /home/tasfia/Desktop/OE25-DEV/projects_decomposed/commons-collections4/src/test/java/org/apache/commons/collections4/iterators/FilterListIteratorTest_OE25Dev_coll_left_523_3.java:[208,9] cannot find symbol
[ERROR]   symbol:   method walkLists(java.util.ArrayList<java.lang.Integer>,org.apache.commons.collections4.iterators.FilterListIterator<java.lang.Integer>)
[ERROR]   location: class org.apache.commons.collections4.iterators.FilterListIteratorTest_OE25Dev_coll_left_523_3
[ERROR] /home/tasfia/Desktop/OE25-DEV/projects_decomposed/commons-collections4/src/test/java/org/apache/commons/collections4/iterators/FilterListIteratorTest_OE25Dev_coll_left_523_3.java:[214,9] cannot find symbol
[ERROR]   symbol:   method walkLists(java.util.ArrayList<java.lang.Integer>,org.apache.commons.collections4.iterators.FilterListIterator<java.lang.Integer>)
[ERROR]   location: class org.apache.commons.collections4.iterators.FilterListIteratorTest_OE25Dev_coll_left_523_3
[ERROR] /home/tasfia/Desktop/OE25-DEV/projects_decomposed/commons-collections4/src/test/java/org/apache/commons/collections4/iterators/FilterListIteratorTest_OE25Dev_coll_left_523_3.java:[220,9] cannot find symbol
[ERROR]   symbol:   method walkLists(java.util.ArrayList<java.lang.Integer>,org.apache.commons.collections4.iterators.FilterListIterator<java.lang.Integer>)
[ERROR]   location: class org.apache.commons.collections4.iterators.FilterListIteratorTest_OE25Dev_coll_left_523_3
[ERROR] /home/tasfia/Desktop/OE25-DEV/projects_decomposed/commons-collections4/src/test/java/org/apache/commons/collections4/iterators/FilterListIteratorTest_OE25Dev_coll_left_523_3.java:[226,9] cannot find symbol
[ERROR]   symbol:   method walkLists(java.util.ArrayList<java.lang.Integer>,org.apache.commons.collections4.iterators.FilterListIterator<java.lang.Integer>)
[ERROR]   location: class org.apache.commons.collections4.iterators.FilterListIteratorTest_OE25Dev_coll_left_523_3
[ERROR] /home/tasfia/Desktop/OE25-DEV/projects_decomposed/commons-collections4/src/test/java/org/apache/commons/collections4/iterators/FilterListIteratorTest_OE25Dev_coll_left_523_3.java:[232,9] cannot find symbol
[ERROR]   symbol:   method walkLists(java.util.ArrayList<java.lang.Integer>,org.apache.commons.collections4.iterators.FilterListIterator<java.lang.Integer>)
[ERROR]   location: class org.apache.commons.collections4.iterators.FilterListIteratorTest_OE25Dev_coll_left_523_3
[ERROR] /home/tasfia/Desktop/OE25-DEV/projects_decomposed/commons-collections4/src/test/java/org/apache/commons/collections4/iterators/FilterListIteratorTest_OE25Dev_coll_left_523_3.java:[241,9] cannot find symbol
[ERROR]   symbol:   method walkLists(java.util.ArrayList<java.lang.Integer>,org.apache.commons.collections4.iterators.FilterListIterator<java.lang.Integer>)
[ERROR]   location: class org.apache.commons.collections4.iterators.FilterListIteratorTest_OE25Dev_coll_left_523_3
[ERROR] /home/tasfia/Desktop/OE25-DEV/projects_decomposed/commons-collections4/src/test/java/org/apache/commons/collections4/iterators/FilterListIteratorTest_OE25Dev_coll_left_523_3.java:[250,9] cannot find symbol
[ERROR]   symbol:   method walkLists(java.util.ArrayList<java.lang.Integer>,org.apache.commons.collections4.iterators.FilterListIterator<java.lang.Integer>)
[ERROR]   location: class org.apache.commons.collections4.iterators.FilterListIteratorTest_OE25Dev_coll_left_523_3
[ERROR] /home/tasfia/Desktop/OE25-DEV/projects_decomposed/commons-collections4/src/test/java/org/apache/commons/collections4/iterators/FilterListIteratorTest_OE25Dev_coll_left_523_3.java:[259,9] cannot find symbol
[ERROR]   symbol:   method walkLists(java.util.ArrayList<java.lang.Integer>,org.apache.commons.collections4.iterators.FilterListIterator<java.lang.Integer>)
[ERROR]   location: class org.apache.commons.collections4.iterators.FilterListIteratorTest_OE25Dev_coll_left_523_3
[ERROR] -> [Help 1]
[ERROR] 
[ERROR] To see the full stack trace of the errors, re-run Maven with the -e switch.
[ERROR] Re-run Maven using the -X switch to enable full debug logging.
[ERROR] 
[ERROR] For more information about the errors and possible solutions, please read the following articles:
[ERROR] [Help 1] http://cwiki.apache.org/confluence/display/MAVEN/MojoFailureException
