[ERROR] COMPILATION ERROR : 
[ERROR] /home/tasfia/Desktop/OE25-DEV/projects_decomposed/commons-collections4/src/test/java/org/apache/commons/collections4/collection/AbstractCollectionTest_OE25Dev_coll_left_604_1.java:[443,13] cannot find symbol
  symbol:   method verify()
  location: class org.apache.commons.collections4.collection.AbstractCollectionTest_OE25Dev_coll_left_604_1<E>
[ERROR] /home/tasfia/Desktop/OE25-DEV/projects_decomposed/commons-collections4/src/test/java/org/apache/commons/collections4/collection/AbstractCollectionTest_OE25Dev_coll_left_604_1.java:[453,13] cannot find symbol
  symbol:   method verify()
  location: class org.apache.commons.collections4.collection.AbstractCollectionTest_OE25Dev_coll_left_604_1<E>
[ERROR] /home/tasfia/Desktop/OE25-DEV/projects_decomposed/commons-collections4/src/test/java/org/apache/commons/collections4/collection/AbstractCollectionTest_OE25Dev_coll_left_604_1.java:[474,9] cannot find symbol
  symbol:   method verify()
  location: class org.apache.commons.collections4.collection.AbstractCollectionTest_OE25Dev_coll_left_604_1<E>
[ERROR] /home/tasfia/Desktop/OE25-DEV/projects_decomposed/commons-collections4/src/test/java/org/apache/commons/collections4/collection/AbstractCollectionTest_OE25Dev_coll_left_604_1.java:[485,9] cannot find symbol
  symbol:   method verify()
  location: class org.apache.commons.collections4.collection.AbstractCollectionTest_OE25Dev_coll_left_604_1<E>
[ERROR] /home/tasfia/Desktop/OE25-DEV/projects_decomposed/commons-collections4/src/test/java/org/apache/commons/collections4/collection/AbstractCollectionTest_OE25Dev_coll_left_604_1.java:[496,9] cannot find symbol
  symbol:   method verify()
  location: class org.apache.commons.collections4.collection.AbstractCollectionTest_OE25Dev_coll_left_604_1<E>
[ERROR] /home/tasfia/Desktop/OE25-DEV/projects_decomposed/commons-collections4/src/test/java/org/apache/commons/collections4/collection/AbstractCollectionTest_OE25Dev_coll_left_604_1.java:[522,9] cannot find symbol
  symbol:   method verify()
  location: class org.apache.commons.collections4.collection.AbstractCollectionTest_OE25Dev_coll_left_604_1<E>
[ERROR] /home/tasfia/Desktop/OE25-DEV/projects_decomposed/commons-collections4/src/test/java/org/apache/commons/collections4/collection/AbstractCollectionTest_OE25Dev_coll_left_604_1.java:[532,9] cannot find symbol
  symbol:   method verify()
  location: class org.apache.commons.collections4.collection.AbstractCollectionTest_OE25Dev_coll_left_604_1<E>
[ERROR] /home/tasfia/Desktop/OE25-DEV/projects_decomposed/commons-collections4/src/test/java/org/apache/commons/collections4/collection/AbstractCollectionTest_OE25Dev_coll_left_604_1.java:[543,9] cannot find symbol
  symbol:   method verify()
  location: class org.apache.commons.collections4.collection.AbstractCollectionTest_OE25Dev_coll_left_604_1<E>
[ERROR] /home/tasfia/Desktop/OE25-DEV/projects_decomposed/commons-collections4/src/test/java/org/apache/commons/collections4/collection/AbstractCollectionTest_OE25Dev_coll_left_604_1.java:[553,9] cannot find symbol
  symbol:   method verify()
  location: class org.apache.commons.collections4.collection.AbstractCollectionTest_OE25Dev_coll_left_604_1<E>
[ERROR] /home/tasfia/Desktop/OE25-DEV/projects_decomposed/commons-collections4/src/test/java/org/apache/commons/collections4/collection/AbstractCollectionTest_OE25Dev_coll_left_604_1.java:[566,9] cannot find symbol
  symbol:   method verify()
  location: class org.apache.commons.collections4.collection.AbstractCollectionTest_OE25Dev_coll_left_604_1<E>
[ERROR] /home/tasfia/Desktop/OE25-DEV/projects_decomposed/commons-collections4/src/test/java/org/apache/commons/collections4/collection/AbstractCollectionTest_OE25Dev_coll_left_604_1.java:[571,9] cannot find symbol
  symbol:   method verify()
  location: class org.apache.commons.collections4.collection.AbstractCollectionTest_OE25Dev_coll_left_604_1<E>
[ERROR] /home/tasfia/Desktop/OE25-DEV/projects_decomposed/commons-collections4/src/test/java/org/apache/commons/collections4/collection/AbstractCollectionTest_OE25Dev_coll_left_604_1.java:[586,9] cannot find symbol
  symbol:   method verify()
  location: class org.apache.commons.collections4.collection.AbstractCollectionTest_OE25Dev_coll_left_604_1<E>
[ERROR] /home/tasfia/Desktop/OE25-DEV/projects_decomposed/commons-collections4/src/test/java/org/apache/commons/collections4/collection/AbstractCollectionTest_OE25Dev_coll_left_604_1.java:[593,9] cannot find symbol
  symbol:   method verify()
  location: class org.apache.commons.collections4.collection.AbstractCollectionTest_OE25Dev_coll_left_604_1<E>
[ERROR] /home/tasfia/Desktop/OE25-DEV/projects_decomposed/commons-collections4/src/test/java/org/apache/commons/collections4/collection/AbstractCollectionTest_OE25Dev_coll_left_604_1.java:[601,9] cannot find symbol
  symbol:   method verify()
  location: class org.apache.commons.collections4.collection.AbstractCollectionTest_OE25Dev_coll_left_604_1<E>
[ERROR] /home/tasfia/Desktop/OE25-DEV/projects_decomposed/commons-collections4/src/test/java/org/apache/commons/collections4/collection/AbstractCollectionTest_OE25Dev_coll_left_604_1.java:[620,9] cannot find symbol
  symbol:   method verify()
  location: class org.apache.commons.collections4.collection.AbstractCollectionTest_OE25Dev_coll_left_604_1<E>
[ERROR] /home/tasfia/Desktop/OE25-DEV/projects_decomposed/commons-collections4/src/test/java/org/apache/commons/collections4/collection/AbstractCollectionTest_OE25Dev_coll_left_604_1.java:[629,9] cannot find symbol
  symbol:   method verify()
  location: class org.apache.commons.collections4.collection.AbstractCollectionTest_OE25Dev_coll_left_604_1<E>
[ERROR] /home/tasfia/Desktop/OE25-DEV/projects_decomposed/commons-collections4/src/test/java/org/apache/commons/collections4/collection/AbstractCollectionTest_OE25Dev_coll_left_604_1.java:[638,9] cannot find symbol
  symbol:   method verify()
  location: class org.apache.commons.collections4.collection.AbstractCollectionTest_OE25Dev_coll_left_604_1<E>
[ERROR] /home/tasfia/Desktop/OE25-DEV/projects_decomposed/commons-collections4/src/test/java/org/apache/commons/collections4/collection/AbstractCollectionTest_OE25Dev_coll_left_604_1.java:[646,9] cannot find symbol
  symbol:   method verify()
  location: class org.apache.commons.collections4.collection.AbstractCollectionTest_OE25Dev_coll_left_604_1<E>
[ERROR] /home/tasfia/Desktop/OE25-DEV/projects_decomposed/commons-collections4/src/test/java/org/apache/commons/collections4/collection/AbstractCollectionTest_OE25Dev_coll_left_604_1.java:[656,9] cannot find symbol
  symbol:   method verify()
  location: class org.apache.commons.collections4.collection.AbstractCollectionTest_OE25Dev_coll_left_604_1<E>
[ERROR] /home/tasfia/Desktop/OE25-DEV/projects_decomposed/commons-collections4/src/test/java/org/apache/commons/collections4/collection/AbstractCollectionTest_OE25Dev_coll_left_604_1.java:[661,9] cannot find symbol
  symbol:   method verify()
  location: class org.apache.commons.collections4.collection.AbstractCollectionTest_OE25Dev_coll_left_604_1<E>
[ERROR] /home/tasfia/Desktop/OE25-DEV/projects_decomposed/commons-collections4/src/test/java/org/apache/commons/collections4/collection/AbstractCollectionTest_OE25Dev_coll_left_604_1.java:[678,9] cannot find symbol
  symbol:   method verify()
  location: class org.apache.commons.collections4.collection.AbstractCollectionTest_OE25Dev_coll_left_604_1<E>
[ERROR] /home/tasfia/Desktop/OE25-DEV/projects_decomposed/commons-collections4/src/test/java/org/apache/commons/collections4/collection/AbstractCollectionTest_OE25Dev_coll_left_604_1.java:[702,9] cannot find symbol
  symbol:   method verify()
  location: class org.apache.commons.collections4.collection.AbstractCollectionTest_OE25Dev_coll_left_604_1<E>
[ERROR] /home/tasfia/Desktop/OE25-DEV/projects_decomposed/commons-collections4/src/test/java/org/apache/commons/collections4/collection/AbstractCollectionTest_OE25Dev_coll_left_604_1.java:[721,9] cannot find symbol
  symbol:   method verify()
  location: class org.apache.commons.collections4.collection.AbstractCollectionTest_OE25Dev_coll_left_604_1<E>
[ERROR] /home/tasfia/Desktop/OE25-DEV/projects_decomposed/commons-collections4/src/test/java/org/apache/commons/collections4/collection/AbstractCollectionTest_OE25Dev_coll_left_604_1.java:[731,9] cannot find symbol
  symbol:   method verify()
  location: class org.apache.commons.collections4.collection.AbstractCollectionTest_OE25Dev_coll_left_604_1<E>
[ERROR] /home/tasfia/Desktop/OE25-DEV/projects_decomposed/commons-collections4/src/test/java/org/apache/commons/collections4/collection/AbstractCollectionTest_OE25Dev_coll_left_604_1.java:[755,17] cannot find symbol
  symbol:   method verify()
  location: class org.apache.commons.collections4.collection.AbstractCollectionTest_OE25Dev_coll_left_604_1<E>
[ERROR] /home/tasfia/Desktop/OE25-DEV/projects_decomposed/commons-collections4/src/test/java/org/apache/commons/collections4/collection/AbstractCollectionTest_OE25Dev_coll_left_604_1.java:[787,13] cannot find symbol
  symbol:   method verify()
  location: class org.apache.commons.collections4.collection.AbstractCollectionTest_OE25Dev_coll_left_604_1<E>
[ERROR] /home/tasfia/Desktop/OE25-DEV/projects_decomposed/commons-collections4/src/test/java/org/apache/commons/collections4/collection/AbstractCollectionTest_OE25Dev_coll_left_604_1.java:[795,13] cannot find symbol
  symbol:   method verify()
  location: class org.apache.commons.collections4.collection.AbstractCollectionTest_OE25Dev_coll_left_604_1<E>
[ERROR] /home/tasfia/Desktop/OE25-DEV/projects_decomposed/commons-collections4/src/test/java/org/apache/commons/collections4/collection/AbstractCollectionTest_OE25Dev_coll_left_604_1.java:[813,17] cannot find symbol
  symbol:   method verify()
  location: class org.apache.commons.collections4.collection.AbstractCollectionTest_OE25Dev_coll_left_604_1<E>
[ERROR] /home/tasfia/Desktop/OE25-DEV/projects_decomposed/commons-collections4/src/test/java/org/apache/commons/collections4/collection/AbstractCollectionTest_OE25Dev_coll_left_604_1.java:[830,9] cannot find symbol
  symbol:   method verify()
  location: class org.apache.commons.collections4.collection.AbstractCollectionTest_OE25Dev_coll_left_604_1<E>
[ERROR] /home/tasfia/Desktop/OE25-DEV/projects_decomposed/commons-collections4/src/test/java/org/apache/commons/collections4/collection/AbstractCollectionTest_OE25Dev_coll_left_604_1.java:[833,9] cannot find symbol
  symbol:   method verify()
  location: class org.apache.commons.collections4.collection.AbstractCollectionTest_OE25Dev_coll_left_604_1<E>
[ERROR] /home/tasfia/Desktop/OE25-DEV/projects_decomposed/commons-collections4/src/test/java/org/apache/commons/collections4/collection/AbstractCollectionTest_OE25Dev_coll_left_604_1.java:[837,9] cannot find symbol
  symbol:   method verify()
  location: class org.apache.commons.collections4.collection.AbstractCollectionTest_OE25Dev_coll_left_604_1<E>
[ERROR] /home/tasfia/Desktop/OE25-DEV/projects_decomposed/commons-collections4/src/test/java/org/apache/commons/collections4/collection/AbstractCollectionTest_OE25Dev_coll_left_604_1.java:[840,9] cannot find symbol
  symbol:   method verify()
  location: class org.apache.commons.collections4.collection.AbstractCollectionTest_OE25Dev_coll_left_604_1<E>
[ERROR] /home/tasfia/Desktop/OE25-DEV/projects_decomposed/commons-collections4/src/test/java/org/apache/commons/collections4/collection/AbstractCollectionTest_OE25Dev_coll_left_604_1.java:[844,9] cannot find symbol
  symbol:   method verify()
  location: class org.apache.commons.collections4.collection.AbstractCollectionTest_OE25Dev_coll_left_604_1<E>
[ERROR] /home/tasfia/Desktop/OE25-DEV/projects_decomposed/commons-collections4/src/test/java/org/apache/commons/collections4/collection/AbstractCollectionTest_OE25Dev_coll_left_604_1.java:[854,9] cannot find symbol
  symbol:   method verify()
  location: class org.apache.commons.collections4.collection.AbstractCollectionTest_OE25Dev_coll_left_604_1<E>
[ERROR] /home/tasfia/Desktop/OE25-DEV/projects_decomposed/commons-collections4/src/test/java/org/apache/commons/collections4/collection/AbstractCollectionTest_OE25Dev_coll_left_604_1.java:[873,9] cannot find symbol
  symbol:   method verify()
  location: class org.apache.commons.collections4.collection.AbstractCollectionTest_OE25Dev_coll_left_604_1<E>
[ERROR] /home/tasfia/Desktop/OE25-DEV/projects_decomposed/commons-collections4/src/test/java/org/apache/commons/collections4/collection/AbstractCollectionTest_OE25Dev_coll_left_604_1.java:[876,9] cannot find symbol
  symbol:   method verify()
  location: class org.apache.commons.collections4.collection.AbstractCollectionTest_OE25Dev_coll_left_604_1<E>
[ERROR] /home/tasfia/Desktop/OE25-DEV/projects_decomposed/commons-collections4/src/test/java/org/apache/commons/collections4/collection/AbstractCollectionTest_OE25Dev_coll_left_604_1.java:[880,9] cannot find symbol
  symbol:   method verify()
  location: class org.apache.commons.collections4.collection.AbstractCollectionTest_OE25Dev_coll_left_604_1<E>
[ERROR] /home/tasfia/Desktop/OE25-DEV/projects_decomposed/commons-collections4/src/test/java/org/apache/commons/collections4/collection/AbstractCollectionTest_OE25Dev_coll_left_604_1.java:[884,9] cannot find symbol
  symbol:   method verify()
  location: class org.apache.commons.collections4.collection.AbstractCollectionTest_OE25Dev_coll_left_604_1<E>
[ERROR] /home/tasfia/Desktop/OE25-DEV/projects_decomposed/commons-collections4/src/test/java/org/apache/commons/collections4/collection/AbstractCollectionTest_OE25Dev_coll_left_604_1.java:[899,9] cannot find symbol
  symbol:   method verify()
  location: class org.apache.commons.collections4.collection.AbstractCollectionTest_OE25Dev_coll_left_604_1<E>
[ERROR] /home/tasfia/Desktop/OE25-DEV/projects_decomposed/commons-collections4/src/test/java/org/apache/commons/collections4/collection/AbstractCollectionTest_OE25Dev_coll_left_604_1.java:[918,9] cannot find symbol
  symbol:   method verify()
  location: class org.apache.commons.collections4.collection.AbstractCollectionTest_OE25Dev_coll_left_604_1<E>
[ERROR] /home/tasfia/Desktop/OE25-DEV/projects_decomposed/commons-collections4/src/test/java/org/apache/commons/collections4/collection/AbstractCollectionTest_OE25Dev_coll_left_604_1.java:[921,9] cannot find symbol
  symbol:   method verify()
  location: class org.apache.commons.collections4.collection.AbstractCollectionTest_OE25Dev_coll_left_604_1<E>
[ERROR] /home/tasfia/Desktop/OE25-DEV/projects_decomposed/commons-collections4/src/test/java/org/apache/commons/collections4/collection/AbstractCollectionTest_OE25Dev_coll_left_604_1.java:[926,9] cannot find symbol
  symbol:   method verify()
  location: class org.apache.commons.collections4.collection.AbstractCollectionTest_OE25Dev_coll_left_604_1<E>
[ERROR] /home/tasfia/Desktop/OE25-DEV/projects_decomposed/commons-collections4/src/test/java/org/apache/commons/collections4/collection/AbstractCollectionTest_OE25Dev_coll_left_604_1.java:[931,9] cannot find symbol
  symbol:   method verify()
  location: class org.apache.commons.collections4.collection.AbstractCollectionTest_OE25Dev_coll_left_604_1<E>
[ERROR] /home/tasfia/Desktop/OE25-DEV/projects_decomposed/commons-collections4/src/test/java/org/apache/commons/collections4/collection/AbstractCollectionTest_OE25Dev_coll_left_604_1.java:[936,9] cannot find symbol
  symbol:   method verify()
  location: class org.apache.commons.collections4.collection.AbstractCollectionTest_OE25Dev_coll_left_604_1<E>
[ERROR] /home/tasfia/Desktop/OE25-DEV/projects_decomposed/commons-collections4/src/test/java/org/apache/commons/collections4/collection/AbstractCollectionTest_OE25Dev_coll_left_604_1.java:[946,13] cannot find symbol
  symbol:   method verify()
  location: class org.apache.commons.collections4.collection.AbstractCollectionTest_OE25Dev_coll_left_604_1<E>
[ERROR] /home/tasfia/Desktop/OE25-DEV/projects_decomposed/commons-collections4/src/test/java/org/apache/commons/collections4/collection/AbstractCollectionTest_OE25Dev_coll_left_604_1.java:[957,9] cannot find symbol
  symbol:   method verify()
  location: class org.apache.commons.collections4.collection.AbstractCollectionTest_OE25Dev_coll_left_604_1<E>
[ERROR] /home/tasfia/Desktop/OE25-DEV/projects_decomposed/commons-collections4/src/test/java/org/apache/commons/collections4/collection/AbstractCollectionTest_OE25Dev_coll_left_604_1.java:[1021,9] cannot find symbol
  symbol:   method verify()
  location: class org.apache.commons.collections4.collection.AbstractCollectionTest_OE25Dev_coll_left_604_1<E>
[ERROR] /home/tasfia/Desktop/OE25-DEV/projects_decomposed/commons-collections4/src/test/java/org/apache/commons/collections4/collection/AbstractCollectionTest_OE25Dev_coll_left_604_1.java:[1030,9] cannot find symbol
  symbol:   method verify()
  location: class org.apache.commons.collections4.collection.AbstractCollectionTest_OE25Dev_coll_left_604_1<E>
[ERROR] /home/tasfia/Desktop/OE25-DEV/projects_decomposed/commons-collections4/src/test/java/org/apache/commons/collections4/collection/AbstractCollectionTest_OE25Dev_coll_left_604_1.java:[1039,9] cannot find symbol
  symbol:   method verify()
  location: class org.apache.commons.collections4.collection.AbstractCollectionTest_OE25Dev_coll_left_604_1<E>
[ERROR] /home/tasfia/Desktop/OE25-DEV/projects_decomposed/commons-collections4/src/test/java/org/apache/commons/collections4/collection/AbstractCollectionTest_OE25Dev_coll_left_604_1.java:[1063,9] cannot find symbol
  symbol:   method verify()
  location: class org.apache.commons.collections4.collection.AbstractCollectionTest_OE25Dev_coll_left_604_1<E>
[ERROR] /home/tasfia/Desktop/OE25-DEV/projects_decomposed/commons-collections4/src/test/java/org/apache/commons/collections4/collection/AbstractCollectionTest_OE25Dev_coll_left_604_1.java:[1093,9] cannot find symbol
  symbol:   method verify()
  location: class org.apache.commons.collections4.collection.AbstractCollectionTest_OE25Dev_coll_left_604_1<E>
[ERROR] /home/tasfia/Desktop/OE25-DEV/projects_decomposed/commons-collections4/src/test/java/org/apache/commons/collections4/collection/AbstractCollectionTest_OE25Dev_coll_left_604_1.java:[1101,9] cannot find symbol
  symbol:   method verify()
  location: class org.apache.commons.collections4.collection.AbstractCollectionTest_OE25Dev_coll_left_604_1<E>
[ERROR] /home/tasfia/Desktop/OE25-DEV/projects_decomposed/commons-collections4/src/test/java/org/apache/commons/collections4/collection/AbstractCollectionTest_OE25Dev_coll_left_604_1.java:[1109,9] cannot find symbol
  symbol:   method verify()
  location: class org.apache.commons.collections4.collection.AbstractCollectionTest_OE25Dev_coll_left_604_1<E>
[ERROR] /home/tasfia/Desktop/OE25-DEV/projects_decomposed/commons-collections4/src/test/java/org/apache/commons/collections4/collection/AbstractCollectionTest_OE25Dev_coll_left_604_1.java:[1117,9] cannot find symbol
  symbol:   method verify()
  location: class org.apache.commons.collections4.collection.AbstractCollectionTest_OE25Dev_coll_left_604_1<E>
[ERROR] /home/tasfia/Desktop/OE25-DEV/projects_decomposed/commons-collections4/src/test/java/org/apache/commons/collections4/collection/AbstractCollectionTest_OE25Dev_coll_left_604_1.java:[1125,9] cannot find symbol
  symbol:   method verify()
  location: class org.apache.commons.collections4.collection.AbstractCollectionTest_OE25Dev_coll_left_604_1<E>
[ERROR] /home/tasfia/Desktop/OE25-DEV/projects_decomposed/commons-collections4/src/test/java/org/apache/commons/collections4/collection/AbstractCollectionTest_OE25Dev_coll_left_604_1.java:[1136,9] cannot find symbol
  symbol:   method verify()
  location: class org.apache.commons.collections4.collection.AbstractCollectionTest_OE25Dev_coll_left_604_1<E>
[ERROR] /home/tasfia/Desktop/OE25-DEV/projects_decomposed/commons-collections4/src/test/java/org/apache/commons/collections4/collection/AbstractCollectionTest_OE25Dev_coll_left_604_1.java:[1160,13] cannot find symbol
  symbol:   method verify()
  location: class org.apache.commons.collections4.collection.AbstractCollectionTest_OE25Dev_coll_left_604_1<E>
[ERROR] /home/tasfia/Desktop/OE25-DEV/projects_decomposed/commons-collections4/src/test/java/org/apache/commons/collections4/collection/AbstractCollectionTest_OE25Dev_coll_left_604_1.java:[1172,13] cannot find symbol
  symbol:   method verify()
  location: class org.apache.commons.collections4.collection.AbstractCollectionTest_OE25Dev_coll_left_604_1<E>
[ERROR] Failed to execute goal org.apache.maven.plugins:maven-compiler-plugin:3.8.0:testCompile (default-testCompile) on project commons-collections4: Compilation failure: Compilation failure: 
[ERROR] /home/tasfia/Desktop/OE25-DEV/projects_decomposed/commons-collections4/src/test/java/org/apache/commons/collections4/collection/AbstractCollectionTest_OE25Dev_coll_left_604_1.java:[443,13] cannot find symbol
[ERROR]   symbol:   method verify()
[ERROR]   location: class org.apache.commons.collections4.collection.AbstractCollectionTest_OE25Dev_coll_left_604_1<E>
[ERROR] /home/tasfia/Desktop/OE25-DEV/projects_decomposed/commons-collections4/src/test/java/org/apache/commons/collections4/collection/AbstractCollectionTest_OE25Dev_coll_left_604_1.java:[453,13] cannot find symbol
[ERROR]   symbol:   method verify()
[ERROR]   location: class org.apache.commons.collections4.collection.AbstractCollectionTest_OE25Dev_coll_left_604_1<E>
[ERROR] /home/tasfia/Desktop/OE25-DEV/projects_decomposed/commons-collections4/src/test/java/org/apache/commons/collections4/collection/AbstractCollectionTest_OE25Dev_coll_left_604_1.java:[474,9] cannot find symbol
[ERROR]   symbol:   method verify()
[ERROR]   location: class org.apache.commons.collections4.collection.AbstractCollectionTest_OE25Dev_coll_left_604_1<E>
[ERROR] /home/tasfia/Desktop/OE25-DEV/projects_decomposed/commons-collections4/src/test/java/org/apache/commons/collections4/collection/AbstractCollectionTest_OE25Dev_coll_left_604_1.java:[485,9] cannot find symbol
[ERROR]   symbol:   method verify()
[ERROR]   location: class org.apache.commons.collections4.collection.AbstractCollectionTest_OE25Dev_coll_left_604_1<E>
[ERROR] /home/tasfia/Desktop/OE25-DEV/projects_decomposed/commons-collections4/src/test/java/org/apache/commons/collections4/collection/AbstractCollectionTest_OE25Dev_coll_left_604_1.java:[496,9] cannot find symbol
[ERROR]   symbol:   method verify()
[ERROR]   location: class org.apache.commons.collections4.collection.AbstractCollectionTest_OE25Dev_coll_left_604_1<E>
[ERROR] /home/tasfia/Desktop/OE25-DEV/projects_decomposed/commons-collections4/src/test/java/org/apache/commons/collections4/collection/AbstractCollectionTest_OE25Dev_coll_left_604_1.java:[522,9] cannot find symbol
[ERROR]   symbol:   method verify()
[ERROR]   location: class org.apache.commons.collections4.collection.AbstractCollectionTest_OE25Dev_coll_left_604_1<E>
[ERROR] /home/tasfia/Desktop/OE25-DEV/projects_decomposed/commons-collections4/src/test/java/org/apache/commons/collections4/collection/AbstractCollectionTest_OE25Dev_coll_left_604_1.java:[532,9] cannot find symbol
[ERROR]   symbol:   method verify()
[ERROR]   location: class org.apache.commons.collections4.collection.AbstractCollectionTest_OE25Dev_coll_left_604_1<E>
[ERROR] /home/tasfia/Desktop/OE25-DEV/projects_decomposed/commons-collections4/src/test/java/org/apache/commons/collections4/collection/AbstractCollectionTest_OE25Dev_coll_left_604_1.java:[543,9] cannot find symbol
[ERROR]   symbol:   method verify()
[ERROR]   location: class org.apache.commons.collections4.collection.AbstractCollectionTest_OE25Dev_coll_left_604_1<E>
[ERROR] /home/tasfia/Desktop/OE25-DEV/projects_decomposed/commons-collections4/src/test/java/org/apache/commons/collections4/collection/AbstractCollectionTest_OE25Dev_coll_left_604_1.java:[553,9] cannot find symbol
[ERROR]   symbol:   method verify()
[ERROR]   location: class org.apache.commons.collections4.collection.AbstractCollectionTest_OE25Dev_coll_left_604_1<E>
[ERROR] /home/tasfia/Desktop/OE25-DEV/projects_decomposed/commons-collections4/src/test/java/org/apache/commons/collections4/collection/AbstractCollectionTest_OE25Dev_coll_left_604_1.java:[566,9] cannot find symbol
[ERROR]   symbol:   method verify()
[ERROR]   location: class org.apache.commons.collections4.collection.AbstractCollectionTest_OE25Dev_coll_left_604_1<E>
[ERROR] /home/tasfia/Desktop/OE25-DEV/projects_decomposed/commons-collections4/src/test/java/org/apache/commons/collections4/collection/AbstractCollectionTest_OE25Dev_coll_left_604_1.java:[571,9] cannot find symbol
[ERROR]   symbol:   method verify()
[ERROR]   location: class org.apache.commons.collections4.collection.AbstractCollectionTest_OE25Dev_coll_left_604_1<E>
[ERROR] /home/tasfia/Desktop/OE25-DEV/projects_decomposed/commons-collections4/src/test/java/org/apache/commons/collections4/collection/AbstractCollectionTest_OE25Dev_coll_left_604_1.java:[586,9] cannot find symbol
[ERROR]   symbol:   method verify()
[ERROR]   location: class org.apache.commons.collections4.collection.AbstractCollectionTest_OE25Dev_coll_left_604_1<E>
[ERROR] /home/tasfia/Desktop/OE25-DEV/projects_decomposed/commons-collections4/src/test/java/org/apache/commons/collections4/collection/AbstractCollectionTest_OE25Dev_coll_left_604_1.java:[593,9] cannot find symbol
[ERROR]   symbol:   method verify()
[ERROR]   location: class org.apache.commons.collections4.collection.AbstractCollectionTest_OE25Dev_coll_left_604_1<E>
[ERROR] /home/tasfia/Desktop/OE25-DEV/projects_decomposed/commons-collections4/src/test/java/org/apache/commons/collections4/collection/AbstractCollectionTest_OE25Dev_coll_left_604_1.java:[601,9] cannot find symbol
[ERROR]   symbol:   method verify()
[ERROR]   location: class org.apache.commons.collections4.collection.AbstractCollectionTest_OE25Dev_coll_left_604_1<E>
[ERROR] /home/tasfia/Desktop/OE25-DEV/projects_decomposed/commons-collections4/src/test/java/org/apache/commons/collections4/collection/AbstractCollectionTest_OE25Dev_coll_left_604_1.java:[620,9] cannot find symbol
[ERROR]   symbol:   method verify()
[ERROR]   location: class org.apache.commons.collections4.collection.AbstractCollectionTest_OE25Dev_coll_left_604_1<E>
[ERROR] /home/tasfia/Desktop/OE25-DEV/projects_decomposed/commons-collections4/src/test/java/org/apache/commons/collections4/collection/AbstractCollectionTest_OE25Dev_coll_left_604_1.java:[629,9] cannot find symbol
[ERROR]   symbol:   method verify()
[ERROR]   location: class org.apache.commons.collections4.collection.AbstractCollectionTest_OE25Dev_coll_left_604_1<E>
[ERROR] /home/tasfia/Desktop/OE25-DEV/projects_decomposed/commons-collections4/src/test/java/org/apache/commons/collections4/collection/AbstractCollectionTest_OE25Dev_coll_left_604_1.java:[638,9] cannot find symbol
[ERROR]   symbol:   method verify()
[ERROR]   location: class org.apache.commons.collections4.collection.AbstractCollectionTest_OE25Dev_coll_left_604_1<E>
[ERROR] /home/tasfia/Desktop/OE25-DEV/projects_decomposed/commons-collections4/src/test/java/org/apache/commons/collections4/collection/AbstractCollectionTest_OE25Dev_coll_left_604_1.java:[646,9] cannot find symbol
[ERROR]   symbol:   method verify()
[ERROR]   location: class org.apache.commons.collections4.collection.AbstractCollectionTest_OE25Dev_coll_left_604_1<E>
[ERROR] /home/tasfia/Desktop/OE25-DEV/projects_decomposed/commons-collections4/src/test/java/org/apache/commons/collections4/collection/AbstractCollectionTest_OE25Dev_coll_left_604_1.java:[656,9] cannot find symbol
[ERROR]   symbol:   method verify()
[ERROR]   location: class org.apache.commons.collections4.collection.AbstractCollectionTest_OE25Dev_coll_left_604_1<E>
[ERROR] /home/tasfia/Desktop/OE25-DEV/projects_decomposed/commons-collections4/src/test/java/org/apache/commons/collections4/collection/AbstractCollectionTest_OE25Dev_coll_left_604_1.java:[661,9] cannot find symbol
[ERROR]   symbol:   method verify()
[ERROR]   location: class org.apache.commons.collections4.collection.AbstractCollectionTest_OE25Dev_coll_left_604_1<E>
[ERROR] /home/tasfia/Desktop/OE25-DEV/projects_decomposed/commons-collections4/src/test/java/org/apache/commons/collections4/collection/AbstractCollectionTest_OE25Dev_coll_left_604_1.java:[678,9] cannot find symbol
[ERROR]   symbol:   method verify()
[ERROR]   location: class org.apache.commons.collections4.collection.AbstractCollectionTest_OE25Dev_coll_left_604_1<E>
[ERROR] /home/tasfia/Desktop/OE25-DEV/projects_decomposed/commons-collections4/src/test/java/org/apache/commons/collections4/collection/AbstractCollectionTest_OE25Dev_coll_left_604_1.java:[702,9] cannot find symbol
[ERROR]   symbol:   method verify()
[ERROR]   location: class org.apache.commons.collections4.collection.AbstractCollectionTest_OE25Dev_coll_left_604_1<E>
[ERROR] /home/tasfia/Desktop/OE25-DEV/projects_decomposed/commons-collections4/src/test/java/org/apache/commons/collections4/collection/AbstractCollectionTest_OE25Dev_coll_left_604_1.java:[721,9] cannot find symbol
[ERROR]   symbol:   method verify()
[ERROR]   location: class org.apache.commons.collections4.collection.AbstractCollectionTest_OE25Dev_coll_left_604_1<E>
[ERROR] /home/tasfia/Desktop/OE25-DEV/projects_decomposed/commons-collections4/src/test/java/org/apache/commons/collections4/collection/AbstractCollectionTest_OE25Dev_coll_left_604_1.java:[731,9] cannot find symbol
[ERROR]   symbol:   method verify()
[ERROR]   location: class org.apache.commons.collections4.collection.AbstractCollectionTest_OE25Dev_coll_left_604_1<E>
[ERROR] /home/tasfia/Desktop/OE25-DEV/projects_decomposed/commons-collections4/src/test/java/org/apache/commons/collections4/collection/AbstractCollectionTest_OE25Dev_coll_left_604_1.java:[755,17] cannot find symbol
[ERROR]   symbol:   method verify()
[ERROR]   location: class org.apache.commons.collections4.collection.AbstractCollectionTest_OE25Dev_coll_left_604_1<E>
[ERROR] /home/tasfia/Desktop/OE25-DEV/projects_decomposed/commons-collections4/src/test/java/org/apache/commons/collections4/collection/AbstractCollectionTest_OE25Dev_coll_left_604_1.java:[787,13] cannot find symbol
[ERROR]   symbol:   method verify()
[ERROR]   location: class org.apache.commons.collections4.collection.AbstractCollectionTest_OE25Dev_coll_left_604_1<E>
[ERROR] /home/tasfia/Desktop/OE25-DEV/projects_decomposed/commons-collections4/src/test/java/org/apache/commons/collections4/collection/AbstractCollectionTest_OE25Dev_coll_left_604_1.java:[795,13] cannot find symbol
[ERROR]   symbol:   method verify()
[ERROR]   location: class org.apache.commons.collections4.collection.AbstractCollectionTest_OE25Dev_coll_left_604_1<E>
[ERROR] /home/tasfia/Desktop/OE25-DEV/projects_decomposed/commons-collections4/src/test/java/org/apache/commons/collections4/collection/AbstractCollectionTest_OE25Dev_coll_left_604_1.java:[813,17] cannot find symbol
[ERROR]   symbol:   method verify()
[ERROR]   location: class org.apache.commons.collections4.collection.AbstractCollectionTest_OE25Dev_coll_left_604_1<E>
[ERROR] /home/tasfia/Desktop/OE25-DEV/projects_decomposed/commons-collections4/src/test/java/org/apache/commons/collections4/collection/AbstractCollectionTest_OE25Dev_coll_left_604_1.java:[830,9] cannot find symbol
[ERROR]   symbol:   method verify()
[ERROR]   location: class org.apache.commons.collections4.collection.AbstractCollectionTest_OE25Dev_coll_left_604_1<E>
[ERROR] /home/tasfia/Desktop/OE25-DEV/projects_decomposed/commons-collections4/src/test/java/org/apache/commons/collections4/collection/AbstractCollectionTest_OE25Dev_coll_left_604_1.java:[833,9] cannot find symbol
[ERROR]   symbol:   method verify()
[ERROR]   location: class org.apache.commons.collections4.collection.AbstractCollectionTest_OE25Dev_coll_left_604_1<E>
[ERROR] /home/tasfia/Desktop/OE25-DEV/projects_decomposed/commons-collections4/src/test/java/org/apache/commons/collections4/collection/AbstractCollectionTest_OE25Dev_coll_left_604_1.java:[837,9] cannot find symbol
[ERROR]   symbol:   method verify()
[ERROR]   location: class org.apache.commons.collections4.collection.AbstractCollectionTest_OE25Dev_coll_left_604_1<E>
[ERROR] /home/tasfia/Desktop/OE25-DEV/projects_decomposed/commons-collections4/src/test/java/org/apache/commons/collections4/collection/AbstractCollectionTest_OE25Dev_coll_left_604_1.java:[840,9] cannot find symbol
[ERROR]   symbol:   method verify()
[ERROR]   location: class org.apache.commons.collections4.collection.AbstractCollectionTest_OE25Dev_coll_left_604_1<E>
[ERROR] /home/tasfia/Desktop/OE25-DEV/projects_decomposed/commons-collections4/src/test/java/org/apache/commons/collections4/collection/AbstractCollectionTest_OE25Dev_coll_left_604_1.java:[844,9] cannot find symbol
[ERROR]   symbol:   method verify()
[ERROR]   location: class org.apache.commons.collections4.collection.AbstractCollectionTest_OE25Dev_coll_left_604_1<E>
[ERROR] /home/tasfia/Desktop/OE25-DEV/projects_decomposed/commons-collections4/src/test/java/org/apache/commons/collections4/collection/AbstractCollectionTest_OE25Dev_coll_left_604_1.java:[854,9] cannot find symbol
[ERROR]   symbol:   method verify()
[ERROR]   location: class org.apache.commons.collections4.collection.AbstractCollectionTest_OE25Dev_coll_left_604_1<E>
[ERROR] /home/tasfia/Desktop/OE25-DEV/projects_decomposed/commons-collections4/src/test/java/org/apache/commons/collections4/collection/AbstractCollectionTest_OE25Dev_coll_left_604_1.java:[873,9] cannot find symbol
[ERROR]   symbol:   method verify()
[ERROR]   location: class org.apache.commons.collections4.collection.AbstractCollectionTest_OE25Dev_coll_left_604_1<E>
[ERROR] /home/tasfia/Desktop/OE25-DEV/projects_decomposed/commons-collections4/src/test/java/org/apache/commons/collections4/collection/AbstractCollectionTest_OE25Dev_coll_left_604_1.java:[876,9] cannot find symbol
[ERROR]   symbol:   method verify()
[ERROR]   location: class org.apache.commons.collections4.collection.AbstractCollectionTest_OE25Dev_coll_left_604_1<E>
[ERROR] /home/tasfia/Desktop/OE25-DEV/projects_decomposed/commons-collections4/src/test/java/org/apache/commons/collections4/collection/AbstractCollectionTest_OE25Dev_coll_left_604_1.java:[880,9] cannot find symbol
[ERROR]   symbol:   method verify()
[ERROR]   location: class org.apache.commons.collections4.collection.AbstractCollectionTest_OE25Dev_coll_left_604_1<E>
[ERROR] /home/tasfia/Desktop/OE25-DEV/projects_decomposed/commons-collections4/src/test/java/org/apache/commons/collections4/collection/AbstractCollectionTest_OE25Dev_coll_left_604_1.java:[884,9] cannot find symbol
[ERROR]   symbol:   method verify()
[ERROR]   location: class org.apache.commons.collections4.collection.AbstractCollectionTest_OE25Dev_coll_left_604_1<E>
[ERROR] /home/tasfia/Desktop/OE25-DEV/projects_decomposed/commons-collections4/src/test/java/org/apache/commons/collections4/collection/AbstractCollectionTest_OE25Dev_coll_left_604_1.java:[899,9] cannot find symbol
[ERROR]   symbol:   method verify()
[ERROR]   location: class org.apache.commons.collections4.collection.AbstractCollectionTest_OE25Dev_coll_left_604_1<E>
[ERROR] /home/tasfia/Desktop/OE25-DEV/projects_decomposed/commons-collections4/src/test/java/org/apache/commons/collections4/collection/AbstractCollectionTest_OE25Dev_coll_left_604_1.java:[918,9] cannot find symbol
[ERROR]   symbol:   method verify()
[ERROR]   location: class org.apache.commons.collections4.collection.AbstractCollectionTest_OE25Dev_coll_left_604_1<E>
[ERROR] /home/tasfia/Desktop/OE25-DEV/projects_decomposed/commons-collections4/src/test/java/org/apache/commons/collections4/collection/AbstractCollectionTest_OE25Dev_coll_left_604_1.java:[921,9] cannot find symbol
[ERROR]   symbol:   method verify()
[ERROR]   location: class org.apache.commons.collections4.collection.AbstractCollectionTest_OE25Dev_coll_left_604_1<E>
[ERROR] /home/tasfia/Desktop/OE25-DEV/projects_decomposed/commons-collections4/src/test/java/org/apache/commons/collections4/collection/AbstractCollectionTest_OE25Dev_coll_left_604_1.java:[926,9] cannot find symbol
[ERROR]   symbol:   method verify()
[ERROR]   location: class org.apache.commons.collections4.collection.AbstractCollectionTest_OE25Dev_coll_left_604_1<E>
[ERROR] /home/tasfia/Desktop/OE25-DEV/projects_decomposed/commons-collections4/src/test/java/org/apache/commons/collections4/collection/AbstractCollectionTest_OE25Dev_coll_left_604_1.java:[931,9] cannot find symbol
[ERROR]   symbol:   method verify()
[ERROR]   location: class org.apache.commons.collections4.collection.AbstractCollectionTest_OE25Dev_coll_left_604_1<E>
[ERROR] /home/tasfia/Desktop/OE25-DEV/projects_decomposed/commons-collections4/src/test/java/org/apache/commons/collections4/collection/AbstractCollectionTest_OE25Dev_coll_left_604_1.java:[936,9] cannot find symbol
[ERROR]   symbol:   method verify()
[ERROR]   location: class org.apache.commons.collections4.collection.AbstractCollectionTest_OE25Dev_coll_left_604_1<E>
[ERROR] /home/tasfia/Desktop/OE25-DEV/projects_decomposed/commons-collections4/src/test/java/org/apache/commons/collections4/collection/AbstractCollectionTest_OE25Dev_coll_left_604_1.java:[946,13] cannot find symbol
[ERROR]   symbol:   method verify()
[ERROR]   location: class org.apache.commons.collections4.collection.AbstractCollectionTest_OE25Dev_coll_left_604_1<E>
[ERROR] /home/tasfia/Desktop/OE25-DEV/projects_decomposed/commons-collections4/src/test/java/org/apache/commons/collections4/collection/AbstractCollectionTest_OE25Dev_coll_left_604_1.java:[957,9] cannot find symbol
[ERROR]   symbol:   method verify()
[ERROR]   location: class org.apache.commons.collections4.collection.AbstractCollectionTest_OE25Dev_coll_left_604_1<E>
[ERROR] /home/tasfia/Desktop/OE25-DEV/projects_decomposed/commons-collections4/src/test/java/org/apache/commons/collections4/collection/AbstractCollectionTest_OE25Dev_coll_left_604_1.java:[1021,9] cannot find symbol
[ERROR]   symbol:   method verify()
[ERROR]   location: class org.apache.commons.collections4.collection.AbstractCollectionTest_OE25Dev_coll_left_604_1<E>
[ERROR] /home/tasfia/Desktop/OE25-DEV/projects_decomposed/commons-collections4/src/test/java/org/apache/commons/collections4/collection/AbstractCollectionTest_OE25Dev_coll_left_604_1.java:[1030,9] cannot find symbol
[ERROR]   symbol:   method verify()
[ERROR]   location: class org.apache.commons.collections4.collection.AbstractCollectionTest_OE25Dev_coll_left_604_1<E>
[ERROR] /home/tasfia/Desktop/OE25-DEV/projects_decomposed/commons-collections4/src/test/java/org/apache/commons/collections4/collection/AbstractCollectionTest_OE25Dev_coll_left_604_1.java:[1039,9] cannot find symbol
[ERROR]   symbol:   method verify()
[ERROR]   location: class org.apache.commons.collections4.collection.AbstractCollectionTest_OE25Dev_coll_left_604_1<E>
[ERROR] /home/tasfia/Desktop/OE25-DEV/projects_decomposed/commons-collections4/src/test/java/org/apache/commons/collections4/collection/AbstractCollectionTest_OE25Dev_coll_left_604_1.java:[1063,9] cannot find symbol
[ERROR]   symbol:   method verify()
[ERROR]   location: class org.apache.commons.collections4.collection.AbstractCollectionTest_OE25Dev_coll_left_604_1<E>
[ERROR] /home/tasfia/Desktop/OE25-DEV/projects_decomposed/commons-collections4/src/test/java/org/apache/commons/collections4/collection/AbstractCollectionTest_OE25Dev_coll_left_604_1.java:[1093,9] cannot find symbol
[ERROR]   symbol:   method verify()
[ERROR]   location: class org.apache.commons.collections4.collection.AbstractCollectionTest_OE25Dev_coll_left_604_1<E>
[ERROR] /home/tasfia/Desktop/OE25-DEV/projects_decomposed/commons-collections4/src/test/java/org/apache/commons/collections4/collection/AbstractCollectionTest_OE25Dev_coll_left_604_1.java:[1101,9] cannot find symbol
[ERROR]   symbol:   method verify()
[ERROR]   location: class org.apache.commons.collections4.collection.AbstractCollectionTest_OE25Dev_coll_left_604_1<E>
[ERROR] /home/tasfia/Desktop/OE25-DEV/projects_decomposed/commons-collections4/src/test/java/org/apache/commons/collections4/collection/AbstractCollectionTest_OE25Dev_coll_left_604_1.java:[1109,9] cannot find symbol
[ERROR]   symbol:   method verify()
[ERROR]   location: class org.apache.commons.collections4.collection.AbstractCollectionTest_OE25Dev_coll_left_604_1<E>
[ERROR] /home/tasfia/Desktop/OE25-DEV/projects_decomposed/commons-collections4/src/test/java/org/apache/commons/collections4/collection/AbstractCollectionTest_OE25Dev_coll_left_604_1.java:[1117,9] cannot find symbol
[ERROR]   symbol:   method verify()
[ERROR]   location: class org.apache.commons.collections4.collection.AbstractCollectionTest_OE25Dev_coll_left_604_1<E>
[ERROR] /home/tasfia/Desktop/OE25-DEV/projects_decomposed/commons-collections4/src/test/java/org/apache/commons/collections4/collection/AbstractCollectionTest_OE25Dev_coll_left_604_1.java:[1125,9] cannot find symbol
[ERROR]   symbol:   method verify()
[ERROR]   location: class org.apache.commons.collections4.collection.AbstractCollectionTest_OE25Dev_coll_left_604_1<E>
[ERROR] /home/tasfia/Desktop/OE25-DEV/projects_decomposed/commons-collections4/src/test/java/org/apache/commons/collections4/collection/AbstractCollectionTest_OE25Dev_coll_left_604_1.java:[1136,9] cannot find symbol
[ERROR]   symbol:   method verify()
[ERROR]   location: class org.apache.commons.collections4.collection.AbstractCollectionTest_OE25Dev_coll_left_604_1<E>
[ERROR] /home/tasfia/Desktop/OE25-DEV/projects_decomposed/commons-collections4/src/test/java/org/apache/commons/collections4/collection/AbstractCollectionTest_OE25Dev_coll_left_604_1.java:[1160,13] cannot find symbol
[ERROR]   symbol:   method verify()
[ERROR]   location: class org.apache.commons.collections4.collection.AbstractCollectionTest_OE25Dev_coll_left_604_1<E>
[ERROR] /home/tasfia/Desktop/OE25-DEV/projects_decomposed/commons-collections4/src/test/java/org/apache/commons/collections4/collection/AbstractCollectionTest_OE25Dev_coll_left_604_1.java:[1172,13] cannot find symbol
[ERROR]   symbol:   method verify()
[ERROR]   location: class org.apache.commons.collections4.collection.AbstractCollectionTest_OE25Dev_coll_left_604_1<E>
[ERROR] -> [Help 1]
[ERROR] 
[ERROR] To see the full stack trace of the errors, re-run Maven with the -e switch.
[ERROR] Re-run Maven using the -X switch to enable full debug logging.
[ERROR] 
[ERROR] For more information about the errors and possible solutions, please read the following articles:
[ERROR] [Help 1] http://cwiki.apache.org/confluence/display/MAVEN/MojoFailureException
