[ERROR] COMPILATION ERROR : 
[ERROR] /home/tasfia/Desktop/OE25-DEV/projects_decomposed/commons-collections4/src/test/java/org/apache/commons/collections4/iterators/FilterIteratorTest_OE25Dev_coll_left_515_3.java:[102,9] cannot find symbol
  symbol:   method verifyElementsInPredicate(java.lang.String[])
  location: class org.apache.commons.collections4.iterators.FilterIteratorTest_OE25Dev_coll_left_515_3<E>
[ERROR] /home/tasfia/Desktop/OE25-DEV/projects_decomposed/commons-collections4/src/test/java/org/apache/commons/collections4/iterators/FilterIteratorTest_OE25Dev_coll_left_515_3.java:[103,9] cannot find symbol
  symbol:   method verifyElementsInPredicate(java.lang.String[])
  location: class org.apache.commons.collections4.iterators.FilterIteratorTest_OE25Dev_coll_left_515_3<E>
[ERROR] /home/tasfia/Desktop/OE25-DEV/projects_decomposed/commons-collections4/src/test/java/org/apache/commons/collections4/iterators/FilterIteratorTest_OE25Dev_coll_left_515_3.java:[104,9] cannot find symbol
  symbol:   method verifyElementsInPredicate(java.lang.String[])
  location: class org.apache.commons.collections4.iterators.FilterIteratorTest_OE25Dev_coll_left_515_3<E>
[ERROR] /home/tasfia/Desktop/OE25-DEV/projects_decomposed/commons-collections4/src/test/java/org/apache/commons/collections4/iterators/FilterIteratorTest_OE25Dev_coll_left_515_3.java:[105,9] cannot find symbol
  symbol:   method verifyElementsInPredicate(java.lang.String[])
  location: class org.apache.commons.collections4.iterators.FilterIteratorTest_OE25Dev_coll_left_515_3<E>
[ERROR] /home/tasfia/Desktop/OE25-DEV/projects_decomposed/commons-collections4/src/test/java/org/apache/commons/collections4/iterators/FilterIteratorTest_OE25Dev_coll_left_515_3.java:[106,9] cannot find symbol
  symbol:   method verifyElementsInPredicate(java.lang.String[])
  location: class org.apache.commons.collections4.iterators.FilterIteratorTest_OE25Dev_coll_left_515_3<E>
[ERROR] /home/tasfia/Desktop/OE25-DEV/projects_decomposed/commons-collections4/src/test/java/org/apache/commons/collections4/iterators/FilterIteratorTest_OE25Dev_coll_left_515_3.java:[107,9] cannot find symbol
  symbol:   method verifyElementsInPredicate(java.lang.String[])
  location: class org.apache.commons.collections4.iterators.FilterIteratorTest_OE25Dev_coll_left_515_3<E>
[ERROR] /home/tasfia/Desktop/OE25-DEV/projects_decomposed/commons-collections4/src/test/java/org/apache/commons/collections4/iterators/FilterIteratorTest_OE25Dev_coll_left_515_3.java:[108,9] cannot find symbol
  symbol:   method verifyElementsInPredicate(java.lang.String[])
  location: class org.apache.commons.collections4.iterators.FilterIteratorTest_OE25Dev_coll_left_515_3<E>
[ERROR] /home/tasfia/Desktop/OE25-DEV/projects_decomposed/commons-collections4/src/test/java/org/apache/commons/collections4/iterators/FilterIteratorTest_OE25Dev_coll_left_515_3.java:[109,9] cannot find symbol
  symbol:   method verifyElementsInPredicate(java.lang.String[])
  location: class org.apache.commons.collections4.iterators.FilterIteratorTest_OE25Dev_coll_left_515_3<E>
[ERROR] Failed to execute goal org.apache.maven.plugins:maven-compiler-plugin:3.8.0:testCompile (default-testCompile) on project commons-collections4: Compilation failure: Compilation failure: 
[ERROR] /home/tasfia/Desktop/OE25-DEV/projects_decomposed/commons-collections4/src/test/java/org/apache/commons/collections4/iterators/FilterIteratorTest_OE25Dev_coll_left_515_3.java:[102,9] cannot find symbol
[ERROR]   symbol:   method verifyElementsInPredicate(java.lang.String[])
[ERROR]   location: class org.apache.commons.collections4.iterators.FilterIteratorTest_OE25Dev_coll_left_515_3<E>
[ERROR] /home/tasfia/Desktop/OE25-DEV/projects_decomposed/commons-collections4/src/test/java/org/apache/commons/collections4/iterators/FilterIteratorTest_OE25Dev_coll_left_515_3.java:[103,9] cannot find symbol
[ERROR]   symbol:   method verifyElementsInPredicate(java.lang.String[])
[ERROR]   location: class org.apache.commons.collections4.iterators.FilterIteratorTest_OE25Dev_coll_left_515_3<E>
[ERROR] /home/tasfia/Desktop/OE25-DEV/projects_decomposed/commons-collections4/src/test/java/org/apache/commons/collections4/iterators/FilterIteratorTest_OE25Dev_coll_left_515_3.java:[104,9] cannot find symbol
[ERROR]   symbol:   method verifyElementsInPredicate(java.lang.String[])
[ERROR]   location: class org.apache.commons.collections4.iterators.FilterIteratorTest_OE25Dev_coll_left_515_3<E>
[ERROR] /home/tasfia/Desktop/OE25-DEV/projects_decomposed/commons-collections4/src/test/java/org/apache/commons/collections4/iterators/FilterIteratorTest_OE25Dev_coll_left_515_3.java:[105,9] cannot find symbol
[ERROR]   symbol:   method verifyElementsInPredicate(java.lang.String[])
[ERROR]   location: class org.apache.commons.collections4.iterators.FilterIteratorTest_OE25Dev_coll_left_515_3<E>
[ERROR] /home/tasfia/Desktop/OE25-DEV/projects_decomposed/commons-collections4/src/test/java/org/apache/commons/collections4/iterators/FilterIteratorTest_OE25Dev_coll_left_515_3.java:[106,9] cannot find symbol
[ERROR]   symbol:   method verifyElementsInPredicate(java.lang.String[])
[ERROR]   location: class org.apache.commons.collections4.iterators.FilterIteratorTest_OE25Dev_coll_left_515_3<E>
[ERROR] /home/tasfia/Desktop/OE25-DEV/projects_decomposed/commons-collections4/src/test/java/org/apache/commons/collections4/iterators/FilterIteratorTest_OE25Dev_coll_left_515_3.java:[107,9] cannot find symbol
[ERROR]   symbol:   method verifyElementsInPredicate(java.lang.String[])
[ERROR]   location: class org.apache.commons.collections4.iterators.FilterIteratorTest_OE25Dev_coll_left_515_3<E>
[ERROR] /home/tasfia/Desktop/OE25-DEV/projects_decomposed/commons-collections4/src/test/java/org/apache/commons/collections4/iterators/FilterIteratorTest_OE25Dev_coll_left_515_3.java:[108,9] cannot find symbol
[ERROR]   symbol:   method verifyElementsInPredicate(java.lang.String[])
[ERROR]   location: class org.apache.commons.collections4.iterators.FilterIteratorTest_OE25Dev_coll_left_515_3<E>
[ERROR] /home/tasfia/Desktop/OE25-DEV/projects_decomposed/commons-collections4/src/test/java/org/apache/commons/collections4/iterators/FilterIteratorTest_OE25Dev_coll_left_515_3.java:[109,9] cannot find symbol
[ERROR]   symbol:   method verifyElementsInPredicate(java.lang.String[])
[ERROR]   location: class org.apache.commons.collections4.iterators.FilterIteratorTest_OE25Dev_coll_left_515_3<E>
[ERROR] -> [Help 1]
[ERROR] 
[ERROR] To see the full stack trace of the errors, re-run Maven with the -e switch.
[ERROR] Re-run Maven using the -X switch to enable full debug logging.
[ERROR] 
[ERROR] For more information about the errors and possible solutions, please read the following articles:
[ERROR] [Help 1] http://cwiki.apache.org/confluence/display/MAVEN/MojoFailureException
