[INFO] Scanning for projects...
[INFO] 
[INFO] ------------------< org.apache.commons:commons-lang3 >------------------
[INFO] Building Apache Commons Lang 3.12.0
[INFO] --------------------------------[ jar ]---------------------------------
[INFO] 
[INFO] --- maven-enforcer-plugin:3.0.0-M3:enforce (enforce-maven-version) @ commons-lang3 ---
[INFO] 
[INFO] --- maven-enforcer-plugin:3.0.0-M3:enforce (enforce-maven-3) @ commons-lang3 ---
[INFO] 
[INFO] --- apache-rat-plugin:0.13:check (rat-check) @ commons-lang3 ---
[INFO] RAT will not execute since it is configured to be skipped via system property 'rat.skip'.
[INFO] 
[INFO] --- build-helper-maven-plugin:3.2.0:parse-version (parse-version) @ commons-lang3 ---
[INFO] 
[INFO] --- maven-antrun-plugin:1.8:run (javadoc.resources) @ commons-lang3 ---
[INFO] Executing tasks

main:
     [copy] Copying 2 files to /home/tasfia/Desktop/OE25-DEV/projects_decomposed/commons-lang3/target/apidocs/META-INF
[INFO] Executed tasks
[INFO] 
[INFO] --- maven-remote-resources-plugin:1.7.0:process (process-resource-bundles) @ commons-lang3 ---
[INFO] Skipping remote resources execution.
[INFO] 
[INFO] --- buildnumber-maven-plugin:1.4:create (default) @ commons-lang3 ---
[INFO] Executing: /bin/sh -c cd '/home/tasfia/Desktop/OE25-DEV/projects_decomposed/commons-lang3' && 'git' 'rev-parse' '--verify' 'HEAD'
[INFO] Working directory: /home/tasfia/Desktop/OE25-DEV/projects_decomposed/commons-lang3
[INFO] Storing buildNumber: 50f9695826a20b01448b75f2f68cb1e82f3ecfc0 at timestamp: 1769121160537
[INFO] Storing buildScmBranch: jan-22-projects
[INFO] 
[INFO] --- maven-resources-plugin:3.1.0:resources (default-resources) @ commons-lang3 ---
[INFO] Using 'ISO-8859-1' encoding to copy filtered resources.
[INFO] skip non existing resourceDirectory /home/tasfia/Desktop/OE25-DEV/projects_decomposed/commons-lang3/src/main/resources
[INFO] Copying 2 resources to META-INF
[INFO] 
[INFO] --- maven-compiler-plugin:3.8.1:compile (default-compile) @ commons-lang3 ---
[INFO] Changes detected - recompiling the module!
[INFO] Compiling 215 source files to /home/tasfia/Desktop/OE25-DEV/projects_decomposed/commons-lang3/target/classes
[INFO] /home/tasfia/Desktop/OE25-DEV/projects_decomposed/commons-lang3/src/main/java/org/apache/commons/lang3/builder/ToStringStyle.java: Some input files use or override a deprecated API.
[INFO] /home/tasfia/Desktop/OE25-DEV/projects_decomposed/commons-lang3/src/main/java/org/apache/commons/lang3/builder/ToStringStyle.java: Recompile with -Xlint:deprecation for details.
[INFO] /home/tasfia/Desktop/OE25-DEV/projects_decomposed/commons-lang3/src/main/java/org/apache/commons/lang3/function/FailableDoublePredicate.java: Some input files use unchecked or unsafe operations.
[INFO] /home/tasfia/Desktop/OE25-DEV/projects_decomposed/commons-lang3/src/main/java/org/apache/commons/lang3/function/FailableDoublePredicate.java: Recompile with -Xlint:unchecked for details.
[INFO] 
[INFO] --- maven-bundle-plugin:5.1.1:manifest (bundle-manifest) @ commons-lang3 ---
[INFO] 
[INFO] --- maven-resources-plugin:3.1.0:testResources (default-testResources) @ commons-lang3 ---
[INFO] Using 'ISO-8859-1' encoding to copy filtered resources.
[INFO] Copying 2 resources
[INFO] Copying 2 resources to META-INF
[INFO] 
[INFO] --- maven-compiler-plugin:3.8.1:testCompile (default-testCompile) @ commons-lang3 ---
[INFO] Changes detected - recompiling the module!
[INFO] Compiling 321 source files to /home/tasfia/Desktop/OE25-DEV/projects_decomposed/commons-lang3/target/test-classes
[INFO] /home/tasfia/Desktop/OE25-DEV/projects_decomposed/commons-lang3/src/test/java/org/apache/commons/lang3/FunctionsTest.java: Some input files use or override a deprecated API.
[INFO] /home/tasfia/Desktop/OE25-DEV/projects_decomposed/commons-lang3/src/test/java/org/apache/commons/lang3/FunctionsTest.java: Recompile with -Xlint:deprecation for details.
[INFO] /home/tasfia/Desktop/OE25-DEV/projects_decomposed/commons-lang3/src/test/java/org/apache/commons/lang3/builder/DiffBuilderTest.java: Some input files use or override a deprecated API that is marked for removal.
[INFO] /home/tasfia/Desktop/OE25-DEV/projects_decomposed/commons-lang3/src/test/java/org/apache/commons/lang3/builder/DiffBuilderTest.java: Recompile with -Xlint:removal for details.
[INFO] /home/tasfia/Desktop/OE25-DEV/projects_decomposed/commons-lang3/src/test/java/org/apache/commons/lang3/FunctionsTest.java: Some input files use unchecked or unsafe operations.
[INFO] /home/tasfia/Desktop/OE25-DEV/projects_decomposed/commons-lang3/src/test/java/org/apache/commons/lang3/FunctionsTest.java: Recompile with -Xlint:unchecked for details.
[INFO] -------------------------------------------------------------
[ERROR] COMPILATION ERROR : 
[INFO] -------------------------------------------------------------
[ERROR] /home/tasfia/Desktop/OE25-DEV/projects_decomposed/commons-lang3/src/test/java/org/apache/commons/lang3/ObjectUtilsTest_OE25Dev.java:[502,51] cannot find symbol
  symbol:   variable e
  location: class org.apache.commons.lang3.ObjectUtilsTest_OE25Dev
[ERROR] /home/tasfia/Desktop/OE25-DEV/projects_decomposed/commons-lang3/src/test/java/org/apache/commons/lang3/ObjectUtilsTest_OE25Dev.java:[3139,51] cannot find symbol
  symbol:   variable e
  location: class org.apache.commons.lang3.ObjectUtilsTest_OE25Dev
[ERROR] /home/tasfia/Desktop/OE25-DEV/projects_decomposed/commons-lang3/src/test/java/org/apache/commons/lang3/exception/ExceptionUtilsTest_OE25Dev.java:[255,39] incompatible types: cannot infer type-variable(s) T
    (argument mismatch; invalid method reference
      throwsCheckedException() has private access in org.apache.commons.lang3.exception.ExceptionUtilsTest)
[ERROR] /home/tasfia/Desktop/OE25-DEV/projects_decomposed/commons-lang3/src/test/java/org/apache/commons/lang3/exception/ExceptionUtilsTest_OE25Dev.java:[261,58] cannot find symbol
  symbol:   variable ioe
  location: class org.apache.commons.lang3.exception.ExceptionUtilsTest_OE25Dev
[ERROR] /home/tasfia/Desktop/OE25-DEV/projects_decomposed/commons-lang3/src/test/java/org/apache/commons/lang3/exception/ExceptionUtilsTest_OE25Dev.java:[269,9] cannot find symbol
  symbol:   variable ioe
  location: class org.apache.commons.lang3.exception.ExceptionUtilsTest_OE25Dev
[ERROR] /home/tasfia/Desktop/OE25-DEV/projects_decomposed/commons-lang3/src/test/java/org/apache/commons/lang3/exception/ExceptionUtilsTest_OE25Dev.java:[269,27] incompatible types: cannot infer type-variable(s) T
    (argument mismatch; invalid method reference
      redeclareCheckedException() has private access in org.apache.commons.lang3.exception.ExceptionUtilsTest)
[ERROR] /home/tasfia/Desktop/OE25-DEV/projects_decomposed/commons-lang3/src/test/java/org/apache/commons/lang3/exception/ExceptionUtilsTest_OE25Dev.java:[278,58] cannot find symbol
  symbol:   variable ioe
  location: class org.apache.commons.lang3.exception.ExceptionUtilsTest_OE25Dev
[ERROR] /home/tasfia/Desktop/OE25-DEV/projects_decomposed/commons-lang3/src/test/java/org/apache/commons/lang3/exception/ExceptionUtilsTest_OE25Dev.java:[2176,30] cannot find symbol
  symbol:   variable actual
  location: class org.apache.commons.lang3.exception.ExceptionUtilsTest_OE25Dev
[ERROR] /home/tasfia/Desktop/OE25-DEV/projects_decomposed/commons-lang3/src/test/java/org/apache/commons/lang3/exception/ExceptionUtilsTest_OE25Dev.java:[3331,44] cannot find symbol
  symbol:   variable t
  location: class org.apache.commons.lang3.exception.ExceptionUtilsTest_OE25Dev
[ERROR] /home/tasfia/Desktop/OE25-DEV/projects_decomposed/commons-lang3/src/test/java/org/apache/commons/lang3/exception/ExceptionUtilsTest_OE25Dev.java:[3342,44] cannot find symbol
  symbol:   variable t
  location: class org.apache.commons.lang3.exception.ExceptionUtilsTest_OE25Dev
[ERROR] /home/tasfia/Desktop/OE25-DEV/projects_decomposed/commons-lang3/src/test/java/org/apache/commons/lang3/exception/ExceptionUtilsTest_OE25Dev.java:[3353,44] cannot find symbol
  symbol:   variable t
  location: class org.apache.commons.lang3.exception.ExceptionUtilsTest_OE25Dev
[ERROR] /home/tasfia/Desktop/OE25-DEV/projects_decomposed/commons-lang3/src/test/java/org/apache/commons/lang3/exception/ExceptionUtilsTest_OE25Dev.java:[3364,44] cannot find symbol
  symbol:   variable t
  location: class org.apache.commons.lang3.exception.ExceptionUtilsTest_OE25Dev
[ERROR] /home/tasfia/Desktop/OE25-DEV/projects_decomposed/commons-lang3/src/test/java/org/apache/commons/lang3/event/EventUtilsTest_OE25Dev.java:[236,21] incompatible types: void cannot be converted to java.lang.IllegalArgumentException
[ERROR] /home/tasfia/Desktop/OE25-DEV/projects_decomposed/commons-lang3/src/test/java/org/apache/commons/lang3/event/EventUtilsTest_OE25Dev.java:[255,21] incompatible types: void cannot be converted to java.lang.IllegalArgumentException
[INFO] 14 errors 
[INFO] -------------------------------------------------------------
[INFO] ------------------------------------------------------------------------
[INFO] BUILD FAILURE
[INFO] ------------------------------------------------------------------------
[INFO] Total time:  11.218 s
[INFO] Finished at: 2026-01-22T16:32:50-06:00
[INFO] ------------------------------------------------------------------------
[ERROR] Failed to execute goal org.apache.maven.plugins:maven-compiler-plugin:3.8.1:testCompile (default-testCompile) on project commons-lang3: Compilation failure: Compilation failure: 
[ERROR] /home/tasfia/Desktop/OE25-DEV/projects_decomposed/commons-lang3/src/test/java/org/apache/commons/lang3/ObjectUtilsTest_OE25Dev.java:[502,51] cannot find symbol
[ERROR]   symbol:   variable e
[ERROR]   location: class org.apache.commons.lang3.ObjectUtilsTest_OE25Dev
[ERROR] /home/tasfia/Desktop/OE25-DEV/projects_decomposed/commons-lang3/src/test/java/org/apache/commons/lang3/ObjectUtilsTest_OE25Dev.java:[3139,51] cannot find symbol
[ERROR]   symbol:   variable e
[ERROR]   location: class org.apache.commons.lang3.ObjectUtilsTest_OE25Dev
[ERROR] /home/tasfia/Desktop/OE25-DEV/projects_decomposed/commons-lang3/src/test/java/org/apache/commons/lang3/exception/ExceptionUtilsTest_OE25Dev.java:[255,39] incompatible types: cannot infer type-variable(s) T
[ERROR]     (argument mismatch; invalid method reference
[ERROR]       throwsCheckedException() has private access in org.apache.commons.lang3.exception.ExceptionUtilsTest)
[ERROR] /home/tasfia/Desktop/OE25-DEV/projects_decomposed/commons-lang3/src/test/java/org/apache/commons/lang3/exception/ExceptionUtilsTest_OE25Dev.java:[261,58] cannot find symbol
[ERROR]   symbol:   variable ioe
[ERROR]   location: class org.apache.commons.lang3.exception.ExceptionUtilsTest_OE25Dev
[ERROR] /home/tasfia/Desktop/OE25-DEV/projects_decomposed/commons-lang3/src/test/java/org/apache/commons/lang3/exception/ExceptionUtilsTest_OE25Dev.java:[269,9] cannot find symbol
[ERROR]   symbol:   variable ioe
[ERROR]   location: class org.apache.commons.lang3.exception.ExceptionUtilsTest_OE25Dev
[ERROR] /home/tasfia/Desktop/OE25-DEV/projects_decomposed/commons-lang3/src/test/java/org/apache/commons/lang3/exception/ExceptionUtilsTest_OE25Dev.java:[269,27] incompatible types: cannot infer type-variable(s) T
[ERROR]     (argument mismatch; invalid method reference
[ERROR]       redeclareCheckedException() has private access in org.apache.commons.lang3.exception.ExceptionUtilsTest)
[ERROR] /home/tasfia/Desktop/OE25-DEV/projects_decomposed/commons-lang3/src/test/java/org/apache/commons/lang3/exception/ExceptionUtilsTest_OE25Dev.java:[278,58] cannot find symbol
[ERROR]   symbol:   variable ioe
[ERROR]   location: class org.apache.commons.lang3.exception.ExceptionUtilsTest_OE25Dev
[ERROR] /home/tasfia/Desktop/OE25-DEV/projects_decomposed/commons-lang3/src/test/java/org/apache/commons/lang3/exception/ExceptionUtilsTest_OE25Dev.java:[2176,30] cannot find symbol
[ERROR]   symbol:   variable actual
[ERROR]   location: class org.apache.commons.lang3.exception.ExceptionUtilsTest_OE25Dev
[ERROR] /home/tasfia/Desktop/OE25-DEV/projects_decomposed/commons-lang3/src/test/java/org/apache/commons/lang3/exception/ExceptionUtilsTest_OE25Dev.java:[3331,44] cannot find symbol
[ERROR]   symbol:   variable t
[ERROR]   location: class org.apache.commons.lang3.exception.ExceptionUtilsTest_OE25Dev
[ERROR] /home/tasfia/Desktop/OE25-DEV/projects_decomposed/commons-lang3/src/test/java/org/apache/commons/lang3/exception/ExceptionUtilsTest_OE25Dev.java:[3342,44] cannot find symbol
[ERROR]   symbol:   variable t
[ERROR]   location: class org.apache.commons.lang3.exception.ExceptionUtilsTest_OE25Dev
[ERROR] /home/tasfia/Desktop/OE25-DEV/projects_decomposed/commons-lang3/src/test/java/org/apache/commons/lang3/exception/ExceptionUtilsTest_OE25Dev.java:[3353,44] cannot find symbol
[ERROR]   symbol:   variable t
[ERROR]   location: class org.apache.commons.lang3.exception.ExceptionUtilsTest_OE25Dev
[ERROR] /home/tasfia/Desktop/OE25-DEV/projects_decomposed/commons-lang3/src/test/java/org/apache/commons/lang3/exception/ExceptionUtilsTest_OE25Dev.java:[3364,44] cannot find symbol
[ERROR]   symbol:   variable t
[ERROR]   location: class org.apache.commons.lang3.exception.ExceptionUtilsTest_OE25Dev
[ERROR] /home/tasfia/Desktop/OE25-DEV/projects_decomposed/commons-lang3/src/test/java/org/apache/commons/lang3/event/EventUtilsTest_OE25Dev.java:[236,21] incompatible types: void cannot be converted to java.lang.IllegalArgumentException
[ERROR] /home/tasfia/Desktop/OE25-DEV/projects_decomposed/commons-lang3/src/test/java/org/apache/commons/lang3/event/EventUtilsTest_OE25Dev.java:[255,21] incompatible types: void cannot be converted to java.lang.IllegalArgumentException
[ERROR] -> [Help 1]
[ERROR] 
[ERROR] To see the full stack trace of the errors, re-run Maven with the -e switch.
[ERROR] Re-run Maven using the -X switch to enable full debug logging.
[ERROR] 
[ERROR] For more information about the errors and possible solutions, please read the following articles:
[ERROR] [Help 1] http://cwiki.apache.org/confluence/display/MAVEN/MojoFailureException
