[INFO] Scanning for projects...
[INFO] 
[INFO] ------------------< org.apache.commons:commons-lang3 >------------------
[INFO] Building Apache Commons Lang 3.12.0
[INFO] --------------------------------[ jar ]---------------------------------
[INFO] 
[INFO] --- maven-enforcer-plugin:3.0.0-M3:enforce (enforce-maven-version) @ commons-lang3 ---
[INFO] 
[INFO] --- maven-enforcer-plugin:3.0.0-M3:enforce (enforce-maven-3) @ commons-lang3 ---
[INFO] 
[INFO] --- apache-rat-plugin:0.13:check (rat-check) @ commons-lang3 ---
[INFO] RAT will not execute since it is configured to be skipped via system property 'rat.skip'.
[INFO] 
[INFO] --- build-helper-maven-plugin:3.2.0:parse-version (parse-version) @ commons-lang3 ---
[INFO] 
[INFO] --- maven-antrun-plugin:1.8:run (javadoc.resources) @ commons-lang3 ---
[INFO] Executing tasks

main:
     [copy] Copying 2 files to /home/tasfia/Desktop/OE25-DEV/projects_decomposed/commons-lang3/target/apidocs/META-INF
[INFO] Executed tasks
[INFO] 
[INFO] --- maven-remote-resources-plugin:1.7.0:process (process-resource-bundles) @ commons-lang3 ---
[INFO] Skipping remote resources execution.
[INFO] 
[INFO] --- buildnumber-maven-plugin:1.4:create (default) @ commons-lang3 ---
[INFO] Executing: /bin/sh -c cd '/home/tasfia/Desktop/OE25-DEV/projects_decomposed/commons-lang3' && 'git' 'rev-parse' '--verify' 'HEAD'
[INFO] Working directory: /home/tasfia/Desktop/OE25-DEV/projects_decomposed/commons-lang3
[INFO] Storing buildNumber: 50f9695826a20b01448b75f2f68cb1e82f3ecfc0 at timestamp: 1769121171418
[INFO] Storing buildScmBranch: jan-22-projects
[INFO] 
[INFO] --- maven-resources-plugin:3.1.0:resources (default-resources) @ commons-lang3 ---
[INFO] Using 'ISO-8859-1' encoding to copy filtered resources.
[INFO] skip non existing resourceDirectory /home/tasfia/Desktop/OE25-DEV/projects_decomposed/commons-lang3/src/main/resources
[INFO] Copying 2 resources to META-INF
[INFO] 
[INFO] --- maven-compiler-plugin:3.8.1:compile (default-compile) @ commons-lang3 ---
[INFO] Changes detected - recompiling the module!
[INFO] Compiling 215 source files to /home/tasfia/Desktop/OE25-DEV/projects_decomposed/commons-lang3/target/classes
[INFO] /home/tasfia/Desktop/OE25-DEV/projects_decomposed/commons-lang3/src/main/java/org/apache/commons/lang3/builder/ToStringStyle.java: Some input files use or override a deprecated API.
[INFO] /home/tasfia/Desktop/OE25-DEV/projects_decomposed/commons-lang3/src/main/java/org/apache/commons/lang3/builder/ToStringStyle.java: Recompile with -Xlint:deprecation for details.
[INFO] /home/tasfia/Desktop/OE25-DEV/projects_decomposed/commons-lang3/src/main/java/org/apache/commons/lang3/function/FailableDoublePredicate.java: Some input files use unchecked or unsafe operations.
[INFO] /home/tasfia/Desktop/OE25-DEV/projects_decomposed/commons-lang3/src/main/java/org/apache/commons/lang3/function/FailableDoublePredicate.java: Recompile with -Xlint:unchecked for details.
[INFO] 
[INFO] --- maven-bundle-plugin:5.1.1:manifest (bundle-manifest) @ commons-lang3 ---
[INFO] 
[INFO] --- maven-resources-plugin:3.1.0:testResources (default-testResources) @ commons-lang3 ---
[INFO] Using 'ISO-8859-1' encoding to copy filtered resources.
[INFO] Copying 2 resources
[INFO] Copying 2 resources to META-INF
[INFO] 
[INFO] --- maven-compiler-plugin:3.8.1:testCompile (default-testCompile) @ commons-lang3 ---
[INFO] Changes detected - recompiling the module!
[INFO] Compiling 318 source files to /home/tasfia/Desktop/OE25-DEV/projects_decomposed/commons-lang3/target/test-classes
[INFO] /home/tasfia/Desktop/OE25-DEV/projects_decomposed/commons-lang3/src/test/java/org/apache/commons/lang3/FunctionsTest.java: Some input files use or override a deprecated API.
[INFO] /home/tasfia/Desktop/OE25-DEV/projects_decomposed/commons-lang3/src/test/java/org/apache/commons/lang3/FunctionsTest.java: Recompile with -Xlint:deprecation for details.
[INFO] /home/tasfia/Desktop/OE25-DEV/projects_decomposed/commons-lang3/src/test/java/org/apache/commons/lang3/builder/DiffBuilderTest.java: Some input files use or override a deprecated API that is marked for removal.
[INFO] /home/tasfia/Desktop/OE25-DEV/projects_decomposed/commons-lang3/src/test/java/org/apache/commons/lang3/builder/DiffBuilderTest.java: Recompile with -Xlint:removal for details.
[INFO] /home/tasfia/Desktop/OE25-DEV/projects_decomposed/commons-lang3/src/test/java/org/apache/commons/lang3/FunctionsTest.java: Some input files use unchecked or unsafe operations.
[INFO] /home/tasfia/Desktop/OE25-DEV/projects_decomposed/commons-lang3/src/test/java/org/apache/commons/lang3/FunctionsTest.java: Recompile with -Xlint:unchecked for details.
[INFO] 
[INFO] --- animal-sniffer-maven-plugin:1.19:check (checkAPIcompatibility) @ commons-lang3 ---
[INFO] Checking unresolved references to org.codehaus.mojo.signature:java18:1.0
[INFO] /home/tasfia/Desktop/OE25-DEV/projects_decomposed/commons-lang3/src/test/java/org/apache/commons/lang3/text/StrBuilderTest.java:1843: Covariant return type change detected: java.nio.Buffer java.nio.CharBuffer.flip() has been changed to java.nio.CharBuffer java.nio.CharBuffer.flip()
[INFO] /home/tasfia/Desktop/OE25-DEV/projects_decomposed/commons-lang3/src/test/java/org/apache/commons/lang3/text/StrBuilderTest.java:1893: Covariant return type change detected: java.nio.Buffer java.nio.CharBuffer.flip() has been changed to java.nio.CharBuffer java.nio.CharBuffer.flip()
[INFO] /home/tasfia/Desktop/OE25-DEV/projects_decomposed/commons-lang3/src/test/java/org/apache/commons/lang3/text/StrBuilderTest_OE25Dev.java:12775: Covariant return type change detected: java.nio.Buffer java.nio.CharBuffer.flip() has been changed to java.nio.CharBuffer java.nio.CharBuffer.flip()
[INFO] /home/tasfia/Desktop/OE25-DEV/projects_decomposed/commons-lang3/src/test/java/org/apache/commons/lang3/text/StrBuilderTest_OE25Dev.java:12785: Covariant return type change detected: java.nio.Buffer java.nio.CharBuffer.flip() has been changed to java.nio.CharBuffer java.nio.CharBuffer.flip()
[INFO] /home/tasfia/Desktop/OE25-DEV/projects_decomposed/commons-lang3/src/test/java/org/apache/commons/lang3/text/StrBuilderTest_OE25Dev.java:12834: Covariant return type change detected: java.nio.Buffer java.nio.CharBuffer.flip() has been changed to java.nio.CharBuffer java.nio.CharBuffer.flip()
[INFO] 
[INFO] --- jacoco-maven-plugin:0.8.6:prepare-agent (prepare-agent) @ commons-lang3 ---
[INFO] Skipping JaCoCo execution because property jacoco.skip is set.
[INFO] 
[INFO] --- maven-surefire-plugin:3.0.0-M5:test (default-test) @ commons-lang3 ---
[INFO] 
[INFO] -------------------------------------------------------
[INFO]  T E S T S
[INFO] -------------------------------------------------------
[INFO] Running org.apache.commons.lang3.mutable.MutableDoubleTest_OE25Dev
[INFO] Tests run: 75, Failures: 0, Errors: 0, Skipped: 0, Time elapsed: 0.032 s - in org.apache.commons.lang3.mutable.MutableDoubleTest_OE25Dev
[INFO] Running org.apache.commons.lang3.text.translate.LookupTranslatorTest_OE25Dev
[INFO] Tests run: 4, Failures: 0, Errors: 0, Skipped: 0, Time elapsed: 0.001 s - in org.apache.commons.lang3.text.translate.LookupTranslatorTest_OE25Dev
[INFO] Running org.apache.commons.lang3.concurrent.locks.LockingVisitorsTest_OE25Dev
[INFO] Tests run: 8, Failures: 0, Errors: 0, Skipped: 0, Time elapsed: 33.064 s - in org.apache.commons.lang3.concurrent.locks.LockingVisitorsTest_OE25Dev
[INFO] Running org.apache.commons.lang3.builder.ToStringBuilderTest_OE25Dev
[ERROR] Tests run: 289, Failures: 131, Errors: 2, Skipped: 0, Time elapsed: 0.063 s <<< FAILURE! - in org.apache.commons.lang3.builder.ToStringBuilderTest_OE25Dev
[ERROR] org.apache.commons.lang3.builder.ToStringBuilderTest_OE25Dev.test_setUpToClass_invalid_1_oe  Time elapsed: 0.001 s  <<< FAILURE!
org.opentest4j.AssertionFailedError: Expected null, actual: {5=null} ==> expected: <null> but was: <{5=null}>
	at org.apache.commons.lang3.builder.ToStringBuilderTest_OE25Dev.validateNullToStringStyleRegistry(ToStringBuilderTest_OE25Dev.java:255)
	at org.apache.commons.lang3.builder.ToStringBuilderTest_OE25Dev.after(ToStringBuilderTest_OE25Dev.java:48)

[ERROR] org.apache.commons.lang3.builder.ToStringBuilderTest_OE25Dev.testAppendToStringUsingMultiLineStyle_1_oe  Time elapsed: 0 s  <<< FAILURE!
org.opentest4j.AssertionFailedError: Expected null, actual: {5=null} ==> expected: <null> but was: <{5=null}>
	at org.apache.commons.lang3.builder.ToStringBuilderTest_OE25Dev.validateNullToStringStyleRegistry(ToStringBuilderTest_OE25Dev.java:255)
	at org.apache.commons.lang3.builder.ToStringBuilderTest_OE25Dev.after(ToStringBuilderTest_OE25Dev.java:48)

[ERROR] org.apache.commons.lang3.builder.ToStringBuilderTest_OE25Dev.testReflectionDoubleArrayArray_1_oe  Time elapsed: 0.001 s  <<< FAILURE!
org.opentest4j.AssertionFailedError: Expected null, actual: {5=null} ==> expected: <null> but was: <{5=null}>
	at org.apache.commons.lang3.builder.ToStringBuilderTest_OE25Dev.validateNullToStringStyleRegistry(ToStringBuilderTest_OE25Dev.java:255)
	at org.apache.commons.lang3.builder.ToStringBuilderTest_OE25Dev.after(ToStringBuilderTest_OE25Dev.java:48)

[ERROR] org.apache.commons.lang3.builder.ToStringBuilderTest_OE25Dev.testConstructToStringBuilder_1_oe  Time elapsed: 0 s  <<< FAILURE!
org.opentest4j.AssertionFailedError: Expected null, actual: {5=null} ==> expected: <null> but was: <{5=null}>
	at org.apache.commons.lang3.builder.ToStringBuilderTest_OE25Dev.validateNullToStringStyleRegistry(ToStringBuilderTest_OE25Dev.java:255)
	at org.apache.commons.lang3.builder.ToStringBuilderTest_OE25Dev.after(ToStringBuilderTest_OE25Dev.java:48)

[ERROR] org.apache.commons.lang3.builder.ToStringBuilderTest_OE25Dev.testConstructToStringBuilder_2_oe  Time elapsed: 0 s  <<< FAILURE!
org.opentest4j.AssertionFailedError: Expected null, actual: {5=null} ==> expected: <null> but was: <{5=null}>
	at org.apache.commons.lang3.builder.ToStringBuilderTest_OE25Dev.validateNullToStringStyleRegistry(ToStringBuilderTest_OE25Dev.java:255)
	at org.apache.commons.lang3.builder.ToStringBuilderTest_OE25Dev.after(ToStringBuilderTest_OE25Dev.java:48)

[ERROR] org.apache.commons.lang3.builder.ToStringBuilderTest_OE25Dev.testConstructToStringBuilder_4_oe  Time elapsed: 0.001 s  <<< FAILURE!
org.opentest4j.AssertionFailedError: Expected null, actual: {5=null} ==> expected: <null> but was: <{5=null}>
	at org.apache.commons.lang3.builder.ToStringBuilderTest_OE25Dev.validateNullToStringStyleRegistry(ToStringBuilderTest_OE25Dev.java:255)
	at org.apache.commons.lang3.builder.ToStringBuilderTest_OE25Dev.after(ToStringBuilderTest_OE25Dev.java:48)

[ERROR] org.apache.commons.lang3.builder.ToStringBuilderTest_OE25Dev.testConstructToStringBuilder_5_oe  Time elapsed: 0 s  <<< FAILURE!
org.opentest4j.AssertionFailedError: Expected null, actual: {5=null} ==> expected: <null> but was: <{5=null}>
	at org.apache.commons.lang3.builder.ToStringBuilderTest_OE25Dev.validateNullToStringStyleRegistry(ToStringBuilderTest_OE25Dev.java:255)
	at org.apache.commons.lang3.builder.ToStringBuilderTest_OE25Dev.after(ToStringBuilderTest_OE25Dev.java:48)

[ERROR] org.apache.commons.lang3.builder.ToStringBuilderTest_OE25Dev.testReflectionHierarchyArrayList_1_oe  Time elapsed: 0.001 s  <<< ERROR!
java.lang.reflect.InaccessibleObjectException: Unable to make field private static final java.lang.Object[] java.util.ArrayList.DEFAULTCAPACITY_EMPTY_ELEMENTDATA accessible: module java.base does not "opens java.util" to unnamed module @76f2b07d
	at org.apache.commons.lang3.builder.ToStringBuilderTest_OE25Dev.testReflectionHierarchyArrayList_1_oe(ToStringBuilderTest_OE25Dev.java:549)

[ERROR] org.apache.commons.lang3.builder.ToStringBuilderTest_OE25Dev.testReflectionHierarchyArrayList_2_oe  Time elapsed: 0.001 s  <<< ERROR!
java.lang.reflect.InaccessibleObjectException: Unable to make field private static final java.lang.Object[] java.util.ArrayList.DEFAULTCAPACITY_EMPTY_ELEMENTDATA accessible: module java.base does not "opens java.util" to unnamed module @76f2b07d
	at org.apache.commons.lang3.builder.ToStringBuilderTest_OE25Dev.testReflectionHierarchyArrayList_2_oe(ToStringBuilderTest_OE25Dev.java:561)

[ERROR] org.apache.commons.lang3.builder.ToStringBuilderTest_OE25Dev.testReflectionIntArray_1_oe  Time elapsed: 0 s  <<< FAILURE!
org.opentest4j.AssertionFailedError: Expected null, actual: {[]=null} ==> expected: <null> but was: <{[]=null}>
	at org.apache.commons.lang3.builder.ToStringBuilderTest_OE25Dev.validateNullToStringStyleRegistry(ToStringBuilderTest_OE25Dev.java:255)
	at org.apache.commons.lang3.builder.ToStringBuilderTest_OE25Dev.after(ToStringBuilderTest_OE25Dev.java:48)

[ERROR] org.apache.commons.lang3.builder.ToStringBuilderTest_OE25Dev.testReflectionArrayArrayCycle_1_oe  Time elapsed: 0 s  <<< FAILURE!
org.opentest4j.AssertionFailedError: Expected null, actual: {[]=null} ==> expected: <null> but was: <{[]=null}>
	at org.apache.commons.lang3.builder.ToStringBuilderTest_OE25Dev.validateNullToStringStyleRegistry(ToStringBuilderTest_OE25Dev.java:255)
	at org.apache.commons.lang3.builder.ToStringBuilderTest_OE25Dev.after(ToStringBuilderTest_OE25Dev.java:48)

[ERROR] org.apache.commons.lang3.builder.ToStringBuilderTest_OE25Dev.testCharArrayArray_1_oe  Time elapsed: 0 s  <<< FAILURE!
org.opentest4j.AssertionFailedError: Expected null, actual: {[]=null} ==> expected: <null> but was: <{[]=null}>
	at org.apache.commons.lang3.builder.ToStringBuilderTest_OE25Dev.validateNullToStringStyleRegistry(ToStringBuilderTest_OE25Dev.java:255)
	at org.apache.commons.lang3.builder.ToStringBuilderTest_OE25Dev.after(ToStringBuilderTest_OE25Dev.java:48)

[ERROR] org.apache.commons.lang3.builder.ToStringBuilderTest_OE25Dev.testCharArrayArray_2_oe  Time elapsed: 0 s  <<< FAILURE!
org.opentest4j.AssertionFailedError: Expected null, actual: {[]=null} ==> expected: <null> but was: <{[]=null}>
	at org.apache.commons.lang3.builder.ToStringBuilderTest_OE25Dev.validateNullToStringStyleRegistry(ToStringBuilderTest_OE25Dev.java:255)
	at org.apache.commons.lang3.builder.ToStringBuilderTest_OE25Dev.after(ToStringBuilderTest_OE25Dev.java:48)

[ERROR] org.apache.commons.lang3.builder.ToStringBuilderTest_OE25Dev.testCharArrayArray_3_oe  Time elapsed: 0 s  <<< FAILURE!
org.opentest4j.AssertionFailedError: Expected null, actual: {[]=null} ==> expected: <null> but was: <{[]=null}>
	at org.apache.commons.lang3.builder.ToStringBuilderTest_OE25Dev.validateNullToStringStyleRegistry(ToStringBuilderTest_OE25Dev.java:255)
	at org.apache.commons.lang3.builder.ToStringBuilderTest_OE25Dev.after(ToStringBuilderTest_OE25Dev.java:48)

[ERROR] org.apache.commons.lang3.builder.ToStringBuilderTest_OE25Dev.testCharArrayArray_4_oe  Time elapsed: 0.001 s  <<< FAILURE!
org.opentest4j.AssertionFailedError: Expected null, actual: {[]=null} ==> expected: <null> but was: <{[]=null}>
	at org.apache.commons.lang3.builder.ToStringBuilderTest_OE25Dev.validateNullToStringStyleRegistry(ToStringBuilderTest_OE25Dev.java:255)
	at org.apache.commons.lang3.builder.ToStringBuilderTest_OE25Dev.after(ToStringBuilderTest_OE25Dev.java:48)

[ERROR] org.apache.commons.lang3.builder.ToStringBuilderTest_OE25Dev.testLongArrayArray_1_oe  Time elapsed: 0 s  <<< FAILURE!
org.opentest4j.AssertionFailedError: Expected null, actual: {[]=null} ==> expected: <null> but was: <{[]=null}>
	at org.apache.commons.lang3.builder.ToStringBuilderTest_OE25Dev.validateNullToStringStyleRegistry(ToStringBuilderTest_OE25Dev.java:255)
	at org.apache.commons.lang3.builder.ToStringBuilderTest_OE25Dev.after(ToStringBuilderTest_OE25Dev.java:48)

[ERROR] org.apache.commons.lang3.builder.ToStringBuilderTest_OE25Dev.testLongArrayArray_2_oe  Time elapsed: 0 s  <<< FAILURE!
org.opentest4j.AssertionFailedError: Expected null, actual: {[]=null} ==> expected: <null> but was: <{[]=null}>
	at org.apache.commons.lang3.builder.ToStringBuilderTest_OE25Dev.validateNullToStringStyleRegistry(ToStringBuilderTest_OE25Dev.java:255)
	at org.apache.commons.lang3.builder.ToStringBuilderTest_OE25Dev.after(ToStringBuilderTest_OE25Dev.java:48)

[ERROR] org.apache.commons.lang3.builder.ToStringBuilderTest_OE25Dev.testLongArrayArray_3_oe  Time elapsed: 0 s  <<< FAILURE!
org.opentest4j.AssertionFailedError: Expected null, actual: {[]=null} ==> expected: <null> but was: <{[]=null}>
	at org.apache.commons.lang3.builder.ToStringBuilderTest_OE25Dev.validateNullToStringStyleRegistry(ToStringBuilderTest_OE25Dev.java:255)
	at org.apache.commons.lang3.builder.ToStringBuilderTest_OE25Dev.after(ToStringBuilderTest_OE25Dev.java:48)

[ERROR] org.apache.commons.lang3.builder.ToStringBuilderTest_OE25Dev.testLongArrayArray_4_oe  Time elapsed: 0 s  <<< FAILURE!
org.opentest4j.AssertionFailedError: Expected null, actual: {[]=null} ==> expected: <null> but was: <{[]=null}>
	at org.apache.commons.lang3.builder.ToStringBuilderTest_OE25Dev.validateNullToStringStyleRegistry(ToStringBuilderTest_OE25Dev.java:255)
	at org.apache.commons.lang3.builder.ToStringBuilderTest_OE25Dev.after(ToStringBuilderTest_OE25Dev.java:48)

[ERROR] org.apache.commons.lang3.builder.ToStringBuilderTest_OE25Dev.testReflectionArrayAndObjectCycle_1_oe  Time elapsed: 0 s  <<< FAILURE!
org.opentest4j.AssertionFailedError: Expected null, actual: {[]=null} ==> expected: <null> but was: <{[]=null}>
	at org.apache.commons.lang3.builder.ToStringBuilderTest_OE25Dev.validateNullToStringStyleRegistry(ToStringBuilderTest_OE25Dev.java:255)
	at org.apache.commons.lang3.builder.ToStringBuilderTest_OE25Dev.after(ToStringBuilderTest_OE25Dev.java:48)

[ERROR] org.apache.commons.lang3.builder.ToStringBuilderTest_OE25Dev.testReflectionArrayAndObjectCycle_2_oe  Time elapsed: 0 s  <<< FAILURE!
org.opentest4j.AssertionFailedError: Expected null, actual: {[]=null} ==> expected: <null> but was: <{[]=null}>
	at org.apache.commons.lang3.builder.ToStringBuilderTest_OE25Dev.validateNullToStringStyleRegistry(ToStringBuilderTest_OE25Dev.java:255)
	at org.apache.commons.lang3.builder.ToStringBuilderTest_OE25Dev.after(ToStringBuilderTest_OE25Dev.java:48)

[ERROR] org.apache.commons.lang3.builder.ToStringBuilderTest_OE25Dev.testAppendObjectArrayWithFieldName_1_oe  Time elapsed: 0 s  <<< FAILURE!
org.opentest4j.AssertionFailedError: Expected null, actual: {[]=null} ==> expected: <null> but was: <{[]=null}>
	at org.apache.commons.lang3.builder.ToStringBuilderTest_OE25Dev.validateNullToStringStyleRegistry(ToStringBuilderTest_OE25Dev.java:255)
	at org.apache.commons.lang3.builder.ToStringBuilderTest_OE25Dev.after(ToStringBuilderTest_OE25Dev.java:48)

[ERROR] org.apache.commons.lang3.builder.ToStringBuilderTest_OE25Dev.testAppendObjectArrayWithFieldName_2_oe  Time elapsed: 0 s  <<< FAILURE!
org.opentest4j.AssertionFailedError: Expected null, actual: {[]=null} ==> expected: <null> but was: <{[]=null}>
	at org.apache.commons.lang3.builder.ToStringBuilderTest_OE25Dev.validateNullToStringStyleRegistry(ToStringBuilderTest_OE25Dev.java:255)
	at org.apache.commons.lang3.builder.ToStringBuilderTest_OE25Dev.after(ToStringBuilderTest_OE25Dev.java:48)

[ERROR] org.apache.commons.lang3.builder.ToStringBuilderTest_OE25Dev.testAppendObjectArrayWithFieldName_3_oe  Time elapsed: 0 s  <<< FAILURE!
org.opentest4j.AssertionFailedError: Expected null, actual: {[]=null} ==> expected: <null> but was: <{[]=null}>
	at org.apache.commons.lang3.builder.ToStringBuilderTest_OE25Dev.validateNullToStringStyleRegistry(ToStringBuilderTest_OE25Dev.java:255)
	at org.apache.commons.lang3.builder.ToStringBuilderTest_OE25Dev.after(ToStringBuilderTest_OE25Dev.java:48)

[ERROR] org.apache.commons.lang3.builder.ToStringBuilderTest_OE25Dev.testAppendObjectArrayWithFieldName_4_oe  Time elapsed: 0 s  <<< FAILURE!
org.opentest4j.AssertionFailedError: Expected null, actual: {[]=null} ==> expected: <null> but was: <{[]=null}>
	at org.apache.commons.lang3.builder.ToStringBuilderTest_OE25Dev.validateNullToStringStyleRegistry(ToStringBuilderTest_OE25Dev.java:255)
	at org.apache.commons.lang3.builder.ToStringBuilderTest_OE25Dev.after(ToStringBuilderTest_OE25Dev.java:48)

[ERROR] org.apache.commons.lang3.builder.ToStringBuilderTest_OE25Dev.testReflectionBooleanArrayArray_1_oe  Time elapsed: 0.001 s  <<< FAILURE!
org.opentest4j.AssertionFailedError: Expected null, actual: {[]=null} ==> expected: <null> but was: <{[]=null}>
	at org.apache.commons.lang3.builder.ToStringBuilderTest_OE25Dev.validateNullToStringStyleRegistry(ToStringBuilderTest_OE25Dev.java:255)
	at org.apache.commons.lang3.builder.ToStringBuilderTest_OE25Dev.after(ToStringBuilderTest_OE25Dev.java:48)

[ERROR] org.apache.commons.lang3.builder.ToStringBuilderTest_OE25Dev.testReflectionBooleanArrayArray_2_oe  Time elapsed: 0 s  <<< FAILURE!
org.opentest4j.AssertionFailedError: Expected null, actual: {[]=null} ==> expected: <null> but was: <{[]=null}>
	at org.apache.commons.lang3.builder.ToStringBuilderTest_OE25Dev.validateNullToStringStyleRegistry(ToStringBuilderTest_OE25Dev.java:255)
	at org.apache.commons.lang3.builder.ToStringBuilderTest_OE25Dev.after(ToStringBuilderTest_OE25Dev.java:48)

[ERROR] org.apache.commons.lang3.builder.ToStringBuilderTest_OE25Dev.testInnerClassReflection_1_oe  Time elapsed: 0 s  <<< FAILURE!
org.opentest4j.AssertionFailedError: Expected null, actual: {[]=null} ==> expected: <null> but was: <{[]=null}>
	at org.apache.commons.lang3.builder.ToStringBuilderTest_OE25Dev.validateNullToStringStyleRegistry(ToStringBuilderTest_OE25Dev.java:255)
	at org.apache.commons.lang3.builder.ToStringBuilderTest_OE25Dev.after(ToStringBuilderTest_OE25Dev.java:48)

[ERROR] org.apache.commons.lang3.builder.ToStringBuilderTest_OE25Dev.testReflectionBooleanArray_1_oe  Time elapsed: 0 s  <<< FAILURE!
org.opentest4j.AssertionFailedError: Expected null, actual: {[]=null} ==> expected: <null> but was: <{[]=null}>
	at org.apache.commons.lang3.builder.ToStringBuilderTest_OE25Dev.validateNullToStringStyleRegistry(ToStringBuilderTest_OE25Dev.java:255)
	at org.apache.commons.lang3.builder.ToStringBuilderTest_OE25Dev.after(ToStringBuilderTest_OE25Dev.java:48)

[ERROR] org.apache.commons.lang3.builder.ToStringBuilderTest_OE25Dev.testAppendFloatArrayWithFieldName_1_oe  Time elapsed: 0.001 s  <<< FAILURE!
org.opentest4j.AssertionFailedError: Expected null, actual: {[]=null} ==> expected: <null> but was: <{[]=null}>
	at org.apache.commons.lang3.builder.ToStringBuilderTest_OE25Dev.validateNullToStringStyleRegistry(ToStringBuilderTest_OE25Dev.java:255)
	at org.apache.commons.lang3.builder.ToStringBuilderTest_OE25Dev.after(ToStringBuilderTest_OE25Dev.java:48)

[ERROR] org.apache.commons.lang3.builder.ToStringBuilderTest_OE25Dev.testAppendFloatArrayWithFieldName_2_oe  Time elapsed: 0 s  <<< FAILURE!
org.opentest4j.AssertionFailedError: Expected null, actual: {[]=null} ==> expected: <null> but was: <{[]=null}>
	at org.apache.commons.lang3.builder.ToStringBuilderTest_OE25Dev.validateNullToStringStyleRegistry(ToStringBuilderTest_OE25Dev.java:255)
	at org.apache.commons.lang3.builder.ToStringBuilderTest_OE25Dev.after(ToStringBuilderTest_OE25Dev.java:48)

[ERROR] org.apache.commons.lang3.builder.ToStringBuilderTest_OE25Dev.testAppendFloatArrayWithFieldName_3_oe  Time elapsed: 0 s  <<< FAILURE!
org.opentest4j.AssertionFailedError: Expected null, actual: {[]=null} ==> expected: <null> but was: <{[]=null}>
	at org.apache.commons.lang3.builder.ToStringBuilderTest_OE25Dev.validateNullToStringStyleRegistry(ToStringBuilderTest_OE25Dev.java:255)
	at org.apache.commons.lang3.builder.ToStringBuilderTest_OE25Dev.after(ToStringBuilderTest_OE25Dev.java:48)

[ERROR] org.apache.commons.lang3.builder.ToStringBuilderTest_OE25Dev.testAppendFloatArrayWithFieldName_4_oe  Time elapsed: 0 s  <<< FAILURE!
org.opentest4j.AssertionFailedError: Expected null, actual: {[]=null} ==> expected: <null> but was: <{[]=null}>
	at org.apache.commons.lang3.builder.ToStringBuilderTest_OE25Dev.validateNullToStringStyleRegistry(ToStringBuilderTest_OE25Dev.java:255)
	at org.apache.commons.lang3.builder.ToStringBuilderTest_OE25Dev.after(ToStringBuilderTest_OE25Dev.java:48)

[ERROR] org.apache.commons.lang3.builder.ToStringBuilderTest_OE25Dev.testReflectionArrayCycleLevel2_1_oe  Time elapsed: 0 s  <<< FAILURE!
org.opentest4j.AssertionFailedError: Expected null, actual: {[]=null} ==> expected: <null> but was: <{[]=null}>
	at org.apache.commons.lang3.builder.ToStringBuilderTest_OE25Dev.validateNullToStringStyleRegistry(ToStringBuilderTest_OE25Dev.java:255)
	at org.apache.commons.lang3.builder.ToStringBuilderTest_OE25Dev.after(ToStringBuilderTest_OE25Dev.java:48)

[ERROR] org.apache.commons.lang3.builder.ToStringBuilderTest_OE25Dev.testReflectionArrayCycleLevel2_2_oe  Time elapsed: 0 s  <<< FAILURE!
org.opentest4j.AssertionFailedError: Expected null, actual: {[]=null} ==> expected: <null> but was: <{[]=null}>
	at org.apache.commons.lang3.builder.ToStringBuilderTest_OE25Dev.validateNullToStringStyleRegistry(ToStringBuilderTest_OE25Dev.java:255)
	at org.apache.commons.lang3.builder.ToStringBuilderTest_OE25Dev.after(ToStringBuilderTest_OE25Dev.java:48)

[ERROR] org.apache.commons.lang3.builder.ToStringBuilderTest_OE25Dev.testIntArrayArray_1_oe  Time elapsed: 0 s  <<< FAILURE!
org.opentest4j.AssertionFailedError: Expected null, actual: {[]=null} ==> expected: <null> but was: <{[]=null}>
	at org.apache.commons.lang3.builder.ToStringBuilderTest_OE25Dev.validateNullToStringStyleRegistry(ToStringBuilderTest_OE25Dev.java:255)
	at org.apache.commons.lang3.builder.ToStringBuilderTest_OE25Dev.after(ToStringBuilderTest_OE25Dev.java:48)

[ERROR] org.apache.commons.lang3.builder.ToStringBuilderTest_OE25Dev.testIntArrayArray_2_oe  Time elapsed: 0 s  <<< FAILURE!
org.opentest4j.AssertionFailedError: Expected null, actual: {[]=null} ==> expected: <null> but was: <{[]=null}>
	at org.apache.commons.lang3.builder.ToStringBuilderTest_OE25Dev.validateNullToStringStyleRegistry(ToStringBuilderTest_OE25Dev.java:255)
	at org.apache.commons.lang3.builder.ToStringBuilderTest_OE25Dev.after(ToStringBuilderTest_OE25Dev.java:48)

[ERROR] org.apache.commons.lang3.builder.ToStringBuilderTest_OE25Dev.testIntArrayArray_3_oe  Time elapsed: 0 s  <<< FAILURE!
org.opentest4j.AssertionFailedError: Expected null, actual: {[]=null} ==> expected: <null> but was: <{[]=null}>
	at org.apache.commons.lang3.builder.ToStringBuilderTest_OE25Dev.validateNullToStringStyleRegistry(ToStringBuilderTest_OE25Dev.java:255)
	at org.apache.commons.lang3.builder.ToStringBuilderTest_OE25Dev.after(ToStringBuilderTest_OE25Dev.java:48)

[ERROR] org.apache.commons.lang3.builder.ToStringBuilderTest_OE25Dev.testIntArrayArray_4_oe  Time elapsed: 0 s  <<< FAILURE!
org.opentest4j.AssertionFailedError: Expected null, actual: {[]=null} ==> expected: <null> but was: <{[]=null}>
	at org.apache.commons.lang3.builder.ToStringBuilderTest_OE25Dev.validateNullToStringStyleRegistry(ToStringBuilderTest_OE25Dev.java:255)
	at org.apache.commons.lang3.builder.ToStringBuilderTest_OE25Dev.after(ToStringBuilderTest_OE25Dev.java:48)

[ERROR] org.apache.commons.lang3.builder.ToStringBuilderTest_OE25Dev.testAppendIntArrayWithFieldNameAndFullDetatil_1_oe  Time elapsed: 0 s  <<< FAILURE!
org.opentest4j.AssertionFailedError: Expected null, actual: {[]=null} ==> expected: <null> but was: <{[]=null}>
	at org.apache.commons.lang3.builder.ToStringBuilderTest_OE25Dev.validateNullToStringStyleRegistry(ToStringBuilderTest_OE25Dev.java:255)
	at org.apache.commons.lang3.builder.ToStringBuilderTest_OE25Dev.after(ToStringBuilderTest_OE25Dev.java:48)

[ERROR] org.apache.commons.lang3.builder.ToStringBuilderTest_OE25Dev.testAppendIntArrayWithFieldNameAndFullDetatil_2_oe  Time elapsed: 0.001 s  <<< FAILURE!
org.opentest4j.AssertionFailedError: Expected null, actual: {[]=null} ==> expected: <null> but was: <{[]=null}>
	at org.apache.commons.lang3.builder.ToStringBuilderTest_OE25Dev.validateNullToStringStyleRegistry(ToStringBuilderTest_OE25Dev.java:255)
	at org.apache.commons.lang3.builder.ToStringBuilderTest_OE25Dev.after(ToStringBuilderTest_OE25Dev.java:48)

[ERROR] org.apache.commons.lang3.builder.ToStringBuilderTest_OE25Dev.testAppendIntArrayWithFieldNameAndFullDetatil_3_oe  Time elapsed: 0 s  <<< FAILURE!
org.opentest4j.AssertionFailedError: Expected null, actual: {[]=null} ==> expected: <null> but was: <{[]=null}>
	at org.apache.commons.lang3.builder.ToStringBuilderTest_OE25Dev.validateNullToStringStyleRegistry(ToStringBuilderTest_OE25Dev.java:255)
	at org.apache.commons.lang3.builder.ToStringBuilderTest_OE25Dev.after(ToStringBuilderTest_OE25Dev.java:48)

[ERROR] org.apache.commons.lang3.builder.ToStringBuilderTest_OE25Dev.testAppendIntArrayWithFieldNameAndFullDetatil_4_oe  Time elapsed: 0 s  <<< FAILURE!
org.opentest4j.AssertionFailedError: Expected null, actual: {[]=null} ==> expected: <null> but was: <{[]=null}>
	at org.apache.commons.lang3.builder.ToStringBuilderTest_OE25Dev.validateNullToStringStyleRegistry(ToStringBuilderTest_OE25Dev.java:255)
	at org.apache.commons.lang3.builder.ToStringBuilderTest_OE25Dev.after(ToStringBuilderTest_OE25Dev.java:48)

[ERROR] org.apache.commons.lang3.builder.ToStringBuilderTest_OE25Dev.testAppendIntArrayWithFieldNameAndFullDetatil_5_oe  Time elapsed: 0 s  <<< FAILURE!
org.opentest4j.AssertionFailedError: Expected null, actual: {[]=null} ==> expected: <null> but was: <{[]=null}>
	at org.apache.commons.lang3.builder.ToStringBuilderTest_OE25Dev.validateNullToStringStyleRegistry(ToStringBuilderTest_OE25Dev.java:255)
	at org.apache.commons.lang3.builder.ToStringBuilderTest_OE25Dev.after(ToStringBuilderTest_OE25Dev.java:48)

[ERROR] org.apache.commons.lang3.builder.ToStringBuilderTest_OE25Dev.testLong_1_oe  Time elapsed: 0 s  <<< FAILURE!
org.opentest4j.AssertionFailedError: Expected null, actual: {[]=null} ==> expected: <null> but was: <{[]=null}>
	at org.apache.commons.lang3.builder.ToStringBuilderTest_OE25Dev.validateNullToStringStyleRegistry(ToStringBuilderTest_OE25Dev.java:255)
	at org.apache.commons.lang3.builder.ToStringBuilderTest_OE25Dev.after(ToStringBuilderTest_OE25Dev.java:48)

[ERROR] org.apache.commons.lang3.builder.ToStringBuilderTest_OE25Dev.testLong_2_oe  Time elapsed: 0.001 s  <<< FAILURE!
org.opentest4j.AssertionFailedError: Expected null, actual: {[]=null} ==> expected: <null> but was: <{[]=null}>
	at org.apache.commons.lang3.builder.ToStringBuilderTest_OE25Dev.validateNullToStringStyleRegistry(ToStringBuilderTest_OE25Dev.java:255)
	at org.apache.commons.lang3.builder.ToStringBuilderTest_OE25Dev.after(ToStringBuilderTest_OE25Dev.java:48)

[ERROR] org.apache.commons.lang3.builder.ToStringBuilderTest_OE25Dev.testLong_3_oe  Time elapsed: 0 s  <<< FAILURE!
org.opentest4j.AssertionFailedError: Expected null, actual: {[]=null} ==> expected: <null> but was: <{[]=null}>
	at org.apache.commons.lang3.builder.ToStringBuilderTest_OE25Dev.validateNullToStringStyleRegistry(ToStringBuilderTest_OE25Dev.java:255)
	at org.apache.commons.lang3.builder.ToStringBuilderTest_OE25Dev.after(ToStringBuilderTest_OE25Dev.java:48)

[ERROR] org.apache.commons.lang3.builder.ToStringBuilderTest_OE25Dev.testConstructorEx1_1_oe  Time elapsed: 0 s  <<< FAILURE!
org.opentest4j.AssertionFailedError: Expected null, actual: {[]=null} ==> expected: <null> but was: <{[]=null}>
	at org.apache.commons.lang3.builder.ToStringBuilderTest_OE25Dev.validateNullToStringStyleRegistry(ToStringBuilderTest_OE25Dev.java:255)
	at org.apache.commons.lang3.builder.ToStringBuilderTest_OE25Dev.after(ToStringBuilderTest_OE25Dev.java:48)

[ERROR] org.apache.commons.lang3.builder.ToStringBuilderTest_OE25Dev.testShort_1_oe  Time elapsed: 0 s  <<< FAILURE!
org.opentest4j.AssertionFailedError: Expected null, actual: {[]=null} ==> expected: <null> but was: <{[]=null}>
	at org.apache.commons.lang3.builder.ToStringBuilderTest_OE25Dev.validateNullToStringStyleRegistry(ToStringBuilderTest_OE25Dev.java:255)
	at org.apache.commons.lang3.builder.ToStringBuilderTest_OE25Dev.after(ToStringBuilderTest_OE25Dev.java:48)

[ERROR] org.apache.commons.lang3.builder.ToStringBuilderTest_OE25Dev.testShort_2_oe  Time elapsed: 0 s  <<< FAILURE!
org.opentest4j.AssertionFailedError: Expected null, actual: {[]=null} ==> expected: <null> but was: <{[]=null}>
	at org.apache.commons.lang3.builder.ToStringBuilderTest_OE25Dev.validateNullToStringStyleRegistry(ToStringBuilderTest_OE25Dev.java:255)
	at org.apache.commons.lang3.builder.ToStringBuilderTest_OE25Dev.after(ToStringBuilderTest_OE25Dev.java:48)

[ERROR] org.apache.commons.lang3.builder.ToStringBuilderTest_OE25Dev.testShort_3_oe  Time elapsed: 0 s  <<< FAILURE!
org.opentest4j.AssertionFailedError: Expected null, actual: {[]=null} ==> expected: <null> but was: <{[]=null}>
	at org.apache.commons.lang3.builder.ToStringBuilderTest_OE25Dev.validateNullToStringStyleRegistry(ToStringBuilderTest_OE25Dev.java:255)
	at org.apache.commons.lang3.builder.ToStringBuilderTest_OE25Dev.after(ToStringBuilderTest_OE25Dev.java:48)

[ERROR] org.apache.commons.lang3.builder.ToStringBuilderTest_OE25Dev.testConstructorEx2_1_oe  Time elapsed: 0 s  <<< FAILURE!
org.opentest4j.AssertionFailedError: Expected null, actual: {[]=null} ==> expected: <null> but was: <{[]=null}>
	at org.apache.commons.lang3.builder.ToStringBuilderTest_OE25Dev.validateNullToStringStyleRegistry(ToStringBuilderTest_OE25Dev.java:255)
	at org.apache.commons.lang3.builder.ToStringBuilderTest_OE25Dev.after(ToStringBuilderTest_OE25Dev.java:48)

[ERROR] org.apache.commons.lang3.builder.ToStringBuilderTest_OE25Dev.testConstructorEx3_1_oe  Time elapsed: 0 s  <<< FAILURE!
org.opentest4j.AssertionFailedError: Expected null, actual: {[]=null} ==> expected: <null> but was: <{[]=null}>
	at org.apache.commons.lang3.builder.ToStringBuilderTest_OE25Dev.validateNullToStringStyleRegistry(ToStringBuilderTest_OE25Dev.java:255)
	at org.apache.commons.lang3.builder.ToStringBuilderTest_OE25Dev.after(ToStringBuilderTest_OE25Dev.java:48)

[ERROR] org.apache.commons.lang3.builder.ToStringBuilderTest_OE25Dev.testObjectArray_1_oe  Time elapsed: 0 s  <<< FAILURE!
org.opentest4j.AssertionFailedError: Expected null, actual: {[]=null} ==> expected: <null> but was: <{[]=null}>
	at org.apache.commons.lang3.builder.ToStringBuilderTest_OE25Dev.validateNullToStringStyleRegistry(ToStringBuilderTest_OE25Dev.java:255)
	at org.apache.commons.lang3.builder.ToStringBuilderTest_OE25Dev.after(ToStringBuilderTest_OE25Dev.java:48)

[ERROR] org.apache.commons.lang3.builder.ToStringBuilderTest_OE25Dev.testObjectArray_2_oe  Time elapsed: 0 s  <<< FAILURE!
org.opentest4j.AssertionFailedError: Expected null, actual: {[]=null} ==> expected: <null> but was: <{[]=null}>
	at org.apache.commons.lang3.builder.ToStringBuilderTest_OE25Dev.validateNullToStringStyleRegistry(ToStringBuilderTest_OE25Dev.java:255)
	at org.apache.commons.lang3.builder.ToStringBuilderTest_OE25Dev.after(ToStringBuilderTest_OE25Dev.java:48)

[ERROR] org.apache.commons.lang3.builder.ToStringBuilderTest_OE25Dev.testObjectArray_3_oe  Time elapsed: 0.001 s  <<< FAILURE!
org.opentest4j.AssertionFailedError: Expected null, actual: {[]=null} ==> expected: <null> but was: <{[]=null}>
	at org.apache.commons.lang3.builder.ToStringBuilderTest_OE25Dev.validateNullToStringStyleRegistry(ToStringBuilderTest_OE25Dev.java:255)
	at org.apache.commons.lang3.builder.ToStringBuilderTest_OE25Dev.after(ToStringBuilderTest_OE25Dev.java:48)

[ERROR] org.apache.commons.lang3.builder.ToStringBuilderTest_OE25Dev.testObjectArray_4_oe  Time elapsed: 0 s  <<< FAILURE!
org.opentest4j.AssertionFailedError: Expected null, actual: {[]=null} ==> expected: <null> but was: <{[]=null}>
	at org.apache.commons.lang3.builder.ToStringBuilderTest_OE25Dev.validateNullToStringStyleRegistry(ToStringBuilderTest_OE25Dev.java:255)
	at org.apache.commons.lang3.builder.ToStringBuilderTest_OE25Dev.after(ToStringBuilderTest_OE25Dev.java:48)

[ERROR] org.apache.commons.lang3.builder.ToStringBuilderTest_OE25Dev.testIntArray_1_oe  Time elapsed: 0 s  <<< FAILURE!
org.opentest4j.AssertionFailedError: Expected null, actual: {[]=null} ==> expected: <null> but was: <{[]=null}>
	at org.apache.commons.lang3.builder.ToStringBuilderTest_OE25Dev.validateNullToStringStyleRegistry(ToStringBuilderTest_OE25Dev.java:255)
	at org.apache.commons.lang3.builder.ToStringBuilderTest_OE25Dev.after(ToStringBuilderTest_OE25Dev.java:48)

[ERROR] org.apache.commons.lang3.builder.ToStringBuilderTest_OE25Dev.testIntArray_2_oe  Time elapsed: 0 s  <<< FAILURE!
org.opentest4j.AssertionFailedError: Expected null, actual: {[]=null} ==> expected: <null> but was: <{[]=null}>
	at org.apache.commons.lang3.builder.ToStringBuilderTest_OE25Dev.validateNullToStringStyleRegistry(ToStringBuilderTest_OE25Dev.java:255)
	at org.apache.commons.lang3.builder.ToStringBuilderTest_OE25Dev.after(ToStringBuilderTest_OE25Dev.java:48)

[ERROR] org.apache.commons.lang3.builder.ToStringBuilderTest_OE25Dev.testIntArray_3_oe  Time elapsed: 0 s  <<< FAILURE!
org.opentest4j.AssertionFailedError: Expected null, actual: {[]=null} ==> expected: <null> but was: <{[]=null}>
	at org.apache.commons.lang3.builder.ToStringBuilderTest_OE25Dev.validateNullToStringStyleRegistry(ToStringBuilderTest_OE25Dev.java:255)
	at org.apache.commons.lang3.builder.ToStringBuilderTest_OE25Dev.after(ToStringBuilderTest_OE25Dev.java:48)

[ERROR] org.apache.commons.lang3.builder.ToStringBuilderTest_OE25Dev.testIntArray_4_oe  Time elapsed: 0 s  <<< FAILURE!
org.opentest4j.AssertionFailedError: Expected null, actual: {[]=null} ==> expected: <null> but was: <{[]=null}>
	at org.apache.commons.lang3.builder.ToStringBuilderTest_OE25Dev.validateNullToStringStyleRegistry(ToStringBuilderTest_OE25Dev.java:255)
	at org.apache.commons.lang3.builder.ToStringBuilderTest_OE25Dev.after(ToStringBuilderTest_OE25Dev.java:48)

[ERROR] org.apache.commons.lang3.builder.ToStringBuilderTest_OE25Dev.testObjectCycle_1_oe  Time elapsed: 0.001 s  <<< FAILURE!
org.opentest4j.AssertionFailedError: Expected null, actual: {[]=null} ==> expected: <null> but was: <{[]=null}>
	at org.apache.commons.lang3.builder.ToStringBuilderTest_OE25Dev.validateNullToStringStyleRegistry(ToStringBuilderTest_OE25Dev.java:255)
	at org.apache.commons.lang3.builder.ToStringBuilderTest_OE25Dev.after(ToStringBuilderTest_OE25Dev.java:48)

[ERROR] org.apache.commons.lang3.builder.ToStringBuilderTest_OE25Dev.testReflectionyteArray_1_oe  Time elapsed: 0 s  <<< FAILURE!
org.opentest4j.AssertionFailedError: Expected null, actual: {[]=null} ==> expected: <null> but was: <{[]=null}>
	at org.apache.commons.lang3.builder.ToStringBuilderTest_OE25Dev.validateNullToStringStyleRegistry(ToStringBuilderTest_OE25Dev.java:255)
	at org.apache.commons.lang3.builder.ToStringBuilderTest_OE25Dev.after(ToStringBuilderTest_OE25Dev.java:48)

[ERROR] org.apache.commons.lang3.builder.ToStringBuilderTest_OE25Dev.testReflectionByteArrayArray_1_oe  Time elapsed: 0 s  <<< FAILURE!
org.opentest4j.AssertionFailedError: Expected null, actual: {[]=null} ==> expected: <null> but was: <{[]=null}>
	at org.apache.commons.lang3.builder.ToStringBuilderTest_OE25Dev.validateNullToStringStyleRegistry(ToStringBuilderTest_OE25Dev.java:255)
	at org.apache.commons.lang3.builder.ToStringBuilderTest_OE25Dev.after(ToStringBuilderTest_OE25Dev.java:48)

[ERROR] org.apache.commons.lang3.builder.ToStringBuilderTest_OE25Dev.testReflectionCharArray_1_oe  Time elapsed: 0 s  <<< FAILURE!
org.opentest4j.AssertionFailedError: Expected null, actual: {[]=null} ==> expected: <null> but was: <{[]=null}>
	at org.apache.commons.lang3.builder.ToStringBuilderTest_OE25Dev.validateNullToStringStyleRegistry(ToStringBuilderTest_OE25Dev.java:255)
	at org.apache.commons.lang3.builder.ToStringBuilderTest_OE25Dev.after(ToStringBuilderTest_OE25Dev.java:48)

[ERROR] org.apache.commons.lang3.builder.ToStringBuilderTest_OE25Dev.testAppendShortArrayWithFieldName_1_oe  Time elapsed: 0 s  <<< FAILURE!
org.opentest4j.AssertionFailedError: Expected null, actual: {[]=null} ==> expected: <null> but was: <{[]=null}>
	at org.apache.commons.lang3.builder.ToStringBuilderTest_OE25Dev.validateNullToStringStyleRegistry(ToStringBuilderTest_OE25Dev.java:255)
	at org.apache.commons.lang3.builder.ToStringBuilderTest_OE25Dev.after(ToStringBuilderTest_OE25Dev.java:48)

[ERROR] org.apache.commons.lang3.builder.ToStringBuilderTest_OE25Dev.testAppendShortArrayWithFieldName_2_oe  Time elapsed: 0 s  <<< FAILURE!
org.opentest4j.AssertionFailedError: Expected null, actual: {[]=null} ==> expected: <null> but was: <{[]=null}>
	at org.apache.commons.lang3.builder.ToStringBuilderTest_OE25Dev.validateNullToStringStyleRegistry(ToStringBuilderTest_OE25Dev.java:255)
	at org.apache.commons.lang3.builder.ToStringBuilderTest_OE25Dev.after(ToStringBuilderTest_OE25Dev.java:48)

[ERROR] org.apache.commons.lang3.builder.ToStringBuilderTest_OE25Dev.testAppendShortArrayWithFieldName_3_oe  Time elapsed: 0 s  <<< FAILURE!
org.opentest4j.AssertionFailedError: Expected null, actual: {[]=null} ==> expected: <null> but was: <{[]=null}>
	at org.apache.commons.lang3.builder.ToStringBuilderTest_OE25Dev.validateNullToStringStyleRegistry(ToStringBuilderTest_OE25Dev.java:255)
	at org.apache.commons.lang3.builder.ToStringBuilderTest_OE25Dev.after(ToStringBuilderTest_OE25Dev.java:48)

[ERROR] org.apache.commons.lang3.builder.ToStringBuilderTest_OE25Dev.testAppendShortArrayWithFieldName_4_oe  Time elapsed: 0 s  <<< FAILURE!
org.opentest4j.AssertionFailedError: Expected null, actual: {[]=null} ==> expected: <null> but was: <{[]=null}>
	at org.apache.commons.lang3.builder.ToStringBuilderTest_OE25Dev.validateNullToStringStyleRegistry(ToStringBuilderTest_OE25Dev.java:255)
	at org.apache.commons.lang3.builder.ToStringBuilderTest_OE25Dev.after(ToStringBuilderTest_OE25Dev.java:48)

[ERROR] org.apache.commons.lang3.builder.ToStringBuilderTest_OE25Dev.testBooleanArrayArray_1_oe  Time elapsed: 0 s  <<< FAILURE!
org.opentest4j.AssertionFailedError: Expected null, actual: {[]=null} ==> expected: <null> but was: <{[]=null}>
	at org.apache.commons.lang3.builder.ToStringBuilderTest_OE25Dev.validateNullToStringStyleRegistry(ToStringBuilderTest_OE25Dev.java:255)
	at org.apache.commons.lang3.builder.ToStringBuilderTest_OE25Dev.after(ToStringBuilderTest_OE25Dev.java:48)

[ERROR] org.apache.commons.lang3.builder.ToStringBuilderTest_OE25Dev.testBooleanArrayArray_2_oe  Time elapsed: 0 s  <<< FAILURE!
org.opentest4j.AssertionFailedError: Expected null, actual: {[]=null} ==> expected: <null> but was: <{[]=null}>
	at org.apache.commons.lang3.builder.ToStringBuilderTest_OE25Dev.validateNullToStringStyleRegistry(ToStringBuilderTest_OE25Dev.java:255)
	at org.apache.commons.lang3.builder.ToStringBuilderTest_OE25Dev.after(ToStringBuilderTest_OE25Dev.java:48)

[ERROR] org.apache.commons.lang3.builder.ToStringBuilderTest_OE25Dev.testBooleanArrayArray_3_oe  Time elapsed: 0 s  <<< FAILURE!
org.opentest4j.AssertionFailedError: Expected null, actual: {[]=null} ==> expected: <null> but was: <{[]=null}>
	at org.apache.commons.lang3.builder.ToStringBuilderTest_OE25Dev.validateNullToStringStyleRegistry(ToStringBuilderTest_OE25Dev.java:255)
	at org.apache.commons.lang3.builder.ToStringBuilderTest_OE25Dev.after(ToStringBuilderTest_OE25Dev.java:48)

[ERROR] org.apache.commons.lang3.builder.ToStringBuilderTest_OE25Dev.testBooleanArrayArray_4_oe  Time elapsed: 0 s  <<< FAILURE!
org.opentest4j.AssertionFailedError: Expected null, actual: {[]=null} ==> expected: <null> but was: <{[]=null}>
	at org.apache.commons.lang3.builder.ToStringBuilderTest_OE25Dev.validateNullToStringStyleRegistry(ToStringBuilderTest_OE25Dev.java:255)
	at org.apache.commons.lang3.builder.ToStringBuilderTest_OE25Dev.after(ToStringBuilderTest_OE25Dev.java:48)

[ERROR] org.apache.commons.lang3.builder.ToStringBuilderTest_OE25Dev.testReflectionIntArrayArray_1_oe  Time elapsed: 0 s  <<< FAILURE!
org.opentest4j.AssertionFailedError: Expected null, actual: {[]=null} ==> expected: <null> but was: <{[]=null}>
	at org.apache.commons.lang3.builder.ToStringBuilderTest_OE25Dev.validateNullToStringStyleRegistry(ToStringBuilderTest_OE25Dev.java:255)
	at org.apache.commons.lang3.builder.ToStringBuilderTest_OE25Dev.after(ToStringBuilderTest_OE25Dev.java:48)

[ERROR] org.apache.commons.lang3.builder.ToStringBuilderTest_OE25Dev.testAppendToString_1_oe  Time elapsed: 0 s  <<< FAILURE!
org.opentest4j.AssertionFailedError: Expected null, actual: {[]=null} ==> expected: <null> but was: <{[]=null}>
	at org.apache.commons.lang3.builder.ToStringBuilderTest_OE25Dev.validateNullToStringStyleRegistry(ToStringBuilderTest_OE25Dev.java:255)
	at org.apache.commons.lang3.builder.ToStringBuilderTest_OE25Dev.after(ToStringBuilderTest_OE25Dev.java:48)

[ERROR] org.apache.commons.lang3.builder.ToStringBuilderTest_OE25Dev.testAppendToString_2_oe  Time elapsed: 0 s  <<< FAILURE!
org.opentest4j.AssertionFailedError: Expected null, actual: {[]=null} ==> expected: <null> but was: <{[]=null}>
	at org.apache.commons.lang3.builder.ToStringBuilderTest_OE25Dev.validateNullToStringStyleRegistry(ToStringBuilderTest_OE25Dev.java:255)
	at org.apache.commons.lang3.builder.ToStringBuilderTest_OE25Dev.after(ToStringBuilderTest_OE25Dev.java:48)

[ERROR] org.apache.commons.lang3.builder.ToStringBuilderTest_OE25Dev.testAppendToString_3_oe  Time elapsed: 0 s  <<< FAILURE!
org.opentest4j.AssertionFailedError: Expected null, actual: {[]=null} ==> expected: <null> but was: <{[]=null}>
	at org.apache.commons.lang3.builder.ToStringBuilderTest_OE25Dev.validateNullToStringStyleRegistry(ToStringBuilderTest_OE25Dev.java:255)
	at org.apache.commons.lang3.builder.ToStringBuilderTest_OE25Dev.after(ToStringBuilderTest_OE25Dev.java:48)

[ERROR] org.apache.commons.lang3.builder.ToStringBuilderTest_OE25Dev.testAppendToString_4_oe  Time elapsed: 0 s  <<< FAILURE!
org.opentest4j.AssertionFailedError: Expected null, actual: {[]=null} ==> expected: <null> but was: <{[]=null}>
	at org.apache.commons.lang3.builder.ToStringBuilderTest_OE25Dev.validateNullToStringStyleRegistry(ToStringBuilderTest_OE25Dev.java:255)
	at org.apache.commons.lang3.builder.ToStringBuilderTest_OE25Dev.after(ToStringBuilderTest_OE25Dev.java:48)

[ERROR] org.apache.commons.lang3.builder.ToStringBuilderTest_OE25Dev.testAppendToString_5_oe  Time elapsed: 0.001 s  <<< FAILURE!
org.opentest4j.AssertionFailedError: Expected null, actual: {[]=null} ==> expected: <null> but was: <{[]=null}>
	at org.apache.commons.lang3.builder.ToStringBuilderTest_OE25Dev.validateNullToStringStyleRegistry(ToStringBuilderTest_OE25Dev.java:255)
	at org.apache.commons.lang3.builder.ToStringBuilderTest_OE25Dev.after(ToStringBuilderTest_OE25Dev.java:48)

[ERROR] org.apache.commons.lang3.builder.ToStringBuilderTest_OE25Dev.testInt_1_oe  Time elapsed: 0 s  <<< FAILURE!
org.opentest4j.AssertionFailedError: Expected null, actual: {[]=null} ==> expected: <null> but was: <{[]=null}>
	at org.apache.commons.lang3.builder.ToStringBuilderTest_OE25Dev.validateNullToStringStyleRegistry(ToStringBuilderTest_OE25Dev.java:255)
	at org.apache.commons.lang3.builder.ToStringBuilderTest_OE25Dev.after(ToStringBuilderTest_OE25Dev.java:48)

[ERROR] org.apache.commons.lang3.builder.ToStringBuilderTest_OE25Dev.testInt_2_oe  Time elapsed: 0 s  <<< FAILURE!
org.opentest4j.AssertionFailedError: Expected null, actual: {[]=null} ==> expected: <null> but was: <{[]=null}>
	at org.apache.commons.lang3.builder.ToStringBuilderTest_OE25Dev.validateNullToStringStyleRegistry(ToStringBuilderTest_OE25Dev.java:255)
	at org.apache.commons.lang3.builder.ToStringBuilderTest_OE25Dev.after(ToStringBuilderTest_OE25Dev.java:48)

[ERROR] org.apache.commons.lang3.builder.ToStringBuilderTest_OE25Dev.testInt_3_oe  Time elapsed: 0 s  <<< FAILURE!
org.opentest4j.AssertionFailedError: Expected null, actual: {[]=null} ==> expected: <null> but was: <{[]=null}>
	at org.apache.commons.lang3.builder.ToStringBuilderTest_OE25Dev.validateNullToStringStyleRegistry(ToStringBuilderTest_OE25Dev.java:255)
	at org.apache.commons.lang3.builder.ToStringBuilderTest_OE25Dev.after(ToStringBuilderTest_OE25Dev.java:48)

[ERROR] org.apache.commons.lang3.builder.ToStringBuilderTest_OE25Dev.testReflectionNull_1_oe  Time elapsed: 0 s  <<< FAILURE!
org.opentest4j.AssertionFailedError: Expected null, actual: {[]=null} ==> expected: <null> but was: <{[]=null}>
	at org.apache.commons.lang3.builder.ToStringBuilderTest_OE25Dev.validateNullToStringStyleRegistry(ToStringBuilderTest_OE25Dev.java:255)
	at org.apache.commons.lang3.builder.ToStringBuilderTest_OE25Dev.after(ToStringBuilderTest_OE25Dev.java:48)

[ERROR] org.apache.commons.lang3.builder.ToStringBuilderTest_OE25Dev.testByteArray_1_oe  Time elapsed: 0 s  <<< FAILURE!
org.opentest4j.AssertionFailedError: Expected null, actual: {[]=null} ==> expected: <null> but was: <{[]=null}>
	at org.apache.commons.lang3.builder.ToStringBuilderTest_OE25Dev.validateNullToStringStyleRegistry(ToStringBuilderTest_OE25Dev.java:255)
	at org.apache.commons.lang3.builder.ToStringBuilderTest_OE25Dev.after(ToStringBuilderTest_OE25Dev.java:48)

[ERROR] org.apache.commons.lang3.builder.ToStringBuilderTest_OE25Dev.testByteArray_2_oe  Time elapsed: 0 s  <<< FAILURE!
org.opentest4j.AssertionFailedError: Expected null, actual: {[]=null} ==> expected: <null> but was: <{[]=null}>
	at org.apache.commons.lang3.builder.ToStringBuilderTest_OE25Dev.validateNullToStringStyleRegistry(ToStringBuilderTest_OE25Dev.java:255)
	at org.apache.commons.lang3.builder.ToStringBuilderTest_OE25Dev.after(ToStringBuilderTest_OE25Dev.java:48)

[ERROR] org.apache.commons.lang3.builder.ToStringBuilderTest_OE25Dev.testByteArray_3_oe  Time elapsed: 0 s  <<< FAILURE!
org.opentest4j.AssertionFailedError: Expected null, actual: {[]=null} ==> expected: <null> but was: <{[]=null}>
	at org.apache.commons.lang3.builder.ToStringBuilderTest_OE25Dev.validateNullToStringStyleRegistry(ToStringBuilderTest_OE25Dev.java:255)
	at org.apache.commons.lang3.builder.ToStringBuilderTest_OE25Dev.after(ToStringBuilderTest_OE25Dev.java:48)

[ERROR] org.apache.commons.lang3.builder.ToStringBuilderTest_OE25Dev.testByteArray_4_oe  Time elapsed: 0 s  <<< FAILURE!
org.opentest4j.AssertionFailedError: Expected null, actual: {[]=null} ==> expected: <null> but was: <{[]=null}>
	at org.apache.commons.lang3.builder.ToStringBuilderTest_OE25Dev.validateNullToStringStyleRegistry(ToStringBuilderTest_OE25Dev.java:255)
	at org.apache.commons.lang3.builder.ToStringBuilderTest_OE25Dev.after(ToStringBuilderTest_OE25Dev.java:48)

[ERROR] org.apache.commons.lang3.builder.ToStringBuilderTest_OE25Dev.testAppendBooleanArrayWithFieldName_1_oe  Time elapsed: 0 s  <<< FAILURE!
org.opentest4j.AssertionFailedError: Expected null, actual: {[]=null} ==> expected: <null> but was: <{[]=null}>
	at org.apache.commons.lang3.builder.ToStringBuilderTest_OE25Dev.validateNullToStringStyleRegistry(ToStringBuilderTest_OE25Dev.java:255)
	at org.apache.commons.lang3.builder.ToStringBuilderTest_OE25Dev.after(ToStringBuilderTest_OE25Dev.java:48)

[ERROR] org.apache.commons.lang3.builder.ToStringBuilderTest_OE25Dev.testAppendBooleanArrayWithFieldName_2_oe  Time elapsed: 0.001 s  <<< FAILURE!
org.opentest4j.AssertionFailedError: Expected null, actual: {[]=null} ==> expected: <null> but was: <{[]=null}>
	at org.apache.commons.lang3.builder.ToStringBuilderTest_OE25Dev.validateNullToStringStyleRegistry(ToStringBuilderTest_OE25Dev.java:255)
	at org.apache.commons.lang3.builder.ToStringBuilderTest_OE25Dev.after(ToStringBuilderTest_OE25Dev.java:48)

[ERROR] org.apache.commons.lang3.builder.ToStringBuilderTest_OE25Dev.testAppendBooleanArrayWithFieldName_3_oe  Time elapsed: 0 s  <<< FAILURE!
org.opentest4j.AssertionFailedError: Expected null, actual: {[]=null} ==> expected: <null> but was: <{[]=null}>
	at org.apache.commons.lang3.builder.ToStringBuilderTest_OE25Dev.validateNullToStringStyleRegistry(ToStringBuilderTest_OE25Dev.java:255)
	at org.apache.commons.lang3.builder.ToStringBuilderTest_OE25Dev.after(ToStringBuilderTest_OE25Dev.java:48)

[ERROR] org.apache.commons.lang3.builder.ToStringBuilderTest_OE25Dev.testAppendBooleanArrayWithFieldName_4_oe  Time elapsed: 0 s  <<< FAILURE!
org.opentest4j.AssertionFailedError: Expected null, actual: {[]=null} ==> expected: <null> but was: <{[]=null}>
	at org.apache.commons.lang3.builder.ToStringBuilderTest_OE25Dev.validateNullToStringStyleRegistry(ToStringBuilderTest_OE25Dev.java:255)
	at org.apache.commons.lang3.builder.ToStringBuilderTest_OE25Dev.after(ToStringBuilderTest_OE25Dev.java:48)

[ERROR] org.apache.commons.lang3.builder.ToStringBuilderTest_OE25Dev.testAppendCharArrayWithFieldNameAndFullDetatil_1_oe  Time elapsed: 0 s  <<< FAILURE!
org.opentest4j.AssertionFailedError: Expected null, actual: {[]=null} ==> expected: <null> but was: <{[]=null}>
	at org.apache.commons.lang3.builder.ToStringBuilderTest_OE25Dev.validateNullToStringStyleRegistry(ToStringBuilderTest_OE25Dev.java:255)
	at org.apache.commons.lang3.builder.ToStringBuilderTest_OE25Dev.after(ToStringBuilderTest_OE25Dev.java:48)

[ERROR] org.apache.commons.lang3.builder.ToStringBuilderTest_OE25Dev.testAppendCharArrayWithFieldNameAndFullDetatil_2_oe  Time elapsed: 0 s  <<< FAILURE!
org.opentest4j.AssertionFailedError: Expected null, actual: {[]=null} ==> expected: <null> but was: <{[]=null}>
	at org.apache.commons.lang3.builder.ToStringBuilderTest_OE25Dev.validateNullToStringStyleRegistry(ToStringBuilderTest_OE25Dev.java:255)
	at org.apache.commons.lang3.builder.ToStringBuilderTest_OE25Dev.after(ToStringBuilderTest_OE25Dev.java:48)

[ERROR] org.apache.commons.lang3.builder.ToStringBuilderTest_OE25Dev.testAppendCharArrayWithFieldNameAndFullDetatil_3_oe  Time elapsed: 0 s  <<< FAILURE!
org.opentest4j.AssertionFailedError: Expected null, actual: {[]=null} ==> expected: <null> but was: <{[]=null}>
	at org.apache.commons.lang3.builder.ToStringBuilderTest_OE25Dev.validateNullToStringStyleRegistry(ToStringBuilderTest_OE25Dev.java:255)
	at org.apache.commons.lang3.builder.ToStringBuilderTest_OE25Dev.after(ToStringBuilderTest_OE25Dev.java:48)

[ERROR] org.apache.commons.lang3.builder.ToStringBuilderTest_OE25Dev.testAppendCharArrayWithFieldNameAndFullDetatil_4_oe  Time elapsed: 0 s  <<< FAILURE!
org.opentest4j.AssertionFailedError: Expected null, actual: {[]=null} ==> expected: <null> but was: <{[]=null}>
	at org.apache.commons.lang3.builder.ToStringBuilderTest_OE25Dev.validateNullToStringStyleRegistry(ToStringBuilderTest_OE25Dev.java:255)
	at org.apache.commons.lang3.builder.ToStringBuilderTest_OE25Dev.after(ToStringBuilderTest_OE25Dev.java:48)

[ERROR] org.apache.commons.lang3.builder.ToStringBuilderTest_OE25Dev.testAppendCharArrayWithFieldNameAndFullDetatil_5_oe  Time elapsed: 0 s  <<< FAILURE!
org.opentest4j.AssertionFailedError: Expected null, actual: {[]=null} ==> expected: <null> but was: <{[]=null}>
	at org.apache.commons.lang3.builder.ToStringBuilderTest_OE25Dev.validateNullToStringStyleRegistry(ToStringBuilderTest_OE25Dev.java:255)
	at org.apache.commons.lang3.builder.ToStringBuilderTest_OE25Dev.after(ToStringBuilderTest_OE25Dev.java:48)

[ERROR] org.apache.commons.lang3.builder.ToStringBuilderTest_OE25Dev.testSetDefaultEx_1_oe  Time elapsed: 0 s  <<< FAILURE!
org.opentest4j.AssertionFailedError: Expected null, actual: {[]=null} ==> expected: <null> but was: <{[]=null}>
	at org.apache.commons.lang3.builder.ToStringBuilderTest_OE25Dev.validateNullToStringStyleRegistry(ToStringBuilderTest_OE25Dev.java:255)
	at org.apache.commons.lang3.builder.ToStringBuilderTest_OE25Dev.after(ToStringBuilderTest_OE25Dev.java:48)

[ERROR] org.apache.commons.lang3.builder.ToStringBuilderTest_OE25Dev.testCharArray_1_oe  Time elapsed: 0 s  <<< FAILURE!
org.opentest4j.AssertionFailedError: Expected null, actual: {[]=null} ==> expected: <null> but was: <{[]=null}>
	at org.apache.commons.lang3.builder.ToStringBuilderTest_OE25Dev.validateNullToStringStyleRegistry(ToStringBuilderTest_OE25Dev.java:255)
	at org.apache.commons.lang3.builder.ToStringBuilderTest_OE25Dev.after(ToStringBuilderTest_OE25Dev.java:48)

[ERROR] org.apache.commons.lang3.builder.ToStringBuilderTest_OE25Dev.testCharArray_2_oe  Time elapsed: 0.001 s  <<< FAILURE!
org.opentest4j.AssertionFailedError: Expected null, actual: {[]=null} ==> expected: <null> but was: <{[]=null}>
	at org.apache.commons.lang3.builder.ToStringBuilderTest_OE25Dev.validateNullToStringStyleRegistry(ToStringBuilderTest_OE25Dev.java:255)
	at org.apache.commons.lang3.builder.ToStringBuilderTest_OE25Dev.after(ToStringBuilderTest_OE25Dev.java:48)

[ERROR] org.apache.commons.lang3.builder.ToStringBuilderTest_OE25Dev.testCharArray_3_oe  Time elapsed: 0 s  <<< FAILURE!
org.opentest4j.AssertionFailedError: Expected null, actual: {[]=null} ==> expected: <null> but was: <{[]=null}>
	at org.apache.commons.lang3.builder.ToStringBuilderTest_OE25Dev.validateNullToStringStyleRegistry(ToStringBuilderTest_OE25Dev.java:255)
	at org.apache.commons.lang3.builder.ToStringBuilderTest_OE25Dev.after(ToStringBuilderTest_OE25Dev.java:48)

[ERROR] org.apache.commons.lang3.builder.ToStringBuilderTest_OE25Dev.testCharArray_4_oe  Time elapsed: 0 s  <<< FAILURE!
org.opentest4j.AssertionFailedError: Expected null, actual: {[]=null} ==> expected: <null> but was: <{[]=null}>
	at org.apache.commons.lang3.builder.ToStringBuilderTest_OE25Dev.validateNullToStringStyleRegistry(ToStringBuilderTest_OE25Dev.java:255)
	at org.apache.commons.lang3.builder.ToStringBuilderTest_OE25Dev.after(ToStringBuilderTest_OE25Dev.java:48)

[ERROR] org.apache.commons.lang3.builder.ToStringBuilderTest_OE25Dev.testSelfInstanceVarReflectionObjectCycle_1_oe  Time elapsed: 0 s  <<< FAILURE!
org.opentest4j.AssertionFailedError: Expected null, actual: {[]=null} ==> expected: <null> but was: <{[]=null}>
	at org.apache.commons.lang3.builder.ToStringBuilderTest_OE25Dev.validateNullToStringStyleRegistry(ToStringBuilderTest_OE25Dev.java:255)
	at org.apache.commons.lang3.builder.ToStringBuilderTest_OE25Dev.after(ToStringBuilderTest_OE25Dev.java:48)

[ERROR] org.apache.commons.lang3.builder.ToStringBuilderTest_OE25Dev.testObjectBuild_1_oe  Time elapsed: 0 s  <<< FAILURE!
org.opentest4j.AssertionFailedError: Expected null, actual: {[]=null} ==> expected: <null> but was: <{[]=null}>
	at org.apache.commons.lang3.builder.ToStringBuilderTest_OE25Dev.validateNullToStringStyleRegistry(ToStringBuilderTest_OE25Dev.java:255)
	at org.apache.commons.lang3.builder.ToStringBuilderTest_OE25Dev.after(ToStringBuilderTest_OE25Dev.java:48)

[ERROR] org.apache.commons.lang3.builder.ToStringBuilderTest_OE25Dev.testObjectBuild_2_oe  Time elapsed: 0 s  <<< FAILURE!
org.opentest4j.AssertionFailedError: Expected null, actual: {[]=null} ==> expected: <null> but was: <{[]=null}>
	at org.apache.commons.lang3.builder.ToStringBuilderTest_OE25Dev.validateNullToStringStyleRegistry(ToStringBuilderTest_OE25Dev.java:255)
	at org.apache.commons.lang3.builder.ToStringBuilderTest_OE25Dev.after(ToStringBuilderTest_OE25Dev.java:48)

[ERROR] org.apache.commons.lang3.builder.ToStringBuilderTest_OE25Dev.testObjectBuild_3_oe  Time elapsed: 0 s  <<< FAILURE!
org.opentest4j.AssertionFailedError: Expected null, actual: {[]=null} ==> expected: <null> but was: <{[]=null}>
	at org.apache.commons.lang3.builder.ToStringBuilderTest_OE25Dev.validateNullToStringStyleRegistry(ToStringBuilderTest_OE25Dev.java:255)
	at org.apache.commons.lang3.builder.ToStringBuilderTest_OE25Dev.after(ToStringBuilderTest_OE25Dev.java:48)

[ERROR] org.apache.commons.lang3.builder.ToStringBuilderTest_OE25Dev.testObjectBuild_4_oe  Time elapsed: 0 s  <<< FAILURE!
org.opentest4j.AssertionFailedError: Expected null, actual: {[]=null} ==> expected: <null> but was: <{[]=null}>
	at org.apache.commons.lang3.builder.ToStringBuilderTest_OE25Dev.validateNullToStringStyleRegistry(ToStringBuilderTest_OE25Dev.java:255)
	at org.apache.commons.lang3.builder.ToStringBuilderTest_OE25Dev.after(ToStringBuilderTest_OE25Dev.java:48)

[ERROR] org.apache.commons.lang3.builder.ToStringBuilderTest_OE25Dev.testObjectBuild_5_oe  Time elapsed: 0 s  <<< FAILURE!
org.opentest4j.AssertionFailedError: Expected null, actual: {[]=null} ==> expected: <null> but was: <{[]=null}>
	at org.apache.commons.lang3.builder.ToStringBuilderTest_OE25Dev.validateNullToStringStyleRegistry(ToStringBuilderTest_OE25Dev.java:255)
	at org.apache.commons.lang3.builder.ToStringBuilderTest_OE25Dev.after(ToStringBuilderTest_OE25Dev.java:48)

[ERROR] org.apache.commons.lang3.builder.ToStringBuilderTest_OE25Dev.testObjectBuild_6_oe  Time elapsed: 0 s  <<< FAILURE!
org.opentest4j.AssertionFailedError: Expected null, actual: {[]=null} ==> expected: <null> but was: <{[]=null}>
	at org.apache.commons.lang3.builder.ToStringBuilderTest_OE25Dev.validateNullToStringStyleRegistry(ToStringBuilderTest_OE25Dev.java:255)
	at org.apache.commons.lang3.builder.ToStringBuilderTest_OE25Dev.after(ToStringBuilderTest_OE25Dev.java:48)

[ERROR] org.apache.commons.lang3.builder.ToStringBuilderTest_OE25Dev.testObjectBuild_7_oe  Time elapsed: 0 s  <<< FAILURE!
org.opentest4j.AssertionFailedError: expected: <java.lang.Integer@2285bc7e[a=<size=0>]> but was: <java.lang.Integer@2285bc7e[a=java.util.ArrayList@36f807f5]>
	at org.apache.commons.lang3.builder.ToStringBuilderTest_OE25Dev.testObjectBuild_7_oe(ToStringBuilderTest_OE25Dev.java:1939)

[ERROR] org.apache.commons.lang3.builder.ToStringBuilderTest_OE25Dev.testObjectBuild_8_oe  Time elapsed: 0 s  <<< FAILURE!
org.opentest4j.AssertionFailedError: expected: <java.lang.Integer@2285bc7e[a=[]]> but was: <java.lang.Integer@2285bc7e[a=java.util.ArrayList@632d8166]>
	at org.apache.commons.lang3.builder.ToStringBuilderTest_OE25Dev.testObjectBuild_8_oe(ToStringBuilderTest_OE25Dev.java:1953)

[ERROR] org.apache.commons.lang3.builder.ToStringBuilderTest_OE25Dev.testObjectBuild_9_oe  Time elapsed: 0 s  <<< FAILURE!
org.opentest4j.AssertionFailedError: Expected null, actual: {[]=null} ==> expected: <null> but was: <{[]=null}>
	at org.apache.commons.lang3.builder.ToStringBuilderTest_OE25Dev.validateNullToStringStyleRegistry(ToStringBuilderTest_OE25Dev.java:255)
	at org.apache.commons.lang3.builder.ToStringBuilderTest_OE25Dev.after(ToStringBuilderTest_OE25Dev.java:48)

[ERROR] org.apache.commons.lang3.builder.ToStringBuilderTest_OE25Dev.testAppendFloatArrayWithFieldNameAndFullDetatil_1_oe  Time elapsed: 0 s  <<< FAILURE!
org.opentest4j.AssertionFailedError: Expected null, actual: {[]=null} ==> expected: <null> but was: <{[]=null}>
	at org.apache.commons.lang3.builder.ToStringBuilderTest_OE25Dev.validateNullToStringStyleRegistry(ToStringBuilderTest_OE25Dev.java:255)
	at org.apache.commons.lang3.builder.ToStringBuilderTest_OE25Dev.after(ToStringBuilderTest_OE25Dev.java:48)

[ERROR] org.apache.commons.lang3.builder.ToStringBuilderTest_OE25Dev.testAppendFloatArrayWithFieldNameAndFullDetatil_2_oe  Time elapsed: 0 s  <<< FAILURE!
org.opentest4j.AssertionFailedError: Expected null, actual: {[]=null} ==> expected: <null> but was: <{[]=null}>
	at org.apache.commons.lang3.builder.ToStringBuilderTest_OE25Dev.validateNullToStringStyleRegistry(ToStringBuilderTest_OE25Dev.java:255)
	at org.apache.commons.lang3.builder.ToStringBuilderTest_OE25Dev.after(ToStringBuilderTest_OE25Dev.java:48)

[ERROR] org.apache.commons.lang3.builder.ToStringBuilderTest_OE25Dev.testAppendFloatArrayWithFieldNameAndFullDetatil_3_oe  Time elapsed: 0.001 s  <<< FAILURE!
org.opentest4j.AssertionFailedError: Expected null, actual: {[]=null} ==> expected: <null> but was: <{[]=null}>
	at org.apache.commons.lang3.builder.ToStringBuilderTest_OE25Dev.validateNullToStringStyleRegistry(ToStringBuilderTest_OE25Dev.java:255)
	at org.apache.commons.lang3.builder.ToStringBuilderTest_OE25Dev.after(ToStringBuilderTest_OE25Dev.java:48)

[ERROR] org.apache.commons.lang3.builder.ToStringBuilderTest_OE25Dev.testAppendFloatArrayWithFieldNameAndFullDetatil_4_oe  Time elapsed: 0 s  <<< FAILURE!
org.opentest4j.AssertionFailedError: Expected null, actual: {[]=null} ==> expected: <null> but was: <{[]=null}>
	at org.apache.commons.lang3.builder.ToStringBuilderTest_OE25Dev.validateNullToStringStyleRegistry(ToStringBuilderTest_OE25Dev.java:255)
	at org.apache.commons.lang3.builder.ToStringBuilderTest_OE25Dev.after(ToStringBuilderTest_OE25Dev.java:48)

[ERROR] org.apache.commons.lang3.builder.ToStringBuilderTest_OE25Dev.testAppendFloatArrayWithFieldNameAndFullDetatil_5_oe  Time elapsed: 0 s  <<< FAILURE!
org.opentest4j.AssertionFailedError: Expected null, actual: {[]=null} ==> expected: <null> but was: <{[]=null}>
	at org.apache.commons.lang3.builder.ToStringBuilderTest_OE25Dev.validateNullToStringStyleRegistry(ToStringBuilderTest_OE25Dev.java:255)
	at org.apache.commons.lang3.builder.ToStringBuilderTest_OE25Dev.after(ToStringBuilderTest_OE25Dev.java:48)

[ERROR] org.apache.commons.lang3.builder.ToStringBuilderTest_OE25Dev.testDouble_1_oe  Time elapsed: 0 s  <<< FAILURE!
org.opentest4j.AssertionFailedError: Expected null, actual: {[]=null} ==> expected: <null> but was: <{[]=null}>
	at org.apache.commons.lang3.builder.ToStringBuilderTest_OE25Dev.validateNullToStringStyleRegistry(ToStringBuilderTest_OE25Dev.java:255)
	at org.apache.commons.lang3.builder.ToStringBuilderTest_OE25Dev.after(ToStringBuilderTest_OE25Dev.java:48)

[ERROR] org.apache.commons.lang3.builder.ToStringBuilderTest_OE25Dev.testDouble_2_oe  Time elapsed: 0 s  <<< FAILURE!
org.opentest4j.AssertionFailedError: Expected null, actual: {[]=null} ==> expected: <null> but was: <{[]=null}>
	at org.apache.commons.lang3.builder.ToStringBuilderTest_OE25Dev.validateNullToStringStyleRegistry(ToStringBuilderTest_OE25Dev.java:255)
	at org.apache.commons.lang3.builder.ToStringBuilderTest_OE25Dev.after(ToStringBuilderTest_OE25Dev.java:48)

[ERROR] org.apache.commons.lang3.builder.ToStringBuilderTest_OE25Dev.testDouble_3_oe  Time elapsed: 0 s  <<< FAILURE!
org.opentest4j.AssertionFailedError: Expected null, actual: {[]=null} ==> expected: <null> but was: <{[]=null}>
	at org.apache.commons.lang3.builder.ToStringBuilderTest_OE25Dev.validateNullToStringStyleRegistry(ToStringBuilderTest_OE25Dev.java:255)
	at org.apache.commons.lang3.builder.ToStringBuilderTest_OE25Dev.after(ToStringBuilderTest_OE25Dev.java:48)

[ERROR] org.apache.commons.lang3.builder.ToStringBuilderTest_OE25Dev.testReflectionCharArrayArray_1_oe  Time elapsed: 0.001 s  <<< FAILURE!
org.opentest4j.AssertionFailedError: Expected null, actual: {[]=null} ==> expected: <null> but was: <{[]=null}>
	at org.apache.commons.lang3.builder.ToStringBuilderTest_OE25Dev.validateNullToStringStyleRegistry(ToStringBuilderTest_OE25Dev.java:255)
	at org.apache.commons.lang3.builder.ToStringBuilderTest_OE25Dev.after(ToStringBuilderTest_OE25Dev.java:48)

[ERROR] org.apache.commons.lang3.builder.ToStringBuilderTest_OE25Dev.testReflectionHierarchy_10_oe  Time elapsed: 0 s  <<< FAILURE!
org.opentest4j.AssertionFailedError: Expected null, actual: {[]=null} ==> expected: <null> but was: <{[]=null}>
	at org.apache.commons.lang3.builder.ToStringBuilderTest_OE25Dev.validateNullToStringStyleRegistry(ToStringBuilderTest_OE25Dev.java:255)
	at org.apache.commons.lang3.builder.ToStringBuilderTest_OE25Dev.after(ToStringBuilderTest_OE25Dev.java:48)

[ERROR] org.apache.commons.lang3.builder.ToStringBuilderTest_OE25Dev.testReflectionHierarchy_11_oe  Time elapsed: 0 s  <<< FAILURE!
org.opentest4j.AssertionFailedError: Expected null, actual: {[]=null} ==> expected: <null> but was: <{[]=null}>
	at org.apache.commons.lang3.builder.ToStringBuilderTest_OE25Dev.validateNullToStringStyleRegistry(ToStringBuilderTest_OE25Dev.java:255)
	at org.apache.commons.lang3.builder.ToStringBuilderTest_OE25Dev.after(ToStringBuilderTest_OE25Dev.java:48)

[ERROR] org.apache.commons.lang3.builder.ToStringBuilderTest_OE25Dev.testReflectionHierarchy_12_oe  Time elapsed: 0 s  <<< FAILURE!
org.opentest4j.AssertionFailedError: Expected null, actual: {[]=null} ==> expected: <null> but was: <{[]=null}>
	at org.apache.commons.lang3.builder.ToStringBuilderTest_OE25Dev.validateNullToStringStyleRegistry(ToStringBuilderTest_OE25Dev.java:255)
	at org.apache.commons.lang3.builder.ToStringBuilderTest_OE25Dev.after(ToStringBuilderTest_OE25Dev.java:48)

[ERROR] org.apache.commons.lang3.builder.ToStringBuilderTest_OE25Dev.testReflectionHierarchy_13_oe  Time elapsed: 0 s  <<< FAILURE!
org.opentest4j.AssertionFailedError: Expected null, actual: {[]=null} ==> expected: <null> but was: <{[]=null}>
	at org.apache.commons.lang3.builder.ToStringBuilderTest_OE25Dev.validateNullToStringStyleRegistry(ToStringBuilderTest_OE25Dev.java:255)
	at org.apache.commons.lang3.builder.ToStringBuilderTest_OE25Dev.after(ToStringBuilderTest_OE25Dev.java:48)

[ERROR] org.apache.commons.lang3.builder.ToStringBuilderTest_OE25Dev.testReflectionHierarchy_14_oe  Time elapsed: 0 s  <<< FAILURE!
org.opentest4j.AssertionFailedError: Expected null, actual: {[]=null} ==> expected: <null> but was: <{[]=null}>
	at org.apache.commons.lang3.builder.ToStringBuilderTest_OE25Dev.validateNullToStringStyleRegistry(ToStringBuilderTest_OE25Dev.java:255)
	at org.apache.commons.lang3.builder.ToStringBuilderTest_OE25Dev.after(ToStringBuilderTest_OE25Dev.java:48)

[ERROR] org.apache.commons.lang3.builder.ToStringBuilderTest_OE25Dev.testReflectionHierarchy_15_oe  Time elapsed: 0 s  <<< FAILURE!
org.opentest4j.AssertionFailedError: Expected null, actual: {[]=null} ==> expected: <null> but was: <{[]=null}>
	at org.apache.commons.lang3.builder.ToStringBuilderTest_OE25Dev.validateNullToStringStyleRegistry(ToStringBuilderTest_OE25Dev.java:255)
	at org.apache.commons.lang3.builder.ToStringBuilderTest_OE25Dev.after(ToStringBuilderTest_OE25Dev.java:48)

[ERROR] org.apache.commons.lang3.builder.ToStringBuilderTest_OE25Dev.testReflectionHierarchy_16_oe  Time elapsed: 0 s  <<< FAILURE!
org.opentest4j.AssertionFailedError: Expected null, actual: {[]=null} ==> expected: <null> but was: <{[]=null}>
	at org.apache.commons.lang3.builder.ToStringBuilderTest_OE25Dev.validateNullToStringStyleRegistry(ToStringBuilderTest_OE25Dev.java:255)
	at org.apache.commons.lang3.builder.ToStringBuilderTest_OE25Dev.after(ToStringBuilderTest_OE25Dev.java:48)

[ERROR] org.apache.commons.lang3.builder.ToStringBuilderTest_OE25Dev.testReflectionLongArrayArray_1_oe  Time elapsed: 0 s  <<< FAILURE!
org.opentest4j.AssertionFailedError: Expected null, actual: {[]=null} ==> expected: <null> but was: <{[]=null}>
	at org.apache.commons.lang3.builder.ToStringBuilderTest_OE25Dev.validateNullToStringStyleRegistry(ToStringBuilderTest_OE25Dev.java:255)
	at org.apache.commons.lang3.builder.ToStringBuilderTest_OE25Dev.after(ToStringBuilderTest_OE25Dev.java:48)

[ERROR] org.apache.commons.lang3.builder.ToStringBuilderTest_OE25Dev.testReflectionFloatArray_1_oe  Time elapsed: 0 s  <<< FAILURE!
org.opentest4j.AssertionFailedError: Expected null, actual: {[]=null} ==> expected: <null> but was: <{[]=null}>
	at org.apache.commons.lang3.builder.ToStringBuilderTest_OE25Dev.validateNullToStringStyleRegistry(ToStringBuilderTest_OE25Dev.java:255)
	at org.apache.commons.lang3.builder.ToStringBuilderTest_OE25Dev.after(ToStringBuilderTest_OE25Dev.java:48)

[ERROR] org.apache.commons.lang3.builder.ToStringBuilderTest_OE25Dev.testInheritedReflectionStatics_1_oe  Time elapsed: 0.001 s  <<< FAILURE!
org.opentest4j.AssertionFailedError: Expected null, actual: {[]=null} ==> expected: <null> but was: <{[]=null}>
	at org.apache.commons.lang3.builder.ToStringBuilderTest_OE25Dev.validateNullToStringStyleRegistry(ToStringBuilderTest_OE25Dev.java:255)
	at org.apache.commons.lang3.builder.ToStringBuilderTest_OE25Dev.after(ToStringBuilderTest_OE25Dev.java:48)

[ERROR] org.apache.commons.lang3.builder.ToStringBuilderTest_OE25Dev.testInheritedReflectionStatics_2_oe  Time elapsed: 0 s  <<< FAILURE!
org.opentest4j.AssertionFailedError: Expected null, actual: {[]=null} ==> expected: <null> but was: <{[]=null}>
	at org.apache.commons.lang3.builder.ToStringBuilderTest_OE25Dev.validateNullToStringStyleRegistry(ToStringBuilderTest_OE25Dev.java:255)
	at org.apache.commons.lang3.builder.ToStringBuilderTest_OE25Dev.after(ToStringBuilderTest_OE25Dev.java:48)

[ERROR] org.apache.commons.lang3.builder.ToStringBuilderTest_OE25Dev.testInheritedReflectionStatics_3_oe  Time elapsed: 0 s  <<< FAILURE!
org.opentest4j.AssertionFailedError: Expected null, actual: {[]=null} ==> expected: <null> but was: <{[]=null}>
	at org.apache.commons.lang3.builder.ToStringBuilderTest_OE25Dev.validateNullToStringStyleRegistry(ToStringBuilderTest_OE25Dev.java:255)
	at org.apache.commons.lang3.builder.ToStringBuilderTest_OE25Dev.after(ToStringBuilderTest_OE25Dev.java:48)

[ERROR] org.apache.commons.lang3.builder.ToStringBuilderTest_OE25Dev.testInheritedReflectionStatics_4_oe  Time elapsed: 0 s  <<< FAILURE!
org.opentest4j.AssertionFailedError: Expected null, actual: {[]=null} ==> expected: <null> but was: <{[]=null}>
	at org.apache.commons.lang3.builder.ToStringBuilderTest_OE25Dev.validateNullToStringStyleRegistry(ToStringBuilderTest_OE25Dev.java:255)
	at org.apache.commons.lang3.builder.ToStringBuilderTest_OE25Dev.after(ToStringBuilderTest_OE25Dev.java:48)

[INFO] Running org.apache.commons.lang3.RandomUtilsTest_OE25Dev
[INFO] Tests run: 38, Failures: 0, Errors: 0, Skipped: 0, Time elapsed: 0.008 s - in org.apache.commons.lang3.RandomUtilsTest_OE25Dev
[INFO] Running org.apache.commons.lang3.builder.CompareToBuilderTest_OE25Dev
[INFO] Tests run: 308, Failures: 0, Errors: 0, Skipped: 0, Time elapsed: 0.018 s - in org.apache.commons.lang3.builder.CompareToBuilderTest_OE25Dev
[INFO] Running org.apache.commons.lang3.compare.ObjectToStringComparatorTest_OE25Dev
[INFO] Tests run: 9, Failures: 0, Errors: 0, Skipped: 0, Time elapsed: 0.001 s - in org.apache.commons.lang3.compare.ObjectToStringComparatorTest_OE25Dev
[INFO] Running org.apache.commons.lang3.reflect.MethodUtilsTest_OE25Dev
[INFO] Tests run: 200, Failures: 0, Errors: 0, Skipped: 0, Time elapsed: 0.033 s - in org.apache.commons.lang3.reflect.MethodUtilsTest_OE25Dev
[INFO] Running org.apache.commons.lang3.StringUtilsContainsTest_OE25Dev
[INFO] Tests run: 239, Failures: 0, Errors: 0, Skipped: 0, Time elapsed: 0.011 s - in org.apache.commons.lang3.StringUtilsContainsTest_OE25Dev
[INFO] Running org.apache.commons.lang3.exception.ContextedExceptionTest_OE25Dev
[INFO] Tests run: 19, Failures: 0, Errors: 0, Skipped: 0, Time elapsed: 0.013 s - in org.apache.commons.lang3.exception.ContextedExceptionTest_OE25Dev
[INFO] Running org.apache.commons.lang3.reflect.ConstructorUtilsTest_OE25Dev
[INFO] Tests run: 26, Failures: 0, Errors: 0, Skipped: 0, Time elapsed: 0.002 s - in org.apache.commons.lang3.reflect.ConstructorUtilsTest_OE25Dev
[INFO] Running org.apache.commons.lang3.concurrent.ConstantInitializerTest_OE25Dev
[INFO] Tests run: 4, Failures: 0, Errors: 0, Skipped: 0, Time elapsed: 0 s - in org.apache.commons.lang3.concurrent.ConstantInitializerTest_OE25Dev
[INFO] Running org.apache.commons.lang3.text.StrBuilderTest_OE25Dev
[ERROR] Tests run: 665, Failures: 16, Errors: 1, Skipped: 0, Time elapsed: 0.028 s <<< FAILURE! - in org.apache.commons.lang3.text.StrBuilderTest_OE25Dev
[ERROR] org.apache.commons.lang3.text.StrBuilderTest_OE25Dev.testAsTokenizer_10_oe  Time elapsed: 0 s  <<< FAILURE!
org.opentest4j.AssertionFailedError: expected: <b> but was: <a>
	at org.apache.commons.lang3.text.StrBuilderTest_OE25Dev.testAsTokenizer_10_oe(StrBuilderTest_OE25Dev.java:10802)

[ERROR] org.apache.commons.lang3.text.StrBuilderTest_OE25Dev.testAsTokenizer_18_oe  Time elapsed: 0 s  <<< FAILURE!
org.opentest4j.AssertionFailedError: expected: <b> but was: <a>
	at org.apache.commons.lang3.text.StrBuilderTest_OE25Dev.testAsTokenizer_18_oe(StrBuilderTest_OE25Dev.java:11046)

[ERROR] org.apache.commons.lang3.text.StrBuilderTest_OE25Dev.testAsTokenizer_19_oe  Time elapsed: 0 s  <<< FAILURE!
org.opentest4j.AssertionFailedError: expected: <c> but was: <a>
	at org.apache.commons.lang3.text.StrBuilderTest_OE25Dev.testAsTokenizer_19_oe(StrBuilderTest_OE25Dev.java:11081)

[ERROR] org.apache.commons.lang3.text.StrBuilderTest_OE25Dev.testAsTokenizer_20_oe  Time elapsed: 0 s  <<< FAILURE!
org.opentest4j.AssertionFailedError: expected: <d> but was: <a>
	at org.apache.commons.lang3.text.StrBuilderTest_OE25Dev.testAsTokenizer_20_oe(StrBuilderTest_OE25Dev.java:11117)

[ERROR] org.apache.commons.lang3.text.StrBuilderTest_OE25Dev.testAsReader_3_oe  Time elapsed: 0 s  <<< FAILURE!
org.opentest4j.AssertionFailedError: expected: <some text> but was: <         >
	at org.apache.commons.lang3.text.StrBuilderTest_OE25Dev.testAsReader_3_oe(StrBuilderTest_OE25Dev.java:11181)

[ERROR] org.apache.commons.lang3.text.StrBuilderTest_OE25Dev.testAsReader_4_oe  Time elapsed: 0 s  <<< FAILURE!
org.opentest4j.AssertionFailedError: expected: <-1> but was: <115>
	at org.apache.commons.lang3.text.StrBuilderTest_OE25Dev.testAsReader_4_oe(StrBuilderTest_OE25Dev.java:11193)

[ERROR] org.apache.commons.lang3.text.StrBuilderTest_OE25Dev.testAsReader_5_oe  Time elapsed: 0 s  <<< FAILURE!
org.opentest4j.AssertionFailedError: expected: <false> but was: <true>
	at org.apache.commons.lang3.text.StrBuilderTest_OE25Dev.testAsReader_5_oe(StrBuilderTest_OE25Dev.java:11206)

[ERROR] org.apache.commons.lang3.text.StrBuilderTest_OE25Dev.testAsReader_6_oe  Time elapsed: 0 s  <<< FAILURE!
org.opentest4j.AssertionFailedError: expected: <0> but was: <2>
	at org.apache.commons.lang3.text.StrBuilderTest_OE25Dev.testAsReader_6_oe(StrBuilderTest_OE25Dev.java:11220)

[ERROR] org.apache.commons.lang3.text.StrBuilderTest_OE25Dev.testChaining_4_oe  Time elapsed: 0 s  <<< ERROR!
java.lang.StringIndexOutOfBoundsException: String index out of range: 0
	at org.apache.commons.lang3.text.StrBuilderTest_OE25Dev.testChaining_4_oe(StrBuilderTest_OE25Dev.java:781)

[ERROR] org.apache.commons.lang3.text.StrBuilderTest_OE25Dev.testReverse_3_oe  Time elapsed: 0 s  <<< FAILURE!
org.opentest4j.AssertionFailedError: expected: <true> but was: <eurt>
	at org.apache.commons.lang3.text.StrBuilderTest_OE25Dev.testReverse_3_oe(StrBuilderTest_OE25Dev.java:6805)

[ERROR] org.apache.commons.lang3.text.StrBuilderTest_OE25Dev.testAsReader_11_oe  Time elapsed: 0 s  <<< FAILURE!
org.opentest4j.AssertionFailedError: expected: <o> but was: < >
	at org.apache.commons.lang3.text.StrBuilderTest_OE25Dev.testAsReader_11_oe(StrBuilderTest_OE25Dev.java:11316)

[ERROR] org.apache.commons.lang3.text.StrBuilderTest_OE25Dev.testAsReader_12_oe  Time elapsed: 0 s  <<< FAILURE!
org.opentest4j.AssertionFailedError: expected: <m> but was: < >
	at org.apache.commons.lang3.text.StrBuilderTest_OE25Dev.testAsReader_12_oe(StrBuilderTest_OE25Dev.java:11340)

[ERROR] org.apache.commons.lang3.text.StrBuilderTest_OE25Dev.testAsReader_13_oe  Time elapsed: 0 s  <<< FAILURE!
org.opentest4j.AssertionFailedError: expected: <e> but was: < >
	at org.apache.commons.lang3.text.StrBuilderTest_OE25Dev.testAsReader_13_oe(StrBuilderTest_OE25Dev.java:11365)

[ERROR] org.apache.commons.lang3.text.StrBuilderTest_OE25Dev.testAsReader_15_oe  Time elapsed: 0 s  <<< FAILURE!
org.opentest4j.AssertionFailedError: expected: <o> but was: < >
	at org.apache.commons.lang3.text.StrBuilderTest_OE25Dev.testAsReader_15_oe(StrBuilderTest_OE25Dev.java:11420)

[ERROR] org.apache.commons.lang3.text.StrBuilderTest_OE25Dev.testAsReader_16_oe  Time elapsed: 0 s  <<< FAILURE!
org.opentest4j.AssertionFailedError: expected: <o> but was: < >
	at org.apache.commons.lang3.text.StrBuilderTest_OE25Dev.testAsReader_16_oe(StrBuilderTest_OE25Dev.java:11449)

[ERROR] org.apache.commons.lang3.text.StrBuilderTest_OE25Dev.testAsReader_17_oe  Time elapsed: 0 s  <<< FAILURE!
org.opentest4j.AssertionFailedError: expected: <e> but was: < >
	at org.apache.commons.lang3.text.StrBuilderTest_OE25Dev.testAsReader_17_oe(StrBuilderTest_OE25Dev.java:11479)

[ERROR] org.apache.commons.lang3.text.StrBuilderTest_OE25Dev.testAsReader_19_oe  Time elapsed: 0 s  <<< FAILURE!
org.opentest4j.AssertionFailedError: expected: <32> but was: <115>
	at org.apache.commons.lang3.text.StrBuilderTest_OE25Dev.testAsReader_19_oe(StrBuilderTest_OE25Dev.java:11542)

[INFO] Running org.apache.commons.lang3.StringUtilsEqualsIndexOfTest_OE25Dev
[INFO] Tests run: 489, Failures: 0, Errors: 0, Skipped: 0, Time elapsed: 0.016 s - in org.apache.commons.lang3.StringUtilsEqualsIndexOfTest_OE25Dev
[INFO] Running org.apache.commons.lang3.builder.ToStringStyleTest_OE25Dev
[INFO] Tests run: 12, Failures: 0, Errors: 0, Skipped: 0, Time elapsed: 0.001 s - in org.apache.commons.lang3.builder.ToStringStyleTest_OE25Dev
[INFO] Running org.apache.commons.lang3.time.DateFormatUtilsTest_OE25Dev
[INFO] Tests run: 24, Failures: 0, Errors: 0, Skipped: 0, Time elapsed: 0.046 s - in org.apache.commons.lang3.time.DateFormatUtilsTest_OE25Dev
[INFO] Running org.apache.commons.lang3.StringEscapeUtilsTest_OE25Dev
[INFO] Tests run: 118, Failures: 0, Errors: 0, Skipped: 0, Time elapsed: 0.073 s - in org.apache.commons.lang3.StringEscapeUtilsTest_OE25Dev
[INFO] Running org.apache.commons.lang3.ConversionTest_OE25Dev
[INFO] Tests run: 539, Failures: 0, Errors: 0, Skipped: 0, Time elapsed: 0.017 s - in org.apache.commons.lang3.ConversionTest_OE25Dev
[INFO] Running org.apache.commons.lang3.builder.DefaultToStringStyleTest_OE25Dev
[INFO] Tests run: 44, Failures: 0, Errors: 0, Skipped: 0, Time elapsed: 0.003 s - in org.apache.commons.lang3.builder.DefaultToStringStyleTest_OE25Dev
[INFO] Running org.apache.commons.lang3.concurrent.MemoizerTest_OE25Dev
[ERROR] Tests run: 10, Failures: 0, Errors: 1, Skipped: 0, Time elapsed: 0.009 s <<< FAILURE! - in org.apache.commons.lang3.concurrent.MemoizerTest_OE25Dev
[ERROR] org.apache.commons.lang3.concurrent.MemoizerTest_OE25Dev.testDoesRecalculateWhenSetToTrue_2_oe  Time elapsed: 0 s  <<< ERROR!
java.lang.IllegalStateException: Unchecked exception
	at org.apache.commons.lang3.concurrent.MemoizerTest_OE25Dev.testDoesRecalculateWhenSetToTrue_2_oe(MemoizerTest_OE25Dev.java:126)
Caused by: java.lang.InterruptedException
	at org.apache.commons.lang3.concurrent.MemoizerTest_OE25Dev.testDoesRecalculateWhenSetToTrue_2_oe(MemoizerTest_OE25Dev.java:126)

[INFO] Running org.apache.commons.lang3.mutable.MutableFloatTest_OE25Dev
[INFO] Tests run: 75, Failures: 0, Errors: 0, Skipped: 0, Time elapsed: 0.003 s - in org.apache.commons.lang3.mutable.MutableFloatTest_OE25Dev
[INFO] Running org.apache.commons.lang3.builder.NoClassNameToStringStyleTest_OE25Dev
[INFO] Tests run: 44, Failures: 0, Errors: 0, Skipped: 0, Time elapsed: 0.002 s - in org.apache.commons.lang3.builder.NoClassNameToStringStyleTest_OE25Dev
[INFO] Running org.apache.commons.lang3.math.IEEE754rUtilsTest_OE25Dev
[INFO] Tests run: 22, Failures: 0, Errors: 0, Skipped: 0, Time elapsed: 0.002 s - in org.apache.commons.lang3.math.IEEE754rUtilsTest_OE25Dev
[INFO] Running org.apache.commons.lang3.ArraySorterTest_OE25Dev
[INFO] Tests run: 9, Failures: 0, Errors: 0, Skipped: 0, Time elapsed: 0.001 s - in org.apache.commons.lang3.ArraySorterTest_OE25Dev
[INFO] Running org.apache.commons.lang3.time.DurationFormatUtilsTest_OE25Dev
[INFO] Tests run: 142, Failures: 0, Errors: 0, Skipped: 0, Time elapsed: 0.012 s - in org.apache.commons.lang3.time.DurationFormatUtilsTest_OE25Dev
[INFO] Running org.apache.commons.lang3.time.FastDateFormatTest_OE25Dev
[ERROR] Tests run: 53, Failures: 7, Errors: 0, Skipped: 0, Time elapsed: 0.031 s <<< FAILURE! - in org.apache.commons.lang3.time.FastDateFormatTest_OE25Dev
[ERROR] org.apache.commons.lang3.time.FastDateFormatTest_OE25Dev.test_changeDefault_Locale_DateInstance_2_oe  Time elapsed: 0 s  <<< FAILURE!
org.opentest4j.AssertionFailedError: expected: <en_US> but was: <de_DE>
	at org.apache.commons.lang3.time.FastDateFormatTest_OE25Dev.test_changeDefault_Locale_DateInstance_2_oe(FastDateFormatTest_OE25Dev.java:176)

[ERROR] org.apache.commons.lang3.time.FastDateFormatTest_OE25Dev.test_changeDefault_Locale_DateInstance_4_oe  Time elapsed: 0 s  <<< FAILURE!
org.opentest4j.AssertionFailedError: expected: not same but was: <FastDateFormat[EEEE, d. MMMM y,de_DE,America/Chicago]>
	at org.apache.commons.lang3.time.FastDateFormatTest_OE25Dev.test_changeDefault_Locale_DateInstance_4_oe(FastDateFormatTest_OE25Dev.java:201)

[ERROR] org.apache.commons.lang3.time.FastDateFormatTest_OE25Dev.test_changeDefault_Locale_DateInstance_5_oe  Time elapsed: 0 s  <<< FAILURE!
org.opentest4j.AssertionFailedError: expected: not same but was: <FastDateFormat[EEEE, d. MMMM y,de_DE,America/Chicago]>
	at org.apache.commons.lang3.time.FastDateFormatTest_OE25Dev.test_changeDefault_Locale_DateInstance_5_oe(FastDateFormatTest_OE25Dev.java:215)

[ERROR] org.apache.commons.lang3.time.FastDateFormatTest_OE25Dev.test_getInstance_String_Locale_1_oe  Time elapsed: 0 s  <<< FAILURE!
org.opentest4j.AssertionFailedError: expected: not same but was: <FastDateFormat[MM/DD/yyyy,de_DE,America/Chicago]>
	at org.apache.commons.lang3.time.FastDateFormatTest_OE25Dev.test_getInstance_String_Locale_1_oe(FastDateFormatTest_OE25Dev.java:346)

[ERROR] org.apache.commons.lang3.time.FastDateFormatTest_OE25Dev.test_changeDefault_Locale_DateTimeInstance_2_oe  Time elapsed: 0 s  <<< FAILURE!
org.opentest4j.AssertionFailedError: expected: <en_US> but was: <de_DE>
	at org.apache.commons.lang3.time.FastDateFormatTest_OE25Dev.test_changeDefault_Locale_DateTimeInstance_2_oe(FastDateFormatTest_OE25Dev.java:236)

[ERROR] org.apache.commons.lang3.time.FastDateFormatTest_OE25Dev.test_changeDefault_Locale_DateTimeInstance_4_oe  Time elapsed: 0.001 s  <<< FAILURE!
org.opentest4j.AssertionFailedError: expected: not same but was: <FastDateFormat[EEEE, d. MMMM y 'um' HH:mm:ss zzzz,de_DE,America/Chicago]>
	at org.apache.commons.lang3.time.FastDateFormatTest_OE25Dev.test_changeDefault_Locale_DateTimeInstance_4_oe(FastDateFormatTest_OE25Dev.java:261)

[ERROR] org.apache.commons.lang3.time.FastDateFormatTest_OE25Dev.test_changeDefault_Locale_DateTimeInstance_5_oe  Time elapsed: 0 s  <<< FAILURE!
org.opentest4j.AssertionFailedError: expected: not same but was: <FastDateFormat[EEEE, d. MMMM y 'um' HH:mm:ss zzzz,de_DE,America/Chicago]>
	at org.apache.commons.lang3.time.FastDateFormatTest_OE25Dev.test_changeDefault_Locale_DateTimeInstance_5_oe(FastDateFormatTest_OE25Dev.java:275)

[INFO] Running org.apache.commons.lang3.builder.ReflectionDiffBuilderTest_OE25Dev
[INFO] Tests run: 6, Failures: 0, Errors: 0, Skipped: 0, Time elapsed: 0.003 s - in org.apache.commons.lang3.builder.ReflectionDiffBuilderTest_OE25Dev
[INFO] Running org.apache.commons.lang3.builder.JsonToStringStyleTest_OE25Dev
[INFO] Tests run: 102, Failures: 0, Errors: 0, Skipped: 0, Time elapsed: 0.011 s - in org.apache.commons.lang3.builder.JsonToStringStyleTest_OE25Dev
[INFO] Running org.apache.commons.lang3.text.translate.OctalUnescaperTest_OE25Dev
[INFO] Tests run: 12, Failures: 0, Errors: 0, Skipped: 0, Time elapsed: 0.001 s - in org.apache.commons.lang3.text.translate.OctalUnescaperTest_OE25Dev
[INFO] Running org.apache.commons.lang3.text.StrMatcherTest_OE25Dev
[INFO] Tests run: 92, Failures: 0, Errors: 0, Skipped: 0, Time elapsed: 0.003 s - in org.apache.commons.lang3.text.StrMatcherTest_OE25Dev
[INFO] Running org.apache.commons.lang3.builder.RecursiveToStringStyleTest_OE25Dev
[INFO] Tests run: 34, Failures: 0, Errors: 0, Skipped: 0, Time elapsed: 0.003 s - in org.apache.commons.lang3.builder.RecursiveToStringStyleTest_OE25Dev
[INFO] Running org.apache.commons.lang3.concurrent.AtomicSafeInitializerTest_OE25Dev
[INFO] Tests run: 1, Failures: 0, Errors: 0, Skipped: 0, Time elapsed: 0.001 s - in org.apache.commons.lang3.concurrent.AtomicSafeInitializerTest_OE25Dev
[INFO] Running org.apache.commons.lang3.text.translate.UnicodeEscaperTest_OE25Dev
[INFO] Tests run: 3, Failures: 0, Errors: 0, Skipped: 0, Time elapsed: 0 s - in org.apache.commons.lang3.text.translate.UnicodeEscaperTest_OE25Dev
[INFO] Running org.apache.commons.lang3.builder.MultiLineToStringStyleTest_OE25Dev
[INFO] Tests run: 44, Failures: 0, Errors: 0, Skipped: 0, Time elapsed: 0.002 s - in org.apache.commons.lang3.builder.MultiLineToStringStyleTest_OE25Dev
[INFO] Running org.apache.commons.lang3.concurrent.CircuitBreakingExceptionTest_OE25Dev
[INFO] Tests run: 15, Failures: 0, Errors: 0, Skipped: 0, Time elapsed: 0.001 s - in org.apache.commons.lang3.concurrent.CircuitBreakingExceptionTest_OE25Dev
[INFO] Running org.apache.commons.lang3.CharsetsTestCase_OE25Dev
[INFO] Tests run: 8, Failures: 0, Errors: 0, Skipped: 0, Time elapsed: 0.001 s - in org.apache.commons.lang3.CharsetsTestCase_OE25Dev
[INFO] Running org.apache.commons.lang3.builder.StandardToStringStyleTest_OE25Dev
[INFO] Tests run: 48, Failures: 0, Errors: 0, Skipped: 0, Time elapsed: 0.004 s - in org.apache.commons.lang3.builder.StandardToStringStyleTest_OE25Dev
[INFO] Running org.apache.commons.lang3.time.DateUtilsTest_OE25Dev
[ERROR] Tests run: 263, Failures: 1, Errors: 0, Skipped: 0, Time elapsed: 0.071 s <<< FAILURE! - in org.apache.commons.lang3.time.DateUtilsTest_OE25Dev
[ERROR] org.apache.commons.lang3.time.DateUtilsTest_OE25Dev.testLANG799_EN_FAIL_1_oe  Time elapsed: 0.001 s  <<< FAILURE!
org.opentest4j.AssertionFailedError: Expected java.text.ParseException to be thrown, but nothing was thrown.
	at org.apache.commons.lang3.time.DateUtilsTest_OE25Dev.testLANG799_EN_FAIL_1_oe(DateUtilsTest_OE25Dev.java:2994)

[INFO] Running org.apache.commons.lang3.StringUtilsSubstringTest_OE25Dev
[INFO] Tests run: 223, Failures: 0, Errors: 0, Skipped: 0, Time elapsed: 0.006 s - in org.apache.commons.lang3.StringUtilsSubstringTest_OE25Dev
[INFO] Running org.apache.commons.lang3.mutable.MutableLongTest_OE25Dev
[INFO] Tests run: 76, Failures: 0, Errors: 0, Skipped: 0, Time elapsed: 0.003 s - in org.apache.commons.lang3.mutable.MutableLongTest_OE25Dev
[INFO] Running org.apache.commons.lang3.mutable.MutableIntTest_OE25Dev
[INFO] Tests run: 65, Failures: 0, Errors: 0, Skipped: 0, Time elapsed: 0.002 s - in org.apache.commons.lang3.mutable.MutableIntTest_OE25Dev
[INFO] Running org.apache.commons.lang3.time.FastDateParser_TimeZoneStrategyTest_OE25Dev
[INFO] Tests run: 1, Failures: 0, Errors: 0, Skipped: 0, Time elapsed: 0.004 s - in org.apache.commons.lang3.time.FastDateParser_TimeZoneStrategyTest_OE25Dev
[INFO] Running org.apache.commons.lang3.StringUtilsIsTest_OE25Dev
[INFO] Tests run: 112, Failures: 0, Errors: 0, Skipped: 0, Time elapsed: 0.008 s - in org.apache.commons.lang3.StringUtilsIsTest_OE25Dev
[INFO] Running org.apache.commons.lang3.mutable.MutableByteTest_OE25Dev
[INFO] Tests run: 72, Failures: 0, Errors: 0, Skipped: 0, Time elapsed: 0.003 s - in org.apache.commons.lang3.mutable.MutableByteTest_OE25Dev
[INFO] Running org.apache.commons.lang3.StringUtilsEmptyBlankTest_OE25Dev
[INFO] Tests run: 93, Failures: 0, Errors: 0, Skipped: 0, Time elapsed: 0.003 s - in org.apache.commons.lang3.StringUtilsEmptyBlankTest_OE25Dev
[INFO] Running org.apache.commons.lang3.builder.DiffResultTest_OE25Dev
