[INFO] Scanning for projects...
[INFO] 
[INFO] ------------------< org.apache.commons:commons-lang3 >------------------
[INFO] Building Apache Commons Lang 3.12.0
[INFO] --------------------------------[ jar ]---------------------------------
[INFO] 
[INFO] --- maven-enforcer-plugin:3.0.0-M3:enforce (enforce-maven-version) @ commons-lang3 ---
[INFO] 
[INFO] --- maven-enforcer-plugin:3.0.0-M3:enforce (enforce-maven-3) @ commons-lang3 ---
[INFO] 
[INFO] --- apache-rat-plugin:0.13:check (rat-check) @ commons-lang3 ---
[INFO] RAT will not execute since it is configured to be skipped via system property 'rat.skip'.
[INFO] 
[INFO] --- build-helper-maven-plugin:3.2.0:parse-version (parse-version) @ commons-lang3 ---
[INFO] 
[INFO] --- maven-antrun-plugin:1.8:run (javadoc.resources) @ commons-lang3 ---
[INFO] Executing tasks

main:
     [copy] Copying 2 files to /home/tasfia/Desktop/OE25-DEV/projects_decomposed/commons-lang3/target/apidocs/META-INF
[INFO] Executed tasks
[INFO] 
[INFO] --- maven-remote-resources-plugin:1.7.0:process (process-resource-bundles) @ commons-lang3 ---
[INFO] Skipping remote resources execution.
[INFO] 
[INFO] --- buildnumber-maven-plugin:1.4:create (default) @ commons-lang3 ---
[INFO] Executing: /bin/sh -c cd '/home/tasfia/Desktop/OE25-DEV/projects_decomposed/commons-lang3' && 'git' 'rev-parse' '--verify' 'HEAD'
[INFO] Working directory: /home/tasfia/Desktop/OE25-DEV/projects_decomposed/commons-lang3
[INFO] Storing buildNumber: 504c4e02269b05d34548a85b1573338184bb5848 at timestamp: 1770389008348
[WARNING] Cannot get the branch information from the git repository: 
Detecting the current branch failed: fatal: ref HEAD is not a symbolic ref

[INFO] Executing: /bin/sh -c cd '/home/tasfia/Desktop/OE25-DEV/projects_decomposed/commons-lang3' && 'git' 'rev-parse' '--verify' 'HEAD'
[INFO] Working directory: /home/tasfia/Desktop/OE25-DEV/projects_decomposed/commons-lang3
[INFO] Storing buildScmBranch: UNKNOWN
[INFO] 
[INFO] --- maven-resources-plugin:3.1.0:resources (default-resources) @ commons-lang3 ---
[INFO] Using 'ISO-8859-1' encoding to copy filtered resources.
[INFO] skip non existing resourceDirectory /home/tasfia/Desktop/OE25-DEV/projects_decomposed/commons-lang3/src/main/resources
[INFO] Copying 2 resources to META-INF
[INFO] 
[INFO] --- maven-compiler-plugin:3.8.1:compile (default-compile) @ commons-lang3 ---
[INFO] Changes detected - recompiling the module!
[INFO] Compiling 215 source files to /home/tasfia/Desktop/OE25-DEV/projects_decomposed/commons-lang3/target/classes
[INFO] /home/tasfia/Desktop/OE25-DEV/projects_decomposed/commons-lang3/src/main/java/org/apache/commons/lang3/builder/ToStringStyle.java: Some input files use or override a deprecated API.
[INFO] /home/tasfia/Desktop/OE25-DEV/projects_decomposed/commons-lang3/src/main/java/org/apache/commons/lang3/builder/ToStringStyle.java: Recompile with -Xlint:deprecation for details.
[INFO] /home/tasfia/Desktop/OE25-DEV/projects_decomposed/commons-lang3/src/main/java/org/apache/commons/lang3/function/FailableDoublePredicate.java: Some input files use unchecked or unsafe operations.
[INFO] /home/tasfia/Desktop/OE25-DEV/projects_decomposed/commons-lang3/src/main/java/org/apache/commons/lang3/function/FailableDoublePredicate.java: Recompile with -Xlint:unchecked for details.
[INFO] 
[INFO] --- maven-bundle-plugin:5.1.1:manifest (bundle-manifest) @ commons-lang3 ---
[INFO] 
[INFO] --- maven-resources-plugin:3.1.0:testResources (default-testResources) @ commons-lang3 ---
[INFO] Using 'ISO-8859-1' encoding to copy filtered resources.
[INFO] Copying 2 resources
[INFO] Copying 2 resources to META-INF
[INFO] 
[INFO] --- maven-compiler-plugin:3.8.1:testCompile (default-testCompile) @ commons-lang3 ---
[INFO] Changes detected - recompiling the module!
[INFO] Compiling 314 source files to /home/tasfia/Desktop/OE25-DEV/projects_decomposed/commons-lang3/target/test-classes
[INFO] /home/tasfia/Desktop/OE25-DEV/projects_decomposed/commons-lang3/src/test/java/org/apache/commons/lang3/FunctionsTest.java: Some input files use or override a deprecated API.
[INFO] /home/tasfia/Desktop/OE25-DEV/projects_decomposed/commons-lang3/src/test/java/org/apache/commons/lang3/FunctionsTest.java: Recompile with -Xlint:deprecation for details.
[INFO] /home/tasfia/Desktop/OE25-DEV/projects_decomposed/commons-lang3/src/test/java/org/apache/commons/lang3/builder/DiffBuilderTest.java: Some input files use or override a deprecated API that is marked for removal.
[INFO] /home/tasfia/Desktop/OE25-DEV/projects_decomposed/commons-lang3/src/test/java/org/apache/commons/lang3/builder/DiffBuilderTest.java: Recompile with -Xlint:removal for details.
[INFO] /home/tasfia/Desktop/OE25-DEV/projects_decomposed/commons-lang3/src/test/java/org/apache/commons/lang3/FunctionsTest.java: Some input files use unchecked or unsafe operations.
[INFO] /home/tasfia/Desktop/OE25-DEV/projects_decomposed/commons-lang3/src/test/java/org/apache/commons/lang3/FunctionsTest.java: Recompile with -Xlint:unchecked for details.
[INFO] 
[INFO] --- animal-sniffer-maven-plugin:1.19:check (checkAPIcompatibility) @ commons-lang3 ---
[INFO] Checking unresolved references to org.codehaus.mojo.signature:java18:1.0
[INFO] /home/tasfia/Desktop/OE25-DEV/projects_decomposed/commons-lang3/src/test/java/org/apache/commons/lang3/text/StrBuilderTest.java:1841: Covariant return type change detected: java.nio.Buffer java.nio.CharBuffer.flip() has been changed to java.nio.CharBuffer java.nio.CharBuffer.flip()
[INFO] /home/tasfia/Desktop/OE25-DEV/projects_decomposed/commons-lang3/src/test/java/org/apache/commons/lang3/text/StrBuilderTest.java:1891: Covariant return type change detected: java.nio.Buffer java.nio.CharBuffer.flip() has been changed to java.nio.CharBuffer java.nio.CharBuffer.flip()
[INFO] /home/tasfia/Desktop/OE25-DEV/projects_decomposed/commons-lang3/src/test/java/org/apache/commons/lang3/text/StrBuilderTest_OE25Dev.java:12694: Covariant return type change detected: java.nio.Buffer java.nio.CharBuffer.flip() has been changed to java.nio.CharBuffer java.nio.CharBuffer.flip()
[INFO] /home/tasfia/Desktop/OE25-DEV/projects_decomposed/commons-lang3/src/test/java/org/apache/commons/lang3/text/StrBuilderTest_OE25Dev.java:12704: Covariant return type change detected: java.nio.Buffer java.nio.CharBuffer.flip() has been changed to java.nio.CharBuffer java.nio.CharBuffer.flip()
[INFO] /home/tasfia/Desktop/OE25-DEV/projects_decomposed/commons-lang3/src/test/java/org/apache/commons/lang3/text/StrBuilderTest_OE25Dev.java:12753: Covariant return type change detected: java.nio.Buffer java.nio.CharBuffer.flip() has been changed to java.nio.CharBuffer java.nio.CharBuffer.flip()
[INFO] 
[INFO] --- jacoco-maven-plugin:0.8.6:prepare-agent (prepare-agent) @ commons-lang3 ---
[INFO] Skipping JaCoCo execution because property jacoco.skip is set.
[INFO] 
[INFO] --- maven-surefire-plugin:3.0.0-M5:test (default-test) @ commons-lang3 ---
[INFO] 
[INFO] -------------------------------------------------------
[INFO]  T E S T S
[INFO] -------------------------------------------------------
[INFO] Running org.apache.commons.lang3.text.translate.NumericEntityUnescaperTest_OE25Dev
[INFO] Tests run: 8, Failures: 0, Errors: 0, Skipped: 0, Time elapsed: 0.014 s - in org.apache.commons.lang3.text.translate.NumericEntityUnescaperTest_OE25Dev
[INFO] Running org.apache.commons.lang3.AnnotationUtilsTest_OE25Dev
[ERROR] Tests run: 17, Failures: 0, Errors: 3, Skipped: 0, Time elapsed: 0.014 s <<< FAILURE! - in org.apache.commons.lang3.AnnotationUtilsTest_OE25Dev
[ERROR] org.apache.commons.lang3.AnnotationUtilsTest_OE25Dev.testHashCode_1_oe  Time elapsed: 0.003 s  <<< ERROR!
java.lang.NoSuchMethodException: org.apache.commons.lang3.AnnotationUtilsTest_OE25Dev.testHashCode()
	at org.apache.commons.lang3.AnnotationUtilsTest_OE25Dev.lambda$testHashCode_1_oe$2(AnnotationUtilsTest_OE25Dev.java:518)

[ERROR] org.apache.commons.lang3.AnnotationUtilsTest_OE25Dev.testGeneratedAnnotationEquivalentToRealAnnotation_1_oe  Time elapsed: 0.001 s  <<< ERROR!
java.lang.NoSuchMethodException: org.apache.commons.lang3.AnnotationUtilsTest_OE25Dev.testGeneratedAnnotationEquivalentToRealAnnotation()
	at org.apache.commons.lang3.AnnotationUtilsTest_OE25Dev.lambda$testGeneratedAnnotationEquivalentToRealAnnotation_1_oe$1(AnnotationUtilsTest_OE25Dev.java:513)

[ERROR] org.apache.commons.lang3.AnnotationUtilsTest_OE25Dev.testToString_1_oe  Time elapsed: 0 s  <<< ERROR!
java.lang.NoSuchMethodException: org.apache.commons.lang3.AnnotationUtilsTest_OE25Dev.testToString()
	at org.apache.commons.lang3.AnnotationUtilsTest_OE25Dev.lambda$testToString_1_oe$3(AnnotationUtilsTest_OE25Dev.java:524)

[INFO] Running org.apache.commons.lang3.concurrent.CallableBackgroundInitializerTest_OE25Dev
[ERROR] Tests run: 4, Failures: 1, Errors: 0, Skipped: 0, Time elapsed: 0.002 s <<< FAILURE! - in org.apache.commons.lang3.concurrent.CallableBackgroundInitializerTest_OE25Dev
[ERROR] org.apache.commons.lang3.concurrent.CallableBackgroundInitializerTest_OE25Dev.testInitialize_2_oe  Time elapsed: 0 s  <<< FAILURE!
org.opentest4j.AssertionFailedError: Wrong number of invocations ==> expected: <1> but was: <0>
	at org.apache.commons.lang3.concurrent.CallableBackgroundInitializerTest_OE25Dev.testInitialize_2_oe(CallableBackgroundInitializerTest_OE25Dev.java:113)

[INFO] Running org.apache.commons.lang3.tuple.PairTest_OE25Dev
[INFO] Tests run: 31, Failures: 0, Errors: 0, Skipped: 0, Time elapsed: 0.017 s - in org.apache.commons.lang3.tuple.PairTest_OE25Dev
[INFO] Running org.apache.commons.lang3.time.FastDatePrinterTest_OE25Dev
[ERROR] Tests run: 74, Failures: 16, Errors: 0, Skipped: 0, Time elapsed: 0.095 s <<< FAILURE! - in org.apache.commons.lang3.time.FastDatePrinterTest_OE25Dev
[ERROR] org.apache.commons.lang3.time.FastDatePrinterTest_OE25Dev.testTimeZoneAsZ_1_oe  Time elapsed: 0.042 s  <<< FAILURE!
org.opentest4j.AssertionFailedError: expected: <+0000> but was: <-0600>
	at org.apache.commons.lang3.time.FastDatePrinterTest_OE25Dev.testTimeZoneAsZ_1_oe(FastDatePrinterTest_OE25Dev.java:1247)

[ERROR] org.apache.commons.lang3.time.FastDatePrinterTest_OE25Dev.testTimeZoneAsZ_2_oe  Time elapsed: 0.001 s  <<< FAILURE!
org.opentest4j.AssertionFailedError: expected: <Z> but was: <-06:00>
	at org.apache.commons.lang3.time.FastDatePrinterTest_OE25Dev.testTimeZoneAsZ_2_oe(FastDatePrinterTest_OE25Dev.java:1257)

[ERROR] org.apache.commons.lang3.time.FastDatePrinterTest_OE25Dev.testTimeZoneAsZ_3_oe  Time elapsed: 0 s  <<< FAILURE!
org.opentest4j.AssertionFailedError: expected: <+00:00> but was: <-06:00>
	at org.apache.commons.lang3.time.FastDatePrinterTest_OE25Dev.testTimeZoneAsZ_3_oe(FastDatePrinterTest_OE25Dev.java:1270)

[ERROR] org.apache.commons.lang3.time.FastDatePrinterTest_OE25Dev.testFormat_10_oe  Time elapsed: 0.002 s  <<< FAILURE!
org.opentest4j.AssertionFailedError: expected: <-0500> but was: <-0600>
	at org.apache.commons.lang3.time.FastDatePrinterTest_OE25Dev.testFormat_10_oe(FastDatePrinterTest_OE25Dev.java:455)

[ERROR] org.apache.commons.lang3.time.FastDatePrinterTest_OE25Dev.testFormat_11_oe  Time elapsed: 0 s  <<< FAILURE!
org.opentest4j.AssertionFailedError: expected: <-0400> but was: <-0500>
	at org.apache.commons.lang3.time.FastDatePrinterTest_OE25Dev.testFormat_11_oe(FastDatePrinterTest_OE25Dev.java:482)

[ERROR] org.apache.commons.lang3.time.FastDatePrinterTest_OE25Dev.testFormat_12_oe  Time elapsed: 0.001 s  <<< FAILURE!
org.opentest4j.AssertionFailedError: expected: <-0400> but was: <-0500>
	at org.apache.commons.lang3.time.FastDatePrinterTest_OE25Dev.testFormat_12_oe(FastDatePrinterTest_OE25Dev.java:510)

[ERROR] org.apache.commons.lang3.time.FastDatePrinterTest_OE25Dev.testFormat_13_oe  Time elapsed: 0 s  <<< FAILURE!
org.opentest4j.AssertionFailedError: expected: <-0400> but was: <-0500>
	at org.apache.commons.lang3.time.FastDatePrinterTest_OE25Dev.testFormat_13_oe(FastDatePrinterTest_OE25Dev.java:539)

[ERROR] org.apache.commons.lang3.time.FastDatePrinterTest_OE25Dev.testFormat_14_oe  Time elapsed: 0 s  <<< FAILURE!
org.opentest4j.AssertionFailedError: expected: <-05:00> but was: <-06:00>
	at org.apache.commons.lang3.time.FastDatePrinterTest_OE25Dev.testFormat_14_oe(FastDatePrinterTest_OE25Dev.java:571)

[ERROR] org.apache.commons.lang3.time.FastDatePrinterTest_OE25Dev.testFormat_15_oe  Time elapsed: 0 s  <<< FAILURE!
org.opentest4j.AssertionFailedError: expected: <-05:00> but was: <-06:00>
	at org.apache.commons.lang3.time.FastDatePrinterTest_OE25Dev.testFormat_15_oe(FastDatePrinterTest_OE25Dev.java:604)

[ERROR] org.apache.commons.lang3.time.FastDatePrinterTest_OE25Dev.testFormat_16_oe  Time elapsed: 0 s  <<< FAILURE!
org.opentest4j.AssertionFailedError: expected: <-05:00> but was: <-06:00>
	at org.apache.commons.lang3.time.FastDatePrinterTest_OE25Dev.testFormat_16_oe(FastDatePrinterTest_OE25Dev.java:638)

[ERROR] org.apache.commons.lang3.time.FastDatePrinterTest_OE25Dev.testFormat_17_oe  Time elapsed: 0 s  <<< FAILURE!
org.opentest4j.AssertionFailedError: expected: <-04:00> but was: <-05:00>
	at org.apache.commons.lang3.time.FastDatePrinterTest_OE25Dev.testFormat_17_oe(FastDatePrinterTest_OE25Dev.java:674)

[ERROR] org.apache.commons.lang3.time.FastDatePrinterTest_OE25Dev.testFormat_18_oe  Time elapsed: 0.001 s  <<< FAILURE!
org.opentest4j.AssertionFailedError: expected: <-04:00> but was: <-05:00>
	at org.apache.commons.lang3.time.FastDatePrinterTest_OE25Dev.testFormat_18_oe(FastDatePrinterTest_OE25Dev.java:711)

[ERROR] org.apache.commons.lang3.time.FastDatePrinterTest_OE25Dev.testFormat_19_oe  Time elapsed: 0 s  <<< FAILURE!
org.opentest4j.AssertionFailedError: expected: <-04:00> but was: <-05:00>
	at org.apache.commons.lang3.time.FastDatePrinterTest_OE25Dev.testFormat_19_oe(FastDatePrinterTest_OE25Dev.java:749)

[ERROR] org.apache.commons.lang3.time.FastDatePrinterTest_OE25Dev.testLang538_2_oe  Time elapsed: 0.001 s  <<< FAILURE!
org.opentest4j.AssertionFailedError: dateTime ==> expected: <2009-10-16T16:42:16.000Z> but was: <2009-10-16T08:42:16.000Z>
	at org.apache.commons.lang3.time.FastDatePrinterTest_OE25Dev.testLang538_2_oe(FastDatePrinterTest_OE25Dev.java:966)

[ERROR] org.apache.commons.lang3.time.FastDatePrinterTest_OE25Dev.testFormat_8_oe  Time elapsed: 0 s  <<< FAILURE!
org.opentest4j.AssertionFailedError: expected: <-0500> but was: <-0600>
	at org.apache.commons.lang3.time.FastDatePrinterTest_OE25Dev.testFormat_8_oe(FastDatePrinterTest_OE25Dev.java:406)

[ERROR] org.apache.commons.lang3.time.FastDatePrinterTest_OE25Dev.testFormat_9_oe  Time elapsed: 0 s  <<< FAILURE!
org.opentest4j.AssertionFailedError: expected: <-0500> but was: <-0600>
	at org.apache.commons.lang3.time.FastDatePrinterTest_OE25Dev.testFormat_9_oe(FastDatePrinterTest_OE25Dev.java:430)

[INFO] Running org.apache.commons.lang3.mutable.MutableBooleanTest_OE25Dev
[INFO] Tests run: 43, Failures: 0, Errors: 0, Skipped: 0, Time elapsed: 0.006 s - in org.apache.commons.lang3.mutable.MutableBooleanTest_OE25Dev
[INFO] Running org.apache.commons.lang3.tuple.MutableTripleTest_OE25Dev
[INFO] Tests run: 36, Failures: 0, Errors: 0, Skipped: 0, Time elapsed: 0.006 s - in org.apache.commons.lang3.tuple.MutableTripleTest_OE25Dev
[INFO] Running org.apache.commons.lang3.text.StrTokenizerTest_OE25Dev
[ERROR] Tests run: 210, Failures: 100, Errors: 0, Skipped: 0, Time elapsed: 0.032 s <<< FAILURE! - in org.apache.commons.lang3.text.StrTokenizerTest_OE25Dev
[ERROR] org.apache.commons.lang3.text.StrTokenizerTest_OE25Dev.testConstructor_charArray_2_oe  Time elapsed: 0 s  <<< FAILURE!
org.opentest4j.AssertionFailedError: expected: <b> but was: <a>
	at org.apache.commons.lang3.text.StrTokenizerTest_OE25Dev.testConstructor_charArray_2_oe(StrTokenizerTest_OE25Dev.java:1909)

[ERROR] org.apache.commons.lang3.text.StrTokenizerTest_OE25Dev.testConstructor_charArray_3_oe  Time elapsed: 0 s  <<< FAILURE!
org.opentest4j.AssertionFailedError: expected: <false> but was: <true>
	at org.apache.commons.lang3.text.StrTokenizerTest_OE25Dev.testConstructor_charArray_3_oe(StrTokenizerTest_OE25Dev.java:1917)

[ERROR] org.apache.commons.lang3.text.StrTokenizerTest_OE25Dev.testBasicQuoted1_2_oe  Time elapsed: 0 s  <<< FAILURE!
org.opentest4j.AssertionFailedError: expected: <b> but was: <a>
	at org.apache.commons.lang3.text.StrTokenizerTest_OE25Dev.testBasicQuoted1_2_oe(StrTokenizerTest_OE25Dev.java:832)

[ERROR] org.apache.commons.lang3.text.StrTokenizerTest_OE25Dev.testBasicQuoted1_3_oe  Time elapsed: 0 s  <<< FAILURE!
org.opentest4j.AssertionFailedError: expected: <c> but was: <a>
	at org.apache.commons.lang3.text.StrTokenizerTest_OE25Dev.testBasicQuoted1_3_oe(StrTokenizerTest_OE25Dev.java:841)

[ERROR] org.apache.commons.lang3.text.StrTokenizerTest_OE25Dev.testBasicQuoted1_4_oe  Time elapsed: 0 s  <<< FAILURE!
org.opentest4j.AssertionFailedError: expected: <false> but was: <true>
	at org.apache.commons.lang3.text.StrTokenizerTest_OE25Dev.testBasicQuoted1_4_oe(StrTokenizerTest_OE25Dev.java:851)

[ERROR] org.apache.commons.lang3.text.StrTokenizerTest_OE25Dev.testBasicQuoted2_2_oe  Time elapsed: 0 s  <<< FAILURE!
org.opentest4j.AssertionFailedError: expected: <b> but was: <a>
	at org.apache.commons.lang3.text.StrTokenizerTest_OE25Dev.testBasicQuoted2_2_oe(StrTokenizerTest_OE25Dev.java:870)

[ERROR] org.apache.commons.lang3.text.StrTokenizerTest_OE25Dev.testBasicQuoted2_3_oe  Time elapsed: 0 s  <<< FAILURE!
org.opentest4j.AssertionFailedError: expected: <null> but was: <a>
	at org.apache.commons.lang3.text.StrTokenizerTest_OE25Dev.testBasicQuoted2_3_oe(StrTokenizerTest_OE25Dev.java:881)

[ERROR] org.apache.commons.lang3.text.StrTokenizerTest_OE25Dev.testBasicQuoted2_4_oe  Time elapsed: 0 s  <<< FAILURE!
org.opentest4j.AssertionFailedError: expected: <false> but was: <true>
	at org.apache.commons.lang3.text.StrTokenizerTest_OE25Dev.testBasicQuoted2_4_oe(StrTokenizerTest_OE25Dev.java:893)

[ERROR] org.apache.commons.lang3.text.StrTokenizerTest_OE25Dev.testBasicQuoted3_2_oe  Time elapsed: 0 s  <<< FAILURE!
org.opentest4j.AssertionFailedError: expected: <b'c> but was: <a>
	at org.apache.commons.lang3.text.StrTokenizerTest_OE25Dev.testBasicQuoted3_2_oe(StrTokenizerTest_OE25Dev.java:912)

[ERROR] org.apache.commons.lang3.text.StrTokenizerTest_OE25Dev.testBasicQuoted3_3_oe  Time elapsed: 0 s  <<< FAILURE!
org.opentest4j.AssertionFailedError: expected: <false> but was: <true>
	at org.apache.commons.lang3.text.StrTokenizerTest_OE25Dev.testBasicQuoted3_3_oe(StrTokenizerTest_OE25Dev.java:923)

[ERROR] org.apache.commons.lang3.text.StrTokenizerTest_OE25Dev.testBasicQuoted4_2_oe  Time elapsed: 0 s  <<< FAILURE!
org.opentest4j.AssertionFailedError: expected: <b c> but was: <a>
	at org.apache.commons.lang3.text.StrTokenizerTest_OE25Dev.testBasicQuoted4_2_oe(StrTokenizerTest_OE25Dev.java:944)

[ERROR] org.apache.commons.lang3.text.StrTokenizerTest_OE25Dev.testBasicQuoted4_3_oe  Time elapsed: 0 s  <<< FAILURE!
org.opentest4j.AssertionFailedError: expected: <d> but was: <a>
	at org.apache.commons.lang3.text.StrTokenizerTest_OE25Dev.testBasicQuoted4_3_oe(StrTokenizerTest_OE25Dev.java:956)

[ERROR] org.apache.commons.lang3.text.StrTokenizerTest_OE25Dev.testBasicQuoted4_4_oe  Time elapsed: 0 s  <<< FAILURE!
org.opentest4j.AssertionFailedError: expected: <false> but was: <true>
	at org.apache.commons.lang3.text.StrTokenizerTest_OE25Dev.testBasicQuoted4_4_oe(StrTokenizerTest_OE25Dev.java:969)

[ERROR] org.apache.commons.lang3.text.StrTokenizerTest_OE25Dev.testBasicQuoted5_2_oe  Time elapsed: 0 s  <<< FAILURE!
org.opentest4j.AssertionFailedError: expected: <bxc> but was: <a>
	at org.apache.commons.lang3.text.StrTokenizerTest_OE25Dev.testBasicQuoted5_2_oe(StrTokenizerTest_OE25Dev.java:990)

[ERROR] org.apache.commons.lang3.text.StrTokenizerTest_OE25Dev.testBasicQuoted5_3_oe  Time elapsed: 0 s  <<< FAILURE!
org.opentest4j.AssertionFailedError: expected: <d> but was: <a>
	at org.apache.commons.lang3.text.StrTokenizerTest_OE25Dev.testBasicQuoted5_3_oe(StrTokenizerTest_OE25Dev.java:1002)

[ERROR] org.apache.commons.lang3.text.StrTokenizerTest_OE25Dev.testBasicQuoted5_4_oe  Time elapsed: 0 s  <<< FAILURE!
org.opentest4j.AssertionFailedError: expected: <false> but was: <true>
	at org.apache.commons.lang3.text.StrTokenizerTest_OE25Dev.testBasicQuoted5_4_oe(StrTokenizerTest_OE25Dev.java:1015)

[ERROR] org.apache.commons.lang3.text.StrTokenizerTest_OE25Dev.testBasicQuoted6_2_oe  Time elapsed: 0.001 s  <<< FAILURE!
org.opentest4j.AssertionFailedError: expected: <b"c:d> but was: <a>
	at org.apache.commons.lang3.text.StrTokenizerTest_OE25Dev.testBasicQuoted6_2_oe(StrTokenizerTest_OE25Dev.java:1032)

[ERROR] org.apache.commons.lang3.text.StrTokenizerTest_OE25Dev.testBasicQuoted6_3_oe  Time elapsed: 0 s  <<< FAILURE!
org.opentest4j.AssertionFailedError: expected: <false> but was: <true>
	at org.apache.commons.lang3.text.StrTokenizerTest_OE25Dev.testBasicQuoted6_3_oe(StrTokenizerTest_OE25Dev.java:1042)

[ERROR] org.apache.commons.lang3.text.StrTokenizerTest_OE25Dev.testBasicQuoted7_2_oe  Time elapsed: 0 s  <<< FAILURE!
org.opentest4j.AssertionFailedError: expected: <There's a reason here> but was: <a>
	at org.apache.commons.lang3.text.StrTokenizerTest_OE25Dev.testBasicQuoted7_2_oe(StrTokenizerTest_OE25Dev.java:1059)

[ERROR] org.apache.commons.lang3.text.StrTokenizerTest_OE25Dev.testBasicQuoted7_3_oe  Time elapsed: 0 s  <<< FAILURE!
org.opentest4j.AssertionFailedError: expected: <b> but was: <a>
	at org.apache.commons.lang3.text.StrTokenizerTest_OE25Dev.testBasicQuoted7_3_oe(StrTokenizerTest_OE25Dev.java:1069)

[ERROR] org.apache.commons.lang3.text.StrTokenizerTest_OE25Dev.testBasicQuoted7_4_oe  Time elapsed: 0 s  <<< FAILURE!
org.opentest4j.AssertionFailedError: expected: <false> but was: <true>
	at org.apache.commons.lang3.text.StrTokenizerTest_OE25Dev.testBasicQuoted7_4_oe(StrTokenizerTest_OE25Dev.java:1080)

[ERROR] org.apache.commons.lang3.text.StrTokenizerTest_OE25Dev.testConstructor_String_char_3_oe  Time elapsed: 0 s  <<< FAILURE!
org.opentest4j.AssertionFailedError: expected: <b> but was: <a>
	at org.apache.commons.lang3.text.StrTokenizerTest_OE25Dev.testConstructor_String_char_3_oe(StrTokenizerTest_OE25Dev.java:1791)

[ERROR] org.apache.commons.lang3.text.StrTokenizerTest_OE25Dev.testConstructor_String_char_4_oe  Time elapsed: 0 s  <<< FAILURE!
org.opentest4j.AssertionFailedError: expected: <false> but was: <true>
	at org.apache.commons.lang3.text.StrTokenizerTest_OE25Dev.testConstructor_String_char_4_oe(StrTokenizerTest_OE25Dev.java:1800)

[ERROR] org.apache.commons.lang3.text.StrTokenizerTest_OE25Dev.testIteration_8_oe  Time elapsed: 0 s  <<< FAILURE!
org.opentest4j.AssertionFailedError: expected: <true> but was: <false>
	at org.apache.commons.lang3.text.StrTokenizerTest_OE25Dev.testIteration_8_oe(StrTokenizerTest_OE25Dev.java:2301)

[ERROR] org.apache.commons.lang3.text.StrTokenizerTest_OE25Dev.testTokenizeSubclassOutputChange_2_oe  Time elapsed: 0 s  <<< FAILURE!
org.opentest4j.AssertionFailedError: expected: <b> but was: <c>
	at org.apache.commons.lang3.text.StrTokenizerTest_OE25Dev.testTokenizeSubclassOutputChange_2_oe(StrTokenizerTest_OE25Dev.java:2564)

[ERROR] org.apache.commons.lang3.text.StrTokenizerTest_OE25Dev.testTokenizeSubclassOutputChange_3_oe  Time elapsed: 0 s  <<< FAILURE!
org.opentest4j.AssertionFailedError: expected: <a> but was: <c>
	at org.apache.commons.lang3.text.StrTokenizerTest_OE25Dev.testTokenizeSubclassOutputChange_3_oe(StrTokenizerTest_OE25Dev.java:2579)

[ERROR] org.apache.commons.lang3.text.StrTokenizerTest_OE25Dev.testReset_String_2_oe  Time elapsed: 0 s  <<< FAILURE!
org.opentest4j.AssertionFailedError: expected: <e> but was: <d>
	at org.apache.commons.lang3.text.StrTokenizerTest_OE25Dev.testReset_String_2_oe(StrTokenizerTest_OE25Dev.java:2167)

[ERROR] org.apache.commons.lang3.text.StrTokenizerTest_OE25Dev.testReset_String_3_oe  Time elapsed: 0 s  <<< FAILURE!
org.opentest4j.AssertionFailedError: expected: <false> but was: <true>
	at org.apache.commons.lang3.text.StrTokenizerTest_OE25Dev.testReset_String_3_oe(StrTokenizerTest_OE25Dev.java:2176)

[ERROR] org.apache.commons.lang3.text.StrTokenizerTest_OE25Dev.testBasicTrimmed1_2_oe  Time elapsed: 0 s  <<< FAILURE!
org.opentest4j.AssertionFailedError: expected: <b> but was: <a>
	at org.apache.commons.lang3.text.StrTokenizerTest_OE25Dev.testBasicTrimmed1_2_oe(StrTokenizerTest_OE25Dev.java:1147)

[ERROR] org.apache.commons.lang3.text.StrTokenizerTest_OE25Dev.testBasicTrimmed1_3_oe  Time elapsed: 0 s  <<< FAILURE!
org.opentest4j.AssertionFailedError: expected: <null> but was: <a>
	at org.apache.commons.lang3.text.StrTokenizerTest_OE25Dev.testBasicTrimmed1_3_oe(StrTokenizerTest_OE25Dev.java:1159)

[ERROR] org.apache.commons.lang3.text.StrTokenizerTest_OE25Dev.testBasicTrimmed1_4_oe  Time elapsed: 0 s  <<< FAILURE!
org.opentest4j.AssertionFailedError: expected: <false> but was: <true>
	at org.apache.commons.lang3.text.StrTokenizerTest_OE25Dev.testBasicTrimmed1_4_oe(StrTokenizerTest_OE25Dev.java:1172)

[ERROR] org.apache.commons.lang3.text.StrTokenizerTest_OE25Dev.testBasicTrimmed2_2_oe  Time elapsed: 0 s  <<< FAILURE!
org.opentest4j.AssertionFailedError: expected: <b> but was: <a>
	at org.apache.commons.lang3.text.StrTokenizerTest_OE25Dev.testBasicTrimmed2_2_oe(StrTokenizerTest_OE25Dev.java:1193)

[ERROR] org.apache.commons.lang3.text.StrTokenizerTest_OE25Dev.testBasicTrimmed2_3_oe  Time elapsed: 0 s  <<< FAILURE!
org.opentest4j.AssertionFailedError: expected: <null> but was: <a>
	at org.apache.commons.lang3.text.StrTokenizerTest_OE25Dev.testBasicTrimmed2_3_oe(StrTokenizerTest_OE25Dev.java:1205)

[ERROR] org.apache.commons.lang3.text.StrTokenizerTest_OE25Dev.testBasicTrimmed2_4_oe  Time elapsed: 0 s  <<< FAILURE!
org.opentest4j.AssertionFailedError: expected: <false> but was: <true>
	at org.apache.commons.lang3.text.StrTokenizerTest_OE25Dev.testBasicTrimmed2_4_oe(StrTokenizerTest_OE25Dev.java:1218)

[ERROR] org.apache.commons.lang3.text.StrTokenizerTest_OE25Dev.testBasicEmpty1_2_oe  Time elapsed: 0 s  <<< FAILURE!
org.opentest4j.AssertionFailedError: expected: <> but was: <a>
	at org.apache.commons.lang3.text.StrTokenizerTest_OE25Dev.testBasicEmpty1_2_oe(StrTokenizerTest_OE25Dev.java:729)

[ERROR] org.apache.commons.lang3.text.StrTokenizerTest_OE25Dev.testBasicEmpty1_3_oe  Time elapsed: 0 s  <<< FAILURE!
org.opentest4j.AssertionFailedError: expected: <b> but was: <a>
	at org.apache.commons.lang3.text.StrTokenizerTest_OE25Dev.testBasicEmpty1_3_oe(StrTokenizerTest_OE25Dev.java:739)

[ERROR] org.apache.commons.lang3.text.StrTokenizerTest_OE25Dev.testBasicEmpty1_4_oe  Time elapsed: 0 s  <<< FAILURE!
org.opentest4j.AssertionFailedError: expected: <c> but was: <a>
	at org.apache.commons.lang3.text.StrTokenizerTest_OE25Dev.testBasicEmpty1_4_oe(StrTokenizerTest_OE25Dev.java:750)

[ERROR] org.apache.commons.lang3.text.StrTokenizerTest_OE25Dev.testBasicEmpty1_5_oe  Time elapsed: 0 s  <<< FAILURE!
org.opentest4j.AssertionFailedError: expected: <false> but was: <true>
	at org.apache.commons.lang3.text.StrTokenizerTest_OE25Dev.testBasicEmpty1_5_oe(StrTokenizerTest_OE25Dev.java:762)

[ERROR] org.apache.commons.lang3.text.StrTokenizerTest_OE25Dev.testBasicEmpty2_2_oe  Time elapsed: 0 s  <<< FAILURE!
org.opentest4j.AssertionFailedError: expected: <null> but was: <a>
	at org.apache.commons.lang3.text.StrTokenizerTest_OE25Dev.testBasicEmpty2_2_oe(StrTokenizerTest_OE25Dev.java:781)

[ERROR] org.apache.commons.lang3.text.StrTokenizerTest_OE25Dev.testBasicEmpty2_3_oe  Time elapsed: 0 s  <<< FAILURE!
org.opentest4j.AssertionFailedError: expected: <b> but was: <a>
	at org.apache.commons.lang3.text.StrTokenizerTest_OE25Dev.testBasicEmpty2_3_oe(StrTokenizerTest_OE25Dev.java:792)

[ERROR] org.apache.commons.lang3.text.StrTokenizerTest_OE25Dev.testBasicEmpty2_4_oe  Time elapsed: 0 s  <<< FAILURE!
org.opentest4j.AssertionFailedError: expected: <c> but was: <a>
	at org.apache.commons.lang3.text.StrTokenizerTest_OE25Dev.testBasicEmpty2_4_oe(StrTokenizerTest_OE25Dev.java:804)

[ERROR] org.apache.commons.lang3.text.StrTokenizerTest_OE25Dev.testBasicEmpty2_5_oe  Time elapsed: 0 s  <<< FAILURE!
org.opentest4j.AssertionFailedError: expected: <false> but was: <true>
	at org.apache.commons.lang3.text.StrTokenizerTest_OE25Dev.testBasicEmpty2_5_oe(StrTokenizerTest_OE25Dev.java:817)

[ERROR] org.apache.commons.lang3.text.StrTokenizerTest_OE25Dev.testBasicIgnoreTrimmed1_2_oe  Time elapsed: 0 s  <<< FAILURE!
org.opentest4j.AssertionFailedError: expected: <bc> but was: <a>
	at org.apache.commons.lang3.text.StrTokenizerTest_OE25Dev.testBasicIgnoreTrimmed1_2_oe(StrTokenizerTest_OE25Dev.java:1241)

[ERROR] org.apache.commons.lang3.text.StrTokenizerTest_OE25Dev.testBasicIgnoreTrimmed1_3_oe  Time elapsed: 0 s  <<< FAILURE!
org.opentest4j.AssertionFailedError: expected: <null> but was: <a>
	at org.apache.commons.lang3.text.StrTokenizerTest_OE25Dev.testBasicIgnoreTrimmed1_3_oe(StrTokenizerTest_OE25Dev.java:1254)

[ERROR] org.apache.commons.lang3.text.StrTokenizerTest_OE25Dev.testBasicIgnoreTrimmed1_4_oe  Time elapsed: 0 s  <<< FAILURE!
org.opentest4j.AssertionFailedError: expected: <false> but was: <true>
	at org.apache.commons.lang3.text.StrTokenizerTest_OE25Dev.testBasicIgnoreTrimmed1_4_oe(StrTokenizerTest_OE25Dev.java:1268)

[ERROR] org.apache.commons.lang3.text.StrTokenizerTest_OE25Dev.testBasicIgnoreTrimmed2_2_oe  Time elapsed: 0 s  <<< FAILURE!
org.opentest4j.AssertionFailedError: expected: <bc> but was: <a>
	at org.apache.commons.lang3.text.StrTokenizerTest_OE25Dev.testBasicIgnoreTrimmed2_2_oe(StrTokenizerTest_OE25Dev.java:1291)

[ERROR] org.apache.commons.lang3.text.StrTokenizerTest_OE25Dev.testBasicIgnoreTrimmed2_3_oe  Time elapsed: 0.001 s  <<< FAILURE!
org.opentest4j.AssertionFailedError: expected: <null> but was: <a>
	at org.apache.commons.lang3.text.StrTokenizerTest_OE25Dev.testBasicIgnoreTrimmed2_3_oe(StrTokenizerTest_OE25Dev.java:1304)

[ERROR] org.apache.commons.lang3.text.StrTokenizerTest_OE25Dev.testBasicIgnoreTrimmed2_4_oe  Time elapsed: 0 s  <<< FAILURE!
org.opentest4j.AssertionFailedError: expected: <false> but was: <true>
	at org.apache.commons.lang3.text.StrTokenizerTest_OE25Dev.testBasicIgnoreTrimmed2_4_oe(StrTokenizerTest_OE25Dev.java:1318)

[ERROR] org.apache.commons.lang3.text.StrTokenizerTest_OE25Dev.testBasicIgnoreTrimmed3_2_oe  Time elapsed: 0 s  <<< FAILURE!
org.opentest4j.AssertionFailedError: expected: <  bc  > but was: <a>
	at org.apache.commons.lang3.text.StrTokenizerTest_OE25Dev.testBasicIgnoreTrimmed3_2_oe(StrTokenizerTest_OE25Dev.java:1339)

[ERROR] org.apache.commons.lang3.text.StrTokenizerTest_OE25Dev.testBasicIgnoreTrimmed3_3_oe  Time elapsed: 0 s  <<< FAILURE!
org.opentest4j.AssertionFailedError: expected: <  > but was: <a>
	at org.apache.commons.lang3.text.StrTokenizerTest_OE25Dev.testBasicIgnoreTrimmed3_3_oe(StrTokenizerTest_OE25Dev.java:1351)

[ERROR] org.apache.commons.lang3.text.StrTokenizerTest_OE25Dev.testBasicIgnoreTrimmed3_4_oe  Time elapsed: 0 s  <<< FAILURE!
org.opentest4j.AssertionFailedError: expected: <false> but was: <true>
	at org.apache.commons.lang3.text.StrTokenizerTest_OE25Dev.testBasicIgnoreTrimmed3_4_oe(StrTokenizerTest_OE25Dev.java:1364)

[ERROR] org.apache.commons.lang3.text.StrTokenizerTest_OE25Dev.testBasicIgnoreTrimmed4_2_oe  Time elapsed: 0 s  <<< FAILURE!
org.opentest4j.AssertionFailedError: expected: <bIGNOREcd> but was: <a>
	at org.apache.commons.lang3.text.StrTokenizerTest_OE25Dev.testBasicIgnoreTrimmed4_2_oe(StrTokenizerTest_OE25Dev.java:1387)

[ERROR] org.apache.commons.lang3.text.StrTokenizerTest_OE25Dev.testBasicIgnoreTrimmed4_3_oe  Time elapsed: 0.001 s  <<< FAILURE!
org.opentest4j.AssertionFailedError: expected: <null> but was: <a>
	at org.apache.commons.lang3.text.StrTokenizerTest_OE25Dev.testBasicIgnoreTrimmed4_3_oe(StrTokenizerTest_OE25Dev.java:1400)

[ERROR] org.apache.commons.lang3.text.StrTokenizerTest_OE25Dev.testBasicIgnoreTrimmed4_4_oe  Time elapsed: 0 s  <<< FAILURE!
org.opentest4j.AssertionFailedError: expected: <false> but was: <true>
	at org.apache.commons.lang3.text.StrTokenizerTest_OE25Dev.testBasicIgnoreTrimmed4_4_oe(StrTokenizerTest_OE25Dev.java:1414)

[ERROR] org.apache.commons.lang3.text.StrTokenizerTest_OE25Dev.testIteration_10_oe  Time elapsed: 0 s  <<< FAILURE!
org.opentest4j.AssertionFailedError: expected: <b> but was: <a>
	at org.apache.commons.lang3.text.StrTokenizerTest_OE25Dev.testIteration_10_oe(StrTokenizerTest_OE25Dev.java:2333)

[ERROR] org.apache.commons.lang3.text.StrTokenizerTest_OE25Dev.testIteration_11_oe  Time elapsed: 0 s  <<< FAILURE!
org.opentest4j.AssertionFailedError: expected: <true> but was: <false>
	at org.apache.commons.lang3.text.StrTokenizerTest_OE25Dev.testIteration_11_oe(StrTokenizerTest_OE25Dev.java:2351)

[ERROR] org.apache.commons.lang3.text.StrTokenizerTest_OE25Dev.testIteration_13_oe  Time elapsed: 0 s  <<< FAILURE!
org.opentest4j.AssertionFailedError: expected: <c> but was: <a>
	at org.apache.commons.lang3.text.StrTokenizerTest_OE25Dev.testIteration_13_oe(StrTokenizerTest_OE25Dev.java:2391)

[ERROR] org.apache.commons.lang3.text.StrTokenizerTest_OE25Dev.testIteration_14_oe  Time elapsed: 0 s  <<< FAILURE!
org.opentest4j.AssertionFailedError: expected: <true> but was: <false>
	at org.apache.commons.lang3.text.StrTokenizerTest_OE25Dev.testIteration_14_oe(StrTokenizerTest_OE25Dev.java:2413)

[ERROR] org.apache.commons.lang3.text.StrTokenizerTest_OE25Dev.testIteration_15_oe  Time elapsed: 0 s  <<< FAILURE!
org.opentest4j.AssertionFailedError: expected: <false> but was: <true>
	at org.apache.commons.lang3.text.StrTokenizerTest_OE25Dev.testIteration_15_oe(StrTokenizerTest_OE25Dev.java:2436)

[ERROR] org.apache.commons.lang3.text.StrTokenizerTest_OE25Dev.testIteration_16_oe  Time elapsed: 0 s  <<< FAILURE!
org.opentest4j.AssertionFailedError: Expected java.util.NoSuchElementException to be thrown, but nothing was thrown.
	at org.apache.commons.lang3.text.StrTokenizerTest_OE25Dev.testIteration_16_oe(StrTokenizerTest_OE25Dev.java:2461)

[ERROR] org.apache.commons.lang3.text.StrTokenizerTest_OE25Dev.testIteration_17_oe  Time elapsed: 0 s  <<< FAILURE!
org.opentest4j.AssertionFailedError: expected: <true> but was: <false>
	at org.apache.commons.lang3.text.StrTokenizerTest_OE25Dev.testIteration_17_oe(StrTokenizerTest_OE25Dev.java:2487)

[ERROR] org.apache.commons.lang3.text.StrTokenizerTest_OE25Dev.testIteration_18_oe  Time elapsed: 0 s  <<< FAILURE!
org.opentest4j.AssertionFailedError: expected: <false> but was: <true>
	at org.apache.commons.lang3.text.StrTokenizerTest_OE25Dev.testIteration_18_oe(StrTokenizerTest_OE25Dev.java:2514)

[ERROR] org.apache.commons.lang3.text.StrTokenizerTest_OE25Dev.testConstructor_String_2_oe  Time elapsed: 0.001 s  <<< FAILURE!
org.opentest4j.AssertionFailedError: expected: <b> but was: <a>
	at org.apache.commons.lang3.text.StrTokenizerTest_OE25Dev.testConstructor_String_2_oe(StrTokenizerTest_OE25Dev.java:1737)

[ERROR] org.apache.commons.lang3.text.StrTokenizerTest_OE25Dev.testConstructor_String_3_oe  Time elapsed: 0 s  <<< FAILURE!
org.opentest4j.AssertionFailedError: expected: <false> but was: <true>
	at org.apache.commons.lang3.text.StrTokenizerTest_OE25Dev.testConstructor_String_3_oe(StrTokenizerTest_OE25Dev.java:1745)

[ERROR] org.apache.commons.lang3.text.StrTokenizerTest_OE25Dev.testConstructor_charArray_char_3_oe  Time elapsed: 0 s  <<< FAILURE!
org.opentest4j.AssertionFailedError: expected: <b> but was: <a>
	at org.apache.commons.lang3.text.StrTokenizerTest_OE25Dev.testConstructor_charArray_char_3_oe(StrTokenizerTest_OE25Dev.java:1963)

[ERROR] org.apache.commons.lang3.text.StrTokenizerTest_OE25Dev.testConstructor_charArray_char_4_oe  Time elapsed: 0 s  <<< FAILURE!
org.opentest4j.AssertionFailedError: expected: <false> but was: <true>
	at org.apache.commons.lang3.text.StrTokenizerTest_OE25Dev.testConstructor_charArray_char_4_oe(StrTokenizerTest_OE25Dev.java:1972)

[ERROR] org.apache.commons.lang3.text.StrTokenizerTest_OE25Dev.testReset_charArray_2_oe  Time elapsed: 0 s  <<< FAILURE!
org.opentest4j.AssertionFailedError: expected: <false> but was: <true>
	at org.apache.commons.lang3.text.StrTokenizerTest_OE25Dev.testReset_charArray_2_oe(StrTokenizerTest_OE25Dev.java:2207)

[ERROR] org.apache.commons.lang3.text.StrTokenizerTest_OE25Dev.testBasicDelim1_2_oe  Time elapsed: 0 s  <<< FAILURE!
org.opentest4j.AssertionFailedError: expected: <b> but was: <a>
	at org.apache.commons.lang3.text.StrTokenizerTest_OE25Dev.testBasicDelim1_2_oe(StrTokenizerTest_OE25Dev.java:678)

[ERROR] org.apache.commons.lang3.text.StrTokenizerTest_OE25Dev.testBasicDelim1_3_oe  Time elapsed: 0 s  <<< FAILURE!
org.opentest4j.AssertionFailedError: expected: <c> but was: <a>
	at org.apache.commons.lang3.text.StrTokenizerTest_OE25Dev.testBasicDelim1_3_oe(StrTokenizerTest_OE25Dev.java:687)

[ERROR] org.apache.commons.lang3.text.StrTokenizerTest_OE25Dev.testBasicDelim1_4_oe  Time elapsed: 0 s  <<< FAILURE!
org.opentest4j.AssertionFailedError: expected: <false> but was: <true>
	at org.apache.commons.lang3.text.StrTokenizerTest_OE25Dev.testBasicDelim1_4_oe(StrTokenizerTest_OE25Dev.java:697)

[ERROR] org.apache.commons.lang3.text.StrTokenizerTest_OE25Dev.testBasicDelim2_2_oe  Time elapsed: 0 s  <<< FAILURE!
org.opentest4j.AssertionFailedError: expected: <false> but was: <true>
	at org.apache.commons.lang3.text.StrTokenizerTest_OE25Dev.testBasicDelim2_2_oe(StrTokenizerTest_OE25Dev.java:712)

[ERROR] org.apache.commons.lang3.text.StrTokenizerTest_OE25Dev.testBasicQuotedTrimmed1_2_oe  Time elapsed: 0 s  <<< FAILURE!
org.opentest4j.AssertionFailedError: expected: <b> but was: <a>
	at org.apache.commons.lang3.text.StrTokenizerTest_OE25Dev.testBasicQuotedTrimmed1_2_oe(StrTokenizerTest_OE25Dev.java:1101)

[ERROR] org.apache.commons.lang3.text.StrTokenizerTest_OE25Dev.testBasicQuotedTrimmed1_3_oe  Time elapsed: 0 s  <<< FAILURE!
org.opentest4j.AssertionFailedError: expected: <null> but was: <a>
	at org.apache.commons.lang3.text.StrTokenizerTest_OE25Dev.testBasicQuotedTrimmed1_3_oe(StrTokenizerTest_OE25Dev.java:1113)

[ERROR] org.apache.commons.lang3.text.StrTokenizerTest_OE25Dev.testBasicQuotedTrimmed1_4_oe  Time elapsed: 0 s  <<< FAILURE!
org.opentest4j.AssertionFailedError: expected: <false> but was: <true>
	at org.apache.commons.lang3.text.StrTokenizerTest_OE25Dev.testBasicQuotedTrimmed1_4_oe(StrTokenizerTest_OE25Dev.java:1126)

[ERROR] org.apache.commons.lang3.text.StrTokenizerTest_OE25Dev.testBasic1_2_oe  Time elapsed: 0.001 s  <<< FAILURE!
org.opentest4j.AssertionFailedError: expected: <b> but was: <a>
	at org.apache.commons.lang3.text.StrTokenizerTest_OE25Dev.testBasic1_2_oe(StrTokenizerTest_OE25Dev.java:508)

[ERROR] org.apache.commons.lang3.text.StrTokenizerTest_OE25Dev.testBasic1_3_oe  Time elapsed: 0 s  <<< FAILURE!
org.opentest4j.AssertionFailedError: expected: <c> but was: <a>
	at org.apache.commons.lang3.text.StrTokenizerTest_OE25Dev.testBasic1_3_oe(StrTokenizerTest_OE25Dev.java:517)

[ERROR] org.apache.commons.lang3.text.StrTokenizerTest_OE25Dev.testBasic1_4_oe  Time elapsed: 0 s  <<< FAILURE!
org.opentest4j.AssertionFailedError: expected: <false> but was: <true>
	at org.apache.commons.lang3.text.StrTokenizerTest_OE25Dev.testBasic1_4_oe(StrTokenizerTest_OE25Dev.java:527)

[ERROR] org.apache.commons.lang3.text.StrTokenizerTest_OE25Dev.testConstructor_String_char_char_4_oe  Time elapsed: 0 s  <<< FAILURE!
org.opentest4j.AssertionFailedError: expected: <b> but was: <a>
	at org.apache.commons.lang3.text.StrTokenizerTest_OE25Dev.testConstructor_String_char_char_4_oe(StrTokenizerTest_OE25Dev.java:1857)

[ERROR] org.apache.commons.lang3.text.StrTokenizerTest_OE25Dev.testConstructor_String_char_char_5_oe  Time elapsed: 0 s  <<< FAILURE!
org.opentest4j.AssertionFailedError: expected: <false> but was: <true>
	at org.apache.commons.lang3.text.StrTokenizerTest_OE25Dev.testConstructor_String_char_char_5_oe(StrTokenizerTest_OE25Dev.java:1867)

[ERROR] org.apache.commons.lang3.text.StrTokenizerTest_OE25Dev.testBasic2_2_oe  Time elapsed: 0 s  <<< FAILURE!
org.opentest4j.AssertionFailedError: expected: <b> but was: <a>
	at org.apache.commons.lang3.text.StrTokenizerTest_OE25Dev.testBasic2_2_oe(StrTokenizerTest_OE25Dev.java:542)

[ERROR] org.apache.commons.lang3.text.StrTokenizerTest_OE25Dev.testBasic2_3_oe  Time elapsed: 0 s  <<< FAILURE!
org.opentest4j.AssertionFailedError: expected: <c> but was: <a>
	at org.apache.commons.lang3.text.StrTokenizerTest_OE25Dev.testBasic2_3_oe(StrTokenizerTest_OE25Dev.java:551)

[ERROR] org.apache.commons.lang3.text.StrTokenizerTest_OE25Dev.testBasic2_4_oe  Time elapsed: 0 s  <<< FAILURE!
org.opentest4j.AssertionFailedError: expected: <false> but was: <true>
	at org.apache.commons.lang3.text.StrTokenizerTest_OE25Dev.testBasic2_4_oe(StrTokenizerTest_OE25Dev.java:561)

[ERROR] org.apache.commons.lang3.text.StrTokenizerTest_OE25Dev.testBasic3_2_oe  Time elapsed: 0 s  <<< FAILURE!
org.opentest4j.AssertionFailedError: expected: <b> but was: <a>
	at org.apache.commons.lang3.text.StrTokenizerTest_OE25Dev.testBasic3_2_oe(StrTokenizerTest_OE25Dev.java:576)

[ERROR] org.apache.commons.lang3.text.StrTokenizerTest_OE25Dev.testBasic3_3_oe  Time elapsed: 0 s  <<< FAILURE!
org.opentest4j.AssertionFailedError: expected: <c> but was: <a>
	at org.apache.commons.lang3.text.StrTokenizerTest_OE25Dev.testBasic3_3_oe(StrTokenizerTest_OE25Dev.java:585)

[ERROR] org.apache.commons.lang3.text.StrTokenizerTest_OE25Dev.testBasic3_4_oe  Time elapsed: 0.001 s  <<< FAILURE!
org.opentest4j.AssertionFailedError: expected: <false> but was: <true>
	at org.apache.commons.lang3.text.StrTokenizerTest_OE25Dev.testBasic3_4_oe(StrTokenizerTest_OE25Dev.java:595)

[ERROR] org.apache.commons.lang3.text.StrTokenizerTest_OE25Dev.testBasic4_2_oe  Time elapsed: 0 s  <<< FAILURE!
org.opentest4j.AssertionFailedError: expected: <"b"> but was: <a>
	at org.apache.commons.lang3.text.StrTokenizerTest_OE25Dev.testBasic4_2_oe(StrTokenizerTest_OE25Dev.java:610)

[ERROR] org.apache.commons.lang3.text.StrTokenizerTest_OE25Dev.testBasic4_3_oe  Time elapsed: 0 s  <<< FAILURE!
org.opentest4j.AssertionFailedError: expected: <c> but was: <a>
	at org.apache.commons.lang3.text.StrTokenizerTest_OE25Dev.testBasic4_3_oe(StrTokenizerTest_OE25Dev.java:619)

[ERROR] org.apache.commons.lang3.text.StrTokenizerTest_OE25Dev.testBasic4_4_oe  Time elapsed: 0 s  <<< FAILURE!
org.opentest4j.AssertionFailedError: expected: <false> but was: <true>
	at org.apache.commons.lang3.text.StrTokenizerTest_OE25Dev.testBasic4_4_oe(StrTokenizerTest_OE25Dev.java:629)

[ERROR] org.apache.commons.lang3.text.StrTokenizerTest_OE25Dev.testReset_2_oe  Time elapsed: 0 s  <<< FAILURE!
org.opentest4j.AssertionFailedError: expected: <b> but was: <a>
	at org.apache.commons.lang3.text.StrTokenizerTest_OE25Dev.testReset_2_oe(StrTokenizerTest_OE25Dev.java:2081)

[ERROR] org.apache.commons.lang3.text.StrTokenizerTest_OE25Dev.testReset_3_oe  Time elapsed: 0 s  <<< FAILURE!
org.opentest4j.AssertionFailedError: expected: <c> but was: <a>
	at org.apache.commons.lang3.text.StrTokenizerTest_OE25Dev.testReset_3_oe(StrTokenizerTest_OE25Dev.java:2089)

[ERROR] org.apache.commons.lang3.text.StrTokenizerTest_OE25Dev.testReset_4_oe  Time elapsed: 0 s  <<< FAILURE!
org.opentest4j.AssertionFailedError: expected: <false> but was: <true>
	at org.apache.commons.lang3.text.StrTokenizerTest_OE25Dev.testReset_4_oe(StrTokenizerTest_OE25Dev.java:2098)

[ERROR] org.apache.commons.lang3.text.StrTokenizerTest_OE25Dev.testReset_6_oe  Time elapsed: 0 s  <<< FAILURE!
org.opentest4j.AssertionFailedError: expected: <b> but was: <a>
	at org.apache.commons.lang3.text.StrTokenizerTest_OE25Dev.testReset_6_oe(StrTokenizerTest_OE25Dev.java:2123)

[ERROR] org.apache.commons.lang3.text.StrTokenizerTest_OE25Dev.testReset_7_oe  Time elapsed: 0 s  <<< FAILURE!
org.opentest4j.AssertionFailedError: expected: <c> but was: <a>
	at org.apache.commons.lang3.text.StrTokenizerTest_OE25Dev.testReset_7_oe(StrTokenizerTest_OE25Dev.java:2137)

[ERROR] org.apache.commons.lang3.text.StrTokenizerTest_OE25Dev.testReset_8_oe  Time elapsed: 0 s  <<< FAILURE!
org.opentest4j.AssertionFailedError: expected: <false> but was: <true>
	at org.apache.commons.lang3.text.StrTokenizerTest_OE25Dev.testReset_8_oe(StrTokenizerTest_OE25Dev.java:2152)

[ERROR] org.apache.commons.lang3.text.StrTokenizerTest_OE25Dev.testBasic5_2_oe  Time elapsed: 0 s  <<< FAILURE!
org.opentest4j.AssertionFailedError: expected: <b'> but was: <a>
	at org.apache.commons.lang3.text.StrTokenizerTest_OE25Dev.testBasic5_2_oe(StrTokenizerTest_OE25Dev.java:644)

[ERROR] org.apache.commons.lang3.text.StrTokenizerTest_OE25Dev.testBasic5_3_oe  Time elapsed: 0 s  <<< FAILURE!
org.opentest4j.AssertionFailedError: expected: <c> but was: <a>
	at org.apache.commons.lang3.text.StrTokenizerTest_OE25Dev.testBasic5_3_oe(StrTokenizerTest_OE25Dev.java:653)

[ERROR] org.apache.commons.lang3.text.StrTokenizerTest_OE25Dev.testBasic5_4_oe  Time elapsed: 0 s  <<< FAILURE!
org.opentest4j.AssertionFailedError: expected: <false> but was: <true>
	at org.apache.commons.lang3.text.StrTokenizerTest_OE25Dev.testBasic5_4_oe(StrTokenizerTest_OE25Dev.java:663)

[ERROR] org.apache.commons.lang3.text.StrTokenizerTest_OE25Dev.testConstructor_charArray_char_char_4_oe  Time elapsed: 0 s  <<< FAILURE!
org.opentest4j.AssertionFailedError: expected: <b> but was: <a>
	at org.apache.commons.lang3.text.StrTokenizerTest_OE25Dev.testConstructor_charArray_char_char_4_oe(StrTokenizerTest_OE25Dev.java:2029)

[ERROR] org.apache.commons.lang3.text.StrTokenizerTest_OE25Dev.testConstructor_charArray_char_char_5_oe  Time elapsed: 0 s  <<< FAILURE!
org.opentest4j.AssertionFailedError: expected: <false> but was: <true>
	at org.apache.commons.lang3.text.StrTokenizerTest_OE25Dev.testConstructor_charArray_char_char_5_oe(StrTokenizerTest_OE25Dev.java:2039)

[ERROR] org.apache.commons.lang3.text.StrTokenizerTest_OE25Dev.testTokenizeSubclassInputChange_2_oe  Time elapsed: 0 s  <<< FAILURE!
org.opentest4j.AssertionFailedError: expected: <y> but was: <x>
	at org.apache.commons.lang3.text.StrTokenizerTest_OE25Dev.testTokenizeSubclassInputChange_2_oe(StrTokenizerTest_OE25Dev.java:2537)

[INFO] Running org.apache.commons.lang3.ArchUtilsTest_OE25Dev
[INFO] Tests run: 29, Failures: 0, Errors: 0, Skipped: 0, Time elapsed: 0.002 s - in org.apache.commons.lang3.ArchUtilsTest_OE25Dev
[INFO] Running org.apache.commons.lang3.time.DurationFormatUtilsTest_OE25Dev
[INFO] Tests run: 142, Failures: 0, Errors: 0, Skipped: 0, Time elapsed: 0.018 s - in org.apache.commons.lang3.time.DurationFormatUtilsTest_OE25Dev
[INFO] Running org.apache.commons.lang3.reflect.ConstructorUtilsTest_OE25Dev
[INFO] Tests run: 26, Failures: 0, Errors: 0, Skipped: 0, Time elapsed: 0.005 s - in org.apache.commons.lang3.reflect.ConstructorUtilsTest_OE25Dev
[INFO] Running org.apache.commons.lang3.CharUtilsTest_OE25Dev
[INFO] Tests run: 143, Failures: 0, Errors: 0, Skipped: 0, Time elapsed: 0.009 s - in org.apache.commons.lang3.CharUtilsTest_OE25Dev
[INFO] Running org.apache.commons.lang3.StringUtilsEmptyBlankTest_OE25Dev
[INFO] Tests run: 93, Failures: 0, Errors: 0, Skipped: 0, Time elapsed: 0.006 s - in org.apache.commons.lang3.StringUtilsEmptyBlankTest_OE25Dev
[INFO] Running org.apache.commons.lang3.StringUtilsValueOfTest_OE25Dev
[INFO] Tests run: 3, Failures: 0, Errors: 0, Skipped: 0, Time elapsed: 0 s - in org.apache.commons.lang3.StringUtilsValueOfTest_OE25Dev
[INFO] Running org.apache.commons.lang3.compare.ObjectToStringComparatorTest_OE25Dev
[INFO] Tests run: 9, Failures: 0, Errors: 0, Skipped: 0, Time elapsed: 0 s - in org.apache.commons.lang3.compare.ObjectToStringComparatorTest_OE25Dev
[INFO] Running org.apache.commons.lang3.time.FastDateParserTest_OE25Dev
[INFO] Tests run: 105, Failures: 0, Errors: 0, Skipped: 0, Time elapsed: 3.787 s - in org.apache.commons.lang3.time.FastDateParserTest_OE25Dev
[INFO] Running org.apache.commons.lang3.text.translate.LookupTranslatorTest_OE25Dev
[INFO] Tests run: 4, Failures: 0, Errors: 0, Skipped: 0, Time elapsed: 0 s - in org.apache.commons.lang3.text.translate.LookupTranslatorTest_OE25Dev
[INFO] Running org.apache.commons.lang3.concurrent.AtomicSafeInitializerTest_OE25Dev
[INFO] Tests run: 1, Failures: 0, Errors: 0, Skipped: 0, Time elapsed: 0.002 s - in org.apache.commons.lang3.concurrent.AtomicSafeInitializerTest_OE25Dev
[INFO] Running org.apache.commons.lang3.JavaVersionTest_OE25Dev
[INFO] Tests run: 27, Failures: 0, Errors: 0, Skipped: 0, Time elapsed: 0.002 s - in org.apache.commons.lang3.JavaVersionTest_OE25Dev
[INFO] Running org.apache.commons.lang3.text.translate.UnicodeEscaperTest_OE25Dev
[INFO] Tests run: 3, Failures: 0, Errors: 0, Skipped: 0, Time elapsed: 0.001 s - in org.apache.commons.lang3.text.translate.UnicodeEscaperTest_OE25Dev
[INFO] Running org.apache.commons.lang3.mutable.MutableLongTest_OE25Dev
[INFO] Tests run: 76, Failures: 0, Errors: 0, Skipped: 0, Time elapsed: 0.006 s - in org.apache.commons.lang3.mutable.MutableLongTest_OE25Dev
[INFO] Running org.apache.commons.lang3.text.translate.UnicodeUnpairedSurrogateRemoverTest_OE25Dev
[INFO] Tests run: 6, Failures: 0, Errors: 0, Skipped: 0, Time elapsed: 0 s - in org.apache.commons.lang3.text.translate.UnicodeUnpairedSurrogateRemoverTest_OE25Dev
[INFO] Running org.apache.commons.lang3.builder.DiffResultTest_OE25Dev
TIMEOUT
