[[1;34mINFO[m] Scanning for projects...
[[1;34mINFO[m] 
[[1;34mINFO[m] [1m------------------< [0;36morg.apache.commons:commons-vfs2[0;1m >-------------------[m
[[1;34mINFO[m] [1mBuilding Apache Commons VFS 2.9.0[m
[[1;34mINFO[m] [1m--------------------------------[ jar ]---------------------------------[m
[[1;34mINFO[m] 
[[1;34mINFO[m] [1m--- [0;32mmaven-clean-plugin:3.1.0:clean[m [1m(default-clean)[m @ [36mcommons-vfs2[0;1m ---[m
[[1;34mINFO[m] 
[[1;34mINFO[m] [1m--- [0;32mmaven-enforcer-plugin:3.0.0-M3:enforce[m [1m(enforce-maven-version)[m @ [36mcommons-vfs2[0;1m ---[m
[[1;34mINFO[m] 
[[1;34mINFO[m] [1m--- [0;32mmaven-enforcer-plugin:3.0.0-M3:enforce[m [1m(enforce-maven-3)[m @ [36mcommons-vfs2[0;1m ---[m
[[1;34mINFO[m] 
[[1;34mINFO[m] [1m--- [0;32mapache-rat-plugin:0.13:check[m [1m(rat-check)[m @ [36mcommons-vfs2[0;1m ---[m
[[1;34mINFO[m] RAT will not execute since it is configured to be skipped via system property 'rat.skip'.
[[1;34mINFO[m] 
[[1;34mINFO[m] [1m--- [0;32mbuild-helper-maven-plugin:3.2.0:parse-version[m [1m(parse-version)[m @ [36mcommons-vfs2[0;1m ---[m
[[1;34mINFO[m] 
[[1;34mINFO[m] [1m--- [0;32mmaven-antrun-plugin:1.8:run[m [1m(javadoc.resources)[m @ [36mcommons-vfs2[0;1m ---[m
[[1;34mINFO[m] Executing tasks

main:
     [copy] Copying 2 files to /home/tasfia/Desktop/OE25-DEV/projects_decomposed/commons-vfs/commons-vfs2/target/apidocs/META-INF
[[1;34mINFO[m] Executed tasks
[[1;34mINFO[m] 
[[1;34mINFO[m] [1m--- [0;32mmaven-antrun-plugin:1.8:run[m [1m(vfs-jar-manifest)[m @ [36mcommons-vfs2[0;1m ---[m
[[1;34mINFO[m] Executing tasks

main:
    [mkdir] Created dir: /home/tasfia/Desktop/OE25-DEV/projects_decomposed/commons-vfs/commons-vfs2/target/osgi
    [touch] Creating /home/tasfia/Desktop/OE25-DEV/projects_decomposed/commons-vfs/commons-vfs2/target/osgi/MANIFEST.MF
[[1;34mINFO[m] Executed tasks
[[1;34mINFO[m] 
[[1;34mINFO[m] [1m--- [0;32mmaven-remote-resources-plugin:1.7.0:process[m [1m(process-resource-bundles)[m @ [36mcommons-vfs2[0;1m ---[m
[[1;34mINFO[m] Skipping remote resources execution.
[[1;34mINFO[m] 
[[1;34mINFO[m] [1m--- [0;32mbuildnumber-maven-plugin:1.4:create[m [1m(default)[m @ [36mcommons-vfs2[0;1m ---[m
[[1;34mINFO[m] Executing: /bin/sh -c cd '/home/tasfia/Desktop/OE25-DEV/projects_decomposed/commons-vfs/commons-vfs2' && 'git' 'rev-parse' '--verify' 'HEAD'
[[1;34mINFO[m] Working directory: /home/tasfia/Desktop/OE25-DEV/projects_decomposed/commons-vfs/commons-vfs2
[[1;34mINFO[m] Storing buildNumber: 53df724e8c4d67547212d860dfed689b7c447fa6 at timestamp: 1771876661693
[[1;34mINFO[m] Storing buildScmBranch: final-single-assertion-dataset
[[1;34mINFO[m] 
[[1;34mINFO[m] [1m--- [0;32mmaven-resources-plugin:3.1.0:resources[m [1m(default-resources)[m @ [36mcommons-vfs2[0;1m ---[m
[[1;34mINFO[m] Using 'UTF-8' encoding to copy filtered resources.
[[1;34mINFO[m] Copying 4 resources
[[1;34mINFO[m] Copying 2 resources to META-INF
[[1;34mINFO[m] 
[[1;34mINFO[m] [1m--- [0;32mmaven-compiler-plugin:3.8.1:compile[m [1m(default-compile)[m @ [36mcommons-vfs2[0;1m ---[m
[[1;34mINFO[m] Changes detected - recompiling the module!
[[1;34mINFO[m] Compiling 293 source files to /home/tasfia/Desktop/OE25-DEV/projects_decomposed/commons-vfs/commons-vfs2/target/classes
[[1;34mINFO[m] /home/tasfia/Desktop/OE25-DEV/projects_decomposed/commons-vfs/commons-vfs2/src/main/java/org/apache/commons/vfs2/provider/https/HttpsFileNameParser.java: Some input files use or override a deprecated API.
[[1;34mINFO[m] /home/tasfia/Desktop/OE25-DEV/projects_decomposed/commons-vfs/commons-vfs2/src/main/java/org/apache/commons/vfs2/provider/https/HttpsFileNameParser.java: Recompile with -Xlint:deprecation for details.
[[1;34mINFO[m] /home/tasfia/Desktop/OE25-DEV/projects_decomposed/commons-vfs/commons-vfs2/src/main/java/org/apache/commons/vfs2/provider/AbstractFileObject.java: Some input files use or override a deprecated API that is marked for removal.
[[1;34mINFO[m] /home/tasfia/Desktop/OE25-DEV/projects_decomposed/commons-vfs/commons-vfs2/src/main/java/org/apache/commons/vfs2/provider/AbstractFileObject.java: Recompile with -Xlint:removal for details.
[[1;34mINFO[m] /home/tasfia/Desktop/OE25-DEV/projects_decomposed/commons-vfs/commons-vfs2/src/main/java/org/apache/commons/vfs2/FileSystemOptions.java: Some input files use unchecked or unsafe operations.
[[1;34mINFO[m] /home/tasfia/Desktop/OE25-DEV/projects_decomposed/commons-vfs/commons-vfs2/src/main/java/org/apache/commons/vfs2/FileSystemOptions.java: Recompile with -Xlint:unchecked for details.
[[1;34mINFO[m] 
[[1;34mINFO[m] [1m--- [0;32mmaven-bundle-plugin:5.1.2:manifest[m [1m(bundle-manifest)[m @ [36mcommons-vfs2[0;1m ---[m
[[1;33mWARNING[m] Manifest org.apache.commons:commons-vfs2:jar:2.9.0 : Unused Import-Package instructions: [org.apache.jackrabbit.*] 
[[1;34mINFO[m] 
[[1;34mINFO[m] [1m--- [0;32mmaven-resources-plugin:3.1.0:testResources[m [1m(default-testResources)[m @ [36mcommons-vfs2[0;1m ---[m
[[1;34mINFO[m] Using 'UTF-8' encoding to copy filtered resources.
[[1;34mINFO[m] Copying 64 resources
[[1;34mINFO[m] Copying 2 resources to META-INF
[[1;34mINFO[m] 
[[1;34mINFO[m] [1m--- [0;32mmaven-compiler-plugin:3.8.1:testCompile[m [1m(default-testCompile)[m @ [36mcommons-vfs2[0;1m ---[m
[[1;34mINFO[m] Changes detected - recompiling the module!
[[1;34mINFO[m] Compiling 237 source files to /home/tasfia/Desktop/OE25-DEV/projects_decomposed/commons-vfs/commons-vfs2/target/test-classes
[[1;34mINFO[m] /home/tasfia/Desktop/OE25-DEV/projects_decomposed/commons-vfs/commons-vfs2/src/test/java/org/apache/commons/vfs2/util/NHttpFileServer.java: Some input files use or override a deprecated API.
[[1;34mINFO[m] /home/tasfia/Desktop/OE25-DEV/projects_decomposed/commons-vfs/commons-vfs2/src/test/java/org/apache/commons/vfs2/util/NHttpFileServer.java: Recompile with -Xlint:deprecation for details.
[[1;34mINFO[m] /home/tasfia/Desktop/OE25-DEV/projects_decomposed/commons-vfs/commons-vfs2/src/test/java/org/apache/commons/vfs2/provider/ftp/FtpProviderTestCase.java: Some input files use unchecked or unsafe operations.
[[1;34mINFO[m] /home/tasfia/Desktop/OE25-DEV/projects_decomposed/commons-vfs/commons-vfs2/src/test/java/org/apache/commons/vfs2/provider/ftp/FtpProviderTestCase.java: Recompile with -Xlint:unchecked for details.
[[1;34mINFO[m] 
[[1;34mINFO[m] [1m--- [0;32mmaven-antrun-plugin:1.8:run[m [1m(default)[m @ [36mcommons-vfs2[0;1m ---[m
[[1;34mINFO[m] Executing tasks

main:
     [move] Moving 2 files to /home/tasfia/Desktop/OE25-DEV/projects_decomposed/commons-vfs/commons-vfs2/target/test-classes/test-data/code
[[1;34mINFO[m] Executed tasks
[[1;34mINFO[m] 
[[1;34mINFO[m] [1m--- [0;32manimal-sniffer-maven-plugin:1.19:check[m [1m(checkAPIcompatibility)[m @ [36mcommons-vfs2[0;1m ---[m
[[1;34mINFO[m] Checking unresolved references to org.codehaus.mojo.signature:java18:1.0
[[1;34mINFO[m] 
[[1;34mINFO[m] [1m--- [0;32mmaven-surefire-plugin:3.0.0-M5:test[m [1m(default-test)[m @ [36mcommons-vfs2[0;1m ---[m
[[1;34mINFO[m] 
[[1;34mINFO[m] -------------------------------------------------------
[[1;34mINFO[m]  T E S T S
[[1;34mINFO[m] -------------------------------------------------------
[[1;34mINFO[m] Running org.apache.commons.vfs2.[1mFileTypeTest[m
[[1;34mINFO[m] [1;32mTests run: [0;1;32m5[m, Failures: 0, Errors: 0, Skipped: 0, Time elapsed: 0.015 s - in org.apache.commons.vfs2.[1mFileTypeTest[m
[[1;34mINFO[m] Running org.apache.commons.vfs2.[1mFileObjectEscapeCharacterInPathTest[m
[[1;34mINFO[m] [1;32mTests run: [0;1;32m4[m, Failures: 0, Errors: 0, Skipped: 0, Time elapsed: 0.063 s - in org.apache.commons.vfs2.[1mFileObjectEscapeCharacterInPathTest[m
[[1;34mINFO[m] Running org.apache.commons.vfs2.operations.[1mBasicOperationsTestCase[m
[[1;34mINFO[m] [1;32mTests run: [0;1;32m4[m, Failures: 0, Errors: 0, Skipped: 0, Time elapsed: 0 s - in org.apache.commons.vfs2.operations.[1mBasicOperationsTestCase[m
[[1;34mINFO[m] Running org.apache.commons.vfs2.provider.http4s.[1mHttp4sGetContentInfoTest[m
[[1;34mINFO[m] [1;32mTests run: [0;1;32m1[m, Failures: 0, Errors: 0, Skipped: 0, Time elapsed: 0.259 s - in org.apache.commons.vfs2.provider.http4s.[1mHttp4sGetContentInfoTest[m
[[1;34mINFO[m] Running org.apache.commons.vfs2.provider.ram.[1mCustomRamProviderTest[m
[[1;34mINFO[m] [1;32mTests run: [0;1;32m12[m, Failures: 0, Errors: 0, Skipped: 0, Time elapsed: 0.006 s - in org.apache.commons.vfs2.provider.ram.[1mCustomRamProviderTest[m
[[1;34mINFO[m] Running org.apache.commons.vfs2.provider.ram.[1mRamProviderTestCase[m
VfsClassLoaderTests no layered .jar provider, skipping.
[[1;34mINFO[m] [1;32mTests run: [0;1;32m94[m, Failures: 0, Errors: 0, Skipped: 0, Time elapsed: 4.156 s - in org.apache.commons.vfs2.provider.ram.[1mRamProviderTestCase[m
[[1;34mINFO[m] Running org.apache.commons.vfs2.provider.ram.[1mRamFileRandomAccessContentTestCase[m
[[1;34mINFO[m] [1;32mTests run: [0;1;32m1[m, Failures: 0, Errors: 0, Skipped: 0, Time elapsed: 0 s - in org.apache.commons.vfs2.provider.ram.[1mRamFileRandomAccessContentTestCase[m
[[1;34mINFO[m] Running org.apache.commons.vfs2.provider.hdfs.[1mHdfsFileProviderTest[m
[[1;34mINFO[m] [1;32mTests run: [0;1;32m13[m, Failures: 0, Errors: 0, Skipped: 0, Time elapsed: 1.148 s - in org.apache.commons.vfs2.provider.hdfs.[1mHdfsFileProviderTest[m
[[1;34mINFO[m] Running org.apache.commons.vfs2.provider.hdfs.[1mHdfsFileProviderTestCase[m
VfsClassLoaderTests no layered .jar provider, skipping.
Threads still running (3) at 2026-02-23T19:58:18.339932941Z, live threads:
	Thread[0]  ID 541, Thread[org.apache.hadoop.hdfs.PeerCache@498a4d62,5,main],	TIMED_WAITING,	daemon,	unknown (java.lang.IllegalAccessException: class org.apache.commons.vfs2.AbstractTestSuite cannot access a member of class java.lang.Thread (in module java.base) with modifiers "private")
	Thread[1]  ID 570, Thread[Async disk worker #0 for volume /home/tasfia/Desktop/OE25-DEV/projects_decomposed/commons-vfs/commons-vfs2/target/test/hdfstestcasedata/dfs/data/data2,5,FsDatasetAsyncDiskService],	TIMED_WAITING,	daemon,	unknown (java.lang.IllegalAccessException: class org.apache.commons.vfs2.AbstractTestSuite cannot access a member of class java.lang.Thread (in module java.base) with modifiers "private")
	Thread[2]  ID 571, Thread[Async disk worker #0 for volume /home/tasfia/Desktop/OE25-DEV/projects_decomposed/commons-vfs/commons-vfs2/target/test/hdfstestcasedata/dfs/data/data1,5,FsDatasetAsyncDiskService],	TIMED_WAITING,	daemon,	unknown (java.lang.IllegalAccessException: class org.apache.commons.vfs2.AbstractTestSuite cannot access a member of class java.lang.Thread (in module java.base) with modifiers "private")
[[1;34mINFO[m] [1;32mTests run: [0;1;32m94[m, Failures: 0, Errors: 0, Skipped: 0, Time elapsed: 26.705 s - in org.apache.commons.vfs2.provider.hdfs.[1mHdfsFileProviderTestCase[m
[[1;34mINFO[m] Running org.apache.commons.vfs2.provider.jar.[1mJarAttributesTestCase[m
[[1;34mINFO[m] [1;32mTests run: [0;1;32m2[m, Failures: 0, Errors: 0, Skipped: 0, Time elapsed: 0.002 s - in org.apache.commons.vfs2.provider.jar.[1mJarAttributesTestCase[m
[[1;34mINFO[m] Running org.apache.commons.vfs2.provider.jar.[1mJarProviderTestCase[m
VfsClassLoaderTests no layered .jar provider, skipping.
[[1;34mINFO[m] [1;32mTests run: [0;1;32m94[m, Failures: 0, Errors: 0, Skipped: 0, Time elapsed: 4.125 s - in org.apache.commons.vfs2.provider.jar.[1mJarProviderTestCase[m
[[1;34mINFO[m] Running org.apache.commons.vfs2.provider.http.[1mHttpFilesCacheTestCase[m
[[1;34mINFO[m] [1;32mTests run: [0;1;32m1[m, Failures: 0, Errors: 0, Skipped: 0, Time elapsed: 0.003 s - in org.apache.commons.vfs2.provider.http.[1mHttpFilesCacheTestCase[m
[[1;34mINFO[m] Running org.apache.commons.vfs2.provider.http.[1mGetContentInfoFunctionalTest[m
[[1;34mINFO[m] [1;32mTests run: [0;1;32m1[m, Failures: 0, Errors: 0, Skipped: 0, Time elapsed: 0.046 s - in org.apache.commons.vfs2.provider.http.[1mGetContentInfoFunctionalTest[m
[[1;34mINFO[m] Running org.apache.commons.vfs2.provider.http.[1mHttpProviderTestCase[m
VfsClassLoaderTests no layered .jar provider, skipping.
Threads still running (15) at 2026-02-23T19:58:26.849469898Z, live threads:
	Thread[1]  ID 120, Thread[org.apache.hadoop.hdfs.server.datanode.DataXceiverServer@3313d477,5,dataXceiverServer],	RUNNABLE,	daemon,	unknown (java.lang.IllegalAccessException: class org.apache.commons.vfs2.AbstractTestSuite cannot access a member of class java.lang.Thread (in module java.base) with modifiers "private")
	Thread[2]  ID 254, Thread[org.apache.hadoop.hdfs.server.datanode.DataXceiverServer@41167ded,5,dataXceiverServer],	RUNNABLE,	daemon,	unknown (java.lang.IllegalAccessException: class org.apache.commons.vfs2.AbstractTestSuite cannot access a member of class java.lang.Thread (in module java.base) with modifiers "private")
	Thread[3]  ID 570, Thread[Async disk worker #0 for volume /home/tasfia/Desktop/OE25-DEV/projects_decomposed/commons-vfs/commons-vfs2/target/test/hdfstestcasedata/dfs/data/data2,5,FsDatasetAsyncDiskService],	TIMED_WAITING,	daemon,	unknown (java.lang.IllegalAccessException: class org.apache.commons.vfs2.AbstractTestSuite cannot access a member of class java.lang.Thread (in module java.base) with modifiers "private")
	Thread[4]  ID 571, Thread[Async disk worker #0 for volume /home/tasfia/Desktop/OE25-DEV/projects_decomposed/commons-vfs/commons-vfs2/target/test/hdfstestcasedata/dfs/data/data1,5,FsDatasetAsyncDiskService],	TIMED_WAITING,	daemon,	unknown (java.lang.IllegalAccessException: class org.apache.commons.vfs2.AbstractTestSuite cannot access a member of class java.lang.Thread (in module java.base) with modifiers "private")
	Thread[5]  ID 21, Thread[Common-Cleaner,8,InnocuousThreadGroup],	TIMED_WAITING,	daemon,	unknown (java.lang.IllegalAccessException: class org.apache.commons.vfs2.AbstractTestSuite cannot access a member of class java.lang.Thread (in module java.base) with modifiers "private")
[[1;34mINFO[m] [1;32mTests run: [0;1;32m99[m, Failures: 0, Errors: 0, Skipped: 0, Time elapsed: 4.323 s - in org.apache.commons.vfs2.provider.http.[1mHttpProviderTestCase[m
[[1;34mINFO[m] Running org.apache.commons.vfs2.provider.http4.[1mHttp4GetContentInfoTest[m
[[1;34mINFO[m] [1;32mTests run: [0;1;32m2[m, Failures: 0, Errors: 0, Skipped: 0, Time elapsed: 0.04 s - in org.apache.commons.vfs2.provider.http4.[1mHttp4GetContentInfoTest[m
[[1;34mINFO[m] Running org.apache.commons.vfs2.provider.http4.[1mHttp4ProviderTestCase[m
VfsClassLoaderTests no layered .jar provider, skipping.
Threads still running (15) at 2026-02-23T19:58:31.066873881Z, live threads:
	Thread[1]  ID 120, Thread[org.apache.hadoop.hdfs.server.datanode.DataXceiverServer@3313d477,5,dataXceiverServer],	RUNNABLE,	daemon,	unknown (java.lang.IllegalAccessException: class org.apache.commons.vfs2.AbstractTestSuite cannot access a member of class java.lang.Thread (in module java.base) with modifiers "private")
	Thread[2]  ID 254, Thread[org.apache.hadoop.hdfs.server.datanode.DataXceiverServer@41167ded,5,dataXceiverServer],	RUNNABLE,	daemon,	unknown (java.lang.IllegalAccessException: class org.apache.commons.vfs2.AbstractTestSuite cannot access a member of class java.lang.Thread (in module java.base) with modifiers "private")
	Thread[3]  ID 570, Thread[Async disk worker #0 for volume /home/tasfia/Desktop/OE25-DEV/projects_decomposed/commons-vfs/commons-vfs2/target/test/hdfstestcasedata/dfs/data/data2,5,FsDatasetAsyncDiskService],	TIMED_WAITING,	daemon,	unknown (java.lang.IllegalAccessException: class org.apache.commons.vfs2.AbstractTestSuite cannot access a member of class java.lang.Thread (in module java.base) with modifiers "private")
	Thread[4]  ID 571, Thread[Async disk worker #0 for volume /home/tasfia/Desktop/OE25-DEV/projects_decomposed/commons-vfs/commons-vfs2/target/test/hdfstestcasedata/dfs/data/data1,5,FsDatasetAsyncDiskService],	TIMED_WAITING,	daemon,	unknown (java.lang.IllegalAccessException: class org.apache.commons.vfs2.AbstractTestSuite cannot access a member of class java.lang.Thread (in module java.base) with modifiers "private")
	Thread[5]  ID 21, Thread[Common-Cleaner,8,InnocuousThreadGroup],	TIMED_WAITING,	daemon,	unknown (java.lang.IllegalAccessException: class org.apache.commons.vfs2.AbstractTestSuite cannot access a member of class java.lang.Thread (in module java.base) with modifiers "private")
[[1;34mINFO[m] [1;32mTests run: [0;1;32m99[m, Failures: 0, Errors: 0, Skipped: 0, Time elapsed: 4.174 s - in org.apache.commons.vfs2.provider.http4.[1mHttp4ProviderTestCase[m
[[1;34mINFO[m] Running org.apache.commons.vfs2.provider.http4.[1mHttp4FilesCacheTestCase[m
[[1;34mINFO[m] [1;32mTests run: [0;1;32m1[m, Failures: 0, Errors: 0, Skipped: 0, Time elapsed: 0 s - in org.apache.commons.vfs2.provider.http4.[1mHttp4FilesCacheTestCase[m
[[1;34mINFO[m] Running org.apache.commons.vfs2.provider.local.[1mConversionTestCase[m
[[1;33mWARNING[m] [1;33mTests [0;1mrun: [0;1m2[m, Failures: 0, Errors: 0, [1;33mSkipped: [0;1;33m2[m, Time elapsed: 0.001 s - in org.apache.commons.vfs2.provider.local.[1mConversionTestCase[m
[[1;34mINFO[m] Running org.apache.commons.vfs2.provider.local.[1mLocalProviderTestCase[m
VfsClassLoaderTests no layered .jar provider, skipping.
[[1;34mINFO[m] [1;32mTests run: [0;1;32m100[m, Failures: 0, Errors: 0, Skipped: 0, Time elapsed: 4.125 s - in org.apache.commons.vfs2.provider.local.[1mLocalProviderTestCase[m
[[1;34mINFO[m] Running org.apache.commons.vfs2.provider.local.[1mLocalFileRandomAccessContentTestCase[m
[[1;34mINFO[m] [1;32mTests run: [0;1;32m1[m, Failures: 0, Errors: 0, Skipped: 0, Time elapsed: 0 s - in org.apache.commons.vfs2.provider.local.[1mLocalFileRandomAccessContentTestCase[m
[[1;34mINFO[m] Running org.apache.commons.vfs2.provider.url.[1mUrlFileNameParserTest[m
[[1;34mINFO[m] [1;32mTests run: [0;1;32m3[m, Failures: 0, Errors: 0, Skipped: 0, Time elapsed: 0 s - in org.apache.commons.vfs2.provider.url.[1mUrlFileNameParserTest[m
[[1;34mINFO[m] Running org.apache.commons.vfs2.provider.url.[1mUrlHttpProviderTestCase[m
VfsClassLoaderTests no layered .jar provider, skipping.
[[1;34mINFO[m] [1;32mTests run: [0;1;32m94[m, Failures: 0, Errors: 0, Skipped: 0, Time elapsed: 4.125 s - in org.apache.commons.vfs2.provider.url.[1mUrlHttpProviderTestCase[m
[[1;34mINFO[m] Running org.apache.commons.vfs2.provider.url.[1mUrlProviderTestCase[m
VfsClassLoaderTests no local file provider, skipping.
VfsClassLoaderTests no local file provider, skipping.
[[1;34mINFO[m] [1;32mTests run: [0;1;32m94[m, Failures: 0, Errors: 0, Skipped: 0, Time elapsed: 4.132 s - in org.apache.commons.vfs2.provider.url.[1mUrlProviderTestCase[m
[[1;34mINFO[m] Running org.apache.commons.vfs2.provider.url.[1mUrlProviderHttpTestCase[m
VfsClassLoaderTests no layered .jar provider, skipping.
Threads still running (15) at 2026-02-23T19:58:47.644632249Z, live threads:
	Thread[0]  ID 120, Thread[org.apache.hadoop.hdfs.server.datanode.DataXceiverServer@3313d477,5,dataXceiverServer],	RUNNABLE,	daemon,	unknown (java.lang.IllegalAccessException: class org.apache.commons.vfs2.AbstractTestSuite cannot access a member of class java.lang.Thread (in module java.base) with modifiers "private")
	Thread[1]  ID 254, Thread[org.apache.hadoop.hdfs.server.datanode.DataXceiverServer@41167ded,5,dataXceiverServer],	RUNNABLE,	daemon,	unknown (java.lang.IllegalAccessException: class org.apache.commons.vfs2.AbstractTestSuite cannot access a member of class java.lang.Thread (in module java.base) with modifiers "private")
	Thread[2]  ID 570, Thread[Async disk worker #0 for volume /home/tasfia/Desktop/OE25-DEV/projects_decomposed/commons-vfs/commons-vfs2/target/test/hdfstestcasedata/dfs/data/data2,5,FsDatasetAsyncDiskService],	TIMED_WAITING,	daemon,	unknown (java.lang.IllegalAccessException: class org.apache.commons.vfs2.AbstractTestSuite cannot access a member of class java.lang.Thread (in module java.base) with modifiers "private")
	Thread[3]  ID 571, Thread[Async disk worker #0 for volume /home/tasfia/Desktop/OE25-DEV/projects_decomposed/commons-vfs/commons-vfs2/target/test/hdfstestcasedata/dfs/data/data1,5,FsDatasetAsyncDiskService],	TIMED_WAITING,	daemon,	unknown (java.lang.IllegalAccessException: class org.apache.commons.vfs2.AbstractTestSuite cannot access a member of class java.lang.Thread (in module java.base) with modifiers "private")
	Thread[4]  ID 21, Thread[Common-Cleaner,8,InnocuousThreadGroup],	TIMED_WAITING,	daemon,	unknown (java.lang.IllegalAccessException: class org.apache.commons.vfs2.AbstractTestSuite cannot access a member of class java.lang.Thread (in module java.base) with modifiers "private")
	Thread[5]  ID 770, Thread[Keep-Alive-Timer,8,InnocuousThreadGroup],	TIMED_WAITING,	daemon,	unknown (java.lang.IllegalAccessException: class org.apache.commons.vfs2.AbstractTestSuite cannot access a member of class java.lang.Thread (in module java.base) with modifiers "private")
[[1;34mINFO[m] [1;32mTests run: [0;1;32m94[m, Failures: 0, Errors: 0, Skipped: 0, Time elapsed: 4.172 s - in org.apache.commons.vfs2.provider.url.[1mUrlProviderHttpTestCase[m
[[1;34mINFO[m] Running org.apache.commons.vfs2.provider.ftp.[1mFtpProviderTestCase[m
VfsClassLoaderTests no layered .jar provider, skipping.
Threads still running (5) at 2026-02-23T19:59:11.070117674Z, live threads:
	Thread[0]  ID 772, Thread[pool-45-thread-1,5,main],	TIMED_WAITING,	non_daemon,	unknown (java.lang.IllegalAccessException: class org.apache.commons.vfs2.AbstractTestSuite cannot access a member of class java.lang.Thread (in module java.base) with modifiers "private")
	Thread[1]  ID 776, Thread[NioProcessor-4,5,main],	RUNNABLE,	non_daemon,	unknown (java.lang.IllegalAccessException: class org.apache.commons.vfs2.AbstractTestSuite cannot access a member of class java.lang.Thread (in module java.base) with modifiers "private")
	Thread[2]  ID 777, Thread[NioProcessor-5,5,main],	RUNNABLE,	non_daemon,	unknown (java.lang.IllegalAccessException: class org.apache.commons.vfs2.AbstractTestSuite cannot access a member of class java.lang.Thread (in module java.base) with modifiers "private")
	Thread[3]  ID 778, Thread[NioProcessor-6,5,main],	RUNNABLE,	non_daemon,	unknown (java.lang.IllegalAccessException: class org.apache.commons.vfs2.AbstractTestSuite cannot access a member of class java.lang.Thread (in module java.base) with modifiers "private")
	Thread[4]  ID 779, Thread[pool-45-thread-5,5,main],	TIMED_WAITING,	non_daemon,	unknown (java.lang.IllegalAccessException: class org.apache.commons.vfs2.AbstractTestSuite cannot access a member of class java.lang.Thread (in module java.base) with modifiers "private")
[[1;34mINFO[m] [1;32mTests run: [0;1;32m94[m, Failures: 0, Errors: 0, Skipped: 0, Time elapsed: 23.425 s - in org.apache.commons.vfs2.provider.ftp.[1mFtpProviderTestCase[m
[[1;34mINFO[m] Running org.apache.commons.vfs2.provider.ftp.[1mMultipleConnectionTestCase[m
[[1;34mINFO[m] [1;32mTests run: [0;1;32m2[m, Failures: 0, Errors: 0, Skipped: 0, Time elapsed: 0.008 s - in org.apache.commons.vfs2.provider.ftp.[1mMultipleConnectionTestCase[m
[[1;34mINFO[m] Running org.apache.commons.vfs2.provider.ftp.[1mFtpProviderUserDirTestCase[m
