/sfs/weka/scratch/wxw9rr/OE25-DEV/projects_decomposed/commons-dbutils-1.7/src/main/java/org/apache/commons/dbutils/handlers/columns/TimestampColumnHandler.java
/sfs/weka/scratch/wxw9rr/OE25-DEV/projects_decomposed/commons-dbutils-1.7/src/main/java/org/apache/commons/dbutils/GenerousBeanProcessor.java
/sfs/weka/scratch/wxw9rr/OE25-DEV/projects_decomposed/commons-dbutils-1.7/src/main/java/org/apache/commons/dbutils/handlers/properties/StringEnumPropertyHandler.java
/sfs/weka/scratch/wxw9rr/OE25-DEV/projects_decomposed/commons-dbutils-1.7/src/main/java/org/apache/commons/dbutils/AbstractQueryRunner.java
/sfs/weka/scratch/wxw9rr/OE25-DEV/projects_decomposed/commons-dbutils-1.7/src/main/java/org/apache/commons/dbutils/BasicRowProcessor.java
/sfs/weka/scratch/wxw9rr/OE25-DEV/projects_decomposed/commons-dbutils-1.7/src/main/java/org/apache/commons/dbutils/handlers/columns/IntegerColumnHandler.java
/sfs/weka/scratch/wxw9rr/OE25-DEV/projects_decomposed/commons-dbutils-1.7/src/main/java/org/apache/commons/dbutils/ResultSetHandler.java
/sfs/weka/scratch/wxw9rr/OE25-DEV/projects_decomposed/commons-dbutils-1.7/src/main/java/org/apache/commons/dbutils/StatementConfiguration.java
/sfs/weka/scratch/wxw9rr/OE25-DEV/projects_decomposed/commons-dbutils-1.7/src/main/java/org/apache/commons/dbutils/handlers/columns/BooleanColumnHandler.java
/sfs/weka/scratch/wxw9rr/OE25-DEV/projects_decomposed/commons-dbutils-1.7/src/main/java/org/apache/commons/dbutils/handlers/BeanListHandler.java
/sfs/weka/scratch/wxw9rr/OE25-DEV/projects_decomposed/commons-dbutils-1.7/src/main/java/org/apache/commons/dbutils/handlers/MapListHandler.java
/sfs/weka/scratch/wxw9rr/OE25-DEV/projects_decomposed/commons-dbutils-1.7/src/main/java/org/apache/commons/dbutils/handlers/package-info.java
/sfs/weka/scratch/wxw9rr/OE25-DEV/projects_decomposed/commons-dbutils-1.7/src/main/java/org/apache/commons/dbutils/ColumnHandler.java
/sfs/weka/scratch/wxw9rr/OE25-DEV/projects_decomposed/commons-dbutils-1.7/src/main/java/org/apache/commons/dbutils/handlers/MapHandler.java
/sfs/weka/scratch/wxw9rr/OE25-DEV/projects_decomposed/commons-dbutils-1.7/src/main/java/org/apache/commons/dbutils/handlers/columns/FloatColumnHandler.java
/sfs/weka/scratch/wxw9rr/OE25-DEV/projects_decomposed/commons-dbutils-1.7/src/main/java/org/apache/commons/dbutils/BaseResultSetHandler.java
/sfs/weka/scratch/wxw9rr/OE25-DEV/projects_decomposed/commons-dbutils-1.7/src/main/java/org/apache/commons/dbutils/AsyncQueryRunner.java
/sfs/weka/scratch/wxw9rr/OE25-DEV/projects_decomposed/commons-dbutils-1.7/src/main/java/org/apache/commons/dbutils/handlers/ColumnListHandler.java
/sfs/weka/scratch/wxw9rr/OE25-DEV/projects_decomposed/commons-dbutils-1.7/src/main/java/org/apache/commons/dbutils/package-info.java
/sfs/weka/scratch/wxw9rr/OE25-DEV/projects_decomposed/commons-dbutils-1.7/src/main/java/org/apache/commons/dbutils/DbUtils.java
/sfs/weka/scratch/wxw9rr/OE25-DEV/projects_decomposed/commons-dbutils-1.7/src/main/java/org/apache/commons/dbutils/PropertyHandler.java
/sfs/weka/scratch/wxw9rr/OE25-DEV/projects_decomposed/commons-dbutils-1.7/src/main/java/org/apache/commons/dbutils/handlers/ArrayHandler.java
/sfs/weka/scratch/wxw9rr/OE25-DEV/projects_decomposed/commons-dbutils-1.7/src/main/java/org/apache/commons/dbutils/OutParameter.java
/sfs/weka/scratch/wxw9rr/OE25-DEV/projects_decomposed/commons-dbutils-1.7/src/main/java/org/apache/commons/dbutils/handlers/columns/SQLXMLColumnHandler.java
/sfs/weka/scratch/wxw9rr/OE25-DEV/projects_decomposed/commons-dbutils-1.7/src/main/java/org/apache/commons/dbutils/handlers/ScalarHandler.java
/sfs/weka/scratch/wxw9rr/OE25-DEV/projects_decomposed/commons-dbutils-1.7/src/main/java/org/apache/commons/dbutils/handlers/BeanHandler.java
/sfs/weka/scratch/wxw9rr/OE25-DEV/projects_decomposed/commons-dbutils-1.7/src/main/java/org/apache/commons/dbutils/QueryLoader.java
/sfs/weka/scratch/wxw9rr/OE25-DEV/projects_decomposed/commons-dbutils-1.7/src/main/java/org/apache/commons/dbutils/handlers/columns/ByteColumnHandler.java
/sfs/weka/scratch/wxw9rr/OE25-DEV/projects_decomposed/commons-dbutils-1.7/src/main/java/org/apache/commons/dbutils/ResultSetIterator.java
/sfs/weka/scratch/wxw9rr/OE25-DEV/projects_decomposed/commons-dbutils-1.7/src/main/java/org/apache/commons/dbutils/ProxyFactory.java
/sfs/weka/scratch/wxw9rr/OE25-DEV/projects_decomposed/commons-dbutils-1.7/src/main/java/org/apache/commons/dbutils/handlers/columns/StringColumnHandler.java
/sfs/weka/scratch/wxw9rr/OE25-DEV/projects_decomposed/commons-dbutils-1.7/src/main/java/org/apache/commons/dbutils/handlers/KeyedHandler.java
/sfs/weka/scratch/wxw9rr/OE25-DEV/projects_decomposed/commons-dbutils-1.7/src/main/java/org/apache/commons/dbutils/handlers/properties/DatePropertyHandler.java
/sfs/weka/scratch/wxw9rr/OE25-DEV/projects_decomposed/commons-dbutils-1.7/src/main/java/org/apache/commons/dbutils/handlers/columns/ShortColumnHandler.java
/sfs/weka/scratch/wxw9rr/OE25-DEV/projects_decomposed/commons-dbutils-1.7/src/main/java/org/apache/commons/dbutils/wrappers/package-info.java
/sfs/weka/scratch/wxw9rr/OE25-DEV/projects_decomposed/commons-dbutils-1.7/src/main/java/org/apache/commons/dbutils/handlers/columns/DoubleColumnHandler.java
/sfs/weka/scratch/wxw9rr/OE25-DEV/projects_decomposed/commons-dbutils-1.7/src/main/java/org/apache/commons/dbutils/handlers/columns/LongColumnHandler.java
/sfs/weka/scratch/wxw9rr/OE25-DEV/projects_decomposed/commons-dbutils-1.7/src/main/java/org/apache/commons/dbutils/handlers/AbstractKeyedHandler.java
/sfs/weka/scratch/wxw9rr/OE25-DEV/projects_decomposed/commons-dbutils-1.7/src/main/java/org/apache/commons/dbutils/QueryRunner.java
/sfs/weka/scratch/wxw9rr/OE25-DEV/projects_decomposed/commons-dbutils-1.7/src/main/java/org/apache/commons/dbutils/handlers/ArrayListHandler.java
/sfs/weka/scratch/wxw9rr/OE25-DEV/projects_decomposed/commons-dbutils-1.7/src/main/java/org/apache/commons/dbutils/wrappers/StringTrimmedResultSet.java
/sfs/weka/scratch/wxw9rr/OE25-DEV/projects_decomposed/commons-dbutils-1.7/src/main/java/org/apache/commons/dbutils/handlers/BeanMapHandler.java
/sfs/weka/scratch/wxw9rr/OE25-DEV/projects_decomposed/commons-dbutils-1.7/src/main/java/org/apache/commons/dbutils/BeanProcessor.java
/sfs/weka/scratch/wxw9rr/OE25-DEV/projects_decomposed/commons-dbutils-1.7/src/main/java/org/apache/commons/dbutils/wrappers/SqlNullCheckedResultSet.java
/sfs/weka/scratch/wxw9rr/OE25-DEV/projects_decomposed/commons-dbutils-1.7/src/main/java/org/apache/commons/dbutils/handlers/AbstractListHandler.java
/sfs/weka/scratch/wxw9rr/OE25-DEV/projects_decomposed/commons-dbutils-1.7/src/main/java/org/apache/commons/dbutils/RowProcessor.java
