[INFO] Scanning for projects...
[INFO] 
[INFO] ------------< org.apache.commons:commons-vfs2-jackrabbit2 >-------------
[INFO] Building Apache Commons VFS Jackrabbit 2 2.9.0
[INFO] --------------------------------[ jar ]---------------------------------
[INFO] 
[INFO] --- maven-clean-plugin:3.1.0:clean (default-clean) @ commons-vfs2-jackrabbit2 ---
[INFO] 
[INFO] --- maven-enforcer-plugin:3.0.0-M3:enforce (enforce-maven-version) @ commons-vfs2-jackrabbit2 ---
[INFO] 
[INFO] --- maven-enforcer-plugin:3.0.0-M3:enforce (enforce-maven-3) @ commons-vfs2-jackrabbit2 ---
[INFO] 
[INFO] --- apache-rat-plugin:0.13:check (rat-check) @ commons-vfs2-jackrabbit2 ---
[INFO] RAT will not execute since it is configured to be skipped via system property 'rat.skip'.
[INFO] 
[INFO] --- build-helper-maven-plugin:3.2.0:parse-version (parse-version) @ commons-vfs2-jackrabbit2 ---
[INFO] 
[INFO] --- maven-antrun-plugin:1.8:run (javadoc.resources) @ commons-vfs2-jackrabbit2 ---
[INFO] Executing tasks

main:
     [copy] Copying 2 files to /home/tasfia/Desktop/OE25-DEV/projects_decomposed/commons-vfs/commons-vfs2-jackrabbit2/target/apidocs/META-INF
[INFO] Executed tasks
[INFO] 
[INFO] --- maven-antrun-plugin:1.8:run (vfs-jar-manifest) @ commons-vfs2-jackrabbit2 ---
[INFO] Executing tasks

main:
    [mkdir] Created dir: /home/tasfia/Desktop/OE25-DEV/projects_decomposed/commons-vfs/commons-vfs2-jackrabbit2/target/osgi
    [touch] Creating /home/tasfia/Desktop/OE25-DEV/projects_decomposed/commons-vfs/commons-vfs2-jackrabbit2/target/osgi/MANIFEST.MF
[INFO] Executed tasks
[INFO] 
[INFO] --- maven-remote-resources-plugin:1.7.0:process (process-resource-bundles) @ commons-vfs2-jackrabbit2 ---
[INFO] Skipping remote resources execution.
[INFO] 
[INFO] --- buildnumber-maven-plugin:1.4:create (default) @ commons-vfs2-jackrabbit2 ---
[INFO] Executing: /bin/sh -c cd '/home/tasfia/Desktop/OE25-DEV/projects_decomposed/commons-vfs/commons-vfs2-jackrabbit2' && 'git' 'rev-parse' '--verify' 'HEAD'
[INFO] Working directory: /home/tasfia/Desktop/OE25-DEV/projects_decomposed/commons-vfs/commons-vfs2-jackrabbit2
[INFO] Storing buildNumber: 685bfddf08d4cc096c0d12e9117a2d01f808d66c at timestamp: 1773032017449
[INFO] Storing buildScmBranch: final-single-assertion-dataset
[INFO] 
[INFO] --- maven-resources-plugin:3.1.0:resources (default-resources) @ commons-vfs2-jackrabbit2 ---
[INFO] Using 'UTF-8' encoding to copy filtered resources.
[INFO] skip non existing resourceDirectory /home/tasfia/Desktop/OE25-DEV/projects_decomposed/commons-vfs/commons-vfs2-jackrabbit2/src/main/resources
[INFO] Copying 2 resources to META-INF
[INFO] 
[INFO] --- maven-compiler-plugin:3.8.1:compile (default-compile) @ commons-vfs2-jackrabbit2 ---
[INFO] Changes detected - recompiling the module!
[INFO] Compiling 9 source files to /home/tasfia/Desktop/OE25-DEV/projects_decomposed/commons-vfs/commons-vfs2-jackrabbit2/target/classes
[INFO] /home/tasfia/Desktop/OE25-DEV/projects_decomposed/commons-vfs/commons-vfs2-jackrabbit2/src/main/java/org/apache/commons/vfs2/provider/webdav4s/Webdav4sFileProvider.java: /home/tasfia/Desktop/OE25-DEV/projects_decomposed/commons-vfs/commons-vfs2-jackrabbit2/src/main/java/org/apache/commons/vfs2/provider/webdav4s/Webdav4sFileProvider.java uses or overrides a deprecated API.
[INFO] /home/tasfia/Desktop/OE25-DEV/projects_decomposed/commons-vfs/commons-vfs2-jackrabbit2/src/main/java/org/apache/commons/vfs2/provider/webdav4s/Webdav4sFileProvider.java: Recompile with -Xlint:deprecation for details.
[INFO] 
[INFO] --- maven-bundle-plugin:5.1.2:manifest (bundle-manifest) @ commons-vfs2-jackrabbit2 ---
[WARNING] Manifest org.apache.commons:commons-vfs2-jackrabbit2:jar:2.9.0 : Unused Import-Package instructions: [org.apache.hadoop.*, org.apache.tools.ant.*, org.apache.commons.httpclient.*] 
[INFO] 
[INFO] --- maven-resources-plugin:3.1.0:testResources (default-testResources) @ commons-vfs2-jackrabbit2 ---
[INFO] Using 'UTF-8' encoding to copy filtered resources.
[INFO] Copying 47 resources
[INFO] Copying 2 resources to META-INF
[INFO] 
[INFO] --- maven-compiler-plugin:3.8.1:testCompile (default-testCompile) @ commons-vfs2-jackrabbit2 ---
[INFO] Changes detected - recompiling the module!
[INFO] Compiling 9 source files to /home/tasfia/Desktop/OE25-DEV/projects_decomposed/commons-vfs/commons-vfs2-jackrabbit2/target/test-classes
[INFO] /home/tasfia/Desktop/OE25-DEV/projects_decomposed/commons-vfs/commons-vfs2-jackrabbit2/src/test/java/org/apache/commons/vfs2/provider/webdav4/test/JcrUtils.java: /home/tasfia/Desktop/OE25-DEV/projects_decomposed/commons-vfs/commons-vfs2-jackrabbit2/src/test/java/org/apache/commons/vfs2/provider/webdav4/test/JcrUtils.java uses or overrides a deprecated API.
[INFO] /home/tasfia/Desktop/OE25-DEV/projects_decomposed/commons-vfs/commons-vfs2-jackrabbit2/src/test/java/org/apache/commons/vfs2/provider/webdav4/test/JcrUtils.java: Recompile with -Xlint:deprecation for details.
[INFO] 
[INFO] --- maven-antrun-plugin:1.8:run (default) @ commons-vfs2-jackrabbit2 ---
[INFO] Executing tasks

main:
     [move] Moving 2 files to /home/tasfia/Desktop/OE25-DEV/projects_decomposed/commons-vfs/commons-vfs2-jackrabbit2/target/test-classes/test-data/code
[INFO] Executed tasks
[INFO] 
[INFO] --- animal-sniffer-maven-plugin:1.19:check (checkAPIcompatibility) @ commons-vfs2-jackrabbit2 ---
[INFO] Checking unresolved references to org.codehaus.mojo.signature:java18:1.0
[INFO] 
[INFO] --- maven-surefire-plugin:3.0.0-M5:test (default-test) @ commons-vfs2-jackrabbit2 ---
[INFO] 
[INFO] -------------------------------------------------------
[INFO]  T E S T S
[INFO] -------------------------------------------------------
[INFO] Running org.apache.commons.vfs2.provider.webdav4.test.Webdav4VersioningTests_OE25Dev
[ERROR] Tests run: 2, Failures: 0, Errors: 2, Skipped: 0, Time elapsed: 0.036 s <<< FAILURE! - in org.apache.commons.vfs2.provider.webdav4.test.Webdav4VersioningTests_OE25Dev
[ERROR] org.apache.commons.vfs2.provider.webdav4.test.Webdav4VersioningTests_OE25Dev.testVersioning_oe  Time elapsed: 0.001 s  <<< ERROR!
java.lang.NullPointerException
	at org.apache.commons.vfs2.provider.webdav4.test.Webdav4VersioningTests_OE25Dev.createScratchFolder(Webdav4VersioningTests_OE25Dev.java:48)
	at org.apache.commons.vfs2.provider.webdav4.test.Webdav4VersioningTests_OE25Dev.testVersioning_oe(Webdav4VersioningTests_OE25Dev.java:56)

[ERROR] org.apache.commons.vfs2.provider.webdav4.test.Webdav4VersioningTests_OE25Dev.testVersioningWithCreator_oe  Time elapsed: 0 s  <<< ERROR!
java.lang.NullPointerException
	at org.apache.commons.vfs2.provider.webdav4.test.Webdav4VersioningTests_OE25Dev.createScratchFolder(Webdav4VersioningTests_OE25Dev.java:48)
	at org.apache.commons.vfs2.provider.webdav4.test.Webdav4VersioningTests_OE25Dev.testVersioningWithCreator_oe(Webdav4VersioningTests_OE25Dev.java:102)

[INFO] Running org.apache.commons.vfs2.provider.webdav4.Webdav4FileObjectTest_OE25Dev
[INFO] Tests run: 2, Failures: 0, Errors: 0, Skipped: 0, Time elapsed: 2.163 s - in org.apache.commons.vfs2.provider.webdav4.Webdav4FileObjectTest_OE25Dev
[INFO] 
[INFO] Results:
[INFO] 
[ERROR] Errors: 
[ERROR]   Webdav4VersioningTests_OE25Dev>AbstractProviderTestCase.runTest:309->testVersioningWithCreator_oe:102->createScratchFolder:48 NullPointer
[ERROR]   Webdav4VersioningTests_OE25Dev>AbstractProviderTestCase.runTest:309->testVersioning_oe:56->createScratchFolder:48 NullPointer
[INFO] 
[ERROR] Tests run: 4, Failures: 0, Errors: 2, Skipped: 0
[INFO] 
[INFO] ------------------------------------------------------------------------
[INFO] BUILD FAILURE
[INFO] ------------------------------------------------------------------------
[INFO] Total time:  21.358 s
[INFO] Finished at: 2026-03-08T23:53:53-05:00
[INFO] ------------------------------------------------------------------------
[ERROR] Failed to execute goal org.apache.maven.plugins:maven-surefire-plugin:3.0.0-M5:test (default-test) on project commons-vfs2-jackrabbit2: There are test failures.
[ERROR] 
[ERROR] Please refer to /home/tasfia/Desktop/OE25-DEV/projects_decomposed/commons-vfs/commons-vfs2-jackrabbit2/target/surefire-reports for the individual test results.
[ERROR] Please refer to dump files (if any exist) [date].dump, [date]-jvmRun[N].dump and [date].dumpstream.
[ERROR] -> [Help 1]
[ERROR] 
[ERROR] To see the full stack trace of the errors, re-run Maven with the -e switch.
[ERROR] Re-run Maven using the -X switch to enable full debug logging.
[ERROR] 
[ERROR] For more information about the errors and possible solutions, please read the following articles:
[ERROR] [Help 1] http://cwiki.apache.org/confluence/display/MAVEN/MojoFailureException
