[INFO] Scanning for projects...
[INFO] 
[INFO] ------------------< io.springside:springside-metrics >------------------
[INFO] Building Springside :: Module :: Metrics 5.0.0-SNAPSHOT
[INFO] --------------------------------[ jar ]---------------------------------
[INFO] 
[INFO] --- maven-clean-plugin:2.5:clean (default-clean) @ springside-metrics ---
[INFO] 
[INFO] --- maven-resources-plugin:2.6:resources (default-resources) @ springside-metrics ---
[INFO] Using 'UTF-8' encoding to copy filtered resources.
[INFO] skip non existing resourceDirectory /home/tasfia/Desktop/OE25-DEV/projects_decomposed/springside4/modules/metrics/src/main/resources
[INFO] 
[INFO] --- maven-compiler-plugin:3.1:compile (default-compile) @ springside-metrics ---
[INFO] Changes detected - recompiling the module!
[INFO] Compiling 18 source files to /home/tasfia/Desktop/OE25-DEV/projects_decomposed/springside4/modules/metrics/target/classes
[INFO] 
[INFO] --- maven-resources-plugin:2.6:testResources (default-testResources) @ springside-metrics ---
[INFO] Using 'UTF-8' encoding to copy filtered resources.
[INFO] Copying 1 resource
[INFO] 
[INFO] --- maven-compiler-plugin:3.1:testCompile (default-testCompile) @ springside-metrics ---
[INFO] Changes detected - recompiling the module!
[INFO] Compiling 9 source files to /home/tasfia/Desktop/OE25-DEV/projects_decomposed/springside4/modules/metrics/target/test-classes
[INFO] 
[INFO] --- maven-surefire-plugin:2.22.0:test (default-test) @ springside-metrics ---
[INFO] 
[INFO] -------------------------------------------------------
[INFO]  T E S T S
[INFO] -------------------------------------------------------
[INFO] Running org.springside.modules.metrics.TimerTest_OE25Dev
[INFO] Tests run: 1, Failures: 0, Errors: 0, Skipped: 0, Time elapsed: 0.168 s - in org.springside.modules.metrics.TimerTest_OE25Dev
[INFO] Running org.springside.modules.metrics.CounterTest_OE25Dev
[INFO] Tests run: 3, Failures: 0, Errors: 0, Skipped: 0, Time elapsed: 0 s - in org.springside.modules.metrics.CounterTest_OE25Dev
[INFO] Running org.springside.modules.metrics.MetricRegistryTest_OE25Dev
[INFO] Tests run: 4, Failures: 0, Errors: 0, Skipped: 0, Time elapsed: 0 s - in org.springside.modules.metrics.MetricRegistryTest_OE25Dev
[INFO] 
[INFO] Results:
[INFO] 
[INFO] Tests run: 8, Failures: 0, Errors: 0, Skipped: 0
[INFO] 
[INFO] ------------------------------------------------------------------------
[INFO] BUILD SUCCESS
[INFO] ------------------------------------------------------------------------
[INFO] Total time:  5.950 s
[INFO] Finished at: 2026-03-08T23:53:22-05:00
[INFO] ------------------------------------------------------------------------
