[ERROR] COMPILATION ERROR : 
[ERROR] /home/tasfia/Desktop/OE25-DEV/projects_decomposed/bcel/src/test/java/org/apache/bcel/generic/GeneratingAnnotatedClassesTestCase_OE25Dev_bcel_left_76_1.java:[266,17] cannot find symbol
  symbol:   method assertMethodAnnotations(org.apache.bcel.classfile.Method,int,int)
  location: class org.apache.bcel.generic.GeneratingAnnotatedClassesTestCase_OE25Dev_bcel_left_76_1
[ERROR] /home/tasfia/Desktop/OE25-DEV/projects_decomposed/bcel/src/test/java/org/apache/bcel/generic/GeneratingAnnotatedClassesTestCase_OE25Dev_bcel_left_76_1.java:[271,17] cannot find symbol
  symbol:   method assertMethodAnnotations(org.apache.bcel.classfile.Method,int,int)
  location: class org.apache.bcel.generic.GeneratingAnnotatedClassesTestCase_OE25Dev_bcel_left_76_1
[ERROR] /home/tasfia/Desktop/OE25-DEV/projects_decomposed/bcel/src/test/java/org/apache/bcel/generic/GeneratingAnnotatedClassesTestCase_OE25Dev_bcel_left_76_1.java:[275,17] cannot find symbol
  symbol:   method assertMethodAnnotations(org.apache.bcel.classfile.Method,int,int)
  location: class org.apache.bcel.generic.GeneratingAnnotatedClassesTestCase_OE25Dev_bcel_left_76_1
[ERROR] Failed to execute goal org.apache.maven.plugins:maven-compiler-plugin:3.8.1:testCompile (default-testCompile) on project bcel: Compilation failure: Compilation failure: 
[ERROR] /home/tasfia/Desktop/OE25-DEV/projects_decomposed/bcel/src/test/java/org/apache/bcel/generic/GeneratingAnnotatedClassesTestCase_OE25Dev_bcel_left_76_1.java:[266,17] cannot find symbol
[ERROR]   symbol:   method assertMethodAnnotations(org.apache.bcel.classfile.Method,int,int)
[ERROR]   location: class org.apache.bcel.generic.GeneratingAnnotatedClassesTestCase_OE25Dev_bcel_left_76_1
[ERROR] /home/tasfia/Desktop/OE25-DEV/projects_decomposed/bcel/src/test/java/org/apache/bcel/generic/GeneratingAnnotatedClassesTestCase_OE25Dev_bcel_left_76_1.java:[271,17] cannot find symbol
[ERROR]   symbol:   method assertMethodAnnotations(org.apache.bcel.classfile.Method,int,int)
[ERROR]   location: class org.apache.bcel.generic.GeneratingAnnotatedClassesTestCase_OE25Dev_bcel_left_76_1
[ERROR] /home/tasfia/Desktop/OE25-DEV/projects_decomposed/bcel/src/test/java/org/apache/bcel/generic/GeneratingAnnotatedClassesTestCase_OE25Dev_bcel_left_76_1.java:[275,17] cannot find symbol
[ERROR]   symbol:   method assertMethodAnnotations(org.apache.bcel.classfile.Method,int,int)
[ERROR]   location: class org.apache.bcel.generic.GeneratingAnnotatedClassesTestCase_OE25Dev_bcel_left_76_1
[ERROR] -> [Help 1]
[ERROR] 
[ERROR] To see the full stack trace of the errors, re-run Maven with the -e switch.
[ERROR] Re-run Maven using the -X switch to enable full debug logging.
[ERROR] 
[ERROR] For more information about the errors and possible solutions, please read the following articles:
[ERROR] [Help 1] http://cwiki.apache.org/confluence/display/MAVEN/MojoFailureException
