[ERROR] COMPILATION ERROR : 
[ERROR] /home/tasfia/Desktop/OE25-DEV/projects_decomposed/commons-net/src/test/java/org/apache/commons/net/ftp/parser/VMSFTPEntryParserTest_OE25Dev_net_left_271_1.java:[97,9] cannot find symbol
  symbol:   method assertFileInListing(org.apache.commons.net.ftp.FTPFile[],java.lang.String)
  location: class org.apache.commons.net.ftp.parser.VMSFTPEntryParserTest_OE25Dev_net_left_271_1
[ERROR] /home/tasfia/Desktop/OE25-DEV/projects_decomposed/commons-net/src/test/java/org/apache/commons/net/ftp/parser/VMSFTPEntryParserTest_OE25Dev_net_left_271_1.java:[98,9] cannot find symbol
  symbol:   method assertFileInListing(org.apache.commons.net.ftp.FTPFile[],java.lang.String)
  location: class org.apache.commons.net.ftp.parser.VMSFTPEntryParserTest_OE25Dev_net_left_271_1
[ERROR] /home/tasfia/Desktop/OE25-DEV/projects_decomposed/commons-net/src/test/java/org/apache/commons/net/ftp/parser/VMSFTPEntryParserTest_OE25Dev_net_left_271_1.java:[99,9] cannot find symbol
  symbol:   method assertFileInListing(org.apache.commons.net.ftp.FTPFile[],java.lang.String)
  location: class org.apache.commons.net.ftp.parser.VMSFTPEntryParserTest_OE25Dev_net_left_271_1
[ERROR] /home/tasfia/Desktop/OE25-DEV/projects_decomposed/commons-net/src/test/java/org/apache/commons/net/ftp/parser/VMSFTPEntryParserTest_OE25Dev_net_left_271_1.java:[114,9] cannot find symbol
  symbol:   method assertFileInListing(org.apache.commons.net.ftp.FTPFile[],java.lang.String)
  location: class org.apache.commons.net.ftp.parser.VMSFTPEntryParserTest_OE25Dev_net_left_271_1
[ERROR] /home/tasfia/Desktop/OE25-DEV/projects_decomposed/commons-net/src/test/java/org/apache/commons/net/ftp/parser/VMSFTPEntryParserTest_OE25Dev_net_left_271_1.java:[115,9] cannot find symbol
  symbol:   method assertFileInListing(org.apache.commons.net.ftp.FTPFile[],java.lang.String)
  location: class org.apache.commons.net.ftp.parser.VMSFTPEntryParserTest_OE25Dev_net_left_271_1
[ERROR] /home/tasfia/Desktop/OE25-DEV/projects_decomposed/commons-net/src/test/java/org/apache/commons/net/ftp/parser/VMSFTPEntryParserTest_OE25Dev_net_left_271_1.java:[116,9] cannot find symbol
  symbol:   method assertFileInListing(org.apache.commons.net.ftp.FTPFile[],java.lang.String)
  location: class org.apache.commons.net.ftp.parser.VMSFTPEntryParserTest_OE25Dev_net_left_271_1
[ERROR] Failed to execute goal org.apache.maven.plugins:maven-compiler-plugin:3.8.1:testCompile (default-testCompile) on project commons-net: Compilation failure: Compilation failure: 
[ERROR] /home/tasfia/Desktop/OE25-DEV/projects_decomposed/commons-net/src/test/java/org/apache/commons/net/ftp/parser/VMSFTPEntryParserTest_OE25Dev_net_left_271_1.java:[97,9] cannot find symbol
[ERROR]   symbol:   method assertFileInListing(org.apache.commons.net.ftp.FTPFile[],java.lang.String)
[ERROR]   location: class org.apache.commons.net.ftp.parser.VMSFTPEntryParserTest_OE25Dev_net_left_271_1
[ERROR] /home/tasfia/Desktop/OE25-DEV/projects_decomposed/commons-net/src/test/java/org/apache/commons/net/ftp/parser/VMSFTPEntryParserTest_OE25Dev_net_left_271_1.java:[98,9] cannot find symbol
[ERROR]   symbol:   method assertFileInListing(org.apache.commons.net.ftp.FTPFile[],java.lang.String)
[ERROR]   location: class org.apache.commons.net.ftp.parser.VMSFTPEntryParserTest_OE25Dev_net_left_271_1
[ERROR] /home/tasfia/Desktop/OE25-DEV/projects_decomposed/commons-net/src/test/java/org/apache/commons/net/ftp/parser/VMSFTPEntryParserTest_OE25Dev_net_left_271_1.java:[99,9] cannot find symbol
[ERROR]   symbol:   method assertFileInListing(org.apache.commons.net.ftp.FTPFile[],java.lang.String)
[ERROR]   location: class org.apache.commons.net.ftp.parser.VMSFTPEntryParserTest_OE25Dev_net_left_271_1
[ERROR] /home/tasfia/Desktop/OE25-DEV/projects_decomposed/commons-net/src/test/java/org/apache/commons/net/ftp/parser/VMSFTPEntryParserTest_OE25Dev_net_left_271_1.java:[114,9] cannot find symbol
[ERROR]   symbol:   method assertFileInListing(org.apache.commons.net.ftp.FTPFile[],java.lang.String)
[ERROR]   location: class org.apache.commons.net.ftp.parser.VMSFTPEntryParserTest_OE25Dev_net_left_271_1
[ERROR] /home/tasfia/Desktop/OE25-DEV/projects_decomposed/commons-net/src/test/java/org/apache/commons/net/ftp/parser/VMSFTPEntryParserTest_OE25Dev_net_left_271_1.java:[115,9] cannot find symbol
[ERROR]   symbol:   method assertFileInListing(org.apache.commons.net.ftp.FTPFile[],java.lang.String)
[ERROR]   location: class org.apache.commons.net.ftp.parser.VMSFTPEntryParserTest_OE25Dev_net_left_271_1
[ERROR] /home/tasfia/Desktop/OE25-DEV/projects_decomposed/commons-net/src/test/java/org/apache/commons/net/ftp/parser/VMSFTPEntryParserTest_OE25Dev_net_left_271_1.java:[116,9] cannot find symbol
[ERROR]   symbol:   method assertFileInListing(org.apache.commons.net.ftp.FTPFile[],java.lang.String)
[ERROR]   location: class org.apache.commons.net.ftp.parser.VMSFTPEntryParserTest_OE25Dev_net_left_271_1
[ERROR] -> [Help 1]
[ERROR] 
[ERROR] To see the full stack trace of the errors, re-run Maven with the -e switch.
[ERROR] Re-run Maven using the -X switch to enable full debug logging.
[ERROR] 
[ERROR] For more information about the errors and possible solutions, please read the following articles:
[ERROR] [Help 1] http://cwiki.apache.org/confluence/display/MAVEN/MojoFailureException
