[ERROR] COMPILATION ERROR : 
[ERROR] /home/tasfia/Desktop/OE25-DEV/projects_decomposed/commons-net/src/test/java/org/apache/commons/net/ftp/parser/FTPTimestampParserImplTest_OE25Dev_net_left_219_1.java:[280,9] cannot find symbol
  symbol:   method checkShortParse(java.lang.String,java.util.GregorianCalendar,java.util.GregorianCalendar)
  location: class org.apache.commons.net.ftp.parser.FTPTimestampParserImplTest_OE25Dev_net_left_219_1
[ERROR] /home/tasfia/Desktop/OE25-DEV/projects_decomposed/commons-net/src/test/java/org/apache/commons/net/ftp/parser/FTPTimestampParserImplTest_OE25Dev_net_left_219_1.java:[283,9] cannot find symbol
  symbol:   method checkShortParse(java.lang.String,java.util.GregorianCalendar,java.util.GregorianCalendar)
  location: class org.apache.commons.net.ftp.parser.FTPTimestampParserImplTest_OE25Dev_net_left_219_1
[ERROR] /home/tasfia/Desktop/OE25-DEV/projects_decomposed/commons-net/src/test/java/org/apache/commons/net/ftp/parser/FTPTimestampParserImplTest_OE25Dev_net_left_219_1.java:[285,9] cannot find symbol
  symbol:   method checkShortParse(java.lang.String,java.util.GregorianCalendar,java.util.GregorianCalendar)
  location: class org.apache.commons.net.ftp.parser.FTPTimestampParserImplTest_OE25Dev_net_left_219_1
[ERROR] /home/tasfia/Desktop/OE25-DEV/projects_decomposed/commons-net/src/test/java/org/apache/commons/net/ftp/parser/FTPTimestampParserImplTest_OE25Dev_net_left_219_1.java:[287,9] cannot find symbol
  symbol:   method checkShortParse(java.lang.String,java.util.GregorianCalendar,java.util.GregorianCalendar)
  location: class org.apache.commons.net.ftp.parser.FTPTimestampParserImplTest_OE25Dev_net_left_219_1
[ERROR] /home/tasfia/Desktop/OE25-DEV/projects_decomposed/commons-net/src/test/java/org/apache/commons/net/ftp/parser/FTPTimestampParserImplTest_OE25Dev_net_left_219_1.java:[292,9] cannot find symbol
  symbol:   method checkShortParse(java.lang.String,java.util.GregorianCalendar,java.util.GregorianCalendar)
  location: class org.apache.commons.net.ftp.parser.FTPTimestampParserImplTest_OE25Dev_net_left_219_1
[ERROR] /home/tasfia/Desktop/OE25-DEV/projects_decomposed/commons-net/src/test/java/org/apache/commons/net/ftp/parser/FTPTimestampParserImplTest_OE25Dev_net_left_219_1.java:[295,9] cannot find symbol
  symbol:   method checkShortParse(java.lang.String,java.util.GregorianCalendar,java.util.GregorianCalendar)
  location: class org.apache.commons.net.ftp.parser.FTPTimestampParserImplTest_OE25Dev_net_left_219_1
[ERROR] /home/tasfia/Desktop/OE25-DEV/projects_decomposed/commons-net/src/test/java/org/apache/commons/net/ftp/parser/FTPTimestampParserImplTest_OE25Dev_net_left_219_1.java:[297,9] cannot find symbol
  symbol:   method checkShortParse(java.lang.String,java.util.GregorianCalendar,java.util.GregorianCalendar)
  location: class org.apache.commons.net.ftp.parser.FTPTimestampParserImplTest_OE25Dev_net_left_219_1
[ERROR] /home/tasfia/Desktop/OE25-DEV/projects_decomposed/commons-net/src/test/java/org/apache/commons/net/ftp/parser/FTPTimestampParserImplTest_OE25Dev_net_left_219_1.java:[299,9] cannot find symbol
  symbol:   method checkShortParse(java.lang.String,java.util.GregorianCalendar,java.util.GregorianCalendar)
  location: class org.apache.commons.net.ftp.parser.FTPTimestampParserImplTest_OE25Dev_net_left_219_1
[ERROR] /home/tasfia/Desktop/OE25-DEV/projects_decomposed/commons-net/src/test/java/org/apache/commons/net/ftp/parser/FTPTimestampParserImplTest_OE25Dev_net_left_219_1.java:[306,9] cannot find symbol
  symbol:   method checkShortParse(java.lang.String,java.util.GregorianCalendar,java.util.GregorianCalendar)
  location: class org.apache.commons.net.ftp.parser.FTPTimestampParserImplTest_OE25Dev_net_left_219_1
[ERROR] /home/tasfia/Desktop/OE25-DEV/projects_decomposed/commons-net/src/test/java/org/apache/commons/net/ftp/parser/FTPTimestampParserImplTest_OE25Dev_net_left_219_1.java:[309,9] cannot find symbol
  symbol:   method checkShortParse(java.lang.String,java.util.GregorianCalendar,java.util.GregorianCalendar,boolean)
  location: class org.apache.commons.net.ftp.parser.FTPTimestampParserImplTest_OE25Dev_net_left_219_1
[ERROR] /home/tasfia/Desktop/OE25-DEV/projects_decomposed/commons-net/src/test/java/org/apache/commons/net/ftp/parser/FTPTimestampParserImplTest_OE25Dev_net_left_219_1.java:[311,13] cannot find symbol
  symbol:   method checkShortParse(java.lang.String,java.util.GregorianCalendar,java.util.GregorianCalendar,boolean)
  location: class org.apache.commons.net.ftp.parser.FTPTimestampParserImplTest_OE25Dev_net_left_219_1
[ERROR] /home/tasfia/Desktop/OE25-DEV/projects_decomposed/commons-net/src/test/java/org/apache/commons/net/ftp/parser/FTPTimestampParserImplTest_OE25Dev_net_left_219_1.java:[328,9] cannot find symbol
  symbol:   method checkShortParse(java.lang.String,java.util.GregorianCalendar,java.util.GregorianCalendar)
  location: class org.apache.commons.net.ftp.parser.FTPTimestampParserImplTest_OE25Dev_net_left_219_1
[ERROR] /home/tasfia/Desktop/OE25-DEV/projects_decomposed/commons-net/src/test/java/org/apache/commons/net/ftp/parser/FTPTimestampParserImplTest_OE25Dev_net_left_219_1.java:[331,9] cannot find symbol
  symbol:   method checkShortParse(java.lang.String,java.util.GregorianCalendar,java.util.GregorianCalendar,boolean)
  location: class org.apache.commons.net.ftp.parser.FTPTimestampParserImplTest_OE25Dev_net_left_219_1
[ERROR] /home/tasfia/Desktop/OE25-DEV/projects_decomposed/commons-net/src/test/java/org/apache/commons/net/ftp/parser/FTPTimestampParserImplTest_OE25Dev_net_left_219_1.java:[333,13] cannot find symbol
  symbol:   method checkShortParse(java.lang.String,java.util.GregorianCalendar,java.util.GregorianCalendar,boolean)
  location: class org.apache.commons.net.ftp.parser.FTPTimestampParserImplTest_OE25Dev_net_left_219_1
[ERROR] /home/tasfia/Desktop/OE25-DEV/projects_decomposed/commons-net/src/test/java/org/apache/commons/net/ftp/parser/FTPTimestampParserImplTest_OE25Dev_net_left_219_1.java:[357,13] cannot find symbol
  symbol:   method checkShortParse(java.lang.String,java.util.GregorianCalendar,java.util.GregorianCalendar)
  location: class org.apache.commons.net.ftp.parser.FTPTimestampParserImplTest_OE25Dev_net_left_219_1
[ERROR] /home/tasfia/Desktop/OE25-DEV/projects_decomposed/commons-net/src/test/java/org/apache/commons/net/ftp/parser/FTPTimestampParserImplTest_OE25Dev_net_left_219_1.java:[367,9] cannot find symbol
  symbol:   method checkShortParse(java.lang.String,java.util.GregorianCalendar,java.util.GregorianCalendar)
  location: class org.apache.commons.net.ftp.parser.FTPTimestampParserImplTest_OE25Dev_net_left_219_1
[ERROR] /home/tasfia/Desktop/OE25-DEV/projects_decomposed/commons-net/src/test/java/org/apache/commons/net/ftp/parser/FTPTimestampParserImplTest_OE25Dev_net_left_219_1.java:[373,9] cannot find symbol
  symbol:   method checkShortParse(java.lang.String,java.util.GregorianCalendar,java.util.GregorianCalendar)
  location: class org.apache.commons.net.ftp.parser.FTPTimestampParserImplTest_OE25Dev_net_left_219_1
[ERROR] /home/tasfia/Desktop/OE25-DEV/projects_decomposed/commons-net/src/test/java/org/apache/commons/net/ftp/parser/FTPTimestampParserImplTest_OE25Dev_net_left_219_1.java:[380,9] cannot find symbol
  symbol:   method checkShortParse(java.lang.String,java.util.GregorianCalendar,java.util.GregorianCalendar)
  location: class org.apache.commons.net.ftp.parser.FTPTimestampParserImplTest_OE25Dev_net_left_219_1
[ERROR] /home/tasfia/Desktop/OE25-DEV/projects_decomposed/commons-net/src/test/java/org/apache/commons/net/ftp/parser/FTPTimestampParserImplTest_OE25Dev_net_left_219_1.java:[388,9] cannot find symbol
  symbol:   method checkShortParse(java.lang.String,java.util.GregorianCalendar,java.util.GregorianCalendar,boolean)
  location: class org.apache.commons.net.ftp.parser.FTPTimestampParserImplTest_OE25Dev_net_left_219_1
[ERROR] /home/tasfia/Desktop/OE25-DEV/projects_decomposed/commons-net/src/test/java/org/apache/commons/net/ftp/parser/FTPTimestampParserImplTest_OE25Dev_net_left_219_1.java:[398,13] cannot find symbol
  symbol:   method checkShortParse(java.lang.String,java.util.GregorianCalendar,java.util.GregorianCalendar,java.util.GregorianCalendar,boolean)
  location: class org.apache.commons.net.ftp.parser.FTPTimestampParserImplTest_OE25Dev_net_left_219_1
[ERROR] /home/tasfia/Desktop/OE25-DEV/projects_decomposed/commons-net/src/test/java/org/apache/commons/net/ftp/parser/FTPTimestampParserImplTest_OE25Dev_net_left_219_1.java:[404,13] cannot find symbol
  symbol:   method checkShortParse(java.lang.String,java.util.GregorianCalendar,java.util.GregorianCalendar,java.util.GregorianCalendar,boolean)
  location: class org.apache.commons.net.ftp.parser.FTPTimestampParserImplTest_OE25Dev_net_left_219_1
[ERROR] /home/tasfia/Desktop/OE25-DEV/projects_decomposed/commons-net/src/test/java/org/apache/commons/net/ftp/parser/FTPTimestampParserImplTest_OE25Dev_net_left_219_1.java:[417,9] cannot find symbol
  symbol:   method checkShortParse(java.lang.String,java.util.GregorianCalendar,java.util.GregorianCalendar,java.util.GregorianCalendar)
  location: class org.apache.commons.net.ftp.parser.FTPTimestampParserImplTest_OE25Dev_net_left_219_1
[ERROR] /home/tasfia/Desktop/OE25-DEV/projects_decomposed/commons-net/src/test/java/org/apache/commons/net/ftp/parser/FTPTimestampParserImplTest_OE25Dev_net_left_219_1.java:[422,9] cannot find symbol
  symbol:   method checkShortParse(java.lang.String,java.util.GregorianCalendar,java.util.GregorianCalendar)
  location: class org.apache.commons.net.ftp.parser.FTPTimestampParserImplTest_OE25Dev_net_left_219_1
[ERROR] /home/tasfia/Desktop/OE25-DEV/projects_decomposed/commons-net/src/test/java/org/apache/commons/net/ftp/parser/FTPTimestampParserImplTest_OE25Dev_net_left_219_1.java:[425,9] cannot find symbol
  symbol:   method checkShortParse(java.lang.String,java.util.GregorianCalendar,java.util.GregorianCalendar,boolean)
  location: class org.apache.commons.net.ftp.parser.FTPTimestampParserImplTest_OE25Dev_net_left_219_1
[ERROR] /home/tasfia/Desktop/OE25-DEV/projects_decomposed/commons-net/src/test/java/org/apache/commons/net/ftp/parser/FTPTimestampParserImplTest_OE25Dev_net_left_219_1.java:[430,9] cannot find symbol
  symbol:   method checkShortParse(java.lang.String,java.util.GregorianCalendar,java.util.GregorianCalendar)
  location: class org.apache.commons.net.ftp.parser.FTPTimestampParserImplTest_OE25Dev_net_left_219_1
[ERROR] /home/tasfia/Desktop/OE25-DEV/projects_decomposed/commons-net/src/test/java/org/apache/commons/net/ftp/parser/FTPTimestampParserImplTest_OE25Dev_net_left_219_1.java:[433,9] cannot find symbol
  symbol:   method checkShortParse(java.lang.String,java.util.GregorianCalendar,java.util.GregorianCalendar,boolean)
  location: class org.apache.commons.net.ftp.parser.FTPTimestampParserImplTest_OE25Dev_net_left_219_1
[ERROR] /home/tasfia/Desktop/OE25-DEV/projects_decomposed/commons-net/src/test/java/org/apache/commons/net/ftp/parser/FTPTimestampParserImplTest_OE25Dev_net_left_219_1.java:[438,9] cannot find symbol
  symbol:   method checkShortParse(java.lang.String,java.util.GregorianCalendar,java.util.GregorianCalendar)
  location: class org.apache.commons.net.ftp.parser.FTPTimestampParserImplTest_OE25Dev_net_left_219_1
[ERROR] /home/tasfia/Desktop/OE25-DEV/projects_decomposed/commons-net/src/test/java/org/apache/commons/net/ftp/parser/FTPTimestampParserImplTest_OE25Dev_net_left_219_1.java:[440,9] cannot find symbol
  symbol:   method checkShortParse(java.lang.String,java.util.GregorianCalendar,java.util.GregorianCalendar,boolean)
  location: class org.apache.commons.net.ftp.parser.FTPTimestampParserImplTest_OE25Dev_net_left_219_1
[ERROR] /home/tasfia/Desktop/OE25-DEV/projects_decomposed/commons-net/src/test/java/org/apache/commons/net/ftp/parser/FTPTimestampParserImplTest_OE25Dev_net_left_219_1.java:[441,9] cannot find symbol
  symbol:   method checkShortParse(java.lang.String,java.util.GregorianCalendar,java.util.GregorianCalendar,boolean)
  location: class org.apache.commons.net.ftp.parser.FTPTimestampParserImplTest_OE25Dev_net_left_219_1
[ERROR] Failed to execute goal org.apache.maven.plugins:maven-compiler-plugin:3.8.1:testCompile (default-testCompile) on project commons-net: Compilation failure: Compilation failure: 
[ERROR] /home/tasfia/Desktop/OE25-DEV/projects_decomposed/commons-net/src/test/java/org/apache/commons/net/ftp/parser/FTPTimestampParserImplTest_OE25Dev_net_left_219_1.java:[280,9] cannot find symbol
[ERROR]   symbol:   method checkShortParse(java.lang.String,java.util.GregorianCalendar,java.util.GregorianCalendar)
[ERROR]   location: class org.apache.commons.net.ftp.parser.FTPTimestampParserImplTest_OE25Dev_net_left_219_1
[ERROR] /home/tasfia/Desktop/OE25-DEV/projects_decomposed/commons-net/src/test/java/org/apache/commons/net/ftp/parser/FTPTimestampParserImplTest_OE25Dev_net_left_219_1.java:[283,9] cannot find symbol
[ERROR]   symbol:   method checkShortParse(java.lang.String,java.util.GregorianCalendar,java.util.GregorianCalendar)
[ERROR]   location: class org.apache.commons.net.ftp.parser.FTPTimestampParserImplTest_OE25Dev_net_left_219_1
[ERROR] /home/tasfia/Desktop/OE25-DEV/projects_decomposed/commons-net/src/test/java/org/apache/commons/net/ftp/parser/FTPTimestampParserImplTest_OE25Dev_net_left_219_1.java:[285,9] cannot find symbol
[ERROR]   symbol:   method checkShortParse(java.lang.String,java.util.GregorianCalendar,java.util.GregorianCalendar)
[ERROR]   location: class org.apache.commons.net.ftp.parser.FTPTimestampParserImplTest_OE25Dev_net_left_219_1
[ERROR] /home/tasfia/Desktop/OE25-DEV/projects_decomposed/commons-net/src/test/java/org/apache/commons/net/ftp/parser/FTPTimestampParserImplTest_OE25Dev_net_left_219_1.java:[287,9] cannot find symbol
[ERROR]   symbol:   method checkShortParse(java.lang.String,java.util.GregorianCalendar,java.util.GregorianCalendar)
[ERROR]   location: class org.apache.commons.net.ftp.parser.FTPTimestampParserImplTest_OE25Dev_net_left_219_1
[ERROR] /home/tasfia/Desktop/OE25-DEV/projects_decomposed/commons-net/src/test/java/org/apache/commons/net/ftp/parser/FTPTimestampParserImplTest_OE25Dev_net_left_219_1.java:[292,9] cannot find symbol
[ERROR]   symbol:   method checkShortParse(java.lang.String,java.util.GregorianCalendar,java.util.GregorianCalendar)
[ERROR]   location: class org.apache.commons.net.ftp.parser.FTPTimestampParserImplTest_OE25Dev_net_left_219_1
[ERROR] /home/tasfia/Desktop/OE25-DEV/projects_decomposed/commons-net/src/test/java/org/apache/commons/net/ftp/parser/FTPTimestampParserImplTest_OE25Dev_net_left_219_1.java:[295,9] cannot find symbol
[ERROR]   symbol:   method checkShortParse(java.lang.String,java.util.GregorianCalendar,java.util.GregorianCalendar)
[ERROR]   location: class org.apache.commons.net.ftp.parser.FTPTimestampParserImplTest_OE25Dev_net_left_219_1
[ERROR] /home/tasfia/Desktop/OE25-DEV/projects_decomposed/commons-net/src/test/java/org/apache/commons/net/ftp/parser/FTPTimestampParserImplTest_OE25Dev_net_left_219_1.java:[297,9] cannot find symbol
[ERROR]   symbol:   method checkShortParse(java.lang.String,java.util.GregorianCalendar,java.util.GregorianCalendar)
[ERROR]   location: class org.apache.commons.net.ftp.parser.FTPTimestampParserImplTest_OE25Dev_net_left_219_1
[ERROR] /home/tasfia/Desktop/OE25-DEV/projects_decomposed/commons-net/src/test/java/org/apache/commons/net/ftp/parser/FTPTimestampParserImplTest_OE25Dev_net_left_219_1.java:[299,9] cannot find symbol
[ERROR]   symbol:   method checkShortParse(java.lang.String,java.util.GregorianCalendar,java.util.GregorianCalendar)
[ERROR]   location: class org.apache.commons.net.ftp.parser.FTPTimestampParserImplTest_OE25Dev_net_left_219_1
[ERROR] /home/tasfia/Desktop/OE25-DEV/projects_decomposed/commons-net/src/test/java/org/apache/commons/net/ftp/parser/FTPTimestampParserImplTest_OE25Dev_net_left_219_1.java:[306,9] cannot find symbol
[ERROR]   symbol:   method checkShortParse(java.lang.String,java.util.GregorianCalendar,java.util.GregorianCalendar)
[ERROR]   location: class org.apache.commons.net.ftp.parser.FTPTimestampParserImplTest_OE25Dev_net_left_219_1
[ERROR] /home/tasfia/Desktop/OE25-DEV/projects_decomposed/commons-net/src/test/java/org/apache/commons/net/ftp/parser/FTPTimestampParserImplTest_OE25Dev_net_left_219_1.java:[309,9] cannot find symbol
[ERROR]   symbol:   method checkShortParse(java.lang.String,java.util.GregorianCalendar,java.util.GregorianCalendar,boolean)
[ERROR]   location: class org.apache.commons.net.ftp.parser.FTPTimestampParserImplTest_OE25Dev_net_left_219_1
[ERROR] /home/tasfia/Desktop/OE25-DEV/projects_decomposed/commons-net/src/test/java/org/apache/commons/net/ftp/parser/FTPTimestampParserImplTest_OE25Dev_net_left_219_1.java:[311,13] cannot find symbol
[ERROR]   symbol:   method checkShortParse(java.lang.String,java.util.GregorianCalendar,java.util.GregorianCalendar,boolean)
[ERROR]   location: class org.apache.commons.net.ftp.parser.FTPTimestampParserImplTest_OE25Dev_net_left_219_1
[ERROR] /home/tasfia/Desktop/OE25-DEV/projects_decomposed/commons-net/src/test/java/org/apache/commons/net/ftp/parser/FTPTimestampParserImplTest_OE25Dev_net_left_219_1.java:[328,9] cannot find symbol
[ERROR]   symbol:   method checkShortParse(java.lang.String,java.util.GregorianCalendar,java.util.GregorianCalendar)
[ERROR]   location: class org.apache.commons.net.ftp.parser.FTPTimestampParserImplTest_OE25Dev_net_left_219_1
[ERROR] /home/tasfia/Desktop/OE25-DEV/projects_decomposed/commons-net/src/test/java/org/apache/commons/net/ftp/parser/FTPTimestampParserImplTest_OE25Dev_net_left_219_1.java:[331,9] cannot find symbol
[ERROR]   symbol:   method checkShortParse(java.lang.String,java.util.GregorianCalendar,java.util.GregorianCalendar,boolean)
[ERROR]   location: class org.apache.commons.net.ftp.parser.FTPTimestampParserImplTest_OE25Dev_net_left_219_1
[ERROR] /home/tasfia/Desktop/OE25-DEV/projects_decomposed/commons-net/src/test/java/org/apache/commons/net/ftp/parser/FTPTimestampParserImplTest_OE25Dev_net_left_219_1.java:[333,13] cannot find symbol
[ERROR]   symbol:   method checkShortParse(java.lang.String,java.util.GregorianCalendar,java.util.GregorianCalendar,boolean)
[ERROR]   location: class org.apache.commons.net.ftp.parser.FTPTimestampParserImplTest_OE25Dev_net_left_219_1
[ERROR] /home/tasfia/Desktop/OE25-DEV/projects_decomposed/commons-net/src/test/java/org/apache/commons/net/ftp/parser/FTPTimestampParserImplTest_OE25Dev_net_left_219_1.java:[357,13] cannot find symbol
[ERROR]   symbol:   method checkShortParse(java.lang.String,java.util.GregorianCalendar,java.util.GregorianCalendar)
[ERROR]   location: class org.apache.commons.net.ftp.parser.FTPTimestampParserImplTest_OE25Dev_net_left_219_1
[ERROR] /home/tasfia/Desktop/OE25-DEV/projects_decomposed/commons-net/src/test/java/org/apache/commons/net/ftp/parser/FTPTimestampParserImplTest_OE25Dev_net_left_219_1.java:[367,9] cannot find symbol
[ERROR]   symbol:   method checkShortParse(java.lang.String,java.util.GregorianCalendar,java.util.GregorianCalendar)
[ERROR]   location: class org.apache.commons.net.ftp.parser.FTPTimestampParserImplTest_OE25Dev_net_left_219_1
[ERROR] /home/tasfia/Desktop/OE25-DEV/projects_decomposed/commons-net/src/test/java/org/apache/commons/net/ftp/parser/FTPTimestampParserImplTest_OE25Dev_net_left_219_1.java:[373,9] cannot find symbol
[ERROR]   symbol:   method checkShortParse(java.lang.String,java.util.GregorianCalendar,java.util.GregorianCalendar)
[ERROR]   location: class org.apache.commons.net.ftp.parser.FTPTimestampParserImplTest_OE25Dev_net_left_219_1
[ERROR] /home/tasfia/Desktop/OE25-DEV/projects_decomposed/commons-net/src/test/java/org/apache/commons/net/ftp/parser/FTPTimestampParserImplTest_OE25Dev_net_left_219_1.java:[380,9] cannot find symbol
[ERROR]   symbol:   method checkShortParse(java.lang.String,java.util.GregorianCalendar,java.util.GregorianCalendar)
[ERROR]   location: class org.apache.commons.net.ftp.parser.FTPTimestampParserImplTest_OE25Dev_net_left_219_1
[ERROR] /home/tasfia/Desktop/OE25-DEV/projects_decomposed/commons-net/src/test/java/org/apache/commons/net/ftp/parser/FTPTimestampParserImplTest_OE25Dev_net_left_219_1.java:[388,9] cannot find symbol
[ERROR]   symbol:   method checkShortParse(java.lang.String,java.util.GregorianCalendar,java.util.GregorianCalendar,boolean)
[ERROR]   location: class org.apache.commons.net.ftp.parser.FTPTimestampParserImplTest_OE25Dev_net_left_219_1
[ERROR] /home/tasfia/Desktop/OE25-DEV/projects_decomposed/commons-net/src/test/java/org/apache/commons/net/ftp/parser/FTPTimestampParserImplTest_OE25Dev_net_left_219_1.java:[398,13] cannot find symbol
[ERROR]   symbol:   method checkShortParse(java.lang.String,java.util.GregorianCalendar,java.util.GregorianCalendar,java.util.GregorianCalendar,boolean)
[ERROR]   location: class org.apache.commons.net.ftp.parser.FTPTimestampParserImplTest_OE25Dev_net_left_219_1
[ERROR] /home/tasfia/Desktop/OE25-DEV/projects_decomposed/commons-net/src/test/java/org/apache/commons/net/ftp/parser/FTPTimestampParserImplTest_OE25Dev_net_left_219_1.java:[404,13] cannot find symbol
[ERROR]   symbol:   method checkShortParse(java.lang.String,java.util.GregorianCalendar,java.util.GregorianCalendar,java.util.GregorianCalendar,boolean)
[ERROR]   location: class org.apache.commons.net.ftp.parser.FTPTimestampParserImplTest_OE25Dev_net_left_219_1
[ERROR] /home/tasfia/Desktop/OE25-DEV/projects_decomposed/commons-net/src/test/java/org/apache/commons/net/ftp/parser/FTPTimestampParserImplTest_OE25Dev_net_left_219_1.java:[417,9] cannot find symbol
[ERROR]   symbol:   method checkShortParse(java.lang.String,java.util.GregorianCalendar,java.util.GregorianCalendar,java.util.GregorianCalendar)
[ERROR]   location: class org.apache.commons.net.ftp.parser.FTPTimestampParserImplTest_OE25Dev_net_left_219_1
[ERROR] /home/tasfia/Desktop/OE25-DEV/projects_decomposed/commons-net/src/test/java/org/apache/commons/net/ftp/parser/FTPTimestampParserImplTest_OE25Dev_net_left_219_1.java:[422,9] cannot find symbol
[ERROR]   symbol:   method checkShortParse(java.lang.String,java.util.GregorianCalendar,java.util.GregorianCalendar)
[ERROR]   location: class org.apache.commons.net.ftp.parser.FTPTimestampParserImplTest_OE25Dev_net_left_219_1
[ERROR] /home/tasfia/Desktop/OE25-DEV/projects_decomposed/commons-net/src/test/java/org/apache/commons/net/ftp/parser/FTPTimestampParserImplTest_OE25Dev_net_left_219_1.java:[425,9] cannot find symbol
[ERROR]   symbol:   method checkShortParse(java.lang.String,java.util.GregorianCalendar,java.util.GregorianCalendar,boolean)
[ERROR]   location: class org.apache.commons.net.ftp.parser.FTPTimestampParserImplTest_OE25Dev_net_left_219_1
[ERROR] /home/tasfia/Desktop/OE25-DEV/projects_decomposed/commons-net/src/test/java/org/apache/commons/net/ftp/parser/FTPTimestampParserImplTest_OE25Dev_net_left_219_1.java:[430,9] cannot find symbol
[ERROR]   symbol:   method checkShortParse(java.lang.String,java.util.GregorianCalendar,java.util.GregorianCalendar)
[ERROR]   location: class org.apache.commons.net.ftp.parser.FTPTimestampParserImplTest_OE25Dev_net_left_219_1
[ERROR] /home/tasfia/Desktop/OE25-DEV/projects_decomposed/commons-net/src/test/java/org/apache/commons/net/ftp/parser/FTPTimestampParserImplTest_OE25Dev_net_left_219_1.java:[433,9] cannot find symbol
[ERROR]   symbol:   method checkShortParse(java.lang.String,java.util.GregorianCalendar,java.util.GregorianCalendar,boolean)
[ERROR]   location: class org.apache.commons.net.ftp.parser.FTPTimestampParserImplTest_OE25Dev_net_left_219_1
[ERROR] /home/tasfia/Desktop/OE25-DEV/projects_decomposed/commons-net/src/test/java/org/apache/commons/net/ftp/parser/FTPTimestampParserImplTest_OE25Dev_net_left_219_1.java:[438,9] cannot find symbol
[ERROR]   symbol:   method checkShortParse(java.lang.String,java.util.GregorianCalendar,java.util.GregorianCalendar)
[ERROR]   location: class org.apache.commons.net.ftp.parser.FTPTimestampParserImplTest_OE25Dev_net_left_219_1
[ERROR] /home/tasfia/Desktop/OE25-DEV/projects_decomposed/commons-net/src/test/java/org/apache/commons/net/ftp/parser/FTPTimestampParserImplTest_OE25Dev_net_left_219_1.java:[440,9] cannot find symbol
[ERROR]   symbol:   method checkShortParse(java.lang.String,java.util.GregorianCalendar,java.util.GregorianCalendar,boolean)
[ERROR]   location: class org.apache.commons.net.ftp.parser.FTPTimestampParserImplTest_OE25Dev_net_left_219_1
[ERROR] /home/tasfia/Desktop/OE25-DEV/projects_decomposed/commons-net/src/test/java/org/apache/commons/net/ftp/parser/FTPTimestampParserImplTest_OE25Dev_net_left_219_1.java:[441,9] cannot find symbol
[ERROR]   symbol:   method checkShortParse(java.lang.String,java.util.GregorianCalendar,java.util.GregorianCalendar,boolean)
[ERROR]   location: class org.apache.commons.net.ftp.parser.FTPTimestampParserImplTest_OE25Dev_net_left_219_1
[ERROR] -> [Help 1]
[ERROR] 
[ERROR] To see the full stack trace of the errors, re-run Maven with the -e switch.
[ERROR] Re-run Maven using the -X switch to enable full debug logging.
[ERROR] 
[ERROR] For more information about the errors and possible solutions, please read the following articles:
[ERROR] [Help 1] http://cwiki.apache.org/confluence/display/MAVEN/MojoFailureException
