[ERROR] COMPILATION ERROR : 
[ERROR] /home/tasfia/Desktop/OE25-DEV/projects_decomposed/commons-net/src/test/java/org/apache/commons/net/ftp/parser/DefaultFTPFileEntryParserFactoryTest_OE25Dev_net_left_248_2.java:[127,9] cannot find symbol
  symbol:   method checkParserClass(org.apache.commons.net.ftp.parser.DefaultFTPFileEntryParserFactory,<nulltype>,java.lang.Class<org.apache.commons.net.ftp.parser.UnixFTPEntryParser>)
  location: class org.apache.commons.net.ftp.parser.DefaultFTPFileEntryParserFactoryTest_OE25Dev_net_left_248_2
[ERROR] /home/tasfia/Desktop/OE25-DEV/projects_decomposed/commons-net/src/test/java/org/apache/commons/net/ftp/parser/DefaultFTPFileEntryParserFactoryTest_OE25Dev_net_left_248_2.java:[129,9] cannot find symbol
  symbol:   method checkParserClass(org.apache.commons.net.ftp.parser.DefaultFTPFileEntryParserFactory,java.lang.String,java.lang.Class<org.apache.commons.net.ftp.parser.OS400FTPEntryParser>)
  location: class org.apache.commons.net.ftp.parser.DefaultFTPFileEntryParserFactoryTest_OE25Dev_net_left_248_2
[ERROR] /home/tasfia/Desktop/OE25-DEV/projects_decomposed/commons-net/src/test/java/org/apache/commons/net/ftp/parser/DefaultFTPFileEntryParserFactoryTest_OE25Dev_net_left_248_2.java:[130,9] cannot find symbol
  symbol:   method checkParserClass(org.apache.commons.net.ftp.parser.DefaultFTPFileEntryParserFactory,java.lang.String,java.lang.Class<org.apache.commons.net.ftp.parser.CompositeFileEntryParser>)
  location: class org.apache.commons.net.ftp.parser.DefaultFTPFileEntryParserFactoryTest_OE25Dev_net_left_248_2
[ERROR] /home/tasfia/Desktop/OE25-DEV/projects_decomposed/commons-net/src/test/java/org/apache/commons/net/ftp/parser/DefaultFTPFileEntryParserFactoryTest_OE25Dev_net_left_248_2.java:[131,9] cannot find symbol
  symbol:   method checkParserClass(org.apache.commons.net.ftp.parser.DefaultFTPFileEntryParserFactory,java.lang.String,java.lang.Class<org.apache.commons.net.ftp.parser.UnixFTPEntryParser>)
  location: class org.apache.commons.net.ftp.parser.DefaultFTPFileEntryParserFactoryTest_OE25Dev_net_left_248_2
[ERROR] /home/tasfia/Desktop/OE25-DEV/projects_decomposed/commons-net/src/test/java/org/apache/commons/net/ftp/parser/DefaultFTPFileEntryParserFactoryTest_OE25Dev_net_left_248_2.java:[132,9] cannot find symbol
  symbol:   method checkParserClass(org.apache.commons.net.ftp.parser.DefaultFTPFileEntryParserFactory,java.lang.String,java.lang.Class<org.apache.commons.net.ftp.parser.MVSFTPEntryParser>)
  location: class org.apache.commons.net.ftp.parser.DefaultFTPFileEntryParserFactoryTest_OE25Dev_net_left_248_2
[ERROR] /home/tasfia/Desktop/OE25-DEV/projects_decomposed/commons-net/src/test/java/org/apache/commons/net/ftp/parser/DefaultFTPFileEntryParserFactoryTest_OE25Dev_net_left_248_2.java:[133,9] cannot find symbol
  symbol:   method checkParserClass(org.apache.commons.net.ftp.parser.DefaultFTPFileEntryParserFactory,java.lang.String,java.lang.Class<org.apache.commons.net.ftp.parser.NetwareFTPEntryParser>)
  location: class org.apache.commons.net.ftp.parser.DefaultFTPFileEntryParserFactoryTest_OE25Dev_net_left_248_2
[ERROR] /home/tasfia/Desktop/OE25-DEV/projects_decomposed/commons-net/src/test/java/org/apache/commons/net/ftp/parser/DefaultFTPFileEntryParserFactoryTest_OE25Dev_net_left_248_2.java:[134,9] cannot find symbol
  symbol:   method checkParserClass(org.apache.commons.net.ftp.parser.DefaultFTPFileEntryParserFactory,java.lang.String,java.lang.Class<org.apache.commons.net.ftp.parser.NTFTPEntryParser>)
  location: class org.apache.commons.net.ftp.parser.DefaultFTPFileEntryParserFactoryTest_OE25Dev_net_left_248_2
[ERROR] /home/tasfia/Desktop/OE25-DEV/projects_decomposed/commons-net/src/test/java/org/apache/commons/net/ftp/parser/DefaultFTPFileEntryParserFactoryTest_OE25Dev_net_left_248_2.java:[135,9] cannot find symbol
  symbol:   method checkParserClass(org.apache.commons.net.ftp.parser.DefaultFTPFileEntryParserFactory,java.lang.String,java.lang.Class<org.apache.commons.net.ftp.parser.OS2FTPEntryParser>)
  location: class org.apache.commons.net.ftp.parser.DefaultFTPFileEntryParserFactoryTest_OE25Dev_net_left_248_2
[ERROR] /home/tasfia/Desktop/OE25-DEV/projects_decomposed/commons-net/src/test/java/org/apache/commons/net/ftp/parser/DefaultFTPFileEntryParserFactoryTest_OE25Dev_net_left_248_2.java:[136,9] cannot find symbol
  symbol:   method checkParserClass(org.apache.commons.net.ftp.parser.DefaultFTPFileEntryParserFactory,java.lang.String,java.lang.Class<org.apache.commons.net.ftp.parser.UnixFTPEntryParser>)
  location: class org.apache.commons.net.ftp.parser.DefaultFTPFileEntryParserFactoryTest_OE25Dev_net_left_248_2
[ERROR] /home/tasfia/Desktop/OE25-DEV/projects_decomposed/commons-net/src/test/java/org/apache/commons/net/ftp/parser/DefaultFTPFileEntryParserFactoryTest_OE25Dev_net_left_248_2.java:[137,9] cannot find symbol
  symbol:   method checkParserClass(org.apache.commons.net.ftp.parser.DefaultFTPFileEntryParserFactory,java.lang.String,java.lang.Class<org.apache.commons.net.ftp.parser.VMSFTPEntryParser>)
  location: class org.apache.commons.net.ftp.parser.DefaultFTPFileEntryParserFactoryTest_OE25Dev_net_left_248_2
[ERROR] /home/tasfia/Desktop/OE25-DEV/projects_decomposed/commons-net/src/test/java/org/apache/commons/net/ftp/parser/DefaultFTPFileEntryParserFactoryTest_OE25Dev_net_left_248_2.java:[138,9] cannot find symbol
  symbol:   method checkParserClass(org.apache.commons.net.ftp.parser.DefaultFTPFileEntryParserFactory,java.lang.String,java.lang.Class<org.apache.commons.net.ftp.parser.MacOsPeterFTPEntryParser>)
  location: class org.apache.commons.net.ftp.parser.DefaultFTPFileEntryParserFactoryTest_OE25Dev_net_left_248_2
[ERROR] /home/tasfia/Desktop/OE25-DEV/projects_decomposed/commons-net/src/test/java/org/apache/commons/net/ftp/parser/DefaultFTPFileEntryParserFactoryTest_OE25Dev_net_left_248_2.java:[140,9] cannot find symbol
  symbol:   method checkParserClass(org.apache.commons.net.ftp.parser.DefaultFTPFileEntryParserFactory,java.lang.String,java.lang.Class<org.apache.commons.net.ftp.parser.NTFTPEntryParser>)
  location: class org.apache.commons.net.ftp.parser.DefaultFTPFileEntryParserFactoryTest_OE25Dev_net_left_248_2
[ERROR] /home/tasfia/Desktop/OE25-DEV/projects_decomposed/commons-net/src/test/java/org/apache/commons/net/ftp/parser/DefaultFTPFileEntryParserFactoryTest_OE25Dev_net_left_248_2.java:[142,9] cannot find symbol
  symbol:   method checkParserClass(org.apache.commons.net.ftp.parser.DefaultFTPFileEntryParserFactory,java.lang.String,java.lang.Class<org.apache.commons.net.ftp.parser.CompositeFileEntryParser>)
  location: class org.apache.commons.net.ftp.parser.DefaultFTPFileEntryParserFactoryTest_OE25Dev_net_left_248_2
[ERROR] /home/tasfia/Desktop/OE25-DEV/projects_decomposed/commons-net/src/test/java/org/apache/commons/net/ftp/parser/DefaultFTPFileEntryParserFactoryTest_OE25Dev_net_left_248_2.java:[144,9] cannot find symbol
  symbol:   method checkParserClass(org.apache.commons.net.ftp.parser.DefaultFTPFileEntryParserFactory,java.lang.String,java.lang.Class<org.apache.commons.net.ftp.parser.OS400FTPEntryParser>)
  location: class org.apache.commons.net.ftp.parser.DefaultFTPFileEntryParserFactoryTest_OE25Dev_net_left_248_2
[ERROR] /home/tasfia/Desktop/OE25-DEV/projects_decomposed/commons-net/src/test/java/org/apache/commons/net/ftp/parser/DefaultFTPFileEntryParserFactoryTest_OE25Dev_net_left_248_2.java:[146,9] cannot find symbol
  symbol:   method checkParserClass(org.apache.commons.net.ftp.parser.DefaultFTPFileEntryParserFactory,java.lang.String,java.lang.Class<org.apache.commons.net.ftp.parser.CompositeFileEntryParser>)
  location: class org.apache.commons.net.ftp.parser.DefaultFTPFileEntryParserFactoryTest_OE25Dev_net_left_248_2
[ERROR] Failed to execute goal org.apache.maven.plugins:maven-compiler-plugin:3.8.1:testCompile (default-testCompile) on project commons-net: Compilation failure: Compilation failure: 
[ERROR] /home/tasfia/Desktop/OE25-DEV/projects_decomposed/commons-net/src/test/java/org/apache/commons/net/ftp/parser/DefaultFTPFileEntryParserFactoryTest_OE25Dev_net_left_248_2.java:[127,9] cannot find symbol
[ERROR]   symbol:   method checkParserClass(org.apache.commons.net.ftp.parser.DefaultFTPFileEntryParserFactory,<nulltype>,java.lang.Class<org.apache.commons.net.ftp.parser.UnixFTPEntryParser>)
[ERROR]   location: class org.apache.commons.net.ftp.parser.DefaultFTPFileEntryParserFactoryTest_OE25Dev_net_left_248_2
[ERROR] /home/tasfia/Desktop/OE25-DEV/projects_decomposed/commons-net/src/test/java/org/apache/commons/net/ftp/parser/DefaultFTPFileEntryParserFactoryTest_OE25Dev_net_left_248_2.java:[129,9] cannot find symbol
[ERROR]   symbol:   method checkParserClass(org.apache.commons.net.ftp.parser.DefaultFTPFileEntryParserFactory,java.lang.String,java.lang.Class<org.apache.commons.net.ftp.parser.OS400FTPEntryParser>)
[ERROR]   location: class org.apache.commons.net.ftp.parser.DefaultFTPFileEntryParserFactoryTest_OE25Dev_net_left_248_2
[ERROR] /home/tasfia/Desktop/OE25-DEV/projects_decomposed/commons-net/src/test/java/org/apache/commons/net/ftp/parser/DefaultFTPFileEntryParserFactoryTest_OE25Dev_net_left_248_2.java:[130,9] cannot find symbol
[ERROR]   symbol:   method checkParserClass(org.apache.commons.net.ftp.parser.DefaultFTPFileEntryParserFactory,java.lang.String,java.lang.Class<org.apache.commons.net.ftp.parser.CompositeFileEntryParser>)
[ERROR]   location: class org.apache.commons.net.ftp.parser.DefaultFTPFileEntryParserFactoryTest_OE25Dev_net_left_248_2
[ERROR] /home/tasfia/Desktop/OE25-DEV/projects_decomposed/commons-net/src/test/java/org/apache/commons/net/ftp/parser/DefaultFTPFileEntryParserFactoryTest_OE25Dev_net_left_248_2.java:[131,9] cannot find symbol
[ERROR]   symbol:   method checkParserClass(org.apache.commons.net.ftp.parser.DefaultFTPFileEntryParserFactory,java.lang.String,java.lang.Class<org.apache.commons.net.ftp.parser.UnixFTPEntryParser>)
[ERROR]   location: class org.apache.commons.net.ftp.parser.DefaultFTPFileEntryParserFactoryTest_OE25Dev_net_left_248_2
[ERROR] /home/tasfia/Desktop/OE25-DEV/projects_decomposed/commons-net/src/test/java/org/apache/commons/net/ftp/parser/DefaultFTPFileEntryParserFactoryTest_OE25Dev_net_left_248_2.java:[132,9] cannot find symbol
[ERROR]   symbol:   method checkParserClass(org.apache.commons.net.ftp.parser.DefaultFTPFileEntryParserFactory,java.lang.String,java.lang.Class<org.apache.commons.net.ftp.parser.MVSFTPEntryParser>)
[ERROR]   location: class org.apache.commons.net.ftp.parser.DefaultFTPFileEntryParserFactoryTest_OE25Dev_net_left_248_2
[ERROR] /home/tasfia/Desktop/OE25-DEV/projects_decomposed/commons-net/src/test/java/org/apache/commons/net/ftp/parser/DefaultFTPFileEntryParserFactoryTest_OE25Dev_net_left_248_2.java:[133,9] cannot find symbol
[ERROR]   symbol:   method checkParserClass(org.apache.commons.net.ftp.parser.DefaultFTPFileEntryParserFactory,java.lang.String,java.lang.Class<org.apache.commons.net.ftp.parser.NetwareFTPEntryParser>)
[ERROR]   location: class org.apache.commons.net.ftp.parser.DefaultFTPFileEntryParserFactoryTest_OE25Dev_net_left_248_2
[ERROR] /home/tasfia/Desktop/OE25-DEV/projects_decomposed/commons-net/src/test/java/org/apache/commons/net/ftp/parser/DefaultFTPFileEntryParserFactoryTest_OE25Dev_net_left_248_2.java:[134,9] cannot find symbol
[ERROR]   symbol:   method checkParserClass(org.apache.commons.net.ftp.parser.DefaultFTPFileEntryParserFactory,java.lang.String,java.lang.Class<org.apache.commons.net.ftp.parser.NTFTPEntryParser>)
[ERROR]   location: class org.apache.commons.net.ftp.parser.DefaultFTPFileEntryParserFactoryTest_OE25Dev_net_left_248_2
[ERROR] /home/tasfia/Desktop/OE25-DEV/projects_decomposed/commons-net/src/test/java/org/apache/commons/net/ftp/parser/DefaultFTPFileEntryParserFactoryTest_OE25Dev_net_left_248_2.java:[135,9] cannot find symbol
[ERROR]   symbol:   method checkParserClass(org.apache.commons.net.ftp.parser.DefaultFTPFileEntryParserFactory,java.lang.String,java.lang.Class<org.apache.commons.net.ftp.parser.OS2FTPEntryParser>)
[ERROR]   location: class org.apache.commons.net.ftp.parser.DefaultFTPFileEntryParserFactoryTest_OE25Dev_net_left_248_2
[ERROR] /home/tasfia/Desktop/OE25-DEV/projects_decomposed/commons-net/src/test/java/org/apache/commons/net/ftp/parser/DefaultFTPFileEntryParserFactoryTest_OE25Dev_net_left_248_2.java:[136,9] cannot find symbol
[ERROR]   symbol:   method checkParserClass(org.apache.commons.net.ftp.parser.DefaultFTPFileEntryParserFactory,java.lang.String,java.lang.Class<org.apache.commons.net.ftp.parser.UnixFTPEntryParser>)
[ERROR]   location: class org.apache.commons.net.ftp.parser.DefaultFTPFileEntryParserFactoryTest_OE25Dev_net_left_248_2
[ERROR] /home/tasfia/Desktop/OE25-DEV/projects_decomposed/commons-net/src/test/java/org/apache/commons/net/ftp/parser/DefaultFTPFileEntryParserFactoryTest_OE25Dev_net_left_248_2.java:[137,9] cannot find symbol
[ERROR]   symbol:   method checkParserClass(org.apache.commons.net.ftp.parser.DefaultFTPFileEntryParserFactory,java.lang.String,java.lang.Class<org.apache.commons.net.ftp.parser.VMSFTPEntryParser>)
[ERROR]   location: class org.apache.commons.net.ftp.parser.DefaultFTPFileEntryParserFactoryTest_OE25Dev_net_left_248_2
[ERROR] /home/tasfia/Desktop/OE25-DEV/projects_decomposed/commons-net/src/test/java/org/apache/commons/net/ftp/parser/DefaultFTPFileEntryParserFactoryTest_OE25Dev_net_left_248_2.java:[138,9] cannot find symbol
[ERROR]   symbol:   method checkParserClass(org.apache.commons.net.ftp.parser.DefaultFTPFileEntryParserFactory,java.lang.String,java.lang.Class<org.apache.commons.net.ftp.parser.MacOsPeterFTPEntryParser>)
[ERROR]   location: class org.apache.commons.net.ftp.parser.DefaultFTPFileEntryParserFactoryTest_OE25Dev_net_left_248_2
[ERROR] /home/tasfia/Desktop/OE25-DEV/projects_decomposed/commons-net/src/test/java/org/apache/commons/net/ftp/parser/DefaultFTPFileEntryParserFactoryTest_OE25Dev_net_left_248_2.java:[140,9] cannot find symbol
[ERROR]   symbol:   method checkParserClass(org.apache.commons.net.ftp.parser.DefaultFTPFileEntryParserFactory,java.lang.String,java.lang.Class<org.apache.commons.net.ftp.parser.NTFTPEntryParser>)
[ERROR]   location: class org.apache.commons.net.ftp.parser.DefaultFTPFileEntryParserFactoryTest_OE25Dev_net_left_248_2
[ERROR] /home/tasfia/Desktop/OE25-DEV/projects_decomposed/commons-net/src/test/java/org/apache/commons/net/ftp/parser/DefaultFTPFileEntryParserFactoryTest_OE25Dev_net_left_248_2.java:[142,9] cannot find symbol
[ERROR]   symbol:   method checkParserClass(org.apache.commons.net.ftp.parser.DefaultFTPFileEntryParserFactory,java.lang.String,java.lang.Class<org.apache.commons.net.ftp.parser.CompositeFileEntryParser>)
[ERROR]   location: class org.apache.commons.net.ftp.parser.DefaultFTPFileEntryParserFactoryTest_OE25Dev_net_left_248_2
[ERROR] /home/tasfia/Desktop/OE25-DEV/projects_decomposed/commons-net/src/test/java/org/apache/commons/net/ftp/parser/DefaultFTPFileEntryParserFactoryTest_OE25Dev_net_left_248_2.java:[144,9] cannot find symbol
[ERROR]   symbol:   method checkParserClass(org.apache.commons.net.ftp.parser.DefaultFTPFileEntryParserFactory,java.lang.String,java.lang.Class<org.apache.commons.net.ftp.parser.OS400FTPEntryParser>)
[ERROR]   location: class org.apache.commons.net.ftp.parser.DefaultFTPFileEntryParserFactoryTest_OE25Dev_net_left_248_2
[ERROR] /home/tasfia/Desktop/OE25-DEV/projects_decomposed/commons-net/src/test/java/org/apache/commons/net/ftp/parser/DefaultFTPFileEntryParserFactoryTest_OE25Dev_net_left_248_2.java:[146,9] cannot find symbol
[ERROR]   symbol:   method checkParserClass(org.apache.commons.net.ftp.parser.DefaultFTPFileEntryParserFactory,java.lang.String,java.lang.Class<org.apache.commons.net.ftp.parser.CompositeFileEntryParser>)
[ERROR]   location: class org.apache.commons.net.ftp.parser.DefaultFTPFileEntryParserFactoryTest_OE25Dev_net_left_248_2
[ERROR] -> [Help 1]
[ERROR] 
[ERROR] To see the full stack trace of the errors, re-run Maven with the -e switch.
[ERROR] Re-run Maven using the -X switch to enable full debug logging.
[ERROR] 
[ERROR] For more information about the errors and possible solutions, please read the following articles:
[ERROR] [Help 1] http://cwiki.apache.org/confluence/display/MAVEN/MojoFailureException
