[ERROR] COMPILATION ERROR : 
[ERROR] /home/tasfia/Desktop/OE25-DEV/projects_decomposed/commons-net/src/test/java/org/apache/commons/net/io/ToNetASCIIInputStreamTest_OE25Dev_net_left_67_1.java:[35,9] cannot find symbol
  symbol:   method byteTest(boolean,java.lang.String,java.lang.String)
  location: class org.apache.commons.net.io.ToNetASCIIInputStreamTest_OE25Dev_net_left_67_1
[ERROR] /home/tasfia/Desktop/OE25-DEV/projects_decomposed/commons-net/src/test/java/org/apache/commons/net/io/ToNetASCIIInputStreamTest_OE25Dev_net_left_67_1.java:[36,9] cannot find symbol
  symbol:   method byteTest(boolean,java.lang.String,java.lang.String)
  location: class org.apache.commons.net.io.ToNetASCIIInputStreamTest_OE25Dev_net_left_67_1
[ERROR] /home/tasfia/Desktop/OE25-DEV/projects_decomposed/commons-net/src/test/java/org/apache/commons/net/io/ToNetASCIIInputStreamTest_OE25Dev_net_left_67_1.java:[37,9] cannot find symbol
  symbol:   method byteTest(boolean,java.lang.String,java.lang.String)
  location: class org.apache.commons.net.io.ToNetASCIIInputStreamTest_OE25Dev_net_left_67_1
[ERROR] /home/tasfia/Desktop/OE25-DEV/projects_decomposed/commons-net/src/test/java/org/apache/commons/net/io/ToNetASCIIInputStreamTest_OE25Dev_net_left_67_1.java:[38,9] cannot find symbol
  symbol:   method byteTest(boolean,java.lang.String,java.lang.String)
  location: class org.apache.commons.net.io.ToNetASCIIInputStreamTest_OE25Dev_net_left_67_1
[ERROR] /home/tasfia/Desktop/OE25-DEV/projects_decomposed/commons-net/src/test/java/org/apache/commons/net/io/ToNetASCIIInputStreamTest_OE25Dev_net_left_67_1.java:[39,9] cannot find symbol
  symbol:   method byteTest(boolean,java.lang.String,java.lang.String)
  location: class org.apache.commons.net.io.ToNetASCIIInputStreamTest_OE25Dev_net_left_67_1
[ERROR] /home/tasfia/Desktop/OE25-DEV/projects_decomposed/commons-net/src/test/java/org/apache/commons/net/io/ToNetASCIIInputStreamTest_OE25Dev_net_left_67_1.java:[40,9] cannot find symbol
  symbol:   method byteTest(boolean,java.lang.String,java.lang.String)
  location: class org.apache.commons.net.io.ToNetASCIIInputStreamTest_OE25Dev_net_left_67_1
[ERROR] /home/tasfia/Desktop/OE25-DEV/projects_decomposed/commons-net/src/test/java/org/apache/commons/net/io/ToNetASCIIInputStreamTest_OE25Dev_net_left_67_1.java:[41,9] cannot find symbol
  symbol:   method byteTest(boolean,java.lang.String,java.lang.String)
  location: class org.apache.commons.net.io.ToNetASCIIInputStreamTest_OE25Dev_net_left_67_1
[ERROR] /home/tasfia/Desktop/OE25-DEV/projects_decomposed/commons-net/src/test/java/org/apache/commons/net/io/ToNetASCIIInputStreamTest_OE25Dev_net_left_67_1.java:[42,9] cannot find symbol
  symbol:   method byteTest(boolean,java.lang.String,java.lang.String)
  location: class org.apache.commons.net.io.ToNetASCIIInputStreamTest_OE25Dev_net_left_67_1
[ERROR] /home/tasfia/Desktop/OE25-DEV/projects_decomposed/commons-net/src/test/java/org/apache/commons/net/io/ToNetASCIIInputStreamTest_OE25Dev_net_left_67_1.java:[43,9] cannot find symbol
  symbol:   method byteTest(boolean,java.lang.String,java.lang.String)
  location: class org.apache.commons.net.io.ToNetASCIIInputStreamTest_OE25Dev_net_left_67_1
[ERROR] /home/tasfia/Desktop/OE25-DEV/projects_decomposed/commons-net/src/test/java/org/apache/commons/net/io/ToNetASCIIInputStreamTest_OE25Dev_net_left_67_1.java:[49,9] cannot find symbol
  symbol:   method byteTest(boolean,java.lang.String,java.lang.String)
  location: class org.apache.commons.net.io.ToNetASCIIInputStreamTest_OE25Dev_net_left_67_1
[ERROR] /home/tasfia/Desktop/OE25-DEV/projects_decomposed/commons-net/src/test/java/org/apache/commons/net/io/ToNetASCIIInputStreamTest_OE25Dev_net_left_67_1.java:[50,9] cannot find symbol
  symbol:   method byteTest(boolean,java.lang.String,java.lang.String)
  location: class org.apache.commons.net.io.ToNetASCIIInputStreamTest_OE25Dev_net_left_67_1
[ERROR] /home/tasfia/Desktop/OE25-DEV/projects_decomposed/commons-net/src/test/java/org/apache/commons/net/io/ToNetASCIIInputStreamTest_OE25Dev_net_left_67_1.java:[51,9] cannot find symbol
  symbol:   method byteTest(boolean,java.lang.String,java.lang.String)
  location: class org.apache.commons.net.io.ToNetASCIIInputStreamTest_OE25Dev_net_left_67_1
[ERROR] /home/tasfia/Desktop/OE25-DEV/projects_decomposed/commons-net/src/test/java/org/apache/commons/net/io/ToNetASCIIInputStreamTest_OE25Dev_net_left_67_1.java:[52,9] cannot find symbol
  symbol:   method byteTest(boolean,java.lang.String,java.lang.String)
  location: class org.apache.commons.net.io.ToNetASCIIInputStreamTest_OE25Dev_net_left_67_1
[ERROR] /home/tasfia/Desktop/OE25-DEV/projects_decomposed/commons-net/src/test/java/org/apache/commons/net/io/ToNetASCIIInputStreamTest_OE25Dev_net_left_67_1.java:[53,9] cannot find symbol
  symbol:   method byteTest(boolean,java.lang.String,java.lang.String)
  location: class org.apache.commons.net.io.ToNetASCIIInputStreamTest_OE25Dev_net_left_67_1
[ERROR] /home/tasfia/Desktop/OE25-DEV/projects_decomposed/commons-net/src/test/java/org/apache/commons/net/io/ToNetASCIIInputStreamTest_OE25Dev_net_left_67_1.java:[54,9] cannot find symbol
  symbol:   method byteTest(boolean,java.lang.String,java.lang.String)
  location: class org.apache.commons.net.io.ToNetASCIIInputStreamTest_OE25Dev_net_left_67_1
[ERROR] /home/tasfia/Desktop/OE25-DEV/projects_decomposed/commons-net/src/test/java/org/apache/commons/net/io/ToNetASCIIInputStreamTest_OE25Dev_net_left_67_1.java:[55,9] cannot find symbol
  symbol:   method byteTest(boolean,java.lang.String,java.lang.String)
  location: class org.apache.commons.net.io.ToNetASCIIInputStreamTest_OE25Dev_net_left_67_1
[ERROR] /home/tasfia/Desktop/OE25-DEV/projects_decomposed/commons-net/src/test/java/org/apache/commons/net/io/ToNetASCIIInputStreamTest_OE25Dev_net_left_67_1.java:[56,9] cannot find symbol
  symbol:   method byteTest(boolean,java.lang.String,java.lang.String)
  location: class org.apache.commons.net.io.ToNetASCIIInputStreamTest_OE25Dev_net_left_67_1
[ERROR] /home/tasfia/Desktop/OE25-DEV/projects_decomposed/commons-net/src/test/java/org/apache/commons/net/io/ToNetASCIIInputStreamTest_OE25Dev_net_left_67_1.java:[57,9] cannot find symbol
  symbol:   method byteTest(boolean,java.lang.String,java.lang.String)
  location: class org.apache.commons.net.io.ToNetASCIIInputStreamTest_OE25Dev_net_left_67_1
[ERROR] Failed to execute goal org.apache.maven.plugins:maven-compiler-plugin:3.8.1:testCompile (default-testCompile) on project commons-net: Compilation failure: Compilation failure: 
[ERROR] /home/tasfia/Desktop/OE25-DEV/projects_decomposed/commons-net/src/test/java/org/apache/commons/net/io/ToNetASCIIInputStreamTest_OE25Dev_net_left_67_1.java:[35,9] cannot find symbol
[ERROR]   symbol:   method byteTest(boolean,java.lang.String,java.lang.String)
[ERROR]   location: class org.apache.commons.net.io.ToNetASCIIInputStreamTest_OE25Dev_net_left_67_1
[ERROR] /home/tasfia/Desktop/OE25-DEV/projects_decomposed/commons-net/src/test/java/org/apache/commons/net/io/ToNetASCIIInputStreamTest_OE25Dev_net_left_67_1.java:[36,9] cannot find symbol
[ERROR]   symbol:   method byteTest(boolean,java.lang.String,java.lang.String)
[ERROR]   location: class org.apache.commons.net.io.ToNetASCIIInputStreamTest_OE25Dev_net_left_67_1
[ERROR] /home/tasfia/Desktop/OE25-DEV/projects_decomposed/commons-net/src/test/java/org/apache/commons/net/io/ToNetASCIIInputStreamTest_OE25Dev_net_left_67_1.java:[37,9] cannot find symbol
[ERROR]   symbol:   method byteTest(boolean,java.lang.String,java.lang.String)
[ERROR]   location: class org.apache.commons.net.io.ToNetASCIIInputStreamTest_OE25Dev_net_left_67_1
[ERROR] /home/tasfia/Desktop/OE25-DEV/projects_decomposed/commons-net/src/test/java/org/apache/commons/net/io/ToNetASCIIInputStreamTest_OE25Dev_net_left_67_1.java:[38,9] cannot find symbol
[ERROR]   symbol:   method byteTest(boolean,java.lang.String,java.lang.String)
[ERROR]   location: class org.apache.commons.net.io.ToNetASCIIInputStreamTest_OE25Dev_net_left_67_1
[ERROR] /home/tasfia/Desktop/OE25-DEV/projects_decomposed/commons-net/src/test/java/org/apache/commons/net/io/ToNetASCIIInputStreamTest_OE25Dev_net_left_67_1.java:[39,9] cannot find symbol
[ERROR]   symbol:   method byteTest(boolean,java.lang.String,java.lang.String)
[ERROR]   location: class org.apache.commons.net.io.ToNetASCIIInputStreamTest_OE25Dev_net_left_67_1
[ERROR] /home/tasfia/Desktop/OE25-DEV/projects_decomposed/commons-net/src/test/java/org/apache/commons/net/io/ToNetASCIIInputStreamTest_OE25Dev_net_left_67_1.java:[40,9] cannot find symbol
[ERROR]   symbol:   method byteTest(boolean,java.lang.String,java.lang.String)
[ERROR]   location: class org.apache.commons.net.io.ToNetASCIIInputStreamTest_OE25Dev_net_left_67_1
[ERROR] /home/tasfia/Desktop/OE25-DEV/projects_decomposed/commons-net/src/test/java/org/apache/commons/net/io/ToNetASCIIInputStreamTest_OE25Dev_net_left_67_1.java:[41,9] cannot find symbol
[ERROR]   symbol:   method byteTest(boolean,java.lang.String,java.lang.String)
[ERROR]   location: class org.apache.commons.net.io.ToNetASCIIInputStreamTest_OE25Dev_net_left_67_1
[ERROR] /home/tasfia/Desktop/OE25-DEV/projects_decomposed/commons-net/src/test/java/org/apache/commons/net/io/ToNetASCIIInputStreamTest_OE25Dev_net_left_67_1.java:[42,9] cannot find symbol
[ERROR]   symbol:   method byteTest(boolean,java.lang.String,java.lang.String)
[ERROR]   location: class org.apache.commons.net.io.ToNetASCIIInputStreamTest_OE25Dev_net_left_67_1
[ERROR] /home/tasfia/Desktop/OE25-DEV/projects_decomposed/commons-net/src/test/java/org/apache/commons/net/io/ToNetASCIIInputStreamTest_OE25Dev_net_left_67_1.java:[43,9] cannot find symbol
[ERROR]   symbol:   method byteTest(boolean,java.lang.String,java.lang.String)
[ERROR]   location: class org.apache.commons.net.io.ToNetASCIIInputStreamTest_OE25Dev_net_left_67_1
[ERROR] /home/tasfia/Desktop/OE25-DEV/projects_decomposed/commons-net/src/test/java/org/apache/commons/net/io/ToNetASCIIInputStreamTest_OE25Dev_net_left_67_1.java:[49,9] cannot find symbol
[ERROR]   symbol:   method byteTest(boolean,java.lang.String,java.lang.String)
[ERROR]   location: class org.apache.commons.net.io.ToNetASCIIInputStreamTest_OE25Dev_net_left_67_1
[ERROR] /home/tasfia/Desktop/OE25-DEV/projects_decomposed/commons-net/src/test/java/org/apache/commons/net/io/ToNetASCIIInputStreamTest_OE25Dev_net_left_67_1.java:[50,9] cannot find symbol
[ERROR]   symbol:   method byteTest(boolean,java.lang.String,java.lang.String)
[ERROR]   location: class org.apache.commons.net.io.ToNetASCIIInputStreamTest_OE25Dev_net_left_67_1
[ERROR] /home/tasfia/Desktop/OE25-DEV/projects_decomposed/commons-net/src/test/java/org/apache/commons/net/io/ToNetASCIIInputStreamTest_OE25Dev_net_left_67_1.java:[51,9] cannot find symbol
[ERROR]   symbol:   method byteTest(boolean,java.lang.String,java.lang.String)
[ERROR]   location: class org.apache.commons.net.io.ToNetASCIIInputStreamTest_OE25Dev_net_left_67_1
[ERROR] /home/tasfia/Desktop/OE25-DEV/projects_decomposed/commons-net/src/test/java/org/apache/commons/net/io/ToNetASCIIInputStreamTest_OE25Dev_net_left_67_1.java:[52,9] cannot find symbol
[ERROR]   symbol:   method byteTest(boolean,java.lang.String,java.lang.String)
[ERROR]   location: class org.apache.commons.net.io.ToNetASCIIInputStreamTest_OE25Dev_net_left_67_1
[ERROR] /home/tasfia/Desktop/OE25-DEV/projects_decomposed/commons-net/src/test/java/org/apache/commons/net/io/ToNetASCIIInputStreamTest_OE25Dev_net_left_67_1.java:[53,9] cannot find symbol
[ERROR]   symbol:   method byteTest(boolean,java.lang.String,java.lang.String)
[ERROR]   location: class org.apache.commons.net.io.ToNetASCIIInputStreamTest_OE25Dev_net_left_67_1
[ERROR] /home/tasfia/Desktop/OE25-DEV/projects_decomposed/commons-net/src/test/java/org/apache/commons/net/io/ToNetASCIIInputStreamTest_OE25Dev_net_left_67_1.java:[54,9] cannot find symbol
[ERROR]   symbol:   method byteTest(boolean,java.lang.String,java.lang.String)
[ERROR]   location: class org.apache.commons.net.io.ToNetASCIIInputStreamTest_OE25Dev_net_left_67_1
[ERROR] /home/tasfia/Desktop/OE25-DEV/projects_decomposed/commons-net/src/test/java/org/apache/commons/net/io/ToNetASCIIInputStreamTest_OE25Dev_net_left_67_1.java:[55,9] cannot find symbol
[ERROR]   symbol:   method byteTest(boolean,java.lang.String,java.lang.String)
[ERROR]   location: class org.apache.commons.net.io.ToNetASCIIInputStreamTest_OE25Dev_net_left_67_1
[ERROR] /home/tasfia/Desktop/OE25-DEV/projects_decomposed/commons-net/src/test/java/org/apache/commons/net/io/ToNetASCIIInputStreamTest_OE25Dev_net_left_67_1.java:[56,9] cannot find symbol
[ERROR]   symbol:   method byteTest(boolean,java.lang.String,java.lang.String)
[ERROR]   location: class org.apache.commons.net.io.ToNetASCIIInputStreamTest_OE25Dev_net_left_67_1
[ERROR] /home/tasfia/Desktop/OE25-DEV/projects_decomposed/commons-net/src/test/java/org/apache/commons/net/io/ToNetASCIIInputStreamTest_OE25Dev_net_left_67_1.java:[57,9] cannot find symbol
[ERROR]   symbol:   method byteTest(boolean,java.lang.String,java.lang.String)
[ERROR]   location: class org.apache.commons.net.io.ToNetASCIIInputStreamTest_OE25Dev_net_left_67_1
[ERROR] -> [Help 1]
[ERROR] 
[ERROR] To see the full stack trace of the errors, re-run Maven with the -e switch.
[ERROR] Re-run Maven using the -X switch to enable full debug logging.
[ERROR] 
[ERROR] For more information about the errors and possible solutions, please read the following articles:
[ERROR] [Help 1] http://cwiki.apache.org/confluence/display/MAVEN/MojoFailureException
