[ERROR] COMPILATION ERROR : 
[ERROR] /home/tasfia/Desktop/OE25-DEV/projects_decomposed/commons-net/src/test/java/org/apache/commons/net/pop3/POP3ClientCommandsTest_OE25Dev_net_left_27_1.java:[79,9] cannot find symbol
  symbol:   method connect()
  location: class org.apache.commons.net.pop3.POP3ClientCommandsTest_OE25Dev_net_left_27_1
[ERROR] /home/tasfia/Desktop/OE25-DEV/projects_decomposed/commons-net/src/test/java/org/apache/commons/net/pop3/POP3ClientCommandsTest_OE25Dev_net_left_27_1.java:[96,9] cannot find symbol
  symbol:   method connect()
  location: class org.apache.commons.net.pop3.POP3ClientCommandsTest_OE25Dev_net_left_27_1
[ERROR] /home/tasfia/Desktop/OE25-DEV/projects_decomposed/commons-net/src/test/java/org/apache/commons/net/pop3/POP3ClientCommandsTest_OE25Dev_net_left_27_1.java:[111,9] cannot find symbol
  symbol:   method connect()
  location: class org.apache.commons.net.pop3.POP3ClientCommandsTest_OE25Dev_net_left_27_1
[ERROR] /home/tasfia/Desktop/OE25-DEV/projects_decomposed/commons-net/src/test/java/org/apache/commons/net/pop3/POP3ClientCommandsTest_OE25Dev_net_left_27_1.java:[121,9] cannot find symbol
  symbol:   method connect()
  location: class org.apache.commons.net.pop3.POP3ClientCommandsTest_OE25Dev_net_left_27_1
[ERROR] /home/tasfia/Desktop/OE25-DEV/projects_decomposed/commons-net/src/test/java/org/apache/commons/net/pop3/POP3ClientCommandsTest_OE25Dev_net_left_27_1.java:[130,9] cannot find symbol
  symbol:   method connect()
  location: class org.apache.commons.net.pop3.POP3ClientCommandsTest_OE25Dev_net_left_27_1
[ERROR] /home/tasfia/Desktop/OE25-DEV/projects_decomposed/commons-net/src/test/java/org/apache/commons/net/pop3/POP3ClientCommandsTest_OE25Dev_net_left_27_1.java:[153,9] cannot find symbol
  symbol:   method connect()
  location: class org.apache.commons.net.pop3.POP3ClientCommandsTest_OE25Dev_net_left_27_1
[ERROR] /home/tasfia/Desktop/OE25-DEV/projects_decomposed/commons-net/src/test/java/org/apache/commons/net/pop3/POP3ClientCommandsTest_OE25Dev_net_left_27_1.java:[184,9] cannot find symbol
  symbol:   method connect()
  location: class org.apache.commons.net.pop3.POP3ClientCommandsTest_OE25Dev_net_left_27_1
[ERROR] /home/tasfia/Desktop/OE25-DEV/projects_decomposed/commons-net/src/test/java/org/apache/commons/net/pop3/POP3ClientCommandsTest_OE25Dev_net_left_27_1.java:[199,9] cannot find symbol
  symbol:   method connect()
  location: class org.apache.commons.net.pop3.POP3ClientCommandsTest_OE25Dev_net_left_27_1
[ERROR] /home/tasfia/Desktop/OE25-DEV/projects_decomposed/commons-net/src/test/java/org/apache/commons/net/pop3/POP3ClientCommandsTest_OE25Dev_net_left_27_1.java:[210,9] cannot find symbol
  symbol:   method connect()
  location: class org.apache.commons.net.pop3.POP3ClientCommandsTest_OE25Dev_net_left_27_1
[ERROR] /home/tasfia/Desktop/OE25-DEV/projects_decomposed/commons-net/src/test/java/org/apache/commons/net/pop3/POP3ClientCommandsTest_OE25Dev_net_left_27_1.java:[232,9] cannot find symbol
  symbol:   method connect()
  location: class org.apache.commons.net.pop3.POP3ClientCommandsTest_OE25Dev_net_left_27_1
[ERROR] /home/tasfia/Desktop/OE25-DEV/projects_decomposed/commons-net/src/test/java/org/apache/commons/net/pop3/POP3ClientCommandsTest_OE25Dev_net_left_27_1.java:[262,9] cannot find symbol
  symbol:   method connect()
  location: class org.apache.commons.net.pop3.POP3ClientCommandsTest_OE25Dev_net_left_27_1
[ERROR] /home/tasfia/Desktop/OE25-DEV/projects_decomposed/commons-net/src/test/java/org/apache/commons/net/pop3/POP3ClientCommandsTest_OE25Dev_net_left_27_1.java:[277,9] cannot find symbol
  symbol:   method connect()
  location: class org.apache.commons.net.pop3.POP3ClientCommandsTest_OE25Dev_net_left_27_1
[ERROR] /home/tasfia/Desktop/OE25-DEV/projects_decomposed/commons-net/src/test/java/org/apache/commons/net/pop3/POP3ClientCommandsTest_OE25Dev_net_left_27_1.java:[288,9] cannot find symbol
  symbol:   method connect()
  location: class org.apache.commons.net.pop3.POP3ClientCommandsTest_OE25Dev_net_left_27_1
[ERROR] /home/tasfia/Desktop/OE25-DEV/projects_decomposed/commons-net/src/test/java/org/apache/commons/net/pop3/POP3ClientCommandsTest_OE25Dev_net_left_27_1.java:[332,9] cannot find symbol
  symbol:   method connect()
  location: class org.apache.commons.net.pop3.POP3ClientCommandsTest_OE25Dev_net_left_27_1
[ERROR] /home/tasfia/Desktop/OE25-DEV/projects_decomposed/commons-net/src/test/java/org/apache/commons/net/pop3/POP3ClientCommandsTest_OE25Dev_net_left_27_1.java:[340,9] cannot find symbol
  symbol:   method connect()
  location: class org.apache.commons.net.pop3.POP3ClientCommandsTest_OE25Dev_net_left_27_1
[ERROR] /home/tasfia/Desktop/OE25-DEV/projects_decomposed/commons-net/src/test/java/org/apache/commons/net/pop3/POP3ClientCommandsTest_OE25Dev_net_left_27_1.java:[360,9] cannot find symbol
  symbol:   method connect()
  location: class org.apache.commons.net.pop3.POP3ClientCommandsTest_OE25Dev_net_left_27_1
[ERROR] /home/tasfia/Desktop/OE25-DEV/projects_decomposed/commons-net/src/test/java/org/apache/commons/net/pop3/POP3ClientCommandsTest_OE25Dev_net_left_27_1.java:[379,9] cannot find symbol
  symbol:   method connect()
  location: class org.apache.commons.net.pop3.POP3ClientCommandsTest_OE25Dev_net_left_27_1
[ERROR] /home/tasfia/Desktop/OE25-DEV/projects_decomposed/commons-net/src/test/java/org/apache/commons/net/pop3/POP3ClientCommandsTest_OE25Dev_net_left_27_1.java:[419,9] cannot find symbol
  symbol:   method connect()
  location: class org.apache.commons.net.pop3.POP3ClientCommandsTest_OE25Dev_net_left_27_1
[ERROR] /home/tasfia/Desktop/OE25-DEV/projects_decomposed/commons-net/src/test/java/org/apache/commons/net/pop3/POP3ClientCommandsTest_OE25Dev_net_left_27_1.java:[427,9] cannot find symbol
  symbol:   method connect()
  location: class org.apache.commons.net.pop3.POP3ClientCommandsTest_OE25Dev_net_left_27_1
[ERROR] /home/tasfia/Desktop/OE25-DEV/projects_decomposed/commons-net/src/test/java/org/apache/commons/net/pop3/POP3ClientCommandsTest_OE25Dev_net_left_27_1.java:[447,9] cannot find symbol
  symbol:   method connect()
  location: class org.apache.commons.net.pop3.POP3ClientCommandsTest_OE25Dev_net_left_27_1
[ERROR] /home/tasfia/Desktop/OE25-DEV/projects_decomposed/commons-net/src/test/java/org/apache/commons/net/pop3/POP3ClientCommandsTest_OE25Dev_net_left_27_1.java:[469,9] cannot find symbol
  symbol:   method connect()
  location: class org.apache.commons.net.pop3.POP3ClientCommandsTest_OE25Dev_net_left_27_1
[ERROR] /home/tasfia/Desktop/OE25-DEV/projects_decomposed/commons-net/src/test/java/org/apache/commons/net/pop3/POP3ClientCommandsTest_OE25Dev_net_left_27_1.java:[481,9] cannot find symbol
  symbol:   method connect()
  location: class org.apache.commons.net.pop3.POP3ClientCommandsTest_OE25Dev_net_left_27_1
[ERROR] /home/tasfia/Desktop/OE25-DEV/projects_decomposed/commons-net/src/test/java/org/apache/commons/net/pop3/POP3ClientCommandsTest_OE25Dev_net_left_27_1.java:[500,9] cannot find symbol
  symbol:   method connect()
  location: class org.apache.commons.net.pop3.POP3ClientCommandsTest_OE25Dev_net_left_27_1
[ERROR] /home/tasfia/Desktop/OE25-DEV/projects_decomposed/commons-net/src/test/java/org/apache/commons/net/pop3/POP3ClientCommandsTest_OE25Dev_net_left_27_1.java:[512,9] cannot find symbol
  symbol:   method connect()
  location: class org.apache.commons.net.pop3.POP3ClientCommandsTest_OE25Dev_net_left_27_1
[ERROR] Failed to execute goal org.apache.maven.plugins:maven-compiler-plugin:3.8.1:testCompile (default-testCompile) on project commons-net: Compilation failure: Compilation failure: 
[ERROR] /home/tasfia/Desktop/OE25-DEV/projects_decomposed/commons-net/src/test/java/org/apache/commons/net/pop3/POP3ClientCommandsTest_OE25Dev_net_left_27_1.java:[79,9] cannot find symbol
[ERROR]   symbol:   method connect()
[ERROR]   location: class org.apache.commons.net.pop3.POP3ClientCommandsTest_OE25Dev_net_left_27_1
[ERROR] /home/tasfia/Desktop/OE25-DEV/projects_decomposed/commons-net/src/test/java/org/apache/commons/net/pop3/POP3ClientCommandsTest_OE25Dev_net_left_27_1.java:[96,9] cannot find symbol
[ERROR]   symbol:   method connect()
[ERROR]   location: class org.apache.commons.net.pop3.POP3ClientCommandsTest_OE25Dev_net_left_27_1
[ERROR] /home/tasfia/Desktop/OE25-DEV/projects_decomposed/commons-net/src/test/java/org/apache/commons/net/pop3/POP3ClientCommandsTest_OE25Dev_net_left_27_1.java:[111,9] cannot find symbol
[ERROR]   symbol:   method connect()
[ERROR]   location: class org.apache.commons.net.pop3.POP3ClientCommandsTest_OE25Dev_net_left_27_1
[ERROR] /home/tasfia/Desktop/OE25-DEV/projects_decomposed/commons-net/src/test/java/org/apache/commons/net/pop3/POP3ClientCommandsTest_OE25Dev_net_left_27_1.java:[121,9] cannot find symbol
[ERROR]   symbol:   method connect()
[ERROR]   location: class org.apache.commons.net.pop3.POP3ClientCommandsTest_OE25Dev_net_left_27_1
[ERROR] /home/tasfia/Desktop/OE25-DEV/projects_decomposed/commons-net/src/test/java/org/apache/commons/net/pop3/POP3ClientCommandsTest_OE25Dev_net_left_27_1.java:[130,9] cannot find symbol
[ERROR]   symbol:   method connect()
[ERROR]   location: class org.apache.commons.net.pop3.POP3ClientCommandsTest_OE25Dev_net_left_27_1
[ERROR] /home/tasfia/Desktop/OE25-DEV/projects_decomposed/commons-net/src/test/java/org/apache/commons/net/pop3/POP3ClientCommandsTest_OE25Dev_net_left_27_1.java:[153,9] cannot find symbol
[ERROR]   symbol:   method connect()
[ERROR]   location: class org.apache.commons.net.pop3.POP3ClientCommandsTest_OE25Dev_net_left_27_1
[ERROR] /home/tasfia/Desktop/OE25-DEV/projects_decomposed/commons-net/src/test/java/org/apache/commons/net/pop3/POP3ClientCommandsTest_OE25Dev_net_left_27_1.java:[184,9] cannot find symbol
[ERROR]   symbol:   method connect()
[ERROR]   location: class org.apache.commons.net.pop3.POP3ClientCommandsTest_OE25Dev_net_left_27_1
[ERROR] /home/tasfia/Desktop/OE25-DEV/projects_decomposed/commons-net/src/test/java/org/apache/commons/net/pop3/POP3ClientCommandsTest_OE25Dev_net_left_27_1.java:[199,9] cannot find symbol
[ERROR]   symbol:   method connect()
[ERROR]   location: class org.apache.commons.net.pop3.POP3ClientCommandsTest_OE25Dev_net_left_27_1
[ERROR] /home/tasfia/Desktop/OE25-DEV/projects_decomposed/commons-net/src/test/java/org/apache/commons/net/pop3/POP3ClientCommandsTest_OE25Dev_net_left_27_1.java:[210,9] cannot find symbol
[ERROR]   symbol:   method connect()
[ERROR]   location: class org.apache.commons.net.pop3.POP3ClientCommandsTest_OE25Dev_net_left_27_1
[ERROR] /home/tasfia/Desktop/OE25-DEV/projects_decomposed/commons-net/src/test/java/org/apache/commons/net/pop3/POP3ClientCommandsTest_OE25Dev_net_left_27_1.java:[232,9] cannot find symbol
[ERROR]   symbol:   method connect()
[ERROR]   location: class org.apache.commons.net.pop3.POP3ClientCommandsTest_OE25Dev_net_left_27_1
[ERROR] /home/tasfia/Desktop/OE25-DEV/projects_decomposed/commons-net/src/test/java/org/apache/commons/net/pop3/POP3ClientCommandsTest_OE25Dev_net_left_27_1.java:[262,9] cannot find symbol
[ERROR]   symbol:   method connect()
[ERROR]   location: class org.apache.commons.net.pop3.POP3ClientCommandsTest_OE25Dev_net_left_27_1
[ERROR] /home/tasfia/Desktop/OE25-DEV/projects_decomposed/commons-net/src/test/java/org/apache/commons/net/pop3/POP3ClientCommandsTest_OE25Dev_net_left_27_1.java:[277,9] cannot find symbol
[ERROR]   symbol:   method connect()
[ERROR]   location: class org.apache.commons.net.pop3.POP3ClientCommandsTest_OE25Dev_net_left_27_1
[ERROR] /home/tasfia/Desktop/OE25-DEV/projects_decomposed/commons-net/src/test/java/org/apache/commons/net/pop3/POP3ClientCommandsTest_OE25Dev_net_left_27_1.java:[288,9] cannot find symbol
[ERROR]   symbol:   method connect()
[ERROR]   location: class org.apache.commons.net.pop3.POP3ClientCommandsTest_OE25Dev_net_left_27_1
[ERROR] /home/tasfia/Desktop/OE25-DEV/projects_decomposed/commons-net/src/test/java/org/apache/commons/net/pop3/POP3ClientCommandsTest_OE25Dev_net_left_27_1.java:[332,9] cannot find symbol
[ERROR]   symbol:   method connect()
[ERROR]   location: class org.apache.commons.net.pop3.POP3ClientCommandsTest_OE25Dev_net_left_27_1
[ERROR] /home/tasfia/Desktop/OE25-DEV/projects_decomposed/commons-net/src/test/java/org/apache/commons/net/pop3/POP3ClientCommandsTest_OE25Dev_net_left_27_1.java:[340,9] cannot find symbol
[ERROR]   symbol:   method connect()
[ERROR]   location: class org.apache.commons.net.pop3.POP3ClientCommandsTest_OE25Dev_net_left_27_1
[ERROR] /home/tasfia/Desktop/OE25-DEV/projects_decomposed/commons-net/src/test/java/org/apache/commons/net/pop3/POP3ClientCommandsTest_OE25Dev_net_left_27_1.java:[360,9] cannot find symbol
[ERROR]   symbol:   method connect()
[ERROR]   location: class org.apache.commons.net.pop3.POP3ClientCommandsTest_OE25Dev_net_left_27_1
[ERROR] /home/tasfia/Desktop/OE25-DEV/projects_decomposed/commons-net/src/test/java/org/apache/commons/net/pop3/POP3ClientCommandsTest_OE25Dev_net_left_27_1.java:[379,9] cannot find symbol
[ERROR]   symbol:   method connect()
[ERROR]   location: class org.apache.commons.net.pop3.POP3ClientCommandsTest_OE25Dev_net_left_27_1
[ERROR] /home/tasfia/Desktop/OE25-DEV/projects_decomposed/commons-net/src/test/java/org/apache/commons/net/pop3/POP3ClientCommandsTest_OE25Dev_net_left_27_1.java:[419,9] cannot find symbol
[ERROR]   symbol:   method connect()
[ERROR]   location: class org.apache.commons.net.pop3.POP3ClientCommandsTest_OE25Dev_net_left_27_1
[ERROR] /home/tasfia/Desktop/OE25-DEV/projects_decomposed/commons-net/src/test/java/org/apache/commons/net/pop3/POP3ClientCommandsTest_OE25Dev_net_left_27_1.java:[427,9] cannot find symbol
[ERROR]   symbol:   method connect()
[ERROR]   location: class org.apache.commons.net.pop3.POP3ClientCommandsTest_OE25Dev_net_left_27_1
[ERROR] /home/tasfia/Desktop/OE25-DEV/projects_decomposed/commons-net/src/test/java/org/apache/commons/net/pop3/POP3ClientCommandsTest_OE25Dev_net_left_27_1.java:[447,9] cannot find symbol
[ERROR]   symbol:   method connect()
[ERROR]   location: class org.apache.commons.net.pop3.POP3ClientCommandsTest_OE25Dev_net_left_27_1
[ERROR] /home/tasfia/Desktop/OE25-DEV/projects_decomposed/commons-net/src/test/java/org/apache/commons/net/pop3/POP3ClientCommandsTest_OE25Dev_net_left_27_1.java:[469,9] cannot find symbol
[ERROR]   symbol:   method connect()
[ERROR]   location: class org.apache.commons.net.pop3.POP3ClientCommandsTest_OE25Dev_net_left_27_1
[ERROR] /home/tasfia/Desktop/OE25-DEV/projects_decomposed/commons-net/src/test/java/org/apache/commons/net/pop3/POP3ClientCommandsTest_OE25Dev_net_left_27_1.java:[481,9] cannot find symbol
[ERROR]   symbol:   method connect()
[ERROR]   location: class org.apache.commons.net.pop3.POP3ClientCommandsTest_OE25Dev_net_left_27_1
[ERROR] /home/tasfia/Desktop/OE25-DEV/projects_decomposed/commons-net/src/test/java/org/apache/commons/net/pop3/POP3ClientCommandsTest_OE25Dev_net_left_27_1.java:[500,9] cannot find symbol
[ERROR]   symbol:   method connect()
[ERROR]   location: class org.apache.commons.net.pop3.POP3ClientCommandsTest_OE25Dev_net_left_27_1
[ERROR] /home/tasfia/Desktop/OE25-DEV/projects_decomposed/commons-net/src/test/java/org/apache/commons/net/pop3/POP3ClientCommandsTest_OE25Dev_net_left_27_1.java:[512,9] cannot find symbol
[ERROR]   symbol:   method connect()
[ERROR]   location: class org.apache.commons.net.pop3.POP3ClientCommandsTest_OE25Dev_net_left_27_1
[ERROR] -> [Help 1]
[ERROR] 
[ERROR] To see the full stack trace of the errors, re-run Maven with the -e switch.
[ERROR] Re-run Maven using the -X switch to enable full debug logging.
[ERROR] 
[ERROR] For more information about the errors and possible solutions, please read the following articles:
[ERROR] [Help 1] http://cwiki.apache.org/confluence/display/MAVEN/MojoFailureException
