15:18:12.679 [main] INFO  o.s.modules.utils.net.NetUtil - localhost is 127.0.0.1
[ERROR] Tests run: 1, Failures: 1, Errors: 0, Skipped: 0, Time elapsed: 0.118 s <<< FAILURE! - in org.springside.modules.utils.net.NetUtilTest_OE25Dev_springside4_85_1
[ERROR] localhost_1_oe(org.springside.modules.utils.net.NetUtilTest_OE25Dev_springside4_85_1)  Time elapsed: 0.099 s  <<< FAILURE!
java.lang.AssertionError: 

Expecting actual:
  "127.0.0.1"
not to be equal to:
  "127.0.0.1"

	at org.springside.modules.utils.net.NetUtilTest_OE25Dev_springside4_85_1.localhost_1_oe(NetUtilTest_OE25Dev_springside4_85_1.java:60)

[ERROR] Failures: 
[ERROR]   NetUtilTest_OE25Dev_springside4_85_1.localhost_1_oe:60 
Expecting actual:
  "127.0.0.1"
not to be equal to:
  "127.0.0.1"

[ERROR] Tests run: 1, Failures: 1, Errors: 0, Skipped: 0
[ERROR] Failed to execute goal org.apache.maven.plugins:maven-surefire-plugin:2.22.0:test (default-test) on project springside-utils: There are test failures.
[ERROR] 
[ERROR] Please refer to /home/tasfia/Desktop/OE25-DEV/projects_decomposed/springside4/modules/utils/target/surefire-reports for the individual test results.
[ERROR] Please refer to dump files (if any exist) [date]-jvmRun[N].dump, [date].dumpstream and [date]-jvmRun[N].dumpstream.
[ERROR] -> [Help 1]
[ERROR] 
[ERROR] To see the full stack trace of the errors, re-run Maven with the -e switch.
[ERROR] Re-run Maven using the -X switch to enable full debug logging.
[ERROR] 
[ERROR] For more information about the errors and possible solutions, please read the following articles:
[ERROR] [Help 1] http://cwiki.apache.org/confluence/display/MAVEN/MojoFailureException
