[INFO] Scanning for projects...
[INFO] 
[INFO] ----------------< org.apache.commons:commons-rng-core >-----------------
[INFO] Building Apache Commons RNG Core 1.4
[INFO] --------------------------------[ jar ]---------------------------------
[INFO] 
[INFO] --- maven-clean-plugin:3.1.0:clean (default-clean) @ commons-rng-core ---
[INFO] 
[INFO] --- maven-enforcer-plugin:3.0.0-M3:enforce (enforce-maven-version) @ commons-rng-core ---
[INFO] 
[INFO] --- maven-enforcer-plugin:3.0.0-M3:enforce (enforce-maven-3) @ commons-rng-core ---
[INFO] 
[INFO] --- apache-rat-plugin:0.13:check (rat-check) @ commons-rng-core ---
[INFO] RAT will not execute since it is configured to be skipped via system property 'rat.skip'.
[INFO] 
[INFO] --- build-helper-maven-plugin:3.2.0:parse-version (parse-version) @ commons-rng-core ---
[INFO] 
[INFO] --- maven-antrun-plugin:1.8:run (javadoc.resources) @ commons-rng-core ---
[INFO] Executing tasks

main:
     [copy] Copying 2 files to /home/tasfia/Desktop/OE25-DEV/projects_decomposed/commons-rng/commons-rng-core/target/apidocs/META-INF
[INFO] Executed tasks
[INFO] 
[INFO] --- maven-remote-resources-plugin:1.7.0:process (process-resource-bundles) @ commons-rng-core ---
[INFO] Skipping remote resources execution.
[INFO] 
[INFO] --- buildnumber-maven-plugin:1.4:create (default) @ commons-rng-core ---
[INFO] Executing: /bin/sh -c cd '/home/tasfia/Desktop/OE25-DEV/projects_decomposed/commons-rng/commons-rng-core' && 'git' 'rev-parse' '--verify' 'HEAD'
[INFO] Working directory: /home/tasfia/Desktop/OE25-DEV/projects_decomposed/commons-rng/commons-rng-core
[INFO] Storing buildNumber: 685bfddf08d4cc096c0d12e9117a2d01f808d66c at timestamp: 2026-03-08 23:54:14-0500
[INFO] Storing buildScmBranch: final-single-assertion-dataset
[INFO] 
[INFO] --- maven-resources-plugin:3.1.0:resources (default-resources) @ commons-rng-core ---
[INFO] Using 'UTF-8' encoding to copy filtered resources.
[INFO] skip non existing resourceDirectory /home/tasfia/Desktop/OE25-DEV/projects_decomposed/commons-rng/commons-rng-core/src/main/resources
[INFO] Copying 2 resources to META-INF
[INFO] 
[INFO] --- maven-compiler-plugin:3.8.1:compile (default-compile) @ commons-rng-core ---
[INFO] Changes detected - recompiling the module!
[INFO] Compiling 63 source files to /home/tasfia/Desktop/OE25-DEV/projects_decomposed/commons-rng/commons-rng-core/target/classes
[INFO] 
[INFO] --- maven-bundle-plugin:5.1.1:manifest (bundle-manifest) @ commons-rng-core ---
[INFO] 
[INFO] --- maven-resources-plugin:3.1.0:testResources (default-testResources) @ commons-rng-core ---
[INFO] Using 'UTF-8' encoding to copy filtered resources.
[INFO] skip non existing resourceDirectory /home/tasfia/Desktop/OE25-DEV/projects_decomposed/commons-rng/commons-rng-core/src/test/resources
[INFO] Copying 2 resources to META-INF
[INFO] 
[INFO] --- maven-compiler-plugin:3.8.1:testCompile (default-testCompile) @ commons-rng-core ---
[INFO] Changes detected - recompiling the module!
[INFO] Compiling 104 source files to /home/tasfia/Desktop/OE25-DEV/projects_decomposed/commons-rng/commons-rng-core/target/test-classes
[INFO] -------------------------------------------------------------
[WARNING] COMPILATION WARNING : 
[INFO] -------------------------------------------------------------
[WARNING] /home/tasfia/Desktop/OE25-DEV/projects_decomposed/commons-rng/commons-rng-core/src/test/java/org/apache/commons/rng/core/util/NumberFactoryTest.java:[43,41] makeBoolean(int) in org.apache.commons.rng.core.util.NumberFactory has been deprecated
[WARNING] /home/tasfia/Desktop/OE25-DEV/projects_decomposed/commons-rng/commons-rng-core/src/test/java/org/apache/commons/rng/core/util/NumberFactoryTest.java:[44,41] makeBoolean(int) in org.apache.commons.rng.core.util.NumberFactory has been deprecated
[WARNING] /home/tasfia/Desktop/OE25-DEV/projects_decomposed/commons-rng/commons-rng-core/src/test/java/org/apache/commons/rng/core/util/NumberFactoryTest.java:[51,41] makeBoolean(long) in org.apache.commons.rng.core.util.NumberFactory has been deprecated
[WARNING] /home/tasfia/Desktop/OE25-DEV/projects_decomposed/commons-rng/commons-rng-core/src/test/java/org/apache/commons/rng/core/util/NumberFactoryTest.java:[52,41] makeBoolean(long) in org.apache.commons.rng.core.util.NumberFactory has been deprecated
[WARNING] /home/tasfia/Desktop/OE25-DEV/projects_decomposed/commons-rng/commons-rng-core/src/test/java/org/apache/commons/rng/core/util/NumberFactoryTest.java:[59,58] makeInt(long) in org.apache.commons.rng.core.util.NumberFactory has been deprecated
[WARNING] /home/tasfia/Desktop/OE25-DEV/projects_decomposed/commons-rng/commons-rng-core/src/test/java/org/apache/commons/rng/core/util/NumberFactoryTest.java:[60,58] makeInt(long) in org.apache.commons.rng.core.util.NumberFactory has been deprecated
[WARNING] /home/tasfia/Desktop/OE25-DEV/projects_decomposed/commons-rng/commons-rng-core/src/test/java/org/apache/commons/rng/core/util/NumberFactoryTest.java:[61,58] makeInt(long) in org.apache.commons.rng.core.util.NumberFactory has been deprecated
[WARNING] /home/tasfia/Desktop/OE25-DEV/projects_decomposed/commons-rng/commons-rng-core/src/test/java/org/apache/commons/rng/core/util/NumberFactoryTest.java:[62,58] makeInt(long) in org.apache.commons.rng.core.util.NumberFactory has been deprecated
[WARNING] /home/tasfia/Desktop/OE25-DEV/projects_decomposed/commons-rng/commons-rng-core/src/test/java/org/apache/commons/rng/core/util/NumberFactoryTest.java:[63,58] makeInt(long) in org.apache.commons.rng.core.util.NumberFactory has been deprecated
[WARNING] /home/tasfia/Desktop/OE25-DEV/projects_decomposed/commons-rng/commons-rng-core/src/test/java/org/apache/commons/rng/core/util/NumberFactoryTest.java:[64,58] makeInt(long) in org.apache.commons.rng.core.util.NumberFactory has been deprecated
[WARNING] /home/tasfia/Desktop/OE25-DEV/projects_decomposed/commons-rng/commons-rng-core/src/test/java/org/apache/commons/rng/core/util/NumberFactoryTest.java:[65,58] makeInt(long) in org.apache.commons.rng.core.util.NumberFactory has been deprecated
[WARNING] /home/tasfia/Desktop/OE25-DEV/projects_decomposed/commons-rng/commons-rng-core/src/test/java/org/apache/commons/rng/core/util/NumberFactoryTest.java:[66,58] makeInt(long) in org.apache.commons.rng.core.util.NumberFactory has been deprecated
[WARNING] /home/tasfia/Desktop/OE25-DEV/projects_decomposed/commons-rng/commons-rng-core/src/test/java/org/apache/commons/rng/core/util/NumberFactoryTest_OE25Dev.java:[81,41] makeBoolean(int) in org.apache.commons.rng.core.util.NumberFactory has been deprecated
[WARNING] /home/tasfia/Desktop/OE25-DEV/projects_decomposed/commons-rng/commons-rng-core/src/test/java/org/apache/commons/rng/core/util/NumberFactoryTest_OE25Dev.java:[82,41] makeBoolean(int) in org.apache.commons.rng.core.util.NumberFactory has been deprecated
[WARNING] /home/tasfia/Desktop/OE25-DEV/projects_decomposed/commons-rng/commons-rng-core/src/test/java/org/apache/commons/rng/core/util/NumberFactoryTest_OE25Dev.java:[89,41] makeBoolean(long) in org.apache.commons.rng.core.util.NumberFactory has been deprecated
[WARNING] /home/tasfia/Desktop/OE25-DEV/projects_decomposed/commons-rng/commons-rng-core/src/test/java/org/apache/commons/rng/core/util/NumberFactoryTest_OE25Dev.java:[90,41] makeBoolean(long) in org.apache.commons.rng.core.util.NumberFactory has been deprecated
[WARNING] /home/tasfia/Desktop/OE25-DEV/projects_decomposed/commons-rng/commons-rng-core/src/test/java/org/apache/commons/rng/core/util/NumberFactoryTest_OE25Dev.java:[97,58] makeInt(long) in org.apache.commons.rng.core.util.NumberFactory has been deprecated
[WARNING] /home/tasfia/Desktop/OE25-DEV/projects_decomposed/commons-rng/commons-rng-core/src/test/java/org/apache/commons/rng/core/util/NumberFactoryTest_OE25Dev.java:[98,58] makeInt(long) in org.apache.commons.rng.core.util.NumberFactory has been deprecated
[WARNING] /home/tasfia/Desktop/OE25-DEV/projects_decomposed/commons-rng/commons-rng-core/src/test/java/org/apache/commons/rng/core/util/NumberFactoryTest_OE25Dev.java:[99,58] makeInt(long) in org.apache.commons.rng.core.util.NumberFactory has been deprecated
[WARNING] /home/tasfia/Desktop/OE25-DEV/projects_decomposed/commons-rng/commons-rng-core/src/test/java/org/apache/commons/rng/core/util/NumberFactoryTest_OE25Dev.java:[100,58] makeInt(long) in org.apache.commons.rng.core.util.NumberFactory has been deprecated
[WARNING] /home/tasfia/Desktop/OE25-DEV/projects_decomposed/commons-rng/commons-rng-core/src/test/java/org/apache/commons/rng/core/util/NumberFactoryTest_OE25Dev.java:[101,58] makeInt(long) in org.apache.commons.rng.core.util.NumberFactory has been deprecated
[WARNING] /home/tasfia/Desktop/OE25-DEV/projects_decomposed/commons-rng/commons-rng-core/src/test/java/org/apache/commons/rng/core/util/NumberFactoryTest_OE25Dev.java:[102,58] makeInt(long) in org.apache.commons.rng.core.util.NumberFactory has been deprecated
[WARNING] /home/tasfia/Desktop/OE25-DEV/projects_decomposed/commons-rng/commons-rng-core/src/test/java/org/apache/commons/rng/core/util/NumberFactoryTest_OE25Dev.java:[103,58] makeInt(long) in org.apache.commons.rng.core.util.NumberFactory has been deprecated
[WARNING] /home/tasfia/Desktop/OE25-DEV/projects_decomposed/commons-rng/commons-rng-core/src/test/java/org/apache/commons/rng/core/util/NumberFactoryTest_OE25Dev.java:[104,58] makeInt(long) in org.apache.commons.rng.core.util.NumberFactory has been deprecated
[INFO] 24 warnings 
[INFO] -------------------------------------------------------------
[INFO] -------------------------------------------------------------
[ERROR] COMPILATION ERROR : 
[INFO] -------------------------------------------------------------
[ERROR] /home/tasfia/Desktop/OE25-DEV/projects_decomposed/commons-rng/commons-rng-core/src/test/java/org/apache/commons/rng/core/ProvidersCommonParametricTest_OE25Dev.java:[588,10] method testPreconditionNextInt(org.apache.commons.rng.UniformRandomProvider) is already defined in class org.apache.commons.rng.core.ProvidersCommonParametricTest_OE25Dev
[ERROR] /home/tasfia/Desktop/OE25-DEV/projects_decomposed/commons-rng/commons-rng-core/src/test/java/org/apache/commons/rng/core/ProvidersCommonParametricTest_OE25Dev.java:[595,10] method testPreconditionNextLong(org.apache.commons.rng.UniformRandomProvider) is already defined in class org.apache.commons.rng.core.ProvidersCommonParametricTest_OE25Dev
[ERROR] /home/tasfia/Desktop/OE25-DEV/projects_decomposed/commons-rng/commons-rng-core/src/test/java/org/apache/commons/rng/core/ProvidersCommonParametricTest_OE25Dev.java:[602,10] method testPreconditionNextBytes(org.apache.commons.rng.UniformRandomProvider) is already defined in class org.apache.commons.rng.core.ProvidersCommonParametricTest_OE25Dev
[ERROR] /home/tasfia/Desktop/OE25-DEV/projects_decomposed/commons-rng/commons-rng-core/src/test/java/org/apache/commons/rng/core/ProvidersCommonParametricTest_OE25Dev.java:[615,10] method testUniformNextBytesFullBuffer(org.apache.commons.rng.UniformRandomProvider) is already defined in class org.apache.commons.rng.core.ProvidersCommonParametricTest_OE25Dev
[ERROR] /home/tasfia/Desktop/OE25-DEV/projects_decomposed/commons-rng/commons-rng-core/src/test/java/org/apache/commons/rng/core/ProvidersCommonParametricTest_OE25Dev.java:[633,10] method testUniformNextBytesPartialBuffer(org.apache.commons.rng.UniformRandomProvider) is already defined in class org.apache.commons.rng.core.ProvidersCommonParametricTest_OE25Dev
[ERROR] /home/tasfia/Desktop/OE25-DEV/projects_decomposed/commons-rng/commons-rng-core/src/test/java/org/apache/commons/rng/core/ProvidersCommonParametricTest_OE25Dev.java:[657,10] method testStateSettable(org.apache.commons.rng.RestorableUniformRandomProvider) is already defined in class org.apache.commons.rng.core.ProvidersCommonParametricTest_OE25Dev
[ERROR] /home/tasfia/Desktop/OE25-DEV/projects_decomposed/commons-rng/commons-rng-core/src/test/java/org/apache/commons/rng/core/ProvidersCommonParametricTest_OE25Dev.java:[681,10] method testStateWrongSize(org.apache.commons.rng.RestorableUniformRandomProvider) is already defined in class org.apache.commons.rng.core.ProvidersCommonParametricTest_OE25Dev
[ERROR] /home/tasfia/Desktop/OE25-DEV/projects_decomposed/commons-rng/commons-rng-core/src/test/java/org/apache/commons/rng/core/ProvidersCommonParametricTest_OE25Dev.java:[689,10] method testRestoreForeignState(org.apache.commons.rng.RestorableUniformRandomProvider) is already defined in class org.apache.commons.rng.core.ProvidersCommonParametricTest_OE25Dev
[ERROR] /home/tasfia/Desktop/OE25-DEV/projects_decomposed/commons-rng/commons-rng-core/src/test/java/org/apache/commons/rng/core/JumpableProvidersParametricTest_OE25Dev.java:[285,10] method testJumpReturnsACopy(org.apache.commons.rng.JumpableUniformRandomProvider) is already defined in class org.apache.commons.rng.core.JumpableProvidersParametricTest_OE25Dev
[ERROR] /home/tasfia/Desktop/OE25-DEV/projects_decomposed/commons-rng/commons-rng-core/src/test/java/org/apache/commons/rng/core/JumpableProvidersParametricTest_OE25Dev.java:[291,10] method testLongJumpReturnsACopy(org.apache.commons.rng.JumpableUniformRandomProvider) is already defined in class org.apache.commons.rng.core.JumpableProvidersParametricTest_OE25Dev
[ERROR] /home/tasfia/Desktop/OE25-DEV/projects_decomposed/commons-rng/commons-rng-core/src/test/java/org/apache/commons/rng/core/JumpableProvidersParametricTest_OE25Dev.java:[297,10] method testJumpCopyMatchesPreJumpState(org.apache.commons.rng.JumpableUniformRandomProvider) is already defined in class org.apache.commons.rng.core.JumpableProvidersParametricTest_OE25Dev
[ERROR] /home/tasfia/Desktop/OE25-DEV/projects_decomposed/commons-rng/commons-rng-core/src/test/java/org/apache/commons/rng/core/JumpableProvidersParametricTest_OE25Dev.java:[303,10] method testLongJumpCopyMatchesPreJumpState(org.apache.commons.rng.JumpableUniformRandomProvider) is already defined in class org.apache.commons.rng.core.JumpableProvidersParametricTest_OE25Dev
[ERROR] /home/tasfia/Desktop/OE25-DEV/projects_decomposed/commons-rng/commons-rng-core/src/test/java/org/apache/commons/rng/core/JumpableProvidersParametricTest_OE25Dev.java:[309,10] method testJumpResetsDefaultState(org.apache.commons.rng.JumpableUniformRandomProvider) is already defined in class org.apache.commons.rng.core.JumpableProvidersParametricTest_OE25Dev
[ERROR] /home/tasfia/Desktop/OE25-DEV/projects_decomposed/commons-rng/commons-rng-core/src/test/java/org/apache/commons/rng/core/JumpableProvidersParametricTest_OE25Dev.java:[315,10] method testLongJumpResetsDefaultState(org.apache.commons.rng.JumpableUniformRandomProvider) is already defined in class org.apache.commons.rng.core.JumpableProvidersParametricTest_OE25Dev
[ERROR] /home/tasfia/Desktop/OE25-DEV/projects_decomposed/commons-rng/commons-rng-core/src/test/java/org/apache/commons/rng/core/ProvidersCommonParametricTest_OE25Dev.java:[587,6] cannot find symbol
  symbol:   class MethodSource_oe
  location: class org.apache.commons.rng.core.ProvidersCommonParametricTest_OE25Dev
[ERROR] /home/tasfia/Desktop/OE25-DEV/projects_decomposed/commons-rng/commons-rng-core/src/test/java/org/apache/commons/rng/core/ProvidersCommonParametricTest_OE25Dev.java:[594,6] cannot find symbol
  symbol:   class MethodSource_oe
  location: class org.apache.commons.rng.core.ProvidersCommonParametricTest_OE25Dev
[ERROR] /home/tasfia/Desktop/OE25-DEV/projects_decomposed/commons-rng/commons-rng-core/src/test/java/org/apache/commons/rng/core/ProvidersCommonParametricTest_OE25Dev.java:[601,6] cannot find symbol
  symbol:   class MethodSource_oe
  location: class org.apache.commons.rng.core.ProvidersCommonParametricTest_OE25Dev
[ERROR] /home/tasfia/Desktop/OE25-DEV/projects_decomposed/commons-rng/commons-rng-core/src/test/java/org/apache/commons/rng/core/ProvidersCommonParametricTest_OE25Dev.java:[614,6] cannot find symbol
  symbol:   class MethodSource_oe
  location: class org.apache.commons.rng.core.ProvidersCommonParametricTest_OE25Dev
[ERROR] /home/tasfia/Desktop/OE25-DEV/projects_decomposed/commons-rng/commons-rng-core/src/test/java/org/apache/commons/rng/core/ProvidersCommonParametricTest_OE25Dev.java:[632,6] cannot find symbol
  symbol:   class MethodSource_oe
  location: class org.apache.commons.rng.core.ProvidersCommonParametricTest_OE25Dev
[ERROR] /home/tasfia/Desktop/OE25-DEV/projects_decomposed/commons-rng/commons-rng-core/src/test/java/org/apache/commons/rng/core/ProvidersCommonParametricTest_OE25Dev.java:[656,6] cannot find symbol
  symbol:   class MethodSource_oe
  location: class org.apache.commons.rng.core.ProvidersCommonParametricTest_OE25Dev
[ERROR] /home/tasfia/Desktop/OE25-DEV/projects_decomposed/commons-rng/commons-rng-core/src/test/java/org/apache/commons/rng/core/ProvidersCommonParametricTest_OE25Dev.java:[680,6] cannot find symbol
  symbol:   class MethodSource_oe
  location: class org.apache.commons.rng.core.ProvidersCommonParametricTest_OE25Dev
[ERROR] /home/tasfia/Desktop/OE25-DEV/projects_decomposed/commons-rng/commons-rng-core/src/test/java/org/apache/commons/rng/core/ProvidersCommonParametricTest_OE25Dev.java:[688,6] cannot find symbol
  symbol:   class MethodSource_oe
  location: class org.apache.commons.rng.core.ProvidersCommonParametricTest_OE25Dev
[ERROR] /home/tasfia/Desktop/OE25-DEV/projects_decomposed/commons-rng/commons-rng-core/src/test/java/org/apache/commons/rng/core/JumpableProvidersParametricTest_OE25Dev.java:[284,6] cannot find symbol
  symbol:   class MethodSource_oe
  location: class org.apache.commons.rng.core.JumpableProvidersParametricTest_OE25Dev
[ERROR] /home/tasfia/Desktop/OE25-DEV/projects_decomposed/commons-rng/commons-rng-core/src/test/java/org/apache/commons/rng/core/JumpableProvidersParametricTest_OE25Dev.java:[290,6] cannot find symbol
  symbol:   class MethodSource_oe
  location: class org.apache.commons.rng.core.JumpableProvidersParametricTest_OE25Dev
[ERROR] /home/tasfia/Desktop/OE25-DEV/projects_decomposed/commons-rng/commons-rng-core/src/test/java/org/apache/commons/rng/core/JumpableProvidersParametricTest_OE25Dev.java:[296,6] cannot find symbol
  symbol:   class MethodSource_oe
  location: class org.apache.commons.rng.core.JumpableProvidersParametricTest_OE25Dev
[ERROR] /home/tasfia/Desktop/OE25-DEV/projects_decomposed/commons-rng/commons-rng-core/src/test/java/org/apache/commons/rng/core/JumpableProvidersParametricTest_OE25Dev.java:[302,6] cannot find symbol
  symbol:   class MethodSource_oe
  location: class org.apache.commons.rng.core.JumpableProvidersParametricTest_OE25Dev
[ERROR] /home/tasfia/Desktop/OE25-DEV/projects_decomposed/commons-rng/commons-rng-core/src/test/java/org/apache/commons/rng/core/JumpableProvidersParametricTest_OE25Dev.java:[308,6] cannot find symbol
  symbol:   class MethodSource_oe
  location: class org.apache.commons.rng.core.JumpableProvidersParametricTest_OE25Dev
[ERROR] /home/tasfia/Desktop/OE25-DEV/projects_decomposed/commons-rng/commons-rng-core/src/test/java/org/apache/commons/rng/core/JumpableProvidersParametricTest_OE25Dev.java:[314,6] cannot find symbol
  symbol:   class MethodSource_oe
  location: class org.apache.commons.rng.core.JumpableProvidersParametricTest_OE25Dev
[INFO] 28 errors 
[INFO] -------------------------------------------------------------
[INFO] ------------------------------------------------------------------------
[INFO] BUILD FAILURE
[INFO] ------------------------------------------------------------------------
[INFO] Total time:  8.254 s
[INFO] Finished at: 2026-03-08T23:54:19-05:00
[INFO] ------------------------------------------------------------------------
[ERROR] Failed to execute goal org.apache.maven.plugins:maven-compiler-plugin:3.8.1:testCompile (default-testCompile) on project commons-rng-core: Compilation failure: Compilation failure: 
[ERROR] /home/tasfia/Desktop/OE25-DEV/projects_decomposed/commons-rng/commons-rng-core/src/test/java/org/apache/commons/rng/core/ProvidersCommonParametricTest_OE25Dev.java:[588,10] method testPreconditionNextInt(org.apache.commons.rng.UniformRandomProvider) is already defined in class org.apache.commons.rng.core.ProvidersCommonParametricTest_OE25Dev
[ERROR] /home/tasfia/Desktop/OE25-DEV/projects_decomposed/commons-rng/commons-rng-core/src/test/java/org/apache/commons/rng/core/ProvidersCommonParametricTest_OE25Dev.java:[595,10] method testPreconditionNextLong(org.apache.commons.rng.UniformRandomProvider) is already defined in class org.apache.commons.rng.core.ProvidersCommonParametricTest_OE25Dev
[ERROR] /home/tasfia/Desktop/OE25-DEV/projects_decomposed/commons-rng/commons-rng-core/src/test/java/org/apache/commons/rng/core/ProvidersCommonParametricTest_OE25Dev.java:[602,10] method testPreconditionNextBytes(org.apache.commons.rng.UniformRandomProvider) is already defined in class org.apache.commons.rng.core.ProvidersCommonParametricTest_OE25Dev
[ERROR] /home/tasfia/Desktop/OE25-DEV/projects_decomposed/commons-rng/commons-rng-core/src/test/java/org/apache/commons/rng/core/ProvidersCommonParametricTest_OE25Dev.java:[615,10] method testUniformNextBytesFullBuffer(org.apache.commons.rng.UniformRandomProvider) is already defined in class org.apache.commons.rng.core.ProvidersCommonParametricTest_OE25Dev
[ERROR] /home/tasfia/Desktop/OE25-DEV/projects_decomposed/commons-rng/commons-rng-core/src/test/java/org/apache/commons/rng/core/ProvidersCommonParametricTest_OE25Dev.java:[633,10] method testUniformNextBytesPartialBuffer(org.apache.commons.rng.UniformRandomProvider) is already defined in class org.apache.commons.rng.core.ProvidersCommonParametricTest_OE25Dev
[ERROR] /home/tasfia/Desktop/OE25-DEV/projects_decomposed/commons-rng/commons-rng-core/src/test/java/org/apache/commons/rng/core/ProvidersCommonParametricTest_OE25Dev.java:[657,10] method testStateSettable(org.apache.commons.rng.RestorableUniformRandomProvider) is already defined in class org.apache.commons.rng.core.ProvidersCommonParametricTest_OE25Dev
[ERROR] /home/tasfia/Desktop/OE25-DEV/projects_decomposed/commons-rng/commons-rng-core/src/test/java/org/apache/commons/rng/core/ProvidersCommonParametricTest_OE25Dev.java:[681,10] method testStateWrongSize(org.apache.commons.rng.RestorableUniformRandomProvider) is already defined in class org.apache.commons.rng.core.ProvidersCommonParametricTest_OE25Dev
[ERROR] /home/tasfia/Desktop/OE25-DEV/projects_decomposed/commons-rng/commons-rng-core/src/test/java/org/apache/commons/rng/core/ProvidersCommonParametricTest_OE25Dev.java:[689,10] method testRestoreForeignState(org.apache.commons.rng.RestorableUniformRandomProvider) is already defined in class org.apache.commons.rng.core.ProvidersCommonParametricTest_OE25Dev
[ERROR] /home/tasfia/Desktop/OE25-DEV/projects_decomposed/commons-rng/commons-rng-core/src/test/java/org/apache/commons/rng/core/JumpableProvidersParametricTest_OE25Dev.java:[285,10] method testJumpReturnsACopy(org.apache.commons.rng.JumpableUniformRandomProvider) is already defined in class org.apache.commons.rng.core.JumpableProvidersParametricTest_OE25Dev
[ERROR] /home/tasfia/Desktop/OE25-DEV/projects_decomposed/commons-rng/commons-rng-core/src/test/java/org/apache/commons/rng/core/JumpableProvidersParametricTest_OE25Dev.java:[291,10] method testLongJumpReturnsACopy(org.apache.commons.rng.JumpableUniformRandomProvider) is already defined in class org.apache.commons.rng.core.JumpableProvidersParametricTest_OE25Dev
[ERROR] /home/tasfia/Desktop/OE25-DEV/projects_decomposed/commons-rng/commons-rng-core/src/test/java/org/apache/commons/rng/core/JumpableProvidersParametricTest_OE25Dev.java:[297,10] method testJumpCopyMatchesPreJumpState(org.apache.commons.rng.JumpableUniformRandomProvider) is already defined in class org.apache.commons.rng.core.JumpableProvidersParametricTest_OE25Dev
[ERROR] /home/tasfia/Desktop/OE25-DEV/projects_decomposed/commons-rng/commons-rng-core/src/test/java/org/apache/commons/rng/core/JumpableProvidersParametricTest_OE25Dev.java:[303,10] method testLongJumpCopyMatchesPreJumpState(org.apache.commons.rng.JumpableUniformRandomProvider) is already defined in class org.apache.commons.rng.core.JumpableProvidersParametricTest_OE25Dev
[ERROR] /home/tasfia/Desktop/OE25-DEV/projects_decomposed/commons-rng/commons-rng-core/src/test/java/org/apache/commons/rng/core/JumpableProvidersParametricTest_OE25Dev.java:[309,10] method testJumpResetsDefaultState(org.apache.commons.rng.JumpableUniformRandomProvider) is already defined in class org.apache.commons.rng.core.JumpableProvidersParametricTest_OE25Dev
[ERROR] /home/tasfia/Desktop/OE25-DEV/projects_decomposed/commons-rng/commons-rng-core/src/test/java/org/apache/commons/rng/core/JumpableProvidersParametricTest_OE25Dev.java:[315,10] method testLongJumpResetsDefaultState(org.apache.commons.rng.JumpableUniformRandomProvider) is already defined in class org.apache.commons.rng.core.JumpableProvidersParametricTest_OE25Dev
[ERROR] /home/tasfia/Desktop/OE25-DEV/projects_decomposed/commons-rng/commons-rng-core/src/test/java/org/apache/commons/rng/core/ProvidersCommonParametricTest_OE25Dev.java:[587,6] cannot find symbol
[ERROR]   symbol:   class MethodSource_oe
[ERROR]   location: class org.apache.commons.rng.core.ProvidersCommonParametricTest_OE25Dev
[ERROR] /home/tasfia/Desktop/OE25-DEV/projects_decomposed/commons-rng/commons-rng-core/src/test/java/org/apache/commons/rng/core/ProvidersCommonParametricTest_OE25Dev.java:[594,6] cannot find symbol
[ERROR]   symbol:   class MethodSource_oe
[ERROR]   location: class org.apache.commons.rng.core.ProvidersCommonParametricTest_OE25Dev
[ERROR] /home/tasfia/Desktop/OE25-DEV/projects_decomposed/commons-rng/commons-rng-core/src/test/java/org/apache/commons/rng/core/ProvidersCommonParametricTest_OE25Dev.java:[601,6] cannot find symbol
[ERROR]   symbol:   class MethodSource_oe
[ERROR]   location: class org.apache.commons.rng.core.ProvidersCommonParametricTest_OE25Dev
[ERROR] /home/tasfia/Desktop/OE25-DEV/projects_decomposed/commons-rng/commons-rng-core/src/test/java/org/apache/commons/rng/core/ProvidersCommonParametricTest_OE25Dev.java:[614,6] cannot find symbol
[ERROR]   symbol:   class MethodSource_oe
[ERROR]   location: class org.apache.commons.rng.core.ProvidersCommonParametricTest_OE25Dev
[ERROR] /home/tasfia/Desktop/OE25-DEV/projects_decomposed/commons-rng/commons-rng-core/src/test/java/org/apache/commons/rng/core/ProvidersCommonParametricTest_OE25Dev.java:[632,6] cannot find symbol
[ERROR]   symbol:   class MethodSource_oe
[ERROR]   location: class org.apache.commons.rng.core.ProvidersCommonParametricTest_OE25Dev
[ERROR] /home/tasfia/Desktop/OE25-DEV/projects_decomposed/commons-rng/commons-rng-core/src/test/java/org/apache/commons/rng/core/ProvidersCommonParametricTest_OE25Dev.java:[656,6] cannot find symbol
[ERROR]   symbol:   class MethodSource_oe
[ERROR]   location: class org.apache.commons.rng.core.ProvidersCommonParametricTest_OE25Dev
[ERROR] /home/tasfia/Desktop/OE25-DEV/projects_decomposed/commons-rng/commons-rng-core/src/test/java/org/apache/commons/rng/core/ProvidersCommonParametricTest_OE25Dev.java:[680,6] cannot find symbol
[ERROR]   symbol:   class MethodSource_oe
[ERROR]   location: class org.apache.commons.rng.core.ProvidersCommonParametricTest_OE25Dev
[ERROR] /home/tasfia/Desktop/OE25-DEV/projects_decomposed/commons-rng/commons-rng-core/src/test/java/org/apache/commons/rng/core/ProvidersCommonParametricTest_OE25Dev.java:[688,6] cannot find symbol
[ERROR]   symbol:   class MethodSource_oe
[ERROR]   location: class org.apache.commons.rng.core.ProvidersCommonParametricTest_OE25Dev
[ERROR] /home/tasfia/Desktop/OE25-DEV/projects_decomposed/commons-rng/commons-rng-core/src/test/java/org/apache/commons/rng/core/JumpableProvidersParametricTest_OE25Dev.java:[284,6] cannot find symbol
[ERROR]   symbol:   class MethodSource_oe
[ERROR]   location: class org.apache.commons.rng.core.JumpableProvidersParametricTest_OE25Dev
[ERROR] /home/tasfia/Desktop/OE25-DEV/projects_decomposed/commons-rng/commons-rng-core/src/test/java/org/apache/commons/rng/core/JumpableProvidersParametricTest_OE25Dev.java:[290,6] cannot find symbol
[ERROR]   symbol:   class MethodSource_oe
[ERROR]   location: class org.apache.commons.rng.core.JumpableProvidersParametricTest_OE25Dev
[ERROR] /home/tasfia/Desktop/OE25-DEV/projects_decomposed/commons-rng/commons-rng-core/src/test/java/org/apache/commons/rng/core/JumpableProvidersParametricTest_OE25Dev.java:[296,6] cannot find symbol
[ERROR]   symbol:   class MethodSource_oe
[ERROR]   location: class org.apache.commons.rng.core.JumpableProvidersParametricTest_OE25Dev
[ERROR] /home/tasfia/Desktop/OE25-DEV/projects_decomposed/commons-rng/commons-rng-core/src/test/java/org/apache/commons/rng/core/JumpableProvidersParametricTest_OE25Dev.java:[302,6] cannot find symbol
[ERROR]   symbol:   class MethodSource_oe
[ERROR]   location: class org.apache.commons.rng.core.JumpableProvidersParametricTest_OE25Dev
[ERROR] /home/tasfia/Desktop/OE25-DEV/projects_decomposed/commons-rng/commons-rng-core/src/test/java/org/apache/commons/rng/core/JumpableProvidersParametricTest_OE25Dev.java:[308,6] cannot find symbol
[ERROR]   symbol:   class MethodSource_oe
[ERROR]   location: class org.apache.commons.rng.core.JumpableProvidersParametricTest_OE25Dev
[ERROR] /home/tasfia/Desktop/OE25-DEV/projects_decomposed/commons-rng/commons-rng-core/src/test/java/org/apache/commons/rng/core/JumpableProvidersParametricTest_OE25Dev.java:[314,6] cannot find symbol
[ERROR]   symbol:   class MethodSource_oe
[ERROR]   location: class org.apache.commons.rng.core.JumpableProvidersParametricTest_OE25Dev
[ERROR] -> [Help 1]
[ERROR] 
[ERROR] To see the full stack trace of the errors, re-run Maven with the -e switch.
[ERROR] Re-run Maven using the -X switch to enable full debug logging.
[ERROR] 
[ERROR] For more information about the errors and possible solutions, please read the following articles:
[ERROR] [Help 1] http://cwiki.apache.org/confluence/display/MAVEN/MojoFailureException
