[INFO] Scanning for projects...
[INFO] 
[INFO] ------------< org.apache.commons:commons-vfs2-jackrabbit1 >-------------
[INFO] Building Apache Commons VFS Jackrabbit 1 2.9.0
[INFO]   from pom.xml
[INFO] --------------------------------[ jar ]---------------------------------
[INFO] 
[INFO] --- enforcer:3.0.0-M3:enforce (enforce-maven-version) @ commons-vfs2-jackrabbit1 ---
[INFO] 
[INFO] --- enforcer:3.0.0-M3:enforce (enforce-maven-3) @ commons-vfs2-jackrabbit1 ---
[INFO] 
[INFO] --- apache-rat:0.13:check (rat-check) @ commons-vfs2-jackrabbit1 ---
[INFO] RAT will not execute since it is configured to be skipped via system property 'rat.skip'.
[INFO] 
[INFO] --- build-helper:3.2.0:parse-version (parse-version) @ commons-vfs2-jackrabbit1 ---
[INFO] 
[INFO] --- antrun:1.8:run (javadoc.resources) @ commons-vfs2-jackrabbit1 ---
[INFO] Executing tasks

main:
[INFO] Executed tasks
[INFO] 
[INFO] --- antrun:1.8:run (vfs-jar-manifest) @ commons-vfs2-jackrabbit1 ---
[INFO] Executing tasks

main:
[INFO] Executed tasks
[INFO] 
[INFO] --- remote-resources:1.7.0:process (process-resource-bundles) @ commons-vfs2-jackrabbit1 ---
[INFO] Skipping remote resources execution.
[INFO] 
[INFO] --- buildnumber:1.4:create (default) @ commons-vfs2-jackrabbit1 ---
[INFO] Executing: /bin/sh -c cd '/sfs/weka/scratch/wxw9rr/artifact/RQ3/OE25-DEV/commons-vfs-2.9.0/commons-vfs2-jackrabbit1' && 'git' 'rev-parse' '--verify' 'HEAD'
[INFO] Working directory: /sfs/weka/scratch/wxw9rr/artifact/RQ3/OE25-DEV/commons-vfs-2.9.0/commons-vfs2-jackrabbit1
[INFO] Storing buildNumber: 40a68b3dc77ccf9691a570ece8f069a7e58d2a48 at timestamp: 1768454859382
[INFO] Storing buildScmBranch: main
[INFO] 
[INFO] --- resources:3.1.0:resources (default-resources) @ commons-vfs2-jackrabbit1 ---
[INFO] Using 'UTF-8' encoding to copy filtered resources.
[INFO] skip non existing resourceDirectory /sfs/weka/scratch/wxw9rr/artifact/RQ3/OE25-DEV/commons-vfs-2.9.0/commons-vfs2-jackrabbit1/src/main/resources
[INFO] Copying 2 resources to META-INF
[INFO] 
[INFO] --- compiler:3.8.1:compile (default-compile) @ commons-vfs2-jackrabbit1 ---
[INFO] Nothing to compile - all classes are up to date
[INFO] 
[INFO] --- bundle:5.1.2:manifest (bundle-manifest) @ commons-vfs2-jackrabbit1 ---
[WARNING] Manifest org.apache.commons:commons-vfs2-jackrabbit1:jar:2.9.0 : Unused Import-Package instructions: [org.apache.hadoop.*, org.apache.tools.ant.*] 
[INFO] 
[INFO] --- resources:3.1.0:testResources (default-testResources) @ commons-vfs2-jackrabbit1 ---
[INFO] Using 'UTF-8' encoding to copy filtered resources.
[INFO] Copying 48 resources
[INFO] Copying 2 resources to META-INF
[INFO] 
[INFO] --- compiler:3.8.1:testCompile (default-testCompile) @ commons-vfs2-jackrabbit1 ---
[INFO] Changes detected - recompiling the module!
[INFO] Compiling 7 source files to /sfs/weka/scratch/wxw9rr/artifact/RQ3/OE25-DEV/commons-vfs-2.9.0/commons-vfs2-jackrabbit1/target/test-classes
[INFO] /sfs/weka/scratch/wxw9rr/artifact/RQ3/OE25-DEV/commons-vfs-2.9.0/commons-vfs2-jackrabbit1/src/test/java/org/apache/commons/vfs2/provider/webdav/test/WebdavVersioningTests.java: /sfs/weka/scratch/wxw9rr/artifact/RQ3/OE25-DEV/commons-vfs-2.9.0/commons-vfs2-jackrabbit1/src/test/java/org/apache/commons/vfs2/provider/webdav/test/WebdavVersioningTests.java uses or overrides a deprecated API.
[INFO] /sfs/weka/scratch/wxw9rr/artifact/RQ3/OE25-DEV/commons-vfs-2.9.0/commons-vfs2-jackrabbit1/src/test/java/org/apache/commons/vfs2/provider/webdav/test/WebdavVersioningTests.java: Recompile with -Xlint:deprecation for details.
[INFO] 
[INFO] --- antrun:1.8:run (default) @ commons-vfs2-jackrabbit1 ---
[INFO] Executing tasks

main:
     [move] Moving 2 files to /sfs/weka/scratch/wxw9rr/artifact/RQ3/OE25-DEV/commons-vfs-2.9.0/commons-vfs2-jackrabbit1/target/test-classes/test-data/code
[INFO] Executed tasks
[INFO] 
[INFO] --- animal-sniffer:1.19:check (checkAPIcompatibility) @ commons-vfs2-jackrabbit1 ---
[INFO] Checking unresolved references to org.codehaus.mojo.signature:java18:1.0
[INFO] 
[INFO] --- surefire:3.0.0-M5:test (default-test) @ commons-vfs2-jackrabbit1 ---
[INFO] 
[INFO] -------------------------------------------------------
[INFO]  T E S T S
[INFO] -------------------------------------------------------
[ERROR] Picked up _JAVA_OPTIONS: -Djava.io.tmpdir=/sfs/weka/scratch/wxw9rr/tmp
[INFO] Running org.apache.commons.vfs2.provider.webdav.test.WebdavProviderTestCase
[ERROR] Tests run: 1, Failures: 0, Errors: 1, Skipped: 0, Time elapsed: 1.907 s <<< FAILURE! - in org.apache.commons.vfs2.provider.webdav.test.WebdavProviderTestCase
[ERROR] org.apache.commons.vfs2.provider.webdav.test.WebdavProviderTestCase$1.junit.framework.TestSuite@6ecab872  Time elapsed: 1.903 s  <<< ERROR!
java.lang.IllegalStateException: Not initialized
	at org.apache.commons.vfs2.provider.webdav.test.WebdavProviderTestCase$1.setUp(WebdavProviderTestCase.java:241)

[INFO] 
[INFO] Results:
[INFO] 
[ERROR] Errors: 
[ERROR]   WebdavProviderTestCase$1>AbstractTestSuite.run:234->AbstractTestSuite.lambda$run$0:229->setUp:241 » IllegalState
[INFO] 
[ERROR] Tests run: 1, Failures: 0, Errors: 1, Skipped: 0
[INFO] 
[INFO] ------------------------------------------------------------------------
[INFO] BUILD FAILURE
[INFO] ------------------------------------------------------------------------
[INFO] Total time:  5.873 s
[INFO] Finished at: 2026-01-15T00:27:44-05:00
[INFO] ------------------------------------------------------------------------
[ERROR] Failed to execute goal org.apache.maven.plugins:maven-surefire-plugin:3.0.0-M5:test (default-test) on project commons-vfs2-jackrabbit1: There are test failures.
[ERROR] 
[ERROR] Please refer to /sfs/weka/scratch/wxw9rr/artifact/RQ3/OE25-DEV/commons-vfs-2.9.0/commons-vfs2-jackrabbit1/target/surefire-reports for the individual test results.
[ERROR] Please refer to dump files (if any exist) [date].dump, [date]-jvmRun[N].dump and [date].dumpstream.
[ERROR] -> [Help 1]
[ERROR] 
[ERROR] To see the full stack trace of the errors, re-run Maven with the -e switch.
[ERROR] Re-run Maven using the -X switch to enable full debug logging.
[ERROR] 
[ERROR] For more information about the errors and possible solutions, please read the following articles:
[ERROR] [Help 1] http://cwiki.apache.org/confluence/display/MAVEN/MojoFailureException
