[INFO] Scanning for projects...
[INFO] 
[INFO] ----------------< commons-beanutils:commons-beanutils >-----------------
[INFO] Building Apache Commons BeanUtils 1.9.4
[INFO]   from pom.xml
[INFO] --------------------------------[ jar ]---------------------------------
[WARNING] The POM for commons-collections:commons-collections-testframework:jar:3.2.1 is missing, no dependency information available
[INFO] 
[INFO] --- clean:3.0.0:clean (default-clean) @ commons-beanutils ---
[INFO] Deleting /sfs/weka/scratch/wxw9rr/OE25-DEV/projects_original/commons-beanutils-1.9.4/null
[INFO] Deleting /sfs/weka/scratch/wxw9rr/OE25-DEV/projects_original/commons-beanutils-1.9.4/${target.dir}/classes
[INFO] Deleting /sfs/weka/scratch/wxw9rr/OE25-DEV/projects_original/commons-beanutils-1.9.4/${target.dir}/test-classes
[INFO] 
[INFO] --- enforcer:3.0.0-M2:enforce (enforce-maven-version) @ commons-beanutils ---
[INFO] 
[INFO] --- enforcer:3.0.0-M2:enforce (enforce-maven-3) @ commons-beanutils ---
[INFO] 
[INFO] --- build-helper:3.0.0:parse-version (parse-version) @ commons-beanutils ---
[INFO] 
[INFO] --- antrun:1.8:run (javadoc.resources) @ commons-beanutils ---
[INFO] Executing tasks

main:
[INFO] Executed tasks
[INFO] 
[INFO] --- remote-resources:1.5:process (process-resource-bundles) @ commons-beanutils ---
[INFO] 
[INFO] --- buildnumber:1.4:create (default) @ commons-beanutils ---
[INFO] Executing: /bin/sh -c cd '/sfs/weka/scratch/wxw9rr/OE25-DEV/projects_original/commons-beanutils-1.9.4' && 'svn' '--non-interactive' 'info'
[INFO] Working directory: /sfs/weka/scratch/wxw9rr/OE25-DEV/projects_original/commons-beanutils-1.9.4
[INFO] Storing buildNumber: ?????? at timestamp: 1768582094304
[INFO] Executing: /bin/sh -c cd '/sfs/weka/scratch/wxw9rr/OE25-DEV/projects_original/commons-beanutils-1.9.4' && 'svn' '--non-interactive' 'info'
[INFO] Working directory: /sfs/weka/scratch/wxw9rr/OE25-DEV/projects_original/commons-beanutils-1.9.4
[INFO] Storing buildScmBranch: UNKNOWN_BRANCH
[INFO] 
[INFO] --- resources:3.0.2:resources (default-resources) @ commons-beanutils ---
[INFO] Using 'iso-8859-1' encoding to copy filtered resources.
[INFO] skip non existing resourceDirectory /sfs/weka/scratch/wxw9rr/OE25-DEV/projects_original/commons-beanutils-1.9.4/src/main/resources
[INFO] Copying 2 resources to META-INF
[INFO] 
[INFO] --- compiler:3.7.0:compile (default-compile) @ commons-beanutils ---
[INFO] Changes detected - recompiling the module!
[INFO] Compiling 111 source files to /sfs/weka/scratch/wxw9rr/OE25-DEV/projects_original/commons-beanutils-1.9.4/${target.dir}/classes
[INFO] /sfs/weka/scratch/wxw9rr/OE25-DEV/projects_original/commons-beanutils-1.9.4/src/main/java/org/apache/commons/beanutils/WrapDynaClass.java: Some input files use or override a deprecated API.
[INFO] /sfs/weka/scratch/wxw9rr/OE25-DEV/projects_original/commons-beanutils-1.9.4/src/main/java/org/apache/commons/beanutils/WrapDynaClass.java: Recompile with -Xlint:deprecation for details.
[INFO] /sfs/weka/scratch/wxw9rr/OE25-DEV/projects_original/commons-beanutils-1.9.4/src/main/java/org/apache/commons/beanutils/converters/NumberConverter.java: Some input files use or override a deprecated API that is marked for removal.
[INFO] /sfs/weka/scratch/wxw9rr/OE25-DEV/projects_original/commons-beanutils-1.9.4/src/main/java/org/apache/commons/beanutils/converters/NumberConverter.java: Recompile with -Xlint:removal for details.
[INFO] /sfs/weka/scratch/wxw9rr/OE25-DEV/projects_original/commons-beanutils-1.9.4/src/main/java/org/apache/commons/beanutils/converters/AbstractArrayConverter.java: Some input files use unchecked or unsafe operations.
[INFO] /sfs/weka/scratch/wxw9rr/OE25-DEV/projects_original/commons-beanutils-1.9.4/src/main/java/org/apache/commons/beanutils/converters/AbstractArrayConverter.java: Recompile with -Xlint:unchecked for details.
[INFO] 
[INFO] --- bundle:3.5.0:manifest (bundle-manifest) @ commons-beanutils ---
[WARNING] The POM for commons-collections:commons-collections-testframework:jar:3.2.1 is missing, no dependency information available
[INFO] 
[INFO] --- animal-sniffer:1.16:check (checkAPIcompatibility) @ commons-beanutils ---
[INFO] Checking unresolved references to org.codehaus.mojo.signature:java18:1.0
[INFO] 
[INFO] --- resources:3.0.2:testResources (default-testResources) @ commons-beanutils ---
[INFO] Using 'iso-8859-1' encoding to copy filtered resources.
[INFO] skip non existing resourceDirectory /sfs/weka/scratch/wxw9rr/OE25-DEV/projects_original/commons-beanutils-1.9.4/src/test/resources
[INFO] Copying 2 resources to META-INF
[INFO] 
[INFO] --- compiler:3.7.0:testCompile (default-testCompile) @ commons-beanutils ---
[INFO] No sources to compile
[INFO] 
[INFO] --- surefire:2.22.0:test (default-test) @ commons-beanutils ---
[INFO] ------------------------------------------------------------------------
[INFO] BUILD SUCCESS
[INFO] ------------------------------------------------------------------------
[INFO] Total time:  7.553 s
[INFO] Finished at: 2026-01-16T11:48:19-05:00
[INFO] ------------------------------------------------------------------------
