[INFO] Scanning for projects...
[WARNING] 
[WARNING] Some problems were encountered while building the effective model for org.apache.commons:commons-jcs3-jcache-extras:jar:3.1
[WARNING] 'dependencies.dependency.(groupId:artifactId:type:classifier)' must be unique: junit:junit:jar -> version (?) vs 4.12 @ line 112, column 17
[WARNING] 
[WARNING] It is highly recommended to fix these problems because they threaten the stability of your build.
[WARNING] 
[WARNING] For this reason, future Maven versions might no longer support building such malformed projects.
[WARNING] 
[INFO] 
[INFO] -----------< org.apache.commons:commons-jcs3-jcache-extras >------------
[INFO] Building Apache Commons JCS :: JCache Extras 3.1
[INFO] --------------------------------[ jar ]---------------------------------
[INFO] 
[INFO] --- maven-clean-plugin:3.1.0:clean (default-clean) @ commons-jcs3-jcache-extras ---
[INFO] 
[INFO] --- maven-enforcer-plugin:3.0.0-M3:enforce (enforce-maven-version) @ commons-jcs3-jcache-extras ---
[INFO] 
[INFO] --- maven-enforcer-plugin:3.0.0-M3:enforce (enforce-maven-3) @ commons-jcs3-jcache-extras ---
[INFO] 
[INFO] --- apache-rat-plugin:0.13:check (rat-check) @ commons-jcs3-jcache-extras ---
[INFO] RAT will not execute since it is configured to be skipped via system property 'rat.skip'.
[INFO] 
[INFO] --- build-helper-maven-plugin:3.2.0:parse-version (parse-version) @ commons-jcs3-jcache-extras ---
[INFO] 
[INFO] --- maven-antrun-plugin:1.8:run (javadoc.resources) @ commons-jcs3-jcache-extras ---
[INFO] Skipping Antrun execution
[INFO] 
[INFO] --- maven-remote-resources-plugin:1.7.0:process (process-resource-bundles) @ commons-jcs3-jcache-extras ---
[INFO] Preparing remote bundle org.apache:apache-jar-resource-bundle:1.4
[INFO] Copying 3 resources from 1 bundle.
[INFO] 
[INFO] --- buildnumber-maven-plugin:1.4:create (default) @ commons-jcs3-jcache-extras ---
[INFO] Executing: /bin/sh -c cd '/home/tasfia/Desktop/OE25-DEV/projects_decomposed/commons-jcs3/commons-jcs-jcache-extras' && 'git' 'rev-parse' '--verify' 'HEAD'
[INFO] Working directory: /home/tasfia/Desktop/OE25-DEV/projects_decomposed/commons-jcs3/commons-jcs-jcache-extras
[INFO] Storing buildNumber: c100078249c05cc4d06c33c5a5c5160a82b0f043 at timestamp: 1770629185014
[WARNING] Cannot get the branch information from the git repository: 
Detecting the current branch failed: fatal: ref HEAD is not a symbolic ref

[INFO] Executing: /bin/sh -c cd '/home/tasfia/Desktop/OE25-DEV/projects_decomposed/commons-jcs3/commons-jcs-jcache-extras' && 'git' 'rev-parse' '--verify' 'HEAD'
[INFO] Working directory: /home/tasfia/Desktop/OE25-DEV/projects_decomposed/commons-jcs3/commons-jcs-jcache-extras
[INFO] Storing buildScmBranch: UNKNOWN
[INFO] 
[INFO] --- maven-resources-plugin:3.1.0:resources (default-resources) @ commons-jcs3-jcache-extras ---
[INFO] Using 'UTF-8' encoding to copy filtered resources.
[INFO] Copying 1 resource
[INFO] Copying 0 resource to META-INF
[INFO] Copying 3 resources
[INFO] 
[INFO] --- maven-compiler-plugin:3.8.1:compile (default-compile) @ commons-jcs3-jcache-extras ---
[INFO] Changes detected - recompiling the module!
[INFO] Compiling 13 source files to /home/tasfia/Desktop/OE25-DEV/projects_decomposed/commons-jcs3/commons-jcs-jcache-extras/target/classes
[INFO] /home/tasfia/Desktop/OE25-DEV/projects_decomposed/commons-jcs3/commons-jcs-jcache-extras/src/main/java/org/apache/commons/jcs3/jcache/extras/cdi/CacheProviderBean.java: Some input files use or override a deprecated API.
[INFO] /home/tasfia/Desktop/OE25-DEV/projects_decomposed/commons-jcs3/commons-jcs-jcache-extras/src/main/java/org/apache/commons/jcs3/jcache/extras/cdi/CacheProviderBean.java: Recompile with -Xlint:deprecation for details.
[INFO] /home/tasfia/Desktop/OE25-DEV/projects_decomposed/commons-jcs3/commons-jcs-jcache-extras/src/main/java/org/apache/commons/jcs3/jcache/extras/loader/CompositeCacheLoader.java: Some input files use unchecked or unsafe operations.
[INFO] /home/tasfia/Desktop/OE25-DEV/projects_decomposed/commons-jcs3/commons-jcs-jcache-extras/src/main/java/org/apache/commons/jcs3/jcache/extras/loader/CompositeCacheLoader.java: Recompile with -Xlint:unchecked for details.
[INFO] 
[INFO] --- maven-bundle-plugin:5.1.1:manifest (bundle-manifest) @ commons-jcs3-jcache-extras ---
[INFO] 
[INFO] --- maven-resources-plugin:3.1.0:testResources (default-testResources) @ commons-jcs3-jcache-extras ---
[INFO] Using 'UTF-8' encoding to copy filtered resources.
[INFO] Copying 1 resource
[INFO] Copying 0 resource to META-INF
[INFO] Copying 3 resources
[INFO] 
[INFO] --- maven-compiler-plugin:3.8.1:testCompile (default-testCompile) @ commons-jcs3-jcache-extras ---
[INFO] Changes detected - recompiling the module!
[INFO] Compiling 12 source files to /home/tasfia/Desktop/OE25-DEV/projects_decomposed/commons-jcs3/commons-jcs-jcache-extras/target/test-classes
[INFO] /home/tasfia/Desktop/OE25-DEV/projects_decomposed/commons-jcs3/commons-jcs-jcache-extras/src/test/java/org/apache/commons/jcs3/jcache/extras/web/JCacheFilterTest.java: /home/tasfia/Desktop/OE25-DEV/projects_decomposed/commons-jcs3/commons-jcs-jcache-extras/src/test/java/org/apache/commons/jcs3/jcache/extras/web/JCacheFilterTest.java uses or overrides a deprecated API.
[INFO] /home/tasfia/Desktop/OE25-DEV/projects_decomposed/commons-jcs3/commons-jcs-jcache-extras/src/test/java/org/apache/commons/jcs3/jcache/extras/web/JCacheFilterTest.java: Recompile with -Xlint:deprecation for details.
[INFO] /home/tasfia/Desktop/OE25-DEV/projects_decomposed/commons-jcs3/commons-jcs-jcache-extras/src/test/java/org/apache/commons/jcs3/jcache/extras/loader/CompositeCacheLoaderTest.java: Some input files use unchecked or unsafe operations.
[INFO] /home/tasfia/Desktop/OE25-DEV/projects_decomposed/commons-jcs3/commons-jcs-jcache-extras/src/test/java/org/apache/commons/jcs3/jcache/extras/loader/CompositeCacheLoaderTest.java: Recompile with -Xlint:unchecked for details.
[INFO] 
[INFO] --- animal-sniffer-maven-plugin:1.19:check (checkAPIcompatibility) @ commons-jcs3-jcache-extras ---
[INFO] Checking unresolved references to org.codehaus.mojo.signature:java18:1.0
[INFO] 
[INFO] --- maven-surefire-plugin:2.22.2:test (default-test) @ commons-jcs3-jcache-extras ---
[INFO] 
[INFO] -------------------------------------------------------
[INFO]  T E S T S
[INFO] -------------------------------------------------------
[INFO] Running org.apache.commons.jcs3.jcache.extras.cdi.ExtraJCacheExtensionTest_OE25Dev
[INFO] Tests run: 2, Failures: 0, Errors: 0, Skipped: 0, Time elapsed: 2.045 s - in org.apache.commons.jcs3.jcache.extras.cdi.ExtraJCacheExtensionTest_OE25Dev
[INFO] Running org.apache.commons.jcs3.jcache.extras.loader.CompositeCacheLoaderTest_OE25Dev
[INFO] Tests run: 1, Failures: 0, Errors: 0, Skipped: 0, Time elapsed: 0.054 s - in org.apache.commons.jcs3.jcache.extras.loader.CompositeCacheLoaderTest_OE25Dev
[INFO] Running org.apache.commons.jcs3.jcache.extras.loader.CacheLoaderAdapterTest_OE25Dev
[INFO] Tests run: 4, Failures: 0, Errors: 0, Skipped: 0, Time elapsed: 4.233 s - in org.apache.commons.jcs3.jcache.extras.loader.CacheLoaderAdapterTest_OE25Dev
[INFO] Running org.apache.commons.jcs3.jcache.extras.writer.CacheWriterAdapterTest_OE25Dev
[INFO] Tests run: 6, Failures: 0, Errors: 0, Skipped: 0, Time elapsed: 0.127 s - in org.apache.commons.jcs3.jcache.extras.writer.CacheWriterAdapterTest_OE25Dev
[INFO] Running org.apache.commons.jcs3.jcache.extras.writer.CompositeCacheWriterTest_OE25Dev
[INFO] Tests run: 6, Failures: 0, Errors: 0, Skipped: 0, Time elapsed: 0.141 s - in org.apache.commons.jcs3.jcache.extras.writer.CompositeCacheWriterTest_OE25Dev
[INFO] 
[INFO] Results:
[INFO] 
[INFO] Tests run: 19, Failures: 0, Errors: 0, Skipped: 0
[INFO] 
[INFO] ------------------------------------------------------------------------
[INFO] BUILD SUCCESS
[INFO] ------------------------------------------------------------------------
[INFO] Total time:  22.668 s
[INFO] Finished at: 2026-02-09T03:26:43-06:00
[INFO] ------------------------------------------------------------------------
