[INFO] Scanning for projects...
[INFO] 
[INFO] ------------------< org.apache.commons:commons-pool2 >------------------
[INFO] Building Apache Commons Pool 2.11.1
[INFO] --------------------------------[ jar ]---------------------------------
[INFO] 
[INFO] --- maven-clean-plugin:3.1.0:clean (default-clean) @ commons-pool2 ---
[INFO] 
[INFO] --- maven-enforcer-plugin:3.0.0-M3:enforce (enforce-maven-version) @ commons-pool2 ---
[INFO] 
[INFO] --- maven-enforcer-plugin:3.0.0-M3:enforce (enforce-maven-3) @ commons-pool2 ---
[INFO] 
[INFO] --- apache-rat-plugin:0.13:check (rat-check) @ commons-pool2 ---
[INFO] RAT will not execute since it is configured to be skipped via system property 'rat.skip'.
[INFO] 
[INFO] --- build-helper-maven-plugin:3.2.0:parse-version (parse-version) @ commons-pool2 ---
[INFO] 
[INFO] --- maven-antrun-plugin:1.8:run (javadoc.resources) @ commons-pool2 ---
[INFO] Executing tasks

main:
     [copy] Copying 2 files to /home/tasfia/Desktop/OE25-DEV/projects_decomposed/commons-pool2/target/apidocs/META-INF
[INFO] Executed tasks
[INFO] 
[INFO] --- maven-remote-resources-plugin:1.7.0:process (process-resource-bundles) @ commons-pool2 ---
[INFO] Skipping remote resources execution.
[INFO] 
[INFO] --- buildnumber-maven-plugin:1.4:create (default) @ commons-pool2 ---
[INFO] Executing: /bin/sh -c cd '/home/tasfia/Desktop/OE25-DEV/projects_decomposed/commons-pool2' && 'git' 'rev-parse' '--verify' 'HEAD'
[INFO] Working directory: /home/tasfia/Desktop/OE25-DEV/projects_decomposed/commons-pool2
[INFO] Storing buildNumber: 685bfddf08d4cc096c0d12e9117a2d01f808d66c at timestamp: 1773032032253
[INFO] Storing buildScmBranch: final-single-assertion-dataset
[INFO] 
[INFO] --- maven-resources-plugin:3.1.0:resources (default-resources) @ commons-pool2 ---
[INFO] Using 'UTF-8' encoding to copy filtered resources.
[INFO] skip non existing resourceDirectory /home/tasfia/Desktop/OE25-DEV/projects_decomposed/commons-pool2/src/main/resources
[INFO] Copying 2 resources to META-INF
[INFO] 
[INFO] --- maven-compiler-plugin:3.8.1:compile (default-compile) @ commons-pool2 ---
[INFO] Changes detected - recompiling the module!
[INFO] Compiling 49 source files to /home/tasfia/Desktop/OE25-DEV/projects_decomposed/commons-pool2/target/classes
[INFO] /home/tasfia/Desktop/OE25-DEV/projects_decomposed/commons-pool2/src/main/java/org/apache/commons/pool2/impl/DefaultPooledObject.java: /home/tasfia/Desktop/OE25-DEV/projects_decomposed/commons-pool2/src/main/java/org/apache/commons/pool2/impl/DefaultPooledObject.java uses or overrides a deprecated API.
[INFO] /home/tasfia/Desktop/OE25-DEV/projects_decomposed/commons-pool2/src/main/java/org/apache/commons/pool2/impl/DefaultPooledObject.java: Recompile with -Xlint:deprecation for details.
[INFO] 
[INFO] --- maven-bundle-plugin:5.1.2:manifest (bundle-manifest) @ commons-pool2 ---
[INFO] 
[INFO] --- maven-resources-plugin:3.1.0:testResources (default-testResources) @ commons-pool2 ---
[INFO] Using 'UTF-8' encoding to copy filtered resources.
[INFO] Copying 2 resources
[INFO] Copying 2 resources to META-INF
[INFO] 
[INFO] --- maven-compiler-plugin:3.8.1:testCompile (default-testCompile) @ commons-pool2 ---
[INFO] Changes detected - recompiling the module!
[INFO] Compiling 71 source files to /home/tasfia/Desktop/OE25-DEV/projects_decomposed/commons-pool2/target/test-classes
[INFO] /home/tasfia/Desktop/OE25-DEV/projects_decomposed/commons-pool2/src/test/java/org/apache/commons/pool2/impl/PooledTestObject.java: Some input files use or override a deprecated API.
[INFO] /home/tasfia/Desktop/OE25-DEV/projects_decomposed/commons-pool2/src/test/java/org/apache/commons/pool2/impl/PooledTestObject.java: Recompile with -Xlint:deprecation for details.
[INFO] /home/tasfia/Desktop/OE25-DEV/projects_decomposed/commons-pool2/src/test/java/org/apache/commons/pool2/TestPoolUtils.java: Some input files use unchecked or unsafe operations.
[INFO] /home/tasfia/Desktop/OE25-DEV/projects_decomposed/commons-pool2/src/test/java/org/apache/commons/pool2/TestPoolUtils.java: Recompile with -Xlint:unchecked for details.
[INFO] -------------------------------------------------------------
[ERROR] COMPILATION ERROR : 
[INFO] -------------------------------------------------------------
[ERROR] /home/tasfia/Desktop/OE25-DEV/projects_decomposed/commons-pool2/src/test/java/org/apache/commons/pool2/impl/CallStackTest_OE25Dev.java:[66,17] method testPrintClearedStackTraceIsNoOp(org.apache.commons.pool2.impl.CallStack) is already defined in class org.apache.commons.pool2.impl.CallStackTest_OE25Dev
[ERROR] /home/tasfia/Desktop/OE25-DEV/projects_decomposed/commons-pool2/src/test/java/org/apache/commons/pool2/impl/CallStackTest_OE25Dev.java:[76,17] method testPrintFilledStackTrace(org.apache.commons.pool2.impl.CallStack) is already defined in class org.apache.commons.pool2.impl.CallStackTest_OE25Dev
[ERROR] /home/tasfia/Desktop/OE25-DEV/projects_decomposed/commons-pool2/src/test/java/org/apache/commons/pool2/impl/TestGenericObjectPoolFactoryCreateFailure_OE25Dev.java:[146,17] method testBorrowObjectStuck() is already defined in class org.apache.commons.pool2.impl.TestGenericObjectPoolFactoryCreateFailure_OE25Dev
[ERROR] /home/tasfia/Desktop/OE25-DEV/projects_decomposed/commons-pool2/src/test/java/org/apache/commons/pool2/TestPoolUtils_OE25Dev.java:[719,17] method testPrefillKeyedObjectPool() is already defined in class org.apache.commons.pool2.TestPoolUtils_OE25Dev
[ERROR] /home/tasfia/Desktop/OE25-DEV/projects_decomposed/commons-pool2/src/test/java/org/apache/commons/pool2/TestPoolUtils_OE25Dev.java:[745,17] method testPrefillKeyedObjectPoolCollection() is already defined in class org.apache.commons.pool2.TestPoolUtils_OE25Dev
[ERROR] /home/tasfia/Desktop/OE25-DEV/projects_decomposed/commons-pool2/src/test/java/org/apache/commons/pool2/TestPoolUtils_OE25Dev.java:[774,17] method testPrefillObjectPool() is already defined in class org.apache.commons.pool2.TestPoolUtils_OE25Dev
[ERROR] /home/tasfia/Desktop/OE25-DEV/projects_decomposed/commons-pool2/src/test/java/org/apache/commons/pool2/impl/CallStackTest_OE25Dev.java:[65,6] cannot find symbol
  symbol:   class MethodSource_oe
  location: class org.apache.commons.pool2.impl.CallStackTest_OE25Dev
[ERROR] /home/tasfia/Desktop/OE25-DEV/projects_decomposed/commons-pool2/src/test/java/org/apache/commons/pool2/impl/CallStackTest_OE25Dev.java:[75,6] cannot find symbol
  symbol:   class MethodSource_oe
  location: class org.apache.commons.pool2.impl.CallStackTest_OE25Dev
[ERROR] /home/tasfia/Desktop/OE25-DEV/projects_decomposed/commons-pool2/src/test/java/org/apache/commons/pool2/impl/TestGenericObjectPoolFactoryCreateFailure_OE25Dev.java:[145,6] cannot find symbol
  symbol:   class Timeout_oe
  location: class org.apache.commons.pool2.impl.TestGenericObjectPoolFactoryCreateFailure_OE25Dev
[ERROR] /home/tasfia/Desktop/OE25-DEV/projects_decomposed/commons-pool2/src/test/java/org/apache/commons/pool2/TestPoolUtils_OE25Dev.java:[717,2] cannot find symbol
  symbol:   class SuppressWarnings_oe
  location: class org.apache.commons.pool2.TestPoolUtils_OE25Dev
[ERROR] /home/tasfia/Desktop/OE25-DEV/projects_decomposed/commons-pool2/src/test/java/org/apache/commons/pool2/TestPoolUtils_OE25Dev.java:[743,2] cannot find symbol
  symbol:   class SuppressWarnings_oe
  location: class org.apache.commons.pool2.TestPoolUtils_OE25Dev
[ERROR] /home/tasfia/Desktop/OE25-DEV/projects_decomposed/commons-pool2/src/test/java/org/apache/commons/pool2/TestPoolUtils_OE25Dev.java:[772,2] cannot find symbol
  symbol:   class SuppressWarnings_oe
  location: class org.apache.commons.pool2.TestPoolUtils_OE25Dev
[INFO] 12 errors 
[INFO] -------------------------------------------------------------
[INFO] ------------------------------------------------------------------------
[INFO] BUILD FAILURE
[INFO] ------------------------------------------------------------------------
[INFO] Total time:  11.102 s
[INFO] Finished at: 2026-03-08T23:53:59-05:00
[INFO] ------------------------------------------------------------------------
[ERROR] Failed to execute goal org.apache.maven.plugins:maven-compiler-plugin:3.8.1:testCompile (default-testCompile) on project commons-pool2: Compilation failure: Compilation failure: 
[ERROR] /home/tasfia/Desktop/OE25-DEV/projects_decomposed/commons-pool2/src/test/java/org/apache/commons/pool2/impl/CallStackTest_OE25Dev.java:[66,17] method testPrintClearedStackTraceIsNoOp(org.apache.commons.pool2.impl.CallStack) is already defined in class org.apache.commons.pool2.impl.CallStackTest_OE25Dev
[ERROR] /home/tasfia/Desktop/OE25-DEV/projects_decomposed/commons-pool2/src/test/java/org/apache/commons/pool2/impl/CallStackTest_OE25Dev.java:[76,17] method testPrintFilledStackTrace(org.apache.commons.pool2.impl.CallStack) is already defined in class org.apache.commons.pool2.impl.CallStackTest_OE25Dev
[ERROR] /home/tasfia/Desktop/OE25-DEV/projects_decomposed/commons-pool2/src/test/java/org/apache/commons/pool2/impl/TestGenericObjectPoolFactoryCreateFailure_OE25Dev.java:[146,17] method testBorrowObjectStuck() is already defined in class org.apache.commons.pool2.impl.TestGenericObjectPoolFactoryCreateFailure_OE25Dev
[ERROR] /home/tasfia/Desktop/OE25-DEV/projects_decomposed/commons-pool2/src/test/java/org/apache/commons/pool2/TestPoolUtils_OE25Dev.java:[719,17] method testPrefillKeyedObjectPool() is already defined in class org.apache.commons.pool2.TestPoolUtils_OE25Dev
[ERROR] /home/tasfia/Desktop/OE25-DEV/projects_decomposed/commons-pool2/src/test/java/org/apache/commons/pool2/TestPoolUtils_OE25Dev.java:[745,17] method testPrefillKeyedObjectPoolCollection() is already defined in class org.apache.commons.pool2.TestPoolUtils_OE25Dev
[ERROR] /home/tasfia/Desktop/OE25-DEV/projects_decomposed/commons-pool2/src/test/java/org/apache/commons/pool2/TestPoolUtils_OE25Dev.java:[774,17] method testPrefillObjectPool() is already defined in class org.apache.commons.pool2.TestPoolUtils_OE25Dev
[ERROR] /home/tasfia/Desktop/OE25-DEV/projects_decomposed/commons-pool2/src/test/java/org/apache/commons/pool2/impl/CallStackTest_OE25Dev.java:[65,6] cannot find symbol
[ERROR]   symbol:   class MethodSource_oe
[ERROR]   location: class org.apache.commons.pool2.impl.CallStackTest_OE25Dev
[ERROR] /home/tasfia/Desktop/OE25-DEV/projects_decomposed/commons-pool2/src/test/java/org/apache/commons/pool2/impl/CallStackTest_OE25Dev.java:[75,6] cannot find symbol
[ERROR]   symbol:   class MethodSource_oe
[ERROR]   location: class org.apache.commons.pool2.impl.CallStackTest_OE25Dev
[ERROR] /home/tasfia/Desktop/OE25-DEV/projects_decomposed/commons-pool2/src/test/java/org/apache/commons/pool2/impl/TestGenericObjectPoolFactoryCreateFailure_OE25Dev.java:[145,6] cannot find symbol
[ERROR]   symbol:   class Timeout_oe
[ERROR]   location: class org.apache.commons.pool2.impl.TestGenericObjectPoolFactoryCreateFailure_OE25Dev
[ERROR] /home/tasfia/Desktop/OE25-DEV/projects_decomposed/commons-pool2/src/test/java/org/apache/commons/pool2/TestPoolUtils_OE25Dev.java:[717,2] cannot find symbol
[ERROR]   symbol:   class SuppressWarnings_oe
[ERROR]   location: class org.apache.commons.pool2.TestPoolUtils_OE25Dev
[ERROR] /home/tasfia/Desktop/OE25-DEV/projects_decomposed/commons-pool2/src/test/java/org/apache/commons/pool2/TestPoolUtils_OE25Dev.java:[743,2] cannot find symbol
[ERROR]   symbol:   class SuppressWarnings_oe
[ERROR]   location: class org.apache.commons.pool2.TestPoolUtils_OE25Dev
[ERROR] /home/tasfia/Desktop/OE25-DEV/projects_decomposed/commons-pool2/src/test/java/org/apache/commons/pool2/TestPoolUtils_OE25Dev.java:[772,2] cannot find symbol
[ERROR]   symbol:   class SuppressWarnings_oe
[ERROR]   location: class org.apache.commons.pool2.TestPoolUtils_OE25Dev
[ERROR] -> [Help 1]
[ERROR] 
[ERROR] To see the full stack trace of the errors, re-run Maven with the -e switch.
[ERROR] Re-run Maven using the -X switch to enable full debug logging.
[ERROR] 
[ERROR] For more information about the errors and possible solutions, please read the following articles:
[ERROR] [Help 1] http://cwiki.apache.org/confluence/display/MAVEN/MojoFailureException
