[INFO] Scanning for projects...
[INFO] 
[INFO] ------------------< org.apache.commons:commons-pool2 >------------------
[INFO] Building Apache Commons Pool 2.11.1
[INFO] --------------------------------[ jar ]---------------------------------
[INFO] 
[INFO] --- maven-clean-plugin:3.1.0:clean (default-clean) @ commons-pool2 ---
[INFO] 
[INFO] --- maven-enforcer-plugin:3.0.0-M3:enforce (enforce-maven-version) @ commons-pool2 ---
[INFO] 
[INFO] --- maven-enforcer-plugin:3.0.0-M3:enforce (enforce-maven-3) @ commons-pool2 ---
[INFO] 
[INFO] --- apache-rat-plugin:0.13:check (rat-check) @ commons-pool2 ---
[INFO] RAT will not execute since it is configured to be skipped via system property 'rat.skip'.
[INFO] 
[INFO] --- build-helper-maven-plugin:3.2.0:parse-version (parse-version) @ commons-pool2 ---
[INFO] 
[INFO] --- maven-antrun-plugin:1.8:run (javadoc.resources) @ commons-pool2 ---
[INFO] Executing tasks

main:
     [copy] Copying 2 files to /home/tasfia/Desktop/OE25-DEV/projects_decomposed/commons-pool2/target/apidocs/META-INF
[INFO] Executed tasks
[INFO] 
[INFO] --- maven-remote-resources-plugin:1.7.0:process (process-resource-bundles) @ commons-pool2 ---
[INFO] Skipping remote resources execution.
[INFO] 
[INFO] --- buildnumber-maven-plugin:1.4:create (default) @ commons-pool2 ---
[INFO] Executing: /bin/sh -c cd '/home/tasfia/Desktop/OE25-DEV/projects_decomposed/commons-pool2' && 'git' 'rev-parse' '--verify' 'HEAD'
[INFO] Working directory: /home/tasfia/Desktop/OE25-DEV/projects_decomposed/commons-pool2
[INFO] Storing buildNumber: 685bfddf08d4cc096c0d12e9117a2d01f808d66c at timestamp: 1773032045999
[INFO] Storing buildScmBranch: final-single-assertion-dataset
[INFO] 
[INFO] --- maven-resources-plugin:3.1.0:resources (default-resources) @ commons-pool2 ---
[INFO] Using 'UTF-8' encoding to copy filtered resources.
[INFO] skip non existing resourceDirectory /home/tasfia/Desktop/OE25-DEV/projects_decomposed/commons-pool2/src/main/resources
[INFO] Copying 2 resources to META-INF
[INFO] 
[INFO] --- maven-compiler-plugin:3.8.1:compile (default-compile) @ commons-pool2 ---
[INFO] Changes detected - recompiling the module!
[INFO] Compiling 49 source files to /home/tasfia/Desktop/OE25-DEV/projects_decomposed/commons-pool2/target/classes
[INFO] /home/tasfia/Desktop/OE25-DEV/projects_decomposed/commons-pool2/src/main/java/org/apache/commons/pool2/impl/DefaultPooledObject.java: /home/tasfia/Desktop/OE25-DEV/projects_decomposed/commons-pool2/src/main/java/org/apache/commons/pool2/impl/DefaultPooledObject.java uses or overrides a deprecated API.
[INFO] /home/tasfia/Desktop/OE25-DEV/projects_decomposed/commons-pool2/src/main/java/org/apache/commons/pool2/impl/DefaultPooledObject.java: Recompile with -Xlint:deprecation for details.
[INFO] 
[INFO] --- maven-bundle-plugin:5.1.2:manifest (bundle-manifest) @ commons-pool2 ---
[INFO] 
[INFO] --- maven-resources-plugin:3.1.0:testResources (default-testResources) @ commons-pool2 ---
[INFO] Using 'UTF-8' encoding to copy filtered resources.
[INFO] Copying 2 resources
[INFO] Copying 2 resources to META-INF
[INFO] 
[INFO] --- maven-compiler-plugin:3.8.1:testCompile (default-testCompile) @ commons-pool2 ---
[INFO] Changes detected - recompiling the module!
[INFO] Compiling 68 source files to /home/tasfia/Desktop/OE25-DEV/projects_decomposed/commons-pool2/target/test-classes
[INFO] /home/tasfia/Desktop/OE25-DEV/projects_decomposed/commons-pool2/src/test/java/org/apache/commons/pool2/impl/PooledTestObject.java: Some input files use or override a deprecated API.
[INFO] /home/tasfia/Desktop/OE25-DEV/projects_decomposed/commons-pool2/src/test/java/org/apache/commons/pool2/impl/PooledTestObject.java: Recompile with -Xlint:deprecation for details.
[INFO] /home/tasfia/Desktop/OE25-DEV/projects_decomposed/commons-pool2/src/test/java/org/apache/commons/pool2/TestPoolUtils.java: /home/tasfia/Desktop/OE25-DEV/projects_decomposed/commons-pool2/src/test/java/org/apache/commons/pool2/TestPoolUtils.java uses unchecked or unsafe operations.
[INFO] /home/tasfia/Desktop/OE25-DEV/projects_decomposed/commons-pool2/src/test/java/org/apache/commons/pool2/TestPoolUtils.java: Recompile with -Xlint:unchecked for details.
[INFO] 
[INFO] --- animal-sniffer-maven-plugin:1.20:check (checkAPIcompatibility) @ commons-pool2 ---
[INFO] Checking unresolved references to org.codehaus.mojo.signature:java18:1.0
[INFO] 
[INFO] --- maven-surefire-plugin:3.0.0-M5:test (default-test) @ commons-pool2 ---
[INFO] 
[INFO] -------------------------------------------------------
[INFO]  T E S T S
[INFO] -------------------------------------------------------
[INFO] Running org.apache.commons.pool2.TestBaseKeyedPoolableObjectFactory_OE25Dev
[INFO] Tests run: 1, Failures: 0, Errors: 0, Skipped: 0, Time elapsed: 0.065 s - in org.apache.commons.pool2.TestBaseKeyedPoolableObjectFactory_OE25Dev
[INFO] Running org.apache.commons.pool2.TestBasePoolableObjectFactory_OE25Dev
[INFO] Tests run: 2, Failures: 0, Errors: 0, Skipped: 0, Time elapsed: 0.01 s - in org.apache.commons.pool2.TestBasePoolableObjectFactory_OE25Dev
[INFO] Running org.apache.commons.pool2.impl.NoOpCallStackTest_OE25Dev
[WARNING] Tests run: 2, Failures: 0, Errors: 0, Skipped: 1, Time elapsed: 0.003 s - in org.apache.commons.pool2.impl.NoOpCallStackTest_OE25Dev
[INFO] Running org.apache.commons.pool2.impl.TestDefaultPooledObject_OE25Dev
[INFO] Tests run: 4, Failures: 0, Errors: 0, Skipped: 0, Time elapsed: 3.06 s - in org.apache.commons.pool2.impl.TestDefaultPooledObject_OE25Dev
[INFO] Running org.apache.commons.pool2.impl.TestGenericObjectPoolClassLoaders_OE25Dev
[INFO] Tests run: 1, Failures: 0, Errors: 0, Skipped: 0, Time elapsed: 0.465 s - in org.apache.commons.pool2.impl.TestGenericObjectPoolClassLoaders_OE25Dev
[INFO] Running org.apache.commons.pool2.impl.TestSoftRefOutOfMemory_OE25Dev
TIMEOUT
