[ERROR] COMPILATION ERROR : 
[ERROR] /home/tasfia/Desktop/OE25-DEV/projects_decomposed/commons-collections4/src/test/java/org/apache/commons/collections4/list/CursorableLinkedListTest_OE25Dev.java:[1468,2] cannot find symbol
  symbol:   class SuppressWarnings_oe_101_oe
  location: class org.apache.commons.collections4.list.CursorableLinkedListTest_OE25Dev<E>
[ERROR] /home/tasfia/Desktop/OE25-DEV/projects_decomposed/commons-collections4/src/test/java/org/apache/commons/collections4/list/CursorableLinkedListTest_OE25Dev.java:[1471,13] cannot find symbol
  symbol:   variable c2
  location: class org.apache.commons.collections4.list.CursorableLinkedListTest_OE25Dev<E>
[ERROR] Failed to execute goal org.apache.maven.plugins:maven-compiler-plugin:3.8.0:testCompile (default-testCompile) on project commons-collections4: Compilation failure: Compilation failure: 
[ERROR] /home/tasfia/Desktop/OE25-DEV/projects_decomposed/commons-collections4/src/test/java/org/apache/commons/collections4/list/CursorableLinkedListTest_OE25Dev.java:[1468,2] cannot find symbol
[ERROR]   symbol:   class SuppressWarnings_oe_101_oe
[ERROR]   location: class org.apache.commons.collections4.list.CursorableLinkedListTest_OE25Dev<E>
[ERROR] /home/tasfia/Desktop/OE25-DEV/projects_decomposed/commons-collections4/src/test/java/org/apache/commons/collections4/list/CursorableLinkedListTest_OE25Dev.java:[1471,13] cannot find symbol
[ERROR]   symbol:   variable c2
[ERROR]   location: class org.apache.commons.collections4.list.CursorableLinkedListTest_OE25Dev<E>
[ERROR] -> [Help 1]
[ERROR] 
[ERROR] To see the full stack trace of the errors, re-run Maven with the -e switch.
[ERROR] Re-run Maven using the -X switch to enable full debug logging.
[ERROR] 
[ERROR] For more information about the errors and possible solutions, please read the following articles:
[ERROR] [Help 1] http://cwiki.apache.org/confluence/display/MAVEN/MojoFailureException
