[ERROR] COMPILATION ERROR : 
[ERROR] /home/tasfia/Desktop/OE25-DEV/projects_decomposed/commons-collections4/src/test/java/org/apache/commons/collections4/IteratorUtilsTest_OE25Dev.java:[1050,13] cannot find symbol
  symbol:   variable iterator
  location: class org.apache.commons.collections4.IteratorUtilsTest_OE25Dev
[ERROR] /home/tasfia/Desktop/OE25-DEV/projects_decomposed/commons-collections4/src/test/java/org/apache/commons/collections4/IteratorUtilsTest_OE25Dev.java:[1050,52] cannot find symbol
  symbol:   variable intArray
  location: class org.apache.commons.collections4.IteratorUtilsTest_OE25Dev
[ERROR] Failed to execute goal org.apache.maven.plugins:maven-compiler-plugin:3.8.0:testCompile (default-testCompile) on project commons-collections4: Compilation failure: Compilation failure: 
[ERROR] /home/tasfia/Desktop/OE25-DEV/projects_decomposed/commons-collections4/src/test/java/org/apache/commons/collections4/IteratorUtilsTest_OE25Dev.java:[1050,13] cannot find symbol
[ERROR]   symbol:   variable iterator
[ERROR]   location: class org.apache.commons.collections4.IteratorUtilsTest_OE25Dev
[ERROR] /home/tasfia/Desktop/OE25-DEV/projects_decomposed/commons-collections4/src/test/java/org/apache/commons/collections4/IteratorUtilsTest_OE25Dev.java:[1050,52] cannot find symbol
[ERROR]   symbol:   variable intArray
[ERROR]   location: class org.apache.commons.collections4.IteratorUtilsTest_OE25Dev
[ERROR] -> [Help 1]
[ERROR] 
[ERROR] To see the full stack trace of the errors, re-run Maven with the -e switch.
[ERROR] Re-run Maven using the -X switch to enable full debug logging.
[ERROR] 
[ERROR] For more information about the errors and possible solutions, please read the following articles:
[ERROR] [Help 1] http://cwiki.apache.org/confluence/display/MAVEN/MojoFailureException
