org/apache/commons/rng/simple/internal/ProviderBuilder.class
org/apache/commons/rng/simple/internal/NativeSeedType$3.class
org/apache/commons/rng/simple/internal/SeedConverterComposer.class
org/apache/commons/rng/simple/ThreadLocalRandomSource$ThreadLocalRng.class
org/apache/commons/rng/simple/internal/ProviderBuilder$RandomSourceInternal$1.class
org/apache/commons/rng/simple/internal/NativeSeedType$1.class
org/apache/commons/rng/simple/internal/LongArray2Long.class
org/apache/commons/rng/simple/internal/ByteArray2LongArray.class
org/apache/commons/rng/simple/JDKRandomWrapper.class
org/apache/commons/rng/simple/internal/ProviderBuilder$RandomSourceInternal.class
org/apache/commons/rng/simple/internal/Seed2ArrayConverter.class
org/apache/commons/rng/simple/RandomSource$1.class
org/apache/commons/rng/simple/internal/SeedUtils$UnsignedByteProvider.class
org/apache/commons/rng/simple/internal/Long2IntArray.class
org/apache/commons/rng/simple/JDKRandomBridge.class
org/apache/commons/rng/simple/internal/ProviderBuilder$1.class
org/apache/commons/rng/simple/internal/SeedConverter.class
org/apache/commons/rng/simple/internal/ByteArray2IntArray.class
org/apache/commons/rng/simple/internal/NativeSeedType$4.class
org/apache/commons/rng/simple/internal/NativeSeedType.class
org/apache/commons/rng/simple/internal/LongArray2IntArray.class
org/apache/commons/rng/simple/internal/Long2LongArray.class
org/apache/commons/rng/simple/internal/SeedFactory.class
org/apache/commons/rng/simple/internal/NoOpConverter.class
org/apache/commons/rng/simple/internal/SeedUtils.class
org/apache/commons/rng/simple/internal/Long2Int.class
org/apache/commons/rng/simple/internal/IntArray2LongArray.class
org/apache/commons/rng/simple/RandomSource.class
org/apache/commons/rng/simple/internal/Int2Long.class
org/apache/commons/rng/simple/internal/IntArray2Int.class
org/apache/commons/rng/simple/internal/NativeSeedType$2.class
org/apache/commons/rng/simple/ThreadLocalRandomSource.class
