[INFO] Scanning for projects...
[WARNING] 
[WARNING] Some problems were encountered while building the effective model for org.apache.commons:commons-numbers-complex:jar:1.0
[WARNING] 'dependencies.dependency.(groupId:artifactId:type:classifier)' must be unique: org.apache.commons:commons-numbers-core:jar -> duplicate declaration of version (?) @ line 78, column 15
[WARNING] 
[WARNING] It is highly recommended to fix these problems because they threaten the stability of your build.
[WARNING] 
[WARNING] For this reason, future Maven versions might no longer support building such malformed projects.
[WARNING] 
[INFO] 
[INFO] -------------< org.apache.commons:commons-numbers-complex >-------------
[INFO] Building Apache Commons Numbers Complex 1.0
[INFO]   from pom.xml
[INFO] --------------------------------[ jar ]---------------------------------
[INFO] 
[INFO] --- enforcer:3.0.0-M3:enforce (enforce-maven-version) @ commons-numbers-complex ---
[INFO] 
[INFO] --- enforcer:3.0.0-M3:enforce (enforce-maven-3) @ commons-numbers-complex ---
[INFO] 
[INFO] --- apache-rat:0.13:check (rat-check) @ commons-numbers-complex ---
[INFO] RAT will not execute since it is configured to be skipped via system property 'rat.skip'.
[INFO] 
[INFO] --- build-helper:3.1.0:parse-version (parse-version) @ commons-numbers-complex ---
[INFO] 
[INFO] --- antrun:1.8:run (javadoc.resources) @ commons-numbers-complex ---
[INFO] Executing tasks

main:
     [copy] Copying 2 files to /sfs/weka/scratch/wxw9rr/OE25-DEV/projects_decomposed/commons-numbers-1.0-src/commons-numbers-complex/target/apidocs/META-INF
[INFO] Executed tasks
[INFO] 
[INFO] --- remote-resources:1.7.0:process (process-resource-bundles) @ commons-numbers-complex ---
[INFO] Skipping remote resources execution.
[INFO] 
[INFO] --- buildnumber:1.4:create (default) @ commons-numbers-complex ---
[INFO] Executing: /bin/sh -c cd '/sfs/weka/scratch/wxw9rr/OE25-DEV/projects_decomposed/commons-numbers-1.0-src/commons-numbers-complex' && 'git' 'rev-parse' '--verify' 'HEAD'
[INFO] Working directory: /sfs/weka/scratch/wxw9rr/OE25-DEV/projects_decomposed/commons-numbers-1.0-src/commons-numbers-complex
[INFO] Storing buildNumber: 74773d2acb91b0a98a0c2844a2b8369f83706543 at timestamp: 1768587447493
[INFO] Storing buildScmBranch: main
[INFO] 
[INFO] --- resources:3.1.0:resources (default-resources) @ commons-numbers-complex ---
[INFO] Using 'UTF-8' encoding to copy filtered resources.
[INFO] skip non existing resourceDirectory /sfs/weka/scratch/wxw9rr/OE25-DEV/projects_decomposed/commons-numbers-1.0-src/commons-numbers-complex/src/main/resources
[INFO] Copying 2 resources to META-INF
[INFO] 
[INFO] --- compiler:3.8.1:compile (default-compile) @ commons-numbers-complex ---
[INFO] Changes detected - recompiling the module!
[INFO] Compiling 2 source files to /sfs/weka/scratch/wxw9rr/OE25-DEV/projects_decomposed/commons-numbers-1.0-src/commons-numbers-complex/target/classes
[INFO] 
[INFO] --- bundle:4.2.1:manifest (bundle-manifest) @ commons-numbers-complex ---
[INFO] 
[INFO] --- animal-sniffer:1.18:check (checkAPIcompatibility) @ commons-numbers-complex ---
[INFO] Checking unresolved references to org.codehaus.mojo.signature:java18:1.0
[INFO] 
[INFO] --- resources:3.1.0:testResources (default-testResources) @ commons-numbers-complex ---
[INFO] Using 'UTF-8' encoding to copy filtered resources.
[INFO] Copying 13 resources
[INFO] Copying 2 resources to META-INF
[INFO] 
[INFO] --- compiler:3.8.1:testCompile (default-testCompile) @ commons-numbers-complex ---
[INFO] Changes detected - recompiling the module!
[INFO] Compiling 6 source files to /sfs/weka/scratch/wxw9rr/OE25-DEV/projects_decomposed/commons-numbers-1.0-src/commons-numbers-complex/target/test-classes
[INFO] 
[INFO] --- jacoco:0.8.5:prepare-agent (prepare-agent) @ commons-numbers-complex ---
[INFO] argLine set to -javaagent:/home/wxw9rr/.m2/repository/org/jacoco/org.jacoco.agent/0.8.5/org.jacoco.agent-0.8.5-runtime.jar=destfile=/sfs/weka/scratch/wxw9rr/OE25-DEV/projects_decomposed/commons-numbers-1.0-src/commons-numbers-complex/target/jacoco.exec
[INFO] 
[INFO] --- surefire:2.22.0:test (default-test) @ commons-numbers-complex ---
[INFO] 
[INFO] -------------------------------------------------------
[INFO]  T E S T S
[INFO] -------------------------------------------------------
[INFO] Running org.apache.commons.numbers.complex.ComplexEdgeCaseTest_OE25Dev
[INFO] Tests run: 15, Failures: 0, Errors: 0, Skipped: 0, Time elapsed: 0.054 s - in org.apache.commons.numbers.complex.ComplexEdgeCaseTest_OE25Dev
[INFO] 
[INFO] Results:
[INFO] 
[INFO] Tests run: 15, Failures: 0, Errors: 0, Skipped: 0
[INFO] 
[INFO] ------------------------------------------------------------------------
[INFO] BUILD SUCCESS
[INFO] ------------------------------------------------------------------------
[INFO] Total time:  6.633 s
[INFO] Finished at: 2026-01-16T13:17:32-05:00
[INFO] ------------------------------------------------------------------------
