/sfs/weka/scratch/wxw9rr/artifact/RQ3/OE25-DEV/projects/joda-time/src/main/java/org/joda/time/format/DateTimeFormat.java
/sfs/weka/scratch/wxw9rr/artifact/RQ3/OE25-DEV/projects/joda-time/src/main/java/org/joda/time/Chronology.java
/sfs/weka/scratch/wxw9rr/artifact/RQ3/OE25-DEV/projects/joda-time/src/main/java/org/joda/time/field/UnsupportedDateTimeField.java
/sfs/weka/scratch/wxw9rr/artifact/RQ3/OE25-DEV/projects/joda-time/src/main/java/org/joda/time/chrono/JulianChronology.java
/sfs/weka/scratch/wxw9rr/artifact/RQ3/OE25-DEV/projects/joda-time/src/main/java/org/joda/time/format/PeriodFormatterBuilder.java
/sfs/weka/scratch/wxw9rr/artifact/RQ3/OE25-DEV/projects/joda-time/src/main/java/org/joda/time/tz/CachedDateTimeZone.java
/sfs/weka/scratch/wxw9rr/artifact/RQ3/OE25-DEV/projects/joda-time/src/main/java/org/joda/time/chrono/ZonedChronology.java
/sfs/weka/scratch/wxw9rr/artifact/RQ3/OE25-DEV/projects/joda-time/src/main/java/org/joda/time/chrono/GJMonthOfYearDateTimeField.java
/sfs/weka/scratch/wxw9rr/artifact/RQ3/OE25-DEV/projects/joda-time/src/main/java/org/joda/time/format/ISODateTimeFormat.java
/sfs/weka/scratch/wxw9rr/artifact/RQ3/OE25-DEV/projects/joda-time/src/main/java/org/joda/time/ReadWritablePeriod.java
/sfs/weka/scratch/wxw9rr/artifact/RQ3/OE25-DEV/projects/joda-time/src/main/java/org/joda/time/Seconds.java
/sfs/weka/scratch/wxw9rr/artifact/RQ3/OE25-DEV/projects/joda-time/src/main/java/org/joda/time/DurationField.java
/sfs/weka/scratch/wxw9rr/artifact/RQ3/OE25-DEV/projects/joda-time/src/main/java/org/joda/time/field/ZeroIsMaxDateTimeField.java
/sfs/weka/scratch/wxw9rr/artifact/RQ3/OE25-DEV/projects/joda-time/src/main/java/org/joda/time/ReadWritableInstant.java
/sfs/weka/scratch/wxw9rr/artifact/RQ3/OE25-DEV/projects/joda-time/src/main/java/org/joda/time/chrono/CopticChronology.java
/sfs/weka/scratch/wxw9rr/artifact/RQ3/OE25-DEV/projects/joda-time/src/main/java/org/joda/time/field/BaseDurationField.java
/sfs/weka/scratch/wxw9rr/artifact/RQ3/OE25-DEV/projects/joda-time/src/main/java/org/joda/time/convert/Converter.java
/sfs/weka/scratch/wxw9rr/artifact/RQ3/OE25-DEV/projects/joda-time/src/main/java/org/joda/time/Period.java
/sfs/weka/scratch/wxw9rr/artifact/RQ3/OE25-DEV/projects/joda-time/src/main/java/org/joda/time/chrono/GregorianChronology.java
/sfs/weka/scratch/wxw9rr/artifact/RQ3/OE25-DEV/projects/joda-time/src/main/java/org/joda/time/YearMonth.java
/sfs/weka/scratch/wxw9rr/artifact/RQ3/OE25-DEV/projects/joda-time/src/main/java/org/joda/time/convert/IntervalConverter.java
/sfs/weka/scratch/wxw9rr/artifact/RQ3/OE25-DEV/projects/joda-time/src/main/java/org/joda/time/tz/DefaultNameProvider.java
/sfs/weka/scratch/wxw9rr/artifact/RQ3/OE25-DEV/projects/joda-time/src/main/java/org/joda/time/base/AbstractInstant.java
/sfs/weka/scratch/wxw9rr/artifact/RQ3/OE25-DEV/projects/joda-time/src/main/java/org/joda/time/chrono/GJEraDateTimeField.java
/sfs/weka/scratch/wxw9rr/artifact/RQ3/OE25-DEV/projects/joda-time/src/main/java/org/joda/time/field/PreciseDurationDateTimeField.java
/sfs/weka/scratch/wxw9rr/artifact/RQ3/OE25-DEV/projects/joda-time/src/main/java/org/joda/time/base/BaseLocal.java
/sfs/weka/scratch/wxw9rr/artifact/RQ3/OE25-DEV/projects/joda-time/src/main/java/org/joda/time/chrono/BasicChronology.java
/sfs/weka/scratch/wxw9rr/artifact/RQ3/OE25-DEV/projects/joda-time/src/main/java/org/joda/time/format/DateTimeFormatter.java
/sfs/weka/scratch/wxw9rr/artifact/RQ3/OE25-DEV/projects/joda-time/src/main/java/org/joda/time/IllegalInstantException.java
/sfs/weka/scratch/wxw9rr/artifact/RQ3/OE25-DEV/projects/joda-time/src/main/java/org/joda/time/Hours.java
/sfs/weka/scratch/wxw9rr/artifact/RQ3/OE25-DEV/projects/joda-time/src/main/java/org/joda/time/field/DecoratedDurationField.java
/sfs/weka/scratch/wxw9rr/artifact/RQ3/OE25-DEV/projects/joda-time/src/main/java/org/joda/time/base/BaseDateTime.java
/sfs/weka/scratch/wxw9rr/artifact/RQ3/OE25-DEV/projects/joda-time/src/main/java/org/joda/time/convert/ReadablePeriodConverter.java
/sfs/weka/scratch/wxw9rr/artifact/RQ3/OE25-DEV/projects/joda-time/src/main/java/org/joda/time/Months.java
/sfs/weka/scratch/wxw9rr/artifact/RQ3/OE25-DEV/projects/joda-time/src/main/java/org/joda/time/ReadableInstant.java
/sfs/weka/scratch/wxw9rr/artifact/RQ3/OE25-DEV/projects/joda-time/src/main/java/org/joda/time/Days.java
/sfs/weka/scratch/wxw9rr/artifact/RQ3/OE25-DEV/projects/joda-time/src/main/java/org/joda/time/field/OffsetDateTimeField.java
/sfs/weka/scratch/wxw9rr/artifact/RQ3/OE25-DEV/projects/joda-time/src/main/java/org/joda/time/DateTime.java
/sfs/weka/scratch/wxw9rr/artifact/RQ3/OE25-DEV/projects/joda-time/src/main/java/org/joda/time/tz/NameProvider.java
/sfs/weka/scratch/wxw9rr/artifact/RQ3/OE25-DEV/projects/joda-time/src/main/java/org/joda/time/convert/DurationConverter.java
/sfs/weka/scratch/wxw9rr/artifact/RQ3/OE25-DEV/projects/joda-time/src/main/java/org/joda/time/convert/ReadableDurationConverter.java
/sfs/weka/scratch/wxw9rr/artifact/RQ3/OE25-DEV/projects/joda-time/src/main/java/org/joda/time/chrono/GJLocaleSymbols.java
/sfs/weka/scratch/wxw9rr/artifact/RQ3/OE25-DEV/projects/joda-time/src/main/java/org/joda/time/field/AbstractReadableInstantFieldProperty.java
/sfs/weka/scratch/wxw9rr/artifact/RQ3/OE25-DEV/projects/joda-time/src/main/java/org/joda/time/base/BaseInterval.java
/sfs/weka/scratch/wxw9rr/artifact/RQ3/OE25-DEV/projects/joda-time/src/main/java/org/joda/time/format/FormatUtils.java
/sfs/weka/scratch/wxw9rr/artifact/RQ3/OE25-DEV/projects/joda-time/src/main/java/org/joda/time/field/DividedDateTimeField.java
/sfs/weka/scratch/wxw9rr/artifact/RQ3/OE25-DEV/projects/joda-time/src/main/java/org/joda/time/base/AbstractDuration.java
/sfs/weka/scratch/wxw9rr/artifact/RQ3/OE25-DEV/projects/joda-time/src/main/java/org/joda/time/base/BasePeriod.java
/sfs/weka/scratch/wxw9rr/artifact/RQ3/OE25-DEV/projects/joda-time/src/main/java/org/joda/time/field/ScaledDurationField.java
/sfs/weka/scratch/wxw9rr/artifact/RQ3/OE25-DEV/projects/joda-time/src/main/java/org/joda/time/chrono/BaseChronology.java
/sfs/weka/scratch/wxw9rr/artifact/RQ3/OE25-DEV/projects/joda-time/src/main/java/org/joda/time/chrono/GJYearOfEraDateTimeField.java
/sfs/weka/scratch/wxw9rr/artifact/RQ3/OE25-DEV/projects/joda-time/src/main/java/org/joda/time/field/ImpreciseDateTimeField.java
/sfs/weka/scratch/wxw9rr/artifact/RQ3/OE25-DEV/projects/joda-time/src/main/java/org/joda/time/Duration.java
/sfs/weka/scratch/wxw9rr/artifact/RQ3/OE25-DEV/projects/joda-time/src/main/java/org/joda/time/chrono/GJCacheKey.java
/sfs/weka/scratch/wxw9rr/artifact/RQ3/OE25-DEV/projects/joda-time/src/main/java/org/joda/time/field/BaseDateTimeField.java
/sfs/weka/scratch/wxw9rr/artifact/RQ3/OE25-DEV/projects/joda-time/src/main/java/org/joda/time/convert/ReadableInstantConverter.java
/sfs/weka/scratch/wxw9rr/artifact/RQ3/OE25-DEV/projects/joda-time/src/main/java/org/joda/time/DateTimeZone.java
/sfs/weka/scratch/wxw9rr/artifact/RQ3/OE25-DEV/projects/joda-time/src/main/java/org/joda/time/chrono/BasicDayOfMonthDateTimeField.java
/sfs/weka/scratch/wxw9rr/artifact/RQ3/OE25-DEV/projects/joda-time/src/main/java/org/joda/time/format/DateTimePrinterInternalPrinter.java
/sfs/weka/scratch/wxw9rr/artifact/RQ3/OE25-DEV/projects/joda-time/src/main/java/org/joda/time/tz/ZoneInfoProvider.java
/sfs/weka/scratch/wxw9rr/artifact/RQ3/OE25-DEV/projects/joda-time/src/main/java/org/joda/time/format/PeriodPrinter.java
/sfs/weka/scratch/wxw9rr/artifact/RQ3/OE25-DEV/projects/joda-time/src/main/java/org/joda/time/base/BaseDuration.java
/sfs/weka/scratch/wxw9rr/artifact/RQ3/OE25-DEV/projects/joda-time/src/main/java/org/joda/time/convert/DateConverter.java
/sfs/weka/scratch/wxw9rr/artifact/RQ3/OE25-DEV/projects/joda-time/src/main/java/org/joda/time/field/MillisDurationField.java
/sfs/weka/scratch/wxw9rr/artifact/RQ3/OE25-DEV/projects/joda-time/src/main/java/org/joda/time/tz/Provider.java
/sfs/weka/scratch/wxw9rr/artifact/RQ3/OE25-DEV/projects/joda-time/src/main/java/org/joda/time/PeriodType.java
/sfs/weka/scratch/wxw9rr/artifact/RQ3/OE25-DEV/projects/joda-time/src/main/java/org/joda/time/chrono/GJChronology.java
/sfs/weka/scratch/wxw9rr/artifact/RQ3/OE25-DEV/projects/joda-time/src/main/java/org/joda/time/ReadableDateTime.java
/sfs/weka/scratch/wxw9rr/artifact/RQ3/OE25-DEV/projects/joda-time/src/main/java/org/joda/time/DateMidnight.java
/sfs/weka/scratch/wxw9rr/artifact/RQ3/OE25-DEV/projects/joda-time/src/main/java/org/joda/time/convert/StringConverter.java
/sfs/weka/scratch/wxw9rr/artifact/RQ3/OE25-DEV/projects/joda-time/src/main/java/org/joda/time/format/DateTimeFormatterBuilder.java
/sfs/weka/scratch/wxw9rr/artifact/RQ3/OE25-DEV/projects/joda-time/src/main/java/org/joda/time/convert/ReadablePartialConverter.java
/sfs/weka/scratch/wxw9rr/artifact/RQ3/OE25-DEV/projects/joda-time/src/main/java/org/joda/time/format/DateTimeParserInternalParser.java
/sfs/weka/scratch/wxw9rr/artifact/RQ3/OE25-DEV/projects/joda-time/src/main/java/org/joda/time/DateTimeField.java
/sfs/weka/scratch/wxw9rr/artifact/RQ3/OE25-DEV/projects/joda-time/src/main/java/org/joda/time/convert/CalendarConverter.java
/sfs/weka/scratch/wxw9rr/artifact/RQ3/OE25-DEV/projects/joda-time/src/main/java/org/joda/time/convert/AbstractConverter.java
/sfs/weka/scratch/wxw9rr/artifact/RQ3/OE25-DEV/projects/joda-time/src/main/java/org/joda/time/Interval.java
/sfs/weka/scratch/wxw9rr/artifact/RQ3/OE25-DEV/projects/joda-time/src/main/java/org/joda/time/tz/ZoneInfoCompiler.java
/sfs/weka/scratch/wxw9rr/artifact/RQ3/OE25-DEV/projects/joda-time/src/main/java/org/joda/time/chrono/LenientChronology.java
/sfs/weka/scratch/wxw9rr/artifact/RQ3/OE25-DEV/projects/joda-time/src/main/java/org/joda/time/chrono/GJDayOfWeekDateTimeField.java
/sfs/weka/scratch/wxw9rr/artifact/RQ3/OE25-DEV/projects/joda-time/src/main/java/org/joda/time/format/InternalPrinter.java
/sfs/weka/scratch/wxw9rr/artifact/RQ3/OE25-DEV/projects/joda-time/src/main/java/org/joda/time/format/InternalParser.java
/sfs/weka/scratch/wxw9rr/artifact/RQ3/OE25-DEV/projects/joda-time/src/main/java/org/joda/time/MutableInterval.java
/sfs/weka/scratch/wxw9rr/artifact/RQ3/OE25-DEV/projects/joda-time/src/main/java/org/joda/time/convert/PartialConverter.java
/sfs/weka/scratch/wxw9rr/artifact/RQ3/OE25-DEV/projects/joda-time/src/main/java/org/joda/time/field/FieldUtils.java
/sfs/weka/scratch/wxw9rr/artifact/RQ3/OE25-DEV/projects/joda-time/src/main/java/org/joda/time/chrono/BasicYearDateTimeField.java
/sfs/weka/scratch/wxw9rr/artifact/RQ3/OE25-DEV/projects/joda-time/src/main/java/org/joda/time/chrono/IslamicChronology.java
/sfs/weka/scratch/wxw9rr/artifact/RQ3/OE25-DEV/projects/joda-time/src/main/java/org/joda/time/convert/InstantConverter.java
/sfs/weka/scratch/wxw9rr/artifact/RQ3/OE25-DEV/projects/joda-time/src/main/java/org/joda/time/MutableDateTime.java
/sfs/weka/scratch/wxw9rr/artifact/RQ3/OE25-DEV/projects/joda-time/src/main/java/org/joda/time/DateTimeUtils.java
/sfs/weka/scratch/wxw9rr/artifact/RQ3/OE25-DEV/projects/joda-time/src/main/java/org/joda/time/UTCDateTimeZone.java
/sfs/weka/scratch/wxw9rr/artifact/RQ3/OE25-DEV/projects/joda-time/src/main/java/org/joda/time/LocalDate.java
/sfs/weka/scratch/wxw9rr/artifact/RQ3/OE25-DEV/projects/joda-time/src/main/java/org/joda/time/format/DateTimeParserBucket.java
/sfs/weka/scratch/wxw9rr/artifact/RQ3/OE25-DEV/projects/joda-time/src/main/java/org/joda/time/chrono/BasicSingleEraDateTimeField.java
/sfs/weka/scratch/wxw9rr/artifact/RQ3/OE25-DEV/projects/joda-time/src/main/java/org/joda/time/TimeOfDay.java
/sfs/weka/scratch/wxw9rr/artifact/RQ3/OE25-DEV/projects/joda-time/src/main/java/org/joda/time/tz/UTCProvider.java
/sfs/weka/scratch/wxw9rr/artifact/RQ3/OE25-DEV/projects/joda-time/src/main/java/org/joda/time/format/ISOPeriodFormat.java
/sfs/weka/scratch/wxw9rr/artifact/RQ3/OE25-DEV/projects/joda-time/src/main/java/org/joda/time/field/SkipDateTimeField.java
/sfs/weka/scratch/wxw9rr/artifact/RQ3/OE25-DEV/projects/joda-time/src/main/java/org/joda/time/format/PeriodFormatter.java
/sfs/weka/scratch/wxw9rr/artifact/RQ3/OE25-DEV/projects/joda-time/src/main/java/org/joda/time/format/DateTimeParser.java
/sfs/weka/scratch/wxw9rr/artifact/RQ3/OE25-DEV/projects/joda-time/src/main/java/org/joda/time/chrono/AssembledChronology.java
/sfs/weka/scratch/wxw9rr/artifact/RQ3/OE25-DEV/projects/joda-time/src/main/java/org/joda/time/ReadablePeriod.java
/sfs/weka/scratch/wxw9rr/artifact/RQ3/OE25-DEV/projects/joda-time/src/main/java/org/joda/time/convert/NullConverter.java
/sfs/weka/scratch/wxw9rr/artifact/RQ3/OE25-DEV/projects/joda-time/src/main/java/org/joda/time/ReadableDuration.java
/sfs/weka/scratch/wxw9rr/artifact/RQ3/OE25-DEV/projects/joda-time/src/main/java/org/joda/time/field/PreciseDateTimeField.java
/sfs/weka/scratch/wxw9rr/artifact/RQ3/OE25-DEV/projects/joda-time/src/main/java/org/joda/time/chrono/BasicMonthOfYearDateTimeField.java
/sfs/weka/scratch/wxw9rr/artifact/RQ3/OE25-DEV/projects/joda-time/src/main/java/org/joda/time/format/PeriodFormat.java
/sfs/weka/scratch/wxw9rr/artifact/RQ3/OE25-DEV/projects/joda-time/src/main/java/org/joda/time/base/AbstractInterval.java
/sfs/weka/scratch/wxw9rr/artifact/RQ3/OE25-DEV/projects/joda-time/src/main/java/org/joda/time/chrono/BasicWeekyearDateTimeField.java
/sfs/weka/scratch/wxw9rr/artifact/RQ3/OE25-DEV/projects/joda-time/src/main/java/org/joda/time/base/BaseSingleFieldPeriod.java
/sfs/weka/scratch/wxw9rr/artifact/RQ3/OE25-DEV/projects/joda-time/src/main/java/org/joda/time/ReadWritableInterval.java
/sfs/weka/scratch/wxw9rr/artifact/RQ3/OE25-DEV/projects/joda-time/src/main/java/org/joda/time/base/AbstractPartial.java
/sfs/weka/scratch/wxw9rr/artifact/RQ3/OE25-DEV/projects/joda-time/src/main/java/org/joda/time/DateTimeConstants.java
/sfs/weka/scratch/wxw9rr/artifact/RQ3/OE25-DEV/projects/joda-time/src/main/java/org/joda/time/chrono/BasicWeekOfWeekyearDateTimeField.java
/sfs/weka/scratch/wxw9rr/artifact/RQ3/OE25-DEV/projects/joda-time/src/main/java/org/joda/time/field/DecoratedDateTimeField.java
/sfs/weka/scratch/wxw9rr/artifact/RQ3/OE25-DEV/projects/joda-time/src/main/java/org/joda/time/chrono/ISOYearOfEraDateTimeField.java
/sfs/weka/scratch/wxw9rr/artifact/RQ3/OE25-DEV/projects/joda-time/src/main/java/org/joda/time/format/InternalPrinterDateTimePrinter.java
/sfs/weka/scratch/wxw9rr/artifact/RQ3/OE25-DEV/projects/joda-time/src/main/java/org/joda/time/DurationFieldType.java
/sfs/weka/scratch/wxw9rr/artifact/RQ3/OE25-DEV/projects/joda-time/src/main/java/org/joda/time/field/DelegatedDateTimeField.java
/sfs/weka/scratch/wxw9rr/artifact/RQ3/OE25-DEV/projects/joda-time/src/main/java/org/joda/time/JodaTimePermission.java
/sfs/weka/scratch/wxw9rr/artifact/RQ3/OE25-DEV/projects/joda-time/src/main/java/org/joda/time/chrono/StrictChronology.java
/sfs/weka/scratch/wxw9rr/artifact/RQ3/OE25-DEV/projects/joda-time/src/main/java/org/joda/time/field/LenientDateTimeField.java
/sfs/weka/scratch/wxw9rr/artifact/RQ3/OE25-DEV/projects/joda-time/src/main/java/org/joda/time/IllegalFieldValueException.java
/sfs/weka/scratch/wxw9rr/artifact/RQ3/OE25-DEV/projects/joda-time/src/main/java/org/joda/time/field/PreciseDurationField.java
/sfs/weka/scratch/wxw9rr/artifact/RQ3/OE25-DEV/projects/joda-time/src/main/java/org/joda/time/convert/ReadableIntervalConverter.java
/sfs/weka/scratch/wxw9rr/artifact/RQ3/OE25-DEV/projects/joda-time/src/main/java/org/joda/time/chrono/BasicGJChronology.java
/sfs/weka/scratch/wxw9rr/artifact/RQ3/OE25-DEV/projects/joda-time/src/main/java/org/joda/time/chrono/BasicFixedMonthChronology.java
/sfs/weka/scratch/wxw9rr/artifact/RQ3/OE25-DEV/projects/joda-time/src/main/java/org/joda/time/LocalTime.java
/sfs/weka/scratch/wxw9rr/artifact/RQ3/OE25-DEV/projects/joda-time/src/main/java/org/joda/time/base/AbstractDateTime.java
/sfs/weka/scratch/wxw9rr/artifact/RQ3/OE25-DEV/projects/joda-time/src/main/java/org/joda/time/convert/PeriodConverter.java
/sfs/weka/scratch/wxw9rr/artifact/RQ3/OE25-DEV/projects/joda-time/src/main/java/org/joda/time/field/StrictDateTimeField.java
/sfs/weka/scratch/wxw9rr/artifact/RQ3/OE25-DEV/projects/joda-time/src/main/java/org/joda/time/ReadWritableDateTime.java
/sfs/weka/scratch/wxw9rr/artifact/RQ3/OE25-DEV/projects/joda-time/src/main/java/org/joda/time/YearMonthDay.java
/sfs/weka/scratch/wxw9rr/artifact/RQ3/OE25-DEV/projects/joda-time/src/main/java/org/joda/time/field/SkipUndoDateTimeField.java
/sfs/weka/scratch/wxw9rr/artifact/RQ3/OE25-DEV/projects/joda-time/src/main/java/org/joda/time/tz/FixedDateTimeZone.java
/sfs/weka/scratch/wxw9rr/artifact/RQ3/OE25-DEV/projects/joda-time/src/main/java/org/joda/time/ReadablePartial.java
/sfs/weka/scratch/wxw9rr/artifact/RQ3/OE25-DEV/projects/joda-time/src/main/java/org/joda/time/ReadableInterval.java
/sfs/weka/scratch/wxw9rr/artifact/RQ3/OE25-DEV/projects/joda-time/src/main/java/org/joda/time/tz/DateTimeZoneBuilder.java
/sfs/weka/scratch/wxw9rr/artifact/RQ3/OE25-DEV/projects/joda-time/src/main/java/org/joda/time/field/DelegatedDurationField.java
/sfs/weka/scratch/wxw9rr/artifact/RQ3/OE25-DEV/projects/joda-time/src/main/java/org/joda/time/format/InternalParserDateTimeParser.java
/sfs/weka/scratch/wxw9rr/artifact/RQ3/OE25-DEV/projects/joda-time/src/main/java/org/joda/time/chrono/LimitChronology.java
/sfs/weka/scratch/wxw9rr/artifact/RQ3/OE25-DEV/projects/joda-time/src/main/java/org/joda/time/base/AbstractPeriod.java
/sfs/weka/scratch/wxw9rr/artifact/RQ3/OE25-DEV/projects/joda-time/src/main/java/org/joda/time/chrono/EthiopicChronology.java
/sfs/weka/scratch/wxw9rr/artifact/RQ3/OE25-DEV/projects/joda-time/src/main/java/org/joda/time/convert/ConverterSet.java
/sfs/weka/scratch/wxw9rr/artifact/RQ3/OE25-DEV/projects/joda-time/src/main/java/org/joda/time/DateTimeComparator.java
/sfs/weka/scratch/wxw9rr/artifact/RQ3/OE25-DEV/projects/joda-time/src/main/java/org/joda/time/field/UnsupportedDurationField.java
/sfs/weka/scratch/wxw9rr/artifact/RQ3/OE25-DEV/projects/joda-time/src/main/java/org/joda/time/convert/ConverterManager.java
/sfs/weka/scratch/wxw9rr/artifact/RQ3/OE25-DEV/projects/joda-time/src/main/java/org/joda/time/Minutes.java
/sfs/weka/scratch/wxw9rr/artifact/RQ3/OE25-DEV/projects/joda-time/src/main/java/org/joda/time/chrono/BuddhistChronology.java
/sfs/weka/scratch/wxw9rr/artifact/RQ3/OE25-DEV/projects/joda-time/src/main/java/org/joda/time/Partial.java
/sfs/weka/scratch/wxw9rr/artifact/RQ3/OE25-DEV/projects/joda-time/src/main/java/org/joda/time/MonthDay.java
/sfs/weka/scratch/wxw9rr/artifact/RQ3/OE25-DEV/projects/joda-time/src/main/java/org/joda/time/tz/ZoneInfoLogger.java
/sfs/weka/scratch/wxw9rr/artifact/RQ3/OE25-DEV/projects/joda-time/src/main/java/org/joda/time/format/PeriodParser.java
/sfs/weka/scratch/wxw9rr/artifact/RQ3/OE25-DEV/projects/joda-time/src/main/java/org/joda/time/convert/LongConverter.java
/sfs/weka/scratch/wxw9rr/artifact/RQ3/OE25-DEV/projects/joda-time/src/main/java/org/joda/time/Instant.java
/sfs/weka/scratch/wxw9rr/artifact/RQ3/OE25-DEV/projects/joda-time/src/main/java/org/joda/time/DateTimeFieldType.java
/sfs/weka/scratch/wxw9rr/artifact/RQ3/OE25-DEV/projects/joda-time/src/main/java/org/joda/time/Years.java
/sfs/weka/scratch/wxw9rr/artifact/RQ3/OE25-DEV/projects/joda-time/src/main/java/org/joda/time/field/AbstractPartialFieldProperty.java
/sfs/weka/scratch/wxw9rr/artifact/RQ3/OE25-DEV/projects/joda-time/src/main/java/org/joda/time/base/BasePartial.java
/sfs/weka/scratch/wxw9rr/artifact/RQ3/OE25-DEV/projects/joda-time/src/main/java/org/joda/time/field/RemainderDateTimeField.java
/sfs/weka/scratch/wxw9rr/artifact/RQ3/OE25-DEV/projects/joda-time/src/main/java/org/joda/time/chrono/ISOChronology.java
/sfs/weka/scratch/wxw9rr/artifact/RQ3/OE25-DEV/projects/joda-time/src/main/java/org/joda/time/chrono/BasicDayOfYearDateTimeField.java
/sfs/weka/scratch/wxw9rr/artifact/RQ3/OE25-DEV/projects/joda-time/src/main/java/org/joda/time/LocalDateTime.java
/sfs/weka/scratch/wxw9rr/artifact/RQ3/OE25-DEV/projects/joda-time/src/main/java/org/joda/time/Weeks.java
/sfs/weka/scratch/wxw9rr/artifact/RQ3/OE25-DEV/projects/joda-time/src/main/java/org/joda/time/format/DateTimePrinter.java
/sfs/weka/scratch/wxw9rr/artifact/RQ3/OE25-DEV/projects/joda-time/src/main/java/org/joda/time/MutablePeriod.java
