[INFO] Scanning for projects...
[WARNING] 
[WARNING] Some problems were encountered while building the effective model for org.apache.commons:commons-geometry-spherical:jar:1.0
[WARNING] 'build.plugins.plugin.(groupId:artifactId)' must be unique but found duplicate declaration of plugin org.apache.maven.plugins:maven-surefire-plugin @ org.apache.commons:commons-geometry-parent:1.0, /sfs/weka/scratch/wxw9rr/OE25-DEV/projects_decomposed/commons-geometry-1.0-src/pom.xml, line 232, column 15
[WARNING] 
[WARNING] It is highly recommended to fix these problems because they threaten the stability of your build.
[WARNING] 
[WARNING] For this reason, future Maven versions might no longer support building such malformed projects.
[WARNING] 
[INFO] 
[INFO] -----------< org.apache.commons:commons-geometry-spherical >------------
[INFO] Building Apache Commons Geometry Spherical 1.0
[INFO]   from pom.xml
[INFO] --------------------------------[ jar ]---------------------------------
[INFO] 
[INFO] --- enforcer:3.0.0-M3:enforce (enforce-maven-version) @ commons-geometry-spherical ---
[INFO] 
[INFO] --- enforcer:3.0.0-M3:enforce (enforce-maven-3) @ commons-geometry-spherical ---
[INFO] 
[INFO] --- apache-rat:0.13:check (rat-check) @ commons-geometry-spherical ---
[INFO] RAT will not execute since it is configured to be skipped via system property 'rat.skip'.
[INFO] 
[INFO] --- build-helper:3.2.0:parse-version (parse-version) @ commons-geometry-spherical ---
[INFO] 
[INFO] --- antrun:1.8:run (javadoc.resources) @ commons-geometry-spherical ---
[INFO] Executing tasks

main:
     [copy] Copying 2 files to /sfs/weka/scratch/wxw9rr/OE25-DEV/projects_decomposed/commons-geometry-1.0-src/commons-geometry-spherical/target/apidocs/META-INF
[INFO] Executed tasks
[INFO] 
[INFO] --- remote-resources:1.7.0:process (process-resource-bundles) @ commons-geometry-spherical ---
[INFO] Skipping remote resources execution.
[INFO] 
[INFO] --- buildnumber:1.4:create (default) @ commons-geometry-spherical ---
[INFO] Executing: /bin/sh -c cd '/sfs/weka/scratch/wxw9rr/OE25-DEV/projects_decomposed/commons-geometry-1.0-src/commons-geometry-spherical' && 'git' 'rev-parse' '--verify' 'HEAD'
[INFO] Working directory: /sfs/weka/scratch/wxw9rr/OE25-DEV/projects_decomposed/commons-geometry-1.0-src/commons-geometry-spherical
[INFO] Storing buildNumber: ba422cbeaa32efdad405fd5df283f67519011b01 at timestamp: 1768596540109
[INFO] Storing buildScmBranch: main
[INFO] 
[INFO] --- resources:3.1.0:resources (default-resources) @ commons-geometry-spherical ---
[INFO] Using 'UTF-8' encoding to copy filtered resources.
[INFO] skip non existing resourceDirectory /sfs/weka/scratch/wxw9rr/OE25-DEV/projects_decomposed/commons-geometry-1.0-src/commons-geometry-spherical/src/main/resources
[INFO] Copying 2 resources to META-INF
[INFO] 
[INFO] --- compiler:3.8.1:compile (default-compile) @ commons-geometry-spherical ---
[INFO] Changes detected - recompiling the module!
[INFO] Compiling 22 source files to /sfs/weka/scratch/wxw9rr/OE25-DEV/projects_decomposed/commons-geometry-1.0-src/commons-geometry-spherical/target/classes
[INFO] 
[INFO] --- bundle:5.1.1:manifest (bundle-manifest) @ commons-geometry-spherical ---
[INFO] 
[INFO] --- resources:3.1.0:testResources (default-testResources) @ commons-geometry-spherical ---
[INFO] Using 'UTF-8' encoding to copy filtered resources.
[INFO] skip non existing resourceDirectory /sfs/weka/scratch/wxw9rr/OE25-DEV/projects_decomposed/commons-geometry-1.0-src/commons-geometry-spherical/src/test/resources
[INFO] Copying 2 resources to META-INF
[INFO] 
[INFO] --- compiler:3.8.1:testCompile (default-testCompile) @ commons-geometry-spherical ---
[INFO] Changes detected - recompiling the module!
[INFO] Compiling 36 source files to /sfs/weka/scratch/wxw9rr/OE25-DEV/projects_decomposed/commons-geometry-1.0-src/commons-geometry-spherical/target/test-classes
[INFO] 
[INFO] --- animal-sniffer:1.19:check (checkAPIcompatibility) @ commons-geometry-spherical ---
[INFO] Checking unresolved references to org.codehaus.mojo.signature:java18:1.0
[INFO] 
[INFO] --- jacoco:0.8.5:prepare-agent (prepare-agent) @ commons-geometry-spherical ---
[INFO] argLine set to -javaagent:/home/wxw9rr/.m2/repository/org/jacoco/org.jacoco.agent/0.8.5/org.jacoco.agent-0.8.5-runtime.jar=destfile=/sfs/weka/scratch/wxw9rr/OE25-DEV/projects_decomposed/commons-geometry-1.0-src/commons-geometry-spherical/target/jacoco.exec
[INFO] 
[INFO] --- surefire:3.0.0-M7:test (default-test) @ commons-geometry-spherical ---
[INFO] Using auto detected provider org.apache.maven.surefire.junitplatform.JUnitPlatformProvider
[INFO] 
[INFO] -------------------------------------------------------
[INFO]  T E S T S
[INFO] -------------------------------------------------------
[INFO] Running org.apache.commons.geometry.spherical.twod.ConvexArea2STest_OE25Dev
[INFO] Tests run: 104, Failures: 0, Errors: 0, Skipped: 0, Time elapsed: 1.043 s - in org.apache.commons.geometry.spherical.twod.ConvexArea2STest_OE25Dev
[INFO] Running org.apache.commons.geometry.spherical.twod.BoundaryList2STest_OE25Dev
[INFO] Tests run: 5, Failures: 0, Errors: 0, Skipped: 0, Time elapsed: 0.019 s - in org.apache.commons.geometry.spherical.twod.BoundaryList2STest_OE25Dev
[INFO] Running org.apache.commons.geometry.spherical.twod.BoundarySource2STest_OE25Dev
[INFO] Tests run: 8, Failures: 0, Errors: 0, Skipped: 0, Time elapsed: 0.004 s - in org.apache.commons.geometry.spherical.twod.BoundarySource2STest_OE25Dev
[INFO] Running org.apache.commons.geometry.spherical.twod.RegionBSPTree2STest_OE25Dev
[INFO] Tests run: 118, Failures: 0, Errors: 0, Skipped: 0, Time elapsed: 0.664 s - in org.apache.commons.geometry.spherical.twod.RegionBSPTree2STest_OE25Dev
[INFO] Running org.apache.commons.geometry.spherical.twod.Point2STest_OE25Dev
[INFO] Tests run: 69, Failures: 0, Errors: 0, Skipped: 0, Time elapsed: 0.053 s - in org.apache.commons.geometry.spherical.twod.Point2STest_OE25Dev
[INFO] Running org.apache.commons.geometry.spherical.twod.EmbeddedTreeSubGreatCircleTest_OE25Dev
[INFO] Tests run: 51, Failures: 0, Errors: 0, Skipped: 0, Time elapsed: 0.075 s - in org.apache.commons.geometry.spherical.twod.EmbeddedTreeSubGreatCircleTest_OE25Dev
[INFO] Running org.apache.commons.geometry.spherical.twod.Transform2STest_OE25Dev
[INFO] Tests run: 13, Failures: 0, Errors: 0, Skipped: 0, Time elapsed: 0.021 s - in org.apache.commons.geometry.spherical.twod.Transform2STest_OE25Dev
[INFO] Running org.apache.commons.geometry.spherical.twod.GreatCircleTest_OE25Dev
[INFO] Tests run: 125, Failures: 0, Errors: 0, Skipped: 0, Time elapsed: 0.03 s - in org.apache.commons.geometry.spherical.twod.GreatCircleTest_OE25Dev
[INFO] Running org.apache.commons.geometry.spherical.twod.AbstractGreatArcPathConnectorTest_OE25Dev
[INFO] Tests run: 45, Failures: 0, Errors: 0, Skipped: 0, Time elapsed: 0.048 s - in org.apache.commons.geometry.spherical.twod.AbstractGreatArcPathConnectorTest_OE25Dev
[INFO] Running org.apache.commons.geometry.spherical.twod.GreatArcTest_OE25Dev
[INFO] Tests run: 40, Failures: 0, Errors: 0, Skipped: 0, Time elapsed: 0.007 s - in org.apache.commons.geometry.spherical.twod.GreatArcTest_OE25Dev
[INFO] Running org.apache.commons.geometry.spherical.twod.GreatArcPathTest_OE25Dev
[INFO] Tests run: 65, Failures: 0, Errors: 0, Skipped: 0, Time elapsed: 0.012 s - in org.apache.commons.geometry.spherical.twod.GreatArcPathTest_OE25Dev
[INFO] Running org.apache.commons.geometry.spherical.oned.AngularIntervalTest_OE25Dev
[INFO] Tests run: 84, Failures: 0, Errors: 0, Skipped: 0, Time elapsed: 0.036 s - in org.apache.commons.geometry.spherical.oned.AngularIntervalTest_OE25Dev
[INFO] Running org.apache.commons.geometry.spherical.oned.Transform1STest_OE25Dev
[INFO] Tests run: 32, Failures: 0, Errors: 0, Skipped: 0, Time elapsed: 0.006 s - in org.apache.commons.geometry.spherical.oned.Transform1STest_OE25Dev
[INFO] Running org.apache.commons.geometry.spherical.oned.Point1STest_OE25Dev
[INFO] Tests run: 86, Failures: 0, Errors: 0, Skipped: 0, Time elapsed: 0.101 s - in org.apache.commons.geometry.spherical.oned.Point1STest_OE25Dev
[INFO] Running org.apache.commons.geometry.spherical.oned.CutAngleTest_OE25Dev
[INFO] Tests run: 67, Failures: 0, Errors: 0, Skipped: 0, Time elapsed: 0.007 s - in org.apache.commons.geometry.spherical.oned.CutAngleTest_OE25Dev
[INFO] Running org.apache.commons.geometry.spherical.oned.RegionBSPTree1STest_OE25Dev
[INFO] Tests run: 133, Failures: 0, Errors: 0, Skipped: 0, Time elapsed: 0.036 s - in org.apache.commons.geometry.spherical.oned.RegionBSPTree1STest_OE25Dev
[INFO] Running org.apache.commons.geometry.spherical.DocumentationExamplesTest_OE25Dev
[INFO] Tests run: 8, Failures: 0, Errors: 0, Skipped: 0, Time elapsed: 0.003 s - in org.apache.commons.geometry.spherical.DocumentationExamplesTest_OE25Dev
[INFO] 
[INFO] Results:
[INFO] 
[INFO] Tests run: 1053, Failures: 0, Errors: 0, Skipped: 0
[INFO] 
[INFO] ------------------------------------------------------------------------
[INFO] BUILD SUCCESS
[INFO] ------------------------------------------------------------------------
[INFO] Total time:  18.019 s
[INFO] Finished at: 2026-01-16T15:49:15-05:00
[INFO] ------------------------------------------------------------------------
