began at: 2026-01-12 00:33:45
Picked up _JAVA_OPTIONS: -Djava.io.tmpdir=/sfs/weka/scratch/wxw9rr/tmp
[INFO] Scanning for projects...
[INFO] 
[INFO] --------------< org.apache.commons:commons-weaver-parent >--------------
[INFO] Building Apache Commons Weaver Parent 2.0
[INFO]   from pom.xml
[INFO] --------------------------------[ pom ]---------------------------------
[INFO] 
[INFO] --- clean:3.0.0:clean (default-clean) @ commons-weaver-parent ---
[INFO] 
[INFO] --- enforcer:3.0.0-M2:enforce (enforce-maven-version) @ commons-weaver-parent ---
[INFO] 
[INFO] --- enforcer:3.0.0-M2:enforce (enforce-maven-3) @ commons-weaver-parent ---
[INFO] 
[INFO] --- build-helper:1.9:parse-version (parse-version) @ commons-weaver-parent ---
[INFO] 
[INFO] --- antrun:1.8:run (javadoc.resources) @ commons-weaver-parent ---
[INFO] Executing tasks

main:
[INFO] Executed tasks
[INFO] 
[INFO] --- antrun:1.8:run (copy-notices) @ commons-weaver-parent ---
[INFO] Executing tasks

main:
[INFO] Executed tasks
[INFO] 
[INFO] --- remote-resources:1.5:process (process-resource-bundles) @ commons-weaver-parent ---
[INFO] 
[INFO] --- build-helper:1.9:add-resource (add-source-notices) @ commons-weaver-parent ---
[INFO] 
[INFO] --- buildnumber:1.4:create (default) @ commons-weaver-parent ---
[INFO] Executing: /bin/sh -c cd '/sfs/weka/scratch/wxw9rr/artifact/RQ3/OE25-DEV/commons-weaver-2.0-src/parent' && 'git' 'rev-parse' '--verify' 'HEAD'
[INFO] Working directory: /sfs/weka/scratch/wxw9rr/artifact/RQ3/OE25-DEV/commons-weaver-2.0-src/parent
[INFO] Storing buildNumber: 77d944d491f2532ea8dc274ce81490a072a96fd9 at timestamp: 1768196027416
[INFO] Storing buildScmBranch: main
[INFO] 
[INFO] --- bundle:3.5.0:manifest (bundle-manifest) @ commons-weaver-parent ---
[WARNING] Ignoring project type pom - supportedProjectTypes = [jar, bundle]
[INFO] 
[INFO] --- animal-sniffer:1.16:check (checkAPIcompatibility) @ commons-weaver-parent ---
[INFO] Checking unresolved references to org.codehaus.mojo.signature:java18:1.0
[INFO] ------------------------------------------------------------------------
[INFO] BUILD SUCCESS
[INFO] ------------------------------------------------------------------------
[INFO] Total time:  1.243 s
[INFO] Finished at: 2026-01-12T00:33:47-05:00
[INFO] ------------------------------------------------------------------------
ended at: 2026-01-12 00:33:47
