began at: 2026-01-12 01:01:04
Picked up _JAVA_OPTIONS: -Djava.io.tmpdir=/sfs/weka/scratch/wxw9rr/tmp
[INFO] Scanning for projects...
[WARNING] 
[WARNING] Some problems were encountered while building the effective model for com.github.kevinsawicki:http-request:jar:6.0
[WARNING] Reporting configuration should be done in <reporting> section, not in maven-site-plugin <configuration> as reportPlugins parameter. @ line 173, column 24
[WARNING] 
[WARNING] It is highly recommended to fix these problems because they threaten the stability of your build.
[WARNING] 
[WARNING] For this reason, future Maven versions might no longer support building such malformed projects.
[WARNING] 
[INFO] 
[INFO] ----------------< com.github.kevinsawicki:http-request >----------------
[INFO] Building http-request 6.0
[INFO]   from pom.xml
[INFO] --------------------------------[ jar ]---------------------------------
[INFO] 
[INFO] --- clean:3.2.0:clean (default-clean) @ http-request ---
[INFO] 
[INFO] --- enforcer:1.0:enforce (enforce-maven) @ http-request ---
[INFO] 
[INFO] --- resources:3.3.0:resources (default-resources) @ http-request ---
[INFO] skip non existing resourceDirectory /sfs/weka/scratch/wxw9rr/artifact/RQ3/OE25-DEV/http-request/src/main/resources
[INFO] 
[INFO] --- compiler:2.3.2:compile (default-compile) @ http-request ---
[INFO] Compiling 1 source file to /sfs/weka/scratch/wxw9rr/artifact/RQ3/OE25-DEV/http-request/target/classes
[INFO] 
[INFO] --- bundle:2.3.7:manifest (bundle-manifest) @ http-request ---
[INFO] 
[INFO] --- resources:3.3.0:testResources (default-testResources) @ http-request ---
[INFO] skip non existing resourceDirectory /sfs/weka/scratch/wxw9rr/artifact/RQ3/OE25-DEV/http-request/src/test/resources
[INFO] 
[INFO] --- compiler:2.3.2:testCompile (default-testCompile) @ http-request ---
[INFO] Compiling 3 source files to /sfs/weka/scratch/wxw9rr/artifact/RQ3/OE25-DEV/http-request/target/test-classes
[INFO] 
[INFO] --- surefire:3.0.0-M8:test (default-test) @ http-request ---
[INFO] Using auto detected provider org.apache.maven.surefire.junit4.JUnit4Provider
[INFO] 
[INFO] -------------------------------------------------------
[INFO]  T E S T S
[INFO] -------------------------------------------------------
Picked up _JAVA_OPTIONS: -Djava.io.tmpdir=/sfs/weka/scratch/wxw9rr/tmp
[INFO] Running com.github.kevinsawicki.http.EncodeTest
[INFO] Tests run: 2, Failures: 0, Errors: 0, Skipped: 0, Time elapsed: 0.032 s - in com.github.kevinsawicki.http.EncodeTest
[INFO] Running com.github.kevinsawicki.http.HttpRequestTest
2026-01-12 01:01:09.698:INFO:oejs.Server:jetty-8.1.9.v20130131
2026-01-12 01:01:09.716:INFO:oejs.AbstractConnector:Started SelectChannelConnector@0.0.0.0:44909
2026-01-12 01:01:09.724:INFO:oejs.Server:jetty-8.1.9.v20130131
2026-01-12 01:01:09.728:INFO:oejs.AbstractConnector:Started SelectChannelConnector@0.0.0.0:45995
[INFO] Tests run: 156, Failures: 0, Errors: 0, Skipped: 0, Time elapsed: 0.953 s - in com.github.kevinsawicki.http.HttpRequestTest
[INFO] 
[INFO] Results:
[INFO] 
[INFO] Tests run: 158, Failures: 0, Errors: 0, Skipped: 0
[INFO] 
[INFO] ------------------------------------------------------------------------
[INFO] BUILD SUCCESS
[INFO] ------------------------------------------------------------------------
[INFO] Total time:  4.824 s
[INFO] Finished at: 2026-01-12T01:01:10-05:00
[INFO] ------------------------------------------------------------------------
ended at: 2026-01-12 01:01:10
