[ERROR] COMPILATION ERROR : 
[ERROR] /home/tasfia/Desktop/OE25-DEV/projects_decomposed/commons-vfs/commons-vfs2/src/test/java/org/apache/commons/vfs2/provider/zip/ZipFileObjectTestCase_OE25Dev_vfs_left_364_2.java:[54,9] cannot find symbol
  symbol:   method readAndAssert(org.apache.commons.vfs2.FileObject,java.io.InputStream,java.lang.String)
  location: class org.apache.commons.vfs2.provider.zip.ZipFileObjectTestCase_OE25Dev_vfs_left_364_2
[ERROR] /home/tasfia/Desktop/OE25-DEV/projects_decomposed/commons-vfs/commons-vfs2/src/test/java/org/apache/commons/vfs2/provider/zip/ZipFileObjectTestCase_OE25Dev_vfs_left_364_2.java:[61,17] cannot find symbol
  symbol:   method readAndAssert(org.apache.commons.vfs2.FileObject,java.io.InputStream,java.lang.String)
  location: class org.apache.commons.vfs2.provider.zip.ZipFileObjectTestCase_OE25Dev_vfs_left_364_2
[ERROR] /home/tasfia/Desktop/OE25-DEV/projects_decomposed/commons-vfs/commons-vfs2/src/test/java/org/apache/commons/vfs2/provider/zip/ZipFileObjectTestCase_OE25Dev_vfs_left_364_2.java:[97,21] cannot find symbol
  symbol:   method readAndAssert(org.apache.commons.vfs2.FileObject,java.io.InputStream,java.lang.String)
  location: class org.apache.commons.vfs2.provider.zip.ZipFileObjectTestCase_OE25Dev_vfs_left_364_2
[ERROR] /home/tasfia/Desktop/OE25-DEV/projects_decomposed/commons-vfs/commons-vfs2/src/test/java/org/apache/commons/vfs2/provider/zip/ZipFileObjectTestCase_OE25Dev_vfs_left_364_2.java:[123,9] cannot find symbol
  symbol:   method readAndAssert(org.apache.commons.vfs2.FileObject,java.io.InputStream,java.lang.String)
  location: class org.apache.commons.vfs2.provider.zip.ZipFileObjectTestCase_OE25Dev_vfs_left_364_2
[ERROR] /home/tasfia/Desktop/OE25-DEV/projects_decomposed/commons-vfs/commons-vfs2/src/test/java/org/apache/commons/vfs2/provider/zip/ZipFileObjectTestCase_OE25Dev_vfs_left_364_2.java:[149,9] cannot find symbol
  symbol:   method readAndAssert(org.apache.commons.vfs2.FileObject,java.io.InputStream,java.lang.String)
  location: class org.apache.commons.vfs2.provider.zip.ZipFileObjectTestCase_OE25Dev_vfs_left_364_2
[ERROR] Failed to execute goal org.apache.maven.plugins:maven-compiler-plugin:3.8.1:testCompile (default-testCompile) on project commons-vfs2: Compilation failure: Compilation failure: 
[ERROR] /home/tasfia/Desktop/OE25-DEV/projects_decomposed/commons-vfs/commons-vfs2/src/test/java/org/apache/commons/vfs2/provider/zip/ZipFileObjectTestCase_OE25Dev_vfs_left_364_2.java:[54,9] cannot find symbol
[ERROR]   symbol:   method readAndAssert(org.apache.commons.vfs2.FileObject,java.io.InputStream,java.lang.String)
[ERROR]   location: class org.apache.commons.vfs2.provider.zip.ZipFileObjectTestCase_OE25Dev_vfs_left_364_2
[ERROR] /home/tasfia/Desktop/OE25-DEV/projects_decomposed/commons-vfs/commons-vfs2/src/test/java/org/apache/commons/vfs2/provider/zip/ZipFileObjectTestCase_OE25Dev_vfs_left_364_2.java:[61,17] cannot find symbol
[ERROR]   symbol:   method readAndAssert(org.apache.commons.vfs2.FileObject,java.io.InputStream,java.lang.String)
[ERROR]   location: class org.apache.commons.vfs2.provider.zip.ZipFileObjectTestCase_OE25Dev_vfs_left_364_2
[ERROR] /home/tasfia/Desktop/OE25-DEV/projects_decomposed/commons-vfs/commons-vfs2/src/test/java/org/apache/commons/vfs2/provider/zip/ZipFileObjectTestCase_OE25Dev_vfs_left_364_2.java:[97,21] cannot find symbol
[ERROR]   symbol:   method readAndAssert(org.apache.commons.vfs2.FileObject,java.io.InputStream,java.lang.String)
[ERROR]   location: class org.apache.commons.vfs2.provider.zip.ZipFileObjectTestCase_OE25Dev_vfs_left_364_2
[ERROR] /home/tasfia/Desktop/OE25-DEV/projects_decomposed/commons-vfs/commons-vfs2/src/test/java/org/apache/commons/vfs2/provider/zip/ZipFileObjectTestCase_OE25Dev_vfs_left_364_2.java:[123,9] cannot find symbol
[ERROR]   symbol:   method readAndAssert(org.apache.commons.vfs2.FileObject,java.io.InputStream,java.lang.String)
[ERROR]   location: class org.apache.commons.vfs2.provider.zip.ZipFileObjectTestCase_OE25Dev_vfs_left_364_2
[ERROR] /home/tasfia/Desktop/OE25-DEV/projects_decomposed/commons-vfs/commons-vfs2/src/test/java/org/apache/commons/vfs2/provider/zip/ZipFileObjectTestCase_OE25Dev_vfs_left_364_2.java:[149,9] cannot find symbol
[ERROR]   symbol:   method readAndAssert(org.apache.commons.vfs2.FileObject,java.io.InputStream,java.lang.String)
[ERROR]   location: class org.apache.commons.vfs2.provider.zip.ZipFileObjectTestCase_OE25Dev_vfs_left_364_2
[ERROR] -> [Help 1]
[ERROR] 
[ERROR] To see the full stack trace of the errors, re-run Maven with the -e switch.
[ERROR] Re-run Maven using the -X switch to enable full debug logging.
[ERROR] 
[ERROR] For more information about the errors and possible solutions, please read the following articles:
[ERROR] [Help 1] http://cwiki.apache.org/confluence/display/MAVEN/MojoFailureException
