[ERROR] COMPILATION ERROR : 
[ERROR] /home/tasfia/Desktop/OE25-DEV/projects_decomposed/commons-vfs/commons-vfs2/src/test/java/org/apache/commons/vfs2/provider/zip/FileLockTestCase_OE25Dev_vfs_left_375_1.java:[93,9] cannot find symbol
  symbol:   method assertDelete()
  location: class org.apache.commons.vfs2.provider.zip.FileLockTestCase_OE25Dev_vfs_left_375_1
[ERROR] /home/tasfia/Desktop/OE25-DEV/projects_decomposed/commons-vfs/commons-vfs2/src/test/java/org/apache/commons/vfs2/provider/zip/FileLockTestCase_OE25Dev_vfs_left_375_1.java:[121,9] cannot find symbol
  symbol:   method assertDelete()
  location: class org.apache.commons.vfs2.provider.zip.FileLockTestCase_OE25Dev_vfs_left_375_1
[ERROR] /home/tasfia/Desktop/OE25-DEV/projects_decomposed/commons-vfs/commons-vfs2/src/test/java/org/apache/commons/vfs2/provider/zip/FileLockTestCase_OE25Dev_vfs_left_375_1.java:[127,9] cannot find symbol
  symbol:   method assertDelete()
  location: class org.apache.commons.vfs2.provider.zip.FileLockTestCase_OE25Dev_vfs_left_375_1
[ERROR] /home/tasfia/Desktop/OE25-DEV/projects_decomposed/commons-vfs/commons-vfs2/src/test/java/org/apache/commons/vfs2/provider/zip/FileLockTestCase_OE25Dev_vfs_left_375_1.java:[136,9] cannot find symbol
  symbol:   method assertDelete()
  location: class org.apache.commons.vfs2.provider.zip.FileLockTestCase_OE25Dev_vfs_left_375_1
[ERROR] /home/tasfia/Desktop/OE25-DEV/projects_decomposed/commons-vfs/commons-vfs2/src/test/java/org/apache/commons/vfs2/provider/zip/FileLockTestCase_OE25Dev_vfs_left_375_1.java:[148,9] cannot find symbol
  symbol:   method assertDelete()
  location: class org.apache.commons.vfs2.provider.zip.FileLockTestCase_OE25Dev_vfs_left_375_1
[ERROR] /home/tasfia/Desktop/OE25-DEV/projects_decomposed/commons-vfs/commons-vfs2/src/test/java/org/apache/commons/vfs2/provider/zip/FileLockTestCase_OE25Dev_vfs_left_375_1.java:[157,9] cannot find symbol
  symbol:   method assertDelete()
  location: class org.apache.commons.vfs2.provider.zip.FileLockTestCase_OE25Dev_vfs_left_375_1
[ERROR] /home/tasfia/Desktop/OE25-DEV/projects_decomposed/commons-vfs/commons-vfs2/src/test/java/org/apache/commons/vfs2/provider/zip/FileLockTestCase_OE25Dev_vfs_left_375_1.java:[163,9] cannot find symbol
  symbol:   method assertDelete()
  location: class org.apache.commons.vfs2.provider.zip.FileLockTestCase_OE25Dev_vfs_left_375_1
[ERROR] /home/tasfia/Desktop/OE25-DEV/projects_decomposed/commons-vfs/commons-vfs2/src/test/java/org/apache/commons/vfs2/provider/zip/FileLockTestCase_OE25Dev_vfs_left_375_1.java:[171,9] cannot find symbol
  symbol:   method assertDelete()
  location: class org.apache.commons.vfs2.provider.zip.FileLockTestCase_OE25Dev_vfs_left_375_1
[ERROR] /home/tasfia/Desktop/OE25-DEV/projects_decomposed/commons-vfs/commons-vfs2/src/test/java/org/apache/commons/vfs2/provider/zip/FileLockTestCase_OE25Dev_vfs_left_375_1.java:[182,9] cannot find symbol
  symbol:   method assertDelete()
  location: class org.apache.commons.vfs2.provider.zip.FileLockTestCase_OE25Dev_vfs_left_375_1
[ERROR] Failed to execute goal org.apache.maven.plugins:maven-compiler-plugin:3.8.1:testCompile (default-testCompile) on project commons-vfs2: Compilation failure: Compilation failure: 
[ERROR] /home/tasfia/Desktop/OE25-DEV/projects_decomposed/commons-vfs/commons-vfs2/src/test/java/org/apache/commons/vfs2/provider/zip/FileLockTestCase_OE25Dev_vfs_left_375_1.java:[93,9] cannot find symbol
[ERROR]   symbol:   method assertDelete()
[ERROR]   location: class org.apache.commons.vfs2.provider.zip.FileLockTestCase_OE25Dev_vfs_left_375_1
[ERROR] /home/tasfia/Desktop/OE25-DEV/projects_decomposed/commons-vfs/commons-vfs2/src/test/java/org/apache/commons/vfs2/provider/zip/FileLockTestCase_OE25Dev_vfs_left_375_1.java:[121,9] cannot find symbol
[ERROR]   symbol:   method assertDelete()
[ERROR]   location: class org.apache.commons.vfs2.provider.zip.FileLockTestCase_OE25Dev_vfs_left_375_1
[ERROR] /home/tasfia/Desktop/OE25-DEV/projects_decomposed/commons-vfs/commons-vfs2/src/test/java/org/apache/commons/vfs2/provider/zip/FileLockTestCase_OE25Dev_vfs_left_375_1.java:[127,9] cannot find symbol
[ERROR]   symbol:   method assertDelete()
[ERROR]   location: class org.apache.commons.vfs2.provider.zip.FileLockTestCase_OE25Dev_vfs_left_375_1
[ERROR] /home/tasfia/Desktop/OE25-DEV/projects_decomposed/commons-vfs/commons-vfs2/src/test/java/org/apache/commons/vfs2/provider/zip/FileLockTestCase_OE25Dev_vfs_left_375_1.java:[136,9] cannot find symbol
[ERROR]   symbol:   method assertDelete()
[ERROR]   location: class org.apache.commons.vfs2.provider.zip.FileLockTestCase_OE25Dev_vfs_left_375_1
[ERROR] /home/tasfia/Desktop/OE25-DEV/projects_decomposed/commons-vfs/commons-vfs2/src/test/java/org/apache/commons/vfs2/provider/zip/FileLockTestCase_OE25Dev_vfs_left_375_1.java:[148,9] cannot find symbol
[ERROR]   symbol:   method assertDelete()
[ERROR]   location: class org.apache.commons.vfs2.provider.zip.FileLockTestCase_OE25Dev_vfs_left_375_1
[ERROR] /home/tasfia/Desktop/OE25-DEV/projects_decomposed/commons-vfs/commons-vfs2/src/test/java/org/apache/commons/vfs2/provider/zip/FileLockTestCase_OE25Dev_vfs_left_375_1.java:[157,9] cannot find symbol
[ERROR]   symbol:   method assertDelete()
[ERROR]   location: class org.apache.commons.vfs2.provider.zip.FileLockTestCase_OE25Dev_vfs_left_375_1
[ERROR] /home/tasfia/Desktop/OE25-DEV/projects_decomposed/commons-vfs/commons-vfs2/src/test/java/org/apache/commons/vfs2/provider/zip/FileLockTestCase_OE25Dev_vfs_left_375_1.java:[163,9] cannot find symbol
[ERROR]   symbol:   method assertDelete()
[ERROR]   location: class org.apache.commons.vfs2.provider.zip.FileLockTestCase_OE25Dev_vfs_left_375_1
[ERROR] /home/tasfia/Desktop/OE25-DEV/projects_decomposed/commons-vfs/commons-vfs2/src/test/java/org/apache/commons/vfs2/provider/zip/FileLockTestCase_OE25Dev_vfs_left_375_1.java:[171,9] cannot find symbol
[ERROR]   symbol:   method assertDelete()
[ERROR]   location: class org.apache.commons.vfs2.provider.zip.FileLockTestCase_OE25Dev_vfs_left_375_1
[ERROR] /home/tasfia/Desktop/OE25-DEV/projects_decomposed/commons-vfs/commons-vfs2/src/test/java/org/apache/commons/vfs2/provider/zip/FileLockTestCase_OE25Dev_vfs_left_375_1.java:[182,9] cannot find symbol
[ERROR]   symbol:   method assertDelete()
[ERROR]   location: class org.apache.commons.vfs2.provider.zip.FileLockTestCase_OE25Dev_vfs_left_375_1
[ERROR] -> [Help 1]
[ERROR] 
[ERROR] To see the full stack trace of the errors, re-run Maven with the -e switch.
[ERROR] Re-run Maven using the -X switch to enable full debug logging.
[ERROR] 
[ERROR] For more information about the errors and possible solutions, please read the following articles:
[ERROR] [Help 1] http://cwiki.apache.org/confluence/display/MAVEN/MojoFailureException
