[ERROR] COMPILATION ERROR : 
[ERROR] /home/tasfia/Desktop/OE25-DEV/projects_decomposed/commons-vfs/commons-vfs2/src/test/java/org/apache/commons/vfs2/ProviderCacheStrategyTests_OE25Dev_vfs_left_107_1.java:[77,9] cannot find symbol
  symbol:   method assertContains(org.apache.commons.vfs2.FileObject[],java.lang.String)
  location: class org.apache.commons.vfs2.ProviderCacheStrategyTests_OE25Dev_vfs_left_107_1
[ERROR] /home/tasfia/Desktop/OE25-DEV/projects_decomposed/commons-vfs/commons-vfs2/src/test/java/org/apache/commons/vfs2/ProviderCacheStrategyTests_OE25Dev_vfs_left_107_1.java:[107,9] cannot find symbol
  symbol:   method assertContains(org.apache.commons.vfs2.FileObject[],java.lang.String)
  location: class org.apache.commons.vfs2.ProviderCacheStrategyTests_OE25Dev_vfs_left_107_1
[ERROR] /home/tasfia/Desktop/OE25-DEV/projects_decomposed/commons-vfs/commons-vfs2/src/test/java/org/apache/commons/vfs2/ProviderCacheStrategyTests_OE25Dev_vfs_left_107_1.java:[141,9] cannot find symbol
  symbol:   method assertContains(org.apache.commons.vfs2.FileObject[],java.lang.String)
  location: class org.apache.commons.vfs2.ProviderCacheStrategyTests_OE25Dev_vfs_left_107_1
[ERROR] Failed to execute goal org.apache.maven.plugins:maven-compiler-plugin:3.8.1:testCompile (default-testCompile) on project commons-vfs2: Compilation failure: Compilation failure: 
[ERROR] /home/tasfia/Desktop/OE25-DEV/projects_decomposed/commons-vfs/commons-vfs2/src/test/java/org/apache/commons/vfs2/ProviderCacheStrategyTests_OE25Dev_vfs_left_107_1.java:[77,9] cannot find symbol
[ERROR]   symbol:   method assertContains(org.apache.commons.vfs2.FileObject[],java.lang.String)
[ERROR]   location: class org.apache.commons.vfs2.ProviderCacheStrategyTests_OE25Dev_vfs_left_107_1
[ERROR] /home/tasfia/Desktop/OE25-DEV/projects_decomposed/commons-vfs/commons-vfs2/src/test/java/org/apache/commons/vfs2/ProviderCacheStrategyTests_OE25Dev_vfs_left_107_1.java:[107,9] cannot find symbol
[ERROR]   symbol:   method assertContains(org.apache.commons.vfs2.FileObject[],java.lang.String)
[ERROR]   location: class org.apache.commons.vfs2.ProviderCacheStrategyTests_OE25Dev_vfs_left_107_1
[ERROR] /home/tasfia/Desktop/OE25-DEV/projects_decomposed/commons-vfs/commons-vfs2/src/test/java/org/apache/commons/vfs2/ProviderCacheStrategyTests_OE25Dev_vfs_left_107_1.java:[141,9] cannot find symbol
[ERROR]   symbol:   method assertContains(org.apache.commons.vfs2.FileObject[],java.lang.String)
[ERROR]   location: class org.apache.commons.vfs2.ProviderCacheStrategyTests_OE25Dev_vfs_left_107_1
[ERROR] -> [Help 1]
[ERROR] 
[ERROR] To see the full stack trace of the errors, re-run Maven with the -e switch.
[ERROR] Re-run Maven using the -X switch to enable full debug logging.
[ERROR] 
[ERROR] For more information about the errors and possible solutions, please read the following articles:
[ERROR] [Help 1] http://cwiki.apache.org/confluence/display/MAVEN/MojoFailureException
