[INFO] Scanning for projects...
[INFO] 
[INFO] ---------------< org.asynchttpclient:async-http-client >----------------
[INFO] Building Asynchronous Http Client 2.12.3
[INFO]   from pom.xml
[INFO] --------------------------------[ jar ]---------------------------------
[INFO] 
[INFO] --- enforcer:1.4.1:enforce (enforce-versions) @ async-http-client ---
[INFO] 
[INFO] --- resources:3.0.2:resources (default-resources) @ async-http-client ---
[INFO] Using 'UTF-8' encoding to copy filtered resources.
[INFO] Copying 3 resources
[INFO] 
[INFO] --- compiler:3.6.1:compile (default-compile) @ async-http-client ---
[INFO] Nothing to compile - all classes are up to date
[INFO] 
[INFO] --- resources:3.0.2:testResources (default-testResources) @ async-http-client ---
[INFO] Using 'UTF-8' encoding to copy filtered resources.
[INFO] Copying 14 resources
[INFO] 
[INFO] --- compiler:3.6.1:testCompile (default-testCompile) @ async-http-client ---
[INFO] Nothing to compile - all classes are up to date
[INFO] 
[INFO] --- surefire:2.19.1:test (default-test) @ async-http-client ---

-------------------------------------------------------
 T E S T S
-------------------------------------------------------
Picked up _JAVA_OPTIONS: -Djava.io.tmpdir=/sfs/weka/scratch/wxw9rr/tmp
Running TestSuite
Tests run: 857, Failures: 0, Errors: 0, Skipped: 0, Time elapsed: 179.877 sec - in TestSuite

Results :

Tests run: 857, Failures: 0, Errors: 0, Skipped: 0

[INFO] ------------------------------------------------------------------------
[INFO] BUILD SUCCESS
[INFO] ------------------------------------------------------------------------
[INFO] Total time:  03:01 min
[INFO] Finished at: 2026-01-15T01:01:47-05:00
[INFO] ------------------------------------------------------------------------
