
-------------------------------------------------------
 T E S T S
-------------------------------------------------------
Running org.asynchttpclient.ws.TextMessageTest_OE25Dev_async_350_1
Tests run: 1, Failures: 1, Errors: 0, Skipped: 0, Time elapsed: 0.353 sec <<< FAILURE! - in org.asynchttpclient.ws.TextMessageTest_OE25Dev_async_350_1
onFailureTest_1_oe(org.asynchttpclient.ws.TextMessageTest_OE25Dev_async_350_1)  Time elapsed: 0.151 sec  <<< FAILURE!
org.testng.TestException: 

Expected exception of any of types [class java.net.UnknownHostException, class java.net.ConnectException] but got java.lang.AssertionError: expected [true] but found [false]
	at org.asynchttpclient.ws.TextMessageTest_OE25Dev_async_350_1.onFailureTest_1_oe(TextMessageTest_OE25Dev_async_350_1.java:355)


Results :

Failed tests: 
  TextMessageTest_OE25Dev_async_350_1.onFailureTest_1_oe » Test 
Expected except...

Tests run: 1, Failures: 1, Errors: 0, Skipped: 0

[ERROR] Failed to execute goal org.apache.maven.plugins:maven-surefire-plugin:2.19.1:test (default-test) on project async-http-client: There are test failures.
[ERROR] 
[ERROR] Please refer to /home/tasfia/Desktop/OE25-DEV/projects_decomposed/async-http-client/client/target/surefire-reports for the individual test results.
[ERROR] -> [Help 1]
[ERROR] 
[ERROR] To see the full stack trace of the errors, re-run Maven with the -e switch.
[ERROR] Re-run Maven using the -X switch to enable full debug logging.
[ERROR] 
[ERROR] For more information about the errors and possible solutions, please read the following articles:
[ERROR] [Help 1] http://cwiki.apache.org/confluence/display/MAVEN/MojoFailureException
