
-------------------------------------------------------
 T E S T S
-------------------------------------------------------
Running org.asynchttpclient.extras.registry.AsyncHttpClientRegistryTest_OE25Dev_async_36_4
Tests run: 1, Failures: 1, Errors: 0, Skipped: 0, Time elapsed: 0.375 sec <<< FAILURE! - in org.asynchttpclient.extras.registry.AsyncHttpClientRegistryTest_OE25Dev_async_36_4
testRegisterIfNew_4_oe(org.asynchttpclient.extras.registry.AsyncHttpClientRegistryTest_OE25Dev_async_36_4)  Time elapsed: 0.112 sec  <<< FAILURE!
java.lang.AssertionError: expected object to not be null
	at org.asynchttpclient.extras.registry.AsyncHttpClientRegistryTest_OE25Dev_async_36_4.testRegisterIfNew_4_oe(AsyncHttpClientRegistryTest_OE25Dev_async_36_4.java:117)


Results :

Failed tests: 
  AsyncHttpClientRegistryTest_OE25Dev_async_36_4.testRegisterIfNew_4_oe:117 expected object to not be null

Tests run: 1, Failures: 1, Errors: 0, Skipped: 0

[ERROR] Failed to execute goal org.apache.maven.plugins:maven-surefire-plugin:2.19.1:test (default-test) on project async-http-client-extras-registry: There are test failures.
[ERROR] 
[ERROR] Please refer to /home/tasfia/Desktop/OE25-DEV/projects_decomposed/async-http-client/extras/registry/target/surefire-reports for the individual test results.
[ERROR] -> [Help 1]
[ERROR] 
[ERROR] To see the full stack trace of the errors, re-run Maven with the -e switch.
[ERROR] Re-run Maven using the -X switch to enable full debug logging.
[ERROR] 
[ERROR] For more information about the errors and possible solutions, please read the following articles:
[ERROR] [Help 1] http://cwiki.apache.org/confluence/display/MAVEN/MojoFailureException
