[ERROR] COMPILATION ERROR : 
[ERROR] /home/tasfia/Desktop/OE25-DEV/projects_decomposed/async-http-client/client/src/test/java/org/asynchttpclient/ws/TextMessageTest_OE25Dev_async_348_1.java:[62,127] <anonymous org.asynchttpclient.ws.TextMessageTest_OE25Dev_async_348_1$1> is not abstract and does not override abstract method onOpen(org.asynchttpclient.ws.WebSocket) in org.asynchttpclient.ws.WebSocketListener
[ERROR] /home/tasfia/Desktop/OE25-DEV/projects_decomposed/async-http-client/client/src/test/java/org/asynchttpclient/ws/TextMessageTest_OE25Dev_async_348_1.java:[88,149] <anonymous org.asynchttpclient.ws.TextMessageTest_OE25Dev_async_348_1$2> is not abstract and does not override abstract method onOpen(org.asynchttpclient.ws.WebSocket) in org.asynchttpclient.ws.WebSocketListener
[ERROR] /home/tasfia/Desktop/OE25-DEV/projects_decomposed/async-http-client/client/src/test/java/org/asynchttpclient/ws/TextMessageTest_OE25Dev_async_348_1.java:[116,149] <anonymous org.asynchttpclient.ws.TextMessageTest_OE25Dev_async_348_1$3> is not abstract and does not override abstract method onOpen(org.asynchttpclient.ws.WebSocket) in org.asynchttpclient.ws.WebSocketListener
[ERROR] /home/tasfia/Desktop/OE25-DEV/projects_decomposed/async-http-client/client/src/test/java/org/asynchttpclient/ws/TextMessageTest_OE25Dev_async_348_1.java:[167,55] <anonymous org.asynchttpclient.ws.TextMessageTest_OE25Dev_async_348_1$4> is not abstract and does not override abstract method onOpen(org.asynchttpclient.ws.WebSocket) in org.asynchttpclient.ws.WebSocketListener
[ERROR] /home/tasfia/Desktop/OE25-DEV/projects_decomposed/async-http-client/client/src/test/java/org/asynchttpclient/ws/TextMessageTest_OE25Dev_async_348_1.java:[149,149] <anonymous org.asynchttpclient.ws.TextMessageTest_OE25Dev_async_348_1$5> is not abstract and does not override abstract method onOpen(org.asynchttpclient.ws.WebSocket) in org.asynchttpclient.ws.WebSocketListener
[ERROR] /home/tasfia/Desktop/OE25-DEV/projects_decomposed/async-http-client/client/src/test/java/org/asynchttpclient/ws/TextMessageTest_OE25Dev_async_348_1.java:[200,127] <anonymous org.asynchttpclient.ws.TextMessageTest_OE25Dev_async_348_1$6> is not abstract and does not override abstract method onOpen(org.asynchttpclient.ws.WebSocket) in org.asynchttpclient.ws.WebSocketListener
[ERROR] /home/tasfia/Desktop/OE25-DEV/projects_decomposed/async-http-client/client/src/test/java/org/asynchttpclient/ws/TextMessageTest_OE25Dev_async_348_1.java:[231,149] <anonymous org.asynchttpclient.ws.TextMessageTest_OE25Dev_async_348_1$7> is not abstract and does not override abstract method onOpen(org.asynchttpclient.ws.WebSocket) in org.asynchttpclient.ws.WebSocketListener
[ERROR] /home/tasfia/Desktop/OE25-DEV/projects_decomposed/async-http-client/client/src/test/java/org/asynchttpclient/ws/TextMessageTest_OE25Dev_async_348_1.java:[266,155] <anonymous org.asynchttpclient.ws.TextMessageTest_OE25Dev_async_348_1$8> is not abstract and does not override abstract method onOpen(org.asynchttpclient.ws.WebSocket) in org.asynchttpclient.ws.WebSocketListener
[ERROR] Failed to execute goal org.apache.maven.plugins:maven-compiler-plugin:3.6.1:testCompile (default-testCompile) on project async-http-client: Compilation failure: Compilation failure: 
[ERROR] /home/tasfia/Desktop/OE25-DEV/projects_decomposed/async-http-client/client/src/test/java/org/asynchttpclient/ws/TextMessageTest_OE25Dev_async_348_1.java:[62,127] <anonymous org.asynchttpclient.ws.TextMessageTest_OE25Dev_async_348_1$1> is not abstract and does not override abstract method onOpen(org.asynchttpclient.ws.WebSocket) in org.asynchttpclient.ws.WebSocketListener
[ERROR] /home/tasfia/Desktop/OE25-DEV/projects_decomposed/async-http-client/client/src/test/java/org/asynchttpclient/ws/TextMessageTest_OE25Dev_async_348_1.java:[88,149] <anonymous org.asynchttpclient.ws.TextMessageTest_OE25Dev_async_348_1$2> is not abstract and does not override abstract method onOpen(org.asynchttpclient.ws.WebSocket) in org.asynchttpclient.ws.WebSocketListener
[ERROR] /home/tasfia/Desktop/OE25-DEV/projects_decomposed/async-http-client/client/src/test/java/org/asynchttpclient/ws/TextMessageTest_OE25Dev_async_348_1.java:[116,149] <anonymous org.asynchttpclient.ws.TextMessageTest_OE25Dev_async_348_1$3> is not abstract and does not override abstract method onOpen(org.asynchttpclient.ws.WebSocket) in org.asynchttpclient.ws.WebSocketListener
[ERROR] /home/tasfia/Desktop/OE25-DEV/projects_decomposed/async-http-client/client/src/test/java/org/asynchttpclient/ws/TextMessageTest_OE25Dev_async_348_1.java:[167,55] <anonymous org.asynchttpclient.ws.TextMessageTest_OE25Dev_async_348_1$4> is not abstract and does not override abstract method onOpen(org.asynchttpclient.ws.WebSocket) in org.asynchttpclient.ws.WebSocketListener
[ERROR] /home/tasfia/Desktop/OE25-DEV/projects_decomposed/async-http-client/client/src/test/java/org/asynchttpclient/ws/TextMessageTest_OE25Dev_async_348_1.java:[149,149] <anonymous org.asynchttpclient.ws.TextMessageTest_OE25Dev_async_348_1$5> is not abstract and does not override abstract method onOpen(org.asynchttpclient.ws.WebSocket) in org.asynchttpclient.ws.WebSocketListener
[ERROR] /home/tasfia/Desktop/OE25-DEV/projects_decomposed/async-http-client/client/src/test/java/org/asynchttpclient/ws/TextMessageTest_OE25Dev_async_348_1.java:[200,127] <anonymous org.asynchttpclient.ws.TextMessageTest_OE25Dev_async_348_1$6> is not abstract and does not override abstract method onOpen(org.asynchttpclient.ws.WebSocket) in org.asynchttpclient.ws.WebSocketListener
[ERROR] /home/tasfia/Desktop/OE25-DEV/projects_decomposed/async-http-client/client/src/test/java/org/asynchttpclient/ws/TextMessageTest_OE25Dev_async_348_1.java:[231,149] <anonymous org.asynchttpclient.ws.TextMessageTest_OE25Dev_async_348_1$7> is not abstract and does not override abstract method onOpen(org.asynchttpclient.ws.WebSocket) in org.asynchttpclient.ws.WebSocketListener
[ERROR] /home/tasfia/Desktop/OE25-DEV/projects_decomposed/async-http-client/client/src/test/java/org/asynchttpclient/ws/TextMessageTest_OE25Dev_async_348_1.java:[266,155] <anonymous org.asynchttpclient.ws.TextMessageTest_OE25Dev_async_348_1$8> is not abstract and does not override abstract method onOpen(org.asynchttpclient.ws.WebSocket) in org.asynchttpclient.ws.WebSocketListener
[ERROR] -> [Help 1]
[ERROR] 
[ERROR] To see the full stack trace of the errors, re-run Maven with the -e switch.
[ERROR] Re-run Maven using the -X switch to enable full debug logging.
[ERROR] 
[ERROR] For more information about the errors and possible solutions, please read the following articles:
[ERROR] [Help 1] http://cwiki.apache.org/confluence/display/MAVEN/MojoFailureException
