[[1;34mINFO[m] Scanning for projects...
[[1;34mINFO[m] 
[[1;34mINFO[m] [1m-------------------< [0;36mio.springside:springside-utils[0;1m >-------------------[m
[[1;34mINFO[m] [1mBuilding Springside :: Module :: Utils 5.0.0-SNAPSHOT[m
[[1;34mINFO[m] [1m--------------------------------[ jar ]---------------------------------[m
[[1;34mINFO[m] 
[[1;34mINFO[m] [1m--- [0;32mmaven-clean-plugin:2.5:clean[m [1m(default-clean)[m @ [36mspringside-utils[0;1m ---[m
[[1;34mINFO[m] 
[[1;34mINFO[m] [1m--- [0;32mmaven-resources-plugin:2.6:resources[m [1m(default-resources)[m @ [36mspringside-utils[0;1m ---[m
[[1;34mINFO[m] Using 'UTF-8' encoding to copy filtered resources.
[[1;34mINFO[m] skip non existing resourceDirectory /home/tasfia/Desktop/OE25-DEV/projects_decomposed/springside4/modules/utils/src/main/resources
[[1;34mINFO[m] 
[[1;34mINFO[m] [1m--- [0;32mmaven-compiler-plugin:3.10.1:compile[m [1m(default-compile)[m @ [36mspringside-utils[0;1m ---[m
[[1;34mINFO[m] Changes detected - recompiling the module!
[[1;34mINFO[m] Compiling 78 source files to /home/tasfia/Desktop/OE25-DEV/projects_decomposed/springside4/modules/utils/target/classes
[[1;33mWARNING[m] /home/tasfia/Desktop/OE25-DEV/projects_decomposed/springside4/modules/utils/src/main/java/org/springside/modules/utils/concurrent/jsr166e/ConcurrentHashMapV8.java:[3144,38] sun.misc.Unsafe is internal proprietary API and may be removed in a future release
[[1;33mWARNING[m] /home/tasfia/Desktop/OE25-DEV/projects_decomposed/springside4/modules/utils/src/main/java/org/springside/modules/utils/concurrent/jsr166e/ForkJoinTask.java:[1511,34] sun.misc.Unsafe is internal proprietary API and may be removed in a future release
[[1;33mWARNING[m] /home/tasfia/Desktop/OE25-DEV/projects_decomposed/springside4/modules/utils/src/main/java/org/springside/modules/utils/concurrent/jsr166e/ForkJoinTask.java:[1535,28] sun.misc.Unsafe is internal proprietary API and may be removed in a future release
[[1;33mWARNING[m] /home/tasfia/Desktop/OE25-DEV/projects_decomposed/springside4/modules/utils/src/main/java/org/springside/modules/utils/concurrent/jsr166e/ForkJoinTask.java:[1537,28] sun.misc.Unsafe is internal proprietary API and may be removed in a future release
[[1;33mWARNING[m] /home/tasfia/Desktop/OE25-DEV/projects_decomposed/springside4/modules/utils/src/main/java/org/springside/modules/utils/concurrent/jsr166e/ForkJoinTask.java:[1541,66] sun.misc.Unsafe is internal proprietary API and may be removed in a future release
[[1;33mWARNING[m] /home/tasfia/Desktop/OE25-DEV/projects_decomposed/springside4/modules/utils/src/main/java/org/springside/modules/utils/concurrent/jsr166e/ForkJoinTask.java:[1542,32] sun.misc.Unsafe is internal proprietary API and may be removed in a future release
[[1;33mWARNING[m] /home/tasfia/Desktop/OE25-DEV/projects_decomposed/springside4/modules/utils/src/main/java/org/springside/modules/utils/concurrent/jsr166e/ForkJoinTask.java:[1543,35] sun.misc.Unsafe is internal proprietary API and may be removed in a future release
[[1;33mWARNING[m] /home/tasfia/Desktop/OE25-DEV/projects_decomposed/springside4/modules/utils/src/main/java/org/springside/modules/utils/concurrent/jsr166e/ForkJoinTask.java:[1543,56] sun.misc.Unsafe is internal proprietary API and may be removed in a future release
[[1;33mWARNING[m] /home/tasfia/Desktop/OE25-DEV/projects_decomposed/springside4/modules/utils/src/main/java/org/springside/modules/utils/concurrent/jsr166e/CountedCompleter.java:[712,34] sun.misc.Unsafe is internal proprietary API and may be removed in a future release
[[1;33mWARNING[m] /home/tasfia/Desktop/OE25-DEV/projects_decomposed/springside4/modules/utils/src/main/java/org/springside/modules/utils/concurrent/jsr166e/CountedCompleter.java:[731,28] sun.misc.Unsafe is internal proprietary API and may be removed in a future release
[[1;33mWARNING[m] /home/tasfia/Desktop/OE25-DEV/projects_decomposed/springside4/modules/utils/src/main/java/org/springside/modules/utils/concurrent/jsr166e/CountedCompleter.java:[733,28] sun.misc.Unsafe is internal proprietary API and may be removed in a future release
[[1;33mWARNING[m] /home/tasfia/Desktop/OE25-DEV/projects_decomposed/springside4/modules/utils/src/main/java/org/springside/modules/utils/concurrent/jsr166e/CountedCompleter.java:[737,66] sun.misc.Unsafe is internal proprietary API and may be removed in a future release
[[1;33mWARNING[m] /home/tasfia/Desktop/OE25-DEV/projects_decomposed/springside4/modules/utils/src/main/java/org/springside/modules/utils/concurrent/jsr166e/CountedCompleter.java:[738,32] sun.misc.Unsafe is internal proprietary API and may be removed in a future release
[[1;33mWARNING[m] /home/tasfia/Desktop/OE25-DEV/projects_decomposed/springside4/modules/utils/src/main/java/org/springside/modules/utils/concurrent/jsr166e/CountedCompleter.java:[739,35] sun.misc.Unsafe is internal proprietary API and may be removed in a future release
[[1;33mWARNING[m] /home/tasfia/Desktop/OE25-DEV/projects_decomposed/springside4/modules/utils/src/main/java/org/springside/modules/utils/concurrent/jsr166e/CountedCompleter.java:[739,56] sun.misc.Unsafe is internal proprietary API and may be removed in a future release
[[1;33mWARNING[m] /home/tasfia/Desktop/OE25-DEV/projects_decomposed/springside4/modules/utils/src/main/java/org/springside/modules/utils/concurrent/jsr166e/ConcurrentHashMapV8.java:[6245,34] sun.misc.Unsafe is internal proprietary API and may be removed in a future release
[[1;33mWARNING[m] /home/tasfia/Desktop/OE25-DEV/projects_decomposed/springside4/modules/utils/src/main/java/org/springside/modules/utils/concurrent/jsr166e/ConcurrentHashMapV8.java:[6287,28] sun.misc.Unsafe is internal proprietary API and may be removed in a future release
[[1;33mWARNING[m] /home/tasfia/Desktop/OE25-DEV/projects_decomposed/springside4/modules/utils/src/main/java/org/springside/modules/utils/concurrent/jsr166e/ConcurrentHashMapV8.java:[6289,28] sun.misc.Unsafe is internal proprietary API and may be removed in a future release
[[1;33mWARNING[m] /home/tasfia/Desktop/OE25-DEV/projects_decomposed/springside4/modules/utils/src/main/java/org/springside/modules/utils/concurrent/jsr166e/ConcurrentHashMapV8.java:[6293,66] sun.misc.Unsafe is internal proprietary API and may be removed in a future release
[[1;33mWARNING[m] /home/tasfia/Desktop/OE25-DEV/projects_decomposed/springside4/modules/utils/src/main/java/org/springside/modules/utils/concurrent/jsr166e/ConcurrentHashMapV8.java:[6294,32] sun.misc.Unsafe is internal proprietary API and may be removed in a future release
[[1;33mWARNING[m] /home/tasfia/Desktop/OE25-DEV/projects_decomposed/springside4/modules/utils/src/main/java/org/springside/modules/utils/concurrent/jsr166e/ConcurrentHashMapV8.java:[6295,35] sun.misc.Unsafe is internal proprietary API and may be removed in a future release
[[1;33mWARNING[m] /home/tasfia/Desktop/OE25-DEV/projects_decomposed/springside4/modules/utils/src/main/java/org/springside/modules/utils/concurrent/jsr166e/ConcurrentHashMapV8.java:[6295,56] sun.misc.Unsafe is internal proprietary API and may be removed in a future release
[[1;33mWARNING[m] /home/tasfia/Desktop/OE25-DEV/projects_decomposed/springside4/modules/utils/src/main/java/org/springside/modules/utils/concurrent/jsr166e/ForkJoinPool.java:[1032,38] sun.misc.Unsafe is internal proprietary API and may be removed in a future release
[[1;33mWARNING[m] /home/tasfia/Desktop/OE25-DEV/projects_decomposed/springside4/modules/utils/src/main/java/org/springside/modules/utils/concurrent/jsr166e/ForkJoinPool.java:[3230,34] sun.misc.Unsafe is internal proprietary API and may be removed in a future release
[[1;33mWARNING[m] /home/tasfia/Desktop/OE25-DEV/projects_decomposed/springside4/modules/utils/src/main/java/org/springside/modules/utils/concurrent/jsr166e/ForkJoinPool.java:[3327,28] sun.misc.Unsafe is internal proprietary API and may be removed in a future release
[[1;33mWARNING[m] /home/tasfia/Desktop/OE25-DEV/projects_decomposed/springside4/modules/utils/src/main/java/org/springside/modules/utils/concurrent/jsr166e/ForkJoinPool.java:[3329,28] sun.misc.Unsafe is internal proprietary API and may be removed in a future release
[[1;33mWARNING[m] /home/tasfia/Desktop/OE25-DEV/projects_decomposed/springside4/modules/utils/src/main/java/org/springside/modules/utils/concurrent/jsr166e/ForkJoinPool.java:[3333,66] sun.misc.Unsafe is internal proprietary API and may be removed in a future release
[[1;33mWARNING[m] /home/tasfia/Desktop/OE25-DEV/projects_decomposed/springside4/modules/utils/src/main/java/org/springside/modules/utils/concurrent/jsr166e/ForkJoinPool.java:[3334,32] sun.misc.Unsafe is internal proprietary API and may be removed in a future release
[[1;33mWARNING[m] /home/tasfia/Desktop/OE25-DEV/projects_decomposed/springside4/modules/utils/src/main/java/org/springside/modules/utils/concurrent/jsr166e/ForkJoinPool.java:[3335,35] sun.misc.Unsafe is internal proprietary API and may be removed in a future release
[[1;33mWARNING[m] /home/tasfia/Desktop/OE25-DEV/projects_decomposed/springside4/modules/utils/src/main/java/org/springside/modules/utils/concurrent/jsr166e/ForkJoinPool.java:[3335,56] sun.misc.Unsafe is internal proprietary API and may be removed in a future release
[[1;33mWARNING[m] /home/tasfia/Desktop/OE25-DEV/projects_decomposed/springside4/modules/utils/src/main/java/org/springside/modules/utils/concurrent/jsr166e/Striped64.java:[101,38] sun.misc.Unsafe is internal proprietary API and may be removed in a future release
[[1;33mWARNING[m] /home/tasfia/Desktop/OE25-DEV/projects_decomposed/springside4/modules/utils/src/main/java/org/springside/modules/utils/concurrent/jsr166e/Striped64.java:[291,34] sun.misc.Unsafe is internal proprietary API and may be removed in a future release
[[1;33mWARNING[m] /home/tasfia/Desktop/OE25-DEV/projects_decomposed/springside4/modules/utils/src/main/java/org/springside/modules/utils/concurrent/jsr166e/Striped64.java:[314,28] sun.misc.Unsafe is internal proprietary API and may be removed in a future release
[[1;33mWARNING[m] /home/tasfia/Desktop/OE25-DEV/projects_decomposed/springside4/modules/utils/src/main/java/org/springside/modules/utils/concurrent/jsr166e/Striped64.java:[316,28] sun.misc.Unsafe is internal proprietary API and may be removed in a future release
[[1;33mWARNING[m] /home/tasfia/Desktop/OE25-DEV/projects_decomposed/springside4/modules/utils/src/main/java/org/springside/modules/utils/concurrent/jsr166e/Striped64.java:[320,66] sun.misc.Unsafe is internal proprietary API and may be removed in a future release
[[1;33mWARNING[m] /home/tasfia/Desktop/OE25-DEV/projects_decomposed/springside4/modules/utils/src/main/java/org/springside/modules/utils/concurrent/jsr166e/Striped64.java:[321,32] sun.misc.Unsafe is internal proprietary API and may be removed in a future release
[[1;33mWARNING[m] /home/tasfia/Desktop/OE25-DEV/projects_decomposed/springside4/modules/utils/src/main/java/org/springside/modules/utils/concurrent/jsr166e/Striped64.java:[322,35] sun.misc.Unsafe is internal proprietary API and may be removed in a future release
[[1;33mWARNING[m] /home/tasfia/Desktop/OE25-DEV/projects_decomposed/springside4/modules/utils/src/main/java/org/springside/modules/utils/concurrent/jsr166e/Striped64.java:[322,56] sun.misc.Unsafe is internal proprietary API and may be removed in a future release
[[1;34mINFO[m] /home/tasfia/Desktop/OE25-DEV/projects_decomposed/springside4/modules/utils/src/main/java/org/springside/modules/utils/concurrent/jsr166e/ForkJoinPool.java: Some input files use or override a deprecated API.
[[1;34mINFO[m] /home/tasfia/Desktop/OE25-DEV/projects_decomposed/springside4/modules/utils/src/main/java/org/springside/modules/utils/concurrent/jsr166e/ForkJoinPool.java: Recompile with -Xlint:deprecation for details.
[[1;34mINFO[m] /home/tasfia/Desktop/OE25-DEV/projects_decomposed/springside4/modules/utils/src/main/java/org/springside/modules/utils/concurrent/jsr166e/ForkJoinTask.java: Some input files use or override a deprecated API that is marked for removal.
[[1;34mINFO[m] /home/tasfia/Desktop/OE25-DEV/projects_decomposed/springside4/modules/utils/src/main/java/org/springside/modules/utils/concurrent/jsr166e/ForkJoinTask.java: Recompile with -Xlint:removal for details.
[[1;34mINFO[m] /home/tasfia/Desktop/OE25-DEV/projects_decomposed/springside4/modules/utils/src/main/java/org/springside/modules/utils/reflect/ClassUtil.java: Some input files use unchecked or unsafe operations.
[[1;34mINFO[m] /home/tasfia/Desktop/OE25-DEV/projects_decomposed/springside4/modules/utils/src/main/java/org/springside/modules/utils/reflect/ClassUtil.java: Recompile with -Xlint:unchecked for details.
[[1;34mINFO[m] 
[[1;34mINFO[m] [1m--- [0;32mmaven-resources-plugin:2.6:testResources[m [1m(default-testResources)[m @ [36mspringside-utils[0;1m ---[m
[[1;34mINFO[m] Using 'UTF-8' encoding to copy filtered resources.
[[1;34mINFO[m] Copying 3 resources
[[1;34mINFO[m] 
[[1;34mINFO[m] [1m--- [0;32mmaven-compiler-plugin:3.10.1:testCompile[m [1m(default-testCompile)[m @ [36mspringside-utils[0;1m ---[m
[[1;34mINFO[m] Changes detected - recompiling the module!
[[1;34mINFO[m] Compiling 110 source files to /home/tasfia/Desktop/OE25-DEV/projects_decomposed/springside4/modules/utils/target/test-classes
[[1;34mINFO[m] /home/tasfia/Desktop/OE25-DEV/projects_decomposed/springside4/modules/utils/src/test/java/org/springside/modules/utils/collection/type/SortedArrayListTest_OE25Dev.java: Some input files use or override a deprecated API.
[[1;34mINFO[m] /home/tasfia/Desktop/OE25-DEV/projects_decomposed/springside4/modules/utils/src/test/java/org/springside/modules/utils/collection/type/SortedArrayListTest_OE25Dev.java: Recompile with -Xlint:deprecation for details.
[[1;34mINFO[m] /home/tasfia/Desktop/OE25-DEV/projects_decomposed/springside4/modules/utils/src/test/java/org/springside/modules/utils/number/NumberUtilTest_OE25Dev.java: Some input files use or override a deprecated API that is marked for removal.
[[1;34mINFO[m] /home/tasfia/Desktop/OE25-DEV/projects_decomposed/springside4/modules/utils/src/test/java/org/springside/modules/utils/number/NumberUtilTest_OE25Dev.java: Recompile with -Xlint:removal for details.
[[1;34mINFO[m] /home/tasfia/Desktop/OE25-DEV/projects_decomposed/springside4/modules/utils/src/test/java/org/springside/modules/utils/collection/ListUtilTest_OE25Dev.java: Some input files use unchecked or unsafe operations.
[[1;34mINFO[m] /home/tasfia/Desktop/OE25-DEV/projects_decomposed/springside4/modules/utils/src/test/java/org/springside/modules/utils/collection/ListUtilTest_OE25Dev.java: Recompile with -Xlint:unchecked for details.
[[1;34mINFO[m] -------------------------------------------------------------
[[1;31mERROR[m] COMPILATION ERROR : 
[[1;34mINFO[m] -------------------------------------------------------------
[[1;31mERROR[m] /home/tasfia/Desktop/OE25-DEV/projects_decomposed/springside4/modules/utils/src/test/java/org/springside/modules/utils/concurrent/BasicFutureTest_OE25Dev.java:[12,36] package org.junit.jupiter.api does not exist
[[1;31mERROR[m] /home/tasfia/Desktop/OE25-DEV/projects_decomposed/springside4/modules/utils/src/test/java/org/springside/modules/utils/concurrent/BasicFutureTest_OE25Dev.java:[12,1] static import only from classes and interfaces
[[1;31mERROR[m] /home/tasfia/Desktop/OE25-DEV/projects_decomposed/springside4/modules/utils/src/test/java/org/springside/modules/utils/collection/ListUtilTest_OE25Dev.java:[12,36] package org.junit.jupiter.api does not exist
[[1;31mERROR[m] /home/tasfia/Desktop/OE25-DEV/projects_decomposed/springside4/modules/utils/src/test/java/org/springside/modules/utils/collection/ListUtilTest_OE25Dev.java:[12,1] static import only from classes and interfaces
[[1;31mERROR[m] /home/tasfia/Desktop/OE25-DEV/projects_decomposed/springside4/modules/utils/src/test/java/org/springside/modules/utils/mapper/XmlMapperTest_OE25Dev.java:[29,36] package org.junit.jupiter.api does not exist
[[1;31mERROR[m] /home/tasfia/Desktop/OE25-DEV/projects_decomposed/springside4/modules/utils/src/test/java/org/springside/modules/utils/mapper/XmlMapperTest_OE25Dev.java:[29,1] static import only from classes and interfaces
[[1;34mINFO[m] 6 errors 
[[1;34mINFO[m] -------------------------------------------------------------
[[1;34mINFO[m] [1m------------------------------------------------------------------------[m
[[1;34mINFO[m] [1;31mBUILD FAILURE[m
[[1;34mINFO[m] [1m------------------------------------------------------------------------[m
[[1;34mINFO[m] Total time:  2.233 s
[[1;34mINFO[m] Finished at: 2026-02-23T13:49:57-06:00
[[1;34mINFO[m] [1m------------------------------------------------------------------------[m
[[1;31mERROR[m] Failed to execute goal [32morg.apache.maven.plugins:maven-compiler-plugin:3.10.1:testCompile[m [1m(default-testCompile)[m on project [36mspringside-utils[m: [1;31mCompilation failure[m: Compilation failure: 
[[1;31mERROR[m] /home/tasfia/Desktop/OE25-DEV/projects_decomposed/springside4/modules/utils/src/test/java/org/springside/modules/utils/concurrent/BasicFutureTest_OE25Dev.java:[12,36] package org.junit.jupiter.api does not exist
[[1;31mERROR[m] /home/tasfia/Desktop/OE25-DEV/projects_decomposed/springside4/modules/utils/src/test/java/org/springside/modules/utils/concurrent/BasicFutureTest_OE25Dev.java:[12,1] static import only from classes and interfaces
[[1;31mERROR[m] /home/tasfia/Desktop/OE25-DEV/projects_decomposed/springside4/modules/utils/src/test/java/org/springside/modules/utils/collection/ListUtilTest_OE25Dev.java:[12,36] package org.junit.jupiter.api does not exist
[[1;31mERROR[m] /home/tasfia/Desktop/OE25-DEV/projects_decomposed/springside4/modules/utils/src/test/java/org/springside/modules/utils/collection/ListUtilTest_OE25Dev.java:[12,1] static import only from classes and interfaces
[[1;31mERROR[m] /home/tasfia/Desktop/OE25-DEV/projects_decomposed/springside4/modules/utils/src/test/java/org/springside/modules/utils/mapper/XmlMapperTest_OE25Dev.java:[29,36] package org.junit.jupiter.api does not exist
[[1;31mERROR[m] /home/tasfia/Desktop/OE25-DEV/projects_decomposed/springside4/modules/utils/src/test/java/org/springside/modules/utils/mapper/XmlMapperTest_OE25Dev.java:[29,1] static import only from classes and interfaces
[[1;31mERROR[m] -> [1m[Help 1][m
[[1;31mERROR[m] 
[[1;31mERROR[m] To see the full stack trace of the errors, re-run Maven with the [1m-e[m switch.
[[1;31mERROR[m] Re-run Maven using the [1m-X[m switch to enable full debug logging.
[[1;31mERROR[m] 
[[1;31mERROR[m] For more information about the errors and possible solutions, please read the following articles:
[[1;31mERROR[m] [1m[Help 1][m http://cwiki.apache.org/confluence/display/MAVEN/MojoFailureException
