began at: 2026-01-12 03:48:55
Picked up _JAVA_OPTIONS: -Djava.io.tmpdir=/sfs/weka/scratch/wxw9rr/tmp
[INFO] Scanning for projects...
[WARNING] 
[WARNING] Some problems were encountered while building the effective model for org.asynchttpclient:async-http-client-extras-guava:jar:2.12.3
[WARNING] 'build.plugins.plugin.(groupId:artifactId)' must be unique but found duplicate declaration of plugin org.apache.maven.plugins:maven-surefire-plugin @ org.asynchttpclient:async-http-client-project:2.12.3, /sfs/weka/scratch/wxw9rr/artifact/RQ3/OE25-DEV/async-http-client/pom.xml, line 229, column 15
[WARNING] 
[WARNING] It is highly recommended to fix these problems because they threaten the stability of your build.
[WARNING] 
[WARNING] For this reason, future Maven versions might no longer support building such malformed projects.
[WARNING] 
[INFO] 
[INFO] ---------< org.asynchttpclient:async-http-client-extras-guava >---------
[INFO] Building Asynchronous Http Client Guava Extras 2.12.3
[INFO]   from pom.xml
[INFO] --------------------------------[ jar ]---------------------------------
[INFO] 
[INFO] --- pitest:1.9.8:mutationCoverage (default-cli) @ async-http-client-extras-guava ---
[INFO] Skipping project because:
[INFO]   - Project has no tests, it is empty.
[INFO] ------------------------------------------------------------------------
[INFO] BUILD SUCCESS
[INFO] ------------------------------------------------------------------------
[INFO] Total time:  1.002 s
[INFO] Finished at: 2026-01-12T03:48:59-05:00
[INFO] ------------------------------------------------------------------------
ended at: 2026-01-12 03:48:59
