[ERROR] COMPILATION ERROR : 
[ERROR] /home/tasfia/Desktop/OE25-DEV/projects_decomposed/commons-jexl3/src/test/java/org/apache/commons/jexl3/ClassCreatorTest_OE25Dev_jexl_left_550_3.java:[179,9] cannot find symbol
  symbol:   method functorTwo(java.lang.String)
  location: class org.apache.commons.jexl3.ClassCreatorTest_OE25Dev_jexl_left_550_3
[ERROR] /home/tasfia/Desktop/OE25-DEV/projects_decomposed/commons-jexl3/src/test/java/org/apache/commons/jexl3/ClassCreatorTest_OE25Dev_jexl_left_550_3.java:[184,9] cannot find symbol
  symbol:   method functorTwo(org.apache.commons.jexl3.ClassCreatorTest_OE25Dev_jexl_left_550_3.NsTest)
  location: class org.apache.commons.jexl3.ClassCreatorTest_OE25Dev_jexl_left_550_3
[ERROR] Failed to execute goal org.apache.maven.plugins:maven-compiler-plugin:3.8.1:testCompile (default-testCompile) on project commons-jexl3: Compilation failure: Compilation failure: 
[ERROR] /home/tasfia/Desktop/OE25-DEV/projects_decomposed/commons-jexl3/src/test/java/org/apache/commons/jexl3/ClassCreatorTest_OE25Dev_jexl_left_550_3.java:[179,9] cannot find symbol
[ERROR]   symbol:   method functorTwo(java.lang.String)
[ERROR]   location: class org.apache.commons.jexl3.ClassCreatorTest_OE25Dev_jexl_left_550_3
[ERROR] /home/tasfia/Desktop/OE25-DEV/projects_decomposed/commons-jexl3/src/test/java/org/apache/commons/jexl3/ClassCreatorTest_OE25Dev_jexl_left_550_3.java:[184,9] cannot find symbol
[ERROR]   symbol:   method functorTwo(org.apache.commons.jexl3.ClassCreatorTest_OE25Dev_jexl_left_550_3.NsTest)
[ERROR]   location: class org.apache.commons.jexl3.ClassCreatorTest_OE25Dev_jexl_left_550_3
[ERROR] -> [Help 1]
[ERROR] 
[ERROR] To see the full stack trace of the errors, re-run Maven with the -e switch.
[ERROR] Re-run Maven using the -X switch to enable full debug logging.
[ERROR] 
[ERROR] For more information about the errors and possible solutions, please read the following articles:
[ERROR] [Help 1] http://cwiki.apache.org/confluence/display/MAVEN/MojoFailureException
