/sfs/weka/scratch/wxw9rr/OE25-DEV/projects_original/commons-net-3.8.0/src/main/java/org/apache/commons/net/ftp/FTPSTrustManager.java
/sfs/weka/scratch/wxw9rr/OE25-DEV/projects_original/commons-net-3.8.0/src/main/java/org/apache/commons/net/telnet/TelnetInputListener.java
/sfs/weka/scratch/wxw9rr/OE25-DEV/projects_original/commons-net-3.8.0/src/main/java/org/apache/commons/net/tftp/TFTPRequestPacket.java
/sfs/weka/scratch/wxw9rr/OE25-DEV/projects_original/commons-net-3.8.0/src/main/java/org/apache/commons/net/smtp/SMTPReply.java
/sfs/weka/scratch/wxw9rr/OE25-DEV/projects_original/commons-net-3.8.0/src/main/java/org/apache/commons/net/echo/EchoTCPClient.java
/sfs/weka/scratch/wxw9rr/OE25-DEV/projects_original/commons-net-3.8.0/src/main/java/org/apache/commons/net/util/SSLSocketUtils.java
/sfs/weka/scratch/wxw9rr/OE25-DEV/projects_original/commons-net-3.8.0/src/main/java/org/apache/commons/net/pop3/POP3.java
/sfs/weka/scratch/wxw9rr/OE25-DEV/projects_original/commons-net-3.8.0/src/main/java/org/apache/commons/net/telnet/TelnetOption.java
/sfs/weka/scratch/wxw9rr/OE25-DEV/projects_original/commons-net-3.8.0/src/main/java/org/apache/commons/net/pop3/POP3MessageInfo.java
/sfs/weka/scratch/wxw9rr/OE25-DEV/projects_original/commons-net-3.8.0/src/main/java/org/apache/commons/net/smtp/SMTPSClient.java
/sfs/weka/scratch/wxw9rr/OE25-DEV/projects_original/commons-net-3.8.0/src/main/java/org/apache/commons/net/util/Charsets.java
/sfs/weka/scratch/wxw9rr/OE25-DEV/projects_original/commons-net-3.8.0/src/main/java/org/apache/commons/net/smtp/SMTPClient.java
/sfs/weka/scratch/wxw9rr/OE25-DEV/projects_original/commons-net-3.8.0/src/main/java/org/apache/commons/net/ntp/NtpUtils.java
/sfs/weka/scratch/wxw9rr/OE25-DEV/projects_original/commons-net-3.8.0/src/main/java/org/apache/commons/net/io/FromNetASCIIInputStream.java
/sfs/weka/scratch/wxw9rr/OE25-DEV/projects_original/commons-net-3.8.0/src/main/java/org/apache/commons/net/ftp/parser/UnixFTPEntryParser.java
/sfs/weka/scratch/wxw9rr/OE25-DEV/projects_original/commons-net-3.8.0/src/main/java/org/apache/commons/net/tftp/TFTPAckPacket.java
/sfs/weka/scratch/wxw9rr/OE25-DEV/projects_original/commons-net-3.8.0/src/main/java/org/apache/commons/net/discard/DiscardTCPClient.java
/sfs/weka/scratch/wxw9rr/OE25-DEV/projects_original/commons-net-3.8.0/src/main/java/org/apache/commons/net/ftp/FTPFileEntryParserImpl.java
/sfs/weka/scratch/wxw9rr/OE25-DEV/projects_original/commons-net-3.8.0/src/main/java/org/apache/commons/net/nntp/Threadable.java
/sfs/weka/scratch/wxw9rr/OE25-DEV/projects_original/commons-net-3.8.0/src/main/java/org/apache/commons/net/ftp/FTPReply.java
/sfs/weka/scratch/wxw9rr/OE25-DEV/projects_original/commons-net-3.8.0/src/main/java/org/apache/commons/net/telnet/SimpleOptionHandler.java
/sfs/weka/scratch/wxw9rr/OE25-DEV/projects_original/commons-net-3.8.0/src/main/java/org/apache/commons/net/examples/nntp/MessageThreading.java
/sfs/weka/scratch/wxw9rr/OE25-DEV/projects_original/commons-net-3.8.0/src/main/java/org/apache/commons/net/telnet/InvalidTelnetOptionException.java
/sfs/weka/scratch/wxw9rr/OE25-DEV/projects_original/commons-net-3.8.0/src/main/java/org/apache/commons/net/ftp/parser/OS400FTPEntryParser.java
/sfs/weka/scratch/wxw9rr/OE25-DEV/projects_original/commons-net-3.8.0/src/main/java/org/apache/commons/net/chargen/CharGenTCPClient.java
/sfs/weka/scratch/wxw9rr/OE25-DEV/projects_original/commons-net-3.8.0/src/main/java/org/apache/commons/net/imap/IMAPCommand.java
/sfs/weka/scratch/wxw9rr/OE25-DEV/projects_original/commons-net-3.8.0/src/main/java/org/apache/commons/net/ftp/parser/RegexFTPFileEntryParserImpl.java
/sfs/weka/scratch/wxw9rr/OE25-DEV/projects_original/commons-net-3.8.0/src/main/java/org/apache/commons/net/smtp/AuthenticatingSMTPClient.java
/sfs/weka/scratch/wxw9rr/OE25-DEV/projects_original/commons-net-3.8.0/src/main/java/org/apache/commons/net/io/CopyStreamException.java
/sfs/weka/scratch/wxw9rr/OE25-DEV/projects_original/commons-net-3.8.0/src/main/java/org/apache/commons/net/ftp/parser/MacOsPeterFTPEntryParser.java
/sfs/weka/scratch/wxw9rr/OE25-DEV/projects_original/commons-net-3.8.0/src/main/java/org/apache/commons/net/smtp/SimpleSMTPHeader.java
/sfs/weka/scratch/wxw9rr/OE25-DEV/projects_original/commons-net-3.8.0/src/main/java/org/apache/commons/net/telnet/Telnet.java
/sfs/weka/scratch/wxw9rr/OE25-DEV/projects_original/commons-net-3.8.0/src/main/java/org/apache/commons/net/imap/AuthenticatingIMAPClient.java
/sfs/weka/scratch/wxw9rr/OE25-DEV/projects_original/commons-net-3.8.0/src/main/java/org/apache/commons/net/ntp/NtpV3Packet.java
/sfs/weka/scratch/wxw9rr/OE25-DEV/projects_original/commons-net-3.8.0/src/main/java/org/apache/commons/net/telnet/TelnetCommand.java
/sfs/weka/scratch/wxw9rr/OE25-DEV/projects_original/commons-net-3.8.0/src/main/java/org/apache/commons/net/imap/IMAP.java
/sfs/weka/scratch/wxw9rr/OE25-DEV/projects_original/commons-net-3.8.0/src/main/java/org/apache/commons/net/DefaultDatagramSocketFactory.java
/sfs/weka/scratch/wxw9rr/OE25-DEV/projects_original/commons-net-3.8.0/src/main/java/org/apache/commons/net/pop3/POP3Reply.java
/sfs/weka/scratch/wxw9rr/OE25-DEV/projects_original/commons-net-3.8.0/src/main/java/org/apache/commons/net/ftp/parser/NTFTPEntryParser.java
/sfs/weka/scratch/wxw9rr/OE25-DEV/projects_original/commons-net-3.8.0/src/main/java/org/apache/commons/net/ftp/parser/FTPTimestampParser.java
/sfs/weka/scratch/wxw9rr/OE25-DEV/projects_original/commons-net-3.8.0/src/main/java/org/apache/commons/net/tftp/TFTPErrorPacket.java
/sfs/weka/scratch/wxw9rr/OE25-DEV/projects_original/commons-net-3.8.0/src/main/java/org/apache/commons/net/examples/ftp/FTPClientExample.java
/sfs/weka/scratch/wxw9rr/OE25-DEV/projects_original/commons-net-3.8.0/src/main/java/org/apache/commons/net/examples/mail/Utils.java
/sfs/weka/scratch/wxw9rr/OE25-DEV/projects_original/commons-net-3.8.0/src/main/java/org/apache/commons/net/ftp/Configurable.java
/sfs/weka/scratch/wxw9rr/OE25-DEV/projects_original/commons-net-3.8.0/src/main/java/org/apache/commons/net/examples/unix/rlogin.java
/sfs/weka/scratch/wxw9rr/OE25-DEV/projects_original/commons-net-3.8.0/src/main/java/org/apache/commons/net/finger/FingerClient.java
/sfs/weka/scratch/wxw9rr/OE25-DEV/projects_original/commons-net-3.8.0/src/main/java/org/apache/commons/net/examples/unix/fwhois.java
/sfs/weka/scratch/wxw9rr/OE25-DEV/projects_original/commons-net-3.8.0/src/main/java/org/apache/commons/net/nntp/ThreadContainer.java
/sfs/weka/scratch/wxw9rr/OE25-DEV/projects_original/commons-net-3.8.0/src/main/java/org/apache/commons/net/ftp/FTPCmd.java
/sfs/weka/scratch/wxw9rr/OE25-DEV/projects_original/commons-net-3.8.0/src/main/java/org/apache/commons/net/ftp/parser/VMSFTPEntryParser.java
/sfs/weka/scratch/wxw9rr/OE25-DEV/projects_original/commons-net-3.8.0/src/main/java/org/apache/commons/net/pop3/POP3Command.java
/sfs/weka/scratch/wxw9rr/OE25-DEV/projects_original/commons-net-3.8.0/src/main/java/org/apache/commons/net/examples/nntp/ListNewsgroups.java
/sfs/weka/scratch/wxw9rr/OE25-DEV/projects_original/commons-net-3.8.0/src/main/java/org/apache/commons/net/util/KeyManagerUtils.java
/sfs/weka/scratch/wxw9rr/OE25-DEV/projects_original/commons-net-3.8.0/src/main/java/org/apache/commons/net/examples/cidr/SubnetUtilsExample.java
/sfs/weka/scratch/wxw9rr/OE25-DEV/projects_original/commons-net-3.8.0/src/main/java/org/apache/commons/net/nntp/ArticleIterator.java
/sfs/weka/scratch/wxw9rr/OE25-DEV/projects_original/commons-net-3.8.0/src/main/java/org/apache/commons/net/io/DotTerminatedMessageWriter.java
/sfs/weka/scratch/wxw9rr/OE25-DEV/projects_original/commons-net-3.8.0/src/main/java/org/apache/commons/net/ftp/FTPSServerSocketFactory.java
/sfs/weka/scratch/wxw9rr/OE25-DEV/projects_original/commons-net-3.8.0/src/main/java/org/apache/commons/net/io/SocketInputStream.java
/sfs/weka/scratch/wxw9rr/OE25-DEV/projects_original/commons-net-3.8.0/src/main/java/org/apache/commons/net/ftp/parser/MLSxEntryParser.java
/sfs/weka/scratch/wxw9rr/OE25-DEV/projects_original/commons-net-3.8.0/src/main/java/org/apache/commons/net/time/TimeUDPClient.java
/sfs/weka/scratch/wxw9rr/OE25-DEV/projects_original/commons-net-3.8.0/src/main/java/org/apache/commons/net/tftp/TFTPWriteRequestPacket.java
/sfs/weka/scratch/wxw9rr/OE25-DEV/projects_original/commons-net-3.8.0/src/main/java/org/apache/commons/net/io/CopyStreamAdapter.java
/sfs/weka/scratch/wxw9rr/OE25-DEV/projects_original/commons-net-3.8.0/src/main/java/org/apache/commons/net/pop3/ExtendedPOP3Client.java
/sfs/weka/scratch/wxw9rr/OE25-DEV/projects_original/commons-net-3.8.0/src/main/java/org/apache/commons/net/ftp/FTPFileEntryParser.java
/sfs/weka/scratch/wxw9rr/OE25-DEV/projects_original/commons-net-3.8.0/src/main/java/org/apache/commons/net/DatagramSocketFactory.java
/sfs/weka/scratch/wxw9rr/OE25-DEV/projects_original/commons-net-3.8.0/src/main/java/org/apache/commons/net/util/Base64.java
/sfs/weka/scratch/wxw9rr/OE25-DEV/projects_original/commons-net-3.8.0/src/main/java/org/apache/commons/net/ntp/TimeStamp.java
/sfs/weka/scratch/wxw9rr/OE25-DEV/projects_original/commons-net-3.8.0/src/main/java/org/apache/commons/net/smtp/SMTPConnectionClosedException.java
/sfs/weka/scratch/wxw9rr/OE25-DEV/projects_original/commons-net-3.8.0/src/main/java/org/apache/commons/net/telnet/TelnetOptionHandler.java
/sfs/weka/scratch/wxw9rr/OE25-DEV/projects_original/commons-net-3.8.0/src/main/java/org/apache/commons/net/examples/ftp/ServerToServerFTP.java
/sfs/weka/scratch/wxw9rr/OE25-DEV/projects_original/commons-net-3.8.0/src/main/java/org/apache/commons/net/nntp/NNTP.java
/sfs/weka/scratch/wxw9rr/OE25-DEV/projects_original/commons-net-3.8.0/src/main/java/org/apache/commons/net/ProtocolCommandEvent.java
/sfs/weka/scratch/wxw9rr/OE25-DEV/projects_original/commons-net-3.8.0/src/main/java/org/apache/commons/net/examples/unix/chargen.java
/sfs/weka/scratch/wxw9rr/OE25-DEV/projects_original/commons-net-3.8.0/src/main/java/org/apache/commons/net/ftp/FTPSSocketFactory.java
/sfs/weka/scratch/wxw9rr/OE25-DEV/projects_original/commons-net-3.8.0/src/main/java/org/apache/commons/net/telnet/TelnetInputStream.java
/sfs/weka/scratch/wxw9rr/OE25-DEV/projects_original/commons-net-3.8.0/src/main/java/org/apache/commons/net/whois/WhoisClient.java
/sfs/weka/scratch/wxw9rr/OE25-DEV/projects_original/commons-net-3.8.0/src/main/java/org/apache/commons/net/examples/nntp/ExtendedNNTPOps.java
/sfs/weka/scratch/wxw9rr/OE25-DEV/projects_original/commons-net-3.8.0/src/main/java/org/apache/commons/net/smtp/SMTPCommand.java
/sfs/weka/scratch/wxw9rr/OE25-DEV/projects_original/commons-net-3.8.0/src/main/java/org/apache/commons/net/discard/DiscardUDPClient.java
/sfs/weka/scratch/wxw9rr/OE25-DEV/projects_original/commons-net-3.8.0/src/main/java/org/apache/commons/net/tftp/TFTPDataPacket.java
/sfs/weka/scratch/wxw9rr/OE25-DEV/projects_original/commons-net-3.8.0/src/main/java/org/apache/commons/net/ftp/FTP.java
/sfs/weka/scratch/wxw9rr/OE25-DEV/projects_original/commons-net-3.8.0/src/main/java/org/apache/commons/net/util/NetConstants.java
/sfs/weka/scratch/wxw9rr/OE25-DEV/projects_original/commons-net-3.8.0/src/main/java/org/apache/commons/net/ntp/NtpV3Impl.java
/sfs/weka/scratch/wxw9rr/OE25-DEV/projects_original/commons-net-3.8.0/src/main/java/org/apache/commons/net/nntp/NNTPClient.java
/sfs/weka/scratch/wxw9rr/OE25-DEV/projects_original/commons-net-3.8.0/src/main/java/org/apache/commons/net/io/ToNetASCIIOutputStream.java
/sfs/weka/scratch/wxw9rr/OE25-DEV/projects_original/commons-net-3.8.0/src/main/java/org/apache/commons/net/io/ToNetASCIIInputStream.java
/sfs/weka/scratch/wxw9rr/OE25-DEV/projects_original/commons-net-3.8.0/src/main/java/org/apache/commons/net/tftp/TFTPReadRequestPacket.java
/sfs/weka/scratch/wxw9rr/OE25-DEV/projects_original/commons-net-3.8.0/src/main/java/org/apache/commons/net/ftp/FTPListParseEngine.java
/sfs/weka/scratch/wxw9rr/OE25-DEV/projects_original/commons-net-3.8.0/src/main/java/org/apache/commons/net/bsd/RExecClient.java
/sfs/weka/scratch/wxw9rr/OE25-DEV/projects_original/commons-net-3.8.0/src/main/java/org/apache/commons/net/ftp/FTPFileFilter.java
/sfs/weka/scratch/wxw9rr/OE25-DEV/projects_original/commons-net-3.8.0/src/main/java/org/apache/commons/net/ProtocolCommandSupport.java
/sfs/weka/scratch/wxw9rr/OE25-DEV/projects_original/commons-net-3.8.0/src/main/java/org/apache/commons/net/smtp/SMTP.java
/sfs/weka/scratch/wxw9rr/OE25-DEV/projects_original/commons-net-3.8.0/src/main/java/org/apache/commons/net/DefaultSocketFactory.java
/sfs/weka/scratch/wxw9rr/OE25-DEV/projects_original/commons-net-3.8.0/src/main/java/org/apache/commons/net/ftp/FTPClient.java
/sfs/weka/scratch/wxw9rr/OE25-DEV/projects_original/commons-net-3.8.0/src/main/java/org/apache/commons/net/examples/unix/echo.java
/sfs/weka/scratch/wxw9rr/OE25-DEV/projects_original/commons-net-3.8.0/src/main/java/org/apache/commons/net/ftp/FTPCommand.java
/sfs/weka/scratch/wxw9rr/OE25-DEV/projects_original/commons-net-3.8.0/src/main/java/org/apache/commons/net/io/FromNetASCIIOutputStream.java
/sfs/weka/scratch/wxw9rr/OE25-DEV/projects_original/commons-net-3.8.0/src/main/java/org/apache/commons/net/ftp/parser/NetwareFTPEntryParser.java
/sfs/weka/scratch/wxw9rr/OE25-DEV/projects_original/commons-net-3.8.0/src/main/java/org/apache/commons/net/telnet/SuppressGAOptionHandler.java
/sfs/weka/scratch/wxw9rr/OE25-DEV/projects_original/commons-net-3.8.0/src/main/java/org/apache/commons/net/io/CopyStreamEvent.java
/sfs/weka/scratch/wxw9rr/OE25-DEV/projects_original/commons-net-3.8.0/src/main/java/org/apache/commons/net/telnet/TerminalTypeOptionHandler.java
/sfs/weka/scratch/wxw9rr/OE25-DEV/projects_original/commons-net-3.8.0/src/main/java/org/apache/commons/net/imap/IMAPClient.java
/sfs/weka/scratch/wxw9rr/OE25-DEV/projects_original/commons-net-3.8.0/src/main/java/org/apache/commons/net/examples/unix/rexec.java
/sfs/weka/scratch/wxw9rr/OE25-DEV/projects_original/commons-net-3.8.0/src/main/java/org/apache/commons/net/examples/ntp/SimpleNTPServer.java
/sfs/weka/scratch/wxw9rr/OE25-DEV/projects_original/commons-net-3.8.0/src/main/java/org/apache/commons/net/util/ListenerList.java
/sfs/weka/scratch/wxw9rr/OE25-DEV/projects_original/commons-net-3.8.0/src/main/java/org/apache/commons/net/ftp/parser/ParserInitializationException.java
/sfs/weka/scratch/wxw9rr/OE25-DEV/projects_original/commons-net-3.8.0/src/main/java/org/apache/commons/net/ftp/parser/FTPTimestampParserImpl.java
/sfs/weka/scratch/wxw9rr/OE25-DEV/projects_original/commons-net-3.8.0/src/main/java/org/apache/commons/net/examples/mail/SMTPMail.java
/sfs/weka/scratch/wxw9rr/OE25-DEV/projects_original/commons-net-3.8.0/src/main/java/org/apache/commons/net/examples/mail/POP3ExportMbox.java
/sfs/weka/scratch/wxw9rr/OE25-DEV/projects_original/commons-net-3.8.0/src/main/java/org/apache/commons/net/ftp/parser/MVSFTPEntryParser.java
/sfs/weka/scratch/wxw9rr/OE25-DEV/projects_original/commons-net-3.8.0/src/main/java/org/apache/commons/net/io/SocketOutputStream.java
/sfs/weka/scratch/wxw9rr/OE25-DEV/projects_original/commons-net-3.8.0/src/main/java/org/apache/commons/net/examples/mail/IMAPUtils.java
/sfs/weka/scratch/wxw9rr/OE25-DEV/projects_original/commons-net-3.8.0/src/main/java/org/apache/commons/net/ftp/parser/ConfigurableFTPFileEntryParserImpl.java
/sfs/weka/scratch/wxw9rr/OE25-DEV/projects_original/commons-net-3.8.0/src/main/java/org/apache/commons/net/time/TimeTCPClient.java
/sfs/weka/scratch/wxw9rr/OE25-DEV/projects_original/commons-net-3.8.0/src/main/java/org/apache/commons/net/bsd/RLoginClient.java
/sfs/weka/scratch/wxw9rr/OE25-DEV/projects_original/commons-net-3.8.0/src/main/java/org/apache/commons/net/DatagramSocketClient.java
/sfs/weka/scratch/wxw9rr/OE25-DEV/projects_original/commons-net-3.8.0/src/main/java/org/apache/commons/net/examples/unix/finger.java
/sfs/weka/scratch/wxw9rr/OE25-DEV/projects_original/commons-net-3.8.0/src/main/java/org/apache/commons/net/nntp/NNTPConnectionClosedException.java
/sfs/weka/scratch/wxw9rr/OE25-DEV/projects_original/commons-net-3.8.0/src/main/java/org/apache/commons/net/examples/nntp/ArticleReader.java
/sfs/weka/scratch/wxw9rr/OE25-DEV/projects_original/commons-net-3.8.0/src/main/java/org/apache/commons/net/util/SubnetUtils.java
/sfs/weka/scratch/wxw9rr/OE25-DEV/projects_original/commons-net-3.8.0/src/main/java/org/apache/commons/net/nntp/ArticlePointer.java
/sfs/weka/scratch/wxw9rr/OE25-DEV/projects_original/commons-net-3.8.0/src/main/java/org/apache/commons/net/ftp/FTPSCommand.java
/sfs/weka/scratch/wxw9rr/OE25-DEV/projects_original/commons-net-3.8.0/src/main/java/org/apache/commons/net/daytime/DaytimeTCPClient.java
/sfs/weka/scratch/wxw9rr/OE25-DEV/projects_original/commons-net-3.8.0/src/main/java/org/apache/commons/net/ftp/FTPSClient.java
/sfs/weka/scratch/wxw9rr/OE25-DEV/projects_original/commons-net-3.8.0/src/main/java/org/apache/commons/net/chargen/CharGenUDPClient.java
/sfs/weka/scratch/wxw9rr/OE25-DEV/projects_original/commons-net-3.8.0/src/main/java/org/apache/commons/net/examples/nntp/NNTPUtils.java
/sfs/weka/scratch/wxw9rr/OE25-DEV/projects_original/commons-net-3.8.0/src/main/java/org/apache/commons/net/nntp/ArticleInfo.java
/sfs/weka/scratch/wxw9rr/OE25-DEV/projects_original/commons-net-3.8.0/src/main/java/org/apache/commons/net/ftp/parser/DefaultFTPFileEntryParserFactory.java
/sfs/weka/scratch/wxw9rr/OE25-DEV/projects_original/commons-net-3.8.0/src/main/java/org/apache/commons/net/nntp/ReplyIterator.java
/sfs/weka/scratch/wxw9rr/OE25-DEV/projects_original/commons-net-3.8.0/src/main/java/org/apache/commons/net/examples/Main.java
/sfs/weka/scratch/wxw9rr/OE25-DEV/projects_original/commons-net-3.8.0/src/main/java/org/apache/commons/net/io/Util.java
/sfs/weka/scratch/wxw9rr/OE25-DEV/projects_original/commons-net-3.8.0/src/main/java/org/apache/commons/net/smtp/RelayPath.java
/sfs/weka/scratch/wxw9rr/OE25-DEV/projects_original/commons-net-3.8.0/src/main/java/org/apache/commons/net/ProtocolCommandListener.java
/sfs/weka/scratch/wxw9rr/OE25-DEV/projects_original/commons-net-3.8.0/src/main/java/org/apache/commons/net/io/DotTerminatedMessageReader.java
/sfs/weka/scratch/wxw9rr/OE25-DEV/projects_original/commons-net-3.8.0/src/main/java/org/apache/commons/net/telnet/TelnetNotificationHandler.java
/sfs/weka/scratch/wxw9rr/OE25-DEV/projects_original/commons-net-3.8.0/src/main/java/org/apache/commons/net/bsd/RCommandClient.java
/sfs/weka/scratch/wxw9rr/OE25-DEV/projects_original/commons-net-3.8.0/src/main/java/org/apache/commons/net/nntp/NNTPReply.java
/sfs/weka/scratch/wxw9rr/OE25-DEV/projects_original/commons-net-3.8.0/src/main/java/org/apache/commons/net/examples/ftp/TFTPExample.java
/sfs/weka/scratch/wxw9rr/OE25-DEV/projects_original/commons-net-3.8.0/src/main/java/org/apache/commons/net/nntp/NNTPCommand.java
/sfs/weka/scratch/wxw9rr/OE25-DEV/projects_original/commons-net-3.8.0/src/main/java/org/apache/commons/net/nntp/Article.java
/sfs/weka/scratch/wxw9rr/OE25-DEV/projects_original/commons-net-3.8.0/src/main/java/org/apache/commons/net/ftp/parser/OS2FTPEntryParser.java
/sfs/weka/scratch/wxw9rr/OE25-DEV/projects_original/commons-net-3.8.0/src/main/java/org/apache/commons/net/telnet/WindowSizeOptionHandler.java
/sfs/weka/scratch/wxw9rr/OE25-DEV/projects_original/commons-net-3.8.0/src/main/java/org/apache/commons/net/ftp/FTPClientConfig.java
/sfs/weka/scratch/wxw9rr/OE25-DEV/projects_original/commons-net-3.8.0/src/main/java/org/apache/commons/net/tftp/TFTPPacket.java
/sfs/weka/scratch/wxw9rr/OE25-DEV/projects_original/commons-net-3.8.0/src/main/java/org/apache/commons/net/nntp/NewsgroupIterator.java
/sfs/weka/scratch/wxw9rr/OE25-DEV/projects_original/commons-net-3.8.0/src/main/java/org/apache/commons/net/examples/nntp/PostMessage.java
/sfs/weka/scratch/wxw9rr/OE25-DEV/projects_original/commons-net-3.8.0/src/main/java/org/apache/commons/net/examples/ntp/NTPClient.java
/sfs/weka/scratch/wxw9rr/OE25-DEV/projects_original/commons-net-3.8.0/src/main/java/org/apache/commons/net/tftp/TFTPPacketException.java
/sfs/weka/scratch/wxw9rr/OE25-DEV/projects_original/commons-net-3.8.0/src/main/java/org/apache/commons/net/examples/mail/POP3Mail.java
/sfs/weka/scratch/wxw9rr/OE25-DEV/projects_original/commons-net-3.8.0/src/main/java/org/apache/commons/net/examples/util/IOUtil.java
/sfs/weka/scratch/wxw9rr/OE25-DEV/projects_original/commons-net-3.8.0/src/main/java/org/apache/commons/net/examples/unix/rshell.java
/sfs/weka/scratch/wxw9rr/OE25-DEV/projects_original/commons-net-3.8.0/src/main/java/org/apache/commons/net/examples/mail/IMAPMail.java
/sfs/weka/scratch/wxw9rr/OE25-DEV/projects_original/commons-net-3.8.0/src/main/java/org/apache/commons/net/echo/EchoUDPClient.java
/sfs/weka/scratch/wxw9rr/OE25-DEV/projects_original/commons-net-3.8.0/src/main/java/org/apache/commons/net/MalformedServerReplyException.java
/sfs/weka/scratch/wxw9rr/OE25-DEV/projects_original/commons-net-3.8.0/src/main/java/org/apache/commons/net/tftp/TFTP.java
/sfs/weka/scratch/wxw9rr/OE25-DEV/projects_original/commons-net-3.8.0/src/main/java/org/apache/commons/net/nntp/NewsgroupInfo.java
/sfs/weka/scratch/wxw9rr/OE25-DEV/projects_original/commons-net-3.8.0/src/main/java/org/apache/commons/net/ftp/parser/CompositeFileEntryParser.java
/sfs/weka/scratch/wxw9rr/OE25-DEV/projects_original/commons-net-3.8.0/src/main/java/org/apache/commons/net/telnet/EchoOptionHandler.java
/sfs/weka/scratch/wxw9rr/OE25-DEV/projects_original/commons-net-3.8.0/src/main/java/org/apache/commons/net/ftp/parser/FTPFileEntryParserFactory.java
/sfs/weka/scratch/wxw9rr/OE25-DEV/projects_original/commons-net-3.8.0/src/main/java/org/apache/commons/net/examples/telnet/WeatherTelnet.java
/sfs/weka/scratch/wxw9rr/OE25-DEV/projects_original/commons-net-3.8.0/src/main/java/org/apache/commons/net/ntp/NTPUDPClient.java
/sfs/weka/scratch/wxw9rr/OE25-DEV/projects_original/commons-net-3.8.0/src/main/java/org/apache/commons/net/tftp/TFTPClient.java
/sfs/weka/scratch/wxw9rr/OE25-DEV/projects_original/commons-net-3.8.0/src/main/java/org/apache/commons/net/ftp/FTPFileFilters.java
/sfs/weka/scratch/wxw9rr/OE25-DEV/projects_original/commons-net-3.8.0/src/main/java/org/apache/commons/net/examples/unix/rdate.java
/sfs/weka/scratch/wxw9rr/OE25-DEV/projects_original/commons-net-3.8.0/src/main/java/org/apache/commons/net/PrintCommandListener.java
/sfs/weka/scratch/wxw9rr/OE25-DEV/projects_original/commons-net-3.8.0/src/main/java/org/apache/commons/net/imap/IMAPReply.java
/sfs/weka/scratch/wxw9rr/OE25-DEV/projects_original/commons-net-3.8.0/src/main/java/org/apache/commons/net/ftp/FTPConnectionClosedException.java
/sfs/weka/scratch/wxw9rr/OE25-DEV/projects_original/commons-net-3.8.0/src/main/java/org/apache/commons/net/ftp/FTPFile.java
/sfs/weka/scratch/wxw9rr/OE25-DEV/projects_original/commons-net-3.8.0/src/main/java/org/apache/commons/net/ftp/parser/EnterpriseUnixFTPEntryParser.java
/sfs/weka/scratch/wxw9rr/OE25-DEV/projects_original/commons-net-3.8.0/src/main/java/org/apache/commons/net/pop3/POP3Client.java
/sfs/weka/scratch/wxw9rr/OE25-DEV/projects_original/commons-net-3.8.0/src/main/java/org/apache/commons/net/daytime/DaytimeUDPClient.java
/sfs/weka/scratch/wxw9rr/OE25-DEV/projects_original/commons-net-3.8.0/src/main/java/org/apache/commons/net/examples/telnet/TelnetClientExample.java
/sfs/weka/scratch/wxw9rr/OE25-DEV/projects_original/commons-net-3.8.0/src/main/java/org/apache/commons/net/telnet/TelnetClient.java
/sfs/weka/scratch/wxw9rr/OE25-DEV/projects_original/commons-net-3.8.0/src/main/java/org/apache/commons/net/nntp/SimpleNNTPHeader.java
/sfs/weka/scratch/wxw9rr/OE25-DEV/projects_original/commons-net-3.8.0/src/main/java/org/apache/commons/net/examples/ntp/TimeClient.java
/sfs/weka/scratch/wxw9rr/OE25-DEV/projects_original/commons-net-3.8.0/src/main/java/org/apache/commons/net/pop3/POP3SClient.java
/sfs/weka/scratch/wxw9rr/OE25-DEV/projects_original/commons-net-3.8.0/src/main/java/org/apache/commons/net/imap/IMAPSClient.java
/sfs/weka/scratch/wxw9rr/OE25-DEV/projects_original/commons-net-3.8.0/src/main/java/org/apache/commons/net/telnet/TelnetOutputStream.java
/sfs/weka/scratch/wxw9rr/OE25-DEV/projects_original/commons-net-3.8.0/src/main/java/org/apache/commons/net/io/CopyStreamListener.java
/sfs/weka/scratch/wxw9rr/OE25-DEV/projects_original/commons-net-3.8.0/src/main/java/org/apache/commons/net/ftp/FTPHTTPClient.java
/sfs/weka/scratch/wxw9rr/OE25-DEV/projects_original/commons-net-3.8.0/src/main/java/org/apache/commons/net/examples/mail/IMAPExportMbox.java
/sfs/weka/scratch/wxw9rr/OE25-DEV/projects_original/commons-net-3.8.0/src/main/java/org/apache/commons/net/io/CRLFLineReader.java
/sfs/weka/scratch/wxw9rr/OE25-DEV/projects_original/commons-net-3.8.0/src/main/java/org/apache/commons/net/ftp/parser/VMSVersioningFTPEntryParser.java
/sfs/weka/scratch/wxw9rr/OE25-DEV/projects_original/commons-net-3.8.0/src/main/java/org/apache/commons/net/util/SSLContextUtils.java
/sfs/weka/scratch/wxw9rr/OE25-DEV/projects_original/commons-net-3.8.0/src/main/java/org/apache/commons/net/util/TrustManagerUtils.java
/sfs/weka/scratch/wxw9rr/OE25-DEV/projects_original/commons-net-3.8.0/src/main/java/org/apache/commons/net/examples/mail/IMAPImportMbox.java
/sfs/weka/scratch/wxw9rr/OE25-DEV/projects_original/commons-net-3.8.0/src/main/java/org/apache/commons/net/ntp/TimeInfo.java
/sfs/weka/scratch/wxw9rr/OE25-DEV/projects_original/commons-net-3.8.0/src/main/java/org/apache/commons/net/nntp/Threader.java
/sfs/weka/scratch/wxw9rr/OE25-DEV/projects_original/commons-net-3.8.0/src/main/java/org/apache/commons/net/SocketClient.java
/sfs/weka/scratch/wxw9rr/OE25-DEV/projects_original/commons-net-3.8.0/src/main/java/org/apache/commons/net/nntp/NewGroupsOrNewsQuery.java
/sfs/weka/scratch/wxw9rr/OE25-DEV/projects_original/commons-net-3.8.0/src/main/java/org/apache/commons/net/examples/unix/daytime.java
