[[1;34mINFO[m] Scanning for projects...
[[1;33mWARNING[m] 
[[1;33mWARNING[m] Some problems were encountered while building the effective model for org.apache.commons:commons-jcs3-core:jar:3.1
[[1;33mWARNING[m] 'dependencies.dependency.(groupId:artifactId:type:classifier)' must be unique: junit:junit:jar -> version 4.13 vs (?) @ line 96, column 17
[[1;33mWARNING[m] 
[[1;33mWARNING[m] It is highly recommended to fix these problems because they threaten the stability of your build.
[[1;33mWARNING[m] 
[[1;33mWARNING[m] For this reason, future Maven versions might no longer support building such malformed projects.
[[1;33mWARNING[m] 
[[1;34mINFO[m] 
[[1;34mINFO[m] [1m----------------< [0;36morg.apache.commons:commons-jcs3-core[0;1m >----------------[m
[[1;34mINFO[m] [1mBuilding Apache Commons JCS :: Core 3.1[m
[[1;34mINFO[m] [1m--------------------------------[ jar ]---------------------------------[m
[[1;34mINFO[m] 
[[1;34mINFO[m] [1m--- [0;32mmaven-clean-plugin:3.1.0:clean[m [1m(default-clean)[m @ [36mcommons-jcs3-core[0;1m ---[m
[[1;34mINFO[m] 
[[1;34mINFO[m] [1m--- [0;32mmaven-enforcer-plugin:3.0.0-M3:enforce[m [1m(enforce-maven-version)[m @ [36mcommons-jcs3-core[0;1m ---[m
[[1;34mINFO[m] 
[[1;34mINFO[m] [1m--- [0;32mmaven-enforcer-plugin:3.0.0-M3:enforce[m [1m(enforce-maven-3)[m @ [36mcommons-jcs3-core[0;1m ---[m
[[1;34mINFO[m] 
[[1;34mINFO[m] [1m--- [0;32mapache-rat-plugin:0.13:check[m [1m(rat-check)[m @ [36mcommons-jcs3-core[0;1m ---[m
[[1;34mINFO[m] RAT will not execute since it is configured to be skipped via system property 'rat.skip'.
[[1;34mINFO[m] 
[[1;34mINFO[m] [1m--- [0;32mbuild-helper-maven-plugin:3.2.0:parse-version[m [1m(parse-version)[m @ [36mcommons-jcs3-core[0;1m ---[m
[[1;34mINFO[m] 
[[1;34mINFO[m] [1m--- [0;32mmaven-antrun-plugin:1.8:run[m [1m(javadoc.resources)[m @ [36mcommons-jcs3-core[0;1m ---[m
[[1;34mINFO[m] Skipping Antrun execution
[[1;34mINFO[m] 
[[1;34mINFO[m] [1m--- [0;32mmaven-remote-resources-plugin:1.7.0:process[m [1m(process-resource-bundles)[m @ [36mcommons-jcs3-core[0;1m ---[m
[[1;34mINFO[m] Preparing remote bundle org.apache:apache-jar-resource-bundle:1.4
[[1;34mINFO[m] Copying 3 resources from 1 bundle.
[[1;34mINFO[m] 
[[1;34mINFO[m] [1m--- [0;32mbuildnumber-maven-plugin:1.4:create[m [1m(default)[m @ [36mcommons-jcs3-core[0;1m ---[m
[[1;34mINFO[m] Executing: /bin/sh -c cd '/home/tasfia/Desktop/OE25-DEV/projects_decomposed/commons-jcs3/commons-jcs-core' && 'git' 'rev-parse' '--verify' 'HEAD'
[[1;34mINFO[m] Working directory: /home/tasfia/Desktop/OE25-DEV/projects_decomposed/commons-jcs3/commons-jcs-core
[[1;34mINFO[m] Storing buildNumber: 53df724e8c4d67547212d860dfed689b7c447fa6 at timestamp: 1771875547367
[[1;34mINFO[m] Storing buildScmBranch: final-single-assertion-dataset
[[1;34mINFO[m] 
[[1;34mINFO[m] [1m--- [0;32mmaven-resources-plugin:3.1.0:resources[m [1m(default-resources)[m @ [36mcommons-jcs3-core[0;1m ---[m
[[1;34mINFO[m] Using 'UTF-8' encoding to copy filtered resources.
[[1;34mINFO[m] Copying 1 resource
[[1;34mINFO[m] Copying 0 resource to META-INF
[[1;34mINFO[m] Copying 3 resources
[[1;34mINFO[m] 
[[1;34mINFO[m] [1m--- [0;32mmaven-compiler-plugin:3.8.1:compile[m [1m(default-compile)[m @ [36mcommons-jcs3-core[0;1m ---[m
[[1;34mINFO[m] Changes detected - recompiling the module!
[[1;34mINFO[m] Compiling 233 source files to /home/tasfia/Desktop/OE25-DEV/projects_decomposed/commons-jcs3/commons-jcs-core/target/classes
[[1;34mINFO[m] /home/tasfia/Desktop/OE25-DEV/projects_decomposed/commons-jcs3/commons-jcs-core/src/main/java/org/apache/commons/jcs3/io/ObjectInputStreamClassLoaderAware.java: /home/tasfia/Desktop/OE25-DEV/projects_decomposed/commons-jcs3/commons-jcs-core/src/main/java/org/apache/commons/jcs3/io/ObjectInputStreamClassLoaderAware.java uses or overrides a deprecated API.
[[1;34mINFO[m] /home/tasfia/Desktop/OE25-DEV/projects_decomposed/commons-jcs3/commons-jcs-core/src/main/java/org/apache/commons/jcs3/io/ObjectInputStreamClassLoaderAware.java: Recompile with -Xlint:deprecation for details.
[[1;34mINFO[m] /home/tasfia/Desktop/OE25-DEV/projects_decomposed/commons-jcs3/commons-jcs-core/src/main/java/org/apache/commons/jcs3/engine/control/CompositeCacheManager.java: /home/tasfia/Desktop/OE25-DEV/projects_decomposed/commons-jcs3/commons-jcs-core/src/main/java/org/apache/commons/jcs3/engine/control/CompositeCacheManager.java uses or overrides a deprecated API that is marked for removal.
[[1;34mINFO[m] /home/tasfia/Desktop/OE25-DEV/projects_decomposed/commons-jcs3/commons-jcs-core/src/main/java/org/apache/commons/jcs3/engine/control/CompositeCacheManager.java: Recompile with -Xlint:removal for details.
[[1;34mINFO[m] /home/tasfia/Desktop/OE25-DEV/projects_decomposed/commons-jcs3/commons-jcs-core/src/main/java/org/apache/commons/jcs3/utils/config/PropertySetter.java: /home/tasfia/Desktop/OE25-DEV/projects_decomposed/commons-jcs3/commons-jcs-core/src/main/java/org/apache/commons/jcs3/utils/config/PropertySetter.java uses unchecked or unsafe operations.
[[1;34mINFO[m] /home/tasfia/Desktop/OE25-DEV/projects_decomposed/commons-jcs3/commons-jcs-core/src/main/java/org/apache/commons/jcs3/utils/config/PropertySetter.java: Recompile with -Xlint:unchecked for details.
[[1;34mINFO[m] 
[[1;34mINFO[m] [1m--- [0;32mmaven-bundle-plugin:5.1.1:manifest[m [1m(bundle-manifest)[m @ [36mcommons-jcs3-core[0;1m ---[m
[[1;34mINFO[m] 
[[1;34mINFO[m] [1m--- [0;32mmaven-resources-plugin:3.1.0:testResources[m [1m(default-testResources)[m @ [36mcommons-jcs3-core[0;1m ---[m
[[1;34mINFO[m] Using 'UTF-8' encoding to copy filtered resources.
[[1;34mINFO[m] Copying 49 resources
[[1;34mINFO[m] Copying 3 resources
[[1;34mINFO[m] 
[[1;34mINFO[m] [1m--- [0;32mmaven-compiler-plugin:3.8.1:testCompile[m [1m(default-testCompile)[m @ [36mcommons-jcs3-core[0;1m ---[m
[[1;34mINFO[m] Changes detected - recompiling the module!
[[1;34mINFO[m] Compiling 207 source files to /home/tasfia/Desktop/OE25-DEV/projects_decomposed/commons-jcs3/commons-jcs-core/target/test-classes
[[1;34mINFO[m] /home/tasfia/Desktop/OE25-DEV/projects_decomposed/commons-jcs3/commons-jcs-core/src/test/java/org/apache/commons/jcs3/utils/zip/CompressionUtilUnitTest_OE25Dev.java: Some input files use or override a deprecated API.
[[1;34mINFO[m] /home/tasfia/Desktop/OE25-DEV/projects_decomposed/commons-jcs3/commons-jcs-core/src/test/java/org/apache/commons/jcs3/utils/zip/CompressionUtilUnitTest_OE25Dev.java: Recompile with -Xlint:deprecation for details.
[[1;34mINFO[m] -------------------------------------------------------------
[[1;31mERROR[m] COMPILATION ERROR : 
[[1;34mINFO[m] -------------------------------------------------------------
[[1;31mERROR[m] /home/tasfia/Desktop/OE25-DEV/projects_decomposed/commons-jcs3/commons-jcs-core/src/test/java/org/apache/commons/jcs3/auxiliary/disk/indexed/IndexDiskCacheSizeUnitTest_OE25Dev.java:[29,36] package org.junit.jupiter.api does not exist
[[1;31mERROR[m] /home/tasfia/Desktop/OE25-DEV/projects_decomposed/commons-jcs3/commons-jcs-core/src/test/java/org/apache/commons/jcs3/auxiliary/disk/indexed/IndexDiskCacheSizeUnitTest_OE25Dev.java:[29,1] static import only from classes and interfaces
[[1;31mERROR[m] /home/tasfia/Desktop/OE25-DEV/projects_decomposed/commons-jcs3/commons-jcs-core/src/test/java/org/apache/commons/jcs3/auxiliary/disk/indexed/IndexDiskCacheCountUnitTest_OE25Dev.java:[28,36] package org.junit.jupiter.api does not exist
[[1;31mERROR[m] /home/tasfia/Desktop/OE25-DEV/projects_decomposed/commons-jcs3/commons-jcs-core/src/test/java/org/apache/commons/jcs3/auxiliary/disk/indexed/IndexDiskCacheCountUnitTest_OE25Dev.java:[28,1] static import only from classes and interfaces
[[1;34mINFO[m] 4 errors 
[[1;34mINFO[m] -------------------------------------------------------------
[[1;34mINFO[m] [1m------------------------------------------------------------------------[m
[[1;34mINFO[m] [1;31mBUILD FAILURE[m
[[1;34mINFO[m] [1m------------------------------------------------------------------------[m
[[1;34mINFO[m] Total time:  3.000 s
[[1;34mINFO[m] Finished at: 2026-02-23T13:39:09-06:00
[[1;34mINFO[m] [1m------------------------------------------------------------------------[m
[[1;31mERROR[m] Failed to execute goal [32morg.apache.maven.plugins:maven-compiler-plugin:3.8.1:testCompile[m [1m(default-testCompile)[m on project [36mcommons-jcs3-core[m: [1;31mCompilation failure[m: Compilation failure: 
[[1;31mERROR[m] /home/tasfia/Desktop/OE25-DEV/projects_decomposed/commons-jcs3/commons-jcs-core/src/test/java/org/apache/commons/jcs3/auxiliary/disk/indexed/IndexDiskCacheSizeUnitTest_OE25Dev.java:[29,36] package org.junit.jupiter.api does not exist
[[1;31mERROR[m] /home/tasfia/Desktop/OE25-DEV/projects_decomposed/commons-jcs3/commons-jcs-core/src/test/java/org/apache/commons/jcs3/auxiliary/disk/indexed/IndexDiskCacheSizeUnitTest_OE25Dev.java:[29,1] static import only from classes and interfaces
[[1;31mERROR[m] /home/tasfia/Desktop/OE25-DEV/projects_decomposed/commons-jcs3/commons-jcs-core/src/test/java/org/apache/commons/jcs3/auxiliary/disk/indexed/IndexDiskCacheCountUnitTest_OE25Dev.java:[28,36] package org.junit.jupiter.api does not exist
[[1;31mERROR[m] /home/tasfia/Desktop/OE25-DEV/projects_decomposed/commons-jcs3/commons-jcs-core/src/test/java/org/apache/commons/jcs3/auxiliary/disk/indexed/IndexDiskCacheCountUnitTest_OE25Dev.java:[28,1] static import only from classes and interfaces
[[1;31mERROR[m] -> [1m[Help 1][m
[[1;31mERROR[m] 
[[1;31mERROR[m] To see the full stack trace of the errors, re-run Maven with the [1m-e[m switch.
[[1;31mERROR[m] Re-run Maven using the [1m-X[m switch to enable full debug logging.
[[1;31mERROR[m] 
[[1;31mERROR[m] For more information about the errors and possible solutions, please read the following articles:
[[1;31mERROR[m] [1m[Help 1][m http://cwiki.apache.org/confluence/display/MAVEN/MojoFailureException
