#
# There is insufficient memory for the Java Runtime Environment to continue.
# Native memory allocation (mmap) failed to map 16384 bytes. Error detail: committing reserved memory.
# Possible reasons:
#   The system is out of physical RAM or swap space
#   This process is running with CompressedOops enabled, and the Java Heap may be blocking the growth of the native heap
# Possible solutions:
#   Reduce memory load on the system
#   Increase physical memory or swap space
#   Check if swap backing store is full
#   Decrease Java heap size (-Xmx/-Xms)
#   Decrease number of Java threads
#   Decrease Java thread stack sizes (-Xss)
#   Set larger code cache with -XX:ReservedCodeCacheSize=
#   JVM is running with Zero Based Compressed Oops mode in which the Java heap is
#     placed in the first 32GB address space. The Java Heap base address is the
#     maximum limit for the native heap growth. Please use -XX:HeapBaseMinAddress
#     to set the Java Heap base and to place the Java Heap above 32GB virtual address.
# This output file may be truncated or incomplete.
#
#  Out of Memory Error (os_linux.cpp:2832), pid=723183, tid=729363
#
# JRE version: OpenJDK Runtime Environment Temurin-17.0.15+6 (17.0.15+6) (build 17.0.15+6)
# Java VM: OpenJDK 64-Bit Server VM Temurin-17.0.15+6 (17.0.15+6, mixed mode, sharing, tiered, compressed oops, compressed class ptrs, g1 gc, linux-amd64)
# Core dump will be written. Default location: Core dumps may be processed with "/usr/lib/systemd/systemd-coredump %P %u %g %s %t %c %h %e" (or dumping to /sfs/weka/scratch/wxw9rr/artifact/RQ3/OE25-DEV/commons-beanutils-1.9.4/core.723183)
#

---------------  S U M M A R Y ------------

Command Line: -Dclassworlds.conf=/apps/software/standard/core/maven/3.9.0/bin/m2.conf -Dmaven.home=/apps/software/standard/core/maven/3.9.0 -Dlibrary.jansi.path=/apps/software/standard/core/maven/3.9.0/lib/jansi-native -Dmaven.multiModuleProjectDirectory=/scratch/wxw9rr/artifact/RQ3/OE25-DEV/commons-beanutils-1.9.4 -Djava.io.tmpdir=/sfs/weka/scratch/wxw9rr/tmp -javaagent:/sfs/weka/scratch/wxw9rr/tmp/pitest-agent4297895672587801351.jar -ea -Djava.awt.headless=true -XX:+UseG1GC -Djava.io.tmpdir=/sfs/weka/scratch/wxw9rr/tmp org.pitest.mutationtest.execute.MutationTestMinion 35561

Host: AMD EPYC 9454 48-Core Processor, 96 cores, 512G, Rocky Linux release 8.10 (Green Obsidian)
Time: Mon Jan 12 02:07:45 2026 EST elapsed time: 26.671823 seconds (0d 0h 0m 26s)

---------------  T H R E A D  ---------------

Current thread (0x00007fd770446e40):  JavaThread "mutationTestThread" daemon [_thread_new, id=729363, stack(0x00007fd6b6425000,0x00007fd6b6525000)]

Stack: [0x00007fd6b6425000,0x00007fd6b6525000],  sp=0x00007fd6b6523980,  free space=1018k
Native frames: (J=compiled Java code, j=interpreted, Vv=VM code, C=native code)
V  [libjvm.so+0xee9791]  VMError::report_and_die(int, char const*, char const*, __va_list_tag*, Thread*, unsigned char*, void*, void*, char const*, int, unsigned long)+0x1a1
V  [libjvm.so+0xeea37d]  VMError::report_and_die(Thread*, char const*, int, unsigned long, VMErrorType, char const*, __va_list_tag*)+0x2d
V  [libjvm.so+0x60921c]  report_vm_out_of_memory(char const*, int, unsigned long, VMErrorType, char const*, ...)+0xdc
V  [libjvm.so+0xc265e8]  os::pd_commit_memory(char*, unsigned long, bool)+0xd8
V  [libjvm.so+0xc2040f]  os::commit_memory(char*, unsigned long, bool)+0x1f
V  [libjvm.so+0xd9edc7]  StackOverflow::create_stack_guard_pages()+0x57
V  [libjvm.so+0xe68a41]  JavaThread::run()+0x31
V  [libjvm.so+0xe6c2ca]  Thread::call_run()+0xaa
V  [libjvm.so+0xc29413]  thread_native_entry(Thread*)+0xe3


---------------  P R O C E S S  ---------------

Threads class SMR info:
_java_thread_list=0x00007fd770351e20, length=13, elements={
0x00007fd770032990, 0x00007fd770212cf0, 0x00007fd7702140d0, 0x00007fd7702187a0,
0x00007fd770219b50, 0x00007fd77021af60, 0x00007fd77021c990, 0x00007fd77021dec0,
0x00007fd77021f330, 0x00007fd77022af40, 0x00007fd770260040, 0x00007fd690206700,
0x00007fd770446e40
}

Java Threads: ( => current thread )
  0x00007fd770032990 JavaThread "main" [_thread_blocked, id=723270, stack(0x00007fd779690000,0x00007fd779791000)]
  0x00007fd770212cf0 JavaThread "Reference Handler" daemon [_thread_blocked, id=723293, stack(0x00007fd6b6d2e000,0x00007fd6b6e2e000)]
  0x00007fd7702140d0 JavaThread "Finalizer" daemon [_thread_blocked, id=723294, stack(0x00007fd6b6c2d000,0x00007fd6b6d2d000)]
  0x00007fd7702187a0 JavaThread "Signal Dispatcher" daemon [_thread_blocked, id=723296, stack(0x00007fd6b6b2c000,0x00007fd6b6c2c000)]
  0x00007fd770219b50 JavaThread "Service Thread" daemon [_thread_blocked, id=723297, stack(0x00007fd6b6a2b000,0x00007fd6b6b2b000)]
  0x00007fd77021af60 JavaThread "Monitor Deflation Thread" daemon [_thread_blocked, id=723299, stack(0x00007fd6b692a000,0x00007fd6b6a2a000)]
  0x00007fd77021c990 JavaThread "C2 CompilerThread0" daemon [_thread_blocked, id=723300, stack(0x00007fd6b6829000,0x00007fd6b6929000)]
  0x00007fd77021dec0 JavaThread "C1 CompilerThread0" daemon [_thread_blocked, id=723301, stack(0x00007fd6b6728000,0x00007fd6b6828000)]
  0x00007fd77021f330 JavaThread "Sweeper thread" daemon [_thread_blocked, id=723302, stack(0x00007fd6b6627000,0x00007fd6b6727000)]
  0x00007fd77022af40 JavaThread "Common-Cleaner" daemon [_thread_blocked, id=723313, stack(0x00007fd6b6526000,0x00007fd6b6626000)]
  0x00007fd770260040 JavaThread "Notification Thread" daemon [_thread_blocked, id=723322, stack(0x00007fd6b6021000,0x00007fd6b6121000)]
  0x00007fd690206700 JavaThread "C1 CompilerThread1" daemon [_thread_blocked, id=729169, stack(0x00007fd6b6324000,0x00007fd6b6424000)]
=>0x00007fd770446e40 JavaThread "mutationTestThread" daemon [_thread_new, id=729363, stack(0x00007fd6b6425000,0x00007fd6b6525000)]

Other Threads:
  0x00007fd77020ec30 VMThread "VM Thread" [stack: 0x00007fd6b6e2f000,0x00007fd6b6f2f000] [id=723292]
  0x00007fd7702618a0 WatcherThread [stack: 0x00007fd6b5f20000,0x00007fd6b6020000] [id=723323]
  0x00007fd7700680c0 GCTaskThread "GC Thread#0" [stack: 0x00007fd7756cc000,0x00007fd7757cc000] [id=723284]
  0x00007fd6b000c800 GCTaskThread "GC Thread#1" [stack: 0x00007fd6b5d1e000,0x00007fd6b5e1e000] [id=724621]
  0x00007fd6b000cd10 GCTaskThread "GC Thread#2" [stack: 0x00007fd6b5b1c000,0x00007fd6b5c1c000] [id=724622]
  0x00007fd6b000d2e0 GCTaskThread "GC Thread#3" [stack: 0x00007fd6b5c1d000,0x00007fd6b5d1d000] [id=724623]
  0x00007fd6b000d900 GCTaskThread "GC Thread#4" [stack: 0x00007fd6b5a1b000,0x00007fd6b5b1b000] [id=724624]
  0x00007fd6b000df20 GCTaskThread "GC Thread#5" [stack: 0x00007fd6b591a000,0x00007fd6b5a1a000] [id=724625]
  0x00007fd6b000e570 GCTaskThread "GC Thread#6" [stack: 0x00007fd6b5819000,0x00007fd6b5919000] [id=724626]
  0x00007fd6b000edf0 GCTaskThread "GC Thread#7" [stack: 0x00007fd6b5718000,0x00007fd6b5818000] [id=724627]
  0x00007fd6b000f6b0 GCTaskThread "GC Thread#8" [stack: 0x00007fd6b5617000,0x00007fd6b5717000] [id=724628]
  0x00007fd6b000ff70 GCTaskThread "GC Thread#9" [stack: 0x00007fd6b5516000,0x00007fd6b5616000] [id=724630]
  0x00007fd6b0010830 GCTaskThread "GC Thread#10" [stack: 0x00007fd6b5415000,0x00007fd6b5515000] [id=724631]
  0x00007fd6b00114e0 GCTaskThread "GC Thread#11" [stack: 0x00007fd6b5314000,0x00007fd6b5414000] [id=724632]
  0x00007fd6b0012350 GCTaskThread "GC Thread#12" [stack: 0x00007fd6b5213000,0x00007fd6b5313000] [id=724633]
  0x00007fd6b00131c0 GCTaskThread "GC Thread#13" [stack: 0x00007fd6b5112000,0x00007fd6b5212000] [id=724634]
  0x00007fd6b0014030 GCTaskThread "GC Thread#14" [stack: 0x00007fd6b5011000,0x00007fd6b5111000] [id=724635]
  0x00007fd6b0014ea0 GCTaskThread "GC Thread#15" [stack: 0x00007fd6b4f10000,0x00007fd6b5010000] [id=724636]
  0x00007fd6b0015d10 GCTaskThread "GC Thread#16" [stack: 0x00007fd6b4e0f000,0x00007fd6b4f0f000] [id=724637]
  0x00007fd6b0016b80 GCTaskThread "GC Thread#17" [stack: 0x00007fd6b4d0e000,0x00007fd6b4e0e000] [id=724638]
  0x00007fd7700786e0 ConcurrentGCThread "G1 Main Marker" [stack: 0x00007fd7755cb000,0x00007fd7756cb000] [id=723287]
  0x00007fd770079660 ConcurrentGCThread "G1 Conc#0" [stack: 0x00007fd7754ca000,0x00007fd7755ca000] [id=723289]
  0x00007fd7701dc910 ConcurrentGCThread "G1 Refine#0" [stack: 0x00007fd7741b7000,0x00007fd7742b7000] [id=723290]
  0x00007fd7701dd810 ConcurrentGCThread "G1 Service" [stack: 0x00007fd7740b6000,0x00007fd7741b6000] [id=723291]

Threads with active compile tasks:

VM state: not at safepoint (normal execution)

VM Mutex/Monitor currently owned by a thread: None

Heap address: 0x0000000082000000, size: 30688 MB, Compressed Oops mode: Zero based, Oop shift amount: 3

CDS archive(s) mapped at: [0x00007fd6bb000000-0x00007fd6bbbc9000-0x00007fd6bbbc9000), size 12357632, SharedBaseAddress: 0x00007fd6bb000000, ArchiveRelocationMode: 1.
Compressed class space mapped at: 0x00007fd6bc000000-0x00007fd6fc000000, reserved size: 1073741824
Narrow klass base: 0x00007fd6bb000000, Narrow klass shift: 0, Narrow klass range: 0x100000000

GC Precious Log:
 CPUs: 96 total, 24 available
 Memory: 512G
 Large Page Support: Disabled
 NUMA Support: Disabled
 Compressed Oops: Enabled (Zero based)
 Heap Region Size: 16M
 Heap Min Capacity: 16M
 Heap Initial Capacity: 2G
 Heap Max Capacity: 30688M
 Pre-touch: Disabled
 Parallel Workers: 18
 Concurrent Workers: 5
 Concurrent Refinement Workers: 18
 Periodic GC: Disabled

Heap:
 garbage-first heap   total 2129920K, used 52990K [0x0000000082000000, 0x0000000800000000)
  region size 16384K, 4 young (65536K), 1 survivors (16384K)
 Metaspace       used 8247K, committed 8512K, reserved 1114112K
  class space    used 888K, committed 1024K, reserved 1048576K

Heap Regions: E=young(eden), S=young(survivor), O=old, HS=humongous(starts), HC=humongous(continues), CS=collection set, F=free, OA=open archive, CA=closed archive, TAMS=top-at-mark-start (previous, next)
|   0|0x0000000082000000, 0x0000000082000000, 0x0000000083000000|  0%| F|  |TAMS 0x0000000082000000, 0x0000000082000000| Untracked 
|   1|0x0000000083000000, 0x0000000083000000, 0x0000000084000000|  0%| F|  |TAMS 0x0000000083000000, 0x0000000083000000| Untracked 
|   2|0x0000000084000000, 0x0000000084000000, 0x0000000085000000|  0%| F|  |TAMS 0x0000000084000000, 0x0000000084000000| Untracked 
|   3|0x0000000085000000, 0x0000000085000000, 0x0000000086000000|  0%| F|  |TAMS 0x0000000085000000, 0x0000000085000000| Untracked 
|   4|0x0000000086000000, 0x0000000086000000, 0x0000000087000000|  0%| F|  |TAMS 0x0000000086000000, 0x0000000086000000| Untracked 
|   5|0x0000000087000000, 0x0000000087000000, 0x0000000088000000|  0%| F|  |TAMS 0x0000000087000000, 0x0000000087000000| Untracked 
|   6|0x0000000088000000, 0x0000000088000000, 0x0000000089000000|  0%| F|  |TAMS 0x0000000088000000, 0x0000000088000000| Untracked 
|   7|0x0000000089000000, 0x0000000089000000, 0x000000008a000000|  0%| F|  |TAMS 0x0000000089000000, 0x0000000089000000| Untracked 
|   8|0x000000008a000000, 0x000000008a000000, 0x000000008b000000|  0%| F|  |TAMS 0x000000008a000000, 0x000000008a000000| Untracked 
|   9|0x000000008b000000, 0x000000008b000000, 0x000000008c000000|  0%| F|  |TAMS 0x000000008b000000, 0x000000008b000000| Untracked 
|  10|0x000000008c000000, 0x000000008c000000, 0x000000008d000000|  0%| F|  |TAMS 0x000000008c000000, 0x000000008c000000| Untracked 
|  11|0x000000008d000000, 0x000000008d000000, 0x000000008e000000|  0%| F|  |TAMS 0x000000008d000000, 0x000000008d000000| Untracked 
|  12|0x000000008e000000, 0x000000008e000000, 0x000000008f000000|  0%| F|  |TAMS 0x000000008e000000, 0x000000008e000000| Untracked 
|  13|0x000000008f000000, 0x000000008f000000, 0x0000000090000000|  0%| F|  |TAMS 0x000000008f000000, 0x000000008f000000| Untracked 
|  14|0x0000000090000000, 0x0000000090000000, 0x0000000091000000|  0%| F|  |TAMS 0x0000000090000000, 0x0000000090000000| Untracked 
|  15|0x0000000091000000, 0x0000000091000000, 0x0000000092000000|  0%| F|  |TAMS 0x0000000091000000, 0x0000000091000000| Untracked 
|  16|0x0000000092000000, 0x0000000092000000, 0x0000000093000000|  0%| F|  |TAMS 0x0000000092000000, 0x0000000092000000| Untracked 
|  17|0x0000000093000000, 0x0000000093000000, 0x0000000094000000|  0%| F|  |TAMS 0x0000000093000000, 0x0000000093000000| Untracked 
|  18|0x0000000094000000, 0x0000000094000000, 0x0000000095000000|  0%| F|  |TAMS 0x0000000094000000, 0x0000000094000000| Untracked 
|  19|0x0000000095000000, 0x0000000095000000, 0x0000000096000000|  0%| F|  |TAMS 0x0000000095000000, 0x0000000095000000| Untracked 
|  20|0x0000000096000000, 0x0000000096000000, 0x0000000097000000|  0%| F|  |TAMS 0x0000000096000000, 0x0000000096000000| Untracked 
|  21|0x0000000097000000, 0x0000000097000000, 0x0000000098000000|  0%| F|  |TAMS 0x0000000097000000, 0x0000000097000000| Untracked 
|  22|0x0000000098000000, 0x0000000098000000, 0x0000000099000000|  0%| F|  |TAMS 0x0000000098000000, 0x0000000098000000| Untracked 
|  23|0x0000000099000000, 0x0000000099000000, 0x000000009a000000|  0%| F|  |TAMS 0x0000000099000000, 0x0000000099000000| Untracked 
|  24|0x000000009a000000, 0x000000009a000000, 0x000000009b000000|  0%| F|  |TAMS 0x000000009a000000, 0x000000009a000000| Untracked 
|  25|0x000000009b000000, 0x000000009b000000, 0x000000009c000000|  0%| F|  |TAMS 0x000000009b000000, 0x000000009b000000| Untracked 
|  26|0x000000009c000000, 0x000000009c000000, 0x000000009d000000|  0%| F|  |TAMS 0x000000009c000000, 0x000000009c000000| Untracked 
|  27|0x000000009d000000, 0x000000009d000000, 0x000000009e000000|  0%| F|  |TAMS 0x000000009d000000, 0x000000009d000000| Untracked 
|  28|0x000000009e000000, 0x000000009e000000, 0x000000009f000000|  0%| F|  |TAMS 0x000000009e000000, 0x000000009e000000| Untracked 
|  29|0x000000009f000000, 0x000000009f000000, 0x00000000a0000000|  0%| F|  |TAMS 0x000000009f000000, 0x000000009f000000| Untracked 
|  30|0x00000000a0000000, 0x00000000a0000000, 0x00000000a1000000|  0%| F|  |TAMS 0x00000000a0000000, 0x00000000a0000000| Untracked 
|  31|0x00000000a1000000, 0x00000000a1000000, 0x00000000a2000000|  0%| F|  |TAMS 0x00000000a1000000, 0x00000000a1000000| Untracked 
|  32|0x00000000a2000000, 0x00000000a2000000, 0x00000000a3000000|  0%| F|  |TAMS 0x00000000a2000000, 0x00000000a2000000| Untracked 
|  33|0x00000000a3000000, 0x00000000a3000000, 0x00000000a4000000|  0%| F|  |TAMS 0x00000000a3000000, 0x00000000a3000000| Untracked 
|  34|0x00000000a4000000, 0x00000000a4000000, 0x00000000a5000000|  0%| F|  |TAMS 0x00000000a4000000, 0x00000000a4000000| Untracked 
|  35|0x00000000a5000000, 0x00000000a5000000, 0x00000000a6000000|  0%| F|  |TAMS 0x00000000a5000000, 0x00000000a5000000| Untracked 
|  36|0x00000000a6000000, 0x00000000a6000000, 0x00000000a7000000|  0%| F|  |TAMS 0x00000000a6000000, 0x00000000a6000000| Untracked 
|  37|0x00000000a7000000, 0x00000000a7000000, 0x00000000a8000000|  0%| F|  |TAMS 0x00000000a7000000, 0x00000000a7000000| Untracked 
|  38|0x00000000a8000000, 0x00000000a8000000, 0x00000000a9000000|  0%| F|  |TAMS 0x00000000a8000000, 0x00000000a8000000| Untracked 
|  39|0x00000000a9000000, 0x00000000a9000000, 0x00000000aa000000|  0%| F|  |TAMS 0x00000000a9000000, 0x00000000a9000000| Untracked 
|  40|0x00000000aa000000, 0x00000000aa000000, 0x00000000ab000000|  0%| F|  |TAMS 0x00000000aa000000, 0x00000000aa000000| Untracked 
|  41|0x00000000ab000000, 0x00000000ab000000, 0x00000000ac000000|  0%| F|  |TAMS 0x00000000ab000000, 0x00000000ab000000| Untracked 
|  42|0x00000000ac000000, 0x00000000ac000000, 0x00000000ad000000|  0%| F|  |TAMS 0x00000000ac000000, 0x00000000ac000000| Untracked 
|  43|0x00000000ad000000, 0x00000000ad000000, 0x00000000ae000000|  0%| F|  |TAMS 0x00000000ad000000, 0x00000000ad000000| Untracked 
|  44|0x00000000ae000000, 0x00000000ae000000, 0x00000000af000000|  0%| F|  |TAMS 0x00000000ae000000, 0x00000000ae000000| Untracked 
|  45|0x00000000af000000, 0x00000000af000000, 0x00000000b0000000|  0%| F|  |TAMS 0x00000000af000000, 0x00000000af000000| Untracked 
|  46|0x00000000b0000000, 0x00000000b0000000, 0x00000000b1000000|  0%| F|  |TAMS 0x00000000b0000000, 0x00000000b0000000| Untracked 
|  47|0x00000000b1000000, 0x00000000b1000000, 0x00000000b2000000|  0%| F|  |TAMS 0x00000000b1000000, 0x00000000b1000000| Untracked 
|  48|0x00000000b2000000, 0x00000000b2000000, 0x00000000b3000000|  0%| F|  |TAMS 0x00000000b2000000, 0x00000000b2000000| Untracked 
|  49|0x00000000b3000000, 0x00000000b3000000, 0x00000000b4000000|  0%| F|  |TAMS 0x00000000b3000000, 0x00000000b3000000| Untracked 
|  50|0x00000000b4000000, 0x00000000b4000000, 0x00000000b5000000|  0%| F|  |TAMS 0x00000000b4000000, 0x00000000b4000000| Untracked 
|  51|0x00000000b5000000, 0x00000000b53d2bd8, 0x00000000b6000000| 23%| S|CS|TAMS 0x00000000b5000000, 0x00000000b5000000| Complete 
|  52|0x00000000b6000000, 0x00000000b6000000, 0x00000000b7000000|  0%| F|  |TAMS 0x00000000b6000000, 0x00000000b6000000| Untracked 
|  53|0x00000000b7000000, 0x00000000b7000000, 0x00000000b8000000|  0%| F|  |TAMS 0x00000000b7000000, 0x00000000b7000000| Untracked 
|  54|0x00000000b8000000, 0x00000000b8000000, 0x00000000b9000000|  0%| F|  |TAMS 0x00000000b8000000, 0x00000000b8000000| Untracked 
|  55|0x00000000b9000000, 0x00000000b9000000, 0x00000000ba000000|  0%| F|  |TAMS 0x00000000b9000000, 0x00000000b9000000| Untracked 
|  56|0x00000000ba000000, 0x00000000ba000000, 0x00000000bb000000|  0%| F|  |TAMS 0x00000000ba000000, 0x00000000ba000000| Untracked 
|  57|0x00000000bb000000, 0x00000000bb000000, 0x00000000bc000000|  0%| F|  |TAMS 0x00000000bb000000, 0x00000000bb000000| Untracked 
|  58|0x00000000bc000000, 0x00000000bc000000, 0x00000000bd000000|  0%| F|  |TAMS 0x00000000bc000000, 0x00000000bc000000| Untracked 
|  59|0x00000000bd000000, 0x00000000bd000000, 0x00000000be000000|  0%| F|  |TAMS 0x00000000bd000000, 0x00000000bd000000| Untracked 
|  60|0x00000000be000000, 0x00000000be000000, 0x00000000bf000000|  0%| F|  |TAMS 0x00000000be000000, 0x00000000be000000| Untracked 
|  61|0x00000000bf000000, 0x00000000bf000000, 0x00000000c0000000|  0%| F|  |TAMS 0x00000000bf000000, 0x00000000bf000000| Untracked 
|  62|0x00000000c0000000, 0x00000000c0000000, 0x00000000c1000000|  0%| F|  |TAMS 0x00000000c0000000, 0x00000000c0000000| Untracked 
|  63|0x00000000c1000000, 0x00000000c1000000, 0x00000000c2000000|  0%| F|  |TAMS 0x00000000c1000000, 0x00000000c1000000| Untracked 
|  64|0x00000000c2000000, 0x00000000c2000000, 0x00000000c3000000|  0%| F|  |TAMS 0x00000000c2000000, 0x00000000c2000000| Untracked 
|  65|0x00000000c3000000, 0x00000000c3000000, 0x00000000c4000000|  0%| F|  |TAMS 0x00000000c3000000, 0x00000000c3000000| Untracked 
|  66|0x00000000c4000000, 0x00000000c4000000, 0x00000000c5000000|  0%| F|  |TAMS 0x00000000c4000000, 0x00000000c4000000| Untracked 
|  67|0x00000000c5000000, 0x00000000c5000000, 0x00000000c6000000|  0%| F|  |TAMS 0x00000000c5000000, 0x00000000c5000000| Untracked 
|  68|0x00000000c6000000, 0x00000000c6000000, 0x00000000c7000000|  0%| F|  |TAMS 0x00000000c6000000, 0x00000000c6000000| Untracked 
|  69|0x00000000c7000000, 0x00000000c7000000, 0x00000000c8000000|  0%| F|  |TAMS 0x00000000c7000000, 0x00000000c7000000| Untracked 
|  70|0x00000000c8000000, 0x00000000c8000000, 0x00000000c9000000|  0%| F|  |TAMS 0x00000000c8000000, 0x00000000c8000000| Untracked 
|  71|0x00000000c9000000, 0x00000000c9000000, 0x00000000ca000000|  0%| F|  |TAMS 0x00000000c9000000, 0x00000000c9000000| Untracked 
|  72|0x00000000ca000000, 0x00000000ca000000, 0x00000000cb000000|  0%| F|  |TAMS 0x00000000ca000000, 0x00000000ca000000| Untracked 
|  73|0x00000000cb000000, 0x00000000cb000000, 0x00000000cc000000|  0%| F|  |TAMS 0x00000000cb000000, 0x00000000cb000000| Untracked 
|  74|0x00000000cc000000, 0x00000000cc000000, 0x00000000cd000000|  0%| F|  |TAMS 0x00000000cc000000, 0x00000000cc000000| Untracked 
|  75|0x00000000cd000000, 0x00000000cd000000, 0x00000000ce000000|  0%| F|  |TAMS 0x00000000cd000000, 0x00000000cd000000| Untracked 
|  76|0x00000000ce000000, 0x00000000ce000000, 0x00000000cf000000|  0%| F|  |TAMS 0x00000000ce000000, 0x00000000ce000000| Untracked 
|  77|0x00000000cf000000, 0x00000000cf000000, 0x00000000d0000000|  0%| F|  |TAMS 0x00000000cf000000, 0x00000000cf000000| Untracked 
|  78|0x00000000d0000000, 0x00000000d0000000, 0x00000000d1000000|  0%| F|  |TAMS 0x00000000d0000000, 0x00000000d0000000| Untracked 
|  79|0x00000000d1000000, 0x00000000d1000000, 0x00000000d2000000|  0%| F|  |TAMS 0x00000000d1000000, 0x00000000d1000000| Untracked 
|  80|0x00000000d2000000, 0x00000000d2000000, 0x00000000d3000000|  0%| F|  |TAMS 0x00000000d2000000, 0x00000000d2000000| Untracked 
|  81|0x00000000d3000000, 0x00000000d3000000, 0x00000000d4000000|  0%| F|  |TAMS 0x00000000d3000000, 0x00000000d3000000| Untracked 
|  82|0x00000000d4000000, 0x00000000d4000000, 0x00000000d5000000|  0%| F|  |TAMS 0x00000000d4000000, 0x00000000d4000000| Untracked 
|  83|0x00000000d5000000, 0x00000000d5000000, 0x00000000d6000000|  0%| F|  |TAMS 0x00000000d5000000, 0x00000000d5000000| Untracked 
|  84|0x00000000d6000000, 0x00000000d6000000, 0x00000000d7000000|  0%| F|  |TAMS 0x00000000d6000000, 0x00000000d6000000| Untracked 
|  85|0x00000000d7000000, 0x00000000d7000000, 0x00000000d8000000|  0%| F|  |TAMS 0x00000000d7000000, 0x00000000d7000000| Untracked 
|  86|0x00000000d8000000, 0x00000000d8000000, 0x00000000d9000000|  0%| F|  |TAMS 0x00000000d8000000, 0x00000000d8000000| Untracked 
|  87|0x00000000d9000000, 0x00000000d9000000, 0x00000000da000000|  0%| F|  |TAMS 0x00000000d9000000, 0x00000000d9000000| Untracked 
|  88|0x00000000da000000, 0x00000000da000000, 0x00000000db000000|  0%| F|  |TAMS 0x00000000da000000, 0x00000000da000000| Untracked 
|  89|0x00000000db000000, 0x00000000db000000, 0x00000000dc000000|  0%| F|  |TAMS 0x00000000db000000, 0x00000000db000000| Untracked 
|  90|0x00000000dc000000, 0x00000000dc000000, 0x00000000dd000000|  0%| F|  |TAMS 0x00000000dc000000, 0x00000000dc000000| Untracked 
|  91|0x00000000dd000000, 0x00000000dd000000, 0x00000000de000000|  0%| F|  |TAMS 0x00000000dd000000, 0x00000000dd000000| Untracked 
|  92|0x00000000de000000, 0x00000000de000000, 0x00000000df000000|  0%| F|  |TAMS 0x00000000de000000, 0x00000000de000000| Untracked 
|  93|0x00000000df000000, 0x00000000df000000, 0x00000000e0000000|  0%| F|  |TAMS 0x00000000df000000, 0x00000000df000000| Untracked 
|  94|0x00000000e0000000, 0x00000000e0000000, 0x00000000e1000000|  0%| F|  |TAMS 0x00000000e0000000, 0x00000000e0000000| Untracked 
|  95|0x00000000e1000000, 0x00000000e1000000, 0x00000000e2000000|  0%| F|  |TAMS 0x00000000e1000000, 0x00000000e1000000| Untracked 
|  96|0x00000000e2000000, 0x00000000e2000000, 0x00000000e3000000|  0%| F|  |TAMS 0x00000000e2000000, 0x00000000e2000000| Untracked 
|  97|0x00000000e3000000, 0x00000000e3000000, 0x00000000e4000000|  0%| F|  |TAMS 0x00000000e3000000, 0x00000000e3000000| Untracked 
|  98|0x00000000e4000000, 0x00000000e4000000, 0x00000000e5000000|  0%| F|  |TAMS 0x00000000e4000000, 0x00000000e4000000| Untracked 
|  99|0x00000000e5000000, 0x00000000e5000000, 0x00000000e6000000|  0%| F|  |TAMS 0x00000000e5000000, 0x00000000e5000000| Untracked 
| 100|0x00000000e6000000, 0x00000000e6000000, 0x00000000e7000000|  0%| F|  |TAMS 0x00000000e6000000, 0x00000000e6000000| Untracked 
| 101|0x00000000e7000000, 0x00000000e7000000, 0x00000000e8000000|  0%| F|  |TAMS 0x00000000e7000000, 0x00000000e7000000| Untracked 
| 102|0x00000000e8000000, 0x00000000e8000000, 0x00000000e9000000|  0%| F|  |TAMS 0x00000000e8000000, 0x00000000e8000000| Untracked 
| 103|0x00000000e9000000, 0x00000000e9000000, 0x00000000ea000000|  0%| F|  |TAMS 0x00000000e9000000, 0x00000000e9000000| Untracked 
| 104|0x00000000ea000000, 0x00000000ea000000, 0x00000000eb000000|  0%| F|  |TAMS 0x00000000ea000000, 0x00000000ea000000| Untracked 
| 105|0x00000000eb000000, 0x00000000eb000000, 0x00000000ec000000|  0%| F|  |TAMS 0x00000000eb000000, 0x00000000eb000000| Untracked 
| 106|0x00000000ec000000, 0x00000000ec000000, 0x00000000ed000000|  0%| F|  |TAMS 0x00000000ec000000, 0x00000000ec000000| Untracked 
| 107|0x00000000ed000000, 0x00000000ed000000, 0x00000000ee000000|  0%| F|  |TAMS 0x00000000ed000000, 0x00000000ed000000| Untracked 
| 108|0x00000000ee000000, 0x00000000ee000000, 0x00000000ef000000|  0%| F|  |TAMS 0x00000000ee000000, 0x00000000ee000000| Untracked 
| 109|0x00000000ef000000, 0x00000000ef000000, 0x00000000f0000000|  0%| F|  |TAMS 0x00000000ef000000, 0x00000000ef000000| Untracked 
| 110|0x00000000f0000000, 0x00000000f0000000, 0x00000000f1000000|  0%| F|  |TAMS 0x00000000f0000000, 0x00000000f0000000| Untracked 
| 111|0x00000000f1000000, 0x00000000f1000000, 0x00000000f2000000|  0%| F|  |TAMS 0x00000000f1000000, 0x00000000f1000000| Untracked 
| 112|0x00000000f2000000, 0x00000000f2000000, 0x00000000f3000000|  0%| F|  |TAMS 0x00000000f2000000, 0x00000000f2000000| Untracked 
| 113|0x00000000f3000000, 0x00000000f3000000, 0x00000000f4000000|  0%| F|  |TAMS 0x00000000f3000000, 0x00000000f3000000| Untracked 
| 114|0x00000000f4000000, 0x00000000f4000000, 0x00000000f5000000|  0%| F|  |TAMS 0x00000000f4000000, 0x00000000f4000000| Untracked 
| 115|0x00000000f5000000, 0x00000000f5000000, 0x00000000f6000000|  0%| F|  |TAMS 0x00000000f5000000, 0x00000000f5000000| Untracked 
| 116|0x00000000f6000000, 0x00000000f6000000, 0x00000000f7000000|  0%| F|  |TAMS 0x00000000f6000000, 0x00000000f6000000| Untracked 
| 117|0x00000000f7000000, 0x00000000f7000000, 0x00000000f8000000|  0%| F|  |TAMS 0x00000000f7000000, 0x00000000f7000000| Untracked 
| 118|0x00000000f8000000, 0x00000000f8000000, 0x00000000f9000000|  0%| F|  |TAMS 0x00000000f8000000, 0x00000000f8000000| Untracked 
| 119|0x00000000f9000000, 0x00000000f9000000, 0x00000000fa000000|  0%| F|  |TAMS 0x00000000f9000000, 0x00000000f9000000| Untracked 
| 120|0x00000000fa000000, 0x00000000fa000000, 0x00000000fb000000|  0%| F|  |TAMS 0x00000000fa000000, 0x00000000fa000000| Untracked 
| 121|0x00000000fb000000, 0x00000000fb000000, 0x00000000fc000000|  0%| F|  |TAMS 0x00000000fb000000, 0x00000000fb000000| Untracked 
| 122|0x00000000fc000000, 0x00000000fc000000, 0x00000000fd000000|  0%| F|  |TAMS 0x00000000fc000000, 0x00000000fc000000| Untracked 
| 123|0x00000000fd000000, 0x00000000fd000000, 0x00000000fe000000|  0%| F|  |TAMS 0x00000000fd000000, 0x00000000fd000000| Untracked 
| 124|0x00000000fe000000, 0x00000000fe000000, 0x00000000ff000000|  0%| F|  |TAMS 0x00000000fe000000, 0x00000000fe000000| Untracked 
| 125|0x00000000ff000000, 0x0000000100000000, 0x0000000100000000|100%| E|  |TAMS 0x00000000ff000000, 0x00000000ff000000| Complete 
| 126|0x0000000100000000, 0x0000000101000000, 0x0000000101000000|100%| E|CS|TAMS 0x0000000100000000, 0x0000000100000000| Complete 
| 127|0x0000000101000000, 0x0000000102000000, 0x0000000102000000|100%| E|CS|TAMS 0x0000000101000000, 0x0000000101000000| Complete 
|1916|0x00000007fe000000, 0x00000007fef75000, 0x00000007ff000000| 96%|OA|  |TAMS 0x00000007fe000000, 0x00000007fe000000| Untracked 
|1917|0x00000007ff000000, 0x00000007ff078000, 0x0000000800000000|  2%|CA|  |TAMS 0x00000007ff000000, 0x00000007ff000000| Untracked 

Card table byte_map: [0x00007fd751c1e000,0x00007fd75580e000] _byte_map_base: 0x00007fd75180e000

Marking Bits (Prev, Next): (CMBitMap*) 0x00007fd770068b50, (CMBitMap*) 0x00007fd770068b90
 Prev Bits: [0x00007fd7300ae000, 0x00007fd74e02e000)
 Next Bits: [0x00007fd71212e000, 0x00007fd7300ae000)

Polling page: 0x00007fd7797a5000

Metaspace:

Usage:
  Non-class:      7.19 MB used.
      Class:    888.75 KB used.
       Both:      8.05 MB used.

Virtual space:
  Non-class space:       64.00 MB reserved,       7.31 MB ( 11%) committed,  1 nodes.
      Class space:        1.00 GB reserved,       1.00 MB ( <1%) committed,  1 nodes.
             Both:        1.06 GB reserved,       8.31 MB ( <1%) committed. 

Chunk freelists:
   Non-Class:  7.95 MB
       Class:  14.94 MB
        Both:  22.89 MB

MaxMetaspaceSize: unlimited
CompressedClassSpaceSize: 1.00 GB
Initial GC threshold: 21.00 MB
Current GC threshold: 21.00 MB
CDS: on
MetaspaceReclaimPolicy: balanced
 - commit_granule_bytes: 65536.
 - commit_granule_words: 8192.
 - virtual_space_node_default_size: 8388608.
 - enlarge_chunks_in_place: 1.
 - new_chunks_are_fully_committed: 0.
 - uncommit_free_chunks: 1.
 - use_allocation_guard: 0.
 - handle_deallocations: 1.


Internal statistics:

num_allocs_failed_limit: 0.
num_arena_births: 232.
num_arena_deaths: 0.
num_vsnodes_births: 2.
num_vsnodes_deaths: 0.
num_space_committed: 133.
num_space_uncommitted: 0.
num_chunks_returned_to_freelist: 0.
num_chunks_taken_from_freelist: 511.
num_chunk_merges: 0.
num_chunk_splits: 276.
num_chunks_enlarged: 117.
num_inconsistent_stats: 0.

CodeHeap 'non-profiled nmethods': size=119168Kb used=2537Kb max_used=2537Kb free=116630Kb
 bounds [0x00007fd760f9e000, 0x00007fd76121e000, 0x00007fd7683fe000]
CodeHeap 'profiled nmethods': size=119164Kb used=6235Kb max_used=6235Kb free=112928Kb
 bounds [0x00007fd7593fe000, 0x00007fd759a1e000, 0x00007fd76085d000]
CodeHeap 'non-nmethods': size=7428Kb used=1748Kb max_used=2970Kb free=5679Kb
 bounds [0x00007fd76085d000, 0x00007fd760b4d000, 0x00007fd760f9e000]
 total_blobs=3517 nmethods=3042 adapters=387
 compilation: enabled
              stopped_count=0, restarted_count=0
 full_count=0

Compilation events (20 events):
Event: 26.008 Thread 0x00007fd77021c990 3048       4       java.lang.Class::getMethodsRecursive (99 bytes)
Event: 26.027 Thread 0x00007fd690206700 3050       3       java.lang.Character::<init> (10 bytes)
Event: 26.027 Thread 0x00007fd690206700 nmethod 3050 0x00007fd759a10410 code [0x00007fd759a105c0, 0x00007fd759a10730]
Event: 26.028 Thread 0x00007fd690206700 3051       3       java.util.HashMap::afterNodeRemoval (1 bytes)
Event: 26.028 Thread 0x00007fd690206700 nmethod 3051 0x00007fd759a10810 code [0x00007fd759a109a0, 0x00007fd759a10ab0]
Event: 26.052 Thread 0x00007fd690206700 3052       3       org.apache.commons.beanutils.ConvertUtilsBean::<init> (125 bytes)
Event: 26.052 Thread 0x00007fd690206700 nmethod 3052 0x00007fd759a10b10 code [0x00007fd759a10e40, 0x00007fd759a12300]
Event: 26.053 Thread 0x00007fd690206700 3053       3       org.apache.commons.beanutils.BeanUtilsBean::<init> (24 bytes)
Event: 26.053 Thread 0x00007fd690206700 nmethod 3053 0x00007fd759a12a10 code [0x00007fd759a12c00, 0x00007fd759a130e0]
Event: 26.086 Thread 0x00007fd690206700 3054       3       jdk.internal.reflect.ByteVectorImpl::put (27 bytes)
Event: 26.087 Thread 0x00007fd690206700 nmethod 3054 0x00007fd759a13310 code [0x00007fd759a134c0, 0x00007fd759a13680]
Event: 26.087 Thread 0x00007fd690206700 3055       3       junit.framework.Assert::assertEquals (29 bytes)
Event: 26.087 Thread 0x00007fd690206700 nmethod 3055 0x00007fd759a13790 code [0x00007fd759a13980, 0x00007fd759a13ed0]
Event: 26.115 Thread 0x00007fd77021c990 nmethod 3048 0x00007fd761212c90 code [0x00007fd761213040, 0x00007fd761216458]
Event: 26.115 Thread 0x00007fd77021c990 3056       4       java.lang.Number::<init> (5 bytes)
Event: 26.115 Thread 0x00007fd77021c990 nmethod 3056 0x00007fd761218110 code [0x00007fd761218280, 0x00007fd7612182f8]
Event: 26.115 Thread 0x00007fd77021c990 3049       4       java.util.Calendar::internalGet (7 bytes)
Event: 26.116 Thread 0x00007fd77021c990 nmethod 3049 0x00007fd761218410 code [0x00007fd7612185a0, 0x00007fd761218658]
Event: 26.462 Thread 0x00007fd690206700 3057       3       java.util.WeakHashMap::get (75 bytes)
Event: 26.463 Thread 0x00007fd690206700 nmethod 3057 0x00007fd759a14090 code [0x00007fd759a142c0, 0x00007fd759a14b70]

GC Heap History (8 events):
Event: 5.952 GC heap before
{Heap before GC invocations=0 (full 0):
 garbage-first heap   total 2129920K, used 114612K [0x0000000082000000, 0x0000000800000000)
  region size 16384K, 6 young (98304K), 0 survivors (0K)
 Metaspace       used 6930K, committed 7168K, reserved 1114112K
  class space    used 799K, committed 896K, reserved 1048576K
}
Event: 5.970 GC heap after
{Heap after GC invocations=1 (full 0):
 garbage-first heap   total 2129920K, used 19530K [0x0000000082000000, 0x0000000800000000)
  region size 16384K, 1 young (16384K), 1 survivors (16384K)
 Metaspace       used 6930K, committed 7168K, reserved 1114112K
  class space    used 799K, committed 896K, reserved 1048576K
}
Event: 12.077 GC heap before
{Heap before GC invocations=1 (full 0):
 garbage-first heap   total 2129920K, used 101450K [0x0000000082000000, 0x0000000800000000)
  region size 16384K, 6 young (98304K), 1 survivors (16384K)
 Metaspace       used 7327K, committed 7552K, reserved 1114112K
  class space    used 823K, committed 896K, reserved 1048576K
}
Event: 12.089 GC heap after
{Heap after GC invocations=2 (full 0):
 garbage-first heap   total 2129920K, used 19549K [0x0000000082000000, 0x0000000800000000)
  region size 16384K, 1 young (16384K), 1 survivors (16384K)
 Metaspace       used 7327K, committed 7552K, reserved 1114112K
  class space    used 823K, committed 896K, reserved 1048576K
}
Event: 17.529 GC heap before
{Heap before GC invocations=2 (full 0):
 garbage-first heap   total 2129920K, used 216157K [0x0000000082000000, 0x0000000800000000)
  region size 16384K, 13 young (212992K), 1 survivors (16384K)
 Metaspace       used 7914K, committed 8128K, reserved 1114112K
  class space    used 863K, committed 960K, reserved 1048576K
}
Event: 17.569 GC heap after
{Heap after GC invocations=3 (full 0):
 garbage-first heap   total 2129920K, used 19737K [0x0000000082000000, 0x0000000800000000)
  region size 16384K, 1 young (16384K), 1 survivors (16384K)
 Metaspace       used 7914K, committed 8128K, reserved 1114112K
  class space    used 863K, committed 960K, reserved 1048576K
}
Event: 26.315 GC heap before
{Heap before GC invocations=3 (full 0):
 garbage-first heap   total 2129920K, used 1248537K [0x0000000082000000, 0x0000000800000000)
  region size 16384K, 76 young (1245184K), 1 survivors (16384K)
 Metaspace       used 8243K, committed 8512K, reserved 1114112K
  class space    used 888K, committed 1024K, reserved 1048576K
}
Event: 26.340 GC heap after
{Heap after GC invocations=4 (full 0):
 garbage-first heap   total 2129920K, used 20222K [0x0000000082000000, 0x0000000800000000)
  region size 16384K, 1 young (16384K), 1 survivors (16384K)
 Metaspace       used 8243K, committed 8512K, reserved 1114112K
  class space    used 888K, committed 1024K, reserved 1048576K
}

Dll operation events (12 events):
Event: 0.023 Loaded shared library /sfs/gpfs/tardis/applications/202512/software/standard/core/java/17/lib/libjava.so
Event: 0.026 Loaded shared library /sfs/gpfs/tardis/applications/202512/software/standard/core/java/17/lib/libzip.so
Event: 0.087 Loaded shared library /sfs/gpfs/tardis/applications/202512/software/standard/core/java/17/lib/libjsvml.so
Event: 0.127 Loaded shared library /sfs/gpfs/tardis/applications/202512/software/standard/core/java/17/lib/libinstrument.so
Event: 0.131 Loaded shared library /sfs/gpfs/tardis/applications/202512/software/standard/core/java/17/lib/libnio.so
Event: 0.133 Loaded shared library /sfs/gpfs/tardis/applications/202512/software/standard/core/java/17/lib/libzip.so
Event: 0.146 Loaded shared library /sfs/gpfs/tardis/applications/202512/software/standard/core/java/17/lib/libjimage.so
Event: 0.368 Loaded shared library /sfs/gpfs/tardis/applications/202512/software/standard/core/java/17/lib/libverify.so
Event: 0.375 Loaded shared library /sfs/gpfs/tardis/applications/202512/software/standard/core/java/17/lib/libnet.so
Event: 0.388 Loaded shared library /sfs/gpfs/tardis/applications/202512/software/standard/core/java/17/lib/libextnet.so
Event: 0.406 Loaded shared library /sfs/gpfs/tardis/applications/202512/software/standard/core/java/17/lib/libmanagement.so
Event: 0.408 Loaded shared library /sfs/gpfs/tardis/applications/202512/software/standard/core/java/17/lib/libmanagement_ext.so

Deoptimization events (20 events):
Event: 25.909 Thread 0x00007fd680044350 DEOPT PACKING pc=0x00007fd761152284 sp=0x00007fd6b6523300
Event: 25.909 Thread 0x00007fd680044350 DEOPT UNPACKING pc=0x00007fd7608b6b19 sp=0x00007fd6b65231b0 mode 2
Event: 25.909 Thread 0x00007fd680044350 Uncommon trap: trap_request=0xffffffde fr.pc=0x00007fd761152284 relative=0x0000000000000444
Event: 25.909 Thread 0x00007fd680044350 Uncommon trap: reason=class_check action=maybe_recompile pc=0x00007fd761152284 method=org.apache.commons.logging.impl.WeakHashtable$Referenced.equals(Ljava/lang/Object;)Z @ 70 c2
Event: 25.909 Thread 0x00007fd680044350 DEOPT PACKING pc=0x00007fd761152284 sp=0x00007fd6b6523300
Event: 25.909 Thread 0x00007fd680044350 DEOPT UNPACKING pc=0x00007fd7608b6b19 sp=0x00007fd6b65231b0 mode 2
Event: 25.909 Thread 0x00007fd680044350 Uncommon trap: trap_request=0xffffffde fr.pc=0x00007fd7611303f0 relative=0x0000000000000690
Event: 25.909 Thread 0x00007fd680044350 Uncommon trap: reason=class_check action=maybe_recompile pc=0x00007fd7611303f0 method=org.apache.commons.logging.impl.WeakHashtable$Referenced.equals(Ljava/lang/Object;)Z @ 70 c2
Event: 25.909 Thread 0x00007fd680044350 DEOPT PACKING pc=0x00007fd7611303f0 sp=0x00007fd6b6523270
Event: 25.909 Thread 0x00007fd680044350 DEOPT UNPACKING pc=0x00007fd7608b6b19 sp=0x00007fd6b65231a0 mode 2
Event: 25.909 Thread 0x00007fd680044350 Uncommon trap: trap_request=0xffffff45 fr.pc=0x00007fd761187ef8 relative=0x00000000000008b8
Event: 25.909 Thread 0x00007fd680044350 Uncommon trap: reason=unstable_if action=reinterpret pc=0x00007fd761187ef8 method=java.util.Hashtable.addEntry(ILjava/lang/Object;Ljava/lang/Object;I)V @ 14 c2
Event: 25.909 Thread 0x00007fd680044350 DEOPT PACKING pc=0x00007fd761187ef8 sp=0x00007fd6b65233e0
Event: 25.909 Thread 0x00007fd680044350 DEOPT UNPACKING pc=0x00007fd7608b6b19 sp=0x00007fd6b65232f8 mode 2
Event: 26.269 Thread 0x00007fd770446e40 DEOPT PACKING pc=0x00007fd7599ca431 sp=0x00007fd6b6522680
Event: 26.269 Thread 0x00007fd770446e40 DEOPT UNPACKING pc=0x00007fd7608b764f sp=0x00007fd6b6521bf8 mode 0
Event: 26.341 Thread 0x00007fd770446e40 Uncommon trap: trap_request=0xffffff45 fr.pc=0x00007fd7611aefc0 relative=0x0000000000000280
Event: 26.341 Thread 0x00007fd770446e40 Uncommon trap: reason=unstable_if action=reinterpret pc=0x00007fd7611aefc0 method=java.util.WeakHashMap.matchesKey(Ljava/util/WeakHashMap$Entry;Ljava/lang/Object;)Z @ 16 c2
Event: 26.341 Thread 0x00007fd770446e40 DEOPT PACKING pc=0x00007fd7611aefc0 sp=0x00007fd6b65225e0
Event: 26.341 Thread 0x00007fd770446e40 DEOPT UNPACKING pc=0x00007fd7608b6b19 sp=0x00007fd6b6522510 mode 2

Classes loaded (20 events):
Event: 25.756 Loading class org/apache/commons/beanutils/PrimitiveBeanCustomizer
Event: 25.756 Loading class org/apache/commons/beanutils/PrimitiveBeanCustomizer done
Event: 25.767 Loading class org/apache/commons/beanutils/PrimitiveBeanCustomizer
Event: 25.767 Loading class org/apache/commons/beanutils/PrimitiveBeanCustomizer done
Event: 25.769 Loading class org/apache/commons/beanutils/PrimitiveBeanCustomizer
Event: 25.769 Loading class org/apache/commons/beanutils/PrimitiveBeanCustomizer done
Event: 25.769 Loading class org/apache/commons/beanutils/BeanificationTestCase$2
Event: 25.769 Loading class org/apache/commons/beanutils/BeanificationTestCase$2 done
Event: 25.769 Loading class org/apache/commons/beanutils/BeanificationTestCase$Signal
Event: 25.769 Loading class org/apache/commons/beanutils/BeanificationTestCase$Signal done
Event: 25.802 Loading class org/apache/commons/beanutils/BeanificationTestCase$1TestIndependenceThread
Event: 25.802 Loading class org/apache/commons/beanutils/BeanificationTestCase$1TestIndependenceThread done
Event: 25.834 Loading class org/apache/commons/beanutils/BeanificationTestCase$1TestIndependenceThread$1
Event: 25.834 Loading class org/apache/commons/beanutils/BeanificationTestCase$1TestIndependenceThread$1 done
Event: 25.883 Loading class org/apache/commons/logging/impl/LogFactoryImpl$3
Event: 25.883 Loading class org/apache/commons/logging/impl/LogFactoryImpl$3 done
Event: 25.898 Loading class org/apache/log4j/Priority
Event: 25.898 Loading class org/apache/log4j/Priority done
Event: 26.269 Loading class org/apache/commons/beanutils/ThrowExceptionConverter
Event: 26.269 Loading class org/apache/commons/beanutils/ThrowExceptionConverter done

Classes unloaded (0 events):
No events

Classes redefined (7 events):
Event: 4.784 Thread 0x00007fd77020ec30 redefined class name=org.apache.commons.beanutils.DefaultIntrospectionContext, count=1
Event: 5.126 Thread 0x00007fd77020ec30 redefined class name=org.apache.commons.beanutils.DefaultIntrospectionContext, count=2
Event: 5.143 Thread 0x00007fd77020ec30 redefined class name=org.apache.commons.beanutils.DefaultIntrospectionContext, count=3
Event: 5.261 Thread 0x00007fd77020ec30 redefined class name=org.apache.commons.beanutils.DefaultIntrospectionContext, count=4
Event: 5.275 Thread 0x00007fd77020ec30 redefined class name=org.apache.commons.beanutils.DefaultIntrospectionContext, count=5
Event: 16.418 Thread 0x00007fd77020ec30 redefined class name=org.apache.commons.beanutils.DefaultIntrospectionContext, count=6
Event: 16.482 Thread 0x00007fd77020ec30 redefined class name=org.apache.commons.beanutils.DefaultIntrospectionContext, count=7

Internal exceptions (20 events):
Event: 24.966 Thread 0x00007fd770446e40 Exception <a 'java/lang/ClassNotFoundException'{0x00000000c9057aa0}: java/lang/ExceptionBeanInfo> (0x00000000c9057aa0) 
thrown [src/hotspot/share/classfile/systemDictionary.cpp, line 256]
Event: 24.966 Thread 0x00007fd770446e40 Exception <a 'java/lang/ClassNotFoundException'{0x00000000c90587a8}: java/lang/ThrowableBeanInfo> (0x00000000c90587a8) 
thrown [src/hotspot/share/classfile/systemDictionary.cpp, line 256]
Event: 24.966 Thread 0x00007fd770446e40 Exception <a 'java/lang/ClassNotFoundException'{0x00000000c9059480}: java/lang/ThrowableCustomizer> (0x00000000c9059480) 
thrown [src/hotspot/share/classfile/systemDictionary.cpp, line 256]
Event: 24.966 Thread 0x00007fd770446e40 Exception <a 'java/lang/ClassNotFoundException'{0x00000000c9061950}: java/lang/ExceptionCustomizer> (0x00000000c9061950) 
thrown [src/hotspot/share/classfile/systemDictionary.cpp, line 256]
Event: 25.010 Thread 0x00007fd770446e40 Exception <a 'java/lang/ClassNotFoundException'{0x00000000c96311d8}: org/apache/commons/beanutils/AlphaBeanBeanInfo> (0x00000000c96311d8) 
thrown [src/hotspot/share/classfile/systemDictionary.cpp, line 256]
Event: 25.065 Thread 0x00007fd770446e40 Exception <a 'java/lang/ClassNotFoundException'{0x00000000c96344c0}: org/apache/commons/beanutils/AbstractParentBeanInfo> (0x00000000c96344c0) 
thrown [src/hotspot/share/classfile/systemDictionary.cpp, line 256]
Event: 25.101 Thread 0x00007fd770446e40 Exception <a 'java/lang/ClassNotFoundException'{0x00000000c9637798}: org/apache/commons/beanutils/AbstractParentCustomizer> (0x00000000c9637798) 
thrown [src/hotspot/share/classfile/systemDictionary.cpp, line 256]
Event: 25.181 Thread 0x00007fd770446e40 Exception <a 'java/lang/ClassNotFoundException'{0x00000000c963e2e8}: org/apache/commons/beanutils/AlphaBeanCustomizer> (0x00000000c963e2e8) 
thrown [src/hotspot/share/classfile/systemDictionary.cpp, line 256]
Event: 25.198 Thread 0x00007fd770446e40 Exception <a 'java/lang/ClassNotFoundException'{0x00000000c8013160}: org/apache/commons/beanutils/IndexedTestBeanBeanInfo> (0x00000000c8013160) 
thrown [src/hotspot/share/classfile/systemDictionary.cpp, line 256]
Event: 25.199 Thread 0x00007fd770446e40 Exception <a 'java/lang/ClassNotFoundException'{0x00000000c8016438}: org/apache/commons/beanutils/IndexedTestBeanCustomizer> (0x00000000c8016438) 
thrown [src/hotspot/share/classfile/systemDictionary.cpp, line 256]
Event: 25.201 Thread 0x00007fd770446e40 Exception <a 'java/lang/ClassNotFoundException'{0x00000000c860d438}: org/apache/commons/beanutils/bugs/other/Jira492IndexedListsSupport$IndexedBeanBeanInfo> (0x00000000c860d438) 
thrown [src/hotspot/share/classfile/systemDictionary.cpp, line 256]
Event: 25.204 Thread 0x00007fd770446e40 Exception <a 'java/lang/ClassNotFoundException'{0x00000000c8610fa8}: org/apache/commons/beanutils/bugs/other/Jira492IndexedListsSupport$IndexedBeanCustomizer> (0x00000000c8610fa8) 
thrown [src/hotspot/share/classfile/systemDictionary.cpp, line 256]
Event: 25.215 Thread 0x00007fd770446e40 Exception <a 'java/lang/ClassNotFoundException'{0x00000000c70305a0}: org/apache/commons/beanutils/bugs/Jira157TestCase$1BeanInfo> (0x00000000c70305a0) 
thrown [src/hotspot/share/classfile/systemDictionary.cpp, line 256]
Event: 25.216 Thread 0x00007fd770446e40 Exception <a 'java/lang/ClassNotFoundException'{0x00000000c7033930}: org/apache/commons/beanutils/bugs/Jira157TestCase$1Customizer> (0x00000000c7033930) 
thrown [src/hotspot/share/classfile/systemDictionary.cpp, line 256]
Event: 25.481 Thread 0x00007fd770446e40 Exception <a 'java/lang/ClassNotFoundException'{0x00000000c06316b0}: org/apache/commons/beanutils/bugs/Jira359TestCase$SimplePojoDataBeanInfo> (0x00000000c06316b0) 
thrown [src/hotspot/share/classfile/systemDictionary.cpp, line 256]
Event: 25.526 Thread 0x00007fd770446e40 Exception <a 'java/lang/ClassNotFoundException'{0x00000000c0634b38}: org/apache/commons/beanutils/bugs/Jira359TestCase$SimplePojoDataCustomizer> (0x00000000c0634b38) 
thrown [src/hotspot/share/classfile/systemDictionary.cpp, line 256]
Event: 25.662 Thread 0x00007fd770446e40 Implicit null exception at 0x00007fd7611ff636 to 0x00007fd761201e1c
Event: 25.755 Thread 0x00007fd770446e40 Exception <a 'java/lang/ClassNotFoundException'{0x00000000bb645610}: org/apache/commons/beanutils/PrimitiveBeanBeanInfo> (0x00000000bb645610) 
thrown [src/hotspot/share/classfile/systemDictionary.cpp, line 256]
Event: 25.769 Thread 0x00007fd770446e40 Exception <a 'java/lang/ClassNotFoundException'{0x00000000bb6488c8}: org/apache/commons/beanutils/PrimitiveBeanCustomizer> (0x00000000bb6488c8) 
thrown [src/hotspot/share/classfile/systemDictionary.cpp, line 256]
Event: 25.909 Thread 0x00007fd680044350 Exception <a 'java/lang/NoClassDefFoundError'{0x00000000bbc087f8}: org/apache/log4j/Priority> (0x00000000bbc087f8) 
thrown [src/hotspot/share/classfile/systemDictionary.cpp, line 245]

VM Operations (20 events):
Event: 19.574 Executing VM operation: Cleanup
Event: 19.585 Executing VM operation: Cleanup done
Event: 20.591 Executing VM operation: Cleanup
Event: 20.591 Executing VM operation: Cleanup done
Event: 21.598 Executing VM operation: Cleanup
Event: 21.599 Executing VM operation: Cleanup done
Event: 21.950 Executing VM operation: HandshakeAllThreads
Event: 21.950 Executing VM operation: HandshakeAllThreads done
Event: 22.960 Executing VM operation: Cleanup
Event: 22.960 Executing VM operation: Cleanup done
Event: 23.158 Executing VM operation: HandshakeAllThreads
Event: 23.158 Executing VM operation: HandshakeAllThreads done
Event: 24.158 Executing VM operation: Cleanup
Event: 24.158 Executing VM operation: Cleanup done
Event: 25.158 Executing VM operation: Cleanup
Event: 25.158 Executing VM operation: Cleanup done
Event: 26.158 Executing VM operation: Cleanup
Event: 26.198 Executing VM operation: Cleanup done
Event: 26.315 Executing VM operation: G1CollectForAllocation
Event: 26.340 Executing VM operation: G1CollectForAllocation done

Memory protections (20 events):
Event: 25.980 Protecting memory [0x00007fd6b6122000,0x00007fd6b6126000] with protection modes 0
Event: 26.007 Protecting memory [0x00007fd6b6122000,0x00007fd6b6126000] with protection modes 0
Event: 26.013 Protecting memory [0x00007fd6b6122000,0x00007fd6b6126000] with protection modes 0
Event: 26.026 Protecting memory [0x00007fd6b6425000,0x00007fd6b6429000] with protection modes 0
Event: 26.039 Protecting memory [0x00007fd6b6425000,0x00007fd6b6429000] with protection modes 0
Event: 26.051 Protecting memory [0x00007fd6b6425000,0x00007fd6b6429000] with protection modes 0
Event: 26.053 Protecting memory [0x00007fd6b6425000,0x00007fd6b6429000] with protection modes 0
Event: 26.082 Protecting memory [0x00007fd6b6425000,0x00007fd6b6429000] with protection modes 0
Event: 26.083 Protecting memory [0x00007fd6b6425000,0x00007fd6b6429000] with protection modes 0
Event: 26.088 Protecting memory [0x00007fd6b6425000,0x00007fd6b6429000] with protection modes 0
Event: 26.107 Protecting memory [0x00007fd6b6425000,0x00007fd6b6429000] with protection modes 0
Event: 26.193 Protecting memory [0x00007fd6b6425000,0x00007fd6b6429000] with protection modes 0
Event: 26.268 Protecting memory [0x00007fd6b6425000,0x00007fd6b6429000] with protection modes 0
Event: 26.314 Protecting memory [0x00007fd6b6425000,0x00007fd6b6429000] with protection modes 0
Event: 26.315 Protecting memory [0x00007fd6b6425000,0x00007fd6b6429000] with protection modes 0
Event: 26.342 Protecting memory [0x00007fd6b6425000,0x00007fd6b6429000] with protection modes 0
Event: 26.461 Protecting memory [0x00007fd6b6425000,0x00007fd6b6429000] with protection modes 0
Event: 26.474 Protecting memory [0x00007fd6b6425000,0x00007fd6b6429000] with protection modes 0
Event: 26.486 Protecting memory [0x00007fd6b6425000,0x00007fd6b6429000] with protection modes 0
Event: 26.510 Protecting memory [0x00007fd6b6425000,0x00007fd6b6429000] with protection modes 0

Nmethod flushes (0 events):
No events

Events (20 events):
Event: 26.108 Thread 0x00007fd770446e40 Thread exited: 0x00007fd770446e40
Event: 26.193 Thread 0x00007fd770032990 Thread added: 0x00007fd770446e40
Event: 26.210 Thread 0x00007fd770446e40 Thread exited: 0x00007fd770446e40
Event: 26.268 Thread 0x00007fd770032990 Thread added: 0x00007fd770446e40
Event: 26.310 Thread 0x00007fd770446e40 Thread exited: 0x00007fd770446e40
Event: 26.314 Thread 0x00007fd770032990 Thread added: 0x00007fd770446e40
Event: 26.315 Thread 0x00007fd770446e40 Thread exited: 0x00007fd770446e40
Event: 26.315 Thread 0x00007fd770032990 Thread added: 0x00007fd770446e40
Event: 26.342 Thread 0x00007fd770446e40 Thread exited: 0x00007fd770446e40
Event: 26.342 Thread 0x00007fd770032990 Thread added: 0x00007fd770446e40
Event: 26.343 Thread 0x00007fd770446e40 Thread exited: 0x00007fd770446e40
Event: 26.460 Thread 0x00007fd770032990 Thread added: 0x00007fd770446e40
Event: 26.462 Thread 0x00007fd770446e40 Thread exited: 0x00007fd770446e40
Event: 26.474 Thread 0x00007fd770032990 Thread added: 0x00007fd770446e40
Event: 26.475 Thread 0x00007fd770446e40 Thread exited: 0x00007fd770446e40
Event: 26.486 Thread 0x00007fd770032990 Thread added: 0x00007fd770446e40
Event: 26.487 Thread 0x00007fd770446e40 Thread exited: 0x00007fd770446e40
Event: 26.498 Thread 0x00007fd770032990 Thread added: 0x00007fd770446e40
Event: 26.511 Thread 0x00007fd770446e40 Thread exited: 0x00007fd770446e40
Event: 26.613 Thread 0x00007fd770032990 Thread added: 0x00007fd770446e40


Dynamic libraries:
82000000-102000000 rw-p 00000000 00:00 0 
102000000-7fe000000 ---p 00000000 00:00 0 
7fe000000-7fef00000 rw-p 00000000 00:00 0 
7fef00000-7fef75000 rw-p 00c79000 00:33 8596472648                       /sfs/gpfs/tardis/applications/202512/software/standard/core/java/17/lib/server/classes.jsa
7fef75000-7ff000000 rw-p 00000000 00:00 0 
7ff000000-7ff078000 rw-p 00c01000 00:33 8596472648                       /sfs/gpfs/tardis/applications/202512/software/standard/core/java/17/lib/server/classes.jsa
7ff078000-800000000 rw-p 00000000 00:00 0 
5588e5d28000-5588e5d29000 r--p 00000000 00:33 8596472430                 /sfs/gpfs/tardis/applications/202512/software/standard/core/java/17/bin/java
5588e5d29000-5588e5d2a000 r-xp 00001000 00:33 8596472430                 /sfs/gpfs/tardis/applications/202512/software/standard/core/java/17/bin/java
5588e5d2a000-5588e5d2b000 r--p 00002000 00:33 8596472430                 /sfs/gpfs/tardis/applications/202512/software/standard/core/java/17/bin/java
5588e5d2b000-5588e5d2c000 r--p 00002000 00:33 8596472430                 /sfs/gpfs/tardis/applications/202512/software/standard/core/java/17/bin/java
5588e5d2c000-5588e5d2d000 rw-p 00003000 00:33 8596472430                 /sfs/gpfs/tardis/applications/202512/software/standard/core/java/17/bin/java
5588e5ec7000-5588e5f0f000 rw-p 00000000 00:00 0                          [heap]
7fd628000000-7fd628021000 rw-p 00000000 00:00 0 
7fd628021000-7fd62c000000 ---p 00000000 00:00 0 
7fd62c000000-7fd62ca31000 rw-p 00000000 00:00 0 
7fd62ca31000-7fd630000000 ---p 00000000 00:00 0 
7fd630000000-7fd630021000 rw-p 00000000 00:00 0 
7fd630021000-7fd634000000 ---p 00000000 00:00 0 
7fd634000000-7fd634021000 rw-p 00000000 00:00 0 
7fd634021000-7fd638000000 ---p 00000000 00:00 0 
7fd638000000-7fd638021000 rw-p 00000000 00:00 0 
7fd638021000-7fd63c000000 ---p 00000000 00:00 0 
7fd63c000000-7fd63c021000 rw-p 00000000 00:00 0 
7fd63c021000-7fd640000000 ---p 00000000 00:00 0 
7fd640000000-7fd640021000 rw-p 00000000 00:00 0 
7fd640021000-7fd644000000 ---p 00000000 00:00 0 
7fd644000000-7fd644021000 rw-p 00000000 00:00 0 
7fd644021000-7fd648000000 ---p 00000000 00:00 0 
7fd648000000-7fd648021000 rw-p 00000000 00:00 0 
7fd648021000-7fd64c000000 ---p 00000000 00:00 0 
7fd64c000000-7fd64c021000 rw-p 00000000 00:00 0 
7fd64c021000-7fd650000000 ---p 00000000 00:00 0 
7fd650000000-7fd650021000 rw-p 00000000 00:00 0 
7fd650021000-7fd654000000 ---p 00000000 00:00 0 
7fd654000000-7fd654021000 rw-p 00000000 00:00 0 
7fd654021000-7fd658000000 ---p 00000000 00:00 0 
7fd658000000-7fd65855e000 rw-p 00000000 00:00 0 
7fd65855e000-7fd65c000000 ---p 00000000 00:00 0 
7fd65c000000-7fd65c021000 rw-p 00000000 00:00 0 
7fd65c021000-7fd660000000 ---p 00000000 00:00 0 
7fd660000000-7fd6609c3000 rw-p 00000000 00:00 0 
7fd6609c3000-7fd664000000 ---p 00000000 00:00 0 
7fd664000000-7fd6641ec000 rw-p 00000000 00:00 0 
7fd6641ec000-7fd668000000 ---p 00000000 00:00 0 
7fd668000000-7fd668dde000 rw-p 00000000 00:00 0 
7fd668dde000-7fd66c000000 ---p 00000000 00:00 0 
7fd66c000000-7fd66c684000 rw-p 00000000 00:00 0 
7fd66c684000-7fd670000000 ---p 00000000 00:00 0 
7fd670000000-7fd670021000 rw-p 00000000 00:00 0 
7fd670021000-7fd674000000 ---p 00000000 00:00 0 
7fd674000000-7fd674844000 rw-p 00000000 00:00 0 
7fd674844000-7fd678000000 ---p 00000000 00:00 0 
7fd678000000-7fd678b69000 rw-p 00000000 00:00 0 
7fd678b69000-7fd67c000000 ---p 00000000 00:00 0 
7fd67c000000-7fd67c021000 rw-p 00000000 00:00 0 
7fd67c021000-7fd680000000 ---p 00000000 00:00 0 
7fd680000000-7fd680670000 rw-p 00000000 00:00 0 
7fd680670000-7fd684000000 ---p 00000000 00:00 0 
7fd684000000-7fd684151000 rw-p 00000000 00:00 0 
7fd684151000-7fd688000000 ---p 00000000 00:00 0 
7fd688000000-7fd688021000 rw-p 00000000 00:00 0 
7fd688021000-7fd68c000000 ---p 00000000 00:00 0 
7fd68c000000-7fd68cba0000 rw-p 00000000 00:00 0 
7fd68cba0000-7fd690000000 ---p 00000000 00:00 0 
7fd690000000-7fd690307000 rw-p 00000000 00:00 0 
7fd690307000-7fd694000000 ---p 00000000 00:00 0 
7fd694000000-7fd694021000 rw-p 00000000 00:00 0 
7fd694021000-7fd698000000 ---p 00000000 00:00 0 
7fd698000000-7fd698021000 rw-p 00000000 00:00 0 
7fd698021000-7fd69c000000 ---p 00000000 00:00 0 
7fd69c000000-7fd69da18000 rw-p 00000000 00:00 0 
7fd69da18000-7fd6a0000000 ---p 00000000 00:00 0 
7fd6a0000000-7fd6a0021000 rw-p 00000000 00:00 0 
7fd6a0021000-7fd6a4000000 ---p 00000000 00:00 0 
7fd6a4000000-7fd6a4021000 rw-p 00000000 00:00 0 
7fd6a4021000-7fd6a8000000 ---p 00000000 00:00 0 
7fd6a8000000-7fd6a8021000 rw-p 00000000 00:00 0 
7fd6a8021000-7fd6ac000000 ---p 00000000 00:00 0 
7fd6ac000000-7fd6ac021000 rw-p 00000000 00:00 0 
7fd6ac021000-7fd6b0000000 ---p 00000000 00:00 0 
7fd6b0000000-7fd6b0026000 rw-p 00000000 00:00 0 
7fd6b0026000-7fd6b4000000 ---p 00000000 00:00 0 
7fd6b4c0c000-7fd6b4c11000 ---p 00000000 00:00 0 
7fd6b4c11000-7fd6b4d0d000 rw-p 00000000 00:00 0 
7fd6b4d0d000-7fd6b4d0e000 ---p 00000000 00:00 0 
7fd6b4d0e000-7fd6b4e0e000 rw-p 00000000 00:00 0 
7fd6b4e0e000-7fd6b4e0f000 ---p 00000000 00:00 0 
7fd6b4e0f000-7fd6b4f0f000 rw-p 00000000 00:00 0 
7fd6b4f0f000-7fd6b4f10000 ---p 00000000 00:00 0 
7fd6b4f10000-7fd6b5010000 rw-p 00000000 00:00 0 
7fd6b5010000-7fd6b5011000 ---p 00000000 00:00 0 
7fd6b5011000-7fd6b5111000 rw-p 00000000 00:00 0 
7fd6b5111000-7fd6b5112000 ---p 00000000 00:00 0 
7fd6b5112000-7fd6b5212000 rw-p 00000000 00:00 0 
7fd6b5212000-7fd6b5213000 ---p 00000000 00:00 0 
7fd6b5213000-7fd6b5313000 rw-p 00000000 00:00 0 
7fd6b5313000-7fd6b5314000 ---p 00000000 00:00 0 
7fd6b5314000-7fd6b5414000 rw-p 00000000 00:00 0 
7fd6b5414000-7fd6b5415000 ---p 00000000 00:00 0 
7fd6b5415000-7fd6b5515000 rw-p 00000000 00:00 0 
7fd6b5515000-7fd6b5516000 ---p 00000000 00:00 0 
7fd6b5516000-7fd6b5616000 rw-p 00000000 00:00 0 
7fd6b5616000-7fd6b5617000 ---p 00000000 00:00 0 
7fd6b5617000-7fd6b5717000 rw-p 00000000 00:00 0 
7fd6b5717000-7fd6b5718000 ---p 00000000 00:00 0 
7fd6b5718000-7fd6b5818000 rw-p 00000000 00:00 0 
7fd6b5818000-7fd6b5819000 ---p 00000000 00:00 0 
7fd6b5819000-7fd6b5919000 rw-p 00000000 00:00 0 
7fd6b5919000-7fd6b591e000 ---p 00000000 00:00 0 
7fd6b591e000-7fd6b5a1a000 rw-p 00000000 00:00 0 
7fd6b5a1a000-7fd6b5a1f000 ---p 00000000 00:00 0 
7fd6b5a1f000-7fd6b5b1b000 rw-p 00000000 00:00 0 
7fd6b5b1b000-7fd6b5b20000 ---p 00000000 00:00 0 
7fd6b5b20000-7fd6b5c1c000 rw-p 00000000 00:00 0 
7fd6b5c1c000-7fd6b5c21000 ---p 00000000 00:00 0 
7fd6b5c21000-7fd6b5d1d000 rw-p 00000000 00:00 0 
7fd6b5d1d000-7fd6b5d22000 ---p 00000000 00:00 0 
7fd6b5d22000-7fd6b5e1e000 rw-p 00000000 00:00 0 
7fd6b5e1e000-7fd6b5e23000 ---p 00000000 00:00 0 
7fd6b5e23000-7fd6b5f1f000 rw-p 00000000 00:00 0 
7fd6b5f1f000-7fd6b5f20000 ---p 00000000 00:00 0 
7fd6b5f20000-7fd6b6020000 rw-p 00000000 00:00 0 
7fd6b6020000-7fd6b6021000 ---p 00000000 00:00 0 
7fd6b6021000-7fd6b6025000 ---p 00000000 00:00 0 
7fd6b6025000-7fd6b6121000 rw-p 00000000 00:00 0 
7fd6b6121000-7fd6b6126000 ---p 00000000 00:00 0 
7fd6b6126000-7fd6b6222000 rw-p 00000000 00:00 0 
7fd6b6222000-7fd6b6227000 ---p 00000000 00:00 0 
7fd6b6227000-7fd6b6323000 rw-p 00000000 00:00 0 
7fd6b6323000-7fd6b6324000 ---p 00000000 00:00 0 
7fd6b6324000-7fd6b6328000 ---p 00000000 00:00 0 
7fd6b6328000-7fd6b6424000 rw-p 00000000 00:00 0 
7fd6b6424000-7fd6b6425000 ---p 00000000 00:00 0 
7fd6b6429000-7fd6b6525000 rw-p 00000000 00:00 0 
7fd6b6525000-7fd6b6526000 ---p 00000000 00:00 0 
7fd6b6526000-7fd6b652a000 ---p 00000000 00:00 0 
7fd6b652a000-7fd6b6626000 rw-p 00000000 00:00 0 
7fd6b6626000-7fd6b6627000 ---p 00000000 00:00 0 
7fd6b6627000-7fd6b662b000 ---p 00000000 00:00 0 
7fd6b662b000-7fd6b6727000 rw-p 00000000 00:00 0 
7fd6b6727000-7fd6b6728000 ---p 00000000 00:00 0 
7fd6b6728000-7fd6b672c000 ---p 00000000 00:00 0 
7fd6b672c000-7fd6b6828000 rw-p 00000000 00:00 0 
7fd6b6828000-7fd6b6829000 ---p 00000000 00:00 0 
7fd6b6829000-7fd6b682d000 ---p 00000000 00:00 0 
7fd6b682d000-7fd6b6929000 rw-p 00000000 00:00 0 
7fd6b6929000-7fd6b692a000 ---p 00000000 00:00 0 
7fd6b692a000-7fd6b692e000 ---p 00000000 00:00 0 
7fd6b692e000-7fd6b6a2a000 rw-p 00000000 00:00 0 
7fd6b6a2a000-7fd6b6a2b000 ---p 00000000 00:00 0 
7fd6b6a2b000-7fd6b6a2f000 ---p 00000000 00:00 0 
7fd6b6a2f000-7fd6b6b2b000 rw-p 00000000 00:00 0 
7fd6b6b2b000-7fd6b6b2c000 ---p 00000000 00:00 0 
7fd6b6b2c000-7fd6b6b30000 ---p 00000000 00:00 0 
7fd6b6b30000-7fd6b6c2c000 rw-p 00000000 00:00 0 
7fd6b6c2c000-7fd6b6c2d000 ---p 00000000 00:00 0 
7fd6b6c2d000-7fd6b6c31000 ---p 00000000 00:00 0 
7fd6b6c31000-7fd6b6d2d000 rw-p 00000000 00:00 0 
7fd6b6d2d000-7fd6b6d2e000 ---p 00000000 00:00 0 
7fd6b6d2e000-7fd6b6d32000 ---p 00000000 00:00 0 
7fd6b6d32000-7fd6b6e2e000 rw-p 00000000 00:00 0 
7fd6b6e2e000-7fd6b6e2f000 ---p 00000000 00:00 0 
7fd6b6e2f000-7fd6b6f2f000 rw-p 00000000 00:00 0 
7fd6b6f2f000-7fd6b6f34000 r--p 00000000 00:33 8596472621                 /sfs/gpfs/tardis/applications/202512/software/standard/core/java/17/lib/libjsvml.so
7fd6b6f34000-7fd6b6f75000 r-xp 00005000 00:33 8596472621                 /sfs/gpfs/tardis/applications/202512/software/standard/core/java/17/lib/libjsvml.so
7fd6b6f75000-7fd6b6ffe000 r--p 00046000 00:33 8596472621                 /sfs/gpfs/tardis/applications/202512/software/standard/core/java/17/lib/libjsvml.so
7fd6b6ffe000-7fd6b6fff000 r--p 000ce000 00:33 8596472621                 /sfs/gpfs/tardis/applications/202512/software/standard/core/java/17/lib/libjsvml.so
7fd6b6fff000-7fd6b7000000 rw-p 000cf000 00:33 8596472621                 /sfs/gpfs/tardis/applications/202512/software/standard/core/java/17/lib/libjsvml.so
7fd6b7000000-7fd6b7400000 rw-p 00000000 00:00 0 
7fd6b7400000-7fd6b7700000 rw-p 00000000 00:00 0 
7fd6b7700000-7fd6b7740000 rw-p 00000000 00:00 0 
7fd6b7740000-7fd6b7800000 ---p 00000000 00:00 0 
7fd6b7800000-7fd6b7810000 rw-p 00000000 00:00 0 
7fd6b7810000-7fd6bb000000 ---p 00000000 00:00 0 
7fd6bb000000-7fd6bb455000 rw-p 00001000 00:33 8596472648                 /sfs/gpfs/tardis/applications/202512/software/standard/core/java/17/lib/server/classes.jsa
7fd6bb455000-7fd6bbbc9000 rw-p 00456000 00:33 8596472648                 /sfs/gpfs/tardis/applications/202512/software/standard/core/java/17/lib/server/classes.jsa
7fd6bbbc9000-7fd6bc000000 ---p 00000000 00:00 0 
7fd6bc000000-7fd6bc040000 rw-p 00000000 00:00 0 
7fd6bc040000-7fd6bc0c0000 rw-p 00000000 00:00 0 
7fd6bc0c0000-7fd6bc0f0000 rw-p 00000000 00:00 0 
7fd6bc0f0000-7fd6bc100000 ---p 00000000 00:00 0 
7fd6bc100000-7fd6bc110000 rw-p 00000000 00:00 0 
7fd6bc110000-7fd6fc000000 ---p 00000000 00:00 0 
7fd6fc000000-7fd6fc021000 rw-p 00000000 00:00 0 
7fd6fc021000-7fd700000000 ---p 00000000 00:00 0 
7fd700000000-7fd700021000 rw-p 00000000 00:00 0 
7fd700021000-7fd704000000 ---p 00000000 00:00 0 
7fd704000000-7fd704021000 rw-p 00000000 00:00 0 
7fd704021000-7fd708000000 ---p 00000000 00:00 0 
7fd708000000-7fd708021000 rw-p 00000000 00:00 0 
7fd708021000-7fd70c000000 ---p 00000000 00:00 0 
7fd70c000000-7fd70c021000 rw-p 00000000 00:00 0 
7fd70c021000-7fd710000000 ---p 00000000 00:00 0 
7fd710052000-7fd71412e000 rw-p 00000000 00:00 0 
7fd71412e000-7fd73002e000 ---p 00000000 00:00 0 
7fd73002e000-7fd7320ae000 rw-p 00000000 00:00 0 
7fd7320ae000-7fd74dfae000 ---p 00000000 00:00 0 
7fd74dfae000-7fd74e42e000 rw-p 00000000 00:00 0 
7fd74e42e000-7fd751c0e000 ---p 00000000 00:00 0 
7fd751c0e000-7fd75201e000 rw-p 00000000 00:00 0 
7fd75201e000-7fd7557fe000 ---p 00000000 00:00 0 
7fd7557fe000-7fd755c0e000 rw-p 00000000 00:00 0 
7fd755c0e000-7fd7593ee000 ---p 00000000 00:00 0 
7fd7593ee000-7fd7593fe000 rw-p 00000000 00:00 0 
7fd7593fe000-7fd759a1e000 rwxp 00000000 00:00 0 
7fd759a1e000-7fd76085d000 ---p 00000000 00:00 0 
7fd76085d000-7fd760b4d000 rwxp 00000000 00:00 0 
7fd760b4d000-7fd760f9e000 ---p 00000000 00:00 0 
7fd760f9e000-7fd76121e000 rwxp 00000000 00:00 0 
7fd76121e000-7fd7683fe000 ---p 00000000 00:00 0 
7fd7683fe000-7fd770000000 r--s 00000000 00:33 8596472637                 /sfs/gpfs/tardis/applications/202512/software/standard/core/java/17/lib/modules
7fd770000000-7fd7705a7000 rw-p 00000000 00:00 0 
7fd7705a7000-7fd774000000 ---p 00000000 00:00 0 
7fd774024000-7fd774026000 r--p 00000000 00:33 8596472625                 /sfs/gpfs/tardis/applications/202512/software/standard/core/java/17/lib/libmanagement_ext.so
7fd774026000-7fd774029000 r-xp 00002000 00:33 8596472625                 /sfs/gpfs/tardis/applications/202512/software/standard/core/java/17/lib/libmanagement_ext.so
7fd774029000-7fd77402a000 r--p 00005000 00:33 8596472625                 /sfs/gpfs/tardis/applications/202512/software/standard/core/java/17/lib/libmanagement_ext.so
7fd77402a000-7fd77402b000 ---p 00006000 00:33 8596472625                 /sfs/gpfs/tardis/applications/202512/software/standard/core/java/17/lib/libmanagement_ext.so
7fd77402b000-7fd77402c000 r--p 00006000 00:33 8596472625                 /sfs/gpfs/tardis/applications/202512/software/standard/core/java/17/lib/libmanagement_ext.so
7fd77402c000-7fd77402d000 rw-p 00007000 00:33 8596472625                 /sfs/gpfs/tardis/applications/202512/software/standard/core/java/17/lib/libmanagement_ext.so
7fd77402d000-7fd774031000 r--p 00000000 00:33 8596472635                 /sfs/gpfs/tardis/applications/202512/software/standard/core/java/17/lib/libverify.so
7fd774031000-7fd774038000 r-xp 00004000 00:33 8596472635                 /sfs/gpfs/tardis/applications/202512/software/standard/core/java/17/lib/libverify.so
7fd774038000-7fd77403a000 r--p 0000b000 00:33 8596472635                 /sfs/gpfs/tardis/applications/202512/software/standard/core/java/17/lib/libverify.so
7fd77403a000-7fd77403c000 r--p 0000c000 00:33 8596472635                 /sfs/gpfs/tardis/applications/202512/software/standard/core/java/17/lib/libverify.so
7fd77403c000-7fd77403d000 rw-p 0000e000 00:33 8596472635                 /sfs/gpfs/tardis/applications/202512/software/standard/core/java/17/lib/libverify.so
7fd77403d000-7fd77407e000 rw-p 00000000 00:00 0 
7fd77407f000-7fd774082000 r--p 00000000 00:33 8596472623                 /sfs/gpfs/tardis/applications/202512/software/standard/core/java/17/lib/libmanagement.so
7fd774082000-7fd774083000 r-xp 00003000 00:33 8596472623                 /sfs/gpfs/tardis/applications/202512/software/standard/core/java/17/lib/libmanagement.so
7fd774083000-7fd774084000 r--p 00004000 00:33 8596472623                 /sfs/gpfs/tardis/applications/202512/software/standard/core/java/17/lib/libmanagement.so
7fd774084000-7fd774085000 r--p 00004000 00:33 8596472623                 /sfs/gpfs/tardis/applications/202512/software/standard/core/java/17/lib/libmanagement.so
7fd774085000-7fd774086000 rw-p 00005000 00:33 8596472623                 /sfs/gpfs/tardis/applications/202512/software/standard/core/java/17/lib/libmanagement.so
7fd774086000-7fd77408a000 r--p 00000000 00:33 8596472627                 /sfs/gpfs/tardis/applications/202512/software/standard/core/java/17/lib/libnet.so
7fd77408a000-7fd774098000 r-xp 00004000 00:33 8596472627                 /sfs/gpfs/tardis/applications/202512/software/standard/core/java/17/lib/libnet.so
7fd774098000-7fd77409c000 r--p 00012000 00:33 8596472627                 /sfs/gpfs/tardis/applications/202512/software/standard/core/java/17/lib/libnet.so
7fd77409c000-7fd77409d000 r--p 00015000 00:33 8596472627                 /sfs/gpfs/tardis/applications/202512/software/standard/core/java/17/lib/libnet.so
7fd77409d000-7fd77409e000 rw-p 00016000 00:33 8596472627                 /sfs/gpfs/tardis/applications/202512/software/standard/core/java/17/lib/libnet.so
7fd77409e000-7fd7740a5000 r--p 00000000 00:33 8596472628                 /sfs/gpfs/tardis/applications/202512/software/standard/core/java/17/lib/libnio.so
7fd7740a5000-7fd7740ae000 r-xp 00007000 00:33 8596472628                 /sfs/gpfs/tardis/applications/202512/software/standard/core/java/17/lib/libnio.so
7fd7740ae000-7fd7740b2000 r--p 00010000 00:33 8596472628                 /sfs/gpfs/tardis/applications/202512/software/standard/core/java/17/lib/libnio.so
7fd7740b2000-7fd7740b3000 ---p 00014000 00:33 8596472628                 /sfs/gpfs/tardis/applications/202512/software/standard/core/java/17/lib/libnio.so
7fd7740b3000-7fd7740b4000 r--p 00014000 00:33 8596472628                 /sfs/gpfs/tardis/applications/202512/software/standard/core/java/17/lib/libnio.so
7fd7740b4000-7fd7740b5000 rw-p 00015000 00:33 8596472628                 /sfs/gpfs/tardis/applications/202512/software/standard/core/java/17/lib/libnio.so
7fd7740b5000-7fd7740b6000 ---p 00000000 00:00 0 
7fd7740b6000-7fd7741b6000 rw-p 00000000 00:00 0 
7fd7741b6000-7fd7741b7000 ---p 00000000 00:00 0 
7fd7741b7000-7fd7754c9000 rw-p 00000000 00:00 0 
7fd7754c9000-7fd7754ca000 ---p 00000000 00:00 0 
7fd7754ca000-7fd7755ca000 rw-p 00000000 00:00 0 
7fd7755ca000-7fd7755cb000 ---p 00000000 00:00 0 
7fd7755cb000-7fd7756cb000 rw-p 00000000 00:00 0 
7fd7756cb000-7fd7756cc000 ---p 00000000 00:00 0 
7fd7756cc000-7fd776c3f000 rw-p 00000000 00:00 0 
7fd776c3f000-7fd776d23000 ---p 00000000 00:00 0 
7fd776d23000-7fd776d30000 rw-p 00000000 00:00 0 
7fd776d30000-7fd776e0c000 ---p 00000000 00:00 0 
7fd776e0c000-7fd776e0e000 r--p 00000000 00:33 8596472636                 /sfs/gpfs/tardis/applications/202512/software/standard/core/java/17/lib/libzip.so
7fd776e0e000-7fd776e20000 r-xp 00002000 00:33 8596472636                 /sfs/gpfs/tardis/applications/202512/software/standard/core/java/17/lib/libzip.so
7fd776e20000-7fd776e28000 r--p 00014000 00:33 8596472636                 /sfs/gpfs/tardis/applications/202512/software/standard/core/java/17/lib/libzip.so
7fd776e28000-7fd776e29000 r--p 0001b000 00:33 8596472636                 /sfs/gpfs/tardis/applications/202512/software/standard/core/java/17/lib/libzip.so
7fd776e29000-7fd776e2a000 rw-p 0001c000 00:33 8596472636                 /sfs/gpfs/tardis/applications/202512/software/standard/core/java/17/lib/libzip.so
7fd776e2a000-7fd776e35000 r-xp 00000000 00:29 41352995                   /usr/lib64/libnss_files-2.28.so
7fd776e35000-7fd777035000 ---p 0000b000 00:29 41352995                   /usr/lib64/libnss_files-2.28.so
7fd777035000-7fd777036000 r--p 0000b000 00:29 41352995                   /usr/lib64/libnss_files-2.28.so
7fd777036000-7fd777037000 rw-p 0000c000 00:29 41352995                   /usr/lib64/libnss_files-2.28.so
7fd777037000-7fd77703d000 rw-p 00000000 00:00 0 
7fd77703d000-7fd777044000 r-xp 00000000 00:29 41352993                   /usr/lib64/libnss_db-2.28.so
7fd777044000-7fd777243000 ---p 00007000 00:29 41352993                   /usr/lib64/libnss_db-2.28.so
7fd777243000-7fd777244000 r--p 00006000 00:29 41352993                   /usr/lib64/libnss_db-2.28.so
7fd777244000-7fd777245000 rw-p 00007000 00:29 41352993                   /usr/lib64/libnss_db-2.28.so
7fd777245000-7fd777248000 rw-p 00000000 00:00 0 
7fd777248000-7fd7774c0000 r--p 00000000 00:29 42290259                   /usr/lib/locale/en_US.utf8/LC_COLLATE
7fd7774c0000-7fd777641000 r-xp 00000000 00:29 41352876                   /usr/lib64/libm-2.28.so
7fd777641000-7fd777840000 ---p 00181000 00:29 41352876                   /usr/lib64/libm-2.28.so
7fd777840000-7fd777841000 r--p 00180000 00:29 41352876                   /usr/lib64/libm-2.28.so
7fd777841000-7fd777842000 rw-p 00181000 00:29 41352876                   /usr/lib64/libm-2.28.so
7fd777842000-7fd777849000 r-xp 00000000 00:29 41353205                   /usr/lib64/librt-2.28.so
7fd777849000-7fd777a48000 ---p 00007000 00:29 41353205                   /usr/lib64/librt-2.28.so
7fd777a48000-7fd777a49000 r--p 00006000 00:29 41353205                   /usr/lib64/librt-2.28.so
7fd777a49000-7fd777a4a000 rw-p 00007000 00:29 41353205                   /usr/lib64/librt-2.28.so
7fd777a4a000-7fd777c9d000 r--p 00000000 00:33 8596472651                 /sfs/gpfs/tardis/applications/202512/software/standard/core/java/17/lib/server/libjvm.so
7fd777c9d000-7fd7789c6000 r-xp 00253000 00:33 8596472651                 /sfs/gpfs/tardis/applications/202512/software/standard/core/java/17/lib/server/libjvm.so
7fd7789c6000-7fd778c53000 r--p 00f7c000 00:33 8596472651                 /sfs/gpfs/tardis/applications/202512/software/standard/core/java/17/lib/server/libjvm.so
7fd778c53000-7fd778c54000 ---p 01209000 00:33 8596472651                 /sfs/gpfs/tardis/applications/202512/software/standard/core/java/17/lib/server/libjvm.so
7fd778c54000-7fd778d0d000 r--p 01209000 00:33 8596472651                 /sfs/gpfs/tardis/applications/202512/software/standard/core/java/17/lib/server/libjvm.so
7fd778d0d000-7fd778d42000 rw-p 012c2000 00:33 8596472651                 /sfs/gpfs/tardis/applications/202512/software/standard/core/java/17/lib/server/libjvm.so
7fd778d42000-7fd778d9d000 rw-p 00000000 00:00 0 
7fd778d9d000-7fd778f6a000 r-xp 00000000 00:29 41352421                   /usr/lib64/libc-2.28.so
7fd778f6a000-7fd779169000 ---p 001cd000 00:29 41352421                   /usr/lib64/libc-2.28.so
7fd779169000-7fd77916d000 r--p 001cc000 00:29 41352421                   /usr/lib64/libc-2.28.so
7fd77916d000-7fd77916f000 rw-p 001d0000 00:29 41352421                   /usr/lib64/libc-2.28.so
7fd77916f000-7fd779173000 rw-p 00000000 00:00 0 
7fd779173000-7fd779176000 r-xp 00000000 00:29 41352530                   /usr/lib64/libdl-2.28.so
7fd779176000-7fd779375000 ---p 00003000 00:29 41352530                   /usr/lib64/libdl-2.28.so
7fd779375000-7fd779376000 r--p 00002000 00:29 41352530                   /usr/lib64/libdl-2.28.so
7fd779376000-7fd779377000 rw-p 00003000 00:29 41352530                   /usr/lib64/libdl-2.28.so
7fd779377000-7fd779392000 r-xp 00000000 00:29 41353149                   /usr/lib64/libpthread-2.28.so
7fd779392000-7fd779591000 ---p 0001b000 00:29 41353149                   /usr/lib64/libpthread-2.28.so
7fd779591000-7fd779592000 r--p 0001a000 00:29 41353149                   /usr/lib64/libpthread-2.28.so
7fd779592000-7fd779593000 rw-p 0001b000 00:29 41353149                   /usr/lib64/libpthread-2.28.so
7fd779593000-7fd779597000 rw-p 00000000 00:00 0 
7fd779597000-7fd7795c6000 r-xp 00000000 00:29 41352045                   /usr/lib64/ld-2.28.so
7fd7795ca000-7fd7795cb000 r--p 00000000 00:33 8596472606                 /sfs/gpfs/tardis/applications/202512/software/standard/core/java/17/lib/libextnet.so
7fd7795cb000-7fd7795cc000 r-xp 00001000 00:33 8596472606                 /sfs/gpfs/tardis/applications/202512/software/standard/core/java/17/lib/libextnet.so
7fd7795cc000-7fd7795cd000 r--p 00002000 00:33 8596472606                 /sfs/gpfs/tardis/applications/202512/software/standard/core/java/17/lib/libextnet.so
7fd7795cd000-7fd7795ce000 r--p 00002000 00:33 8596472606                 /sfs/gpfs/tardis/applications/202512/software/standard/core/java/17/lib/libextnet.so
7fd7795ce000-7fd7795cf000 rw-p 00003000 00:33 8596472606                 /sfs/gpfs/tardis/applications/202512/software/standard/core/java/17/lib/libextnet.so
7fd7795cf000-7fd7795d5000 rw-p 00000000 00:00 0 
7fd7795d5000-7fd7795de000 ---p 00000000 00:00 0 
7fd7795de000-7fd7795df000 r--s 00000000 203:97233 4334508089525993473    /sfs/weka/scratch/wxw9rr/tmp/pitest-agent4297895672587801351.jar
7fd7795df000-7fd7795e7000 rw-s 00000000 00:2d 86402794                   /tmp/hsperfdata_wxw9rr/723183
7fd7795e7000-7fd77963a000 r--p 00000000 00:29 42289927                   /usr/lib/locale/C.utf8/LC_CTYPE
7fd77963a000-7fd77963b000 r--p 00000000 00:29 42290264                   /usr/lib/locale/en_US.utf8/LC_NUMERIC
7fd77963b000-7fd77963c000 r--p 00000000 00:29 42290267                   /usr/lib/locale/en_US.utf8/LC_TIME
7fd77963c000-7fd77963d000 r--p 00000000 00:29 42290262                   /usr/lib/locale/en_US.utf8/LC_MONETARY
7fd77963d000-7fd77963e000 r--p 00000000 00:29 42290268                   /usr/lib/locale/en_US.utf8/LC_MESSAGES/SYS_LC_MESSAGES
7fd77963e000-7fd77963f000 r--p 00000000 00:29 42290265                   /usr/lib/locale/en_US.utf8/LC_PAPER
7fd77963f000-7fd779646000 r--s 00000000 00:29 41660342                   /usr/lib64/gconv/gconv-modules.cache
7fd779646000-7fd779654000 r--p 00000000 00:33 8596472613                 /sfs/gpfs/tardis/applications/202512/software/standard/core/java/17/lib/libjava.so
7fd779654000-7fd779666000 r-xp 0000e000 00:33 8596472613                 /sfs/gpfs/tardis/applications/202512/software/standard/core/java/17/lib/libjava.so
7fd779666000-7fd77966c000 r--p 00020000 00:33 8596472613                 /sfs/gpfs/tardis/applications/202512/software/standard/core/java/17/lib/libjava.so
7fd77966c000-7fd77966d000 ---p 00026000 00:33 8596472613                 /sfs/gpfs/tardis/applications/202512/software/standard/core/java/17/lib/libjava.so
7fd77966d000-7fd77966e000 r--p 00026000 00:33 8596472613                 /sfs/gpfs/tardis/applications/202512/software/standard/core/java/17/lib/libjava.so
7fd77966e000-7fd77966f000 rw-p 00027000 00:33 8596472613                 /sfs/gpfs/tardis/applications/202512/software/standard/core/java/17/lib/libjava.so
7fd77966f000-7fd779670000 rw-p 00000000 00:00 0 
7fd779670000-7fd779674000 r--p 00000000 00:33 8596472617                 /sfs/gpfs/tardis/applications/202512/software/standard/core/java/17/lib/libjimage.so
7fd779674000-7fd779687000 r-xp 00004000 00:33 8596472617                 /sfs/gpfs/tardis/applications/202512/software/standard/core/java/17/lib/libjimage.so
7fd779687000-7fd77968d000 r--p 00017000 00:33 8596472617                 /sfs/gpfs/tardis/applications/202512/software/standard/core/java/17/lib/libjimage.so
7fd77968d000-7fd77968f000 r--p 0001c000 00:33 8596472617                 /sfs/gpfs/tardis/applications/202512/software/standard/core/java/17/lib/libjimage.so
7fd77968f000-7fd779690000 rw-p 0001e000 00:33 8596472617                 /sfs/gpfs/tardis/applications/202512/software/standard/core/java/17/lib/libjimage.so
7fd779690000-7fd779694000 ---p 00000000 00:00 0 
7fd779694000-7fd779793000 rw-p 00000000 00:00 0 
7fd779793000-7fd779794000 r--p 00000000 00:29 42290263                   /usr/lib/locale/en_US.utf8/LC_NAME
7fd779794000-7fd779795000 r--p 00000000 00:29 42290258                   /usr/lib/locale/en_US.utf8/LC_ADDRESS
7fd779795000-7fd779796000 r--p 00000000 00:29 42290266                   /usr/lib/locale/en_US.utf8/LC_TELEPHONE
7fd779796000-7fd779797000 r--p 00000000 00:29 42290261                   /usr/lib/locale/en_US.utf8/LC_MEASUREMENT
7fd779797000-7fd779798000 r--p 00000000 00:29 42290260                   /usr/lib/locale/en_US.utf8/LC_IDENTIFICATION
7fd779798000-7fd77979a000 r--p 00000000 00:33 8596472608                 /sfs/gpfs/tardis/applications/202512/software/standard/core/java/17/lib/libinstrument.so
7fd77979a000-7fd7797a0000 r-xp 00002000 00:33 8596472608                 /sfs/gpfs/tardis/applications/202512/software/standard/core/java/17/lib/libinstrument.so
7fd7797a0000-7fd7797a3000 r--p 00008000 00:33 8596472608                 /sfs/gpfs/tardis/applications/202512/software/standard/core/java/17/lib/libinstrument.so
7fd7797a3000-7fd7797a4000 r--p 0000a000 00:33 8596472608                 /sfs/gpfs/tardis/applications/202512/software/standard/core/java/17/lib/libinstrument.so
7fd7797a4000-7fd7797a5000 rw-p 0000b000 00:33 8596472608                 /sfs/gpfs/tardis/applications/202512/software/standard/core/java/17/lib/libinstrument.so
7fd7797a5000-7fd7797a6000 ---p 00000000 00:00 0 
7fd7797a6000-7fd7797a7000 r--p 00000000 00:00 0 
7fd7797a7000-7fd7797a8000 ---p 00000000 00:00 0 
7fd7797a8000-7fd7797ab000 r--p 00000000 00:33 8596472618                 /sfs/gpfs/tardis/applications/202512/software/standard/core/java/17/lib/libjli.so
7fd7797ab000-7fd7797bb000 r-xp 00003000 00:33 8596472618                 /sfs/gpfs/tardis/applications/202512/software/standard/core/java/17/lib/libjli.so
7fd7797bb000-7fd7797c2000 r--p 00013000 00:33 8596472618                 /sfs/gpfs/tardis/applications/202512/software/standard/core/java/17/lib/libjli.so
7fd7797c2000-7fd7797c3000 r--p 00019000 00:33 8596472618                 /sfs/gpfs/tardis/applications/202512/software/standard/core/java/17/lib/libjli.so
7fd7797c3000-7fd7797c4000 rw-p 0001a000 00:33 8596472618                 /sfs/gpfs/tardis/applications/202512/software/standard/core/java/17/lib/libjli.so
7fd7797c4000-7fd7797c6000 rw-p 00000000 00:00 0 
7fd7797c6000-7fd7797c7000 r--p 0002f000 00:29 41352045                   /usr/lib64/ld-2.28.so
7fd7797c7000-7fd7797c9000 rw-p 00030000 00:29 41352045                   /usr/lib64/ld-2.28.so
7ffd01e5c000-7ffd01e81000 rw-p 00000000 00:00 0                          [stack]
7ffd01f39000-7ffd01f3d000 r--p 00000000 00:00 0                          [vvar]
7ffd01f3d000-7ffd01f3f000 r-xp 00000000 00:00 0                          [vdso]
ffffffffff600000-ffffffffff601000 r-xp 00000000 00:00 0                  [vsyscall]


VM Arguments:
jvm_args: -Dclassworlds.conf=/apps/software/standard/core/maven/3.9.0/bin/m2.conf -Dmaven.home=/apps/software/standard/core/maven/3.9.0 -Dlibrary.jansi.path=/apps/software/standard/core/maven/3.9.0/lib/jansi-native -Dmaven.multiModuleProjectDirectory=/scratch/wxw9rr/artifact/RQ3/OE25-DEV/commons-beanutils-1.9.4 -Djava.io.tmpdir=/sfs/weka/scratch/wxw9rr/tmp -javaagent:/sfs/weka/scratch/wxw9rr/tmp/pitest-agent4297895672587801351.jar -ea -Djava.awt.headless=true -XX:+UseG1GC -Djava.io.tmpdir=/sfs/weka/scratch/wxw9rr/tmp 
java_command: org.pitest.mutationtest.execute.MutationTestMinion 35561
java_class_path (initial): /sfs/weka/scratch/wxw9rr/artifact/RQ3/OE25-DEV/commons-beanutils-1.9.4/target/test-classes:/sfs/weka/scratch/wxw9rr/artifact/RQ3/OE25-DEV/commons-beanutils-1.9.4/target/classes:/home/wxw9rr/.m2/repository/commons-logging/commons-logging/1.2/commons-logging-1.2.jar:/home/wxw9rr/.m2/repository/commons-collections/commons-collections/3.2.2/commons-collections-3.2.2.jar:/home/wxw9rr/.m2/repository/commons-collections/commons-collections-testframework/3.2.1/commons-collections-testframework-3.2.1.jar:/home/wxw9rr/.m2/repository/junit/junit/4.12/junit-4.12.jar:/home/wxw9rr/.m2/repository/org/hamcrest/hamcrest-core/1.3/hamcrest-core-1.3.jar:/home/wxw9rr/.m2/repository/org/pitest/pitest/1.22.0/pitest-1.22.0.jar
Launcher Type: SUN_STANDARD

[Global flags]
     intx CICompilerCount                          = 12                                        {product} {ergonomic}
     uint ConcGCThreads                            = 5                                         {product} {ergonomic}
     uint G1ConcRefinementThreads                  = 18                                        {product} {ergonomic}
   size_t G1HeapRegionSize                         = 16777216                                  {product} {ergonomic}
    uintx GCDrainStackTargetSize                   = 64                                        {product} {ergonomic}
   size_t InitialHeapSize                          = 2147483648                                {product} {ergonomic}
   size_t MarkStackSize                            = 4194304                                   {product} {ergonomic}
   size_t MaxHeapSize                              = 32178700288                               {product} {ergonomic}
   size_t MaxNewSize                               = 19293798400                               {product} {ergonomic}
   size_t MinHeapDeltaBytes                        = 16777216                                  {product} {ergonomic}
   size_t MinHeapSize                              = 16777216                                  {product} {ergonomic}
    uintx NonNMethodCodeHeapSize                   = 7602480                                {pd product} {ergonomic}
    uintx NonProfiledCodeHeapSize                  = 122027880                              {pd product} {ergonomic}
    uintx ProfiledCodeHeapSize                     = 122027880                              {pd product} {ergonomic}
    uintx ReservedCodeCacheSize                    = 251658240                              {pd product} {ergonomic}
     bool SegmentedCodeCache                       = true                                      {product} {ergonomic}
   size_t SoftMaxHeapSize                          = 32178700288                            {manageable} {ergonomic}
     bool UseCompressedClassPointers               = true                           {product lp64_product} {ergonomic}
     bool UseCompressedOops                        = true                           {product lp64_product} {ergonomic}
     bool UseG1GC                                  = true                                      {product} {command line}

Logging:
Log output configuration:
 #0: stdout all=warning uptime,level,tags
 #1: stderr all=off uptime,level,tags

Environment Variables:
JAVA_HOME=/apps/software/standard/core/java/17
_JAVA_OPTIONS=-Djava.io.tmpdir=/sfs/weka/scratch/wxw9rr/tmp
PATH=/apps/software/standard/core/java/17:/apps/software/standard/core/java/17/bin:/apps/software/standard/core/maven/3.9.0:/apps/software/standard/core/maven/3.9.0/bin:/home/wxw9rr/.local/bin:/opt/mam/9.1.2/bin:/sfs/gpfs/tardis/applications/202512/software/standard/core/code-server/4.99.1/lib/vscode/bin/remote-cli:/apps/software/standard/core/code-server/4.99.1/bin:/apps/software/standard/core/miniforge/24.3.0-py3.11:/apps/software/standard/core/miniforge/24.3.0-py3.11/sbin:/apps/software/standard/core/miniforge/24.3.0-py3.11/bin:/sfs/gpfs/tardis/home/wxw9rr/miniforge3/bin:/sfs/gpfs/tardis/home/wxw9rr/miniforge3/condabin:/usr/local/bin:/usr/bin:/usr/local/sbin:/usr/sbin:/opt/slurm/current/bin:/opt/rci/bin:/share/resources/HPCtools:/opt/mam/current/bin:/opt/apptainer/current/bin:/sfs/gpfs/tardis/home/wxw9rr/.local/bin
LD_LIBRARY_PATH=/apps/software/standard/core/java/17/lib:/apps/software/standard/core/maven/3.9.0/lib:/opt/slurm/current/lib
SHELL=/bin/bash
LANG=en_US.UTF-8
TERM=xterm-256color
TMPDIR=/sfs/weka/scratch/wxw9rr/tmp
TMP=/sfs/weka/scratch/wxw9rr/tmp
TEMP=/sfs/weka/scratch/wxw9rr/tmp

Active Locale:
LC_ALL=en_US.UTF-8
LC_COLLATE=en_US.UTF-8
LC_CTYPE=en_US.UTF-8
LC_MESSAGES=en_US.UTF-8
LC_MONETARY=en_US.UTF-8
LC_NUMERIC=en_US.UTF-8
LC_TIME=en_US.UTF-8

Signal Handlers:
   SIGSEGV: crash_handler in libjvm.so, mask=11100100010111111101111111111110, flags=SA_RESTART|SA_SIGINFO, unblocked
    SIGBUS: crash_handler in libjvm.so, mask=11100100010111111101111111111110, flags=SA_RESTART|SA_SIGINFO, unblocked
    SIGFPE: crash_handler in libjvm.so, mask=11100100010111111101111111111110, flags=SA_RESTART|SA_SIGINFO, unblocked
   SIGPIPE: javaSignalHandler in libjvm.so, mask=11100100010111111101111111111110, flags=SA_RESTART|SA_SIGINFO, unblocked
   SIGXFSZ: javaSignalHandler in libjvm.so, mask=11100100010111111101111111111110, flags=SA_RESTART|SA_SIGINFO, unblocked
    SIGILL: crash_handler in libjvm.so, mask=11100100010111111101111111111110, flags=SA_RESTART|SA_SIGINFO, unblocked
   SIGUSR2: SR_handler in libjvm.so, mask=00100000000000000000000000000000, flags=SA_RESTART|SA_SIGINFO, unblocked
    SIGHUP: UserHandler in libjvm.so, mask=11100100010111111101111111111110, flags=SA_RESTART|SA_SIGINFO, unblocked
    SIGINT: UserHandler in libjvm.so, mask=11100100010111111101111111111110, flags=SA_RESTART|SA_SIGINFO, unblocked
   SIGTERM: UserHandler in libjvm.so, mask=11100100010111111101111111111110, flags=SA_RESTART|SA_SIGINFO, unblocked
   SIGQUIT: UserHandler in libjvm.so, mask=11100100010111111101111111111110, flags=SA_RESTART|SA_SIGINFO, blocked
   SIGTRAP: crash_handler in libjvm.so, mask=11100100010111111101111111111110, flags=SA_RESTART|SA_SIGINFO, unblocked


Periodic native trim disabled


---------------  S Y S T E M  ---------------

OS:
Rocky Linux release 8.10 (Green Obsidian)
uname: Linux 4.18.0-553.47.1.el8_10.x86_64 #1 SMP Thu Apr 3 14:27:08 UTC 2025 x86_64
OS uptime: 88 days 17:21 hours
libc: glibc 2.28 NPTL 2.28 
rlimit (soft/hard): STACK 8192k/infinity , CORE infinity/infinity , NPROC 3094208/3094208 , NOFILE 65536/65536 , AS infinity/infinity , CPU infinity/infinity , DATA infinity/infinity , FSIZE infinity/infinity , MEMLOCK infinity/infinity
load average: 122.30 104.22 74.99

/proc/meminfo:
MemTotal:       792160700 kB
MemFree:        116972472 kB
MemAvailable:   353826320 kB
Buffers:           28000 kB
Cached:         257950568 kB
SwapCached:            0 kB
Active:         92643628 kB
Inactive:       541595260 kB
Active(anon):    9119616 kB
Inactive(anon): 387264808 kB
Active(file):   83524012 kB
Inactive(file): 154330452 kB
Unevictable:    16958460 kB
Mlocked:        16958460 kB
SwapTotal:             0 kB
SwapFree:              0 kB
Dirty:                20 kB
Writeback:             0 kB
AnonPages:      393070636 kB
Mapped:          3396332 kB
Shmem:          19759084 kB
KReclaimable:    4102700 kB
Slab:            6623100 kB
SReclaimable:    4102700 kB
SUnreclaim:      2520400 kB
KernelStack:      108944 kB
PageTables:      1003124 kB
NFS_Unstable:          0 kB
Bounce:                0 kB
WritebackTmp:          0 kB
CommitLimit:    772820100 kB
Committed_AS:   737566376 kB
VmallocTotal:   13743895347199 kB
VmallocUsed:     2470248 kB
VmallocChunk:          0 kB
Percpu:           909312 kB
HardwareCorrupted:     0 kB
AnonHugePages:  131373056 kB
ShmemHugePages:        0 kB
ShmemPmdMapped:        0 kB
FileHugePages:         0 kB
FilePmdMapped:         0 kB
HugePages_Total:    5632
HugePages_Free:        0
HugePages_Rsvd:        0
HugePages_Surp:        0
Hugepagesize:       2048 kB
Hugetlb:        11534336 kB
DirectMap4k:     1240012 kB
DirectMap2M:    201951232 kB
DirectMap1G:    602931200 kB

/sys/kernel/mm/transparent_hugepage/enabled: [always] madvise never
/sys/kernel/mm/transparent_hugepage/hpage_pmd_size: 2097152
/sys/kernel/mm/transparent_hugepage/defrag (defrag/compaction efforts parameter): always defer defer+madvise [madvise] never

Process Memory:
Virtual Size: 36941528K (peak: 36946716K)
Resident Set Size: 404612K (peak: 404612K) (anon: 386304K, file: 18276K, shmem: 32K)
Swapped out: 0K
C-Heap outstanding allocations: 65843K, retained: 101984K
glibc malloc tunables: (default)

/proc/sys/kernel/threads-max (system-wide limit on the number of threads): 6188417
/proc/sys/vm/max_map_count (maximum number of memory map areas a process may have): 65530
/proc/sys/vm/swappiness (control to define how aggressively the kernel swaps out anonymous memory): 10
/proc/sys/kernel/pid_max (system-wide limit on number of process identifiers): 999999

container (cgroup) information:
container_type: cgroupv1
cpu_cpuset_cpus: 0-23
cpu_memory_nodes: 0-1
active_processor_count: 24
cpu_quota: no quota
cpu_period: 100000
cpu_shares: no shares
memory_limit_in_bytes: 536870912 k
memory_and_swap_limit_in_bytes: 536870912 k
memory_soft_limit_in_bytes: unlimited
memory_usage_in_bytes: 373524648 k
memory_max_usage_in_bytes: 441547720 k
kernel_memory_limit_in_bytes: unlimited
kernel_memory_usage_in_bytes: 2627180 k
kernel_memory_max_usage_in_bytes: 2744848 k
maximum number of tasks: unlimited
current number of tasks: 3825

Steal ticks since vm start: 0
Steal ticks percentage since vm start:  0.000

CPU: total 96 (initial active 24) (48 cores per cpu, 1 threads per core) family 25 model 17 stepping 1 microcode 0xa10113b, cx8, cmov, fxsr, mmx, 3dnowpref, sse, sse2, sse3, ssse3, sse4a, sse4.1, sse4.2, popcnt, lzcnt, tsc, tscinvbit, avx, avx2, aes, erms, clmul, bmi1, bmi2, adx, avx512f, avx512dq, avx512cd, avx512bw, avx512vl, sha, fma, vzeroupper, avx512_vpopcntdq, avx512_vpclmulqdq, avx512_vaes, avx512_vnni, clflush, clflushopt, avx512_vbmi2, avx512_vbmi
CPU Model and flags from /proc/cpuinfo:
model name	: AMD EPYC 9454 48-Core Processor
flags		: fpu vme de pse tsc msr pae mce cx8 apic sep mtrr pge mca cmov pat pse36 clflush mmx fxsr sse sse2 ht syscall nx mmxext fxsr_opt pdpe1gb rdtscp lm constant_tsc rep_good amd_lbr_v2 nopl nonstop_tsc cpuid extd_apicid aperfmperf pni pclmulqdq monitor ssse3 fma cx16 pcid sse4_1 sse4_2 x2apic movbe popcnt aes xsave avx f16c rdrand lahf_lm cmp_legacy svm extapic cr8_legacy abm sse4a misalignsse 3dnowprefetch osvw ibs skinit wdt tce topoext perfctr_core perfctr_nb bpext perfctr_llc mwaitx cpb cat_l3 cdp_l3 invpcid_single hw_pstate ssbd mba perfmon_v2 ibrs ibpb stibp ibrs_enhanced vmmcall fsgsbase bmi1 avx2 smep bmi2 erms invpcid cqm rdt_a avx512f avx512dq rdseed adx smap avx512ifma clflushopt clwb avx512cd sha_ni avx512bw avx512vl xsaveopt xsavec xgetbv1 xsaves cqm_llc cqm_occup_llc cqm_mbm_total cqm_mbm_local avx512_bf16 clzero irperf xsaveerptr wbnoinvd amd_ppin cppc arat npt lbrv svm_lock nrip_save tsc_scale vmcb_clean flushbyasid decodeassists pausefilter pfthreshold avic v_vmsave_vmload vgif x2avic v_spec_ctrl avx512vbmi umip pku ospke avx512_vbmi2 gfni vaes vpclmulqdq avx512_vnni avx512_bitalg avx512_vpopcntdq la57 rdpid overflow_recov succor smca fsrm flush_l1d

Online cpus: 0-95
Offline cpus: 96-511
BIOS frequency limitation: 2750000
Frequency switch latency (ns): 0
Available cpu frequencies: 2750000 2100000 1500000 
Current governor: performance
Core performance/turbo boost: 1

Memory: 4k page, physical 536870912k(163365156k free), swap 0k(0k free)
Page Sizes: 4k

vm_info: OpenJDK 64-Bit Server VM (17.0.15+6) for linux-amd64 JRE (17.0.15+6), built on Apr 15 2025 00:00:00 by "admin" with gcc 10.3.0

END.
