#
# There is insufficient memory for the Java Runtime Environment to continue.
# Native memory allocation (mmap) failed to map 2147483648 bytes. Error detail: committing reserved memory.
# Possible reasons:
#   The system is out of physical RAM or swap space
#   This process is running with CompressedOops enabled, and the Java Heap may be blocking the growth of the native heap
# Possible solutions:
#   Reduce memory load on the system
#   Increase physical memory or swap space
#   Check if swap backing store is full
#   Decrease Java heap size (-Xmx/-Xms)
#   Decrease number of Java threads
#   Decrease Java thread stack sizes (-Xss)
#   Set larger code cache with -XX:ReservedCodeCacheSize=
#   JVM is running with Zero Based Compressed Oops mode in which the Java heap is
#     placed in the first 32GB address space. The Java Heap base address is the
#     maximum limit for the native heap growth. Please use -XX:HeapBaseMinAddress
#     to set the Java Heap base and to place the Java Heap above 32GB virtual address.
# This output file may be truncated or incomplete.
#
#  Out of Memory Error (os_linux.cpp:2832), pid=537188, tid=537192
#
# JRE version:  (17.0.15+6) (build )
# Java VM: OpenJDK 64-Bit Server VM (17.0.15+6, mixed mode, sharing, tiered, compressed oops, compressed class ptrs, g1 gc, linux-amd64)
# Core dump will be written. Default location: Core dumps may be processed with "/usr/lib/systemd/systemd-coredump %P %u %g %s %t %c %h %e" (or dumping to /sfs/weka/scratch/wxw9rr/artifact/RQ3/OE25-DEV/commons-beanutils-1.9.4/core.537188)
#

---------------  S U M M A R Y ------------

Command Line: -Dclassworlds.conf=/apps/software/standard/core/maven/3.9.0/bin/m2.conf -Dmaven.home=/apps/software/standard/core/maven/3.9.0 -Dlibrary.jansi.path=/apps/software/standard/core/maven/3.9.0/lib/jansi-native -Dmaven.multiModuleProjectDirectory=/scratch/wxw9rr/artifact/RQ3/OE25-DEV/commons-beanutils-1.9.4 -Djava.io.tmpdir=/sfs/weka/scratch/wxw9rr/tmp -javaagent:/sfs/weka/scratch/wxw9rr/tmp/pitest-agent4979172990101562858.jar -ea -Djava.awt.headless=true -XX:+UseG1GC -Djava.io.tmpdir=/sfs/weka/scratch/wxw9rr/tmp org.pitest.mutationtest.execute.MutationTestMinion 39687

Host: AMD EPYC 9454 48-Core Processor, 96 cores, 512G, Rocky Linux release 8.10 (Green Obsidian)
Time: Mon Jan 12 01:34:01 2026 EST elapsed time: 0.097836 seconds (0d 0h 0m 0s)

---------------  T H R E A D  ---------------

Current thread (0x00007f1c14032990):  JavaThread "Unknown thread" [_thread_in_vm, id=537192, stack(0x00007f1c1d8bc000,0x00007f1c1d9bd000)]

Stack: [0x00007f1c1d8bc000,0x00007f1c1d9bd000],  sp=0x00007f1c1d9bb3e0,  free space=1020k
Native frames: (J=compiled Java code, j=interpreted, Vv=VM code, C=native code)
V  [libjvm.so+0xee9791]  VMError::report_and_die(int, char const*, char const*, __va_list_tag*, Thread*, unsigned char*, void*, void*, char const*, int, unsigned long)+0x1a1
V  [libjvm.so+0xeea37d]  VMError::report_and_die(Thread*, char const*, int, unsigned long, VMErrorType, char const*, __va_list_tag*)+0x2d
V  [libjvm.so+0x60921c]  report_vm_out_of_memory(char const*, int, unsigned long, VMErrorType, char const*, ...)+0xdc
V  [libjvm.so+0xc26ba8]  os::pd_commit_memory_or_exit(char*, unsigned long, unsigned long, bool, char const*)+0xd8
V  [libjvm.so+0xc205ad]  os::commit_memory_or_exit(char*, unsigned long, unsigned long, bool, char const*)+0x1d
V  [libjvm.so+0x73769e]  G1PageBasedVirtualSpace::commit(unsigned long, unsigned long)+0x18e
V  [libjvm.so+0x74bf61]  G1RegionsLargerThanCommitSizeMapper::commit_regions(unsigned int, unsigned long, WorkGang*)+0x1a1
V  [libjvm.so+0x7de418]  HeapRegionManager::commit_regions(unsigned int, unsigned long, WorkGang*)+0x58
V  [libjvm.so+0x7e0262]  HeapRegionManager::expand(unsigned int, unsigned int, WorkGang*)+0x32
V  [libjvm.so+0x7e048e]  HeapRegionManager::expand_by(unsigned int, WorkGang*)+0x7e
V  [libjvm.so+0x6f0fbf]  G1CollectedHeap::expand(unsigned long, WorkGang*, double*)+0xef
V  [libjvm.so+0x6f176f]  G1CollectedHeap::initialize()+0x72f
V  [libjvm.so+0xe97b96]  universe_init()+0xd6
V  [libjvm.so+0x800c87]  init_globals()+0x37
V  [libjvm.so+0xe6df8f]  Threads::create_vm(JavaVMInitArgs*, bool*)+0x36f
V  [libjvm.so+0x8c00ef]  JNI_CreateJavaVM+0x4f
C  [libjli.so+0x9c6f]  JavaMain+0x8f
C  [libjli.so+0xdf99]  ThreadJavaMain+0x9


---------------  P R O C E S S  ---------------

Threads class SMR info:
_java_thread_list=0x00007f1c1cfbe4e0, length=0, elements={
}

Java Threads: ( => current thread )

Other Threads:
  0x00007f1c140680c0 GCTaskThread "GC Thread#0" [stack: 0x00007f1c198f8000,0x00007f1c199f8000] [id=537200]
  0x00007f1c140786e0 ConcurrentGCThread "G1 Main Marker" [stack: 0x00007f1c197f7000,0x00007f1c198f7000] [id=537201]
  0x00007f1c14079660 ConcurrentGCThread "G1 Conc#0" [stack: 0x00007f1c196f6000,0x00007f1c197f6000] [id=537203]

[error occurred during error reporting (printing all threads), id 0xb, SIGSEGV (0xb) at pc=0x00007f1c1c37fb90]

VM state: not at safepoint (not fully initialized)

VM Mutex/Monitor currently owned by a thread:  ([mutex/lock_event])
[0x00007f1c1402e970] Heap_lock - owner thread: 0x00007f1c14032990

Heap address: 0x0000000082000000, size: 30688 MB, Compressed Oops mode: Zero based, Oop shift amount: 3

CDS archive(s) mapped at: [0x0000000000000000-0x0000000000000000-0x0000000000000000), size 0, SharedBaseAddress: 0x0000000800000000, ArchiveRelocationMode: 1.
Narrow klass base: 0x0000000000000000, Narrow klass shift: 0, Narrow klass range: 0x0

GC Precious Log:
<Empty>

Heap:
 garbage-first heap   total 0K, used 0K [0x0000000082000000, 0x0000000800000000)
  region size 16384K, 0 young (0K), 0 survivors (0K)

[error occurred during error reporting (printing heap information), id 0xb, SIGSEGV (0xb) at pc=0x00007f1c1c945daa]

GC Heap History (0 events):
No events

Dll operation events (2 events):
Event: 0.056 Loaded shared library /sfs/gpfs/tardis/applications/202512/software/standard/core/java/17/lib/libjava.so
Event: 0.058 Loaded shared library /sfs/gpfs/tardis/applications/202512/software/standard/core/java/17/lib/libzip.so

Deoptimization events (0 events):
No events

Classes loaded (0 events):
No events

Classes unloaded (0 events):
No events

Classes redefined (0 events):
No events

Internal exceptions (0 events):
No events

VM Operations (0 events):
No events

Memory protections (1 events):
Event: 0.046 Protecting memory [0x00007f1c1d8bc000,0x00007f1c1d8c0000] with protection modes 0

Nmethod flushes (0 events):
No events

Events (0 events):
No events


Dynamic libraries:
102000000-800000000 ---p 00000000 00:00 0 
55b3e7b26000-55b3e7b27000 r--p 00000000 00:33 8596472430                 /sfs/gpfs/tardis/applications/202512/software/standard/core/java/17/bin/java
55b3e7b27000-55b3e7b28000 r-xp 00001000 00:33 8596472430                 /sfs/gpfs/tardis/applications/202512/software/standard/core/java/17/bin/java
55b3e7b28000-55b3e7b29000 r--p 00002000 00:33 8596472430                 /sfs/gpfs/tardis/applications/202512/software/standard/core/java/17/bin/java
55b3e7b29000-55b3e7b2a000 r--p 00002000 00:33 8596472430                 /sfs/gpfs/tardis/applications/202512/software/standard/core/java/17/bin/java
55b3e7b2a000-55b3e7b2b000 rw-p 00003000 00:33 8596472430                 /sfs/gpfs/tardis/applications/202512/software/standard/core/java/17/bin/java
55b3e7cb5000-55b3e7cfd000 rw-p 00000000 00:00 0                          [heap]
7f1ba8000000-7f1ba8021000 rw-p 00000000 00:00 0 
7f1ba8021000-7f1bac000000 ---p 00000000 00:00 0 
7f1bac000000-7f1bac021000 rw-p 00000000 00:00 0 
7f1bac021000-7f1bb0000000 ---p 00000000 00:00 0 
7f1bb0000000-7f1bb0021000 rw-p 00000000 00:00 0 
7f1bb0021000-7f1bb4000000 ---p 00000000 00:00 0 
7f1bb412e000-7f1bb612e000 rw-p 00000000 00:00 0 
7f1bb612e000-7f1bfd3fe000 ---p 00000000 00:00 0 
7f1bfd3fe000-7f1bfd66e000 rwxp 00000000 00:00 0 
7f1bfd66e000-7f1c0485d000 ---p 00000000 00:00 0 
7f1c0485d000-7f1c04acd000 rwxp 00000000 00:00 0 
7f1c04acd000-7f1c04f9e000 ---p 00000000 00:00 0 
7f1c04f9e000-7f1c0520e000 rwxp 00000000 00:00 0 
7f1c0520e000-7f1c0c3fe000 ---p 00000000 00:00 0 
7f1c0c3fe000-7f1c14000000 r--s 00000000 00:33 8596472637                 /sfs/gpfs/tardis/applications/202512/software/standard/core/java/17/lib/modules
7f1c14000000-7f1c140d5000 rw-p 00000000 00:00 0 
7f1c140d5000-7f1c18000000 ---p 00000000 00:00 0 
7f1c180fb000-7f1c196f5000 rw-p 00000000 00:00 0 
7f1c196f5000-7f1c196f6000 ---p 00000000 00:00 0 
7f1c196f6000-7f1c197f6000 rw-p 00000000 00:00 0 
7f1c197f6000-7f1c197f7000 ---p 00000000 00:00 0 
7f1c197f7000-7f1c198f7000 rw-p 00000000 00:00 0 
7f1c198f7000-7f1c198f8000 ---p 00000000 00:00 0 
7f1c198f8000-7f1c1ae6b000 rw-p 00000000 00:00 0 
7f1c1ae6b000-7f1c1af4f000 ---p 00000000 00:00 0 
7f1c1af4f000-7f1c1af54000 rw-p 00000000 00:00 0 
7f1c1af54000-7f1c1b038000 ---p 00000000 00:00 0 
7f1c1b038000-7f1c1b03a000 r--p 00000000 00:33 8596472636                 /sfs/gpfs/tardis/applications/202512/software/standard/core/java/17/lib/libzip.so
7f1c1b03a000-7f1c1b04c000 r-xp 00002000 00:33 8596472636                 /sfs/gpfs/tardis/applications/202512/software/standard/core/java/17/lib/libzip.so
7f1c1b04c000-7f1c1b054000 r--p 00014000 00:33 8596472636                 /sfs/gpfs/tardis/applications/202512/software/standard/core/java/17/lib/libzip.so
7f1c1b054000-7f1c1b055000 r--p 0001b000 00:33 8596472636                 /sfs/gpfs/tardis/applications/202512/software/standard/core/java/17/lib/libzip.so
7f1c1b055000-7f1c1b056000 rw-p 0001c000 00:33 8596472636                 /sfs/gpfs/tardis/applications/202512/software/standard/core/java/17/lib/libzip.so
7f1c1b056000-7f1c1b061000 r-xp 00000000 00:29 41352995                   /usr/lib64/libnss_files-2.28.so
7f1c1b061000-7f1c1b261000 ---p 0000b000 00:29 41352995                   /usr/lib64/libnss_files-2.28.so
7f1c1b261000-7f1c1b262000 r--p 0000b000 00:29 41352995                   /usr/lib64/libnss_files-2.28.so
7f1c1b262000-7f1c1b263000 rw-p 0000c000 00:29 41352995                   /usr/lib64/libnss_files-2.28.so
7f1c1b263000-7f1c1b269000 rw-p 00000000 00:00 0 
7f1c1b269000-7f1c1b270000 r-xp 00000000 00:29 41352993                   /usr/lib64/libnss_db-2.28.so
7f1c1b270000-7f1c1b46f000 ---p 00007000 00:29 41352993                   /usr/lib64/libnss_db-2.28.so
7f1c1b46f000-7f1c1b470000 r--p 00006000 00:29 41352993                   /usr/lib64/libnss_db-2.28.so
7f1c1b470000-7f1c1b471000 rw-p 00007000 00:29 41352993                   /usr/lib64/libnss_db-2.28.so
7f1c1b471000-7f1c1b474000 rw-p 00000000 00:00 0 
7f1c1b474000-7f1c1b6ec000 r--p 00000000 00:29 42290259                   /usr/lib/locale/en_US.utf8/LC_COLLATE
7f1c1b6ec000-7f1c1b86d000 r-xp 00000000 00:29 41352876                   /usr/lib64/libm-2.28.so
7f1c1b86d000-7f1c1ba6c000 ---p 00181000 00:29 41352876                   /usr/lib64/libm-2.28.so
7f1c1ba6c000-7f1c1ba6d000 r--p 00180000 00:29 41352876                   /usr/lib64/libm-2.28.so
7f1c1ba6d000-7f1c1ba6e000 rw-p 00181000 00:29 41352876                   /usr/lib64/libm-2.28.so
7f1c1ba6e000-7f1c1ba75000 r-xp 00000000 00:29 41353205                   /usr/lib64/librt-2.28.so
7f1c1ba75000-7f1c1bc74000 ---p 00007000 00:29 41353205                   /usr/lib64/librt-2.28.so
7f1c1bc74000-7f1c1bc75000 r--p 00006000 00:29 41353205                   /usr/lib64/librt-2.28.so
7f1c1bc75000-7f1c1bc76000 rw-p 00007000 00:29 41353205                   /usr/lib64/librt-2.28.so
7f1c1bc76000-7f1c1bec9000 r--p 00000000 00:33 8596472651                 /sfs/gpfs/tardis/applications/202512/software/standard/core/java/17/lib/server/libjvm.so
7f1c1bec9000-7f1c1cbf2000 r-xp 00253000 00:33 8596472651                 /sfs/gpfs/tardis/applications/202512/software/standard/core/java/17/lib/server/libjvm.so
7f1c1cbf2000-7f1c1ce7f000 r--p 00f7c000 00:33 8596472651                 /sfs/gpfs/tardis/applications/202512/software/standard/core/java/17/lib/server/libjvm.so
7f1c1ce7f000-7f1c1ce80000 ---p 01209000 00:33 8596472651                 /sfs/gpfs/tardis/applications/202512/software/standard/core/java/17/lib/server/libjvm.so
7f1c1ce80000-7f1c1cf39000 r--p 01209000 00:33 8596472651                 /sfs/gpfs/tardis/applications/202512/software/standard/core/java/17/lib/server/libjvm.so
7f1c1cf39000-7f1c1cf6e000 rw-p 012c2000 00:33 8596472651                 /sfs/gpfs/tardis/applications/202512/software/standard/core/java/17/lib/server/libjvm.so
7f1c1cf6e000-7f1c1cfc9000 rw-p 00000000 00:00 0 
7f1c1cfc9000-7f1c1d196000 r-xp 00000000 00:29 41352421                   /usr/lib64/libc-2.28.so
7f1c1d196000-7f1c1d395000 ---p 001cd000 00:29 41352421                   /usr/lib64/libc-2.28.so
7f1c1d395000-7f1c1d399000 r--p 001cc000 00:29 41352421                   /usr/lib64/libc-2.28.so
7f1c1d399000-7f1c1d39b000 rw-p 001d0000 00:29 41352421                   /usr/lib64/libc-2.28.so
7f1c1d39b000-7f1c1d39f000 rw-p 00000000 00:00 0 
7f1c1d39f000-7f1c1d3a2000 r-xp 00000000 00:29 41352530                   /usr/lib64/libdl-2.28.so
7f1c1d3a2000-7f1c1d5a1000 ---p 00003000 00:29 41352530                   /usr/lib64/libdl-2.28.so
7f1c1d5a1000-7f1c1d5a2000 r--p 00002000 00:29 41352530                   /usr/lib64/libdl-2.28.so
7f1c1d5a2000-7f1c1d5a3000 rw-p 00003000 00:29 41352530                   /usr/lib64/libdl-2.28.so
7f1c1d5a3000-7f1c1d5be000 r-xp 00000000 00:29 41353149                   /usr/lib64/libpthread-2.28.so
7f1c1d5be000-7f1c1d7bd000 ---p 0001b000 00:29 41353149                   /usr/lib64/libpthread-2.28.so
7f1c1d7bd000-7f1c1d7be000 r--p 0001a000 00:29 41353149                   /usr/lib64/libpthread-2.28.so
7f1c1d7be000-7f1c1d7bf000 rw-p 0001b000 00:29 41353149                   /usr/lib64/libpthread-2.28.so
7f1c1d7bf000-7f1c1d7c3000 rw-p 00000000 00:00 0 
7f1c1d7c3000-7f1c1d7f2000 r-xp 00000000 00:29 41352045                   /usr/lib64/ld-2.28.so
7f1c1d7fb000-7f1c1d800000 rw-p 00000000 00:00 0 
7f1c1d800000-7f1c1d80a000 ---p 00000000 00:00 0 
7f1c1d80a000-7f1c1d80b000 r--s 00000000 203:97233 14537680636769927169   /sfs/weka/scratch/wxw9rr/tmp/pitest-agent4979172990101562858.jar
7f1c1d80b000-7f1c1d813000 rw-s 00000000 00:2d 86226971                   /tmp/hsperfdata_wxw9rr/537188
7f1c1d813000-7f1c1d866000 r--p 00000000 00:29 42289927                   /usr/lib/locale/C.utf8/LC_CTYPE
7f1c1d866000-7f1c1d867000 r--p 00000000 00:29 42290264                   /usr/lib/locale/en_US.utf8/LC_NUMERIC
7f1c1d867000-7f1c1d868000 r--p 00000000 00:29 42290267                   /usr/lib/locale/en_US.utf8/LC_TIME
7f1c1d868000-7f1c1d869000 r--p 00000000 00:29 42290262                   /usr/lib/locale/en_US.utf8/LC_MONETARY
7f1c1d869000-7f1c1d86a000 r--p 00000000 00:29 42290268                   /usr/lib/locale/en_US.utf8/LC_MESSAGES/SYS_LC_MESSAGES
7f1c1d86a000-7f1c1d86b000 r--p 00000000 00:29 42290265                   /usr/lib/locale/en_US.utf8/LC_PAPER
7f1c1d86b000-7f1c1d872000 r--s 00000000 00:29 41660342                   /usr/lib64/gconv/gconv-modules.cache
7f1c1d872000-7f1c1d880000 r--p 00000000 00:33 8596472613                 /sfs/gpfs/tardis/applications/202512/software/standard/core/java/17/lib/libjava.so
7f1c1d880000-7f1c1d892000 r-xp 0000e000 00:33 8596472613                 /sfs/gpfs/tardis/applications/202512/software/standard/core/java/17/lib/libjava.so
7f1c1d892000-7f1c1d898000 r--p 00020000 00:33 8596472613                 /sfs/gpfs/tardis/applications/202512/software/standard/core/java/17/lib/libjava.so
7f1c1d898000-7f1c1d899000 ---p 00026000 00:33 8596472613                 /sfs/gpfs/tardis/applications/202512/software/standard/core/java/17/lib/libjava.so
7f1c1d899000-7f1c1d89a000 r--p 00026000 00:33 8596472613                 /sfs/gpfs/tardis/applications/202512/software/standard/core/java/17/lib/libjava.so
7f1c1d89a000-7f1c1d89b000 rw-p 00027000 00:33 8596472613                 /sfs/gpfs/tardis/applications/202512/software/standard/core/java/17/lib/libjava.so
7f1c1d89b000-7f1c1d89c000 rw-p 00000000 00:00 0 
7f1c1d89c000-7f1c1d8a0000 r--p 00000000 00:33 8596472617                 /sfs/gpfs/tardis/applications/202512/software/standard/core/java/17/lib/libjimage.so
7f1c1d8a0000-7f1c1d8b3000 r-xp 00004000 00:33 8596472617                 /sfs/gpfs/tardis/applications/202512/software/standard/core/java/17/lib/libjimage.so
7f1c1d8b3000-7f1c1d8b9000 r--p 00017000 00:33 8596472617                 /sfs/gpfs/tardis/applications/202512/software/standard/core/java/17/lib/libjimage.so
7f1c1d8b9000-7f1c1d8bb000 r--p 0001c000 00:33 8596472617                 /sfs/gpfs/tardis/applications/202512/software/standard/core/java/17/lib/libjimage.so
7f1c1d8bb000-7f1c1d8bc000 rw-p 0001e000 00:33 8596472617                 /sfs/gpfs/tardis/applications/202512/software/standard/core/java/17/lib/libjimage.so
7f1c1d8bc000-7f1c1d8c0000 ---p 00000000 00:00 0 
7f1c1d8c0000-7f1c1d9bf000 rw-p 00000000 00:00 0 
7f1c1d9bf000-7f1c1d9c0000 r--p 00000000 00:29 42290263                   /usr/lib/locale/en_US.utf8/LC_NAME
7f1c1d9c0000-7f1c1d9c1000 r--p 00000000 00:29 42290258                   /usr/lib/locale/en_US.utf8/LC_ADDRESS
7f1c1d9c1000-7f1c1d9c2000 r--p 00000000 00:29 42290266                   /usr/lib/locale/en_US.utf8/LC_TELEPHONE
7f1c1d9c2000-7f1c1d9c3000 r--p 00000000 00:29 42290261                   /usr/lib/locale/en_US.utf8/LC_MEASUREMENT
7f1c1d9c3000-7f1c1d9c4000 r--p 00000000 00:29 42290260                   /usr/lib/locale/en_US.utf8/LC_IDENTIFICATION
7f1c1d9c4000-7f1c1d9c6000 r--p 00000000 00:33 8596472608                 /sfs/gpfs/tardis/applications/202512/software/standard/core/java/17/lib/libinstrument.so
7f1c1d9c6000-7f1c1d9cc000 r-xp 00002000 00:33 8596472608                 /sfs/gpfs/tardis/applications/202512/software/standard/core/java/17/lib/libinstrument.so
7f1c1d9cc000-7f1c1d9cf000 r--p 00008000 00:33 8596472608                 /sfs/gpfs/tardis/applications/202512/software/standard/core/java/17/lib/libinstrument.so
7f1c1d9cf000-7f1c1d9d0000 r--p 0000a000 00:33 8596472608                 /sfs/gpfs/tardis/applications/202512/software/standard/core/java/17/lib/libinstrument.so
7f1c1d9d0000-7f1c1d9d1000 rw-p 0000b000 00:33 8596472608                 /sfs/gpfs/tardis/applications/202512/software/standard/core/java/17/lib/libinstrument.so
7f1c1d9d1000-7f1c1d9d2000 ---p 00000000 00:00 0 
7f1c1d9d2000-7f1c1d9d3000 r--p 00000000 00:00 0 
7f1c1d9d3000-7f1c1d9d4000 ---p 00000000 00:00 0 
7f1c1d9d4000-7f1c1d9d7000 r--p 00000000 00:33 8596472618                 /sfs/gpfs/tardis/applications/202512/software/standard/core/java/17/lib/libjli.so
7f1c1d9d7000-7f1c1d9e7000 r-xp 00003000 00:33 8596472618                 /sfs/gpfs/tardis/applications/202512/software/standard/core/java/17/lib/libjli.so
7f1c1d9e7000-7f1c1d9ee000 r--p 00013000 00:33 8596472618                 /sfs/gpfs/tardis/applications/202512/software/standard/core/java/17/lib/libjli.so
7f1c1d9ee000-7f1c1d9ef000 r--p 00019000 00:33 8596472618                 /sfs/gpfs/tardis/applications/202512/software/standard/core/java/17/lib/libjli.so
7f1c1d9ef000-7f1c1d9f0000 rw-p 0001a000 00:33 8596472618                 /sfs/gpfs/tardis/applications/202512/software/standard/core/java/17/lib/libjli.so
7f1c1d9f0000-7f1c1d9f2000 rw-p 00000000 00:00 0 
7f1c1d9f2000-7f1c1d9f3000 r--p 0002f000 00:29 41352045                   /usr/lib64/ld-2.28.so
7f1c1d9f3000-7f1c1d9f5000 rw-p 00030000 00:29 41352045                   /usr/lib64/ld-2.28.so
7fff2a5bb000-7fff2a5e0000 rw-p 00000000 00:00 0                          [stack]
7fff2a5eb000-7fff2a5ef000 r--p 00000000 00:00 0                          [vvar]
7fff2a5ef000-7fff2a5f1000 r-xp 00000000 00:00 0                          [vdso]
ffffffffff600000-ffffffffff601000 r-xp 00000000 00:00 0                  [vsyscall]


VM Arguments:
jvm_args: -Dclassworlds.conf=/apps/software/standard/core/maven/3.9.0/bin/m2.conf -Dmaven.home=/apps/software/standard/core/maven/3.9.0 -Dlibrary.jansi.path=/apps/software/standard/core/maven/3.9.0/lib/jansi-native -Dmaven.multiModuleProjectDirectory=/scratch/wxw9rr/artifact/RQ3/OE25-DEV/commons-beanutils-1.9.4 -Djava.io.tmpdir=/sfs/weka/scratch/wxw9rr/tmp -javaagent:/sfs/weka/scratch/wxw9rr/tmp/pitest-agent4979172990101562858.jar -ea -Djava.awt.headless=true -XX:+UseG1GC -Djava.io.tmpdir=/sfs/weka/scratch/wxw9rr/tmp 
java_command: org.pitest.mutationtest.execute.MutationTestMinion 39687
java_class_path (initial): /sfs/weka/scratch/wxw9rr/artifact/RQ3/OE25-DEV/commons-beanutils-1.9.4/target/test-classes:/sfs/weka/scratch/wxw9rr/artifact/RQ3/OE25-DEV/commons-beanutils-1.9.4/target/classes:/home/wxw9rr/.m2/repository/commons-logging/commons-logging/1.2/commons-logging-1.2.jar:/home/wxw9rr/.m2/repository/commons-collections/commons-collections/3.2.2/commons-collections-3.2.2.jar:/home/wxw9rr/.m2/repository/commons-collections/commons-collections-testframework/3.2.1/commons-collections-testframework-3.2.1.jar:/home/wxw9rr/.m2/repository/junit/junit/4.12/junit-4.12.jar:/home/wxw9rr/.m2/repository/org/hamcrest/hamcrest-core/1.3/hamcrest-core-1.3.jar:/home/wxw9rr/.m2/repository/org/pitest/pitest/1.22.0/pitest-1.22.0.jar
Launcher Type: SUN_STANDARD

[Global flags]
     intx CICompilerCount                          = 12                                        {product} {ergonomic}
     uint ConcGCThreads                            = 5                                         {product} {ergonomic}
     uint G1ConcRefinementThreads                  = 18                                        {product} {ergonomic}
   size_t G1HeapRegionSize                         = 16777216                                  {product} {ergonomic}
    uintx GCDrainStackTargetSize                   = 64                                        {product} {ergonomic}
   size_t InitialHeapSize                          = 2147483648                                {product} {ergonomic}
   size_t MarkStackSize                            = 4194304                                   {product} {ergonomic}
   size_t MaxHeapSize                              = 32178700288                               {product} {ergonomic}
   size_t MinHeapDeltaBytes                        = 16777216                                  {product} {ergonomic}
   size_t MinHeapSize                              = 16777216                                  {product} {ergonomic}
    uintx NonNMethodCodeHeapSize                   = 7602480                                {pd product} {ergonomic}
    uintx NonProfiledCodeHeapSize                  = 122027880                              {pd product} {ergonomic}
    uintx ProfiledCodeHeapSize                     = 122027880                              {pd product} {ergonomic}
    uintx ReservedCodeCacheSize                    = 251658240                              {pd product} {ergonomic}
     bool SegmentedCodeCache                       = true                                      {product} {ergonomic}
   size_t SoftMaxHeapSize                          = 32178700288                            {manageable} {ergonomic}
     bool UseCompressedClassPointers               = true                           {product lp64_product} {ergonomic}
     bool UseCompressedOops                        = true                           {product lp64_product} {ergonomic}
     bool UseG1GC                                  = true                                      {product} {command line}

Logging:
Log output configuration:
 #0: stdout all=warning uptime,level,tags
 #1: stderr all=off uptime,level,tags

Environment Variables:
JAVA_HOME=/apps/software/standard/core/java/17
_JAVA_OPTIONS=-Djava.io.tmpdir=/sfs/weka/scratch/wxw9rr/tmp
PATH=/apps/software/standard/core/java/17:/apps/software/standard/core/java/17/bin:/apps/software/standard/core/maven/3.9.0:/apps/software/standard/core/maven/3.9.0/bin:/home/wxw9rr/.local/bin:/opt/mam/9.1.2/bin:/sfs/gpfs/tardis/applications/202512/software/standard/core/code-server/4.99.1/lib/vscode/bin/remote-cli:/apps/software/standard/core/code-server/4.99.1/bin:/apps/software/standard/core/miniforge/24.3.0-py3.11:/apps/software/standard/core/miniforge/24.3.0-py3.11/sbin:/apps/software/standard/core/miniforge/24.3.0-py3.11/bin:/sfs/gpfs/tardis/home/wxw9rr/miniforge3/bin:/sfs/gpfs/tardis/home/wxw9rr/miniforge3/condabin:/usr/local/bin:/usr/bin:/usr/local/sbin:/usr/sbin:/opt/slurm/current/bin:/opt/rci/bin:/share/resources/HPCtools:/opt/mam/current/bin:/opt/apptainer/current/bin:/sfs/gpfs/tardis/home/wxw9rr/.local/bin
LD_LIBRARY_PATH=/apps/software/standard/core/java/17/lib:/apps/software/standard/core/maven/3.9.0/lib:/opt/slurm/current/lib
SHELL=/bin/bash
LANG=en_US.UTF-8
TERM=xterm-256color
TMPDIR=/sfs/weka/scratch/wxw9rr/tmp
TMP=/sfs/weka/scratch/wxw9rr/tmp
TEMP=/sfs/weka/scratch/wxw9rr/tmp

Active Locale:
LC_ALL=en_US.UTF-8
LC_COLLATE=en_US.UTF-8
LC_CTYPE=en_US.UTF-8
LC_MESSAGES=en_US.UTF-8
LC_MONETARY=en_US.UTF-8
LC_NUMERIC=en_US.UTF-8
LC_TIME=en_US.UTF-8

Signal Handlers:
   SIGSEGV: crash_handler in libjvm.so, mask=11100100010111111101111111111110, flags=SA_RESTART|SA_SIGINFO, unblocked
    SIGBUS: crash_handler in libjvm.so, mask=11100100010111111101111111111110, flags=SA_RESTART|SA_SIGINFO, unblocked
    SIGFPE: crash_handler in libjvm.so, mask=11100100010111111101111111111110, flags=SA_RESTART|SA_SIGINFO, unblocked
   SIGPIPE: javaSignalHandler in libjvm.so, mask=11100100010111111101111111111110, flags=SA_RESTART|SA_SIGINFO, blocked
   SIGXFSZ: javaSignalHandler in libjvm.so, mask=11100100010111111101111111111110, flags=SA_RESTART|SA_SIGINFO, blocked
    SIGILL: crash_handler in libjvm.so, mask=11100100010111111101111111111110, flags=SA_RESTART|SA_SIGINFO, unblocked
   SIGUSR2: SR_handler in libjvm.so, mask=00100000000000000000000000000000, flags=SA_RESTART|SA_SIGINFO, blocked
    SIGHUP: SIG_DFL, mask=00000000000000000000000000000000, flags=none, blocked
    SIGINT: SIG_DFL, mask=00000000000000000000000000000000, flags=none, blocked
   SIGTERM: SIG_DFL, mask=00000000000000000000000000000000, flags=none, blocked
   SIGQUIT: UserHandler in libjvm.so, mask=11100100010111111101111111111110, flags=SA_RESTART|SA_SIGINFO, blocked
   SIGTRAP: crash_handler in libjvm.so, mask=11100100010111111101111111111110, flags=SA_RESTART|SA_SIGINFO, unblocked


Periodic native trim disabled


---------------  S Y S T E M  ---------------

OS:
Rocky Linux release 8.10 (Green Obsidian)
uname: Linux 4.18.0-553.47.1.el8_10.x86_64 #1 SMP Thu Apr 3 14:27:08 UTC 2025 x86_64
OS uptime: 88 days 16:47 hours
libc: glibc 2.28 NPTL 2.28 
rlimit (soft/hard): STACK 8192k/infinity , CORE infinity/infinity , NPROC 3094208/3094208 , NOFILE 65536/65536 , AS infinity/infinity , CPU infinity/infinity , DATA infinity/infinity , FSIZE infinity/infinity , MEMLOCK infinity/infinity
load average: 119.47 81.88 50.51

/proc/meminfo:
MemTotal:       792160700 kB
MemFree:        27611272 kB
MemAvailable:   274420860 kB
Buffers:           28800 kB
Cached:         267848144 kB
SwapCached:            0 kB
Active:         94234720 kB
Inactive:       629264860 kB
Active(anon):    9669348 kB
Inactive(anon): 466083188 kB
Active(file):   84565372 kB
Inactive(file): 163181672 kB
Unevictable:    16958460 kB
Mlocked:        16958460 kB
SwapTotal:             0 kB
SwapFree:              0 kB
Dirty:                16 kB
Writeback:             0 kB
AnonPages:      472461960 kB
Mapped:          3437428 kB
Shmem:          19764880 kB
KReclaimable:    4133092 kB
Slab:            6656472 kB
SReclaimable:    4133092 kB
SUnreclaim:      2523380 kB
KernelStack:      111120 kB
PageTables:      1070812 kB
NFS_Unstable:          0 kB
Bounce:                0 kB
WritebackTmp:          0 kB
CommitLimit:    772820100 kB
Committed_AS:   772639380 kB
VmallocTotal:   13743895347199 kB
VmallocUsed:     2471960 kB
VmallocChunk:          0 kB
Percpu:           909312 kB
HardwareCorrupted:     0 kB
AnonHugePages:  170606592 kB
ShmemHugePages:        0 kB
ShmemPmdMapped:        0 kB
FileHugePages:         0 kB
FilePmdMapped:         0 kB
HugePages_Total:    5632
HugePages_Free:        0
HugePages_Rsvd:        0
HugePages_Surp:        0
Hugepagesize:       2048 kB
Hugetlb:        11534336 kB
DirectMap4k:     1240012 kB
DirectMap2M:    201951232 kB
DirectMap1G:    602931200 kB

/sys/kernel/mm/transparent_hugepage/enabled: [always] madvise never
/sys/kernel/mm/transparent_hugepage/hpage_pmd_size: 2097152
/sys/kernel/mm/transparent_hugepage/defrag (defrag/compaction efforts parameter): always defer defer+madvise [madvise] never

Process Memory:
Virtual Size: 31252716K (peak: 33345868K)
Resident Set Size: 14860K (peak: 14860K) (anon: 7224K, file: 7604K, shmem: 32K)
Swapped out: 0K
C-Heap outstanding allocations: 43468K, retained: 535K
glibc malloc tunables: (default)

/proc/sys/kernel/threads-max (system-wide limit on the number of threads): 6188417
/proc/sys/vm/max_map_count (maximum number of memory map areas a process may have): 65530
/proc/sys/vm/swappiness (control to define how aggressively the kernel swaps out anonymous memory): 10
/proc/sys/kernel/pid_max (system-wide limit on number of process identifiers): 999999

container (cgroup) information:
container_type: cgroupv1
cpu_cpuset_cpus: 0-23
cpu_memory_nodes: 0-1
active_processor_count: 24
cpu_quota: no quota
cpu_period: 100000
cpu_shares: no shares
memory_limit_in_bytes: 536870912 k
memory_and_swap_limit_in_bytes: 536870912 k
memory_soft_limit_in_bytes: unlimited
memory_usage_in_bytes: 409170932 k
memory_max_usage_in_bytes: 421492784 k
kernel_memory_limit_in_bytes: unlimited
kernel_memory_usage_in_bytes: 2434524 k
kernel_memory_max_usage_in_bytes: 2502452 k
maximum number of tasks: unlimited
current number of tasks: 3978

Steal ticks since vm start: 0
Steal ticks percentage since vm start:  0.000

CPU: total 96 (initial active 24) (48 cores per cpu, 1 threads per core) family 25 model 17 stepping 1 microcode 0xa10113b, cx8, cmov, fxsr, mmx, 3dnowpref, sse, sse2, sse3, ssse3, sse4a, sse4.1, sse4.2, popcnt, lzcnt, tsc, tscinvbit, avx, avx2, aes, erms, clmul, bmi1, bmi2, adx, avx512f, avx512dq, avx512cd, avx512bw, avx512vl, sha, fma, vzeroupper, avx512_vpopcntdq, avx512_vpclmulqdq, avx512_vaes, avx512_vnni, clflush, clflushopt, avx512_vbmi2, avx512_vbmi
CPU Model and flags from /proc/cpuinfo:
model name	: AMD EPYC 9454 48-Core Processor
flags		: fpu vme de pse tsc msr pae mce cx8 apic sep mtrr pge mca cmov pat pse36 clflush mmx fxsr sse sse2 ht syscall nx mmxext fxsr_opt pdpe1gb rdtscp lm constant_tsc rep_good amd_lbr_v2 nopl nonstop_tsc cpuid extd_apicid aperfmperf pni pclmulqdq monitor ssse3 fma cx16 pcid sse4_1 sse4_2 x2apic movbe popcnt aes xsave avx f16c rdrand lahf_lm cmp_legacy svm extapic cr8_legacy abm sse4a misalignsse 3dnowprefetch osvw ibs skinit wdt tce topoext perfctr_core perfctr_nb bpext perfctr_llc mwaitx cpb cat_l3 cdp_l3 invpcid_single hw_pstate ssbd mba perfmon_v2 ibrs ibpb stibp ibrs_enhanced vmmcall fsgsbase bmi1 avx2 smep bmi2 erms invpcid cqm rdt_a avx512f avx512dq rdseed adx smap avx512ifma clflushopt clwb avx512cd sha_ni avx512bw avx512vl xsaveopt xsavec xgetbv1 xsaves cqm_llc cqm_occup_llc cqm_mbm_total cqm_mbm_local avx512_bf16 clzero irperf xsaveerptr wbnoinvd amd_ppin cppc arat npt lbrv svm_lock nrip_save tsc_scale vmcb_clean flushbyasid decodeassists pausefilter pfthreshold avic v_vmsave_vmload vgif x2avic v_spec_ctrl avx512vbmi umip pku ospke avx512_vbmi2 gfni vaes vpclmulqdq avx512_vnni avx512_bitalg avx512_vpopcntdq la57 rdpid overflow_recov succor smca fsrm flush_l1d

Online cpus: 0-95
Offline cpus: 96-511
BIOS frequency limitation: 2750000
Frequency switch latency (ns): 0
Available cpu frequencies: 2750000 2100000 1500000 
Current governor: performance
Core performance/turbo boost: 1

Memory: 4k page, physical 536870912k(127708388k free), swap 0k(0k free)
Page Sizes: 4k

vm_info: OpenJDK 64-Bit Server VM (17.0.15+6) for linux-amd64 JRE (17.0.15+6), built on Apr 15 2025 00:00:00 by "admin" with gcc 10.3.0

END.
