#
# There is insufficient memory for the Java Runtime Environment to continue.
# Native memory allocation (mmap) failed to map 4362076160 bytes. Error detail: committing reserved memory.
# Possible reasons:
#   The system is out of physical RAM or swap space
#   This process is running with CompressedOops enabled, and the Java Heap may be blocking the growth of the native heap
# Possible solutions:
#   Reduce memory load on the system
#   Increase physical memory or swap space
#   Check if swap backing store is full
#   Decrease Java heap size (-Xmx/-Xms)
#   Decrease number of Java threads
#   Decrease Java thread stack sizes (-Xss)
#   Set larger code cache with -XX:ReservedCodeCacheSize=
#   JVM is running with Zero Based Compressed Oops mode in which the Java heap is
#     placed in the first 32GB address space. The Java Heap base address is the
#     maximum limit for the native heap growth. Please use -XX:HeapBaseMinAddress
#     to set the Java Heap base and to place the Java Heap above 32GB virtual address.
# This output file may be truncated or incomplete.
#
#  Out of Memory Error (os_linux.cpp:2832), pid=696930, tid=696946
#
# JRE version: OpenJDK Runtime Environment Temurin-17.0.15+6 (17.0.15+6) (build 17.0.15+6)
# Java VM: OpenJDK 64-Bit Server VM Temurin-17.0.15+6 (17.0.15+6, mixed mode, sharing, tiered, compressed oops, compressed class ptrs, g1 gc, linux-amd64)
# Core dump will be written. Default location: Core dumps may be processed with "/usr/lib/systemd/systemd-coredump %P %u %g %s %t %c %h %e" (or dumping to /sfs/weka/scratch/wxw9rr/artifact/RQ3/OE25-DEV/commons-beanutils-1.9.4/core.696930)
#

---------------  S U M M A R Y ------------

Command Line: -Dclassworlds.conf=/apps/software/standard/core/maven/3.9.0/bin/m2.conf -Dmaven.home=/apps/software/standard/core/maven/3.9.0 -Dlibrary.jansi.path=/apps/software/standard/core/maven/3.9.0/lib/jansi-native -Dmaven.multiModuleProjectDirectory=/scratch/wxw9rr/artifact/RQ3/OE25-DEV/commons-beanutils-1.9.4 -Djava.io.tmpdir=/sfs/weka/scratch/wxw9rr/tmp -javaagent:/sfs/weka/scratch/wxw9rr/tmp/pitest-agent4297895672587801351.jar -ea -Djava.awt.headless=true -XX:+UseG1GC -Djava.io.tmpdir=/sfs/weka/scratch/wxw9rr/tmp org.pitest.mutationtest.execute.MutationTestMinion 44693

Host: AMD EPYC 9454 48-Core Processor, 96 cores, 512G, Rocky Linux release 8.10 (Green Obsidian)
Time: Mon Jan 12 02:05:51 2026 EST elapsed time: 8.483964 seconds (0d 0h 0m 8s)

---------------  T H R E A D  ---------------

Current thread (0x00007ff90c20ec30):  VMThread "VM Thread" [stack: 0x00007ff89f409000,0x00007ff89f509000] [id=696946]

Stack: [0x00007ff89f409000,0x00007ff89f509000],  sp=0x00007ff89f506d70,  free space=1015k
Native frames: (J=compiled Java code, j=interpreted, Vv=VM code, C=native code)
V  [libjvm.so+0xee9791]  VMError::report_and_die(int, char const*, char const*, __va_list_tag*, Thread*, unsigned char*, void*, void*, char const*, int, unsigned long)+0x1a1
V  [libjvm.so+0xeea37d]  VMError::report_and_die(Thread*, char const*, int, unsigned long, VMErrorType, char const*, __va_list_tag*)+0x2d
V  [libjvm.so+0x60921c]  report_vm_out_of_memory(char const*, int, unsigned long, VMErrorType, char const*, ...)+0xdc
V  [libjvm.so+0xc26ba8]  os::pd_commit_memory_or_exit(char*, unsigned long, unsigned long, bool, char const*)+0xd8
V  [libjvm.so+0xc205ad]  os::commit_memory_or_exit(char*, unsigned long, unsigned long, bool, char const*)+0x1d
V  [libjvm.so+0x73769e]  G1PageBasedVirtualSpace::commit(unsigned long, unsigned long)+0x18e
V  [libjvm.so+0x74bf61]  G1RegionsLargerThanCommitSizeMapper::commit_regions(unsigned int, unsigned long, WorkGang*)+0x1a1
V  [libjvm.so+0x7de418]  HeapRegionManager::commit_regions(unsigned int, unsigned long, WorkGang*)+0x58
V  [libjvm.so+0x7e0262]  HeapRegionManager::expand(unsigned int, unsigned int, WorkGang*)+0x32
V  [libjvm.so+0x7e048e]  HeapRegionManager::expand_by(unsigned int, WorkGang*)+0x7e
V  [libjvm.so+0x6f0fbf]  G1CollectedHeap::expand(unsigned long, WorkGang*, double*)+0xef
V  [libjvm.so+0x6f5291]  G1CollectedHeap::do_collection_pause_at_safepoint_helper(double)+0x9a1
V  [libjvm.so+0x6f53e1]  G1CollectedHeap::do_collection_pause_at_safepoint(double)+0x31
V  [libjvm.so+0x770487]  VM_G1CollectForAllocation::doit()+0x47
V  [libjvm.so+0xeeecbe]  VM_Operation::evaluate()+0xee
V  [libjvm.so+0xef0674]  VMThread::evaluate_operation(VM_Operation*)+0xf4
V  [libjvm.so+0xef0bd4]  VMThread::inner_execute(VM_Operation*)+0x1d4
V  [libjvm.so+0xef0ebf]  VMThread::run()+0xbf
V  [libjvm.so+0xe6c2ca]  Thread::call_run()+0xaa
V  [libjvm.so+0xc29413]  thread_native_entry(Thread*)+0xe3

VM_Operation (0x00007ff89e9fb780): G1CollectForAllocation, mode: safepoint, requested by thread 0x00007ff90c41b560


---------------  P R O C E S S  ---------------

Threads class SMR info:
_java_thread_list=0x00007ff90c41b3b0, length=12, elements={
0x00007ff90c032990, 0x00007ff90c212cf0, 0x00007ff90c2140d0, 0x00007ff90c2187d0,
0x00007ff90c219b80, 0x00007ff90c21af90, 0x00007ff90c21c9c0, 0x00007ff90c21def0,
0x00007ff90c21f360, 0x00007ff90c22aa40, 0x00007ff90c260e00, 0x00007ff90c41b560
}

Java Threads: ( => current thread )
  0x00007ff90c032990 JavaThread "main" [_thread_blocked, id=696940, stack(0x00007ff914c1f000,0x00007ff914d20000)]
  0x00007ff90c212cf0 JavaThread "Reference Handler" daemon [_thread_blocked, id=696947, stack(0x00007ff89f308000,0x00007ff89f408000)]
  0x00007ff90c2140d0 JavaThread "Finalizer" daemon [_thread_blocked, id=696948, stack(0x00007ff89f207000,0x00007ff89f307000)]
  0x00007ff90c2187d0 JavaThread "Signal Dispatcher" daemon [_thread_blocked, id=696949, stack(0x00007ff89f106000,0x00007ff89f206000)]
  0x00007ff90c219b80 JavaThread "Service Thread" daemon [_thread_blocked, id=696950, stack(0x00007ff89f005000,0x00007ff89f105000)]
  0x00007ff90c21af90 JavaThread "Monitor Deflation Thread" daemon [_thread_blocked, id=696951, stack(0x00007ff89ef04000,0x00007ff89f004000)]
  0x00007ff90c21c9c0 JavaThread "C2 CompilerThread0" daemon [_thread_blocked, id=696952, stack(0x00007ff89ee03000,0x00007ff89ef03000)]
  0x00007ff90c21def0 JavaThread "C1 CompilerThread0" daemon [_thread_blocked, id=696953, stack(0x00007ff89ed02000,0x00007ff89ee02000)]
  0x00007ff90c21f360 JavaThread "Sweeper thread" daemon [_thread_blocked, id=696958, stack(0x00007ff89ec01000,0x00007ff89ed01000)]
  0x00007ff90c22aa40 JavaThread "Common-Cleaner" daemon [_thread_blocked, id=696959, stack(0x00007ff89eb00000,0x00007ff89ec00000)]
  0x00007ff90c260e00 JavaThread "Notification Thread" daemon [_thread_blocked, id=696965, stack(0x00007ff89e6fc000,0x00007ff89e7fc000)]
  0x00007ff90c41b560 JavaThread "mutationTestThread" daemon [_thread_blocked, id=697992, stack(0x00007ff89e8fe000,0x00007ff89e9fe000)]

Other Threads:
=>0x00007ff90c20ec30 VMThread "VM Thread" [stack: 0x00007ff89f409000,0x00007ff89f509000] [id=696946]
  0x00007ff90c262660 WatcherThread [stack: 0x00007ff89e5fb000,0x00007ff89e6fb000] [id=696966]
  0x00007ff90c0680c0 GCTaskThread "GC Thread#0" [stack: 0x00007ff910c5b000,0x00007ff910d5b000] [id=696941]
  0x00007ff84800b900 GCTaskThread "GC Thread#1" [stack: 0x00007ff89e3f9000,0x00007ff89e4f9000] [id=697480]
  0x00007ff84800be90 GCTaskThread "GC Thread#2" [stack: 0x00007ff89dc6b000,0x00007ff89dd6b000] [id=697484]
  0x00007ff84800c690 GCTaskThread "GC Thread#3" [stack: 0x00007ff89e1f7000,0x00007ff89e2f7000] [id=697485]
  0x00007ff84800d490 GCTaskThread "GC Thread#4" [stack: 0x00007ff89e0f6000,0x00007ff89e1f6000] [id=697487]
  0x00007ff84800e290 GCTaskThread "GC Thread#5" [stack: 0x00007ff89dff5000,0x00007ff89e0f5000] [id=697498]
  0x00007ff84800f0c0 GCTaskThread "GC Thread#6" [stack: 0x00007ff89def4000,0x00007ff89dff4000] [id=697501]
  0x00007ff84800fef0 GCTaskThread "GC Thread#7" [stack: 0x00007ff89ddf3000,0x00007ff89def3000] [id=697538]
  0x00007ff848010d20 GCTaskThread "GC Thread#8" [stack: 0x00007ff89db6a000,0x00007ff89dc6a000] [id=697539]
  0x00007ff848011b90 GCTaskThread "GC Thread#9" [stack: 0x00007ff89da69000,0x00007ff89db69000] [id=697540]
  0x00007ff848012a00 GCTaskThread "GC Thread#10" [stack: 0x00007ff89d968000,0x00007ff89da68000] [id=697541]
  0x00007ff848013870 GCTaskThread "GC Thread#11" [stack: 0x00007ff89d867000,0x00007ff89d967000] [id=697542]
  0x00007ff8480146e0 GCTaskThread "GC Thread#12" [stack: 0x00007ff89d766000,0x00007ff89d866000] [id=697543]
  0x00007ff848015550 GCTaskThread "GC Thread#13" [stack: 0x00007ff89d665000,0x00007ff89d765000] [id=697544]
  0x00007ff8480163c0 GCTaskThread "GC Thread#14" [stack: 0x00007ff89d564000,0x00007ff89d664000] [id=697545]
  0x00007ff848017230 GCTaskThread "GC Thread#15" [stack: 0x00007ff89d463000,0x00007ff89d563000] [id=697547]
  0x00007ff8480180a0 GCTaskThread "GC Thread#16" [stack: 0x00007ff89d362000,0x00007ff89d462000] [id=697548]
  0x00007ff848018f10 GCTaskThread "GC Thread#17" [stack: 0x00007ff89d261000,0x00007ff89d361000] [id=697553]
  0x00007ff90c0786e0 ConcurrentGCThread "G1 Main Marker" [stack: 0x00007ff910b5a000,0x00007ff910c5a000] [id=696942]
  0x00007ff90c079660 ConcurrentGCThread "G1 Conc#0" [stack: 0x00007ff910a59000,0x00007ff910b59000] [id=696943]
  0x00007ff90c1dc910 ConcurrentGCThread "G1 Refine#0" [stack: 0x00007ff89f7f9000,0x00007ff89f8f9000] [id=696944]
  0x00007ff90c1dd810 ConcurrentGCThread "G1 Service" [stack: 0x00007ff89f6f8000,0x00007ff89f7f8000] [id=696945]

Threads with active compile tasks:

VM state: at safepoint (normal execution)

VM Mutex/Monitor currently owned by a thread:  ([mutex/lock_event])
[0x00007ff90c02e1c0] Threads_lock - owner thread: 0x00007ff90c20ec30
[0x00007ff90c02e970] Heap_lock - owner thread: 0x00007ff90c41b560

Heap address: 0x0000000082000000, size: 30688 MB, Compressed Oops mode: Zero based, Oop shift amount: 3

CDS archive(s) mapped at: [0x00007ff84f000000-0x00007ff84fbc9000-0x00007ff84fbc9000), size 12357632, SharedBaseAddress: 0x00007ff84f000000, ArchiveRelocationMode: 1.
Compressed class space mapped at: 0x00007ff850000000-0x00007ff890000000, reserved size: 1073741824
Narrow klass base: 0x00007ff84f000000, Narrow klass shift: 0, Narrow klass range: 0x100000000

GC Precious Log:
 CPUs: 96 total, 24 available
 Memory: 512G
 Large Page Support: Disabled
 NUMA Support: Disabled
 Compressed Oops: Enabled (Zero based)
 Heap Region Size: 16M
 Heap Min Capacity: 16M
 Heap Initial Capacity: 2G
 Heap Max Capacity: 30688M
 Pre-touch: Disabled
 Parallel Workers: 18
 Concurrent Workers: 5
 Concurrent Refinement Workers: 18
 Periodic GC: Disabled

Heap:
 garbage-first heap   total 2129920K, used 142601K [0x0000000082000000, 0x0000000800000000)
  region size 16384K, 1 young (16384K), 1 survivors (16384K)
 Metaspace       used 6980K, committed 7296K, reserved 1114112K
  class space    used 810K, committed 960K, reserved 1048576K

Heap Regions: E=young(eden), S=young(survivor), O=old, HS=humongous(starts), HC=humongous(continues), CS=collection set, F=free, OA=open archive, CA=closed archive, TAMS=top-at-mark-start (previous, next)
|   0|0x0000000082000000, 0x0000000083000000, 0x0000000083000000|100%| O|  |TAMS 0x0000000082000000, 0x0000000082000000| Untracked 
|   1|0x0000000083000000, 0x0000000084000000, 0x0000000084000000|100%| O|  |TAMS 0x0000000083000000, 0x0000000083000000| Untracked 
|   2|0x0000000084000000, 0x0000000085000000, 0x0000000085000000|100%| O|  |TAMS 0x0000000084000000, 0x0000000084000000| Untracked 
|   3|0x0000000085000000, 0x0000000086000000, 0x0000000086000000|100%| O|  |TAMS 0x0000000085000000, 0x0000000085000000| Untracked 
|   4|0x0000000086000000, 0x0000000087000000, 0x0000000087000000|100%| O|  |TAMS 0x0000000086000000, 0x0000000086000000| Untracked 
|   5|0x0000000087000000, 0x0000000088000000, 0x0000000088000000|100%| O|  |TAMS 0x0000000087000000, 0x0000000087000000| Untracked 
|   6|0x0000000088000000, 0x0000000088b55400, 0x0000000089000000| 70%| O|  |TAMS 0x0000000088000000, 0x0000000088000000| Untracked 
|   7|0x0000000089000000, 0x0000000089000000, 0x000000008a000000|  0%| F|  |TAMS 0x0000000089000000, 0x0000000089000000| Untracked 
|   8|0x000000008a000000, 0x000000008a000000, 0x000000008b000000|  0%| F|  |TAMS 0x000000008a000000, 0x000000008a000000| Untracked 
|   9|0x000000008b000000, 0x000000008b000000, 0x000000008c000000|  0%| F|  |TAMS 0x000000008b000000, 0x000000008b000000| Untracked 
|  10|0x000000008c000000, 0x000000008c000000, 0x000000008d000000|  0%| F|  |TAMS 0x000000008c000000, 0x000000008c000000| Untracked 
|  11|0x000000008d000000, 0x000000008d000000, 0x000000008e000000|  0%| F|  |TAMS 0x000000008d000000, 0x000000008d000000| Untracked 
|  12|0x000000008e000000, 0x000000008e000000, 0x000000008f000000|  0%| F|  |TAMS 0x000000008e000000, 0x000000008e000000| Untracked 
|  13|0x000000008f000000, 0x000000008f000000, 0x0000000090000000|  0%| F|  |TAMS 0x000000008f000000, 0x000000008f000000| Untracked 
|  14|0x0000000090000000, 0x0000000090000000, 0x0000000091000000|  0%| F|  |TAMS 0x0000000090000000, 0x0000000090000000| Untracked 
|  15|0x0000000091000000, 0x0000000091000000, 0x0000000092000000|  0%| F|  |TAMS 0x0000000091000000, 0x0000000091000000| Untracked 
|  16|0x0000000092000000, 0x0000000092000000, 0x0000000093000000|  0%| F|  |TAMS 0x0000000092000000, 0x0000000092000000| Untracked 
|  17|0x0000000093000000, 0x0000000093000000, 0x0000000094000000|  0%| F|  |TAMS 0x0000000093000000, 0x0000000093000000| Untracked 
|  18|0x0000000094000000, 0x0000000094000000, 0x0000000095000000|  0%| F|  |TAMS 0x0000000094000000, 0x0000000094000000| Untracked 
|  19|0x0000000095000000, 0x0000000095000000, 0x0000000096000000|  0%| F|  |TAMS 0x0000000095000000, 0x0000000095000000| Untracked 
|  20|0x0000000096000000, 0x0000000096000000, 0x0000000097000000|  0%| F|  |TAMS 0x0000000096000000, 0x0000000096000000| Untracked 
|  21|0x0000000097000000, 0x0000000097000000, 0x0000000098000000|  0%| F|  |TAMS 0x0000000097000000, 0x0000000097000000| Untracked 
|  22|0x0000000098000000, 0x0000000098000000, 0x0000000099000000|  0%| F|  |TAMS 0x0000000098000000, 0x0000000098000000| Untracked 
|  23|0x0000000099000000, 0x0000000099000000, 0x000000009a000000|  0%| F|  |TAMS 0x0000000099000000, 0x0000000099000000| Untracked 
|  24|0x000000009a000000, 0x000000009a000000, 0x000000009b000000|  0%| F|  |TAMS 0x000000009a000000, 0x000000009a000000| Untracked 
|  25|0x000000009b000000, 0x000000009b000000, 0x000000009c000000|  0%| F|  |TAMS 0x000000009b000000, 0x000000009b000000| Untracked 
|  26|0x000000009c000000, 0x000000009c000000, 0x000000009d000000|  0%| F|  |TAMS 0x000000009c000000, 0x000000009c000000| Untracked 
|  27|0x000000009d000000, 0x000000009d000000, 0x000000009e000000|  0%| F|  |TAMS 0x000000009d000000, 0x000000009d000000| Untracked 
|  28|0x000000009e000000, 0x000000009e000000, 0x000000009f000000|  0%| F|  |TAMS 0x000000009e000000, 0x000000009e000000| Untracked 
|  29|0x000000009f000000, 0x000000009f000000, 0x00000000a0000000|  0%| F|  |TAMS 0x000000009f000000, 0x000000009f000000| Untracked 
|  30|0x00000000a0000000, 0x00000000a0000000, 0x00000000a1000000|  0%| F|  |TAMS 0x00000000a0000000, 0x00000000a0000000| Untracked 
|  31|0x00000000a1000000, 0x00000000a1000000, 0x00000000a2000000|  0%| F|  |TAMS 0x00000000a1000000, 0x00000000a1000000| Untracked 
|  32|0x00000000a2000000, 0x00000000a2000000, 0x00000000a3000000|  0%| F|  |TAMS 0x00000000a2000000, 0x00000000a2000000| Untracked 
|  33|0x00000000a3000000, 0x00000000a3000000, 0x00000000a4000000|  0%| F|  |TAMS 0x00000000a3000000, 0x00000000a3000000| Untracked 
|  34|0x00000000a4000000, 0x00000000a4000000, 0x00000000a5000000|  0%| F|  |TAMS 0x00000000a4000000, 0x00000000a4000000| Untracked 
|  35|0x00000000a5000000, 0x00000000a5000000, 0x00000000a6000000|  0%| F|  |TAMS 0x00000000a5000000, 0x00000000a5000000| Untracked 
|  36|0x00000000a6000000, 0x00000000a6000000, 0x00000000a7000000|  0%| F|  |TAMS 0x00000000a6000000, 0x00000000a6000000| Untracked 
|  37|0x00000000a7000000, 0x00000000a7000000, 0x00000000a8000000|  0%| F|  |TAMS 0x00000000a7000000, 0x00000000a7000000| Untracked 
|  38|0x00000000a8000000, 0x00000000a8000000, 0x00000000a9000000|  0%| F|  |TAMS 0x00000000a8000000, 0x00000000a8000000| Untracked 
|  39|0x00000000a9000000, 0x00000000a9000000, 0x00000000aa000000|  0%| F|  |TAMS 0x00000000a9000000, 0x00000000a9000000| Untracked 
|  40|0x00000000aa000000, 0x00000000aa000000, 0x00000000ab000000|  0%| F|  |TAMS 0x00000000aa000000, 0x00000000aa000000| Untracked 
|  41|0x00000000ab000000, 0x00000000ab000000, 0x00000000ac000000|  0%| F|  |TAMS 0x00000000ab000000, 0x00000000ab000000| Untracked 
|  42|0x00000000ac000000, 0x00000000ac000000, 0x00000000ad000000|  0%| F|  |TAMS 0x00000000ac000000, 0x00000000ac000000| Untracked 
|  43|0x00000000ad000000, 0x00000000ad000000, 0x00000000ae000000|  0%| F|  |TAMS 0x00000000ad000000, 0x00000000ad000000| Untracked 
|  44|0x00000000ae000000, 0x00000000ae000000, 0x00000000af000000|  0%| F|  |TAMS 0x00000000ae000000, 0x00000000ae000000| Untracked 
|  45|0x00000000af000000, 0x00000000af000000, 0x00000000b0000000|  0%| F|  |TAMS 0x00000000af000000, 0x00000000af000000| Untracked 
|  46|0x00000000b0000000, 0x00000000b0000000, 0x00000000b1000000|  0%| F|  |TAMS 0x00000000b0000000, 0x00000000b0000000| Untracked 
|  47|0x00000000b1000000, 0x00000000b1000000, 0x00000000b2000000|  0%| F|  |TAMS 0x00000000b1000000, 0x00000000b1000000| Untracked 
|  48|0x00000000b2000000, 0x00000000b2000000, 0x00000000b3000000|  0%| F|  |TAMS 0x00000000b2000000, 0x00000000b2000000| Untracked 
|  49|0x00000000b3000000, 0x00000000b3000000, 0x00000000b4000000|  0%| F|  |TAMS 0x00000000b3000000, 0x00000000b3000000| Untracked 
|  50|0x00000000b4000000, 0x00000000b4000000, 0x00000000b5000000|  0%| F|  |TAMS 0x00000000b4000000, 0x00000000b4000000| Untracked 
|  51|0x00000000b5000000, 0x00000000b5000000, 0x00000000b6000000|  0%| F|  |TAMS 0x00000000b5000000, 0x00000000b5000000| Untracked 
|  52|0x00000000b6000000, 0x00000000b6000000, 0x00000000b7000000|  0%| F|  |TAMS 0x00000000b6000000, 0x00000000b6000000| Untracked 
|  53|0x00000000b7000000, 0x00000000b7000000, 0x00000000b8000000|  0%| F|  |TAMS 0x00000000b7000000, 0x00000000b7000000| Untracked 
|  54|0x00000000b8000000, 0x00000000b8000000, 0x00000000b9000000|  0%| F|  |TAMS 0x00000000b8000000, 0x00000000b8000000| Untracked 
|  55|0x00000000b9000000, 0x00000000b9000000, 0x00000000ba000000|  0%| F|  |TAMS 0x00000000b9000000, 0x00000000b9000000| Untracked 
|  56|0x00000000ba000000, 0x00000000ba000000, 0x00000000bb000000|  0%| F|  |TAMS 0x00000000ba000000, 0x00000000ba000000| Untracked 
|  57|0x00000000bb000000, 0x00000000bb000000, 0x00000000bc000000|  0%| F|  |TAMS 0x00000000bb000000, 0x00000000bb000000| Untracked 
|  58|0x00000000bc000000, 0x00000000bc000000, 0x00000000bd000000|  0%| F|  |TAMS 0x00000000bc000000, 0x00000000bc000000| Untracked 
|  59|0x00000000bd000000, 0x00000000bd000000, 0x00000000be000000|  0%| F|  |TAMS 0x00000000bd000000, 0x00000000bd000000| Untracked 
|  60|0x00000000be000000, 0x00000000be000000, 0x00000000bf000000|  0%| F|  |TAMS 0x00000000be000000, 0x00000000be000000| Untracked 
|  61|0x00000000bf000000, 0x00000000bf000000, 0x00000000c0000000|  0%| F|  |TAMS 0x00000000bf000000, 0x00000000bf000000| Untracked 
|  62|0x00000000c0000000, 0x00000000c0000000, 0x00000000c1000000|  0%| F|  |TAMS 0x00000000c0000000, 0x00000000c0000000| Untracked 
|  63|0x00000000c1000000, 0x00000000c1000000, 0x00000000c2000000|  0%| F|  |TAMS 0x00000000c1000000, 0x00000000c1000000| Untracked 
|  64|0x00000000c2000000, 0x00000000c2000000, 0x00000000c3000000|  0%| F|  |TAMS 0x00000000c2000000, 0x00000000c2000000| Untracked 
|  65|0x00000000c3000000, 0x00000000c3000000, 0x00000000c4000000|  0%| F|  |TAMS 0x00000000c3000000, 0x00000000c3000000| Untracked 
|  66|0x00000000c4000000, 0x00000000c4000000, 0x00000000c5000000|  0%| F|  |TAMS 0x00000000c4000000, 0x00000000c4000000| Untracked 
|  67|0x00000000c5000000, 0x00000000c5000000, 0x00000000c6000000|  0%| F|  |TAMS 0x00000000c5000000, 0x00000000c5000000| Untracked 
|  68|0x00000000c6000000, 0x00000000c6000000, 0x00000000c7000000|  0%| F|  |TAMS 0x00000000c6000000, 0x00000000c6000000| Untracked 
|  69|0x00000000c7000000, 0x00000000c7000000, 0x00000000c8000000|  0%| F|  |TAMS 0x00000000c7000000, 0x00000000c7000000| Untracked 
|  70|0x00000000c8000000, 0x00000000c8000000, 0x00000000c9000000|  0%| F|  |TAMS 0x00000000c8000000, 0x00000000c8000000| Untracked 
|  71|0x00000000c9000000, 0x00000000c9000000, 0x00000000ca000000|  0%| F|  |TAMS 0x00000000c9000000, 0x00000000c9000000| Untracked 
|  72|0x00000000ca000000, 0x00000000ca000000, 0x00000000cb000000|  0%| F|  |TAMS 0x00000000ca000000, 0x00000000ca000000| Untracked 
|  73|0x00000000cb000000, 0x00000000cb000000, 0x00000000cc000000|  0%| F|  |TAMS 0x00000000cb000000, 0x00000000cb000000| Untracked 
|  74|0x00000000cc000000, 0x00000000cc000000, 0x00000000cd000000|  0%| F|  |TAMS 0x00000000cc000000, 0x00000000cc000000| Untracked 
|  75|0x00000000cd000000, 0x00000000cd000000, 0x00000000ce000000|  0%| F|  |TAMS 0x00000000cd000000, 0x00000000cd000000| Untracked 
|  76|0x00000000ce000000, 0x00000000ce000000, 0x00000000cf000000|  0%| F|  |TAMS 0x00000000ce000000, 0x00000000ce000000| Untracked 
|  77|0x00000000cf000000, 0x00000000cf000000, 0x00000000d0000000|  0%| F|  |TAMS 0x00000000cf000000, 0x00000000cf000000| Untracked 
|  78|0x00000000d0000000, 0x00000000d0000000, 0x00000000d1000000|  0%| F|  |TAMS 0x00000000d0000000, 0x00000000d0000000| Untracked 
|  79|0x00000000d1000000, 0x00000000d1000000, 0x00000000d2000000|  0%| F|  |TAMS 0x00000000d1000000, 0x00000000d1000000| Untracked 
|  80|0x00000000d2000000, 0x00000000d2000000, 0x00000000d3000000|  0%| F|  |TAMS 0x00000000d2000000, 0x00000000d2000000| Untracked 
|  81|0x00000000d3000000, 0x00000000d3000000, 0x00000000d4000000|  0%| F|  |TAMS 0x00000000d3000000, 0x00000000d3000000| Untracked 
|  82|0x00000000d4000000, 0x00000000d4000000, 0x00000000d5000000|  0%| F|  |TAMS 0x00000000d4000000, 0x00000000d4000000| Untracked 
|  83|0x00000000d5000000, 0x00000000d5000000, 0x00000000d6000000|  0%| F|  |TAMS 0x00000000d5000000, 0x00000000d5000000| Untracked 
|  84|0x00000000d6000000, 0x00000000d6000000, 0x00000000d7000000|  0%| F|  |TAMS 0x00000000d6000000, 0x00000000d6000000| Untracked 
|  85|0x00000000d7000000, 0x00000000d7000000, 0x00000000d8000000|  0%| F|  |TAMS 0x00000000d7000000, 0x00000000d7000000| Untracked 
|  86|0x00000000d8000000, 0x00000000d8000000, 0x00000000d9000000|  0%| F|  |TAMS 0x00000000d8000000, 0x00000000d8000000| Untracked 
|  87|0x00000000d9000000, 0x00000000d9000000, 0x00000000da000000|  0%| F|  |TAMS 0x00000000d9000000, 0x00000000d9000000| Untracked 
|  88|0x00000000da000000, 0x00000000da000000, 0x00000000db000000|  0%| F|  |TAMS 0x00000000da000000, 0x00000000da000000| Untracked 
|  89|0x00000000db000000, 0x00000000db000000, 0x00000000dc000000|  0%| F|  |TAMS 0x00000000db000000, 0x00000000db000000| Untracked 
|  90|0x00000000dc000000, 0x00000000dc000000, 0x00000000dd000000|  0%| F|  |TAMS 0x00000000dc000000, 0x00000000dc000000| Untracked 
|  91|0x00000000dd000000, 0x00000000dd000000, 0x00000000de000000|  0%| F|  |TAMS 0x00000000dd000000, 0x00000000dd000000| Untracked 
|  92|0x00000000de000000, 0x00000000de000000, 0x00000000df000000|  0%| F|  |TAMS 0x00000000de000000, 0x00000000de000000| Untracked 
|  93|0x00000000df000000, 0x00000000df000000, 0x00000000e0000000|  0%| F|  |TAMS 0x00000000df000000, 0x00000000df000000| Untracked 
|  94|0x00000000e0000000, 0x00000000e0000000, 0x00000000e1000000|  0%| F|  |TAMS 0x00000000e0000000, 0x00000000e0000000| Untracked 
|  95|0x00000000e1000000, 0x00000000e1000000, 0x00000000e2000000|  0%| F|  |TAMS 0x00000000e1000000, 0x00000000e1000000| Untracked 
|  96|0x00000000e2000000, 0x00000000e2000000, 0x00000000e3000000|  0%| F|  |TAMS 0x00000000e2000000, 0x00000000e2000000| Untracked 
|  97|0x00000000e3000000, 0x00000000e3000000, 0x00000000e4000000|  0%| F|  |TAMS 0x00000000e3000000, 0x00000000e3000000| Untracked 
|  98|0x00000000e4000000, 0x00000000e4000000, 0x00000000e5000000|  0%| F|  |TAMS 0x00000000e4000000, 0x00000000e4000000| Untracked 
|  99|0x00000000e5000000, 0x00000000e5000000, 0x00000000e6000000|  0%| F|  |TAMS 0x00000000e5000000, 0x00000000e5000000| Untracked 
| 100|0x00000000e6000000, 0x00000000e6000000, 0x00000000e7000000|  0%| F|  |TAMS 0x00000000e6000000, 0x00000000e6000000| Untracked 
| 101|0x00000000e7000000, 0x00000000e7000000, 0x00000000e8000000|  0%| F|  |TAMS 0x00000000e7000000, 0x00000000e7000000| Untracked 
| 102|0x00000000e8000000, 0x00000000e8000000, 0x00000000e9000000|  0%| F|  |TAMS 0x00000000e8000000, 0x00000000e8000000| Untracked 
| 103|0x00000000e9000000, 0x00000000e9000000, 0x00000000ea000000|  0%| F|  |TAMS 0x00000000e9000000, 0x00000000e9000000| Untracked 
| 104|0x00000000ea000000, 0x00000000ea000000, 0x00000000eb000000|  0%| F|  |TAMS 0x00000000ea000000, 0x00000000ea000000| Untracked 
| 105|0x00000000eb000000, 0x00000000eb000000, 0x00000000ec000000|  0%| F|  |TAMS 0x00000000eb000000, 0x00000000eb000000| Untracked 
| 106|0x00000000ec000000, 0x00000000ec000000, 0x00000000ed000000|  0%| F|  |TAMS 0x00000000ec000000, 0x00000000ec000000| Untracked 
| 107|0x00000000ed000000, 0x00000000ed000000, 0x00000000ee000000|  0%| F|  |TAMS 0x00000000ed000000, 0x00000000ed000000| Untracked 
| 108|0x00000000ee000000, 0x00000000ee000000, 0x00000000ef000000|  0%| F|  |TAMS 0x00000000ee000000, 0x00000000ee000000| Untracked 
| 109|0x00000000ef000000, 0x00000000ef000000, 0x00000000f0000000|  0%| F|  |TAMS 0x00000000ef000000, 0x00000000ef000000| Untracked 
| 110|0x00000000f0000000, 0x00000000f0000000, 0x00000000f1000000|  0%| F|  |TAMS 0x00000000f0000000, 0x00000000f0000000| Untracked 
| 111|0x00000000f1000000, 0x00000000f1000000, 0x00000000f2000000|  0%| F|  |TAMS 0x00000000f1000000, 0x00000000f1000000| Untracked 
| 112|0x00000000f2000000, 0x00000000f2000000, 0x00000000f3000000|  0%| F|  |TAMS 0x00000000f2000000, 0x00000000f2000000| Untracked 
| 113|0x00000000f3000000, 0x00000000f3000000, 0x00000000f4000000|  0%| F|  |TAMS 0x00000000f3000000, 0x00000000f3000000| Untracked 
| 114|0x00000000f4000000, 0x00000000f4000000, 0x00000000f5000000|  0%| F|  |TAMS 0x00000000f4000000, 0x00000000f4000000| Untracked 
| 115|0x00000000f5000000, 0x00000000f5000000, 0x00000000f6000000|  0%| F|  |TAMS 0x00000000f5000000, 0x00000000f5000000| Untracked 
| 116|0x00000000f6000000, 0x00000000f6000000, 0x00000000f7000000|  0%| F|  |TAMS 0x00000000f6000000, 0x00000000f6000000| Untracked 
| 117|0x00000000f7000000, 0x00000000f7000000, 0x00000000f8000000|  0%| F|  |TAMS 0x00000000f7000000, 0x00000000f7000000| Untracked 
| 118|0x00000000f8000000, 0x00000000f8000000, 0x00000000f9000000|  0%| F|  |TAMS 0x00000000f8000000, 0x00000000f8000000| Untracked 
| 119|0x00000000f9000000, 0x00000000f9000000, 0x00000000fa000000|  0%| F|  |TAMS 0x00000000f9000000, 0x00000000f9000000| Untracked 
| 120|0x00000000fa000000, 0x00000000fb000000, 0x00000000fb000000|100%| S|CS|TAMS 0x00000000fa000000, 0x00000000fa000000| Complete 
| 121|0x00000000fb000000, 0x00000000fb000000, 0x00000000fc000000|  0%| F|  |TAMS 0x00000000fb000000, 0x00000000fb000000| Untracked 
| 122|0x00000000fc000000, 0x00000000fc000000, 0x00000000fd000000|  0%| F|  |TAMS 0x00000000fc000000, 0x00000000fc000000| Untracked 
| 123|0x00000000fd000000, 0x00000000fd000000, 0x00000000fe000000|  0%| F|  |TAMS 0x00000000fd000000, 0x00000000fd000000| Untracked 
| 124|0x00000000fe000000, 0x00000000fe000000, 0x00000000ff000000|  0%| F|  |TAMS 0x00000000fe000000, 0x00000000fe000000| Untracked 
| 125|0x00000000ff000000, 0x00000000ff000000, 0x0000000100000000|  0%| F|  |TAMS 0x00000000ff000000, 0x00000000ff000000| Untracked 
| 126|0x0000000100000000, 0x0000000100000000, 0x0000000101000000|  0%| F|  |TAMS 0x0000000100000000, 0x0000000100000000| Untracked 
| 127|0x0000000101000000, 0x0000000101000000, 0x0000000102000000|  0%| F|  |TAMS 0x0000000101000000, 0x0000000101000000| Untracked 
|1916|0x00000007fe000000, 0x00000007fef75000, 0x00000007ff000000| 96%|OA|  |TAMS 0x00000007fe000000, 0x00000007fe000000| Untracked 
|1917|0x00000007ff000000, 0x00000007ff078000, 0x0000000800000000|  2%|CA|  |TAMS 0x00000007ff000000, 0x00000007ff000000| Untracked 

Card table byte_map: [0x00007ff8edc1e000,0x00007ff8f180e000] _byte_map_base: 0x00007ff8ed80e000

Marking Bits (Prev, Next): (CMBitMap*) 0x00007ff90c068b50, (CMBitMap*) 0x00007ff90c068b90
 Prev Bits: [0x00007ff8cc0ae000, 0x00007ff8ea02e000)
 Next Bits: [0x00007ff8ae12e000, 0x00007ff8cc0ae000)

Polling page: 0x00007ff914d34000

Metaspace:

Usage:
  Non-class:      6.03 MB used.
      Class:    810.31 KB used.
       Both:      6.82 MB used.

Virtual space:
  Non-class space:       64.00 MB reserved,       6.19 MB ( 10%) committed,  1 nodes.
      Class space:        1.00 GB reserved,     960.00 KB ( <1%) committed,  1 nodes.
             Both:        1.06 GB reserved,       7.12 MB ( <1%) committed. 

Chunk freelists:
   Non-Class:  9.68 MB
       Class:  15.04 MB
        Both:  24.73 MB

MaxMetaspaceSize: unlimited
CompressedClassSpaceSize: 1.00 GB
Initial GC threshold: 21.00 MB
Current GC threshold: 21.00 MB
CDS: on
MetaspaceReclaimPolicy: balanced
 - commit_granule_bytes: 65536.
 - commit_granule_words: 8192.
 - virtual_space_node_default_size: 8388608.
 - enlarge_chunks_in_place: 1.
 - new_chunks_are_fully_committed: 0.
 - uncommit_free_chunks: 1.
 - use_allocation_guard: 0.
 - handle_deallocations: 1.


Internal statistics:

num_allocs_failed_limit: 0.
num_arena_births: 192.
num_arena_deaths: 0.
num_vsnodes_births: 2.
num_vsnodes_deaths: 0.
num_space_committed: 114.
num_space_uncommitted: 0.
num_chunks_returned_to_freelist: 0.
num_chunks_taken_from_freelist: 400.
num_chunk_merges: 0.
num_chunk_splits: 221.
num_chunks_enlarged: 104.
num_inconsistent_stats: 0.

CodeHeap 'non-profiled nmethods': size=119168Kb used=939Kb max_used=939Kb free=118228Kb
 bounds [0x00007ff8fcf9e000, 0x00007ff8fd20e000, 0x00007ff9043fe000]
CodeHeap 'profiled nmethods': size=119164Kb used=3236Kb max_used=3236Kb free=115927Kb
 bounds [0x00007ff8f53fe000, 0x00007ff8f572e000, 0x00007ff8fc85d000]
CodeHeap 'non-nmethods': size=7428Kb used=1176Kb max_used=2880Kb free=6251Kb
 bounds [0x00007ff8fc85d000, 0x00007ff8fcb3d000, 0x00007ff8fcf9e000]
 total_blobs=2261 nmethods=1797 adapters=377
 compilation: enabled
              stopped_count=0, restarted_count=0
 full_count=0

Compilation events (20 events):
Event: 7.869 Thread 0x00007ff90c21def0 1793       2       java.lang.Long::getChars (208 bytes)
Event: 7.869 Thread 0x00007ff90c21def0 nmethod 1793 0x00007ff8f571e890 code [0x00007ff8f571ea60, 0x00007ff8f571eed0]
Event: 7.869 Thread 0x00007ff90c21def0 1790       2       java.lang.StringBuilder::append (8 bytes)
Event: 7.869 Thread 0x00007ff90c21def0 nmethod 1790 0x00007ff8f571f210 code [0x00007ff8f571f3c0, 0x00007ff8f571f4e0]
Event: 7.869 Thread 0x00007ff90c21def0 1791       2       java.lang.AbstractStringBuilder::append (60 bytes)
Event: 7.869 Thread 0x00007ff90c21def0 nmethod 1791 0x00007ff8f571f590 code [0x00007ff8f571f760, 0x00007ff8f571f950]
Event: 7.888 Thread 0x00007ff90c21c9c0 1798       4       java.lang.Long::stringSize (55 bytes)
Event: 7.889 Thread 0x00007ff90c21c9c0 nmethod 1798 0x00007ff8fd083b90 code [0x00007ff8fd083d20, 0x00007ff8fd083ef8]
Event: 7.890 Thread 0x00007ff90c21c9c0 1795       4       java.lang.Long::getChars (208 bytes)
Event: 7.892 Thread 0x00007ff90c21c9c0 nmethod 1795 0x00007ff8fd084010 code [0x00007ff8fd0841a0, 0x00007ff8fd084498]
Event: 7.892 Thread 0x00007ff90c21c9c0 1796       4       java.lang.StringBuilder::append (8 bytes)
Event: 7.898 Thread 0x00007ff90c21c9c0 nmethod 1796 0x00007ff8fd084710 code [0x00007ff8fd0848c0, 0x00007ff8fd085358]
Event: 7.898 Thread 0x00007ff90c21c9c0 1797       4       java.lang.AbstractStringBuilder::append (60 bytes)
Event: 7.941 Thread 0x00007ff90c21c9c0 nmethod 1797 0x00007ff8fd085890 code [0x00007ff8fd085a40, 0x00007ff8fd086518]
Event: 7.952 Thread 0x00007ff90c21def0 1799 % !   3       org.apache.commons.beanutils.memoryleaktests.MemoryLeakTestCase::forceGarbageCollection @ 43 (249 bytes)
Event: 7.954 Thread 0x00007ff90c21def0 nmethod 1799% 0x00007ff8f571fa90 code [0x00007ff8f5720040, 0x00007ff8f57226f0]
Event: 7.975 Thread 0x00007ff90c21def0 1800   !   3       org.apache.commons.beanutils.memoryleaktests.MemoryLeakTestCase::forceGarbageCollection (249 bytes)
Event: 7.976 Thread 0x00007ff90c21def0 nmethod 1800 0x00007ff8f5723710 code [0x00007ff8f5723ca0, 0x00007ff8f5726210]
Event: 8.029 Thread 0x00007ff90c21c9c0 1801 % !   4       org.apache.commons.beanutils.memoryleaktests.MemoryLeakTestCase::forceGarbageCollection @ 43 (249 bytes)
Event: 8.045 Thread 0x00007ff90c21c9c0 nmethod 1801% 0x00007ff8fd086a90 code [0x00007ff8fd086cc0, 0x00007ff8fd088508]

GC Heap History (11 events):
Event: 4.466 GC heap before
{Heap before GC invocations=0 (full 0):
 garbage-first heap   total 2129920K, used 114612K [0x0000000082000000, 0x0000000800000000)
  region size 16384K, 6 young (98304K), 0 survivors (0K)
 Metaspace       used 6016K, committed 6208K, reserved 1114112K
  class space    used 711K, committed 832K, reserved 1048576K
}
Event: 4.484 GC heap after
{Heap after GC invocations=1 (full 0):
 garbage-first heap   total 2129920K, used 18850K [0x0000000082000000, 0x0000000800000000)
  region size 16384K, 1 young (16384K), 1 survivors (16384K)
 Metaspace       used 6016K, committed 6208K, reserved 1114112K
  class space    used 711K, committed 832K, reserved 1048576K
}
Event: 7.898 GC heap before
{Heap before GC invocations=1 (full 0):
 garbage-first heap   total 2129920K, used 100770K [0x0000000082000000, 0x0000000800000000)
  region size 16384K, 6 young (98304K), 1 survivors (16384K)
 Metaspace       used 6975K, committed 7296K, reserved 1114112K
  class space    used 810K, committed 960K, reserved 1048576K
}
Event: 7.935 GC heap after
{Heap after GC invocations=2 (full 0):
 garbage-first heap   total 2129920K, used 23755K [0x0000000082000000, 0x0000000800000000)
  region size 16384K, 1 young (16384K), 1 survivors (16384K)
 Metaspace       used 6975K, committed 7296K, reserved 1114112K
  class space    used 810K, committed 960K, reserved 1048576K
}
Event: 8.081 GC heap before
{Heap before GC invocations=2 (full 0):
 garbage-first heap   total 2129920K, used 187595K [0x0000000082000000, 0x0000000800000000)
  region size 16384K, 11 young (180224K), 1 survivors (16384K)
 Metaspace       used 6980K, committed 7296K, reserved 1114112K
  class space    used 810K, committed 960K, reserved 1048576K
}
Event: 8.150 GC heap after
{Heap after GC invocations=3 (full 0):
 garbage-first heap   total 2129920K, used 68240K [0x0000000082000000, 0x0000000800000000)
  region size 16384K, 2 young (32768K), 2 survivors (32768K)
 Metaspace       used 6980K, committed 7296K, reserved 1114112K
  class space    used 810K, committed 960K, reserved 1048576K
}
Event: 8.157 GC heap before
{Heap before GC invocations=3 (full 0):
 garbage-first heap   total 2129920K, used 150160K [0x0000000082000000, 0x0000000800000000)
  region size 16384K, 7 young (114688K), 2 survivors (32768K)
 Metaspace       used 6980K, committed 7296K, reserved 1114112K
  class space    used 810K, committed 960K, reserved 1048576K
}
Event: 8.318 GC heap after
{Heap after GC invocations=4 (full 0):
 garbage-first heap   total 2129920K, used 91123K [0x0000000082000000, 0x0000000800000000)
  region size 16384K, 1 young (16384K), 1 survivors (16384K)
 Metaspace       used 6980K, committed 7296K, reserved 1114112K
  class space    used 810K, committed 960K, reserved 1048576K
}
Event: 8.334 GC heap before
{Heap before GC invocations=4 (full 0):
 garbage-first heap   total 2129920K, used 173043K [0x0000000082000000, 0x0000000800000000)
  region size 16384K, 6 young (98304K), 1 survivors (16384K)
 Metaspace       used 6980K, committed 7296K, reserved 1114112K
  class space    used 810K, committed 960K, reserved 1048576K
}
Event: 8.390 GC heap after
{Heap after GC invocations=5 (full 0):
 garbage-first heap   total 2129920K, used 113338K [0x0000000082000000, 0x0000000800000000)
  region size 16384K, 1 young (16384K), 1 survivors (16384K)
 Metaspace       used 6980K, committed 7296K, reserved 1114112K
  class space    used 810K, committed 960K, reserved 1048576K
}
Event: 8.413 GC heap before
{Heap before GC invocations=5 (full 0):
 garbage-first heap   total 2129920K, used 195258K [0x0000000082000000, 0x0000000800000000)
  region size 16384K, 7 young (114688K), 1 survivors (16384K)
 Metaspace       used 6980K, committed 7296K, reserved 1114112K
  class space    used 810K, committed 960K, reserved 1048576K
}

Dll operation events (12 events):
Event: 0.006 Loaded shared library /sfs/gpfs/tardis/applications/202512/software/standard/core/java/17/lib/libjava.so
Event: 0.006 Loaded shared library /sfs/gpfs/tardis/applications/202512/software/standard/core/java/17/lib/libzip.so
Event: 0.031 Loaded shared library /sfs/gpfs/tardis/applications/202512/software/standard/core/java/17/lib/libjsvml.so
Event: 0.233 Loaded shared library /sfs/gpfs/tardis/applications/202512/software/standard/core/java/17/lib/libinstrument.so
Event: 0.248 Loaded shared library /sfs/gpfs/tardis/applications/202512/software/standard/core/java/17/lib/libnio.so
Event: 0.251 Loaded shared library /sfs/gpfs/tardis/applications/202512/software/standard/core/java/17/lib/libzip.so
Event: 0.280 Loaded shared library /sfs/gpfs/tardis/applications/202512/software/standard/core/java/17/lib/libjimage.so
Event: 0.501 Loaded shared library /sfs/gpfs/tardis/applications/202512/software/standard/core/java/17/lib/libverify.so
Event: 0.505 Loaded shared library /sfs/gpfs/tardis/applications/202512/software/standard/core/java/17/lib/libnet.so
Event: 0.514 Loaded shared library /sfs/gpfs/tardis/applications/202512/software/standard/core/java/17/lib/libextnet.so
Event: 0.585 Loaded shared library /sfs/gpfs/tardis/applications/202512/software/standard/core/java/17/lib/libmanagement.so
Event: 0.586 Loaded shared library /sfs/gpfs/tardis/applications/202512/software/standard/core/java/17/lib/libmanagement_ext.so

Deoptimization events (20 events):
Event: 7.349 Thread 0x00007ff90c41b560 DEOPT PACKING pc=0x00007ff8f5650372 sp=0x00007ff89e9fba70
Event: 7.349 Thread 0x00007ff90c41b560 DEOPT UNPACKING pc=0x00007ff8fc8b764f sp=0x00007ff89e9faf30 mode 0
Event: 7.369 Thread 0x00007ff90c41b560 Uncommon trap: trap_request=0xffffff76 fr.pc=0x00007ff8fd082a1c relative=0x00000000000009dc
Event: 7.369 Thread 0x00007ff90c41b560 Uncommon trap: reason=predicate action=maybe_recompile pc=0x00007ff8fd082a1c method=java.util.TimSort.binarySort([Ljava/lang/Object;IIILjava/util/Comparator;)V @ 34 c2
Event: 7.369 Thread 0x00007ff90c41b560 DEOPT PACKING pc=0x00007ff8fd082a1c sp=0x00007ff89e9fc170
Event: 7.369 Thread 0x00007ff90c41b560 DEOPT UNPACKING pc=0x00007ff8fc8b6b19 sp=0x00007ff89e9fc130 mode 2
Event: 7.370 Thread 0x00007ff90c41b560 Uncommon trap: trap_request=0xffffff45 fr.pc=0x00007ff8fd0213fc relative=0x00000000000096dc
Event: 7.370 Thread 0x00007ff90c41b560 Uncommon trap: reason=unstable_if action=reinterpret pc=0x00007ff8fd0213fc method=java.lang.reflect.Executable.sharedToString(IZ[Ljava/lang/Class;[Ljava/lang/Class;)Ljava/lang/String; @ 63 c2
Event: 7.370 Thread 0x00007ff90c41b560 DEOPT PACKING pc=0x00007ff8fd0213fc sp=0x00007ff89e9fc0c0
Event: 7.370 Thread 0x00007ff90c41b560 DEOPT UNPACKING pc=0x00007ff8fc8b6b19 sp=0x00007ff89e9fbea8 mode 2
Event: 7.370 Thread 0x00007ff90c41b560 Uncommon trap: trap_request=0xffffff45 fr.pc=0x00007ff8fd035150 relative=0x0000000000004d10
Event: 7.370 Thread 0x00007ff90c41b560 Uncommon trap: reason=unstable_if action=reinterpret pc=0x00007ff8fd035150 method=java.lang.reflect.Executable.sharedToString(IZ[Ljava/lang/Class;[Ljava/lang/Class;)Ljava/lang/String; @ 63 c2
Event: 7.370 Thread 0x00007ff90c41b560 DEOPT PACKING pc=0x00007ff8fd035150 sp=0x00007ff89e9fbee0
Event: 7.370 Thread 0x00007ff90c41b560 DEOPT UNPACKING pc=0x00007ff8fc8b6b19 sp=0x00007ff89e9fbe98 mode 2
Event: 7.377 Thread 0x00007ff90c41b560 Uncommon trap: trap_request=0xffffff45 fr.pc=0x00007ff8fd0562a0 relative=0x0000000000009700
Event: 7.377 Thread 0x00007ff90c41b560 Uncommon trap: reason=unstable_if action=reinterpret pc=0x00007ff8fd0562a0 method=java.lang.reflect.Executable.sharedToString(IZ[Ljava/lang/Class;[Ljava/lang/Class;)Ljava/lang/String; @ 63 c2
Event: 7.377 Thread 0x00007ff90c41b560 DEOPT PACKING pc=0x00007ff8fd0562a0 sp=0x00007ff89e9fc000
Event: 7.377 Thread 0x00007ff90c41b560 DEOPT UNPACKING pc=0x00007ff8fc8b6b19 sp=0x00007ff89e9fbe70 mode 2
Event: 8.045 Thread 0x00007ff90c41b560 DEOPT PACKING pc=0x00007ff8f5721f21 sp=0x00007ff89e9fb910
Event: 8.045 Thread 0x00007ff90c41b560 DEOPT UNPACKING pc=0x00007ff8fc8b764f sp=0x00007ff89e9faed0 mode 0

Classes loaded (20 events):
Event: 7.814 Loading class org/apache/commons/beanutils/memoryleaktests/pojotests/SomePojoBeanInfo
Event: 7.814 Loading class org/apache/commons/beanutils/memoryleaktests/pojotests/SomePojoBeanInfo done
Event: 7.826 Loading class org/apache/commons/beanutils/memoryleaktests/pojotests/SomePojoBeanInfo
Event: 7.826 Loading class org/apache/commons/beanutils/memoryleaktests/pojotests/SomePojoBeanInfo done
Event: 7.832 Loading class org/apache/commons/beanutils/memoryleaktests/pojotests/SomePojoBeanInfo
Event: 7.832 Loading class org/apache/commons/beanutils/memoryleaktests/pojotests/SomePojoBeanInfo done
Event: 7.832 Loading class java/lang/ObjectBeanInfo
Event: 7.832 Loading class java/lang/ObjectBeanInfo done
Event: 7.832 Loading class java/lang/ObjectBeanInfo
Event: 7.832 Loading class java/lang/ObjectBeanInfo done
Event: 7.832 Loading class java/lang/ObjectCustomizer
Event: 7.832 Loading class java/lang/ObjectCustomizer done
Event: 7.832 Loading class java/lang/ObjectCustomizer
Event: 7.832 Loading class java/lang/ObjectCustomizer done
Event: 7.833 Loading class org/apache/commons/beanutils/memoryleaktests/pojotests/SomePojoCustomizer
Event: 7.833 Loading class org/apache/commons/beanutils/memoryleaktests/pojotests/SomePojoCustomizer done
Event: 7.834 Loading class org/apache/commons/beanutils/memoryleaktests/pojotests/SomePojoCustomizer
Event: 7.834 Loading class org/apache/commons/beanutils/memoryleaktests/pojotests/SomePojoCustomizer done
Event: 7.856 Loading class org/apache/commons/beanutils/memoryleaktests/pojotests/SomePojoCustomizer
Event: 7.856 Loading class org/apache/commons/beanutils/memoryleaktests/pojotests/SomePojoCustomizer done

Classes unloaded (0 events):
No events

Classes redefined (3 events):
Event: 2.358 Thread 0x00007ff90c20ec30 redefined class name=org.apache.commons.beanutils.WrapDynaClass$CacheKey, count=1
Event: 5.233 Thread 0x00007ff90c20ec30 redefined class name=org.apache.commons.beanutils.WrapDynaClass$CacheKey, count=2
Event: 5.238 Thread 0x00007ff90c20ec30 redefined class name=org.apache.commons.beanutils.WrapDynaClass$CacheKey, count=3

Internal exceptions (20 events):
Event: 4.798 Thread 0x00007ff90c436a70 Exception <a 'java/lang/NoSuchMethodError'{0x000000010179d420}: static Ljava/lang/Object;.<clinit>()V> (0x000000010179d420) 
thrown [src/hotspot/share/prims/jni.cpp, line 1112]
Event: 4.820 Thread 0x00007ff90c436a70 Exception <a 'java/lang/NoSuchMethodError'{0x00000001018fceb0}: static Lorg/apache/commons/beanutils/WrapDynaBean;.<clinit>()V> (0x00000001018fceb0) 
thrown [src/hotspot/share/prims/jni.cpp, line 1112]
Event: 4.821 Thread 0x00007ff90c436a70 Exception <a 'java/lang/NoSuchMethodError'{0x0000000101912a78}: static Ljava/lang/Object;.<clinit>()V> (0x0000000101912a78) 
thrown [src/hotspot/share/prims/jni.cpp, line 1112]
Event: 4.822 Thread 0x00007ff90c436a70 Exception <a 'java/lang/NoSuchMethodError'{0x000000010191e2e0}: static [Ljava/lang/String;.<clinit>()V> (0x000000010191e2e0) 
thrown [src/hotspot/share/prims/jni.cpp, line 1112]
Event: 4.822 Thread 0x00007ff90c436a70 Exception <a 'java/lang/NoSuchMethodError'{0x000000010191f140}: static [I.<clinit>()V> (0x000000010191f140) 
thrown [src/hotspot/share/prims/jni.cpp, line 1112]
Event: 4.823 Thread 0x00007ff90c436a70 Exception <a 'java/lang/NoSuchMethodError'{0x000000010191ff18}: static [[Ljava/lang/String;.<clinit>()V> (0x000000010191ff18) 
thrown [src/hotspot/share/prims/jni.cpp, line 1112]
Event: 5.075 Thread 0x00007ff90c436a70 Exception <a 'java/lang/NoSuchMethodError'{0x0000000101d3f988}: static Lorg/apache/commons/beanutils/BasicDynaBean;.<clinit>()V> (0x0000000101d3f988) 
thrown [src/hotspot/share/prims/jni.cpp, line 1112]
Event: 5.076 Thread 0x00007ff90c436a70 Exception <a 'java/lang/NoSuchMethodError'{0x0000000101d4c570}: static Ljava/lang/Object;.<clinit>()V> (0x0000000101d4c570) 
thrown [src/hotspot/share/prims/jni.cpp, line 1112]
Event: 5.076 Thread 0x00007ff90c436a70 Exception <a 'java/lang/NoSuchMethodError'{0x0000000101d4f520}: static [Ljava/lang/Object;.<clinit>()V> (0x0000000101d4f520) 
thrown [src/hotspot/share/prims/jni.cpp, line 1112]
Event: 5.076 Thread 0x00007ff90c436a70 Exception <a 'java/lang/NoSuchMethodError'{0x0000000101d50328}: static [Lorg/apache/commons/beanutils/DynaProperty;.<clinit>()V> (0x0000000101d50328) 
thrown [src/hotspot/share/prims/jni.cpp, line 1112]
Event: 5.077 Thread 0x00007ff90c436a70 Exception <a 'java/lang/NoSuchMethodError'{0x0000000101d59000}: static Lorg/apache/commons/beanutils/DynaProperty;.<clinit>()V> (0x0000000101d59000) 
thrown [src/hotspot/share/prims/jni.cpp, line 1112]
Event: 5.098 Thread 0x00007ff90c419cf0 Exception <a 'java/lang/NoSuchMethodError'{0x000000010003f6e0}: static Lorg/apache/commons/beanutils/LazyDynaClass;.<clinit>()V> (0x000000010003f6e0) 
thrown [src/hotspot/share/prims/jni.cpp, line 1112]
Event: 5.106 Thread 0x00007ff90c436a70 Exception <a 'java/lang/ClassNotFoundException'{0x0000000100374928}: org/apache/commons/beanutils/FluentIntrospectionTestBeanBeanInfo> (0x0000000100374928) 
thrown [src/hotspot/share/classfile/systemDictionary.cpp, line 256]
Event: 5.107 Thread 0x00007ff90c436a70 Exception <a 'java/lang/ClassNotFoundException'{0x0000000100377e00}: org/apache/commons/beanutils/FluentIntrospectionTestBeanCustomizer> (0x0000000100377e00) 
thrown [src/hotspot/share/classfile/systemDictionary.cpp, line 256]
Event: 5.803 Thread 0x00007ff90c41c5b0 Exception <a 'java/lang/ArrayIndexOutOfBoundsException'{0x0000000100ee1d58}> (0x0000000100ee1d58) 
thrown [src/hotspot/share/runtime/reflection.cpp, line 272]
Event: 5.916 Thread 0x00007ff90c41b560 Exception <a 'java/lang/ArrayIndexOutOfBoundsException'{0x0000000100ff2a68}> (0x0000000100ff2a68) 
thrown [src/hotspot/share/runtime/reflection.cpp, line 229]
Event: 7.832 Thread 0x00007ff90c41b560 Exception <a 'java/lang/ClassNotFoundException'{0x00000000feeeeea0}: org/apache/commons/beanutils/memoryleaktests/pojotests/SomePojoBeanInfo> (0x00000000feeeeea0) 
thrown [src/hotspot/share/classfile/systemDictionary.cpp, line 256]
Event: 7.832 Thread 0x00007ff90c41b560 Exception <a 'java/lang/ClassNotFoundException'{0x00000000feeefdc0}: java/lang/ObjectBeanInfo> (0x00000000feeefdc0) 
thrown [src/hotspot/share/classfile/systemDictionary.cpp, line 256]
Event: 7.832 Thread 0x00007ff90c41b560 Exception <a 'java/lang/ClassNotFoundException'{0x00000000feef0a90}: java/lang/ObjectCustomizer> (0x00000000feef0a90) 
thrown [src/hotspot/share/classfile/systemDictionary.cpp, line 256]
Event: 7.856 Thread 0x00007ff90c41b560 Exception <a 'java/lang/ClassNotFoundException'{0x00000000feef7bf0}: org/apache/commons/beanutils/memoryleaktests/pojotests/SomePojoCustomizer> (0x00000000feef7bf0) 
thrown [src/hotspot/share/classfile/systemDictionary.cpp, line 256]

VM Operations (20 events):
Event: 5.236 Executing VM operation: RedefineClasses done
Event: 5.237 Executing VM operation: RedefineClasses
Event: 5.241 Executing VM operation: RedefineClasses done
Event: 6.242 Executing VM operation: Cleanup
Event: 6.283 Executing VM operation: Cleanup done
Event: 7.285 Executing VM operation: Cleanup
Event: 7.349 Executing VM operation: Cleanup done
Event: 7.481 Executing VM operation: HandshakeAllThreads
Event: 7.481 Executing VM operation: HandshakeAllThreads done
Event: 7.506 Executing VM operation: HandshakeAllThreads
Event: 7.506 Executing VM operation: HandshakeAllThreads done
Event: 7.898 Executing VM operation: G1CollectForAllocation
Event: 7.935 Executing VM operation: G1CollectForAllocation done
Event: 8.081 Executing VM operation: G1CollectForAllocation
Event: 8.150 Executing VM operation: G1CollectForAllocation done
Event: 8.157 Executing VM operation: G1CollectForAllocation
Event: 8.318 Executing VM operation: G1CollectForAllocation done
Event: 8.334 Executing VM operation: G1CollectForAllocation
Event: 8.390 Executing VM operation: G1CollectForAllocation done
Event: 8.413 Executing VM operation: G1CollectForAllocation

Memory protections (20 events):
Event: 6.576 Protecting memory [0x00007ff89e2f8000,0x00007ff89e2fc000] with protection modes 0
Event: 6.577 Protecting memory [0x00007ff89e2f8000,0x00007ff89e2fc000] with protection modes 0
Event: 6.633 Protecting memory [0x00007ff89e2f8000,0x00007ff89e2fc000] with protection modes 0
Event: 6.686 Protecting memory [0x00007ff89e2f8000,0x00007ff89e2fc000] with protection modes 0
Event: 6.706 Protecting memory [0x00007ff89e2f8000,0x00007ff89e2fc000] with protection modes 0
Event: 6.709 Protecting memory [0x00007ff89e2f8000,0x00007ff89e2fc000] with protection modes 0
Event: 6.721 Protecting memory [0x00007ff89e2f8000,0x00007ff89e2fc000] with protection modes 0
Event: 6.828 Protecting memory [0x00007ff89e2f8000,0x00007ff89e2fc000] with protection modes 0
Event: 6.841 Protecting memory [0x00007ff89e2f8000,0x00007ff89e2fc000] with protection modes 0
Event: 6.876 Protecting memory [0x00007ff89e2f8000,0x00007ff89e2fc000] with protection modes 0
Event: 6.940 Protecting memory [0x00007ff89e2f8000,0x00007ff89e2fc000] with protection modes 0
Event: 6.979 Protecting memory [0x00007ff89e2f8000,0x00007ff89e2fc000] with protection modes 0
Event: 7.157 Protecting memory [0x00007ff89e2f8000,0x00007ff89e2fc000] with protection modes 0
Event: 7.179 Protecting memory [0x00007ff89e8fe000,0x00007ff89e902000] with protection modes 0
Event: 7.206 Protecting memory [0x00007ff89e8fe000,0x00007ff89e902000] with protection modes 0
Event: 7.218 Protecting memory [0x00007ff89e8fe000,0x00007ff89e902000] with protection modes 0
Event: 7.231 Protecting memory [0x00007ff89e8fe000,0x00007ff89e902000] with protection modes 0
Event: 7.315 Protecting memory [0x00007ff89e8fe000,0x00007ff89e902000] with protection modes 0
Event: 7.339 Protecting memory [0x00007ff89e8fe000,0x00007ff89e902000] with protection modes 0
Event: 7.369 Protecting memory [0x00007ff89e8fe000,0x00007ff89e902000] with protection modes 0

Nmethod flushes (0 events):
No events

Events (20 events):
Event: 6.941 Thread 0x00007ff90c41b560 Thread exited: 0x00007ff90c41b560
Event: 6.957 Thread 0x00007ff90c032990 Thread added: 0x00007ff90c41b560
Event: 6.980 Thread 0x00007ff90c41b560 Thread exited: 0x00007ff90c41b560
Event: 7.157 Thread 0x00007ff90c032990 Thread added: 0x00007ff90c41b560
Event: 7.158 Thread 0x00007ff90c41b560 Thread exited: 0x00007ff90c41b560
Event: 7.159 Thread 0x00007ff82806e020 Thread exited: 0x00007ff82806e020
Event: 7.178 Thread 0x00007ff90c032990 Thread added: 0x00007ff90c41b560
Event: 7.180 Thread 0x00007ff90c41b560 Thread exited: 0x00007ff90c41b560
Event: 7.206 Thread 0x00007ff90c032990 Thread added: 0x00007ff90c41b560
Event: 7.207 Thread 0x00007ff82806cec0 Thread exited: 0x00007ff82806cec0
Event: 7.207 Thread 0x00007ff90c41b560 Thread exited: 0x00007ff90c41b560
Event: 7.218 Thread 0x00007ff90c032990 Thread added: 0x00007ff90c41b560
Event: 7.219 Thread 0x00007ff90c41b560 Thread exited: 0x00007ff90c41b560
Event: 7.231 Thread 0x00007ff90c032990 Thread added: 0x00007ff90c41b560
Event: 7.232 Thread 0x00007ff90c41b560 Thread exited: 0x00007ff90c41b560
Event: 7.315 Thread 0x00007ff90c032990 Thread added: 0x00007ff90c41b560
Event: 7.315 Thread 0x00007ff90c41b560 Thread exited: 0x00007ff90c41b560
Event: 7.338 Thread 0x00007ff90c032990 Thread added: 0x00007ff90c41b560
Event: 7.350 Thread 0x00007ff90c41b560 Thread exited: 0x00007ff90c41b560
Event: 7.369 Thread 0x00007ff90c032990 Thread added: 0x00007ff90c41b560


Dynamic libraries:
82000000-102000000 rw-p 00000000 00:00 0 
206000000-7fe000000 ---p 00000000 00:00 0 
7fe000000-7fef00000 rw-p 00000000 00:00 0 
7fef00000-7fef75000 rw-p 00c79000 00:33 8596472648                       /sfs/gpfs/tardis/applications/202512/software/standard/core/java/17/lib/server/classes.jsa
7fef75000-7ff000000 rw-p 00000000 00:00 0 
7ff000000-7ff078000 rw-p 00c01000 00:33 8596472648                       /sfs/gpfs/tardis/applications/202512/software/standard/core/java/17/lib/server/classes.jsa
7ff078000-800000000 rw-p 00000000 00:00 0 
55867d465000-55867d466000 r--p 00000000 00:33 8596472430                 /sfs/gpfs/tardis/applications/202512/software/standard/core/java/17/bin/java
55867d466000-55867d467000 r-xp 00001000 00:33 8596472430                 /sfs/gpfs/tardis/applications/202512/software/standard/core/java/17/bin/java
55867d467000-55867d468000 r--p 00002000 00:33 8596472430                 /sfs/gpfs/tardis/applications/202512/software/standard/core/java/17/bin/java
55867d468000-55867d469000 r--p 00002000 00:33 8596472430                 /sfs/gpfs/tardis/applications/202512/software/standard/core/java/17/bin/java
55867d469000-55867d46a000 rw-p 00003000 00:33 8596472430                 /sfs/gpfs/tardis/applications/202512/software/standard/core/java/17/bin/java
55867eb46000-55867eb8e000 rw-p 00000000 00:00 0                          [heap]
7ff7b8000000-7ff7b8027000 rw-p 00000000 00:00 0 
7ff7b8027000-7ff7bc000000 ---p 00000000 00:00 0 
7ff7c0000000-7ff7c0021000 rw-p 00000000 00:00 0 
7ff7c0021000-7ff7c4000000 ---p 00000000 00:00 0 
7ff7c4000000-7ff7c4257000 rw-p 00000000 00:00 0 
7ff7c4257000-7ff7c8000000 ---p 00000000 00:00 0 
7ff7c8000000-7ff7c8021000 rw-p 00000000 00:00 0 
7ff7c8021000-7ff7cc000000 ---p 00000000 00:00 0 
7ff7cc000000-7ff7cc021000 rw-p 00000000 00:00 0 
7ff7cc021000-7ff7d0000000 ---p 00000000 00:00 0 
7ff7d0000000-7ff7d0021000 rw-p 00000000 00:00 0 
7ff7d0021000-7ff7d4000000 ---p 00000000 00:00 0 
7ff7d4000000-7ff7d4021000 rw-p 00000000 00:00 0 
7ff7d4021000-7ff7d8000000 ---p 00000000 00:00 0 
7ff7d8000000-7ff7d8021000 rw-p 00000000 00:00 0 
7ff7d8021000-7ff7dc000000 ---p 00000000 00:00 0 
7ff7dc000000-7ff7dc021000 rw-p 00000000 00:00 0 
7ff7dc021000-7ff7e0000000 ---p 00000000 00:00 0 
7ff7e0000000-7ff7e0021000 rw-p 00000000 00:00 0 
7ff7e0021000-7ff7e4000000 ---p 00000000 00:00 0 
7ff7e4000000-7ff7e4021000 rw-p 00000000 00:00 0 
7ff7e4021000-7ff7e8000000 ---p 00000000 00:00 0 
7ff7e8000000-7ff7e8021000 rw-p 00000000 00:00 0 
7ff7e8021000-7ff7ec000000 ---p 00000000 00:00 0 
7ff7ec000000-7ff7ec021000 rw-p 00000000 00:00 0 
7ff7ec021000-7ff7f0000000 ---p 00000000 00:00 0 
7ff7f0000000-7ff7f0021000 rw-p 00000000 00:00 0 
7ff7f0021000-7ff7f4000000 ---p 00000000 00:00 0 
7ff7f4000000-7ff7f4021000 rw-p 00000000 00:00 0 
7ff7f4021000-7ff7f8000000 ---p 00000000 00:00 0 
7ff7f8000000-7ff7f8021000 rw-p 00000000 00:00 0 
7ff7f8021000-7ff7fc000000 ---p 00000000 00:00 0 
7ff7fc000000-7ff7fc021000 rw-p 00000000 00:00 0 
7ff7fc021000-7ff800000000 ---p 00000000 00:00 0 
7ff800000000-7ff8004ec000 rw-p 00000000 00:00 0 
7ff8004ec000-7ff804000000 ---p 00000000 00:00 0 
7ff804000000-7ff804021000 rw-p 00000000 00:00 0 
7ff804021000-7ff808000000 ---p 00000000 00:00 0 
7ff808000000-7ff808288000 rw-p 00000000 00:00 0 
7ff808288000-7ff80c000000 ---p 00000000 00:00 0 
7ff80c000000-7ff80cf07000 rw-p 00000000 00:00 0 
7ff80cf07000-7ff810000000 ---p 00000000 00:00 0 
7ff810000000-7ff810021000 rw-p 00000000 00:00 0 
7ff810021000-7ff814000000 ---p 00000000 00:00 0 
7ff814000000-7ff814021000 rw-p 00000000 00:00 0 
7ff814021000-7ff818000000 ---p 00000000 00:00 0 
7ff818000000-7ff818104000 rw-p 00000000 00:00 0 
7ff818104000-7ff81c000000 ---p 00000000 00:00 0 
7ff81c000000-7ff81c1f0000 rw-p 00000000 00:00 0 
7ff81c1f0000-7ff820000000 ---p 00000000 00:00 0 
7ff820000000-7ff820021000 rw-p 00000000 00:00 0 
7ff820021000-7ff824000000 ---p 00000000 00:00 0 
7ff824000000-7ff8240e2000 rw-p 00000000 00:00 0 
7ff8240e2000-7ff828000000 ---p 00000000 00:00 0 
7ff828000000-7ff828670000 rw-p 00000000 00:00 0 
7ff828670000-7ff82c000000 ---p 00000000 00:00 0 
7ff82c000000-7ff82c021000 rw-p 00000000 00:00 0 
7ff82c021000-7ff830000000 ---p 00000000 00:00 0 
7ff830000000-7ff830021000 rw-p 00000000 00:00 0 
7ff830021000-7ff834000000 ---p 00000000 00:00 0 
7ff834000000-7ff834bf8000 rw-p 00000000 00:00 0 
7ff834bf8000-7ff838000000 ---p 00000000 00:00 0 
7ff838000000-7ff838021000 rw-p 00000000 00:00 0 
7ff838021000-7ff83c000000 ---p 00000000 00:00 0 
7ff83c000000-7ff83c021000 rw-p 00000000 00:00 0 
7ff83c021000-7ff840000000 ---p 00000000 00:00 0 
7ff840000000-7ff840021000 rw-p 00000000 00:00 0 
7ff840021000-7ff844000000 ---p 00000000 00:00 0 
7ff844000000-7ff844021000 rw-p 00000000 00:00 0 
7ff844021000-7ff848000000 ---p 00000000 00:00 0 
7ff848000000-7ff84840b000 rw-p 00000000 00:00 0 
7ff84840b000-7ff84c000000 ---p 00000000 00:00 0 
7ff84f000000-7ff84f455000 rw-p 00001000 00:33 8596472648                 /sfs/gpfs/tardis/applications/202512/software/standard/core/java/17/lib/server/classes.jsa
7ff84f455000-7ff84fbc9000 rw-p 00456000 00:33 8596472648                 /sfs/gpfs/tardis/applications/202512/software/standard/core/java/17/lib/server/classes.jsa
7ff84fbc9000-7ff850000000 ---p 00000000 00:00 0 
7ff850000000-7ff850040000 rw-p 00000000 00:00 0 
7ff850040000-7ff8500c0000 rw-p 00000000 00:00 0 
7ff8500c0000-7ff8500f0000 rw-p 00000000 00:00 0 
7ff8500f0000-7ff890000000 ---p 00000000 00:00 0 
7ff890000000-7ff890021000 rw-p 00000000 00:00 0 
7ff890021000-7ff894000000 ---p 00000000 00:00 0 
7ff894000000-7ff8943d0000 rw-p 00000000 00:00 0 
7ff8943d0000-7ff894400000 ---p 00000000 00:00 0 
7ff894400000-7ff894660000 rw-p 00000000 00:00 0 
7ff894660000-7ff898000000 ---p 00000000 00:00 0 
7ff898000000-7ff898021000 rw-p 00000000 00:00 0 
7ff898021000-7ff89c000000 ---p 00000000 00:00 0 
7ff89d05e000-7ff89d063000 ---p 00000000 00:00 0 
7ff89d063000-7ff89d15f000 rw-p 00000000 00:00 0 
7ff89d15f000-7ff89d164000 ---p 00000000 00:00 0 
7ff89d164000-7ff89d260000 rw-p 00000000 00:00 0 
7ff89d260000-7ff89d261000 ---p 00000000 00:00 0 
7ff89d261000-7ff89d361000 rw-p 00000000 00:00 0 
7ff89d361000-7ff89d362000 ---p 00000000 00:00 0 
7ff89d362000-7ff89d462000 rw-p 00000000 00:00 0 
7ff89d462000-7ff89d463000 ---p 00000000 00:00 0 
7ff89d463000-7ff89d563000 rw-p 00000000 00:00 0 
7ff89d563000-7ff89d564000 ---p 00000000 00:00 0 
7ff89d564000-7ff89d664000 rw-p 00000000 00:00 0 
7ff89d664000-7ff89d665000 ---p 00000000 00:00 0 
7ff89d665000-7ff89d765000 rw-p 00000000 00:00 0 
7ff89d765000-7ff89d766000 ---p 00000000 00:00 0 
7ff89d766000-7ff89d866000 rw-p 00000000 00:00 0 
7ff89d866000-7ff89d867000 ---p 00000000 00:00 0 
7ff89d867000-7ff89d967000 rw-p 00000000 00:00 0 
7ff89d967000-7ff89d968000 ---p 00000000 00:00 0 
7ff89d968000-7ff89da68000 rw-p 00000000 00:00 0 
7ff89da68000-7ff89da69000 ---p 00000000 00:00 0 
7ff89da69000-7ff89db69000 rw-p 00000000 00:00 0 
7ff89db69000-7ff89db6a000 ---p 00000000 00:00 0 
7ff89db6a000-7ff89dc6a000 rw-p 00000000 00:00 0 
7ff89dc6a000-7ff89dc6b000 ---p 00000000 00:00 0 
7ff89dc6b000-7ff89dd6b000 rw-p 00000000 00:00 0 
7ff89ddf2000-7ff89ddf3000 ---p 00000000 00:00 0 
7ff89ddf3000-7ff89def3000 rw-p 00000000 00:00 0 
7ff89def3000-7ff89def4000 ---p 00000000 00:00 0 
7ff89def4000-7ff89dff4000 rw-p 00000000 00:00 0 
7ff89dff4000-7ff89dff5000 ---p 00000000 00:00 0 
7ff89dff5000-7ff89e0f5000 rw-p 00000000 00:00 0 
7ff89e0f5000-7ff89e0f6000 ---p 00000000 00:00 0 
7ff89e0f6000-7ff89e1f6000 rw-p 00000000 00:00 0 
7ff89e1f6000-7ff89e1f7000 ---p 00000000 00:00 0 
7ff89e1f7000-7ff89e2f7000 rw-p 00000000 00:00 0 
7ff89e2f7000-7ff89e2fc000 ---p 00000000 00:00 0 
7ff89e2fc000-7ff89e3f8000 rw-p 00000000 00:00 0 
7ff89e3f8000-7ff89e3fd000 ---p 00000000 00:00 0 
7ff89e3fd000-7ff89e4f9000 rw-p 00000000 00:00 0 
7ff89e4f9000-7ff89e4fe000 ---p 00000000 00:00 0 
7ff89e4fe000-7ff89e5fa000 rw-p 00000000 00:00 0 
7ff89e5fa000-7ff89e5fb000 ---p 00000000 00:00 0 
7ff89e5fb000-7ff89e6fb000 rw-p 00000000 00:00 0 
7ff89e6fb000-7ff89e6fc000 ---p 00000000 00:00 0 
7ff89e6fc000-7ff89e700000 ---p 00000000 00:00 0 
7ff89e700000-7ff89e7fc000 rw-p 00000000 00:00 0 
7ff89e7fc000-7ff89e801000 ---p 00000000 00:00 0 
7ff89e801000-7ff89e8fd000 rw-p 00000000 00:00 0 
7ff89e8fd000-7ff89e8fe000 ---p 00000000 00:00 0 
7ff89e8fe000-7ff89e902000 ---p 00000000 00:00 0 
7ff89e902000-7ff89e9fe000 rw-p 00000000 00:00 0 
7ff89e9fe000-7ff89ea03000 ---p 00000000 00:00 0 
7ff89ea03000-7ff89eaff000 rw-p 00000000 00:00 0 
7ff89eaff000-7ff89eb00000 ---p 00000000 00:00 0 
7ff89eb00000-7ff89eb04000 ---p 00000000 00:00 0 
7ff89eb04000-7ff89ec00000 rw-p 00000000 00:00 0 
7ff89ec00000-7ff89ec01000 ---p 00000000 00:00 0 
7ff89ec01000-7ff89ec05000 ---p 00000000 00:00 0 
7ff89ec05000-7ff89ed01000 rw-p 00000000 00:00 0 
7ff89ed01000-7ff89ed02000 ---p 00000000 00:00 0 
7ff89ed02000-7ff89ed06000 ---p 00000000 00:00 0 
7ff89ed06000-7ff89ee02000 rw-p 00000000 00:00 0 
7ff89ee02000-7ff89ee03000 ---p 00000000 00:00 0 
7ff89ee03000-7ff89ee07000 ---p 00000000 00:00 0 
7ff89ee07000-7ff89ef03000 rw-p 00000000 00:00 0 
7ff89ef03000-7ff89ef04000 ---p 00000000 00:00 0 
7ff89ef04000-7ff89ef08000 ---p 00000000 00:00 0 
7ff89ef08000-7ff89f004000 rw-p 00000000 00:00 0 
7ff89f004000-7ff89f005000 ---p 00000000 00:00 0 
7ff89f005000-7ff89f009000 ---p 00000000 00:00 0 
7ff89f009000-7ff89f105000 rw-p 00000000 00:00 0 
7ff89f105000-7ff89f106000 ---p 00000000 00:00 0 
7ff89f106000-7ff89f10a000 ---p 00000000 00:00 0 
7ff89f10a000-7ff89f206000 rw-p 00000000 00:00 0 
7ff89f206000-7ff89f207000 ---p 00000000 00:00 0 
7ff89f207000-7ff89f20b000 ---p 00000000 00:00 0 
7ff89f20b000-7ff89f307000 rw-p 00000000 00:00 0 
7ff89f307000-7ff89f308000 ---p 00000000 00:00 0 
7ff89f308000-7ff89f30c000 ---p 00000000 00:00 0 
7ff89f30c000-7ff89f408000 rw-p 00000000 00:00 0 
7ff89f408000-7ff89f409000 ---p 00000000 00:00 0 
7ff89f409000-7ff89f509000 rw-p 00000000 00:00 0 
7ff89f509000-7ff89f50e000 r--p 00000000 00:33 8596472621                 /sfs/gpfs/tardis/applications/202512/software/standard/core/java/17/lib/libjsvml.so
7ff89f50e000-7ff89f54f000 r-xp 00005000 00:33 8596472621                 /sfs/gpfs/tardis/applications/202512/software/standard/core/java/17/lib/libjsvml.so
7ff89f54f000-7ff89f5d8000 r--p 00046000 00:33 8596472621                 /sfs/gpfs/tardis/applications/202512/software/standard/core/java/17/lib/libjsvml.so
7ff89f5d8000-7ff89f5d9000 r--p 000ce000 00:33 8596472621                 /sfs/gpfs/tardis/applications/202512/software/standard/core/java/17/lib/libjsvml.so
7ff89f5d9000-7ff89f5da000 rw-p 000cf000 00:33 8596472621                 /sfs/gpfs/tardis/applications/202512/software/standard/core/java/17/lib/libjsvml.so
7ff89f5da000-7ff89f6f7000 rw-p 00000000 00:00 0 
7ff89f6f7000-7ff89f6f8000 ---p 00000000 00:00 0 
7ff89f6f8000-7ff89f7f8000 rw-p 00000000 00:00 0 
7ff89f7f8000-7ff89f7f9000 ---p 00000000 00:00 0 
7ff89f7f9000-7ff8a0021000 rw-p 00000000 00:00 0 
7ff8a0021000-7ff8a4000000 ---p 00000000 00:00 0 
7ff8a4000000-7ff8a4021000 rw-p 00000000 00:00 0 
7ff8a4021000-7ff8a8000000 ---p 00000000 00:00 0 
7ff8a8000000-7ff8a8021000 rw-p 00000000 00:00 0 
7ff8a8021000-7ff8ac000000 ---p 00000000 00:00 0 
7ff8ac024000-7ff8ac026000 r--p 00000000 00:33 8596472625                 /sfs/gpfs/tardis/applications/202512/software/standard/core/java/17/lib/libmanagement_ext.so
7ff8ac026000-7ff8ac029000 r-xp 00002000 00:33 8596472625                 /sfs/gpfs/tardis/applications/202512/software/standard/core/java/17/lib/libmanagement_ext.so
7ff8ac029000-7ff8ac02a000 r--p 00005000 00:33 8596472625                 /sfs/gpfs/tardis/applications/202512/software/standard/core/java/17/lib/libmanagement_ext.so
7ff8ac02a000-7ff8ac02b000 ---p 00006000 00:33 8596472625                 /sfs/gpfs/tardis/applications/202512/software/standard/core/java/17/lib/libmanagement_ext.so
7ff8ac02b000-7ff8ac02c000 r--p 00006000 00:33 8596472625                 /sfs/gpfs/tardis/applications/202512/software/standard/core/java/17/lib/libmanagement_ext.so
7ff8ac02c000-7ff8ac02d000 rw-p 00007000 00:33 8596472625                 /sfs/gpfs/tardis/applications/202512/software/standard/core/java/17/lib/libmanagement_ext.so
7ff8ac02d000-7ff8b012e000 rw-p 00000000 00:00 0 
7ff8b012e000-7ff8cc02e000 ---p 00000000 00:00 0 
7ff8cc02e000-7ff8ce0ae000 rw-p 00000000 00:00 0 
7ff8ce0ae000-7ff8e9fae000 ---p 00000000 00:00 0 
7ff8e9fae000-7ff8ea42e000 rw-p 00000000 00:00 0 
7ff8ea42e000-7ff8edc0e000 ---p 00000000 00:00 0 
7ff8edc0e000-7ff8ee01e000 rw-p 00000000 00:00 0 
7ff8ee01e000-7ff8f17fe000 ---p 00000000 00:00 0 
7ff8f17fe000-7ff8f1c0e000 rw-p 00000000 00:00 0 
7ff8f1c0e000-7ff8f53ee000 ---p 00000000 00:00 0 
7ff8f53ee000-7ff8f53fe000 rw-p 00000000 00:00 0 
7ff8f53fe000-7ff8f572e000 rwxp 00000000 00:00 0 
7ff8f572e000-7ff8fc85d000 ---p 00000000 00:00 0 
7ff8fc85d000-7ff8fcb3d000 rwxp 00000000 00:00 0 
7ff8fcb3d000-7ff8fcf9e000 ---p 00000000 00:00 0 
7ff8fcf9e000-7ff8fd20e000 rwxp 00000000 00:00 0 
7ff8fd20e000-7ff9043fe000 ---p 00000000 00:00 0 
7ff9043fe000-7ff90c000000 r--s 00000000 00:33 8596472637                 /sfs/gpfs/tardis/applications/202512/software/standard/core/java/17/lib/modules
7ff90c000000-7ff90c4dc000 rw-p 00000000 00:00 0 
7ff90c4dc000-7ff910000000 ---p 00000000 00:00 0 
7ff910008000-7ff91000b000 r--p 00000000 00:33 8596472623                 /sfs/gpfs/tardis/applications/202512/software/standard/core/java/17/lib/libmanagement.so
7ff91000b000-7ff91000c000 r-xp 00003000 00:33 8596472623                 /sfs/gpfs/tardis/applications/202512/software/standard/core/java/17/lib/libmanagement.so
7ff91000c000-7ff91000d000 r--p 00004000 00:33 8596472623                 /sfs/gpfs/tardis/applications/202512/software/standard/core/java/17/lib/libmanagement.so
7ff91000d000-7ff91000e000 r--p 00004000 00:33 8596472623                 /sfs/gpfs/tardis/applications/202512/software/standard/core/java/17/lib/libmanagement.so
7ff91000e000-7ff91000f000 rw-p 00005000 00:33 8596472623                 /sfs/gpfs/tardis/applications/202512/software/standard/core/java/17/lib/libmanagement.so
7ff91000f000-7ff910013000 r--p 00000000 00:33 8596472635                 /sfs/gpfs/tardis/applications/202512/software/standard/core/java/17/lib/libverify.so
7ff910013000-7ff91001a000 r-xp 00004000 00:33 8596472635                 /sfs/gpfs/tardis/applications/202512/software/standard/core/java/17/lib/libverify.so
7ff91001a000-7ff91001c000 r--p 0000b000 00:33 8596472635                 /sfs/gpfs/tardis/applications/202512/software/standard/core/java/17/lib/libverify.so
7ff91001c000-7ff91001e000 r--p 0000c000 00:33 8596472635                 /sfs/gpfs/tardis/applications/202512/software/standard/core/java/17/lib/libverify.so
7ff91001e000-7ff91001f000 rw-p 0000e000 00:33 8596472635                 /sfs/gpfs/tardis/applications/202512/software/standard/core/java/17/lib/libverify.so
7ff91001f000-7ff910023000 r--p 00000000 00:33 8596472627                 /sfs/gpfs/tardis/applications/202512/software/standard/core/java/17/lib/libnet.so
7ff910023000-7ff910031000 r-xp 00004000 00:33 8596472627                 /sfs/gpfs/tardis/applications/202512/software/standard/core/java/17/lib/libnet.so
7ff910031000-7ff910035000 r--p 00012000 00:33 8596472627                 /sfs/gpfs/tardis/applications/202512/software/standard/core/java/17/lib/libnet.so
7ff910035000-7ff910036000 r--p 00015000 00:33 8596472627                 /sfs/gpfs/tardis/applications/202512/software/standard/core/java/17/lib/libnet.so
7ff910036000-7ff910037000 rw-p 00016000 00:33 8596472627                 /sfs/gpfs/tardis/applications/202512/software/standard/core/java/17/lib/libnet.so
7ff910037000-7ff91003e000 r--p 00000000 00:33 8596472628                 /sfs/gpfs/tardis/applications/202512/software/standard/core/java/17/lib/libnio.so
7ff91003e000-7ff910047000 r-xp 00007000 00:33 8596472628                 /sfs/gpfs/tardis/applications/202512/software/standard/core/java/17/lib/libnio.so
7ff910047000-7ff91004b000 r--p 00010000 00:33 8596472628                 /sfs/gpfs/tardis/applications/202512/software/standard/core/java/17/lib/libnio.so
7ff91004b000-7ff91004c000 ---p 00014000 00:33 8596472628                 /sfs/gpfs/tardis/applications/202512/software/standard/core/java/17/lib/libnio.so
7ff91004c000-7ff91004d000 r--p 00014000 00:33 8596472628                 /sfs/gpfs/tardis/applications/202512/software/standard/core/java/17/lib/libnio.so
7ff91004d000-7ff91004e000 rw-p 00015000 00:33 8596472628                 /sfs/gpfs/tardis/applications/202512/software/standard/core/java/17/lib/libnio.so
7ff91004e000-7ff910a58000 rw-p 00000000 00:00 0 
7ff910a58000-7ff910a59000 ---p 00000000 00:00 0 
7ff910a59000-7ff910b59000 rw-p 00000000 00:00 0 
7ff910b59000-7ff910b5a000 ---p 00000000 00:00 0 
7ff910b5a000-7ff910c5a000 rw-p 00000000 00:00 0 
7ff910c5a000-7ff910c5b000 ---p 00000000 00:00 0 
7ff910c5b000-7ff9121ce000 rw-p 00000000 00:00 0 
7ff9121ce000-7ff9122b2000 ---p 00000000 00:00 0 
7ff9122b2000-7ff9122b9000 rw-p 00000000 00:00 0 
7ff9122b9000-7ff91239b000 ---p 00000000 00:00 0 
7ff91239b000-7ff91239d000 r--p 00000000 00:33 8596472636                 /sfs/gpfs/tardis/applications/202512/software/standard/core/java/17/lib/libzip.so
7ff91239d000-7ff9123af000 r-xp 00002000 00:33 8596472636                 /sfs/gpfs/tardis/applications/202512/software/standard/core/java/17/lib/libzip.so
7ff9123af000-7ff9123b7000 r--p 00014000 00:33 8596472636                 /sfs/gpfs/tardis/applications/202512/software/standard/core/java/17/lib/libzip.so
7ff9123b7000-7ff9123b8000 r--p 0001b000 00:33 8596472636                 /sfs/gpfs/tardis/applications/202512/software/standard/core/java/17/lib/libzip.so
7ff9123b8000-7ff9123b9000 rw-p 0001c000 00:33 8596472636                 /sfs/gpfs/tardis/applications/202512/software/standard/core/java/17/lib/libzip.so
7ff9123b9000-7ff9123c4000 r-xp 00000000 00:29 41352995                   /usr/lib64/libnss_files-2.28.so
7ff9123c4000-7ff9125c4000 ---p 0000b000 00:29 41352995                   /usr/lib64/libnss_files-2.28.so
7ff9125c4000-7ff9125c5000 r--p 0000b000 00:29 41352995                   /usr/lib64/libnss_files-2.28.so
7ff9125c5000-7ff9125c6000 rw-p 0000c000 00:29 41352995                   /usr/lib64/libnss_files-2.28.so
7ff9125c6000-7ff9125cc000 rw-p 00000000 00:00 0 
7ff9125cc000-7ff9125d3000 r-xp 00000000 00:29 41352993                   /usr/lib64/libnss_db-2.28.so
7ff9125d3000-7ff9127d2000 ---p 00007000 00:29 41352993                   /usr/lib64/libnss_db-2.28.so
7ff9127d2000-7ff9127d3000 r--p 00006000 00:29 41352993                   /usr/lib64/libnss_db-2.28.so
7ff9127d3000-7ff9127d4000 rw-p 00007000 00:29 41352993                   /usr/lib64/libnss_db-2.28.so
7ff9127d4000-7ff9127d7000 rw-p 00000000 00:00 0 
7ff9127d7000-7ff912a4f000 r--p 00000000 00:29 42290259                   /usr/lib/locale/en_US.utf8/LC_COLLATE
7ff912a4f000-7ff912bd0000 r-xp 00000000 00:29 41352876                   /usr/lib64/libm-2.28.so
7ff912bd0000-7ff912dcf000 ---p 00181000 00:29 41352876                   /usr/lib64/libm-2.28.so
7ff912dcf000-7ff912dd0000 r--p 00180000 00:29 41352876                   /usr/lib64/libm-2.28.so
7ff912dd0000-7ff912dd1000 rw-p 00181000 00:29 41352876                   /usr/lib64/libm-2.28.so
7ff912dd1000-7ff912dd8000 r-xp 00000000 00:29 41353205                   /usr/lib64/librt-2.28.so
7ff912dd8000-7ff912fd7000 ---p 00007000 00:29 41353205                   /usr/lib64/librt-2.28.so
7ff912fd7000-7ff912fd8000 r--p 00006000 00:29 41353205                   /usr/lib64/librt-2.28.so
7ff912fd8000-7ff912fd9000 rw-p 00007000 00:29 41353205                   /usr/lib64/librt-2.28.so
7ff912fd9000-7ff91322c000 r--p 00000000 00:33 8596472651                 /sfs/gpfs/tardis/applications/202512/software/standard/core/java/17/lib/server/libjvm.so
7ff91322c000-7ff913f55000 r-xp 00253000 00:33 8596472651                 /sfs/gpfs/tardis/applications/202512/software/standard/core/java/17/lib/server/libjvm.so
7ff913f55000-7ff9141e2000 r--p 00f7c000 00:33 8596472651                 /sfs/gpfs/tardis/applications/202512/software/standard/core/java/17/lib/server/libjvm.so
7ff9141e2000-7ff9141e3000 ---p 01209000 00:33 8596472651                 /sfs/gpfs/tardis/applications/202512/software/standard/core/java/17/lib/server/libjvm.so
7ff9141e3000-7ff91429c000 r--p 01209000 00:33 8596472651                 /sfs/gpfs/tardis/applications/202512/software/standard/core/java/17/lib/server/libjvm.so
7ff91429c000-7ff9142d1000 rw-p 012c2000 00:33 8596472651                 /sfs/gpfs/tardis/applications/202512/software/standard/core/java/17/lib/server/libjvm.so
7ff9142d1000-7ff91432c000 rw-p 00000000 00:00 0 
7ff91432c000-7ff9144f9000 r-xp 00000000 00:29 41352421                   /usr/lib64/libc-2.28.so
7ff9144f9000-7ff9146f8000 ---p 001cd000 00:29 41352421                   /usr/lib64/libc-2.28.so
7ff9146f8000-7ff9146fc000 r--p 001cc000 00:29 41352421                   /usr/lib64/libc-2.28.so
7ff9146fc000-7ff9146fe000 rw-p 001d0000 00:29 41352421                   /usr/lib64/libc-2.28.so
7ff9146fe000-7ff914702000 rw-p 00000000 00:00 0 
7ff914702000-7ff914705000 r-xp 00000000 00:29 41352530                   /usr/lib64/libdl-2.28.so
7ff914705000-7ff914904000 ---p 00003000 00:29 41352530                   /usr/lib64/libdl-2.28.so
7ff914904000-7ff914905000 r--p 00002000 00:29 41352530                   /usr/lib64/libdl-2.28.so
7ff914905000-7ff914906000 rw-p 00003000 00:29 41352530                   /usr/lib64/libdl-2.28.so
7ff914906000-7ff914921000 r-xp 00000000 00:29 41353149                   /usr/lib64/libpthread-2.28.so
7ff914921000-7ff914b20000 ---p 0001b000 00:29 41353149                   /usr/lib64/libpthread-2.28.so
7ff914b20000-7ff914b21000 r--p 0001a000 00:29 41353149                   /usr/lib64/libpthread-2.28.so
7ff914b21000-7ff914b22000 rw-p 0001b000 00:29 41353149                   /usr/lib64/libpthread-2.28.so
7ff914b22000-7ff914b26000 rw-p 00000000 00:00 0 
7ff914b26000-7ff914b55000 r-xp 00000000 00:29 41352045                   /usr/lib64/ld-2.28.so
7ff914b59000-7ff914b5a000 r--p 00000000 00:33 8596472606                 /sfs/gpfs/tardis/applications/202512/software/standard/core/java/17/lib/libextnet.so
7ff914b5a000-7ff914b5b000 r-xp 00001000 00:33 8596472606                 /sfs/gpfs/tardis/applications/202512/software/standard/core/java/17/lib/libextnet.so
7ff914b5b000-7ff914b5c000 r--p 00002000 00:33 8596472606                 /sfs/gpfs/tardis/applications/202512/software/standard/core/java/17/lib/libextnet.so
7ff914b5c000-7ff914b5d000 r--p 00002000 00:33 8596472606                 /sfs/gpfs/tardis/applications/202512/software/standard/core/java/17/lib/libextnet.so
7ff914b5d000-7ff914b5e000 rw-p 00003000 00:33 8596472606                 /sfs/gpfs/tardis/applications/202512/software/standard/core/java/17/lib/libextnet.so
7ff914b5e000-7ff914b64000 rw-p 00000000 00:00 0 
7ff914b64000-7ff914b6d000 ---p 00000000 00:00 0 
7ff914b6d000-7ff914b6e000 r--s 00000000 203:97233 4334508089525993473    /sfs/weka/scratch/wxw9rr/tmp/pitest-agent4297895672587801351.jar
7ff914b6e000-7ff914b76000 rw-s 00000000 00:2d 86415823                   /tmp/hsperfdata_wxw9rr/696930
7ff914b76000-7ff914bc9000 r--p 00000000 00:29 42289927                   /usr/lib/locale/C.utf8/LC_CTYPE
7ff914bc9000-7ff914bca000 r--p 00000000 00:29 42290264                   /usr/lib/locale/en_US.utf8/LC_NUMERIC
7ff914bca000-7ff914bcb000 r--p 00000000 00:29 42290267                   /usr/lib/locale/en_US.utf8/LC_TIME
7ff914bcb000-7ff914bcc000 r--p 00000000 00:29 42290262                   /usr/lib/locale/en_US.utf8/LC_MONETARY
7ff914bcc000-7ff914bcd000 r--p 00000000 00:29 42290268                   /usr/lib/locale/en_US.utf8/LC_MESSAGES/SYS_LC_MESSAGES
7ff914bcd000-7ff914bce000 r--p 00000000 00:29 42290265                   /usr/lib/locale/en_US.utf8/LC_PAPER
7ff914bce000-7ff914bd5000 r--s 00000000 00:29 41660342                   /usr/lib64/gconv/gconv-modules.cache
7ff914bd5000-7ff914be3000 r--p 00000000 00:33 8596472613                 /sfs/gpfs/tardis/applications/202512/software/standard/core/java/17/lib/libjava.so
7ff914be3000-7ff914bf5000 r-xp 0000e000 00:33 8596472613                 /sfs/gpfs/tardis/applications/202512/software/standard/core/java/17/lib/libjava.so
7ff914bf5000-7ff914bfb000 r--p 00020000 00:33 8596472613                 /sfs/gpfs/tardis/applications/202512/software/standard/core/java/17/lib/libjava.so
7ff914bfb000-7ff914bfc000 ---p 00026000 00:33 8596472613                 /sfs/gpfs/tardis/applications/202512/software/standard/core/java/17/lib/libjava.so
7ff914bfc000-7ff914bfd000 r--p 00026000 00:33 8596472613                 /sfs/gpfs/tardis/applications/202512/software/standard/core/java/17/lib/libjava.so
7ff914bfd000-7ff914bfe000 rw-p 00027000 00:33 8596472613                 /sfs/gpfs/tardis/applications/202512/software/standard/core/java/17/lib/libjava.so
7ff914bfe000-7ff914bff000 rw-p 00000000 00:00 0 
7ff914bff000-7ff914c03000 r--p 00000000 00:33 8596472617                 /sfs/gpfs/tardis/applications/202512/software/standard/core/java/17/lib/libjimage.so
7ff914c03000-7ff914c16000 r-xp 00004000 00:33 8596472617                 /sfs/gpfs/tardis/applications/202512/software/standard/core/java/17/lib/libjimage.so
7ff914c16000-7ff914c1c000 r--p 00017000 00:33 8596472617                 /sfs/gpfs/tardis/applications/202512/software/standard/core/java/17/lib/libjimage.so
7ff914c1c000-7ff914c1e000 r--p 0001c000 00:33 8596472617                 /sfs/gpfs/tardis/applications/202512/software/standard/core/java/17/lib/libjimage.so
7ff914c1e000-7ff914c1f000 rw-p 0001e000 00:33 8596472617                 /sfs/gpfs/tardis/applications/202512/software/standard/core/java/17/lib/libjimage.so
7ff914c1f000-7ff914c23000 ---p 00000000 00:00 0 
7ff914c23000-7ff914d22000 rw-p 00000000 00:00 0 
7ff914d22000-7ff914d23000 r--p 00000000 00:29 42290263                   /usr/lib/locale/en_US.utf8/LC_NAME
7ff914d23000-7ff914d24000 r--p 00000000 00:29 42290258                   /usr/lib/locale/en_US.utf8/LC_ADDRESS
7ff914d24000-7ff914d25000 r--p 00000000 00:29 42290266                   /usr/lib/locale/en_US.utf8/LC_TELEPHONE
7ff914d25000-7ff914d26000 r--p 00000000 00:29 42290261                   /usr/lib/locale/en_US.utf8/LC_MEASUREMENT
7ff914d26000-7ff914d27000 r--p 00000000 00:29 42290260                   /usr/lib/locale/en_US.utf8/LC_IDENTIFICATION
7ff914d27000-7ff914d29000 r--p 00000000 00:33 8596472608                 /sfs/gpfs/tardis/applications/202512/software/standard/core/java/17/lib/libinstrument.so
7ff914d29000-7ff914d2f000 r-xp 00002000 00:33 8596472608                 /sfs/gpfs/tardis/applications/202512/software/standard/core/java/17/lib/libinstrument.so
7ff914d2f000-7ff914d32000 r--p 00008000 00:33 8596472608                 /sfs/gpfs/tardis/applications/202512/software/standard/core/java/17/lib/libinstrument.so
7ff914d32000-7ff914d33000 r--p 0000a000 00:33 8596472608                 /sfs/gpfs/tardis/applications/202512/software/standard/core/java/17/lib/libinstrument.so
7ff914d33000-7ff914d34000 rw-p 0000b000 00:33 8596472608                 /sfs/gpfs/tardis/applications/202512/software/standard/core/java/17/lib/libinstrument.so
7ff914d34000-7ff914d35000 ---p 00000000 00:00 0 
7ff914d35000-7ff914d36000 r--p 00000000 00:00 0 
7ff914d36000-7ff914d37000 ---p 00000000 00:00 0 
7ff914d37000-7ff914d3a000 r--p 00000000 00:33 8596472618                 /sfs/gpfs/tardis/applications/202512/software/standard/core/java/17/lib/libjli.so
7ff914d3a000-7ff914d4a000 r-xp 00003000 00:33 8596472618                 /sfs/gpfs/tardis/applications/202512/software/standard/core/java/17/lib/libjli.so
7ff914d4a000-7ff914d51000 r--p 00013000 00:33 8596472618                 /sfs/gpfs/tardis/applications/202512/software/standard/core/java/17/lib/libjli.so
7ff914d51000-7ff914d52000 r--p 00019000 00:33 8596472618                 /sfs/gpfs/tardis/applications/202512/software/standard/core/java/17/lib/libjli.so
7ff914d52000-7ff914d53000 rw-p 0001a000 00:33 8596472618                 /sfs/gpfs/tardis/applications/202512/software/standard/core/java/17/lib/libjli.so
7ff914d53000-7ff914d55000 rw-p 00000000 00:00 0 
7ff914d55000-7ff914d56000 r--p 0002f000 00:29 41352045                   /usr/lib64/ld-2.28.so
7ff914d56000-7ff914d58000 rw-p 00030000 00:29 41352045                   /usr/lib64/ld-2.28.so
7fff94329000-7fff9434e000 rw-p 00000000 00:00 0                          [stack]
7fff9439c000-7fff943a0000 r--p 00000000 00:00 0                          [vvar]
7fff943a0000-7fff943a2000 r-xp 00000000 00:00 0                          [vdso]
ffffffffff600000-ffffffffff601000 r-xp 00000000 00:00 0                  [vsyscall]


VM Arguments:
jvm_args: -Dclassworlds.conf=/apps/software/standard/core/maven/3.9.0/bin/m2.conf -Dmaven.home=/apps/software/standard/core/maven/3.9.0 -Dlibrary.jansi.path=/apps/software/standard/core/maven/3.9.0/lib/jansi-native -Dmaven.multiModuleProjectDirectory=/scratch/wxw9rr/artifact/RQ3/OE25-DEV/commons-beanutils-1.9.4 -Djava.io.tmpdir=/sfs/weka/scratch/wxw9rr/tmp -javaagent:/sfs/weka/scratch/wxw9rr/tmp/pitest-agent4297895672587801351.jar -ea -Djava.awt.headless=true -XX:+UseG1GC -Djava.io.tmpdir=/sfs/weka/scratch/wxw9rr/tmp 
java_command: org.pitest.mutationtest.execute.MutationTestMinion 44693
java_class_path (initial): /sfs/weka/scratch/wxw9rr/artifact/RQ3/OE25-DEV/commons-beanutils-1.9.4/target/test-classes:/sfs/weka/scratch/wxw9rr/artifact/RQ3/OE25-DEV/commons-beanutils-1.9.4/target/classes:/home/wxw9rr/.m2/repository/commons-logging/commons-logging/1.2/commons-logging-1.2.jar:/home/wxw9rr/.m2/repository/commons-collections/commons-collections/3.2.2/commons-collections-3.2.2.jar:/home/wxw9rr/.m2/repository/commons-collections/commons-collections-testframework/3.2.1/commons-collections-testframework-3.2.1.jar:/home/wxw9rr/.m2/repository/junit/junit/4.12/junit-4.12.jar:/home/wxw9rr/.m2/repository/org/hamcrest/hamcrest-core/1.3/hamcrest-core-1.3.jar:/home/wxw9rr/.m2/repository/org/pitest/pitest/1.22.0/pitest-1.22.0.jar
Launcher Type: SUN_STANDARD

[Global flags]
     intx CICompilerCount                          = 12                                        {product} {ergonomic}
     uint ConcGCThreads                            = 5                                         {product} {ergonomic}
     uint G1ConcRefinementThreads                  = 18                                        {product} {ergonomic}
   size_t G1HeapRegionSize                         = 16777216                                  {product} {ergonomic}
    uintx GCDrainStackTargetSize                   = 64                                        {product} {ergonomic}
   size_t InitialHeapSize                          = 2147483648                                {product} {ergonomic}
   size_t MarkStackSize                            = 4194304                                   {product} {ergonomic}
   size_t MaxHeapSize                              = 32178700288                               {product} {ergonomic}
   size_t MaxNewSize                               = 19293798400                               {product} {ergonomic}
   size_t MinHeapDeltaBytes                        = 16777216                                  {product} {ergonomic}
   size_t MinHeapSize                              = 16777216                                  {product} {ergonomic}
    uintx NonNMethodCodeHeapSize                   = 7602480                                {pd product} {ergonomic}
    uintx NonProfiledCodeHeapSize                  = 122027880                              {pd product} {ergonomic}
    uintx ProfiledCodeHeapSize                     = 122027880                              {pd product} {ergonomic}
    uintx ReservedCodeCacheSize                    = 251658240                              {pd product} {ergonomic}
     bool SegmentedCodeCache                       = true                                      {product} {ergonomic}
   size_t SoftMaxHeapSize                          = 32178700288                            {manageable} {ergonomic}
     bool UseCompressedClassPointers               = true                           {product lp64_product} {ergonomic}
     bool UseCompressedOops                        = true                           {product lp64_product} {ergonomic}
     bool UseG1GC                                  = true                                      {product} {command line}

Logging:
Log output configuration:
 #0: stdout all=warning uptime,level,tags
 #1: stderr all=off uptime,level,tags

Environment Variables:
JAVA_HOME=/apps/software/standard/core/java/17
_JAVA_OPTIONS=-Djava.io.tmpdir=/sfs/weka/scratch/wxw9rr/tmp
PATH=/apps/software/standard/core/java/17:/apps/software/standard/core/java/17/bin:/apps/software/standard/core/maven/3.9.0:/apps/software/standard/core/maven/3.9.0/bin:/home/wxw9rr/.local/bin:/opt/mam/9.1.2/bin:/sfs/gpfs/tardis/applications/202512/software/standard/core/code-server/4.99.1/lib/vscode/bin/remote-cli:/apps/software/standard/core/code-server/4.99.1/bin:/apps/software/standard/core/miniforge/24.3.0-py3.11:/apps/software/standard/core/miniforge/24.3.0-py3.11/sbin:/apps/software/standard/core/miniforge/24.3.0-py3.11/bin:/sfs/gpfs/tardis/home/wxw9rr/miniforge3/bin:/sfs/gpfs/tardis/home/wxw9rr/miniforge3/condabin:/usr/local/bin:/usr/bin:/usr/local/sbin:/usr/sbin:/opt/slurm/current/bin:/opt/rci/bin:/share/resources/HPCtools:/opt/mam/current/bin:/opt/apptainer/current/bin:/sfs/gpfs/tardis/home/wxw9rr/.local/bin
LD_LIBRARY_PATH=/apps/software/standard/core/java/17/lib:/apps/software/standard/core/maven/3.9.0/lib:/opt/slurm/current/lib
SHELL=/bin/bash
LANG=en_US.UTF-8
TERM=xterm-256color
TMPDIR=/sfs/weka/scratch/wxw9rr/tmp
TMP=/sfs/weka/scratch/wxw9rr/tmp
TEMP=/sfs/weka/scratch/wxw9rr/tmp

Active Locale:
LC_ALL=en_US.UTF-8
LC_COLLATE=en_US.UTF-8
LC_CTYPE=en_US.UTF-8
LC_MESSAGES=en_US.UTF-8
LC_MONETARY=en_US.UTF-8
LC_NUMERIC=en_US.UTF-8
LC_TIME=en_US.UTF-8

Signal Handlers:
   SIGSEGV: crash_handler in libjvm.so, mask=11100100010111111101111111111110, flags=SA_RESTART|SA_SIGINFO, unblocked
    SIGBUS: crash_handler in libjvm.so, mask=11100100010111111101111111111110, flags=SA_RESTART|SA_SIGINFO, unblocked
    SIGFPE: crash_handler in libjvm.so, mask=11100100010111111101111111111110, flags=SA_RESTART|SA_SIGINFO, unblocked
   SIGPIPE: javaSignalHandler in libjvm.so, mask=11100100010111111101111111111110, flags=SA_RESTART|SA_SIGINFO, unblocked
   SIGXFSZ: javaSignalHandler in libjvm.so, mask=11100100010111111101111111111110, flags=SA_RESTART|SA_SIGINFO, unblocked
    SIGILL: crash_handler in libjvm.so, mask=11100100010111111101111111111110, flags=SA_RESTART|SA_SIGINFO, unblocked
   SIGUSR2: SR_handler in libjvm.so, mask=00100000000000000000000000000000, flags=SA_RESTART|SA_SIGINFO, unblocked
    SIGHUP: UserHandler in libjvm.so, mask=11100100010111111101111111111110, flags=SA_RESTART|SA_SIGINFO, unblocked
    SIGINT: UserHandler in libjvm.so, mask=11100100010111111101111111111110, flags=SA_RESTART|SA_SIGINFO, unblocked
   SIGTERM: UserHandler in libjvm.so, mask=11100100010111111101111111111110, flags=SA_RESTART|SA_SIGINFO, unblocked
   SIGQUIT: UserHandler in libjvm.so, mask=11100100010111111101111111111110, flags=SA_RESTART|SA_SIGINFO, unblocked
   SIGTRAP: crash_handler in libjvm.so, mask=11100100010111111101111111111110, flags=SA_RESTART|SA_SIGINFO, unblocked


Periodic native trim disabled


---------------  S Y S T E M  ---------------

OS:
Rocky Linux release 8.10 (Green Obsidian)
uname: Linux 4.18.0-553.47.1.el8_10.x86_64 #1 SMP Thu Apr 3 14:27:08 UTC 2025 x86_64
OS uptime: 88 days 17:19 hours
libc: glibc 2.28 NPTL 2.28 
rlimit (soft/hard): STACK 8192k/infinity , CORE infinity/infinity , NPROC 3094208/3094208 , NOFILE 65536/65536 , AS infinity/infinity , CPU infinity/infinity , DATA infinity/infinity , FSIZE infinity/infinity , MEMLOCK infinity/infinity
load average: 106.76 96.24 68.99

/proc/meminfo:
MemTotal:       792160700 kB
MemFree:        57313512 kB
MemAvailable:   294164872 kB
Buffers:           28000 kB
Cached:         257946500 kB
SwapCached:            0 kB
Active:         92641104 kB
Inactive:       601196400 kB
Active(anon):    9117600 kB
Inactive(anon): 446868144 kB
Active(file):   83523504 kB
Inactive(file): 154328256 kB
Unevictable:    16958460 kB
Mlocked:        16958460 kB
SwapTotal:             0 kB
SwapFree:              0 kB
Dirty:                20 kB
Writeback:             0 kB
AnonPages:      452666204 kB
Mapped:          3396012 kB
Shmem:          19757720 kB
KReclaimable:    4102916 kB
Slab:            6625292 kB
SReclaimable:    4102916 kB
SUnreclaim:      2522376 kB
KernelStack:      110240 kB
PageTables:      1055356 kB
NFS_Unstable:          0 kB
Bounce:                0 kB
WritebackTmp:          0 kB
CommitLimit:    772820100 kB
Committed_AS:   771599716 kB
VmallocTotal:   13743895347199 kB
VmallocUsed:     2470840 kB
VmallocChunk:          0 kB
Percpu:           909312 kB
HardwareCorrupted:     0 kB
AnonHugePages:  131373056 kB
ShmemHugePages:        0 kB
ShmemPmdMapped:        0 kB
FileHugePages:         0 kB
FilePmdMapped:         0 kB
HugePages_Total:    5632
HugePages_Free:        0
HugePages_Rsvd:        0
HugePages_Surp:        0
Hugepagesize:       2048 kB
Hugetlb:        11534336 kB
DirectMap4k:     1240012 kB
DirectMap2M:    201951232 kB
DirectMap1G:    602931200 kB

/sys/kernel/mm/transparent_hugepage/enabled: [always] madvise never
/sys/kernel/mm/transparent_hugepage/hpage_pmd_size: 2097152
/sys/kernel/mm/transparent_hugepage/defrag (defrag/compaction efforts parameter): always defer defer+madvise [madvise] never

Process Memory:
Virtual Size: 32748268K (peak: 37073644K)
Resident Set Size: 427512K (peak: 427512K) (anon: 409384K, file: 18096K, shmem: 32K)
Swapped out: 0K
C-Heap outstanding allocations: 55574K, retained: 45745K
glibc malloc tunables: (default)

/proc/sys/kernel/threads-max (system-wide limit on the number of threads): 6188417
/proc/sys/vm/max_map_count (maximum number of memory map areas a process may have): 65530
/proc/sys/vm/swappiness (control to define how aggressively the kernel swaps out anonymous memory): 10
/proc/sys/kernel/pid_max (system-wide limit on number of process identifiers): 999999

container (cgroup) information:
container_type: cgroupv1
cpu_cpuset_cpus: 0-23
cpu_memory_nodes: 0-1
active_processor_count: 24
cpu_quota: no quota
cpu_period: 100000
cpu_shares: no shares
memory_limit_in_bytes: 536870912 k
memory_and_swap_limit_in_bytes: 536870912 k
memory_soft_limit_in_bytes: unlimited
memory_usage_in_bytes: 433205672 k
memory_max_usage_in_bytes: 441547720 k
kernel_memory_limit_in_bytes: unlimited
kernel_memory_usage_in_bytes: 2689852 k
kernel_memory_max_usage_in_bytes: 2744848 k
maximum number of tasks: unlimited
current number of tasks: 3892

Steal ticks since vm start: 0
Steal ticks percentage since vm start:  0.000

CPU: total 96 (initial active 24) (48 cores per cpu, 1 threads per core) family 25 model 17 stepping 1 microcode 0xa10113b, cx8, cmov, fxsr, mmx, 3dnowpref, sse, sse2, sse3, ssse3, sse4a, sse4.1, sse4.2, popcnt, lzcnt, tsc, tscinvbit, avx, avx2, aes, erms, clmul, bmi1, bmi2, adx, avx512f, avx512dq, avx512cd, avx512bw, avx512vl, sha, fma, vzeroupper, avx512_vpopcntdq, avx512_vpclmulqdq, avx512_vaes, avx512_vnni, clflush, clflushopt, avx512_vbmi2, avx512_vbmi
CPU Model and flags from /proc/cpuinfo:
model name	: AMD EPYC 9454 48-Core Processor
flags		: fpu vme de pse tsc msr pae mce cx8 apic sep mtrr pge mca cmov pat pse36 clflush mmx fxsr sse sse2 ht syscall nx mmxext fxsr_opt pdpe1gb rdtscp lm constant_tsc rep_good amd_lbr_v2 nopl nonstop_tsc cpuid extd_apicid aperfmperf pni pclmulqdq monitor ssse3 fma cx16 pcid sse4_1 sse4_2 x2apic movbe popcnt aes xsave avx f16c rdrand lahf_lm cmp_legacy svm extapic cr8_legacy abm sse4a misalignsse 3dnowprefetch osvw ibs skinit wdt tce topoext perfctr_core perfctr_nb bpext perfctr_llc mwaitx cpb cat_l3 cdp_l3 invpcid_single hw_pstate ssbd mba perfmon_v2 ibrs ibpb stibp ibrs_enhanced vmmcall fsgsbase bmi1 avx2 smep bmi2 erms invpcid cqm rdt_a avx512f avx512dq rdseed adx smap avx512ifma clflushopt clwb avx512cd sha_ni avx512bw avx512vl xsaveopt xsavec xgetbv1 xsaves cqm_llc cqm_occup_llc cqm_mbm_total cqm_mbm_local avx512_bf16 clzero irperf xsaveerptr wbnoinvd amd_ppin cppc arat npt lbrv svm_lock nrip_save tsc_scale vmcb_clean flushbyasid decodeassists pausefilter pfthreshold avic v_vmsave_vmload vgif x2avic v_spec_ctrl avx512vbmi umip pku ospke avx512_vbmi2 gfni vaes vpclmulqdq avx512_vnni avx512_bitalg avx512_vpopcntdq la57 rdpid overflow_recov succor smca fsrm flush_l1d

Online cpus: 0-95
Offline cpus: 96-511
BIOS frequency limitation: 2750000
Frequency switch latency (ns): 0
Available cpu frequencies: 2750000 2100000 1500000 
Current governor: performance
Core performance/turbo boost: 1

Memory: 4k page, physical 536870912k(103683600k free), swap 0k(0k free)
Page Sizes: 4k

vm_info: OpenJDK 64-Bit Server VM (17.0.15+6) for linux-amd64 JRE (17.0.15+6), built on Apr 15 2025 00:00:00 by "admin" with gcc 10.3.0

END.
