#
# There is insufficient memory for the Java Runtime Environment to continue.
# Native memory allocation (mmap) failed to map 16384 bytes. Error detail: committing reserved memory.
# Possible reasons:
#   The system is out of physical RAM or swap space
#   This process is running with CompressedOops enabled, and the Java Heap may be blocking the growth of the native heap
# Possible solutions:
#   Reduce memory load on the system
#   Increase physical memory or swap space
#   Check if swap backing store is full
#   Decrease Java heap size (-Xmx/-Xms)
#   Decrease number of Java threads
#   Decrease Java thread stack sizes (-Xss)
#   Set larger code cache with -XX:ReservedCodeCacheSize=
#   JVM is running with Zero Based Compressed Oops mode in which the Java heap is
#     placed in the first 32GB address space. The Java Heap base address is the
#     maximum limit for the native heap growth. Please use -XX:HeapBaseMinAddress
#     to set the Java Heap base and to place the Java Heap above 32GB virtual address.
# This output file may be truncated or incomplete.
#
#  Out of Memory Error (os_linux.cpp:2832), pid=709146, tid=711863
#
# JRE version: OpenJDK Runtime Environment Temurin-17.0.15+6 (17.0.15+6) (build 17.0.15+6)
# Java VM: OpenJDK 64-Bit Server VM Temurin-17.0.15+6 (17.0.15+6, mixed mode, sharing, tiered, compressed oops, compressed class ptrs, g1 gc, linux-amd64)
# Core dump will be written. Default location: Core dumps may be processed with "/usr/lib/systemd/systemd-coredump %P %u %g %s %t %c %h %e" (or dumping to /sfs/weka/scratch/wxw9rr/artifact/RQ3/OE25-DEV/commons-beanutils-1.9.4/core.709146)
#

---------------  S U M M A R Y ------------

Command Line: -Dclassworlds.conf=/apps/software/standard/core/maven/3.9.0/bin/m2.conf -Dmaven.home=/apps/software/standard/core/maven/3.9.0 -Dlibrary.jansi.path=/apps/software/standard/core/maven/3.9.0/lib/jansi-native -Dmaven.multiModuleProjectDirectory=/scratch/wxw9rr/artifact/RQ3/OE25-DEV/commons-beanutils-1.9.4 -Djava.io.tmpdir=/sfs/weka/scratch/wxw9rr/tmp -javaagent:/sfs/weka/scratch/wxw9rr/tmp/pitest-agent4297895672587801351.jar -ea -Djava.awt.headless=true -XX:+UseG1GC -Djava.io.tmpdir=/sfs/weka/scratch/wxw9rr/tmp org.pitest.mutationtest.execute.MutationTestMinion 34283

Host: AMD EPYC 9454 48-Core Processor, 96 cores, 512G, Rocky Linux release 8.10 (Green Obsidian)
Time: Mon Jan 12 02:06:40 2026 EST elapsed time: 12.251164 seconds (0d 0h 0m 12s)

---------------  T H R E A D  ---------------

Current thread (0x00007f73444ba260):  JavaThread "mutationTestThread" daemon [_thread_new, id=711863, stack(0x00007f72d6798000,0x00007f72d6898000)]

Stack: [0x00007f72d6798000,0x00007f72d6898000],  sp=0x00007f72d6896980,  free space=1018k
Native frames: (J=compiled Java code, j=interpreted, Vv=VM code, C=native code)
V  [libjvm.so+0xee9791]  VMError::report_and_die(int, char const*, char const*, __va_list_tag*, Thread*, unsigned char*, void*, void*, char const*, int, unsigned long)+0x1a1
V  [libjvm.so+0xeea37d]  VMError::report_and_die(Thread*, char const*, int, unsigned long, VMErrorType, char const*, __va_list_tag*)+0x2d
V  [libjvm.so+0x60921c]  report_vm_out_of_memory(char const*, int, unsigned long, VMErrorType, char const*, ...)+0xdc
V  [libjvm.so+0xc265e8]  os::pd_commit_memory(char*, unsigned long, bool)+0xd8
V  [libjvm.so+0xc2040f]  os::commit_memory(char*, unsigned long, bool)+0x1f
V  [libjvm.so+0xd9edc7]  StackOverflow::create_stack_guard_pages()+0x57
V  [libjvm.so+0xe68a41]  JavaThread::run()+0x31
V  [libjvm.so+0xe6c2ca]  Thread::call_run()+0xaa
V  [libjvm.so+0xc29413]  thread_native_entry(Thread*)+0xe3


---------------  P R O C E S S  ---------------

Threads class SMR info:
_java_thread_list=0x00007f7260132860, length=15, elements={
0x00007f7344032990, 0x00007f7344212cf0, 0x00007f73442140d0, 0x00007f73442187a0,
0x00007f7344219b50, 0x00007f734421af60, 0x00007f734421c990, 0x00007f734421dec0,
0x00007f734421ef40, 0x00007f734422b950, 0x00007f734425e860, 0x00007f72601380a0,
0x00007f72600049f0, 0x00007f73444ba260, 0x00007f72601322b0
}

Java Threads: ( => current thread )
  0x00007f7344032990 JavaThread "main" [_thread_blocked, id=709156, stack(0x00007f734cfa8000,0x00007f734d0a9000)]
  0x00007f7344212cf0 JavaThread "Reference Handler" daemon [_thread_blocked, id=709175, stack(0x00007f72d76a7000,0x00007f72d77a7000)]
  0x00007f73442140d0 JavaThread "Finalizer" daemon [_thread_blocked, id=709176, stack(0x00007f72d75a6000,0x00007f72d76a6000)]
  0x00007f73442187a0 JavaThread "Signal Dispatcher" daemon [_thread_blocked, id=709180, stack(0x00007f72d74a5000,0x00007f72d75a5000)]
  0x00007f7344219b50 JavaThread "Service Thread" daemon [_thread_blocked, id=709187, stack(0x00007f72d73a4000,0x00007f72d74a4000)]
  0x00007f734421af60 JavaThread "Monitor Deflation Thread" daemon [_thread_blocked, id=709190, stack(0x00007f72d72a3000,0x00007f72d73a3000)]
  0x00007f734421c990 JavaThread "C2 CompilerThread0" daemon [_thread_blocked, id=709191, stack(0x00007f72d71a2000,0x00007f72d72a2000)]
  0x00007f734421dec0 JavaThread "C1 CompilerThread0" daemon [_thread_blocked, id=709193, stack(0x00007f72d70a1000,0x00007f72d71a1000)]
  0x00007f734421ef40 JavaThread "Sweeper thread" daemon [_thread_blocked, id=709199, stack(0x00007f72d6fa0000,0x00007f72d70a0000)]
  0x00007f734422b950 JavaThread "Common-Cleaner" daemon [_thread_blocked, id=709203, stack(0x00007f72d6e9f000,0x00007f72d6f9f000)]
  0x00007f734425e860 JavaThread "Notification Thread" daemon [_thread_blocked, id=709215, stack(0x00007f72d6c9d000,0x00007f72d6d9d000)]
  0x00007f72601380a0 JavaThread "C1 CompilerThread1" daemon [_thread_blocked, id=711857, stack(0x00007f72d6697000,0x00007f72d6797000)]
  0x00007f72600049f0 JavaThread "C1 CompilerThread2" daemon [_thread_blocked, id=711858, stack(0x00007f72d6d9e000,0x00007f72d6e9e000)]
=>0x00007f73444ba260 JavaThread "mutationTestThread" daemon [_thread_new, id=711863, stack(0x00007f72d6798000,0x00007f72d6898000)]
  0x00007f72601322b0 JavaThread "C1 CompilerThread3" daemon [_thread_new, id=711861, stack(0x00007f72d6899000,0x00007f72d6999000)]

Other Threads:
  0x00007f734420ec30 VMThread "VM Thread" [stack: 0x00007f72d77a8000,0x00007f72d78a8000] [id=709174]
  0x00007f7344260130 WatcherThread [stack: 0x00007f72d6b9c000,0x00007f72d6c9c000] [id=709216]
  0x00007f73440680c0 GCTaskThread "GC Thread#0" [stack: 0x00007f7348fe4000,0x00007f73490e4000] [id=709166]
  0x00007f728000c1e0 GCTaskThread "GC Thread#1" [stack: 0x00007f72d6091000,0x00007f72d6191000] [id=710845]
  0x00007f728000cb60 GCTaskThread "GC Thread#2" [stack: 0x00007f72d5f90000,0x00007f72d6090000] [id=710846]
  0x00007f728000d520 GCTaskThread "GC Thread#3" [stack: 0x00007f72d5e8f000,0x00007f72d5f8f000] [id=710847]
  0x00007f728000df30 GCTaskThread "GC Thread#4" [stack: 0x00007f72d5d8e000,0x00007f72d5e8e000] [id=710848]
  0x00007f728000e940 GCTaskThread "GC Thread#5" [stack: 0x00007f72d5c8d000,0x00007f72d5d8d000] [id=710849]
  0x00007f728000f380 GCTaskThread "GC Thread#6" [stack: 0x00007f72d5b8c000,0x00007f72d5c8c000] [id=710850]
  0x00007f728000fdc0 GCTaskThread "GC Thread#7" [stack: 0x00007f72d5a8b000,0x00007f72d5b8b000] [id=710851]
  0x00007f7280010800 GCTaskThread "GC Thread#8" [stack: 0x00007f72d598a000,0x00007f72d5a8a000] [id=710852]
  0x00007f7280011280 GCTaskThread "GC Thread#9" [stack: 0x00007f72d5889000,0x00007f72d5989000] [id=710853]
  0x00007f7280011d00 GCTaskThread "GC Thread#10" [stack: 0x00007f72d5788000,0x00007f72d5888000] [id=710854]
  0x00007f7280012780 GCTaskThread "GC Thread#11" [stack: 0x00007f72d5687000,0x00007f72d5787000] [id=710855]
  0x00007f72800135f0 GCTaskThread "GC Thread#12" [stack: 0x00007f72d5586000,0x00007f72d5686000] [id=710856]
  0x00007f7280014460 GCTaskThread "GC Thread#13" [stack: 0x00007f72d5485000,0x00007f72d5585000] [id=710857]
  0x00007f72800152d0 GCTaskThread "GC Thread#14" [stack: 0x00007f72d5384000,0x00007f72d5484000] [id=710858]
  0x00007f7280016140 GCTaskThread "GC Thread#15" [stack: 0x00007f72d5283000,0x00007f72d5383000] [id=710859]
  0x00007f7280016fb0 GCTaskThread "GC Thread#16" [stack: 0x00007f72d5182000,0x00007f72d5282000] [id=710861]
  0x00007f7280017e20 GCTaskThread "GC Thread#17" [stack: 0x00007f72d5081000,0x00007f72d5181000] [id=710863]
  0x00007f73440786e0 ConcurrentGCThread "G1 Main Marker" [stack: 0x00007f7348ee3000,0x00007f7348fe3000] [id=709167]
  0x00007f7344079660 ConcurrentGCThread "G1 Conc#0" [stack: 0x00007f7348de2000,0x00007f7348ee2000] [id=709168]
  0x00007f73441dc910 ConcurrentGCThread "G1 Refine#0" [stack: 0x00007f72d7afc000,0x00007f72d7bfc000] [id=709169]
  0x00007f73441dd810 ConcurrentGCThread "G1 Service" [stack: 0x00007f72d79fb000,0x00007f72d7afb000] [id=709170]

Threads with active compile tasks:

VM state: not at safepoint (normal execution)

VM Mutex/Monitor currently owned by a thread: None

Heap address: 0x0000000082000000, size: 30688 MB, Compressed Oops mode: Zero based, Oop shift amount: 3

CDS archive(s) mapped at: [0x00007f7287000000-0x00007f7287bc9000-0x00007f7287bc9000), size 12357632, SharedBaseAddress: 0x00007f7287000000, ArchiveRelocationMode: 1.
Compressed class space mapped at: 0x00007f7288000000-0x00007f72c8000000, reserved size: 1073741824
Narrow klass base: 0x00007f7287000000, Narrow klass shift: 0, Narrow klass range: 0x100000000

GC Precious Log:
 CPUs: 96 total, 24 available
 Memory: 512G
 Large Page Support: Disabled
 NUMA Support: Disabled
 Compressed Oops: Enabled (Zero based)
 Heap Region Size: 16M
 Heap Min Capacity: 16M
 Heap Initial Capacity: 2G
 Heap Max Capacity: 30688M
 Pre-touch: Disabled
 Parallel Workers: 18
 Concurrent Workers: 5
 Concurrent Refinement Workers: 18
 Periodic GC: Disabled

Heap:
 garbage-first heap   total 2129920K, used 690750K [0x0000000082000000, 0x0000000800000000)
  region size 16384K, 43 young (704512K), 1 survivors (16384K)
 Metaspace       used 6580K, committed 6848K, reserved 1114112K
  class space    used 726K, committed 832K, reserved 1048576K

Heap Regions: E=young(eden), S=young(survivor), O=old, HS=humongous(starts), HC=humongous(continues), CS=collection set, F=free, OA=open archive, CA=closed archive, TAMS=top-at-mark-start (previous, next)
|   0|0x0000000082000000, 0x0000000082000000, 0x0000000083000000|  0%| F|  |TAMS 0x0000000082000000, 0x0000000082000000| Untracked 
|   1|0x0000000083000000, 0x0000000083000000, 0x0000000084000000|  0%| F|  |TAMS 0x0000000083000000, 0x0000000083000000| Untracked 
|   2|0x0000000084000000, 0x0000000084000000, 0x0000000085000000|  0%| F|  |TAMS 0x0000000084000000, 0x0000000084000000| Untracked 
|   3|0x0000000085000000, 0x0000000085000000, 0x0000000086000000|  0%| F|  |TAMS 0x0000000085000000, 0x0000000085000000| Untracked 
|   4|0x0000000086000000, 0x0000000086000000, 0x0000000087000000|  0%| F|  |TAMS 0x0000000086000000, 0x0000000086000000| Untracked 
|   5|0x0000000087000000, 0x0000000087000000, 0x0000000088000000|  0%| F|  |TAMS 0x0000000087000000, 0x0000000087000000| Untracked 
|   6|0x0000000088000000, 0x0000000088000000, 0x0000000089000000|  0%| F|  |TAMS 0x0000000088000000, 0x0000000088000000| Untracked 
|   7|0x0000000089000000, 0x0000000089000000, 0x000000008a000000|  0%| F|  |TAMS 0x0000000089000000, 0x0000000089000000| Untracked 
|   8|0x000000008a000000, 0x000000008a000000, 0x000000008b000000|  0%| F|  |TAMS 0x000000008a000000, 0x000000008a000000| Untracked 
|   9|0x000000008b000000, 0x000000008b000000, 0x000000008c000000|  0%| F|  |TAMS 0x000000008b000000, 0x000000008b000000| Untracked 
|  10|0x000000008c000000, 0x000000008c000000, 0x000000008d000000|  0%| F|  |TAMS 0x000000008c000000, 0x000000008c000000| Untracked 
|  11|0x000000008d000000, 0x000000008d000000, 0x000000008e000000|  0%| F|  |TAMS 0x000000008d000000, 0x000000008d000000| Untracked 
|  12|0x000000008e000000, 0x000000008e000000, 0x000000008f000000|  0%| F|  |TAMS 0x000000008e000000, 0x000000008e000000| Untracked 
|  13|0x000000008f000000, 0x000000008f000000, 0x0000000090000000|  0%| F|  |TAMS 0x000000008f000000, 0x000000008f000000| Untracked 
|  14|0x0000000090000000, 0x0000000090000000, 0x0000000091000000|  0%| F|  |TAMS 0x0000000090000000, 0x0000000090000000| Untracked 
|  15|0x0000000091000000, 0x0000000091000000, 0x0000000092000000|  0%| F|  |TAMS 0x0000000091000000, 0x0000000091000000| Untracked 
|  16|0x0000000092000000, 0x0000000092000000, 0x0000000093000000|  0%| F|  |TAMS 0x0000000092000000, 0x0000000092000000| Untracked 
|  17|0x0000000093000000, 0x0000000093000000, 0x0000000094000000|  0%| F|  |TAMS 0x0000000093000000, 0x0000000093000000| Untracked 
|  18|0x0000000094000000, 0x0000000094000000, 0x0000000095000000|  0%| F|  |TAMS 0x0000000094000000, 0x0000000094000000| Untracked 
|  19|0x0000000095000000, 0x0000000095000000, 0x0000000096000000|  0%| F|  |TAMS 0x0000000095000000, 0x0000000095000000| Untracked 
|  20|0x0000000096000000, 0x0000000096000000, 0x0000000097000000|  0%| F|  |TAMS 0x0000000096000000, 0x0000000096000000| Untracked 
|  21|0x0000000097000000, 0x0000000097000000, 0x0000000098000000|  0%| F|  |TAMS 0x0000000097000000, 0x0000000097000000| Untracked 
|  22|0x0000000098000000, 0x0000000098000000, 0x0000000099000000|  0%| F|  |TAMS 0x0000000098000000, 0x0000000098000000| Untracked 
|  23|0x0000000099000000, 0x0000000099000000, 0x000000009a000000|  0%| F|  |TAMS 0x0000000099000000, 0x0000000099000000| Untracked 
|  24|0x000000009a000000, 0x000000009a000000, 0x000000009b000000|  0%| F|  |TAMS 0x000000009a000000, 0x000000009a000000| Untracked 
|  25|0x000000009b000000, 0x000000009b000000, 0x000000009c000000|  0%| F|  |TAMS 0x000000009b000000, 0x000000009b000000| Untracked 
|  26|0x000000009c000000, 0x000000009c000000, 0x000000009d000000|  0%| F|  |TAMS 0x000000009c000000, 0x000000009c000000| Untracked 
|  27|0x000000009d000000, 0x000000009d000000, 0x000000009e000000|  0%| F|  |TAMS 0x000000009d000000, 0x000000009d000000| Untracked 
|  28|0x000000009e000000, 0x000000009e000000, 0x000000009f000000|  0%| F|  |TAMS 0x000000009e000000, 0x000000009e000000| Untracked 
|  29|0x000000009f000000, 0x000000009f000000, 0x00000000a0000000|  0%| F|  |TAMS 0x000000009f000000, 0x000000009f000000| Untracked 
|  30|0x00000000a0000000, 0x00000000a0000000, 0x00000000a1000000|  0%| F|  |TAMS 0x00000000a0000000, 0x00000000a0000000| Untracked 
|  31|0x00000000a1000000, 0x00000000a1000000, 0x00000000a2000000|  0%| F|  |TAMS 0x00000000a1000000, 0x00000000a1000000| Untracked 
|  32|0x00000000a2000000, 0x00000000a2000000, 0x00000000a3000000|  0%| F|  |TAMS 0x00000000a2000000, 0x00000000a2000000| Untracked 
|  33|0x00000000a3000000, 0x00000000a3000000, 0x00000000a4000000|  0%| F|  |TAMS 0x00000000a3000000, 0x00000000a3000000| Untracked 
|  34|0x00000000a4000000, 0x00000000a4000000, 0x00000000a5000000|  0%| F|  |TAMS 0x00000000a4000000, 0x00000000a4000000| Untracked 
|  35|0x00000000a5000000, 0x00000000a5000000, 0x00000000a6000000|  0%| F|  |TAMS 0x00000000a5000000, 0x00000000a5000000| Untracked 
|  36|0x00000000a6000000, 0x00000000a6000000, 0x00000000a7000000|  0%| F|  |TAMS 0x00000000a6000000, 0x00000000a6000000| Untracked 
|  37|0x00000000a7000000, 0x00000000a7000000, 0x00000000a8000000|  0%| F|  |TAMS 0x00000000a7000000, 0x00000000a7000000| Untracked 
|  38|0x00000000a8000000, 0x00000000a8000000, 0x00000000a9000000|  0%| F|  |TAMS 0x00000000a8000000, 0x00000000a8000000| Untracked 
|  39|0x00000000a9000000, 0x00000000a9000000, 0x00000000aa000000|  0%| F|  |TAMS 0x00000000a9000000, 0x00000000a9000000| Untracked 
|  40|0x00000000aa000000, 0x00000000aa000000, 0x00000000ab000000|  0%| F|  |TAMS 0x00000000aa000000, 0x00000000aa000000| Untracked 
|  41|0x00000000ab000000, 0x00000000ab000000, 0x00000000ac000000|  0%| F|  |TAMS 0x00000000ab000000, 0x00000000ab000000| Untracked 
|  42|0x00000000ac000000, 0x00000000ac000000, 0x00000000ad000000|  0%| F|  |TAMS 0x00000000ac000000, 0x00000000ac000000| Untracked 
|  43|0x00000000ad000000, 0x00000000ad000000, 0x00000000ae000000|  0%| F|  |TAMS 0x00000000ad000000, 0x00000000ad000000| Untracked 
|  44|0x00000000ae000000, 0x00000000ae000000, 0x00000000af000000|  0%| F|  |TAMS 0x00000000ae000000, 0x00000000ae000000| Untracked 
|  45|0x00000000af000000, 0x00000000af000000, 0x00000000b0000000|  0%| F|  |TAMS 0x00000000af000000, 0x00000000af000000| Untracked 
|  46|0x00000000b0000000, 0x00000000b0000000, 0x00000000b1000000|  0%| F|  |TAMS 0x00000000b0000000, 0x00000000b0000000| Untracked 
|  47|0x00000000b1000000, 0x00000000b1000000, 0x00000000b2000000|  0%| F|  |TAMS 0x00000000b1000000, 0x00000000b1000000| Untracked 
|  48|0x00000000b2000000, 0x00000000b2000000, 0x00000000b3000000|  0%| F|  |TAMS 0x00000000b2000000, 0x00000000b2000000| Untracked 
|  49|0x00000000b3000000, 0x00000000b3000000, 0x00000000b4000000|  0%| F|  |TAMS 0x00000000b3000000, 0x00000000b3000000| Untracked 
|  50|0x00000000b4000000, 0x00000000b4000000, 0x00000000b5000000|  0%| F|  |TAMS 0x00000000b4000000, 0x00000000b4000000| Untracked 
|  51|0x00000000b5000000, 0x00000000b5000000, 0x00000000b6000000|  0%| F|  |TAMS 0x00000000b5000000, 0x00000000b5000000| Untracked 
|  52|0x00000000b6000000, 0x00000000b62a2ac8, 0x00000000b7000000| 16%| S|CS|TAMS 0x00000000b6000000, 0x00000000b6000000| Complete 
|  53|0x00000000b7000000, 0x00000000b7000000, 0x00000000b8000000|  0%| F|  |TAMS 0x00000000b7000000, 0x00000000b7000000| Untracked 
|  54|0x00000000b8000000, 0x00000000b8000000, 0x00000000b9000000|  0%| F|  |TAMS 0x00000000b8000000, 0x00000000b8000000| Untracked 
|  55|0x00000000b9000000, 0x00000000b9000000, 0x00000000ba000000|  0%| F|  |TAMS 0x00000000b9000000, 0x00000000b9000000| Untracked 
|  56|0x00000000ba000000, 0x00000000ba000000, 0x00000000bb000000|  0%| F|  |TAMS 0x00000000ba000000, 0x00000000ba000000| Untracked 
|  57|0x00000000bb000000, 0x00000000bb000000, 0x00000000bc000000|  0%| F|  |TAMS 0x00000000bb000000, 0x00000000bb000000| Untracked 
|  58|0x00000000bc000000, 0x00000000bc000000, 0x00000000bd000000|  0%| F|  |TAMS 0x00000000bc000000, 0x00000000bc000000| Untracked 
|  59|0x00000000bd000000, 0x00000000bd000000, 0x00000000be000000|  0%| F|  |TAMS 0x00000000bd000000, 0x00000000bd000000| Untracked 
|  60|0x00000000be000000, 0x00000000be000000, 0x00000000bf000000|  0%| F|  |TAMS 0x00000000be000000, 0x00000000be000000| Untracked 
|  61|0x00000000bf000000, 0x00000000bf000000, 0x00000000c0000000|  0%| F|  |TAMS 0x00000000bf000000, 0x00000000bf000000| Untracked 
|  62|0x00000000c0000000, 0x00000000c0000000, 0x00000000c1000000|  0%| F|  |TAMS 0x00000000c0000000, 0x00000000c0000000| Untracked 
|  63|0x00000000c1000000, 0x00000000c1000000, 0x00000000c2000000|  0%| F|  |TAMS 0x00000000c1000000, 0x00000000c1000000| Untracked 
|  64|0x00000000c2000000, 0x00000000c2000000, 0x00000000c3000000|  0%| F|  |TAMS 0x00000000c2000000, 0x00000000c2000000| Untracked 
|  65|0x00000000c3000000, 0x00000000c3000000, 0x00000000c4000000|  0%| F|  |TAMS 0x00000000c3000000, 0x00000000c3000000| Untracked 
|  66|0x00000000c4000000, 0x00000000c4000000, 0x00000000c5000000|  0%| F|  |TAMS 0x00000000c4000000, 0x00000000c4000000| Untracked 
|  67|0x00000000c5000000, 0x00000000c5000000, 0x00000000c6000000|  0%| F|  |TAMS 0x00000000c5000000, 0x00000000c5000000| Untracked 
|  68|0x00000000c6000000, 0x00000000c6000000, 0x00000000c7000000|  0%| F|  |TAMS 0x00000000c6000000, 0x00000000c6000000| Untracked 
|  69|0x00000000c7000000, 0x00000000c7000000, 0x00000000c8000000|  0%| F|  |TAMS 0x00000000c7000000, 0x00000000c7000000| Untracked 
|  70|0x00000000c8000000, 0x00000000c8000000, 0x00000000c9000000|  0%| F|  |TAMS 0x00000000c8000000, 0x00000000c8000000| Untracked 
|  71|0x00000000c9000000, 0x00000000c9000000, 0x00000000ca000000|  0%| F|  |TAMS 0x00000000c9000000, 0x00000000c9000000| Untracked 
|  72|0x00000000ca000000, 0x00000000ca000000, 0x00000000cb000000|  0%| F|  |TAMS 0x00000000ca000000, 0x00000000ca000000| Untracked 
|  73|0x00000000cb000000, 0x00000000cb000000, 0x00000000cc000000|  0%| F|  |TAMS 0x00000000cb000000, 0x00000000cb000000| Untracked 
|  74|0x00000000cc000000, 0x00000000cc000000, 0x00000000cd000000|  0%| F|  |TAMS 0x00000000cc000000, 0x00000000cc000000| Untracked 
|  75|0x00000000cd000000, 0x00000000cd000000, 0x00000000ce000000|  0%| F|  |TAMS 0x00000000cd000000, 0x00000000cd000000| Untracked 
|  76|0x00000000ce000000, 0x00000000ce000000, 0x00000000cf000000|  0%| F|  |TAMS 0x00000000ce000000, 0x00000000ce000000| Untracked 
|  77|0x00000000cf000000, 0x00000000cf000000, 0x00000000d0000000|  0%| F|  |TAMS 0x00000000cf000000, 0x00000000cf000000| Untracked 
|  78|0x00000000d0000000, 0x00000000d0000000, 0x00000000d1000000|  0%| F|  |TAMS 0x00000000d0000000, 0x00000000d0000000| Untracked 
|  79|0x00000000d1000000, 0x00000000d1000000, 0x00000000d2000000|  0%| F|  |TAMS 0x00000000d1000000, 0x00000000d1000000| Untracked 
|  80|0x00000000d2000000, 0x00000000d2000000, 0x00000000d3000000|  0%| F|  |TAMS 0x00000000d2000000, 0x00000000d2000000| Untracked 
|  81|0x00000000d3000000, 0x00000000d3000000, 0x00000000d4000000|  0%| F|  |TAMS 0x00000000d3000000, 0x00000000d3000000| Untracked 
|  82|0x00000000d4000000, 0x00000000d4000000, 0x00000000d5000000|  0%| F|  |TAMS 0x00000000d4000000, 0x00000000d4000000| Untracked 
|  83|0x00000000d5000000, 0x00000000d5000000, 0x00000000d6000000|  0%| F|  |TAMS 0x00000000d5000000, 0x00000000d5000000| Untracked 
|  84|0x00000000d6000000, 0x00000000d6000000, 0x00000000d7000000|  0%| F|  |TAMS 0x00000000d6000000, 0x00000000d6000000| Untracked 
|  85|0x00000000d7000000, 0x00000000d7000000, 0x00000000d8000000|  0%| F|  |TAMS 0x00000000d7000000, 0x00000000d7000000| Untracked 
|  86|0x00000000d8000000, 0x00000000d9000000, 0x00000000d9000000|100%| E|  |TAMS 0x00000000d8000000, 0x00000000d8000000| Complete 
|  87|0x00000000d9000000, 0x00000000da000000, 0x00000000da000000|100%| E|CS|TAMS 0x00000000d9000000, 0x00000000d9000000| Complete 
|  88|0x00000000da000000, 0x00000000db000000, 0x00000000db000000|100%| E|CS|TAMS 0x00000000da000000, 0x00000000da000000| Complete 
|  89|0x00000000db000000, 0x00000000dc000000, 0x00000000dc000000|100%| E|CS|TAMS 0x00000000db000000, 0x00000000db000000| Complete 
|  90|0x00000000dc000000, 0x00000000dd000000, 0x00000000dd000000|100%| E|CS|TAMS 0x00000000dc000000, 0x00000000dc000000| Complete 
|  91|0x00000000dd000000, 0x00000000de000000, 0x00000000de000000|100%| E|CS|TAMS 0x00000000dd000000, 0x00000000dd000000| Complete 
|  92|0x00000000de000000, 0x00000000df000000, 0x00000000df000000|100%| E|CS|TAMS 0x00000000de000000, 0x00000000de000000| Complete 
|  93|0x00000000df000000, 0x00000000e0000000, 0x00000000e0000000|100%| E|CS|TAMS 0x00000000df000000, 0x00000000df000000| Complete 
|  94|0x00000000e0000000, 0x00000000e1000000, 0x00000000e1000000|100%| E|CS|TAMS 0x00000000e0000000, 0x00000000e0000000| Complete 
|  95|0x00000000e1000000, 0x00000000e2000000, 0x00000000e2000000|100%| E|CS|TAMS 0x00000000e1000000, 0x00000000e1000000| Complete 
|  96|0x00000000e2000000, 0x00000000e3000000, 0x00000000e3000000|100%| E|CS|TAMS 0x00000000e2000000, 0x00000000e2000000| Complete 
|  97|0x00000000e3000000, 0x00000000e4000000, 0x00000000e4000000|100%| E|CS|TAMS 0x00000000e3000000, 0x00000000e3000000| Complete 
|  98|0x00000000e4000000, 0x00000000e5000000, 0x00000000e5000000|100%| E|CS|TAMS 0x00000000e4000000, 0x00000000e4000000| Complete 
|  99|0x00000000e5000000, 0x00000000e6000000, 0x00000000e6000000|100%| E|CS|TAMS 0x00000000e5000000, 0x00000000e5000000| Complete 
| 100|0x00000000e6000000, 0x00000000e7000000, 0x00000000e7000000|100%| E|CS|TAMS 0x00000000e6000000, 0x00000000e6000000| Complete 
| 101|0x00000000e7000000, 0x00000000e8000000, 0x00000000e8000000|100%| E|CS|TAMS 0x00000000e7000000, 0x00000000e7000000| Complete 
| 102|0x00000000e8000000, 0x00000000e9000000, 0x00000000e9000000|100%| E|CS|TAMS 0x00000000e8000000, 0x00000000e8000000| Complete 
| 103|0x00000000e9000000, 0x00000000ea000000, 0x00000000ea000000|100%| E|CS|TAMS 0x00000000e9000000, 0x00000000e9000000| Complete 
| 104|0x00000000ea000000, 0x00000000eb000000, 0x00000000eb000000|100%| E|CS|TAMS 0x00000000ea000000, 0x00000000ea000000| Complete 
| 105|0x00000000eb000000, 0x00000000ec000000, 0x00000000ec000000|100%| E|CS|TAMS 0x00000000eb000000, 0x00000000eb000000| Complete 
| 106|0x00000000ec000000, 0x00000000ed000000, 0x00000000ed000000|100%| E|CS|TAMS 0x00000000ec000000, 0x00000000ec000000| Complete 
| 107|0x00000000ed000000, 0x00000000ee000000, 0x00000000ee000000|100%| E|CS|TAMS 0x00000000ed000000, 0x00000000ed000000| Complete 
| 108|0x00000000ee000000, 0x00000000ef000000, 0x00000000ef000000|100%| E|CS|TAMS 0x00000000ee000000, 0x00000000ee000000| Complete 
| 109|0x00000000ef000000, 0x00000000f0000000, 0x00000000f0000000|100%| E|CS|TAMS 0x00000000ef000000, 0x00000000ef000000| Complete 
| 110|0x00000000f0000000, 0x00000000f1000000, 0x00000000f1000000|100%| E|CS|TAMS 0x00000000f0000000, 0x00000000f0000000| Complete 
| 111|0x00000000f1000000, 0x00000000f2000000, 0x00000000f2000000|100%| E|CS|TAMS 0x00000000f1000000, 0x00000000f1000000| Complete 
| 112|0x00000000f2000000, 0x00000000f3000000, 0x00000000f3000000|100%| E|CS|TAMS 0x00000000f2000000, 0x00000000f2000000| Complete 
| 113|0x00000000f3000000, 0x00000000f4000000, 0x00000000f4000000|100%| E|CS|TAMS 0x00000000f3000000, 0x00000000f3000000| Complete 
| 114|0x00000000f4000000, 0x00000000f5000000, 0x00000000f5000000|100%| E|CS|TAMS 0x00000000f4000000, 0x00000000f4000000| Complete 
| 115|0x00000000f5000000, 0x00000000f6000000, 0x00000000f6000000|100%| E|CS|TAMS 0x00000000f5000000, 0x00000000f5000000| Complete 
| 116|0x00000000f6000000, 0x00000000f7000000, 0x00000000f7000000|100%| E|CS|TAMS 0x00000000f6000000, 0x00000000f6000000| Complete 
| 117|0x00000000f7000000, 0x00000000f8000000, 0x00000000f8000000|100%| E|CS|TAMS 0x00000000f7000000, 0x00000000f7000000| Complete 
| 118|0x00000000f8000000, 0x00000000f9000000, 0x00000000f9000000|100%| E|CS|TAMS 0x00000000f8000000, 0x00000000f8000000| Complete 
| 119|0x00000000f9000000, 0x00000000fa000000, 0x00000000fa000000|100%| E|CS|TAMS 0x00000000f9000000, 0x00000000f9000000| Complete 
| 120|0x00000000fa000000, 0x00000000fb000000, 0x00000000fb000000|100%| E|CS|TAMS 0x00000000fa000000, 0x00000000fa000000| Complete 
| 121|0x00000000fb000000, 0x00000000fc000000, 0x00000000fc000000|100%| E|CS|TAMS 0x00000000fb000000, 0x00000000fb000000| Complete 
| 122|0x00000000fc000000, 0x00000000fd000000, 0x00000000fd000000|100%| E|CS|TAMS 0x00000000fc000000, 0x00000000fc000000| Complete 
| 123|0x00000000fd000000, 0x00000000fe000000, 0x00000000fe000000|100%| E|CS|TAMS 0x00000000fd000000, 0x00000000fd000000| Complete 
| 124|0x00000000fe000000, 0x00000000ff000000, 0x00000000ff000000|100%| E|CS|TAMS 0x00000000fe000000, 0x00000000fe000000| Complete 
| 125|0x00000000ff000000, 0x0000000100000000, 0x0000000100000000|100%| E|CS|TAMS 0x00000000ff000000, 0x00000000ff000000| Complete 
| 126|0x0000000100000000, 0x0000000101000000, 0x0000000101000000|100%| E|CS|TAMS 0x0000000100000000, 0x0000000100000000| Complete 
| 127|0x0000000101000000, 0x0000000102000000, 0x0000000102000000|100%| E|CS|TAMS 0x0000000101000000, 0x0000000101000000| Complete 
|1916|0x00000007fe000000, 0x00000007fef75000, 0x00000007ff000000| 96%|OA|  |TAMS 0x00000007fe000000, 0x00000007fe000000| Untracked 
|1917|0x00000007ff000000, 0x00000007ff078000, 0x0000000800000000|  2%|CA|  |TAMS 0x00000007ff000000, 0x00000007ff000000| Untracked 

Card table byte_map: [0x00007f7325c1e000,0x00007f732980e000] _byte_map_base: 0x00007f732580e000

Marking Bits (Prev, Next): (CMBitMap*) 0x00007f7344068b50, (CMBitMap*) 0x00007f7344068b90
 Prev Bits: [0x00007f73040ae000, 0x00007f732202e000)
 Next Bits: [0x00007f72e612e000, 0x00007f73040ae000)

Polling page: 0x00007f734d0bd000

Metaspace:

Usage:
  Non-class:      5.72 MB used.
      Class:    726.83 KB used.
       Both:      6.43 MB used.

Virtual space:
  Non-class space:       64.00 MB reserved,       5.88 MB (  9%) committed,  1 nodes.
      Class space:        1.00 GB reserved,     832.00 KB ( <1%) committed,  1 nodes.
             Both:        1.06 GB reserved,       6.69 MB ( <1%) committed. 

Chunk freelists:
   Non-Class:  9.61 MB
       Class:  15.07 MB
        Both:  24.68 MB

MaxMetaspaceSize: unlimited
CompressedClassSpaceSize: 1.00 GB
Initial GC threshold: 21.00 MB
Current GC threshold: 21.00 MB
CDS: on
MetaspaceReclaimPolicy: balanced
 - commit_granule_bytes: 65536.
 - commit_granule_words: 8192.
 - virtual_space_node_default_size: 8388608.
 - enlarge_chunks_in_place: 1.
 - new_chunks_are_fully_committed: 0.
 - uncommit_free_chunks: 1.
 - use_allocation_guard: 0.
 - handle_deallocations: 1.


Internal statistics:

num_allocs_failed_limit: 0.
num_arena_births: 178.
num_arena_deaths: 0.
num_vsnodes_births: 2.
num_vsnodes_deaths: 0.
num_space_committed: 107.
num_space_uncommitted: 0.
num_chunks_returned_to_freelist: 0.
num_chunks_taken_from_freelist: 392.
num_chunk_merges: 0.
num_chunk_splits: 219.
num_chunks_enlarged: 107.
num_inconsistent_stats: 0.

CodeHeap 'non-profiled nmethods': size=119168Kb used=1215Kb max_used=1215Kb free=117952Kb
 bounds [0x00007f7334f9e000, 0x00007f733520e000, 0x00007f733c3fe000]
CodeHeap 'profiled nmethods': size=119164Kb used=3908Kb max_used=3908Kb free=115255Kb
 bounds [0x00007f732d3fe000, 0x00007f732d7de000, 0x00007f733485d000]
CodeHeap 'non-nmethods': size=7428Kb used=2301Kb max_used=2903Kb free=5126Kb
 bounds [0x00007f733485d000, 0x00007f7334b3d000, 0x00007f7334f9e000]
 total_blobs=2402 nmethods=1936 adapters=377
 compilation: enabled
              stopped_count=0, restarted_count=0
 full_count=0

Compilation events (20 events):
Event: 10.664 Thread 0x00007f734421c990 nmethod 1911% 0x00007f73350c2310 code [0x00007f73350c2500, 0x00007f73350c3198]
Event: 11.165 Thread 0x00007f7234002ae0 1912   !   3       org.apache.commons.beanutils.BeanUtilsBean::setProperty (1047 bytes)
Event: 11.168 Thread 0x00007f7234002ae0 nmethod 1912 0x00007f732d7b8910 code [0x00007f732d7b9460, 0x00007f732d7c0e00]
Event: 11.173 Thread 0x00007f734421dec0 1914 %     3       org.apache.commons.beanutils.BeanUtilsBenchCase::testPopulateStrs @ 125 (245 bytes)
Event: 11.173 Thread 0x00007f734421c990 1913   !   4       org.apache.commons.beanutils.BeanUtilsBean::setProperty (1047 bytes)
Event: 11.174 Thread 0x00007f734421dec0 nmethod 1914% 0x00007f732d7c2f10 code [0x00007f732d7c32a0, 0x00007f732d7c4710]
Event: 11.329 Thread 0x00007f734421c990 nmethod 1913 0x00007f73350c3c10 code [0x00007f73350c4000, 0x00007f73350c73f8]
Event: 11.330 Thread 0x00007f734421c990 1915 %     4       org.apache.commons.beanutils.BeanUtilsBenchCase::testPopulateStrs @ 125 (245 bytes)
Event: 11.390 Thread 0x00007f734421c990 nmethod 1915% 0x00007f73350c9c10 code [0x00007f73350c9e00, 0x00007f73350caa38]
Event: 11.560 Thread 0x00007f734421dec0 1916 %     3       org.apache.commons.beanutils.BeanUtilsBenchCase::testPopulateStrs @ 166 (245 bytes)
Event: 11.561 Thread 0x00007f734421dec0 nmethod 1916% 0x00007f732d7c4f10 code [0x00007f732d7c52a0, 0x00007f732d7c6710]
Event: 11.876 Thread 0x00007f734421c990 1917 %     4       org.apache.commons.beanutils.BeanUtilsBenchCase::testPopulateStrs @ 166 (245 bytes)
Event: 11.898 Thread 0x00007f734421c990 nmethod 1917% 0x00007f73350cb490 code [0x00007f73350cb680, 0x00007f73350cc318]
Event: 11.997 Thread 0x00007f734421dec0 1918       3       java.util.ArrayList::addAll (76 bytes)
Event: 11.997 Thread 0x00007f734421dec0 nmethod 1918 0x00007f732d7c6f10 code [0x00007f732d7c70e0, 0x00007f732d7c7540]
Event: 12.011 Thread 0x00007f734421c990 1939       4       org.pitest.reloc.asm.ClassReader::readUnsignedShort (26 bytes)
Event: 12.066 Thread 0x00007f734421dec0 1928       3       java.io.ObjectOutputStream$BlockDataOutputStream::writeBytes (144 bytes)
Event: 12.067 Thread 0x00007f734421dec0 nmethod 1928 0x00007f732d7c7690 code [0x00007f732d7c78a0, 0x00007f732d7c7f50]
Event: 12.068 Thread 0x00007f734421c990 nmethod 1939 0x00007f73350cd210 code [0x00007f73350cd3a0, 0x00007f73350cd478]
Event: 12.205 Thread 0x00007f734421dec0 1926       3       java.io.ObjectOutputStream$BlockDataOutputStream::getUTFLength (124 bytes)

GC Heap History (10 events):
Event: 4.863 GC heap before
{Heap before GC invocations=0 (full 0):
 garbage-first heap   total 2129920K, used 114612K [0x0000000082000000, 0x0000000800000000)
  region size 16384K, 6 young (98304K), 0 survivors (0K)
 Metaspace       used 6500K, committed 6720K, reserved 1114112K
  class space    used 725K, committed 832K, reserved 1048576K
}
Event: 4.886 GC heap after
{Heap after GC invocations=1 (full 0):
 garbage-first heap   total 2129920K, used 19046K [0x0000000082000000, 0x0000000800000000)
  region size 16384K, 1 young (16384K), 1 survivors (16384K)
 Metaspace       used 6500K, committed 6720K, reserved 1114112K
  class space    used 725K, committed 832K, reserved 1048576K
}
Event: 5.282 GC heap before
{Heap before GC invocations=1 (full 0):
 garbage-first heap   total 2129920K, used 100966K [0x0000000082000000, 0x0000000800000000)
  region size 16384K, 6 young (98304K), 1 survivors (16384K)
 Metaspace       used 6520K, committed 6720K, reserved 1114112K
  class space    used 725K, committed 832K, reserved 1048576K
}
Event: 5.322 GC heap after
{Heap after GC invocations=2 (full 0):
 garbage-first heap   total 2129920K, used 19005K [0x0000000082000000, 0x0000000800000000)
  region size 16384K, 1 young (16384K), 1 survivors (16384K)
 Metaspace       used 6520K, committed 6720K, reserved 1114112K
  class space    used 725K, committed 832K, reserved 1048576K
}
Event: 5.705 GC heap before
{Heap before GC invocations=2 (full 0):
 garbage-first heap   total 2129920K, used 231997K [0x0000000082000000, 0x0000000800000000)
  region size 16384K, 14 young (229376K), 1 survivors (16384K)
 Metaspace       used 6520K, committed 6720K, reserved 1114112K
  class space    used 725K, committed 832K, reserved 1048576K
}
Event: 5.718 GC heap after
{Heap after GC invocations=3 (full 0):
 garbage-first heap   total 2129920K, used 19034K [0x0000000082000000, 0x0000000800000000)
  region size 16384K, 1 young (16384K), 1 survivors (16384K)
 Metaspace       used 6520K, committed 6720K, reserved 1114112K
  class space    used 725K, committed 832K, reserved 1048576K
}
Event: 9.051 GC heap before
{Heap before GC invocations=3 (full 0):
 garbage-first heap   total 2129920K, used 1247834K [0x0000000082000000, 0x0000000800000000)
  region size 16384K, 76 young (1245184K), 1 survivors (16384K)
 Metaspace       used 6523K, committed 6720K, reserved 1114112K
  class space    used 725K, committed 832K, reserved 1048576K
}
Event: 9.058 GC heap after
{Heap after GC invocations=4 (full 0):
 garbage-first heap   total 2129920K, used 19002K [0x0000000082000000, 0x0000000800000000)
  region size 16384K, 1 young (16384K), 1 survivors (16384K)
 Metaspace       used 6523K, committed 6720K, reserved 1114112K
  class space    used 725K, committed 832K, reserved 1048576K
}
Event: 9.589 GC heap before
{Heap before GC invocations=4 (full 0):
 garbage-first heap   total 2129920K, used 1247802K [0x0000000082000000, 0x0000000800000000)
  region size 16384K, 76 young (1245184K), 1 survivors (16384K)
 Metaspace       used 6527K, committed 6720K, reserved 1114112K
  class space    used 725K, committed 832K, reserved 1048576K
}
Event: 9.596 GC heap after
{Heap after GC invocations=5 (full 0):
 garbage-first heap   total 2129920K, used 19006K [0x0000000082000000, 0x0000000800000000)
  region size 16384K, 1 young (16384K), 1 survivors (16384K)
 Metaspace       used 6527K, committed 6720K, reserved 1114112K
  class space    used 725K, committed 832K, reserved 1048576K
}

Dll operation events (12 events):
Event: 0.006 Loaded shared library /sfs/gpfs/tardis/applications/202512/software/standard/core/java/17/lib/libjava.so
Event: 0.006 Loaded shared library /sfs/gpfs/tardis/applications/202512/software/standard/core/java/17/lib/libzip.so
Event: 0.043 Loaded shared library /sfs/gpfs/tardis/applications/202512/software/standard/core/java/17/lib/libjsvml.so
Event: 0.137 Loaded shared library /sfs/gpfs/tardis/applications/202512/software/standard/core/java/17/lib/libinstrument.so
Event: 0.142 Loaded shared library /sfs/gpfs/tardis/applications/202512/software/standard/core/java/17/lib/libnio.so
Event: 0.144 Loaded shared library /sfs/gpfs/tardis/applications/202512/software/standard/core/java/17/lib/libzip.so
Event: 0.197 Loaded shared library /sfs/gpfs/tardis/applications/202512/software/standard/core/java/17/lib/libjimage.so
Event: 0.568 Loaded shared library /sfs/gpfs/tardis/applications/202512/software/standard/core/java/17/lib/libverify.so
Event: 0.574 Loaded shared library /sfs/gpfs/tardis/applications/202512/software/standard/core/java/17/lib/libnet.so
Event: 0.586 Loaded shared library /sfs/gpfs/tardis/applications/202512/software/standard/core/java/17/lib/libextnet.so
Event: 0.604 Loaded shared library /sfs/gpfs/tardis/applications/202512/software/standard/core/java/17/lib/libmanagement.so
Event: 0.605 Loaded shared library /sfs/gpfs/tardis/applications/202512/software/standard/core/java/17/lib/libmanagement_ext.so

Deoptimization events (20 events):
Event: 11.165 Thread 0x00007f7344562600 Uncommon trap: trap_request=0xffffff45 fr.pc=0x00007f73350c2cf4 relative=0x00000000000007f4
Event: 11.165 Thread 0x00007f7344562600 Uncommon trap: reason=unstable_if action=reinterpret pc=0x00007f73350c2cf4 method=org.apache.commons.beanutils.BeanUtilsBenchCase.testPopulateStrs()V @ 51 c2
Event: 11.165 Thread 0x00007f7344562600 DEOPT PACKING pc=0x00007f73350c2cf4 sp=0x00007f72d6794c90
Event: 11.165 Thread 0x00007f7344562600 DEOPT UNPACKING pc=0x00007f73348b6b19 sp=0x00007f72d6794c60 mode 2
Event: 11.165 Thread 0x00007f7344562600 Uncommon trap: trap_request=0xffffff45 fr.pc=0x00007f73350bf234 relative=0x0000000000001a94
Event: 11.165 Thread 0x00007f7344562600 Uncommon trap: reason=unstable_if action=reinterpret pc=0x00007f73350bf234 method=org.apache.commons.beanutils.BeanUtilsBean.setProperty(Ljava/lang/Object;Ljava/lang/String;Ljava/lang/Object;)V @ 364 c2
Event: 11.165 Thread 0x00007f7344562600 DEOPT PACKING pc=0x00007f73350bf234 sp=0x00007f72d6794b70
Event: 11.165 Thread 0x00007f7344562600 DEOPT UNPACKING pc=0x00007f73348b6b19 sp=0x00007f72d6794b30 mode 2
Event: 11.390 Thread 0x00007f7344562600 DEOPT PACKING pc=0x00007f732d7c441a sp=0x00007f72d6794c00
Event: 11.390 Thread 0x00007f7344562600 DEOPT UNPACKING pc=0x00007f73348b764f sp=0x00007f72d6794158 mode 0
Event: 11.549 Thread 0x00007f7344562600 Uncommon trap: trap_request=0xffffff45 fr.pc=0x00007f73350ca5bc relative=0x00000000000007bc
Event: 11.549 Thread 0x00007f7344562600 Uncommon trap: reason=unstable_if action=reinterpret pc=0x00007f73350ca5bc method=org.apache.commons.beanutils.BeanUtilsBenchCase.testPopulateStrs()V @ 132 c2
Event: 11.549 Thread 0x00007f7344562600 DEOPT PACKING pc=0x00007f73350ca5bc sp=0x00007f72d6794c90
Event: 11.549 Thread 0x00007f7344562600 DEOPT UNPACKING pc=0x00007f73348b6b19 sp=0x00007f72d6794c60 mode 2
Event: 11.927 Thread 0x00007f7344562600 DEOPT PACKING pc=0x00007f732d7c6444 sp=0x00007f72d6794bf0
Event: 11.927 Thread 0x00007f7344562600 DEOPT UNPACKING pc=0x00007f73348b764f sp=0x00007f72d6794158 mode 0
Event: 11.996 Thread 0x00007f7344562600 Uncommon trap: trap_request=0xffffff45 fr.pc=0x00007f73350cbe74 relative=0x00000000000007f4
Event: 11.996 Thread 0x00007f7344562600 Uncommon trap: reason=unstable_if action=reinterpret pc=0x00007f73350cbe74 method=org.apache.commons.beanutils.BeanUtilsBenchCase.testPopulateStrs()V @ 173 c2
Event: 11.996 Thread 0x00007f7344562600 DEOPT PACKING pc=0x00007f73350cbe74 sp=0x00007f72d6794c90
Event: 11.996 Thread 0x00007f7344562600 DEOPT UNPACKING pc=0x00007f73348b6b19 sp=0x00007f72d6794c60 mode 2

Classes loaded (20 events):
Event: 4.034 Loading class jdk/internal/math/FloatingDecimal$ASCIIToBinaryBuffer
Event: 4.034 Loading class jdk/internal/math/FloatingDecimal$ASCIIToBinaryBuffer done
Event: 4.036 Loading class org/apache/commons/beanutils/ConvertUtilsBean2
Event: 4.036 Loading class org/apache/commons/beanutils/ConvertUtilsBean2 done
Event: 4.075 Loading class org/apache/commons/beanutils/WrapDynaBean
Event: 4.075 Loading class org/apache/commons/beanutils/WrapDynaBean done
Event: 4.508 Loading class org/apache/commons/beanutils/BenchBean
Event: 4.508 Loading class org/apache/commons/beanutils/BenchBean done
Event: 4.515 Loading class org/apache/commons/beanutils/BenchBeanBeanInfo
Event: 4.515 Loading class org/apache/commons/beanutils/BenchBeanBeanInfo done
Event: 4.516 Loading class org/apache/commons/beanutils/BenchBeanBeanInfo
Event: 4.516 Loading class org/apache/commons/beanutils/BenchBeanBeanInfo done
Event: 4.517 Loading class org/apache/commons/beanutils/BenchBeanBeanInfo
Event: 4.517 Loading class org/apache/commons/beanutils/BenchBeanBeanInfo done
Event: 4.517 Loading class org/apache/commons/beanutils/BenchBeanCustomizer
Event: 4.517 Loading class org/apache/commons/beanutils/BenchBeanCustomizer done
Event: 4.517 Loading class org/apache/commons/beanutils/BenchBeanCustomizer
Event: 4.517 Loading class org/apache/commons/beanutils/BenchBeanCustomizer done
Event: 4.517 Loading class org/apache/commons/beanutils/BenchBeanCustomizer
Event: 4.517 Loading class org/apache/commons/beanutils/BenchBeanCustomizer done

Classes unloaded (0 events):
No events

Classes redefined (5 events):
Event: 2.769 Thread 0x00007f734420ec30 redefined class name=org.apache.commons.beanutils.converters.BooleanConverter, count=1
Event: 3.163 Thread 0x00007f734420ec30 redefined class name=org.apache.commons.beanutils.converters.BooleanConverter, count=2
Event: 3.211 Thread 0x00007f734420ec30 redefined class name=org.apache.commons.beanutils.converters.BooleanConverter, count=3
Event: 12.063 Thread 0x00007f734420ec30 redefined class name=org.apache.commons.beanutils.converters.BooleanConverter, count=4
Event: 12.124 Thread 0x00007f734420ec30 redefined class name=org.apache.commons.beanutils.converters.BooleanConverter, count=5

Internal exceptions (20 events):
Event: 3.744 Thread 0x00007f7344562600 Exception <a 'java/lang/reflect/InvocationTargetException'{0x00000000fd231808}> (0x00000000fd231808) 
thrown [src/hotspot/share/runtime/reflection.cpp, line 1126]
Event: 3.792 Thread 0x00007f7344562600 Exception <a 'java/lang/reflect/InvocationTargetException'{0x00000000fd41d040}> (0x00000000fd41d040) 
thrown [src/hotspot/share/runtime/reflection.cpp, line 1126]
Event: 3.970 Thread 0x00007f7344562600 Exception <a 'java/lang/ClassNotFoundException'{0x00000000fd64d280}: org/apache/commons/beanutils/TestBeanBeanInfo> (0x00000000fd64d280) 
thrown [src/hotspot/share/classfile/systemDictionary.cpp, line 256]
Event: 3.970 Thread 0x00007f7344562600 Exception <a 'java/lang/ClassNotFoundException'{0x00000000fd64dfc0}: java/lang/ObjectBeanInfo> (0x00000000fd64dfc0) 
thrown [src/hotspot/share/classfile/systemDictionary.cpp, line 256]
Event: 3.970 Thread 0x00007f7344562600 Exception <a 'java/lang/ClassNotFoundException'{0x00000000fd64ffd8}: java/lang/ObjectCustomizer> (0x00000000fd64ffd8) 
thrown [src/hotspot/share/classfile/systemDictionary.cpp, line 256]
Event: 4.004 Thread 0x00007f7344562600 Exception <a 'java/lang/ClassNotFoundException'{0x00000000fd683cf8}: org/apache/commons/beanutils/TestBeanCustomizer> (0x00000000fd683cf8) 
thrown [src/hotspot/share/classfile/systemDictionary.cpp, line 256]
Event: 4.035 Thread 0x00007f7344562600 Exception <a 'java/lang/reflect/InvocationTargetException'{0x00000000fd8160a8}> (0x00000000fd8160a8) 
thrown [src/hotspot/share/runtime/reflection.cpp, line 1126]
Event: 4.202 Thread 0x00007f7344562600 Exception <a 'java/lang/reflect/InvocationTargetException'{0x00000000fdbd7fb0}> (0x00000000fdbd7fb0) 
thrown [src/hotspot/share/runtime/reflection.cpp, line 1126]
Event: 4.215 Thread 0x00007f7344562600 Exception <a 'java/lang/reflect/InvocationTargetException'{0x00000000fddcf710}> (0x00000000fddcf710) 
thrown [src/hotspot/share/runtime/reflection.cpp, line 1126]
Event: 4.233 Thread 0x00007f7344562600 Exception <a 'java/lang/reflect/InvocationTargetException'{0x00000000fdfc8470}> (0x00000000fdfc8470) 
thrown [src/hotspot/share/runtime/reflection.cpp, line 1126]
Event: 4.313 Thread 0x00007f7344562600 Exception <a 'java/lang/reflect/InvocationTargetException'{0x00000000fc06b358}> (0x00000000fc06b358) 
thrown [src/hotspot/share/runtime/reflection.cpp, line 1126]
Event: 4.350 Thread 0x00007f7344562600 Exception <a 'java/lang/reflect/InvocationTargetException'{0x00000000fc257ff8}> (0x00000000fc257ff8) 
thrown [src/hotspot/share/runtime/reflection.cpp, line 1126]
Event: 4.369 Thread 0x00007f7344562600 Exception <a 'java/lang/reflect/InvocationTargetException'{0x00000000fc4426d8}> (0x00000000fc4426d8) 
thrown [src/hotspot/share/runtime/reflection.cpp, line 1126]
Event: 4.482 Thread 0x00007f7344562600 Exception <a 'java/lang/reflect/InvocationTargetException'{0x00000000fc62d680}> (0x00000000fc62d680) 
thrown [src/hotspot/share/runtime/reflection.cpp, line 1126]
Event: 4.488 Thread 0x00007f7344562600 Exception <a 'java/lang/reflect/InvocationTargetException'{0x00000000fc81bdf8}> (0x00000000fc81bdf8) 
thrown [src/hotspot/share/runtime/reflection.cpp, line 1126]
Event: 4.517 Thread 0x00007f7344562600 Exception <a 'java/lang/ClassNotFoundException'{0x00000000fc9d7de0}: org/apache/commons/beanutils/BenchBeanBeanInfo> (0x00000000fc9d7de0) 
thrown [src/hotspot/share/classfile/systemDictionary.cpp, line 256]
Event: 4.517 Thread 0x00007f7344562600 Exception <a 'java/lang/ClassNotFoundException'{0x00000000fc9db148}: org/apache/commons/beanutils/BenchBeanCustomizer> (0x00000000fc9db148) 
thrown [src/hotspot/share/classfile/systemDictionary.cpp, line 256]
Event: 9.149 Thread 0x00007f7344562600 Implicit null exception at 0x00007f73350a1470 to 0x00007f73350a1c18
Event: 9.174 Thread 0x00007f7344562600 Implicit null exception at 0x00007f73350a73aa to 0x00007f73350a84d8
Event: 9.200 Thread 0x00007f7344562600 Implicit null exception at 0x00007f73350b0f1a to 0x00007f73350b2214

VM Operations (20 events):
Event: 4.038 Executing VM operation: HandshakeAllThreads
Event: 4.038 Executing VM operation: HandshakeAllThreads done
Event: 4.638 Executing VM operation: G1CollectForAllocation
Event: 4.886 Executing VM operation: G1CollectForAllocation done
Event: 5.282 Executing VM operation: G1CollectForAllocation
Event: 5.322 Executing VM operation: G1CollectForAllocation done
Event: 5.705 Executing VM operation: G1CollectForAllocation
Event: 5.718 Executing VM operation: G1CollectForAllocation done
Event: 9.051 Executing VM operation: G1CollectForAllocation
Event: 9.058 Executing VM operation: G1CollectForAllocation done
Event: 9.588 Executing VM operation: G1CollectForAllocation
Event: 9.596 Executing VM operation: G1CollectForAllocation done
Event: 10.598 Executing VM operation: Cleanup
Event: 10.609 Executing VM operation: Cleanup done
Event: 11.620 Executing VM operation: Cleanup
Event: 11.697 Executing VM operation: Cleanup done
Event: 12.011 Executing VM operation: RedefineClasses
Event: 12.066 Executing VM operation: RedefineClasses done
Event: 12.078 Executing VM operation: RedefineClasses
Event: 12.127 Executing VM operation: RedefineClasses done

Memory protections (20 events):
Event: 4.074 Protecting memory [0x00007f72d6798000,0x00007f72d679c000] with protection modes 0
Event: 4.214 Protecting memory [0x00007f72d6798000,0x00007f72d679c000] with protection modes 0
Event: 4.231 Protecting memory [0x00007f72d6697000,0x00007f72d669b000] with protection modes 0
Event: 4.311 Protecting memory [0x00007f72d6697000,0x00007f72d669b000] with protection modes 0
Event: 4.311 Protecting memory [0x00007f72d6798000,0x00007f72d679c000] with protection modes 0
Event: 4.348 Protecting memory [0x00007f72d6697000,0x00007f72d669b000] with protection modes 0
Event: 4.367 Protecting memory [0x00007f72d6697000,0x00007f72d669b000] with protection modes 0
Event: 4.469 Protecting memory [0x00007f72d6697000,0x00007f72d669b000] with protection modes 0
Event: 4.487 Protecting memory [0x00007f72d6697000,0x00007f72d669b000] with protection modes 0
Event: 4.507 Protecting memory [0x00007f72d6697000,0x00007f72d669b000] with protection modes 0
Event: 4.533 Protecting memory [0x00007f72d6798000,0x00007f72d679c000] with protection modes 0
Event: 4.552 Protecting memory [0x00007f72d6596000,0x00007f72d659a000] with protection modes 0
Event: 4.576 Protecting memory [0x00007f72d6495000,0x00007f72d6499000] with protection modes 0
Event: 4.576 Protecting memory [0x00007f72d6394000,0x00007f72d6398000] with protection modes 0
Event: 4.576 Protecting memory [0x00007f72d6293000,0x00007f72d6297000] with protection modes 0
Event: 4.904 Protecting memory [0x00007f72d6192000,0x00007f72d6196000] with protection modes 0
Event: 9.151 Protecting memory [0x00007f72d6d9e000,0x00007f72d6da2000] with protection modes 0
Event: 10.045 Protecting memory [0x00007f72d6697000,0x00007f72d669b000] with protection modes 0
Event: 12.068 Protecting memory [0x00007f72d6697000,0x00007f72d669b000] with protection modes 0
Event: 12.163 Protecting memory [0x00007f72d6d9e000,0x00007f72d6da2000] with protection modes 0

Nmethod flushes (0 events):
No events

Events (20 events):
Event: 4.890 Thread 0x00007f7260005cf0 Thread added: 0x00007f724c2fa050
Event: 5.808 Thread 0x00007f7260005cf0 Thread exited: 0x00007f7260005cf0
Event: 5.809 Thread 0x00007f724c2fa050 Thread exited: 0x00007f724c2fa050
Event: 5.818 Thread 0x00007f724c0cf4d0 Thread exited: 0x00007f724c0cf4d0
Event: 7.018 Thread 0x00007f7260004810 Thread exited: 0x00007f7260004810
Event: 7.025 Thread 0x00007f7260003690 Thread exited: 0x00007f7260003690
Event: 9.151 Thread 0x00007f724c0ce3f0 Thread added: 0x00007f7234002ae0
Event: 9.509 Thread 0x00007f724c0ce3f0 Thread exited: 0x00007f724c0ce3f0
Event: 9.855 Thread 0x00007f724c0cd250 Thread exited: 0x00007f724c0cd250
Event: 10.045 Thread 0x00007f7344562600 Thread exited: 0x00007f7344562600
Event: 10.045 Thread 0x00007f7344032990 Thread added: 0x00007f7344562600
Event: 10.046 Thread 0x00007f724042be50 Thread exited: 0x00007f724042be50
Event: 10.300 Thread 0x00007f72405333b0 Thread exited: 0x00007f72405333b0
Event: 10.302 Thread 0x00007f7260132360 Thread exited: 0x00007f7260132360
Event: 11.899 Thread 0x00007f7234002ae0 Thread exited: 0x00007f7234002ae0
Event: 11.997 Thread 0x00007f7344562600 Thread exited: 0x00007f7344562600
Event: 12.068 Thread 0x00007f734421dec0 Thread added: 0x00007f72601380a0
Event: 12.127 Thread 0x00007f734421dec0 Thread added: 0x00007f72600049f0
Event: 12.205 Thread 0x00007f7344032990 Thread added: 0x00007f73444ba260
Event: 12.205 Thread 0x00007f734421dec0 Thread added: 0x00007f72601322b0


Dynamic libraries:
82000000-102000000 rw-p 00000000 00:00 0 
102000000-7fe000000 ---p 00000000 00:00 0 
7fe000000-7fef00000 rw-p 00000000 00:00 0 
7fef00000-7fef75000 rw-p 00c79000 00:33 8596472648                       /sfs/gpfs/tardis/applications/202512/software/standard/core/java/17/lib/server/classes.jsa
7fef75000-7ff000000 rw-p 00000000 00:00 0 
7ff000000-7ff078000 rw-p 00c01000 00:33 8596472648                       /sfs/gpfs/tardis/applications/202512/software/standard/core/java/17/lib/server/classes.jsa
7ff078000-800000000 rw-p 00000000 00:00 0 
55cd279b3000-55cd279b4000 r--p 00000000 00:33 8596472430                 /sfs/gpfs/tardis/applications/202512/software/standard/core/java/17/bin/java
55cd279b4000-55cd279b5000 r-xp 00001000 00:33 8596472430                 /sfs/gpfs/tardis/applications/202512/software/standard/core/java/17/bin/java
55cd279b5000-55cd279b6000 r--p 00002000 00:33 8596472430                 /sfs/gpfs/tardis/applications/202512/software/standard/core/java/17/bin/java
55cd279b6000-55cd279b7000 r--p 00002000 00:33 8596472430                 /sfs/gpfs/tardis/applications/202512/software/standard/core/java/17/bin/java
55cd279b7000-55cd279b8000 rw-p 00003000 00:33 8596472430                 /sfs/gpfs/tardis/applications/202512/software/standard/core/java/17/bin/java
55cd28b44000-55cd28b8c000 rw-p 00000000 00:00 0                          [heap]
7f71e0000000-7f71e0021000 rw-p 00000000 00:00 0 
7f71e0021000-7f71e4000000 ---p 00000000 00:00 0 
7f71e8000000-7f71e8021000 rw-p 00000000 00:00 0 
7f71e8021000-7f71ec000000 ---p 00000000 00:00 0 
7f71ec000000-7f71ec021000 rw-p 00000000 00:00 0 
7f71ec021000-7f71f0000000 ---p 00000000 00:00 0 
7f71f0000000-7f71f0021000 rw-p 00000000 00:00 0 
7f71f0021000-7f71f4000000 ---p 00000000 00:00 0 
7f71f4000000-7f71f4021000 rw-p 00000000 00:00 0 
7f71f4021000-7f71f8000000 ---p 00000000 00:00 0 
7f71f8000000-7f71f8021000 rw-p 00000000 00:00 0 
7f71f8021000-7f71fc000000 ---p 00000000 00:00 0 
7f71fc000000-7f71fc021000 rw-p 00000000 00:00 0 
7f71fc021000-7f7200000000 ---p 00000000 00:00 0 
7f7200000000-7f7200021000 rw-p 00000000 00:00 0 
7f7200021000-7f7204000000 ---p 00000000 00:00 0 
7f7204000000-7f7204021000 rw-p 00000000 00:00 0 
7f7204021000-7f7208000000 ---p 00000000 00:00 0 
7f7208000000-7f7208021000 rw-p 00000000 00:00 0 
7f7208021000-7f720c000000 ---p 00000000 00:00 0 
7f720c000000-7f720c021000 rw-p 00000000 00:00 0 
7f720c021000-7f7210000000 ---p 00000000 00:00 0 
7f7210000000-7f7210021000 rw-p 00000000 00:00 0 
7f7210021000-7f7214000000 ---p 00000000 00:00 0 
7f7214000000-7f7214021000 rw-p 00000000 00:00 0 
7f7214021000-7f7218000000 ---p 00000000 00:00 0 
7f7218000000-7f7218021000 rw-p 00000000 00:00 0 
7f7218021000-7f721c000000 ---p 00000000 00:00 0 
7f721c000000-7f721c021000 rw-p 00000000 00:00 0 
7f721c021000-7f7220000000 ---p 00000000 00:00 0 
7f7220000000-7f7220021000 rw-p 00000000 00:00 0 
7f7220021000-7f7224000000 ---p 00000000 00:00 0 
7f7224000000-7f7224021000 rw-p 00000000 00:00 0 
7f7224021000-7f7228000000 ---p 00000000 00:00 0 
7f7228000000-7f7228103000 rw-p 00000000 00:00 0 
7f7228103000-7f722c000000 ---p 00000000 00:00 0 
7f722c000000-7f722c2ab000 rw-p 00000000 00:00 0 
7f722c2ab000-7f7230000000 ---p 00000000 00:00 0 
7f7230000000-7f7230205000 rw-p 00000000 00:00 0 
7f7230205000-7f7234000000 ---p 00000000 00:00 0 
7f7234000000-7f7234224000 rw-p 00000000 00:00 0 
7f7234224000-7f7238000000 ---p 00000000 00:00 0 
7f7238000000-7f723834b000 rw-p 00000000 00:00 0 
7f723834b000-7f723c000000 ---p 00000000 00:00 0 
7f723c000000-7f723c1d1000 rw-p 00000000 00:00 0 
7f723c1d1000-7f7240000000 ---p 00000000 00:00 0 
7f7240000000-7f724141b000 rw-p 00000000 00:00 0 
7f724141b000-7f7244000000 ---p 00000000 00:00 0 
7f7244000000-7f724445c000 rw-p 00000000 00:00 0 
7f724445c000-7f7248000000 ---p 00000000 00:00 0 
7f7248000000-7f7248184000 rw-p 00000000 00:00 0 
7f7248184000-7f724c000000 ---p 00000000 00:00 0 
7f724c000000-7f724c302000 rw-p 00000000 00:00 0 
7f724c302000-7f7250000000 ---p 00000000 00:00 0 
7f7250000000-7f7250021000 rw-p 00000000 00:00 0 
7f7250021000-7f7254000000 ---p 00000000 00:00 0 
7f7254000000-7f72540a9000 rw-p 00000000 00:00 0 
7f72540a9000-7f7258000000 ---p 00000000 00:00 0 
7f7258000000-7f7258021000 rw-p 00000000 00:00 0 
7f7258021000-7f725c000000 ---p 00000000 00:00 0 
7f725c000000-7f725c021000 rw-p 00000000 00:00 0 
7f725c021000-7f7260000000 ---p 00000000 00:00 0 
7f7260000000-7f7260145000 rw-p 00000000 00:00 0 
7f7260145000-7f7264000000 ---p 00000000 00:00 0 
7f7264000000-7f7264021000 rw-p 00000000 00:00 0 
7f7264021000-7f7268000000 ---p 00000000 00:00 0 
7f7268000000-7f7268021000 rw-p 00000000 00:00 0 
7f7268021000-7f726c000000 ---p 00000000 00:00 0 
7f726c000000-7f726d4d6000 rw-p 00000000 00:00 0 
7f726d4d6000-7f7270000000 ---p 00000000 00:00 0 
7f7270000000-7f7270021000 rw-p 00000000 00:00 0 
7f7270021000-7f7274000000 ---p 00000000 00:00 0 
7f7274000000-7f7274021000 rw-p 00000000 00:00 0 
7f7274021000-7f7278000000 ---p 00000000 00:00 0 
7f7278000000-7f7278021000 rw-p 00000000 00:00 0 
7f7278021000-7f727c000000 ---p 00000000 00:00 0 
7f727c000000-7f727c021000 rw-p 00000000 00:00 0 
7f727c021000-7f7280000000 ---p 00000000 00:00 0 
7f7280000000-7f7280024000 rw-p 00000000 00:00 0 
7f7280024000-7f7284000000 ---p 00000000 00:00 0 
7f7287000000-7f7287455000 rw-p 00001000 00:33 8596472648                 /sfs/gpfs/tardis/applications/202512/software/standard/core/java/17/lib/server/classes.jsa
7f7287455000-7f7287bc9000 rw-p 00456000 00:33 8596472648                 /sfs/gpfs/tardis/applications/202512/software/standard/core/java/17/lib/server/classes.jsa
7f7287bc9000-7f7288000000 ---p 00000000 00:00 0 
7f7288000000-7f7288040000 rw-p 00000000 00:00 0 
7f7288040000-7f72880b0000 rw-p 00000000 00:00 0 
7f72880b0000-7f72880c0000 ---p 00000000 00:00 0 
7f72880c0000-7f72880e0000 rw-p 00000000 00:00 0 
7f72880e0000-7f72c8000000 ---p 00000000 00:00 0 
7f72c8000000-7f72c8021000 rw-p 00000000 00:00 0 
7f72c8021000-7f72cc000000 ---p 00000000 00:00 0 
7f72cc000000-7f72cc370000 rw-p 00000000 00:00 0 
7f72cc370000-7f72cc400000 ---p 00000000 00:00 0 
7f72cc400000-7f72cc670000 rw-p 00000000 00:00 0 
7f72cc670000-7f72d0000000 ---p 00000000 00:00 0 
7f72d0000000-7f72d0021000 rw-p 00000000 00:00 0 
7f72d0021000-7f72d4000000 ---p 00000000 00:00 0 
7f72d4dee000-7f72d5080000 rw-p 00000000 00:00 0 
7f72d5080000-7f72d5081000 ---p 00000000 00:00 0 
7f72d5081000-7f72d5181000 rw-p 00000000 00:00 0 
7f72d5181000-7f72d5182000 ---p 00000000 00:00 0 
7f72d5182000-7f72d5282000 rw-p 00000000 00:00 0 
7f72d5282000-7f72d5283000 ---p 00000000 00:00 0 
7f72d5283000-7f72d5383000 rw-p 00000000 00:00 0 
7f72d5383000-7f72d5384000 ---p 00000000 00:00 0 
7f72d5384000-7f72d5484000 rw-p 00000000 00:00 0 
7f72d5484000-7f72d5485000 ---p 00000000 00:00 0 
7f72d5485000-7f72d5585000 rw-p 00000000 00:00 0 
7f72d5585000-7f72d5586000 ---p 00000000 00:00 0 
7f72d5586000-7f72d5686000 rw-p 00000000 00:00 0 
7f72d5686000-7f72d5687000 ---p 00000000 00:00 0 
7f72d5687000-7f72d5787000 rw-p 00000000 00:00 0 
7f72d5787000-7f72d5788000 ---p 00000000 00:00 0 
7f72d5788000-7f72d5888000 rw-p 00000000 00:00 0 
7f72d5888000-7f72d5889000 ---p 00000000 00:00 0 
7f72d5889000-7f72d5989000 rw-p 00000000 00:00 0 
7f72d5989000-7f72d598a000 ---p 00000000 00:00 0 
7f72d598a000-7f72d5a8a000 rw-p 00000000 00:00 0 
7f72d5a8a000-7f72d5a8b000 ---p 00000000 00:00 0 
7f72d5a8b000-7f72d5b8b000 rw-p 00000000 00:00 0 
7f72d5b8b000-7f72d5b8c000 ---p 00000000 00:00 0 
7f72d5b8c000-7f72d5c8c000 rw-p 00000000 00:00 0 
7f72d5c8c000-7f72d5c8d000 ---p 00000000 00:00 0 
7f72d5c8d000-7f72d5d8d000 rw-p 00000000 00:00 0 
7f72d5d8d000-7f72d5d8e000 ---p 00000000 00:00 0 
7f72d5d8e000-7f72d5e8e000 rw-p 00000000 00:00 0 
7f72d5e8e000-7f72d5e8f000 ---p 00000000 00:00 0 
7f72d5e8f000-7f72d5f8f000 rw-p 00000000 00:00 0 
7f72d5f8f000-7f72d5f90000 ---p 00000000 00:00 0 
7f72d5f90000-7f72d6090000 rw-p 00000000 00:00 0 
7f72d6090000-7f72d6091000 ---p 00000000 00:00 0 
7f72d6091000-7f72d6191000 rw-p 00000000 00:00 0 
7f72d6191000-7f72d6196000 ---p 00000000 00:00 0 
7f72d6196000-7f72d6292000 rw-p 00000000 00:00 0 
7f72d6292000-7f72d6297000 ---p 00000000 00:00 0 
7f72d6297000-7f72d6393000 rw-p 00000000 00:00 0 
7f72d6393000-7f72d6398000 ---p 00000000 00:00 0 
7f72d6398000-7f72d6494000 rw-p 00000000 00:00 0 
7f72d6494000-7f72d6499000 ---p 00000000 00:00 0 
7f72d6499000-7f72d6595000 rw-p 00000000 00:00 0 
7f72d6595000-7f72d659a000 ---p 00000000 00:00 0 
7f72d659a000-7f72d6696000 rw-p 00000000 00:00 0 
7f72d6696000-7f72d6697000 ---p 00000000 00:00 0 
7f72d6697000-7f72d669b000 ---p 00000000 00:00 0 
7f72d669b000-7f72d6797000 rw-p 00000000 00:00 0 
7f72d6797000-7f72d6798000 ---p 00000000 00:00 0 
7f72d679c000-7f72d6898000 rw-p 00000000 00:00 0 
7f72d6898000-7f72d6899000 ---p 00000000 00:00 0 
7f72d689d000-7f72d6999000 rw-p 00000000 00:00 0 
7f72d6999000-7f72d699e000 ---p 00000000 00:00 0 
7f72d699e000-7f72d6a9a000 rw-p 00000000 00:00 0 
7f72d6a9a000-7f72d6a9f000 ---p 00000000 00:00 0 
7f72d6a9f000-7f72d6b9b000 rw-p 00000000 00:00 0 
7f72d6b9b000-7f72d6b9c000 ---p 00000000 00:00 0 
7f72d6b9c000-7f72d6c9c000 rw-p 00000000 00:00 0 
7f72d6c9c000-7f72d6c9d000 ---p 00000000 00:00 0 
7f72d6c9d000-7f72d6ca1000 ---p 00000000 00:00 0 
7f72d6ca1000-7f72d6d9d000 rw-p 00000000 00:00 0 
7f72d6d9d000-7f72d6d9e000 ---p 00000000 00:00 0 
7f72d6d9e000-7f72d6da2000 ---p 00000000 00:00 0 
7f72d6da2000-7f72d6e9e000 rw-p 00000000 00:00 0 
7f72d6e9e000-7f72d6e9f000 ---p 00000000 00:00 0 
7f72d6e9f000-7f72d6ea3000 ---p 00000000 00:00 0 
7f72d6ea3000-7f72d6f9f000 rw-p 00000000 00:00 0 
7f72d6f9f000-7f72d6fa0000 ---p 00000000 00:00 0 
7f72d6fa0000-7f72d6fa4000 ---p 00000000 00:00 0 
7f72d6fa4000-7f72d70a0000 rw-p 00000000 00:00 0 
7f72d70a0000-7f72d70a1000 ---p 00000000 00:00 0 
7f72d70a1000-7f72d70a5000 ---p 00000000 00:00 0 
7f72d70a5000-7f72d71a1000 rw-p 00000000 00:00 0 
7f72d71a1000-7f72d71a2000 ---p 00000000 00:00 0 
7f72d71a2000-7f72d71a6000 ---p 00000000 00:00 0 
7f72d71a6000-7f72d72a2000 rw-p 00000000 00:00 0 
7f72d72a2000-7f72d72a3000 ---p 00000000 00:00 0 
7f72d72a3000-7f72d72a7000 ---p 00000000 00:00 0 
7f72d72a7000-7f72d73a3000 rw-p 00000000 00:00 0 
7f72d73a3000-7f72d73a4000 ---p 00000000 00:00 0 
7f72d73a4000-7f72d73a8000 ---p 00000000 00:00 0 
7f72d73a8000-7f72d74a4000 rw-p 00000000 00:00 0 
7f72d74a4000-7f72d74a5000 ---p 00000000 00:00 0 
7f72d74a5000-7f72d74a9000 ---p 00000000 00:00 0 
7f72d74a9000-7f72d75a5000 rw-p 00000000 00:00 0 
7f72d75a5000-7f72d75a6000 ---p 00000000 00:00 0 
7f72d75a6000-7f72d75aa000 ---p 00000000 00:00 0 
7f72d75aa000-7f72d76a6000 rw-p 00000000 00:00 0 
7f72d76a6000-7f72d76a7000 ---p 00000000 00:00 0 
7f72d76a7000-7f72d76ab000 ---p 00000000 00:00 0 
7f72d76ab000-7f72d77a7000 rw-p 00000000 00:00 0 
7f72d77a7000-7f72d77a8000 ---p 00000000 00:00 0 
7f72d77a8000-7f72d78a8000 rw-p 00000000 00:00 0 
7f72d78a8000-7f72d78ad000 r--p 00000000 00:33 8596472621                 /sfs/gpfs/tardis/applications/202512/software/standard/core/java/17/lib/libjsvml.so
7f72d78ad000-7f72d78ee000 r-xp 00005000 00:33 8596472621                 /sfs/gpfs/tardis/applications/202512/software/standard/core/java/17/lib/libjsvml.so
7f72d78ee000-7f72d7977000 r--p 00046000 00:33 8596472621                 /sfs/gpfs/tardis/applications/202512/software/standard/core/java/17/lib/libjsvml.so
7f72d7977000-7f72d7978000 r--p 000ce000 00:33 8596472621                 /sfs/gpfs/tardis/applications/202512/software/standard/core/java/17/lib/libjsvml.so
7f72d7978000-7f72d7979000 rw-p 000cf000 00:33 8596472621                 /sfs/gpfs/tardis/applications/202512/software/standard/core/java/17/lib/libjsvml.so
7f72d7979000-7f72d79fa000 rw-p 00000000 00:00 0 
7f72d79fa000-7f72d79fb000 ---p 00000000 00:00 0 
7f72d79fb000-7f72d7afb000 rw-p 00000000 00:00 0 
7f72d7afb000-7f72d7afc000 ---p 00000000 00:00 0 
7f72d7afc000-7f72d8021000 rw-p 00000000 00:00 0 
7f72d8021000-7f72dc000000 ---p 00000000 00:00 0 
7f72dc000000-7f72dc021000 rw-p 00000000 00:00 0 
7f72dc021000-7f72e0000000 ---p 00000000 00:00 0 
7f72e0000000-7f72e0021000 rw-p 00000000 00:00 0 
7f72e0021000-7f72e4000000 ---p 00000000 00:00 0 
7f72e4014000-7f72e4016000 r--p 00000000 00:33 8596472625                 /sfs/gpfs/tardis/applications/202512/software/standard/core/java/17/lib/libmanagement_ext.so
7f72e4016000-7f72e4019000 r-xp 00002000 00:33 8596472625                 /sfs/gpfs/tardis/applications/202512/software/standard/core/java/17/lib/libmanagement_ext.so
7f72e4019000-7f72e401a000 r--p 00005000 00:33 8596472625                 /sfs/gpfs/tardis/applications/202512/software/standard/core/java/17/lib/libmanagement_ext.so
7f72e401a000-7f72e401b000 ---p 00006000 00:33 8596472625                 /sfs/gpfs/tardis/applications/202512/software/standard/core/java/17/lib/libmanagement_ext.so
7f72e401b000-7f72e401c000 r--p 00006000 00:33 8596472625                 /sfs/gpfs/tardis/applications/202512/software/standard/core/java/17/lib/libmanagement_ext.so
7f72e401c000-7f72e401d000 rw-p 00007000 00:33 8596472625                 /sfs/gpfs/tardis/applications/202512/software/standard/core/java/17/lib/libmanagement_ext.so
7f72e401d000-7f72e4021000 r--p 00000000 00:33 8596472635                 /sfs/gpfs/tardis/applications/202512/software/standard/core/java/17/lib/libverify.so
7f72e4021000-7f72e4028000 r-xp 00004000 00:33 8596472635                 /sfs/gpfs/tardis/applications/202512/software/standard/core/java/17/lib/libverify.so
7f72e4028000-7f72e402a000 r--p 0000b000 00:33 8596472635                 /sfs/gpfs/tardis/applications/202512/software/standard/core/java/17/lib/libverify.so
7f72e402a000-7f72e402c000 r--p 0000c000 00:33 8596472635                 /sfs/gpfs/tardis/applications/202512/software/standard/core/java/17/lib/libverify.so
7f72e402c000-7f72e402d000 rw-p 0000e000 00:33 8596472635                 /sfs/gpfs/tardis/applications/202512/software/standard/core/java/17/lib/libverify.so
7f72e402d000-7f72e812e000 rw-p 00000000 00:00 0 
7f72e812e000-7f730402e000 ---p 00000000 00:00 0 
7f730402e000-7f73060ae000 rw-p 00000000 00:00 0 
7f73060ae000-7f7321fae000 ---p 00000000 00:00 0 
7f7321fae000-7f732242e000 rw-p 00000000 00:00 0 
7f732242e000-7f7325c0e000 ---p 00000000 00:00 0 
7f7325c0e000-7f732601e000 rw-p 00000000 00:00 0 
7f732601e000-7f73297fe000 ---p 00000000 00:00 0 
7f73297fe000-7f7329c0e000 rw-p 00000000 00:00 0 
7f7329c0e000-7f732d3ee000 ---p 00000000 00:00 0 
7f732d3ee000-7f732d3fe000 rw-p 00000000 00:00 0 
7f732d3fe000-7f732d7de000 rwxp 00000000 00:00 0 
7f732d7de000-7f733485d000 ---p 00000000 00:00 0 
7f733485d000-7f7334b3d000 rwxp 00000000 00:00 0 
7f7334b3d000-7f7334f9e000 ---p 00000000 00:00 0 
7f7334f9e000-7f733520e000 rwxp 00000000 00:00 0 
7f733520e000-7f733c3fe000 ---p 00000000 00:00 0 
7f733c3fe000-7f7344000000 r--s 00000000 00:33 8596472637                 /sfs/gpfs/tardis/applications/202512/software/standard/core/java/17/lib/modules
7f7344000000-7f734459b000 rw-p 00000000 00:00 0 
7f734459b000-7f7348000000 ---p 00000000 00:00 0 
7f7348001000-7f734809d000 rw-p 00000000 00:00 0 
7f734809e000-7f73480a1000 r--p 00000000 00:33 8596472623                 /sfs/gpfs/tardis/applications/202512/software/standard/core/java/17/lib/libmanagement.so
7f73480a1000-7f73480a2000 r-xp 00003000 00:33 8596472623                 /sfs/gpfs/tardis/applications/202512/software/standard/core/java/17/lib/libmanagement.so
7f73480a2000-7f73480a3000 r--p 00004000 00:33 8596472623                 /sfs/gpfs/tardis/applications/202512/software/standard/core/java/17/lib/libmanagement.so
7f73480a3000-7f73480a4000 r--p 00004000 00:33 8596472623                 /sfs/gpfs/tardis/applications/202512/software/standard/core/java/17/lib/libmanagement.so
7f73480a4000-7f73480a5000 rw-p 00005000 00:33 8596472623                 /sfs/gpfs/tardis/applications/202512/software/standard/core/java/17/lib/libmanagement.so
7f73480a5000-7f73480a9000 r--p 00000000 00:33 8596472627                 /sfs/gpfs/tardis/applications/202512/software/standard/core/java/17/lib/libnet.so
7f73480a9000-7f73480b7000 r-xp 00004000 00:33 8596472627                 /sfs/gpfs/tardis/applications/202512/software/standard/core/java/17/lib/libnet.so
7f73480b7000-7f73480bb000 r--p 00012000 00:33 8596472627                 /sfs/gpfs/tardis/applications/202512/software/standard/core/java/17/lib/libnet.so
7f73480bb000-7f73480bc000 r--p 00015000 00:33 8596472627                 /sfs/gpfs/tardis/applications/202512/software/standard/core/java/17/lib/libnet.so
7f73480bc000-7f73480bd000 rw-p 00016000 00:33 8596472627                 /sfs/gpfs/tardis/applications/202512/software/standard/core/java/17/lib/libnet.so
7f73480bd000-7f73480c4000 r--p 00000000 00:33 8596472628                 /sfs/gpfs/tardis/applications/202512/software/standard/core/java/17/lib/libnio.so
7f73480c4000-7f73480cd000 r-xp 00007000 00:33 8596472628                 /sfs/gpfs/tardis/applications/202512/software/standard/core/java/17/lib/libnio.so
7f73480cd000-7f73480d1000 r--p 00010000 00:33 8596472628                 /sfs/gpfs/tardis/applications/202512/software/standard/core/java/17/lib/libnio.so
7f73480d1000-7f73480d2000 ---p 00014000 00:33 8596472628                 /sfs/gpfs/tardis/applications/202512/software/standard/core/java/17/lib/libnio.so
7f73480d2000-7f73480d3000 r--p 00014000 00:33 8596472628                 /sfs/gpfs/tardis/applications/202512/software/standard/core/java/17/lib/libnio.so
7f73480d3000-7f73480d4000 rw-p 00015000 00:33 8596472628                 /sfs/gpfs/tardis/applications/202512/software/standard/core/java/17/lib/libnio.so
7f73480d4000-7f7348de1000 rw-p 00000000 00:00 0 
7f7348de1000-7f7348de2000 ---p 00000000 00:00 0 
7f7348de2000-7f7348ee2000 rw-p 00000000 00:00 0 
7f7348ee2000-7f7348ee3000 ---p 00000000 00:00 0 
7f7348ee3000-7f7348fe3000 rw-p 00000000 00:00 0 
7f7348fe3000-7f7348fe4000 ---p 00000000 00:00 0 
7f7348fe4000-7f734a557000 rw-p 00000000 00:00 0 
7f734a557000-7f734a63b000 ---p 00000000 00:00 0 
7f734a63b000-7f734a643000 rw-p 00000000 00:00 0 
7f734a643000-7f734a724000 ---p 00000000 00:00 0 
7f734a724000-7f734a726000 r--p 00000000 00:33 8596472636                 /sfs/gpfs/tardis/applications/202512/software/standard/core/java/17/lib/libzip.so
7f734a726000-7f734a738000 r-xp 00002000 00:33 8596472636                 /sfs/gpfs/tardis/applications/202512/software/standard/core/java/17/lib/libzip.so
7f734a738000-7f734a740000 r--p 00014000 00:33 8596472636                 /sfs/gpfs/tardis/applications/202512/software/standard/core/java/17/lib/libzip.so
7f734a740000-7f734a741000 r--p 0001b000 00:33 8596472636                 /sfs/gpfs/tardis/applications/202512/software/standard/core/java/17/lib/libzip.so
7f734a741000-7f734a742000 rw-p 0001c000 00:33 8596472636                 /sfs/gpfs/tardis/applications/202512/software/standard/core/java/17/lib/libzip.so
7f734a742000-7f734a74d000 r-xp 00000000 00:29 41352995                   /usr/lib64/libnss_files-2.28.so
7f734a74d000-7f734a94d000 ---p 0000b000 00:29 41352995                   /usr/lib64/libnss_files-2.28.so
7f734a94d000-7f734a94e000 r--p 0000b000 00:29 41352995                   /usr/lib64/libnss_files-2.28.so
7f734a94e000-7f734a94f000 rw-p 0000c000 00:29 41352995                   /usr/lib64/libnss_files-2.28.so
7f734a94f000-7f734a955000 rw-p 00000000 00:00 0 
7f734a955000-7f734a95c000 r-xp 00000000 00:29 41352993                   /usr/lib64/libnss_db-2.28.so
7f734a95c000-7f734ab5b000 ---p 00007000 00:29 41352993                   /usr/lib64/libnss_db-2.28.so
7f734ab5b000-7f734ab5c000 r--p 00006000 00:29 41352993                   /usr/lib64/libnss_db-2.28.so
7f734ab5c000-7f734ab5d000 rw-p 00007000 00:29 41352993                   /usr/lib64/libnss_db-2.28.so
7f734ab5d000-7f734ab60000 rw-p 00000000 00:00 0 
7f734ab60000-7f734add8000 r--p 00000000 00:29 42290259                   /usr/lib/locale/en_US.utf8/LC_COLLATE
7f734add8000-7f734af59000 r-xp 00000000 00:29 41352876                   /usr/lib64/libm-2.28.so
7f734af59000-7f734b158000 ---p 00181000 00:29 41352876                   /usr/lib64/libm-2.28.so
7f734b158000-7f734b159000 r--p 00180000 00:29 41352876                   /usr/lib64/libm-2.28.so
7f734b159000-7f734b15a000 rw-p 00181000 00:29 41352876                   /usr/lib64/libm-2.28.so
7f734b15a000-7f734b161000 r-xp 00000000 00:29 41353205                   /usr/lib64/librt-2.28.so
7f734b161000-7f734b360000 ---p 00007000 00:29 41353205                   /usr/lib64/librt-2.28.so
7f734b360000-7f734b361000 r--p 00006000 00:29 41353205                   /usr/lib64/librt-2.28.so
7f734b361000-7f734b362000 rw-p 00007000 00:29 41353205                   /usr/lib64/librt-2.28.so
7f734b362000-7f734b5b5000 r--p 00000000 00:33 8596472651                 /sfs/gpfs/tardis/applications/202512/software/standard/core/java/17/lib/server/libjvm.so
7f734b5b5000-7f734c2de000 r-xp 00253000 00:33 8596472651                 /sfs/gpfs/tardis/applications/202512/software/standard/core/java/17/lib/server/libjvm.so
7f734c2de000-7f734c56b000 r--p 00f7c000 00:33 8596472651                 /sfs/gpfs/tardis/applications/202512/software/standard/core/java/17/lib/server/libjvm.so
7f734c56b000-7f734c56c000 ---p 01209000 00:33 8596472651                 /sfs/gpfs/tardis/applications/202512/software/standard/core/java/17/lib/server/libjvm.so
7f734c56c000-7f734c625000 r--p 01209000 00:33 8596472651                 /sfs/gpfs/tardis/applications/202512/software/standard/core/java/17/lib/server/libjvm.so
7f734c625000-7f734c65a000 rw-p 012c2000 00:33 8596472651                 /sfs/gpfs/tardis/applications/202512/software/standard/core/java/17/lib/server/libjvm.so
7f734c65a000-7f734c6b5000 rw-p 00000000 00:00 0 
7f734c6b5000-7f734c882000 r-xp 00000000 00:29 41352421                   /usr/lib64/libc-2.28.so
7f734c882000-7f734ca81000 ---p 001cd000 00:29 41352421                   /usr/lib64/libc-2.28.so
7f734ca81000-7f734ca85000 r--p 001cc000 00:29 41352421                   /usr/lib64/libc-2.28.so
7f734ca85000-7f734ca87000 rw-p 001d0000 00:29 41352421                   /usr/lib64/libc-2.28.so
7f734ca87000-7f734ca8b000 rw-p 00000000 00:00 0 
7f734ca8b000-7f734ca8e000 r-xp 00000000 00:29 41352530                   /usr/lib64/libdl-2.28.so
7f734ca8e000-7f734cc8d000 ---p 00003000 00:29 41352530                   /usr/lib64/libdl-2.28.so
7f734cc8d000-7f734cc8e000 r--p 00002000 00:29 41352530                   /usr/lib64/libdl-2.28.so
7f734cc8e000-7f734cc8f000 rw-p 00003000 00:29 41352530                   /usr/lib64/libdl-2.28.so
7f734cc8f000-7f734ccaa000 r-xp 00000000 00:29 41353149                   /usr/lib64/libpthread-2.28.so
7f734ccaa000-7f734cea9000 ---p 0001b000 00:29 41353149                   /usr/lib64/libpthread-2.28.so
7f734cea9000-7f734ceaa000 r--p 0001a000 00:29 41353149                   /usr/lib64/libpthread-2.28.so
7f734ceaa000-7f734ceab000 rw-p 0001b000 00:29 41353149                   /usr/lib64/libpthread-2.28.so
7f734ceab000-7f734ceaf000 rw-p 00000000 00:00 0 
7f734ceaf000-7f734cede000 r-xp 00000000 00:29 41352045                   /usr/lib64/ld-2.28.so
7f734cee2000-7f734cee3000 r--p 00000000 00:33 8596472606                 /sfs/gpfs/tardis/applications/202512/software/standard/core/java/17/lib/libextnet.so
7f734cee3000-7f734cee4000 r-xp 00001000 00:33 8596472606                 /sfs/gpfs/tardis/applications/202512/software/standard/core/java/17/lib/libextnet.so
7f734cee4000-7f734cee5000 r--p 00002000 00:33 8596472606                 /sfs/gpfs/tardis/applications/202512/software/standard/core/java/17/lib/libextnet.so
7f734cee5000-7f734cee6000 r--p 00002000 00:33 8596472606                 /sfs/gpfs/tardis/applications/202512/software/standard/core/java/17/lib/libextnet.so
7f734cee6000-7f734cee7000 rw-p 00003000 00:33 8596472606                 /sfs/gpfs/tardis/applications/202512/software/standard/core/java/17/lib/libextnet.so
7f734cee7000-7f734ceed000 rw-p 00000000 00:00 0 
7f734ceed000-7f734cef6000 ---p 00000000 00:00 0 
7f734cef6000-7f734cef7000 r--s 00000000 203:97233 4334508089525993473    /sfs/weka/scratch/wxw9rr/tmp/pitest-agent4297895672587801351.jar
7f734cef7000-7f734ceff000 rw-s 00000000 00:2d 86419977                   /tmp/hsperfdata_wxw9rr/709146
7f734ceff000-7f734cf52000 r--p 00000000 00:29 42289927                   /usr/lib/locale/C.utf8/LC_CTYPE
7f734cf52000-7f734cf53000 r--p 00000000 00:29 42290264                   /usr/lib/locale/en_US.utf8/LC_NUMERIC
7f734cf53000-7f734cf54000 r--p 00000000 00:29 42290267                   /usr/lib/locale/en_US.utf8/LC_TIME
7f734cf54000-7f734cf55000 r--p 00000000 00:29 42290262                   /usr/lib/locale/en_US.utf8/LC_MONETARY
7f734cf55000-7f734cf56000 r--p 00000000 00:29 42290268                   /usr/lib/locale/en_US.utf8/LC_MESSAGES/SYS_LC_MESSAGES
7f734cf56000-7f734cf57000 r--p 00000000 00:29 42290265                   /usr/lib/locale/en_US.utf8/LC_PAPER
7f734cf57000-7f734cf5e000 r--s 00000000 00:29 41660342                   /usr/lib64/gconv/gconv-modules.cache
7f734cf5e000-7f734cf6c000 r--p 00000000 00:33 8596472613                 /sfs/gpfs/tardis/applications/202512/software/standard/core/java/17/lib/libjava.so
7f734cf6c000-7f734cf7e000 r-xp 0000e000 00:33 8596472613                 /sfs/gpfs/tardis/applications/202512/software/standard/core/java/17/lib/libjava.so
7f734cf7e000-7f734cf84000 r--p 00020000 00:33 8596472613                 /sfs/gpfs/tardis/applications/202512/software/standard/core/java/17/lib/libjava.so
7f734cf84000-7f734cf85000 ---p 00026000 00:33 8596472613                 /sfs/gpfs/tardis/applications/202512/software/standard/core/java/17/lib/libjava.so
7f734cf85000-7f734cf86000 r--p 00026000 00:33 8596472613                 /sfs/gpfs/tardis/applications/202512/software/standard/core/java/17/lib/libjava.so
7f734cf86000-7f734cf87000 rw-p 00027000 00:33 8596472613                 /sfs/gpfs/tardis/applications/202512/software/standard/core/java/17/lib/libjava.so
7f734cf87000-7f734cf88000 rw-p 00000000 00:00 0 
7f734cf88000-7f734cf8c000 r--p 00000000 00:33 8596472617                 /sfs/gpfs/tardis/applications/202512/software/standard/core/java/17/lib/libjimage.so
7f734cf8c000-7f734cf9f000 r-xp 00004000 00:33 8596472617                 /sfs/gpfs/tardis/applications/202512/software/standard/core/java/17/lib/libjimage.so
7f734cf9f000-7f734cfa5000 r--p 00017000 00:33 8596472617                 /sfs/gpfs/tardis/applications/202512/software/standard/core/java/17/lib/libjimage.so
7f734cfa5000-7f734cfa7000 r--p 0001c000 00:33 8596472617                 /sfs/gpfs/tardis/applications/202512/software/standard/core/java/17/lib/libjimage.so
7f734cfa7000-7f734cfa8000 rw-p 0001e000 00:33 8596472617                 /sfs/gpfs/tardis/applications/202512/software/standard/core/java/17/lib/libjimage.so
7f734cfa8000-7f734cfac000 ---p 00000000 00:00 0 
7f734cfac000-7f734d0ab000 rw-p 00000000 00:00 0 
7f734d0ab000-7f734d0ac000 r--p 00000000 00:29 42290263                   /usr/lib/locale/en_US.utf8/LC_NAME
7f734d0ac000-7f734d0ad000 r--p 00000000 00:29 42290258                   /usr/lib/locale/en_US.utf8/LC_ADDRESS
7f734d0ad000-7f734d0ae000 r--p 00000000 00:29 42290266                   /usr/lib/locale/en_US.utf8/LC_TELEPHONE
7f734d0ae000-7f734d0af000 r--p 00000000 00:29 42290261                   /usr/lib/locale/en_US.utf8/LC_MEASUREMENT
7f734d0af000-7f734d0b0000 r--p 00000000 00:29 42290260                   /usr/lib/locale/en_US.utf8/LC_IDENTIFICATION
7f734d0b0000-7f734d0b2000 r--p 00000000 00:33 8596472608                 /sfs/gpfs/tardis/applications/202512/software/standard/core/java/17/lib/libinstrument.so
7f734d0b2000-7f734d0b8000 r-xp 00002000 00:33 8596472608                 /sfs/gpfs/tardis/applications/202512/software/standard/core/java/17/lib/libinstrument.so
7f734d0b8000-7f734d0bb000 r--p 00008000 00:33 8596472608                 /sfs/gpfs/tardis/applications/202512/software/standard/core/java/17/lib/libinstrument.so
7f734d0bb000-7f734d0bc000 r--p 0000a000 00:33 8596472608                 /sfs/gpfs/tardis/applications/202512/software/standard/core/java/17/lib/libinstrument.so
7f734d0bc000-7f734d0bd000 rw-p 0000b000 00:33 8596472608                 /sfs/gpfs/tardis/applications/202512/software/standard/core/java/17/lib/libinstrument.so
7f734d0bd000-7f734d0be000 ---p 00000000 00:00 0 
7f734d0be000-7f734d0bf000 r--p 00000000 00:00 0 
7f734d0bf000-7f734d0c0000 ---p 00000000 00:00 0 
7f734d0c0000-7f734d0c3000 r--p 00000000 00:33 8596472618                 /sfs/gpfs/tardis/applications/202512/software/standard/core/java/17/lib/libjli.so
7f734d0c3000-7f734d0d3000 r-xp 00003000 00:33 8596472618                 /sfs/gpfs/tardis/applications/202512/software/standard/core/java/17/lib/libjli.so
7f734d0d3000-7f734d0da000 r--p 00013000 00:33 8596472618                 /sfs/gpfs/tardis/applications/202512/software/standard/core/java/17/lib/libjli.so
7f734d0da000-7f734d0db000 r--p 00019000 00:33 8596472618                 /sfs/gpfs/tardis/applications/202512/software/standard/core/java/17/lib/libjli.so
7f734d0db000-7f734d0dc000 rw-p 0001a000 00:33 8596472618                 /sfs/gpfs/tardis/applications/202512/software/standard/core/java/17/lib/libjli.so
7f734d0dc000-7f734d0de000 rw-p 00000000 00:00 0 
7f734d0de000-7f734d0df000 r--p 0002f000 00:29 41352045                   /usr/lib64/ld-2.28.so
7f734d0df000-7f734d0e1000 rw-p 00030000 00:29 41352045                   /usr/lib64/ld-2.28.so
7ffcd6422000-7ffcd6447000 rw-p 00000000 00:00 0                          [stack]
7ffcd64ae000-7ffcd64b2000 r--p 00000000 00:00 0                          [vvar]
7ffcd64b2000-7ffcd64b4000 r-xp 00000000 00:00 0                          [vdso]
ffffffffff600000-ffffffffff601000 r-xp 00000000 00:00 0                  [vsyscall]


VM Arguments:
jvm_args: -Dclassworlds.conf=/apps/software/standard/core/maven/3.9.0/bin/m2.conf -Dmaven.home=/apps/software/standard/core/maven/3.9.0 -Dlibrary.jansi.path=/apps/software/standard/core/maven/3.9.0/lib/jansi-native -Dmaven.multiModuleProjectDirectory=/scratch/wxw9rr/artifact/RQ3/OE25-DEV/commons-beanutils-1.9.4 -Djava.io.tmpdir=/sfs/weka/scratch/wxw9rr/tmp -javaagent:/sfs/weka/scratch/wxw9rr/tmp/pitest-agent4297895672587801351.jar -ea -Djava.awt.headless=true -XX:+UseG1GC -Djava.io.tmpdir=/sfs/weka/scratch/wxw9rr/tmp 
java_command: org.pitest.mutationtest.execute.MutationTestMinion 34283
java_class_path (initial): /sfs/weka/scratch/wxw9rr/artifact/RQ3/OE25-DEV/commons-beanutils-1.9.4/target/test-classes:/sfs/weka/scratch/wxw9rr/artifact/RQ3/OE25-DEV/commons-beanutils-1.9.4/target/classes:/home/wxw9rr/.m2/repository/commons-logging/commons-logging/1.2/commons-logging-1.2.jar:/home/wxw9rr/.m2/repository/commons-collections/commons-collections/3.2.2/commons-collections-3.2.2.jar:/home/wxw9rr/.m2/repository/commons-collections/commons-collections-testframework/3.2.1/commons-collections-testframework-3.2.1.jar:/home/wxw9rr/.m2/repository/junit/junit/4.12/junit-4.12.jar:/home/wxw9rr/.m2/repository/org/hamcrest/hamcrest-core/1.3/hamcrest-core-1.3.jar:/home/wxw9rr/.m2/repository/org/pitest/pitest/1.22.0/pitest-1.22.0.jar
Launcher Type: SUN_STANDARD

[Global flags]
     intx CICompilerCount                          = 12                                        {product} {ergonomic}
     uint ConcGCThreads                            = 5                                         {product} {ergonomic}
     uint G1ConcRefinementThreads                  = 18                                        {product} {ergonomic}
   size_t G1HeapRegionSize                         = 16777216                                  {product} {ergonomic}
    uintx GCDrainStackTargetSize                   = 64                                        {product} {ergonomic}
   size_t InitialHeapSize                          = 2147483648                                {product} {ergonomic}
   size_t MarkStackSize                            = 4194304                                   {product} {ergonomic}
   size_t MaxHeapSize                              = 32178700288                               {product} {ergonomic}
   size_t MaxNewSize                               = 19293798400                               {product} {ergonomic}
   size_t MinHeapDeltaBytes                        = 16777216                                  {product} {ergonomic}
   size_t MinHeapSize                              = 16777216                                  {product} {ergonomic}
    uintx NonNMethodCodeHeapSize                   = 7602480                                {pd product} {ergonomic}
    uintx NonProfiledCodeHeapSize                  = 122027880                              {pd product} {ergonomic}
    uintx ProfiledCodeHeapSize                     = 122027880                              {pd product} {ergonomic}
    uintx ReservedCodeCacheSize                    = 251658240                              {pd product} {ergonomic}
     bool SegmentedCodeCache                       = true                                      {product} {ergonomic}
   size_t SoftMaxHeapSize                          = 32178700288                            {manageable} {ergonomic}
     bool UseCompressedClassPointers               = true                           {product lp64_product} {ergonomic}
     bool UseCompressedOops                        = true                           {product lp64_product} {ergonomic}
     bool UseG1GC                                  = true                                      {product} {command line}

Logging:
Log output configuration:
 #0: stdout all=warning uptime,level,tags
 #1: stderr all=off uptime,level,tags

Environment Variables:
JAVA_HOME=/apps/software/standard/core/java/17
_JAVA_OPTIONS=-Djava.io.tmpdir=/sfs/weka/scratch/wxw9rr/tmp
PATH=/apps/software/standard/core/java/17:/apps/software/standard/core/java/17/bin:/apps/software/standard/core/maven/3.9.0:/apps/software/standard/core/maven/3.9.0/bin:/home/wxw9rr/.local/bin:/opt/mam/9.1.2/bin:/sfs/gpfs/tardis/applications/202512/software/standard/core/code-server/4.99.1/lib/vscode/bin/remote-cli:/apps/software/standard/core/code-server/4.99.1/bin:/apps/software/standard/core/miniforge/24.3.0-py3.11:/apps/software/standard/core/miniforge/24.3.0-py3.11/sbin:/apps/software/standard/core/miniforge/24.3.0-py3.11/bin:/sfs/gpfs/tardis/home/wxw9rr/miniforge3/bin:/sfs/gpfs/tardis/home/wxw9rr/miniforge3/condabin:/usr/local/bin:/usr/bin:/usr/local/sbin:/usr/sbin:/opt/slurm/current/bin:/opt/rci/bin:/share/resources/HPCtools:/opt/mam/current/bin:/opt/apptainer/current/bin:/sfs/gpfs/tardis/home/wxw9rr/.local/bin
LD_LIBRARY_PATH=/apps/software/standard/core/java/17/lib:/apps/software/standard/core/maven/3.9.0/lib:/opt/slurm/current/lib
SHELL=/bin/bash
LANG=en_US.UTF-8
TERM=xterm-256color
TMPDIR=/sfs/weka/scratch/wxw9rr/tmp
TMP=/sfs/weka/scratch/wxw9rr/tmp
TEMP=/sfs/weka/scratch/wxw9rr/tmp

Active Locale:
LC_ALL=en_US.UTF-8
LC_COLLATE=en_US.UTF-8
LC_CTYPE=en_US.UTF-8
LC_MESSAGES=en_US.UTF-8
LC_MONETARY=en_US.UTF-8
LC_NUMERIC=en_US.UTF-8
LC_TIME=en_US.UTF-8

Signal Handlers:
   SIGSEGV: crash_handler in libjvm.so, mask=11100100010111111101111111111110, flags=SA_RESTART|SA_SIGINFO, unblocked
    SIGBUS: crash_handler in libjvm.so, mask=11100100010111111101111111111110, flags=SA_RESTART|SA_SIGINFO, unblocked
    SIGFPE: crash_handler in libjvm.so, mask=11100100010111111101111111111110, flags=SA_RESTART|SA_SIGINFO, unblocked
   SIGPIPE: javaSignalHandler in libjvm.so, mask=11100100010111111101111111111110, flags=SA_RESTART|SA_SIGINFO, unblocked
   SIGXFSZ: javaSignalHandler in libjvm.so, mask=11100100010111111101111111111110, flags=SA_RESTART|SA_SIGINFO, unblocked
    SIGILL: crash_handler in libjvm.so, mask=11100100010111111101111111111110, flags=SA_RESTART|SA_SIGINFO, unblocked
   SIGUSR2: SR_handler in libjvm.so, mask=00100000000000000000000000000000, flags=SA_RESTART|SA_SIGINFO, unblocked
    SIGHUP: UserHandler in libjvm.so, mask=11100100010111111101111111111110, flags=SA_RESTART|SA_SIGINFO, unblocked
    SIGINT: UserHandler in libjvm.so, mask=11100100010111111101111111111110, flags=SA_RESTART|SA_SIGINFO, unblocked
   SIGTERM: UserHandler in libjvm.so, mask=11100100010111111101111111111110, flags=SA_RESTART|SA_SIGINFO, unblocked
   SIGQUIT: UserHandler in libjvm.so, mask=11100100010111111101111111111110, flags=SA_RESTART|SA_SIGINFO, blocked
   SIGTRAP: crash_handler in libjvm.so, mask=11100100010111111101111111111110, flags=SA_RESTART|SA_SIGINFO, unblocked


Periodic native trim disabled


---------------  S Y S T E M  ---------------

OS:
Rocky Linux release 8.10 (Green Obsidian)
uname: Linux 4.18.0-553.47.1.el8_10.x86_64 #1 SMP Thu Apr 3 14:27:08 UTC 2025 x86_64
OS uptime: 88 days 17:20 hours
libc: glibc 2.28 NPTL 2.28 
rlimit (soft/hard): STACK 8192k/infinity , CORE infinity/infinity , NPROC 3094208/3094208 , NOFILE 65536/65536 , AS infinity/infinity , CPU infinity/infinity , DATA infinity/infinity , FSIZE infinity/infinity , MEMLOCK infinity/infinity
load average: 111.03 98.78 71.27

/proc/meminfo:
MemTotal:       792160700 kB
MemFree:        121894664 kB
MemAvailable:   358746688 kB
Buffers:           28000 kB
Cached:         257949140 kB
SwapCached:            0 kB
Active:         92641356 kB
Inactive:       536683796 kB
Active(anon):    9117852 kB
Inactive(anon): 382354652 kB
Active(file):   83523504 kB
Inactive(file): 154329144 kB
Unevictable:    16958460 kB
Mlocked:        16958460 kB
SwapTotal:             0 kB
SwapFree:              0 kB
Dirty:                16 kB
Writeback:             0 kB
AnonPages:      388142852 kB
Mapped:          3398712 kB
Shmem:          19759472 kB
KReclaimable:    4102692 kB
Slab:            6624000 kB
SReclaimable:    4102692 kB
SUnreclaim:      2521308 kB
KernelStack:      108720 kB
PageTables:       985096 kB
NFS_Unstable:          0 kB
Bounce:                0 kB
WritebackTmp:          0 kB
CommitLimit:    772820100 kB
Committed_AS:   772526548 kB
VmallocTotal:   13743895347199 kB
VmallocUsed:     2469928 kB
VmallocChunk:          0 kB
Percpu:           909312 kB
HardwareCorrupted:     0 kB
AnonHugePages:  131375104 kB
ShmemHugePages:        0 kB
ShmemPmdMapped:        0 kB
FileHugePages:         0 kB
FilePmdMapped:         0 kB
HugePages_Total:    5632
HugePages_Free:        0
HugePages_Rsvd:        0
HugePages_Surp:        0
Hugepagesize:       2048 kB
Hugetlb:        11534336 kB
DirectMap4k:     1240012 kB
DirectMap2M:    201951232 kB
DirectMap1G:    602931200 kB

/sys/kernel/mm/transparent_hugepage/enabled: [always] madvise never
/sys/kernel/mm/transparent_hugepage/hpage_pmd_size: 2097152
/sys/kernel/mm/transparent_hugepage/defrag (defrag/compaction efforts parameter): always defer defer+madvise [madvise] never

Process Memory:
Virtual Size: 37276964K (peak: 37339900K)
Resident Set Size: 1371536K (peak: 1373556K) (anon: 1353612K, file: 17892K, shmem: 32K)
Swapped out: 0K
C-Heap outstanding allocations: 57010K, retained: 61729K
glibc malloc tunables: (default)

/proc/sys/kernel/threads-max (system-wide limit on the number of threads): 6188417
/proc/sys/vm/max_map_count (maximum number of memory map areas a process may have): 65530
/proc/sys/vm/swappiness (control to define how aggressively the kernel swaps out anonymous memory): 10
/proc/sys/kernel/pid_max (system-wide limit on number of process identifiers): 999999

container (cgroup) information:
container_type: cgroupv1
cpu_cpuset_cpus: 0-23
cpu_memory_nodes: 0-1
active_processor_count: 24
cpu_quota: no quota
cpu_period: 100000
cpu_shares: no shares
memory_limit_in_bytes: 536870912 k
memory_and_swap_limit_in_bytes: 536870912 k
memory_soft_limit_in_bytes: unlimited
memory_usage_in_bytes: 368621652 k
memory_max_usage_in_bytes: 441547720 k
kernel_memory_limit_in_bytes: unlimited
kernel_memory_usage_in_bytes: 2618272 k
kernel_memory_max_usage_in_bytes: 2744848 k
maximum number of tasks: unlimited
current number of tasks: 3808

Steal ticks since vm start: 0
Steal ticks percentage since vm start:  0.000

CPU: total 96 (initial active 24) (48 cores per cpu, 1 threads per core) family 25 model 17 stepping 1 microcode 0xa10113b, cx8, cmov, fxsr, mmx, 3dnowpref, sse, sse2, sse3, ssse3, sse4a, sse4.1, sse4.2, popcnt, lzcnt, tsc, tscinvbit, avx, avx2, aes, erms, clmul, bmi1, bmi2, adx, avx512f, avx512dq, avx512cd, avx512bw, avx512vl, sha, fma, vzeroupper, avx512_vpopcntdq, avx512_vpclmulqdq, avx512_vaes, avx512_vnni, clflush, clflushopt, avx512_vbmi2, avx512_vbmi
CPU Model and flags from /proc/cpuinfo:
model name	: AMD EPYC 9454 48-Core Processor
flags		: fpu vme de pse tsc msr pae mce cx8 apic sep mtrr pge mca cmov pat pse36 clflush mmx fxsr sse sse2 ht syscall nx mmxext fxsr_opt pdpe1gb rdtscp lm constant_tsc rep_good amd_lbr_v2 nopl nonstop_tsc cpuid extd_apicid aperfmperf pni pclmulqdq monitor ssse3 fma cx16 pcid sse4_1 sse4_2 x2apic movbe popcnt aes xsave avx f16c rdrand lahf_lm cmp_legacy svm extapic cr8_legacy abm sse4a misalignsse 3dnowprefetch osvw ibs skinit wdt tce topoext perfctr_core perfctr_nb bpext perfctr_llc mwaitx cpb cat_l3 cdp_l3 invpcid_single hw_pstate ssbd mba perfmon_v2 ibrs ibpb stibp ibrs_enhanced vmmcall fsgsbase bmi1 avx2 smep bmi2 erms invpcid cqm rdt_a avx512f avx512dq rdseed adx smap avx512ifma clflushopt clwb avx512cd sha_ni avx512bw avx512vl xsaveopt xsavec xgetbv1 xsaves cqm_llc cqm_occup_llc cqm_mbm_total cqm_mbm_local avx512_bf16 clzero irperf xsaveerptr wbnoinvd amd_ppin cppc arat npt lbrv svm_lock nrip_save tsc_scale vmcb_clean flushbyasid decodeassists pausefilter pfthreshold avic v_vmsave_vmload vgif x2avic v_spec_ctrl avx512vbmi umip pku ospke avx512_vbmi2 gfni vaes vpclmulqdq avx512_vnni avx512_bitalg avx512_vpopcntdq la57 rdpid overflow_recov succor smca fsrm flush_l1d

Online cpus: 0-95
Offline cpus: 96-511
BIOS frequency limitation: 2750000
Frequency switch latency (ns): 0
Available cpu frequencies: 2750000 2100000 1500000 
Current governor: performance
Core performance/turbo boost: 1

Memory: 4k page, physical 536870912k(168262484k free), swap 0k(0k free)
Page Sizes: 4k

vm_info: OpenJDK 64-Bit Server VM (17.0.15+6) for linux-amd64 JRE (17.0.15+6), built on Apr 15 2025 00:00:00 by "admin" with gcc 10.3.0

END.
