[INFO] Scanning for projects...
[INFO] 
[INFO] ----------------< commons-beanutils:commons-beanutils >-----------------
[INFO] Building Apache Commons BeanUtils 1.9.4
[INFO] --------------------------------[ jar ]---------------------------------
[WARNING] The POM for commons-collections:commons-collections-testframework:jar:3.2.1 is missing, no dependency information available
[INFO] 
[INFO] --- maven-enforcer-plugin:3.0.0-M2:enforce (enforce-maven-version) @ commons-beanutils ---
[INFO] 
[INFO] --- maven-enforcer-plugin:3.0.0-M2:enforce (enforce-maven-3) @ commons-beanutils ---
[INFO] 
[INFO] --- build-helper-maven-plugin:3.0.0:parse-version (parse-version) @ commons-beanutils ---
[INFO] 
[INFO] --- maven-antrun-plugin:1.8:run (javadoc.resources) @ commons-beanutils ---
[INFO] Executing tasks

main:
     [copy] Copying 2 files to /home/tasfia/Desktop/OE25-DEV/projects_decomposed/commons-beanutils-1.9.4/target/apidocs/META-INF
[INFO] Executed tasks
[INFO] 
[INFO] --- maven-remote-resources-plugin:1.5:process (process-resource-bundles) @ commons-beanutils ---
[INFO] 
[INFO] --- buildnumber-maven-plugin:1.4:create (default) @ commons-beanutils ---
[INFO] Executing: /bin/sh -c cd '/home/tasfia/Desktop/OE25-DEV/projects_decomposed/commons-beanutils-1.9.4' && 'svn' '--non-interactive' 'info'
[INFO] Working directory: /home/tasfia/Desktop/OE25-DEV/projects_decomposed/commons-beanutils-1.9.4
[WARNING] Cannot get the revision information from the scm repository, proceeding with revision of ?????? : 
Exception while executing SCM command.
[INFO] Storing buildNumber: ?????? at timestamp: 1769066373759
[INFO] Executing: /bin/sh -c cd '/home/tasfia/Desktop/OE25-DEV/projects_decomposed/commons-beanutils-1.9.4' && 'svn' '--non-interactive' 'info'
[INFO] Working directory: /home/tasfia/Desktop/OE25-DEV/projects_decomposed/commons-beanutils-1.9.4
[WARNING] Cannot get the branch information from the scm repository, proceeding with UNKNOWN_BRANCH : 
Exception while executing SCM command.
[INFO] Storing buildScmBranch: UNKNOWN_BRANCH
[INFO] 
[INFO] --- maven-resources-plugin:3.0.2:resources (default-resources) @ commons-beanutils ---
[INFO] Using 'iso-8859-1' encoding to copy filtered resources.
[INFO] skip non existing resourceDirectory /home/tasfia/Desktop/OE25-DEV/projects_decomposed/commons-beanutils-1.9.4/src/main/resources
[INFO] Copying 2 resources to META-INF
[INFO] 
[INFO] --- maven-compiler-plugin:3.7.0:compile (default-compile) @ commons-beanutils ---
[INFO] Changes detected - recompiling the module!
[INFO] Compiling 111 source files to /home/tasfia/Desktop/OE25-DEV/projects_decomposed/commons-beanutils-1.9.4/target/classes
[INFO] /home/tasfia/Desktop/OE25-DEV/projects_decomposed/commons-beanutils-1.9.4/src/main/java/org/apache/commons/beanutils/BeanUtilsBean.java: Some input files use or override a deprecated API.
[INFO] /home/tasfia/Desktop/OE25-DEV/projects_decomposed/commons-beanutils-1.9.4/src/main/java/org/apache/commons/beanutils/BeanUtilsBean.java: Recompile with -Xlint:deprecation for details.
[INFO] /home/tasfia/Desktop/OE25-DEV/projects_decomposed/commons-beanutils-1.9.4/src/main/java/org/apache/commons/beanutils/BasicDynaBean.java: Some input files use or override a deprecated API that is marked for removal.
[INFO] /home/tasfia/Desktop/OE25-DEV/projects_decomposed/commons-beanutils-1.9.4/src/main/java/org/apache/commons/beanutils/BasicDynaBean.java: Recompile with -Xlint:removal for details.
[INFO] /home/tasfia/Desktop/OE25-DEV/projects_decomposed/commons-beanutils-1.9.4/src/main/java/org/apache/commons/beanutils/converters/AbstractArrayConverter.java: Some input files use unchecked or unsafe operations.
[INFO] /home/tasfia/Desktop/OE25-DEV/projects_decomposed/commons-beanutils-1.9.4/src/main/java/org/apache/commons/beanutils/converters/AbstractArrayConverter.java: Recompile with -Xlint:unchecked for details.
[INFO] 
[INFO] --- maven-bundle-plugin:3.5.0:manifest (bundle-manifest) @ commons-beanutils ---
[INFO] 
[INFO] --- animal-sniffer-maven-plugin:1.16:check (checkAPIcompatibility) @ commons-beanutils ---
[INFO] Checking unresolved references to org.codehaus.mojo.signature:java18:1.0
[INFO] 
[INFO] --- maven-resources-plugin:3.0.2:testResources (default-testResources) @ commons-beanutils ---
[INFO] Using 'iso-8859-1' encoding to copy filtered resources.
[INFO] skip non existing resourceDirectory /home/tasfia/Desktop/OE25-DEV/projects_decomposed/commons-beanutils-1.9.4/src/test/resources
[INFO] Copying 2 resources to META-INF
[INFO] 
[INFO] --- maven-compiler-plugin:3.7.0:testCompile (default-testCompile) @ commons-beanutils ---
[INFO] Changes detected - recompiling the module!
[INFO] Compiling 225 source files to /home/tasfia/Desktop/OE25-DEV/projects_decomposed/commons-beanutils-1.9.4/target/test-classes
[INFO] /home/tasfia/Desktop/OE25-DEV/projects_decomposed/commons-beanutils-1.9.4/src/test/java/org/apache/commons/beanutils/converters/BooleanConverterTestCase.java: Some input files use or override a deprecated API.
[INFO] /home/tasfia/Desktop/OE25-DEV/projects_decomposed/commons-beanutils-1.9.4/src/test/java/org/apache/commons/beanutils/converters/BooleanConverterTestCase.java: Recompile with -Xlint:deprecation for details.
[INFO] /home/tasfia/Desktop/OE25-DEV/projects_decomposed/commons-beanutils-1.9.4/src/test/java/org/apache/commons/beanutils/BeanificationTestCase.java: Some input files use or override a deprecated API that is marked for removal.
[INFO] /home/tasfia/Desktop/OE25-DEV/projects_decomposed/commons-beanutils-1.9.4/src/test/java/org/apache/commons/beanutils/BeanificationTestCase.java: Recompile with -Xlint:removal for details.
[INFO] /home/tasfia/Desktop/OE25-DEV/projects_decomposed/commons-beanutils-1.9.4/src/test/java/org/apache/commons/beanutils/BeanMapTestCase.java: Some input files use unchecked or unsafe operations.
[INFO] /home/tasfia/Desktop/OE25-DEV/projects_decomposed/commons-beanutils-1.9.4/src/test/java/org/apache/commons/beanutils/BeanMapTestCase.java: Recompile with -Xlint:unchecked for details.
[INFO] -------------------------------------------------------------
[ERROR] COMPILATION ERROR : 
[INFO] -------------------------------------------------------------
[ERROR] /home/tasfia/Desktop/OE25-DEV/projects_decomposed/commons-beanutils-1.9.4/src/test/java/org/apache/commons/beanutils/BeanUtilsTestCase_OE25Dev.java:[3242,54] unreported exception java.lang.reflect.InvocationTargetException; must be caught or declared to be thrown
[ERROR] /home/tasfia/Desktop/OE25-DEV/projects_decomposed/commons-beanutils-1.9.4/src/test/java/org/apache/commons/beanutils/BeanUtilsTestCase_OE25Dev.java:[3247,45] unreported exception java.lang.reflect.InvocationTargetException; must be caught or declared to be thrown
[ERROR] /home/tasfia/Desktop/OE25-DEV/projects_decomposed/commons-beanutils-1.9.4/src/test/java/org/apache/commons/beanutils/BeanUtilsTestCase_OE25Dev.java:[3254,45] unreported exception java.lang.reflect.InvocationTargetException; must be caught or declared to be thrown
[ERROR] /home/tasfia/Desktop/OE25-DEV/projects_decomposed/commons-beanutils-1.9.4/src/test/java/org/apache/commons/beanutils/BeanUtilsTestCase_OE25Dev.java:[3262,45] unreported exception java.lang.reflect.InvocationTargetException; must be caught or declared to be thrown
[ERROR] /home/tasfia/Desktop/OE25-DEV/projects_decomposed/commons-beanutils-1.9.4/src/test/java/org/apache/commons/beanutils/BeanUtilsTestCase_OE25Dev.java:[3273,54] unreported exception java.lang.NoSuchMethodException; must be caught or declared to be thrown
[ERROR] /home/tasfia/Desktop/OE25-DEV/projects_decomposed/commons-beanutils-1.9.4/src/test/java/org/apache/commons/beanutils/BeanUtilsTestCase_OE25Dev.java:[3278,45] unreported exception java.lang.NoSuchMethodException; must be caught or declared to be thrown
[ERROR] /home/tasfia/Desktop/OE25-DEV/projects_decomposed/commons-beanutils-1.9.4/src/test/java/org/apache/commons/beanutils/BeanUtilsTestCase_OE25Dev.java:[3285,45] unreported exception java.lang.NoSuchMethodException; must be caught or declared to be thrown
[ERROR] /home/tasfia/Desktop/OE25-DEV/projects_decomposed/commons-beanutils-1.9.4/src/test/java/org/apache/commons/beanutils/BeanUtilsTestCase_OE25Dev.java:[3293,45] unreported exception java.lang.NoSuchMethodException; must be caught or declared to be thrown
[ERROR] /home/tasfia/Desktop/OE25-DEV/projects_decomposed/commons-beanutils-1.9.4/src/test/java/org/apache/commons/beanutils/BeanUtilsTestCase_OE25Dev.java:[3374,54] unreported exception java.lang.reflect.InvocationTargetException; must be caught or declared to be thrown
[ERROR] /home/tasfia/Desktop/OE25-DEV/projects_decomposed/commons-beanutils-1.9.4/src/test/java/org/apache/commons/beanutils/BeanUtilsTestCase_OE25Dev.java:[3378,47] unreported exception java.lang.reflect.InvocationTargetException; must be caught or declared to be thrown
[ERROR] /home/tasfia/Desktop/OE25-DEV/projects_decomposed/commons-beanutils-1.9.4/src/test/java/org/apache/commons/beanutils/BeanUtilsTestCase_OE25Dev.java:[3388,54] unreported exception java.lang.NoSuchMethodException; must be caught or declared to be thrown
[ERROR] /home/tasfia/Desktop/OE25-DEV/projects_decomposed/commons-beanutils-1.9.4/src/test/java/org/apache/commons/beanutils/BeanUtilsTestCase_OE25Dev.java:[3392,47] unreported exception java.lang.NoSuchMethodException; must be caught or declared to be thrown
[ERROR] /home/tasfia/Desktop/OE25-DEV/projects_decomposed/commons-beanutils-1.9.4/src/test/java/org/apache/commons/beanutils/BeanUtilsTestCase_OE25Dev.java:[3443,54] unreported exception java.lang.reflect.InvocationTargetException; must be caught or declared to be thrown
[ERROR] /home/tasfia/Desktop/OE25-DEV/projects_decomposed/commons-beanutils-1.9.4/src/test/java/org/apache/commons/beanutils/BeanUtilsTestCase_OE25Dev.java:[3448,47] unreported exception java.lang.reflect.InvocationTargetException; must be caught or declared to be thrown
[ERROR] /home/tasfia/Desktop/OE25-DEV/projects_decomposed/commons-beanutils-1.9.4/src/test/java/org/apache/commons/beanutils/BeanUtilsTestCase_OE25Dev.java:[3460,54] unreported exception java.lang.NoSuchMethodException; must be caught or declared to be thrown
[ERROR] /home/tasfia/Desktop/OE25-DEV/projects_decomposed/commons-beanutils-1.9.4/src/test/java/org/apache/commons/beanutils/BeanUtilsTestCase_OE25Dev.java:[3465,47] unreported exception java.lang.NoSuchMethodException; must be caught or declared to be thrown
[ERROR] /home/tasfia/Desktop/OE25-DEV/projects_decomposed/commons-beanutils-1.9.4/src/test/java/org/apache/commons/beanutils/BeanUtilsTestCase_OE25Dev.java:[3500,59] unreported exception java.lang.reflect.InvocationTargetException; must be caught or declared to be thrown
[ERROR] /home/tasfia/Desktop/OE25-DEV/projects_decomposed/commons-beanutils-1.9.4/src/test/java/org/apache/commons/beanutils/BeanUtilsTestCase_OE25Dev.java:[3510,59] unreported exception java.lang.NoSuchMethodException; must be caught or declared to be thrown
[ERROR] /home/tasfia/Desktop/OE25-DEV/projects_decomposed/commons-beanutils-1.9.4/src/test/java/org/apache/commons/beanutils/BeanUtilsTestCase_OE25Dev.java:[3536,53] unreported exception java.lang.reflect.InvocationTargetException; must be caught or declared to be thrown
[ERROR] /home/tasfia/Desktop/OE25-DEV/projects_decomposed/commons-beanutils-1.9.4/src/test/java/org/apache/commons/beanutils/BeanUtilsTestCase_OE25Dev.java:[3547,53] unreported exception java.lang.NoSuchMethodException; must be caught or declared to be thrown
[ERROR] /home/tasfia/Desktop/OE25-DEV/projects_decomposed/commons-beanutils-1.9.4/src/test/java/org/apache/commons/beanutils/BeanUtilsTestCase_OE25Dev.java:[3575,59] unreported exception java.lang.reflect.InvocationTargetException; must be caught or declared to be thrown
[ERROR] /home/tasfia/Desktop/OE25-DEV/projects_decomposed/commons-beanutils-1.9.4/src/test/java/org/apache/commons/beanutils/BeanUtilsTestCase_OE25Dev.java:[3586,59] unreported exception java.lang.NoSuchMethodException; must be caught or declared to be thrown
[ERROR] /home/tasfia/Desktop/OE25-DEV/projects_decomposed/commons-beanutils-1.9.4/src/test/java/org/apache/commons/beanutils/BeanUtilsTestCase_OE25Dev.java:[3642,31] unreported exception java.lang.reflect.InvocationTargetException; must be caught or declared to be thrown
[ERROR] /home/tasfia/Desktop/OE25-DEV/projects_decomposed/commons-beanutils-1.9.4/src/test/java/org/apache/commons/beanutils/BeanUtilsTestCase_OE25Dev.java:[3654,31] unreported exception java.lang.reflect.InvocationTargetException; must be caught or declared to be thrown
[ERROR] /home/tasfia/Desktop/OE25-DEV/projects_decomposed/commons-beanutils-1.9.4/src/test/java/org/apache/commons/beanutils/BeanUtilsTestCase_OE25Dev.java:[3714,31] unreported exception java.lang.reflect.InvocationTargetException; must be caught or declared to be thrown
[ERROR] /home/tasfia/Desktop/OE25-DEV/projects_decomposed/commons-beanutils-1.9.4/src/test/java/org/apache/commons/beanutils/BeanUtilsTestCase_OE25Dev.java:[3773,31] unreported exception java.lang.reflect.InvocationTargetException; must be caught or declared to be thrown
[ERROR] /home/tasfia/Desktop/OE25-DEV/projects_decomposed/commons-beanutils-1.9.4/src/test/java/org/apache/commons/beanutils/BeanUtilsTestCase_OE25Dev.java:[3822,31] unreported exception java.lang.reflect.InvocationTargetException; must be caught or declared to be thrown
[ERROR] /home/tasfia/Desktop/OE25-DEV/projects_decomposed/commons-beanutils-1.9.4/src/test/java/org/apache/commons/beanutils/BeanUtilsTestCase_OE25Dev.java:[3893,31] unreported exception java.lang.reflect.InvocationTargetException; must be caught or declared to be thrown
[INFO] 28 errors 
[INFO] -------------------------------------------------------------
[INFO] ------------------------------------------------------------------------
[INFO] BUILD FAILURE
[INFO] ------------------------------------------------------------------------
[INFO] Total time:  2.851 s
[INFO] Finished at: 2026-01-22T01:19:36-06:00
[INFO] ------------------------------------------------------------------------
[ERROR] Failed to execute goal org.apache.maven.plugins:maven-compiler-plugin:3.7.0:testCompile (default-testCompile) on project commons-beanutils: Compilation failure: Compilation failure: 
[ERROR] /home/tasfia/Desktop/OE25-DEV/projects_decomposed/commons-beanutils-1.9.4/src/test/java/org/apache/commons/beanutils/BeanUtilsTestCase_OE25Dev.java:[3242,54] unreported exception java.lang.reflect.InvocationTargetException; must be caught or declared to be thrown
[ERROR] /home/tasfia/Desktop/OE25-DEV/projects_decomposed/commons-beanutils-1.9.4/src/test/java/org/apache/commons/beanutils/BeanUtilsTestCase_OE25Dev.java:[3247,45] unreported exception java.lang.reflect.InvocationTargetException; must be caught or declared to be thrown
[ERROR] /home/tasfia/Desktop/OE25-DEV/projects_decomposed/commons-beanutils-1.9.4/src/test/java/org/apache/commons/beanutils/BeanUtilsTestCase_OE25Dev.java:[3254,45] unreported exception java.lang.reflect.InvocationTargetException; must be caught or declared to be thrown
[ERROR] /home/tasfia/Desktop/OE25-DEV/projects_decomposed/commons-beanutils-1.9.4/src/test/java/org/apache/commons/beanutils/BeanUtilsTestCase_OE25Dev.java:[3262,45] unreported exception java.lang.reflect.InvocationTargetException; must be caught or declared to be thrown
[ERROR] /home/tasfia/Desktop/OE25-DEV/projects_decomposed/commons-beanutils-1.9.4/src/test/java/org/apache/commons/beanutils/BeanUtilsTestCase_OE25Dev.java:[3273,54] unreported exception java.lang.NoSuchMethodException; must be caught or declared to be thrown
[ERROR] /home/tasfia/Desktop/OE25-DEV/projects_decomposed/commons-beanutils-1.9.4/src/test/java/org/apache/commons/beanutils/BeanUtilsTestCase_OE25Dev.java:[3278,45] unreported exception java.lang.NoSuchMethodException; must be caught or declared to be thrown
[ERROR] /home/tasfia/Desktop/OE25-DEV/projects_decomposed/commons-beanutils-1.9.4/src/test/java/org/apache/commons/beanutils/BeanUtilsTestCase_OE25Dev.java:[3285,45] unreported exception java.lang.NoSuchMethodException; must be caught or declared to be thrown
[ERROR] /home/tasfia/Desktop/OE25-DEV/projects_decomposed/commons-beanutils-1.9.4/src/test/java/org/apache/commons/beanutils/BeanUtilsTestCase_OE25Dev.java:[3293,45] unreported exception java.lang.NoSuchMethodException; must be caught or declared to be thrown
[ERROR] /home/tasfia/Desktop/OE25-DEV/projects_decomposed/commons-beanutils-1.9.4/src/test/java/org/apache/commons/beanutils/BeanUtilsTestCase_OE25Dev.java:[3374,54] unreported exception java.lang.reflect.InvocationTargetException; must be caught or declared to be thrown
[ERROR] /home/tasfia/Desktop/OE25-DEV/projects_decomposed/commons-beanutils-1.9.4/src/test/java/org/apache/commons/beanutils/BeanUtilsTestCase_OE25Dev.java:[3378,47] unreported exception java.lang.reflect.InvocationTargetException; must be caught or declared to be thrown
[ERROR] /home/tasfia/Desktop/OE25-DEV/projects_decomposed/commons-beanutils-1.9.4/src/test/java/org/apache/commons/beanutils/BeanUtilsTestCase_OE25Dev.java:[3388,54] unreported exception java.lang.NoSuchMethodException; must be caught or declared to be thrown
[ERROR] /home/tasfia/Desktop/OE25-DEV/projects_decomposed/commons-beanutils-1.9.4/src/test/java/org/apache/commons/beanutils/BeanUtilsTestCase_OE25Dev.java:[3392,47] unreported exception java.lang.NoSuchMethodException; must be caught or declared to be thrown
[ERROR] /home/tasfia/Desktop/OE25-DEV/projects_decomposed/commons-beanutils-1.9.4/src/test/java/org/apache/commons/beanutils/BeanUtilsTestCase_OE25Dev.java:[3443,54] unreported exception java.lang.reflect.InvocationTargetException; must be caught or declared to be thrown
[ERROR] /home/tasfia/Desktop/OE25-DEV/projects_decomposed/commons-beanutils-1.9.4/src/test/java/org/apache/commons/beanutils/BeanUtilsTestCase_OE25Dev.java:[3448,47] unreported exception java.lang.reflect.InvocationTargetException; must be caught or declared to be thrown
[ERROR] /home/tasfia/Desktop/OE25-DEV/projects_decomposed/commons-beanutils-1.9.4/src/test/java/org/apache/commons/beanutils/BeanUtilsTestCase_OE25Dev.java:[3460,54] unreported exception java.lang.NoSuchMethodException; must be caught or declared to be thrown
[ERROR] /home/tasfia/Desktop/OE25-DEV/projects_decomposed/commons-beanutils-1.9.4/src/test/java/org/apache/commons/beanutils/BeanUtilsTestCase_OE25Dev.java:[3465,47] unreported exception java.lang.NoSuchMethodException; must be caught or declared to be thrown
[ERROR] /home/tasfia/Desktop/OE25-DEV/projects_decomposed/commons-beanutils-1.9.4/src/test/java/org/apache/commons/beanutils/BeanUtilsTestCase_OE25Dev.java:[3500,59] unreported exception java.lang.reflect.InvocationTargetException; must be caught or declared to be thrown
[ERROR] /home/tasfia/Desktop/OE25-DEV/projects_decomposed/commons-beanutils-1.9.4/src/test/java/org/apache/commons/beanutils/BeanUtilsTestCase_OE25Dev.java:[3510,59] unreported exception java.lang.NoSuchMethodException; must be caught or declared to be thrown
[ERROR] /home/tasfia/Desktop/OE25-DEV/projects_decomposed/commons-beanutils-1.9.4/src/test/java/org/apache/commons/beanutils/BeanUtilsTestCase_OE25Dev.java:[3536,53] unreported exception java.lang.reflect.InvocationTargetException; must be caught or declared to be thrown
[ERROR] /home/tasfia/Desktop/OE25-DEV/projects_decomposed/commons-beanutils-1.9.4/src/test/java/org/apache/commons/beanutils/BeanUtilsTestCase_OE25Dev.java:[3547,53] unreported exception java.lang.NoSuchMethodException; must be caught or declared to be thrown
[ERROR] /home/tasfia/Desktop/OE25-DEV/projects_decomposed/commons-beanutils-1.9.4/src/test/java/org/apache/commons/beanutils/BeanUtilsTestCase_OE25Dev.java:[3575,59] unreported exception java.lang.reflect.InvocationTargetException; must be caught or declared to be thrown
[ERROR] /home/tasfia/Desktop/OE25-DEV/projects_decomposed/commons-beanutils-1.9.4/src/test/java/org/apache/commons/beanutils/BeanUtilsTestCase_OE25Dev.java:[3586,59] unreported exception java.lang.NoSuchMethodException; must be caught or declared to be thrown
[ERROR] /home/tasfia/Desktop/OE25-DEV/projects_decomposed/commons-beanutils-1.9.4/src/test/java/org/apache/commons/beanutils/BeanUtilsTestCase_OE25Dev.java:[3642,31] unreported exception java.lang.reflect.InvocationTargetException; must be caught or declared to be thrown
[ERROR] /home/tasfia/Desktop/OE25-DEV/projects_decomposed/commons-beanutils-1.9.4/src/test/java/org/apache/commons/beanutils/BeanUtilsTestCase_OE25Dev.java:[3654,31] unreported exception java.lang.reflect.InvocationTargetException; must be caught or declared to be thrown
[ERROR] /home/tasfia/Desktop/OE25-DEV/projects_decomposed/commons-beanutils-1.9.4/src/test/java/org/apache/commons/beanutils/BeanUtilsTestCase_OE25Dev.java:[3714,31] unreported exception java.lang.reflect.InvocationTargetException; must be caught or declared to be thrown
[ERROR] /home/tasfia/Desktop/OE25-DEV/projects_decomposed/commons-beanutils-1.9.4/src/test/java/org/apache/commons/beanutils/BeanUtilsTestCase_OE25Dev.java:[3773,31] unreported exception java.lang.reflect.InvocationTargetException; must be caught or declared to be thrown
[ERROR] /home/tasfia/Desktop/OE25-DEV/projects_decomposed/commons-beanutils-1.9.4/src/test/java/org/apache/commons/beanutils/BeanUtilsTestCase_OE25Dev.java:[3822,31] unreported exception java.lang.reflect.InvocationTargetException; must be caught or declared to be thrown
[ERROR] /home/tasfia/Desktop/OE25-DEV/projects_decomposed/commons-beanutils-1.9.4/src/test/java/org/apache/commons/beanutils/BeanUtilsTestCase_OE25Dev.java:[3893,31] unreported exception java.lang.reflect.InvocationTargetException; must be caught or declared to be thrown
[ERROR] -> [Help 1]
[ERROR] 
[ERROR] To see the full stack trace of the errors, re-run Maven with the -e switch.
[ERROR] Re-run Maven using the -X switch to enable full debug logging.
[ERROR] 
[ERROR] For more information about the errors and possible solutions, please read the following articles:
[ERROR] [Help 1] http://cwiki.apache.org/confluence/display/MAVEN/MojoFailureException
