/sfs/weka/scratch/wxw9rr/artifact/RQ3/evosuite-artifacts/async-http-client/client/src/main/java/org/asynchttpclient/netty/request/body/NettyReactiveStreamsBody.java
/sfs/weka/scratch/wxw9rr/artifact/RQ3/evosuite-artifacts/async-http-client/client/src/main/java/org/asynchttpclient/util/Assertions.java
/sfs/weka/scratch/wxw9rr/artifact/RQ3/evosuite-artifacts/async-http-client/client/src/main/java/org/asynchttpclient/request/body/multipart/part/InputStreamMultipartPart.java
/sfs/weka/scratch/wxw9rr/artifact/RQ3/evosuite-artifacts/async-http-client/client/src/main/java/org/asynchttpclient/cookie/CookieEvictionTask.java
/sfs/weka/scratch/wxw9rr/artifact/RQ3/evosuite-artifacts/async-http-client/client/src/main/java/org/asynchttpclient/netty/handler/intercept/ResponseFiltersInterceptor.java
/sfs/weka/scratch/wxw9rr/artifact/RQ3/evosuite-artifacts/async-http-client/client/src/main/java/org/asynchttpclient/netty/request/NettyRequestSender.java
/sfs/weka/scratch/wxw9rr/artifact/RQ3/evosuite-artifacts/async-http-client/client/src/main/java/org/asynchttpclient/request/body/multipart/Part.java
/sfs/weka/scratch/wxw9rr/artifact/RQ3/evosuite-artifacts/async-http-client/client/src/main/java/org/asynchttpclient/handler/resumable/ResumableIOExceptionFilter.java
/sfs/weka/scratch/wxw9rr/artifact/RQ3/evosuite-artifacts/async-http-client/client/src/main/java/org/asynchttpclient/ws/WebSocket.java
/sfs/weka/scratch/wxw9rr/artifact/RQ3/evosuite-artifacts/async-http-client/client/src/main/java/org/asynchttpclient/DefaultRequest.java
/sfs/weka/scratch/wxw9rr/artifact/RQ3/evosuite-artifacts/async-http-client/client/src/main/java/org/asynchttpclient/netty/channel/TransportFactory.java
/sfs/weka/scratch/wxw9rr/artifact/RQ3/evosuite-artifacts/async-http-client/client/src/main/java/org/asynchttpclient/AsyncCompletionHandler.java
/sfs/weka/scratch/wxw9rr/artifact/RQ3/evosuite-artifacts/async-http-client/client/src/main/java/org/asynchttpclient/Realm.java
/sfs/weka/scratch/wxw9rr/artifact/RQ3/evosuite-artifacts/async-http-client/client/src/main/java/org/asynchttpclient/spnego/SpnegoTokenGenerator.java
/sfs/weka/scratch/wxw9rr/artifact/RQ3/evosuite-artifacts/async-http-client/client/src/main/java/org/asynchttpclient/netty/handler/intercept/Interceptors.java
/sfs/weka/scratch/wxw9rr/artifact/RQ3/evosuite-artifacts/async-http-client/client/src/main/java/org/asynchttpclient/exception/RemotelyClosedException.java
/sfs/weka/scratch/wxw9rr/artifact/RQ3/evosuite-artifacts/async-http-client/client/src/main/java/org/asynchttpclient/filter/IOExceptionFilter.java
/sfs/weka/scratch/wxw9rr/artifact/RQ3/evosuite-artifacts/async-http-client/client/src/main/java/org/asynchttpclient/util/HttpUtils.java
/sfs/weka/scratch/wxw9rr/artifact/RQ3/evosuite-artifacts/async-http-client/client/src/main/java/org/asynchttpclient/netty/SimpleChannelFutureListener.java
/sfs/weka/scratch/wxw9rr/artifact/RQ3/evosuite-artifacts/async-http-client/client/src/main/java/org/asynchttpclient/request/body/multipart/part/ByteArrayMultipartPart.java
/sfs/weka/scratch/wxw9rr/artifact/RQ3/evosuite-artifacts/async-http-client/client/src/main/java/org/asynchttpclient/channel/ChannelPoolPartitioning.java
/sfs/weka/scratch/wxw9rr/artifact/RQ3/evosuite-artifacts/async-http-client/client/src/main/java/org/asynchttpclient/netty/request/body/NettyBodyBody.java
/sfs/weka/scratch/wxw9rr/artifact/RQ3/evosuite-artifacts/async-http-client/client/src/main/java/org/asynchttpclient/oauth/ConsumerKey.java
/sfs/weka/scratch/wxw9rr/artifact/RQ3/evosuite-artifacts/async-http-client/client/src/main/java/org/asynchttpclient/handler/BodyDeferringAsyncHandler.java
/sfs/weka/scratch/wxw9rr/artifact/RQ3/evosuite-artifacts/async-http-client/client/src/main/java/org/asynchttpclient/handler/TransferCompletionHandler.java
/sfs/weka/scratch/wxw9rr/artifact/RQ3/evosuite-artifacts/async-http-client/client/src/main/java/org/asynchttpclient/request/body/multipart/InputStreamPart.java
/sfs/weka/scratch/wxw9rr/artifact/RQ3/evosuite-artifacts/async-http-client/client/src/main/java/org/asynchttpclient/request/body/multipart/FilePart.java
/sfs/weka/scratch/wxw9rr/artifact/RQ3/evosuite-artifacts/async-http-client/client/src/main/java/org/asynchttpclient/netty/ssl/JsseSslEngineFactory.java
/sfs/weka/scratch/wxw9rr/artifact/RQ3/evosuite-artifacts/async-http-client/client/src/main/java/org/asynchttpclient/netty/handler/intercept/ConnectSuccessInterceptor.java
/sfs/weka/scratch/wxw9rr/artifact/RQ3/evosuite-artifacts/async-http-client/client/src/main/java/org/asynchttpclient/util/StringUtils.java
/sfs/weka/scratch/wxw9rr/artifact/RQ3/evosuite-artifacts/async-http-client/client/src/main/java/org/asynchttpclient/util/MiscUtils.java
/sfs/weka/scratch/wxw9rr/artifact/RQ3/evosuite-artifacts/async-http-client/client/src/main/java/org/asynchttpclient/filter/RequestFilter.java
/sfs/weka/scratch/wxw9rr/artifact/RQ3/evosuite-artifacts/async-http-client/client/src/main/java/org/asynchttpclient/handler/MaxRedirectException.java
/sfs/weka/scratch/wxw9rr/artifact/RQ3/evosuite-artifacts/async-http-client/client/src/main/java/org/asynchttpclient/netty/timeout/RequestTimeoutTimerTask.java
/sfs/weka/scratch/wxw9rr/artifact/RQ3/evosuite-artifacts/async-http-client/client/src/main/java/org/asynchttpclient/netty/future/StackTraceInspector.java
/sfs/weka/scratch/wxw9rr/artifact/RQ3/evosuite-artifacts/async-http-client/client/src/main/java/org/asynchttpclient/RequestBuilderBase.java
/sfs/weka/scratch/wxw9rr/artifact/RQ3/evosuite-artifacts/async-http-client/client/src/main/java/org/asynchttpclient/uri/UriParser.java
/sfs/weka/scratch/wxw9rr/artifact/RQ3/evosuite-artifacts/async-http-client/client/src/main/java/org/asynchttpclient/netty/handler/AsyncHttpClientHandler.java
/sfs/weka/scratch/wxw9rr/artifact/RQ3/evosuite-artifacts/async-http-client/client/src/main/java/org/asynchttpclient/exception/PoolAlreadyClosedException.java
/sfs/weka/scratch/wxw9rr/artifact/RQ3/evosuite-artifacts/async-http-client/client/src/main/java/org/asynchttpclient/filter/FilterException.java
/sfs/weka/scratch/wxw9rr/artifact/RQ3/evosuite-artifacts/async-http-client/client/src/main/java/org/asynchttpclient/netty/ssl/SslEngineFactoryBase.java
/sfs/weka/scratch/wxw9rr/artifact/RQ3/evosuite-artifacts/async-http-client/client/src/main/java/org/asynchttpclient/ws/WebSocketUpgradeHandler.java
/sfs/weka/scratch/wxw9rr/artifact/RQ3/evosuite-artifacts/async-http-client/client/src/main/java/org/asynchttpclient/handler/resumable/ResumableRandomAccessFileListener.java
/sfs/weka/scratch/wxw9rr/artifact/RQ3/evosuite-artifacts/async-http-client/client/src/main/java/org/asynchttpclient/exception/ChannelClosedException.java
/sfs/weka/scratch/wxw9rr/artifact/RQ3/evosuite-artifacts/async-http-client/client/src/main/java/org/asynchttpclient/request/body/generator/ByteArrayBodyGenerator.java
/sfs/weka/scratch/wxw9rr/artifact/RQ3/evosuite-artifacts/async-http-client/client/src/main/java/org/asynchttpclient/request/body/generator/BoundedQueueFeedableBodyGenerator.java
/sfs/weka/scratch/wxw9rr/artifact/RQ3/evosuite-artifacts/async-http-client/client/src/main/java/org/asynchttpclient/cookie/CookieStore.java
/sfs/weka/scratch/wxw9rr/artifact/RQ3/evosuite-artifacts/async-http-client/client/src/main/java/org/asynchttpclient/util/HttpConstants.java
/sfs/weka/scratch/wxw9rr/artifact/RQ3/evosuite-artifacts/async-http-client/client/src/main/java/org/asynchttpclient/netty/request/WriteListener.java
/sfs/weka/scratch/wxw9rr/artifact/RQ3/evosuite-artifacts/async-http-client/client/src/main/java/org/asynchttpclient/netty/request/body/BodyChunkedInput.java
/sfs/weka/scratch/wxw9rr/artifact/RQ3/evosuite-artifacts/async-http-client/client/src/main/java/org/asynchttpclient/netty/channel/DefaultConnectionSemaphoreFactory.java
/sfs/weka/scratch/wxw9rr/artifact/RQ3/evosuite-artifacts/async-http-client/client/src/main/java/org/asynchttpclient/netty/NettyResponseStatus.java
/sfs/weka/scratch/wxw9rr/artifact/RQ3/evosuite-artifacts/async-http-client/client/src/main/java/org/asynchttpclient/ntlm/NtlmEngine.java
/sfs/weka/scratch/wxw9rr/artifact/RQ3/evosuite-artifacts/async-http-client/client/src/main/java/org/asynchttpclient/netty/request/WriteCompleteListener.java
/sfs/weka/scratch/wxw9rr/artifact/RQ3/evosuite-artifacts/async-http-client/client/src/main/java/org/asynchttpclient/netty/handler/HttpHandler.java
/sfs/weka/scratch/wxw9rr/artifact/RQ3/evosuite-artifacts/async-http-client/client/src/main/java/org/asynchttpclient/Response.java
/sfs/weka/scratch/wxw9rr/artifact/RQ3/evosuite-artifacts/async-http-client/client/src/main/java/org/asynchttpclient/RequestBuilder.java
/sfs/weka/scratch/wxw9rr/artifact/RQ3/evosuite-artifacts/async-http-client/client/src/main/java/org/asynchttpclient/DefaultAsyncHttpClient.java
/sfs/weka/scratch/wxw9rr/artifact/RQ3/evosuite-artifacts/async-http-client/client/src/main/java/org/asynchttpclient/request/body/multipart/MultipartUtils.java
/sfs/weka/scratch/wxw9rr/artifact/RQ3/evosuite-artifacts/async-http-client/client/src/main/java/org/asynchttpclient/HttpResponseStatus.java
/sfs/weka/scratch/wxw9rr/artifact/RQ3/evosuite-artifacts/async-http-client/client/src/main/java/org/asynchttpclient/proxy/ProxyType.java
/sfs/weka/scratch/wxw9rr/artifact/RQ3/evosuite-artifacts/async-http-client/client/src/main/java/org/asynchttpclient/util/StringBuilderPool.java
/sfs/weka/scratch/wxw9rr/artifact/RQ3/evosuite-artifacts/async-http-client/client/src/main/java/org/asynchttpclient/spnego/NamePasswordCallbackHandler.java
/sfs/weka/scratch/wxw9rr/artifact/RQ3/evosuite-artifacts/async-http-client/client/src/main/java/org/asynchttpclient/netty/NettyResponseFuture.java
/sfs/weka/scratch/wxw9rr/artifact/RQ3/evosuite-artifacts/async-http-client/client/src/main/java/org/asynchttpclient/netty/handler/StreamedResponsePublisher.java
/sfs/weka/scratch/wxw9rr/artifact/RQ3/evosuite-artifacts/async-http-client/client/src/main/java/org/asynchttpclient/netty/request/WriteProgressListener.java
/sfs/weka/scratch/wxw9rr/artifact/RQ3/evosuite-artifacts/async-http-client/client/src/main/java/org/asynchttpclient/request/body/multipart/StringPart.java
/sfs/weka/scratch/wxw9rr/artifact/RQ3/evosuite-artifacts/async-http-client/client/src/main/java/org/asynchttpclient/netty/handler/intercept/Unauthorized401Interceptor.java
/sfs/weka/scratch/wxw9rr/artifact/RQ3/evosuite-artifacts/async-http-client/client/src/main/java/org/asynchttpclient/HostStats.java
/sfs/weka/scratch/wxw9rr/artifact/RQ3/evosuite-artifacts/async-http-client/client/src/main/java/org/asynchttpclient/proxy/ProxyServerSelector.java
/sfs/weka/scratch/wxw9rr/artifact/RQ3/evosuite-artifacts/async-http-client/client/src/main/java/org/asynchttpclient/netty/request/body/BodyFileRegion.java
/sfs/weka/scratch/wxw9rr/artifact/RQ3/evosuite-artifacts/async-http-client/client/src/main/java/org/asynchttpclient/netty/channel/DefaultChannelPool.java
/sfs/weka/scratch/wxw9rr/artifact/RQ3/evosuite-artifacts/async-http-client/client/src/main/java/org/asynchttpclient/netty/request/body/NettyInputStreamBody.java
/sfs/weka/scratch/wxw9rr/artifact/RQ3/evosuite-artifacts/async-http-client/client/src/main/java/org/asynchttpclient/request/body/generator/BodyGenerator.java
/sfs/weka/scratch/wxw9rr/artifact/RQ3/evosuite-artifacts/async-http-client/client/src/main/java/org/asynchttpclient/spnego/SpnegoEngineException.java
/sfs/weka/scratch/wxw9rr/artifact/RQ3/evosuite-artifacts/async-http-client/client/src/main/java/org/asynchttpclient/util/UriEncoder.java
/sfs/weka/scratch/wxw9rr/artifact/RQ3/evosuite-artifacts/async-http-client/client/src/main/java/org/asynchttpclient/request/body/multipart/PartBase.java
/sfs/weka/scratch/wxw9rr/artifact/RQ3/evosuite-artifacts/async-http-client/client/src/main/java/org/asynchttpclient/AsyncHandler.java
/sfs/weka/scratch/wxw9rr/artifact/RQ3/evosuite-artifacts/async-http-client/client/src/main/java/org/asynchttpclient/request/body/generator/InputStreamBodyGenerator.java
/sfs/weka/scratch/wxw9rr/artifact/RQ3/evosuite-artifacts/async-http-client/client/src/main/java/org/asynchttpclient/request/body/multipart/MultipartBody.java
/sfs/weka/scratch/wxw9rr/artifact/RQ3/evosuite-artifacts/async-http-client/client/src/main/java/org/asynchttpclient/config/AsyncHttpClientConfigDefaults.java
/sfs/weka/scratch/wxw9rr/artifact/RQ3/evosuite-artifacts/async-http-client/client/src/main/java/org/asynchttpclient/netty/handler/intercept/Redirect30xInterceptor.java
/sfs/weka/scratch/wxw9rr/artifact/RQ3/evosuite-artifacts/async-http-client/client/src/main/java/org/asynchttpclient/request/body/multipart/part/MultipartPart.java
/sfs/weka/scratch/wxw9rr/artifact/RQ3/evosuite-artifacts/async-http-client/client/src/main/java/org/asynchttpclient/uri/Uri.java
/sfs/weka/scratch/wxw9rr/artifact/RQ3/evosuite-artifacts/async-http-client/client/src/main/java/org/asynchttpclient/netty/channel/EpollTransportFactory.java
/sfs/weka/scratch/wxw9rr/artifact/RQ3/evosuite-artifacts/async-http-client/client/src/main/java/org/asynchttpclient/netty/request/body/NettyByteBufferBody.java
/sfs/weka/scratch/wxw9rr/artifact/RQ3/evosuite-artifacts/async-http-client/client/src/main/java/org/asynchttpclient/netty/channel/InfiniteSemaphore.java
/sfs/weka/scratch/wxw9rr/artifact/RQ3/evosuite-artifacts/async-http-client/client/src/main/java/org/asynchttpclient/exception/TooManyConnectionsPerHostException.java
/sfs/weka/scratch/wxw9rr/artifact/RQ3/evosuite-artifacts/async-http-client/client/src/main/java/org/asynchttpclient/request/body/generator/FeedListener.java
/sfs/weka/scratch/wxw9rr/artifact/RQ3/evosuite-artifacts/async-http-client/client/src/main/java/org/asynchttpclient/netty/timeout/ReadTimeoutTimerTask.java
/sfs/weka/scratch/wxw9rr/artifact/RQ3/evosuite-artifacts/async-http-client/client/src/main/java/org/asynchttpclient/netty/request/NettyRequestFactory.java
/sfs/weka/scratch/wxw9rr/artifact/RQ3/evosuite-artifacts/async-http-client/client/src/main/java/org/asynchttpclient/netty/ssl/DefaultSslEngineFactory.java
/sfs/weka/scratch/wxw9rr/artifact/RQ3/evosuite-artifacts/async-http-client/client/src/main/java/org/asynchttpclient/netty/channel/NoopConnectionSemaphore.java
/sfs/weka/scratch/wxw9rr/artifact/RQ3/evosuite-artifacts/async-http-client/client/src/main/java/org/asynchttpclient/AsyncHttpClient.java
/sfs/weka/scratch/wxw9rr/artifact/RQ3/evosuite-artifacts/async-http-client/client/src/main/java/org/asynchttpclient/SslEngineFactory.java
/sfs/weka/scratch/wxw9rr/artifact/RQ3/evosuite-artifacts/async-http-client/client/src/main/java/org/asynchttpclient/netty/request/body/NettyMultipartBody.java
/sfs/weka/scratch/wxw9rr/artifact/RQ3/evosuite-artifacts/async-http-client/client/src/main/java/org/asynchttpclient/handler/TransferListener.java
/sfs/weka/scratch/wxw9rr/artifact/RQ3/evosuite-artifacts/async-http-client/client/src/main/java/org/asynchttpclient/AsyncHttpClientConfig.java
/sfs/weka/scratch/wxw9rr/artifact/RQ3/evosuite-artifacts/async-http-client/client/src/main/java/org/asynchttpclient/AsyncCompletionHandlerBase.java
/sfs/weka/scratch/wxw9rr/artifact/RQ3/evosuite-artifacts/async-http-client/client/src/main/java/org/asynchttpclient/util/Counted.java
/sfs/weka/scratch/wxw9rr/artifact/RQ3/evosuite-artifacts/async-http-client/client/src/main/java/org/asynchttpclient/handler/resumable/PropertiesBasedResumableProcessor.java
/sfs/weka/scratch/wxw9rr/artifact/RQ3/evosuite-artifacts/async-http-client/client/src/main/java/org/asynchttpclient/request/body/multipart/part/FileLikeMultipartPart.java
/sfs/weka/scratch/wxw9rr/artifact/RQ3/evosuite-artifacts/async-http-client/client/src/main/java/org/asynchttpclient/handler/StreamedAsyncHandler.java
/sfs/weka/scratch/wxw9rr/artifact/RQ3/evosuite-artifacts/async-http-client/client/src/main/java/org/asynchttpclient/netty/channel/ConnectionSemaphore.java
/sfs/weka/scratch/wxw9rr/artifact/RQ3/evosuite-artifacts/async-http-client/client/src/main/java/org/asynchttpclient/netty/request/body/NettyDirectBody.java
/sfs/weka/scratch/wxw9rr/artifact/RQ3/evosuite-artifacts/async-http-client/client/src/main/java/org/asynchttpclient/netty/handler/intercept/ProxyUnauthorized407Interceptor.java
/sfs/weka/scratch/wxw9rr/artifact/RQ3/evosuite-artifacts/async-http-client/client/src/main/java/org/asynchttpclient/oauth/Parameters.java
/sfs/weka/scratch/wxw9rr/artifact/RQ3/evosuite-artifacts/async-http-client/client/src/main/java/org/asynchttpclient/webdav/WebDavCompletionHandlerBase.java
/sfs/weka/scratch/wxw9rr/artifact/RQ3/evosuite-artifacts/async-http-client/client/src/main/java/org/asynchttpclient/channel/ChannelPool.java
/sfs/weka/scratch/wxw9rr/artifact/RQ3/evosuite-artifacts/async-http-client/client/src/main/java/org/asynchttpclient/netty/request/body/NettyCompositeByteArrayBody.java
/sfs/weka/scratch/wxw9rr/artifact/RQ3/evosuite-artifacts/async-http-client/client/src/main/java/org/asynchttpclient/filter/ThrottleRequestFilter.java
/sfs/weka/scratch/wxw9rr/artifact/RQ3/evosuite-artifacts/async-http-client/client/src/main/java/org/asynchttpclient/netty/request/NettyRequest.java
/sfs/weka/scratch/wxw9rr/artifact/RQ3/evosuite-artifacts/async-http-client/client/src/main/java/org/asynchttpclient/resolver/RequestHostnameResolver.java
/sfs/weka/scratch/wxw9rr/artifact/RQ3/evosuite-artifacts/async-http-client/client/src/main/java/org/asynchttpclient/request/body/generator/FileBodyGenerator.java
/sfs/weka/scratch/wxw9rr/artifact/RQ3/evosuite-artifacts/async-http-client/client/src/main/java/org/asynchttpclient/request/body/Body.java
/sfs/weka/scratch/wxw9rr/artifact/RQ3/evosuite-artifacts/async-http-client/client/src/main/java/org/asynchttpclient/SignatureCalculator.java
/sfs/weka/scratch/wxw9rr/artifact/RQ3/evosuite-artifacts/async-http-client/client/src/main/java/org/asynchttpclient/handler/ProgressAsyncHandler.java
/sfs/weka/scratch/wxw9rr/artifact/RQ3/evosuite-artifacts/async-http-client/client/src/main/java/org/asynchttpclient/AsyncHttpClientState.java
/sfs/weka/scratch/wxw9rr/artifact/RQ3/evosuite-artifacts/async-http-client/client/src/main/java/org/asynchttpclient/netty/channel/ChannelManager.java
/sfs/weka/scratch/wxw9rr/artifact/RQ3/evosuite-artifacts/async-http-client/client/src/main/java/org/asynchttpclient/channel/KeepAliveStrategy.java
/sfs/weka/scratch/wxw9rr/artifact/RQ3/evosuite-artifacts/async-http-client/client/src/main/java/org/asynchttpclient/DefaultAsyncHttpClientConfig.java
/sfs/weka/scratch/wxw9rr/artifact/RQ3/evosuite-artifacts/async-http-client/client/src/main/java/org/asynchttpclient/channel/NoopChannelPool.java
/sfs/weka/scratch/wxw9rr/artifact/RQ3/evosuite-artifacts/async-http-client/client/src/main/java/org/asynchttpclient/netty/channel/NioTransportFactory.java
/sfs/weka/scratch/wxw9rr/artifact/RQ3/evosuite-artifacts/async-http-client/client/src/main/java/org/asynchttpclient/netty/channel/CombinedConnectionSemaphore.java
/sfs/weka/scratch/wxw9rr/artifact/RQ3/evosuite-artifacts/async-http-client/client/src/main/java/org/asynchttpclient/request/body/multipart/ByteArrayPart.java
/sfs/weka/scratch/wxw9rr/artifact/RQ3/evosuite-artifacts/async-http-client/client/src/main/java/org/asynchttpclient/HttpResponseBodyPart.java
/sfs/weka/scratch/wxw9rr/artifact/RQ3/evosuite-artifacts/async-http-client/client/src/main/java/org/asynchttpclient/spnego/SpnegoEngine.java
/sfs/weka/scratch/wxw9rr/artifact/RQ3/evosuite-artifacts/async-http-client/client/src/main/java/org/asynchttpclient/request/body/generator/UnboundedQueueFeedableBodyGenerator.java
/sfs/weka/scratch/wxw9rr/artifact/RQ3/evosuite-artifacts/async-http-client/client/src/main/java/org/asynchttpclient/filter/ReleasePermitOnComplete.java
/sfs/weka/scratch/wxw9rr/artifact/RQ3/evosuite-artifacts/async-http-client/client/src/main/java/org/asynchttpclient/filter/FilterContext.java
/sfs/weka/scratch/wxw9rr/artifact/RQ3/evosuite-artifacts/async-http-client/client/src/main/java/org/asynchttpclient/channel/DefaultKeepAliveStrategy.java
/sfs/weka/scratch/wxw9rr/artifact/RQ3/evosuite-artifacts/async-http-client/client/src/main/java/org/asynchttpclient/netty/channel/NettyConnectListener.java
/sfs/weka/scratch/wxw9rr/artifact/RQ3/evosuite-artifacts/async-http-client/client/src/main/java/org/asynchttpclient/ListenableFuture.java
/sfs/weka/scratch/wxw9rr/artifact/RQ3/evosuite-artifacts/async-http-client/client/src/main/java/org/asynchttpclient/BoundRequestBuilder.java
/sfs/weka/scratch/wxw9rr/artifact/RQ3/evosuite-artifacts/async-http-client/client/src/main/java/org/asynchttpclient/config/AsyncHttpClientConfigHelper.java
/sfs/weka/scratch/wxw9rr/artifact/RQ3/evosuite-artifacts/async-http-client/client/src/main/java/org/asynchttpclient/oauth/OAuthSignatureCalculator.java
/sfs/weka/scratch/wxw9rr/artifact/RQ3/evosuite-artifacts/async-http-client/client/src/main/java/org/asynchttpclient/Param.java
/sfs/weka/scratch/wxw9rr/artifact/RQ3/evosuite-artifacts/async-http-client/client/src/main/java/org/asynchttpclient/handler/resumable/ResumableListener.java
/sfs/weka/scratch/wxw9rr/artifact/RQ3/evosuite-artifacts/async-http-client/client/src/main/java/org/asynchttpclient/request/body/RandomAccessBody.java
/sfs/weka/scratch/wxw9rr/artifact/RQ3/evosuite-artifacts/async-http-client/client/src/main/java/org/asynchttpclient/ClientStats.java
/sfs/weka/scratch/wxw9rr/artifact/RQ3/evosuite-artifacts/async-http-client/client/src/main/java/org/asynchttpclient/oauth/RequestToken.java
/sfs/weka/scratch/wxw9rr/artifact/RQ3/evosuite-artifacts/async-http-client/client/src/main/java/org/asynchttpclient/netty/channel/MaxConnectionSemaphore.java
/sfs/weka/scratch/wxw9rr/artifact/RQ3/evosuite-artifacts/async-http-client/client/src/main/java/org/asynchttpclient/netty/channel/PerHostConnectionSemaphore.java
/sfs/weka/scratch/wxw9rr/artifact/RQ3/evosuite-artifacts/async-http-client/client/src/main/java/org/asynchttpclient/request/body/generator/FeedableBodyGenerator.java
/sfs/weka/scratch/wxw9rr/artifact/RQ3/evosuite-artifacts/async-http-client/client/src/main/java/org/asynchttpclient/netty/ws/NettyWebSocket.java
/sfs/weka/scratch/wxw9rr/artifact/RQ3/evosuite-artifacts/async-http-client/client/src/main/java/org/asynchttpclient/netty/timeout/TimeoutTimerTask.java
/sfs/weka/scratch/wxw9rr/artifact/RQ3/evosuite-artifacts/async-http-client/client/src/main/java/org/asynchttpclient/util/Utf8UrlEncoder.java
/sfs/weka/scratch/wxw9rr/artifact/RQ3/evosuite-artifacts/async-http-client/client/src/main/java/org/asynchttpclient/request/body/multipart/part/FileMultipartPart.java
/sfs/weka/scratch/wxw9rr/artifact/RQ3/evosuite-artifacts/async-http-client/client/src/main/java/org/asynchttpclient/request/body/generator/BodyChunk.java
/sfs/weka/scratch/wxw9rr/artifact/RQ3/evosuite-artifacts/async-http-client/client/src/main/java/org/asynchttpclient/netty/DiscardEvent.java
/sfs/weka/scratch/wxw9rr/artifact/RQ3/evosuite-artifacts/async-http-client/client/src/main/java/org/asynchttpclient/netty/request/body/NettyFileBody.java
/sfs/weka/scratch/wxw9rr/artifact/RQ3/evosuite-artifacts/async-http-client/client/src/main/java/org/asynchttpclient/request/body/generator/ReactiveStreamsBodyGenerator.java
/sfs/weka/scratch/wxw9rr/artifact/RQ3/evosuite-artifacts/async-http-client/client/src/main/java/org/asynchttpclient/netty/timeout/TimeoutsHolder.java
/sfs/weka/scratch/wxw9rr/artifact/RQ3/evosuite-artifacts/async-http-client/client/src/main/java/org/asynchttpclient/netty/request/body/NettyBody.java
/sfs/weka/scratch/wxw9rr/artifact/RQ3/evosuite-artifacts/async-http-client/client/src/main/java/org/asynchttpclient/ntlm/NtlmEngineException.java
/sfs/weka/scratch/wxw9rr/artifact/RQ3/evosuite-artifacts/async-http-client/client/src/main/java/org/asynchttpclient/netty/channel/Channels.java
/sfs/weka/scratch/wxw9rr/artifact/RQ3/evosuite-artifacts/async-http-client/client/src/main/java/org/asynchttpclient/util/MessageDigestUtils.java
/sfs/weka/scratch/wxw9rr/artifact/RQ3/evosuite-artifacts/async-http-client/client/src/main/java/org/asynchttpclient/handler/resumable/ResumableAsyncHandler.java
/sfs/weka/scratch/wxw9rr/artifact/RQ3/evosuite-artifacts/async-http-client/client/src/main/java/org/asynchttpclient/oauth/OAuthSignatureCalculatorInstance.java
/sfs/weka/scratch/wxw9rr/artifact/RQ3/evosuite-artifacts/async-http-client/client/src/main/java/org/asynchttpclient/exception/TooManyConnectionsException.java
/sfs/weka/scratch/wxw9rr/artifact/RQ3/evosuite-artifacts/async-http-client/client/src/main/java/org/asynchttpclient/request/body/multipart/part/StringMultipartPart.java
/sfs/weka/scratch/wxw9rr/artifact/RQ3/evosuite-artifacts/async-http-client/client/src/main/java/org/asynchttpclient/ws/WebSocketListener.java
/sfs/weka/scratch/wxw9rr/artifact/RQ3/evosuite-artifacts/async-http-client/client/src/main/java/org/asynchttpclient/request/body/multipart/FileLikePart.java
/sfs/weka/scratch/wxw9rr/artifact/RQ3/evosuite-artifacts/async-http-client/client/src/main/java/org/asynchttpclient/netty/handler/WebSocketHandler.java
/sfs/weka/scratch/wxw9rr/artifact/RQ3/evosuite-artifacts/async-http-client/client/src/main/java/org/asynchttpclient/util/ProxyUtils.java
/sfs/weka/scratch/wxw9rr/artifact/RQ3/evosuite-artifacts/async-http-client/client/src/main/java/org/asynchttpclient/request/body/multipart/part/PartVisitor.java
/sfs/weka/scratch/wxw9rr/artifact/RQ3/evosuite-artifacts/async-http-client/client/src/main/java/org/asynchttpclient/cookie/ThreadSafeCookieStore.java
/sfs/weka/scratch/wxw9rr/artifact/RQ3/evosuite-artifacts/async-http-client/client/src/main/java/org/asynchttpclient/oauth/Parameter.java
/sfs/weka/scratch/wxw9rr/artifact/RQ3/evosuite-artifacts/async-http-client/client/src/main/java/org/asynchttpclient/ws/WebSocketUtils.java
/sfs/weka/scratch/wxw9rr/artifact/RQ3/evosuite-artifacts/async-http-client/client/src/main/java/org/asynchttpclient/Request.java
/sfs/weka/scratch/wxw9rr/artifact/RQ3/evosuite-artifacts/async-http-client/client/src/main/java/org/asynchttpclient/netty/OnLastHttpContentCallback.java
/sfs/weka/scratch/wxw9rr/artifact/RQ3/evosuite-artifacts/async-http-client/client/src/main/java/org/asynchttpclient/Dsl.java
/sfs/weka/scratch/wxw9rr/artifact/RQ3/evosuite-artifacts/async-http-client/client/src/main/java/org/asynchttpclient/netty/channel/NettyChannelConnector.java
/sfs/weka/scratch/wxw9rr/artifact/RQ3/evosuite-artifacts/async-http-client/client/src/main/java/org/asynchttpclient/request/body/multipart/part/MessageEndMultipartPart.java
/sfs/weka/scratch/wxw9rr/artifact/RQ3/evosuite-artifacts/async-http-client/client/src/main/java/org/asynchttpclient/netty/channel/ChannelState.java
/sfs/weka/scratch/wxw9rr/artifact/RQ3/evosuite-artifacts/async-http-client/client/src/main/java/org/asynchttpclient/util/AuthenticatorUtils.java
/sfs/weka/scratch/wxw9rr/artifact/RQ3/evosuite-artifacts/async-http-client/client/src/main/java/org/asynchttpclient/request/body/multipart/part/MultipartState.java
/sfs/weka/scratch/wxw9rr/artifact/RQ3/evosuite-artifacts/async-http-client/client/src/main/java/org/asynchttpclient/netty/handler/intercept/Continue100Interceptor.java
/sfs/weka/scratch/wxw9rr/artifact/RQ3/evosuite-artifacts/async-http-client/client/src/main/java/org/asynchttpclient/request/body/generator/QueueBasedFeedableBodyGenerator.java
/sfs/weka/scratch/wxw9rr/artifact/RQ3/evosuite-artifacts/async-http-client/client/src/main/java/org/asynchttpclient/proxy/ProxyServer.java
/sfs/weka/scratch/wxw9rr/artifact/RQ3/evosuite-artifacts/async-http-client/client/src/main/java/org/asynchttpclient/netty/LazyResponseBodyPart.java
/sfs/weka/scratch/wxw9rr/artifact/RQ3/evosuite-artifacts/async-http-client/client/src/main/java/org/asynchttpclient/netty/SimpleFutureListener.java
/sfs/weka/scratch/wxw9rr/artifact/RQ3/evosuite-artifacts/async-http-client/client/src/main/java/org/asynchttpclient/netty/channel/ConnectionSemaphoreFactory.java
/sfs/weka/scratch/wxw9rr/artifact/RQ3/evosuite-artifacts/async-http-client/client/src/main/java/org/asynchttpclient/util/DateUtils.java
/sfs/weka/scratch/wxw9rr/artifact/RQ3/evosuite-artifacts/async-http-client/client/src/main/java/org/asynchttpclient/filter/ResponseFilter.java
/sfs/weka/scratch/wxw9rr/artifact/RQ3/evosuite-artifacts/async-http-client/client/src/main/java/org/asynchttpclient/netty/request/body/NettyByteArrayBody.java
/sfs/weka/scratch/wxw9rr/artifact/RQ3/evosuite-artifacts/async-http-client/client/src/main/java/org/asynchttpclient/request/body/generator/PushBody.java
/sfs/weka/scratch/wxw9rr/artifact/RQ3/evosuite-artifacts/async-http-client/client/src/main/java/org/asynchttpclient/util/ThrowableUtil.java
/sfs/weka/scratch/wxw9rr/artifact/RQ3/evosuite-artifacts/async-http-client/client/src/main/java/org/asynchttpclient/netty/channel/KQueueTransportFactory.java
/sfs/weka/scratch/wxw9rr/artifact/RQ3/evosuite-artifacts/async-http-client/client/src/main/java/org/asynchttpclient/netty/NettyResponse.java
/sfs/weka/scratch/wxw9rr/artifact/RQ3/evosuite-artifacts/async-http-client/client/src/main/java/org/asynchttpclient/netty/EagerResponseBodyPart.java
/sfs/weka/scratch/wxw9rr/artifact/RQ3/evosuite-artifacts/async-http-client/client/src/main/java/org/asynchttpclient/webdav/WebDavResponse.java
