[ERROR] Tests run: 12, Failures: 3, Errors: 0, Skipped: 0, Time elapsed: 1.22 s <<< FAILURE! - in org.apache.commons.imaging.formats.jpeg.JpegReadTest_OE25Dev_imag_87_3
[ERROR] test_3_oe{File}[1]  Time elapsed: 0.095 s  <<< FAILURE!
org.opentest4j.AssertionFailedError: expected: <Only sequential,baseline JPEGs are supported at the moment> but was: <Only sequential, baseline JPEGs are supported at the moment>
	at org.apache.commons.imaging.formats.jpeg.JpegReadTest_OE25Dev_imag_87_3.test_3_oe(JpegReadTest_OE25Dev_imag_87_3.java:81)

[ERROR] test_3_oe{File}[2]  Time elapsed: 0.004 s  <<< FAILURE!
org.opentest4j.AssertionFailedError: expected: <Only sequential,baseline JPEGs are supported at the moment> but was: <Only sequential, baseline JPEGs are supported at the moment>
	at org.apache.commons.imaging.formats.jpeg.JpegReadTest_OE25Dev_imag_87_3.test_3_oe(JpegReadTest_OE25Dev_imag_87_3.java:81)

[ERROR] test_3_oe{File}[5]  Time elapsed: 0.005 s  <<< FAILURE!
org.opentest4j.AssertionFailedError: expected: <Only sequential,baseline JPEGs are supported at the moment> but was: <Only sequential, baseline JPEGs are supported at the moment>
	at org.apache.commons.imaging.formats.jpeg.JpegReadTest_OE25Dev_imag_87_3.test_3_oe(JpegReadTest_OE25Dev_imag_87_3.java:81)

[ERROR] Failures: 
[ERROR]   JpegReadTest_OE25Dev_imag_87_3.test_3_oe:81 expected: <Only sequential,baseline JPEGs are supported at the moment> but was: <Only sequential, baseline JPEGs are supported at the moment>
[ERROR]   JpegReadTest_OE25Dev_imag_87_3.test_3_oe:81 expected: <Only sequential,baseline JPEGs are supported at the moment> but was: <Only sequential, baseline JPEGs are supported at the moment>
[ERROR]   JpegReadTest_OE25Dev_imag_87_3.test_3_oe:81 expected: <Only sequential,baseline JPEGs are supported at the moment> but was: <Only sequential, baseline JPEGs are supported at the moment>
[ERROR] Tests run: 12, Failures: 3, Errors: 0, Skipped: 0
[ERROR] Failed to execute goal org.apache.maven.plugins:maven-surefire-plugin:2.22.2:test (default-test) on project commons-imaging: There are test failures.
[ERROR] 
[ERROR] Please refer to /home/tasfia/Desktop/OE25-DEV/projects_decomposed/commons-imaging/target/surefire-reports for the individual test results.
[ERROR] Please refer to dump files (if any exist) [date].dump, [date]-jvmRun[N].dump and [date].dumpstream.
[ERROR] -> [Help 1]
[ERROR] 
[ERROR] To see the full stack trace of the errors, re-run Maven with the -e switch.
[ERROR] Re-run Maven using the -X switch to enable full debug logging.
[ERROR] 
[ERROR] For more information about the errors and possible solutions, please read the following articles:
[ERROR] [Help 1] http://cwiki.apache.org/confluence/display/MAVEN/MojoFailureException
