#
# There is insufficient memory for the Java Runtime Environment to continue.
# Native memory allocation (mmap) failed to map 4362076160 bytes. Error detail: committing reserved memory.
# Possible reasons:
#   The system is out of physical RAM or swap space
#   This process is running with CompressedOops enabled, and the Java Heap may be blocking the growth of the native heap
# Possible solutions:
#   Reduce memory load on the system
#   Increase physical memory or swap space
#   Check if swap backing store is full
#   Decrease Java heap size (-Xmx/-Xms)
#   Decrease number of Java threads
#   Decrease Java thread stack sizes (-Xss)
#   Set larger code cache with -XX:ReservedCodeCacheSize=
#   JVM is running with Zero Based Compressed Oops mode in which the Java heap is
#     placed in the first 32GB address space. The Java Heap base address is the
#     maximum limit for the native heap growth. Please use -XX:HeapBaseMinAddress
#     to set the Java Heap base and to place the Java Heap above 32GB virtual address.
# This output file may be truncated or incomplete.
#
#  Out of Memory Error (os_linux.cpp:2832), pid=563209, tid=563255
#
# JRE version: OpenJDK Runtime Environment Temurin-17.0.15+6 (17.0.15+6) (build 17.0.15+6)
# Java VM: OpenJDK 64-Bit Server VM Temurin-17.0.15+6 (17.0.15+6, mixed mode, sharing, tiered, compressed oops, compressed class ptrs, g1 gc, linux-amd64)
# Core dump will be written. Default location: Core dumps may be processed with "/usr/lib/systemd/systemd-coredump %P %u %g %s %t %c %h %e" (or dumping to /sfs/weka/scratch/wxw9rr/artifact/RQ3/OE25-DEV/commons-beanutils-1.9.4/core.563209)
#

---------------  S U M M A R Y ------------

Command Line: -Dclassworlds.conf=/apps/software/standard/core/maven/3.9.0/bin/m2.conf -Dmaven.home=/apps/software/standard/core/maven/3.9.0 -Dlibrary.jansi.path=/apps/software/standard/core/maven/3.9.0/lib/jansi-native -Dmaven.multiModuleProjectDirectory=/scratch/wxw9rr/artifact/RQ3/OE25-DEV/commons-beanutils-1.9.4 -Djava.io.tmpdir=/sfs/weka/scratch/wxw9rr/tmp -javaagent:/sfs/weka/scratch/wxw9rr/tmp/pitest-agent4979172990101562858.jar -ea -Djava.awt.headless=true -XX:+UseG1GC -Djava.io.tmpdir=/sfs/weka/scratch/wxw9rr/tmp org.pitest.mutationtest.execute.MutationTestMinion 33153

Host: AMD EPYC 9454 48-Core Processor, 96 cores, 512G, Rocky Linux release 8.10 (Green Obsidian)
Time: Mon Jan 12 01:36:14 2026 EST elapsed time: 3.889130 seconds (0d 0h 0m 3s)

---------------  T H R E A D  ---------------

Current thread (0x00007f58ec20ec30):  VMThread "VM Thread" [stack: 0x00007f588c444000,0x00007f588c544000] [id=563255]

Stack: [0x00007f588c444000,0x00007f588c544000],  sp=0x00007f588c541d70,  free space=1015k
Native frames: (J=compiled Java code, j=interpreted, Vv=VM code, C=native code)
V  [libjvm.so+0xee9791]  VMError::report_and_die(int, char const*, char const*, __va_list_tag*, Thread*, unsigned char*, void*, void*, char const*, int, unsigned long)+0x1a1
V  [libjvm.so+0xeea37d]  VMError::report_and_die(Thread*, char const*, int, unsigned long, VMErrorType, char const*, __va_list_tag*)+0x2d
V  [libjvm.so+0x60921c]  report_vm_out_of_memory(char const*, int, unsigned long, VMErrorType, char const*, ...)+0xdc
V  [libjvm.so+0xc26ba8]  os::pd_commit_memory_or_exit(char*, unsigned long, unsigned long, bool, char const*)+0xd8
V  [libjvm.so+0xc205ad]  os::commit_memory_or_exit(char*, unsigned long, unsigned long, bool, char const*)+0x1d
V  [libjvm.so+0x73769e]  G1PageBasedVirtualSpace::commit(unsigned long, unsigned long)+0x18e
V  [libjvm.so+0x74bf61]  G1RegionsLargerThanCommitSizeMapper::commit_regions(unsigned int, unsigned long, WorkGang*)+0x1a1
V  [libjvm.so+0x7de418]  HeapRegionManager::commit_regions(unsigned int, unsigned long, WorkGang*)+0x58
V  [libjvm.so+0x7e0262]  HeapRegionManager::expand(unsigned int, unsigned int, WorkGang*)+0x32
V  [libjvm.so+0x7e048e]  HeapRegionManager::expand_by(unsigned int, WorkGang*)+0x7e
V  [libjvm.so+0x6f0fbf]  G1CollectedHeap::expand(unsigned long, WorkGang*, double*)+0xef
V  [libjvm.so+0x6f5291]  G1CollectedHeap::do_collection_pause_at_safepoint_helper(double)+0x9a1
V  [libjvm.so+0x6f53e1]  G1CollectedHeap::do_collection_pause_at_safepoint(double)+0x31
V  [libjvm.so+0x770487]  VM_G1CollectForAllocation::doit()+0x47
V  [libjvm.so+0xeeecbe]  VM_Operation::evaluate()+0xee
V  [libjvm.so+0xef0674]  VMThread::evaluate_operation(VM_Operation*)+0xf4
V  [libjvm.so+0xef0bd4]  VMThread::inner_execute(VM_Operation*)+0x1d4
V  [libjvm.so+0xef0ebf]  VMThread::run()+0xbf
V  [libjvm.so+0xe6c2ca]  Thread::call_run()+0xaa
V  [libjvm.so+0xc29413]  thread_native_entry(Thread*)+0xe3

VM_Operation (0x00007f587d5f3790): G1CollectForAllocation, mode: safepoint, requested by thread 0x00007f58ec3edcd0


---------------  P R O C E S S  ---------------

Threads class SMR info:
_java_thread_list=0x00007f58ec3ee5d0, length=13, elements={
0x00007f58ec032990, 0x00007f58ec212cf0, 0x00007f58ec2140d0, 0x00007f58ec2187d0,
0x00007f58ec219b80, 0x00007f58ec21af90, 0x00007f58ec21c9c0, 0x00007f58ec21def0,
0x00007f58ec21ef70, 0x00007f58ec22b980, 0x00007f5808003690, 0x00007f58ec25e890,
0x00007f58ec3edcd0
}

Java Threads: ( => current thread )
  0x00007f58ec032990 JavaThread "main" [_thread_blocked, id=563214, stack(0x00007f58f3c2a000,0x00007f58f3d2b000)]
  0x00007f58ec212cf0 JavaThread "Reference Handler" daemon [_thread_blocked, id=563257, stack(0x00007f588c343000,0x00007f588c443000)]
  0x00007f58ec2140d0 JavaThread "Finalizer" daemon [_thread_blocked, id=563258, stack(0x00007f588c242000,0x00007f588c342000)]
  0x00007f58ec2187d0 JavaThread "Signal Dispatcher" daemon [_thread_blocked, id=563266, stack(0x00007f588c141000,0x00007f588c241000)]
  0x00007f58ec219b80 JavaThread "Service Thread" daemon [_thread_blocked, id=563267, stack(0x00007f588c040000,0x00007f588c140000)]
  0x00007f58ec21af90 JavaThread "Monitor Deflation Thread" daemon [_thread_blocked, id=563276, stack(0x00007f587df00000,0x00007f587e000000)]
  0x00007f58ec21c9c0 JavaThread "C2 CompilerThread0" daemon [_thread_blocked, id=563283, stack(0x00007f587ddff000,0x00007f587deff000)]
  0x00007f58ec21def0 JavaThread "C1 CompilerThread0" daemon [_thread_blocked, id=563286, stack(0x00007f587dcfe000,0x00007f587ddfe000)]
  0x00007f58ec21ef70 JavaThread "Sweeper thread" daemon [_thread_blocked, id=563287, stack(0x00007f587dbfd000,0x00007f587dcfd000)]
  0x00007f58ec22b980 JavaThread "Common-Cleaner" daemon [_thread_blocked, id=563289, stack(0x00007f587d9fb000,0x00007f587dafb000)]
  0x00007f5808003690 JavaThread "C1 CompilerThread1" daemon [_thread_blocked, id=563288, stack(0x00007f587dafc000,0x00007f587dbfc000)]
  0x00007f58ec25e890 JavaThread "Notification Thread" daemon [_thread_blocked, id=563296, stack(0x00007f587d6f8000,0x00007f587d7f8000)]
  0x00007f58ec3edcd0 JavaThread "mutationTestThread" daemon [_thread_blocked, id=563681, stack(0x00007f587d4f6000,0x00007f587d5f6000)]

Other Threads:
=>0x00007f58ec20ec30 VMThread "VM Thread" [stack: 0x00007f588c444000,0x00007f588c544000] [id=563255]
  0x00007f58ec2604e0 WatcherThread [stack: 0x00007f587d5f7000,0x00007f587d6f7000] [id=563300]
  0x00007f58ec0680c0 GCTaskThread "GC Thread#0" [stack: 0x00007f588dd49000,0x00007f588de49000] [id=563222]
  0x00007f582800b040 GCTaskThread "GC Thread#1" [stack: 0x00007f587d8fa000,0x00007f587d9fa000] [id=563775]
  0x00007f582800b610 GCTaskThread "GC Thread#2" [stack: 0x00007f587d7f9000,0x00007f587d8f9000] [id=563784]
  0x00007f582800bbe0 GCTaskThread "GC Thread#3" [stack: 0x00007f587d3f5000,0x00007f587d4f5000] [id=563786]
  0x00007f582800c200 GCTaskThread "GC Thread#4" [stack: 0x00007f587d2f4000,0x00007f587d3f4000] [id=563787]
  0x00007f582800c820 GCTaskThread "GC Thread#5" [stack: 0x00007f587d1f3000,0x00007f587d2f3000] [id=563788]
  0x00007f582800ce70 GCTaskThread "GC Thread#6" [stack: 0x00007f587d0f2000,0x00007f587d1f2000] [id=563789]
  0x00007f582800d710 GCTaskThread "GC Thread#7" [stack: 0x00007f587cff1000,0x00007f587d0f1000] [id=563808]
  0x00007f582800dfd0 GCTaskThread "GC Thread#8" [stack: 0x00007f587cef0000,0x00007f587cff0000] [id=563810]
  0x00007f582800e890 GCTaskThread "GC Thread#9" [stack: 0x00007f587cdef000,0x00007f587ceef000] [id=563812]
  0x00007f582800f540 GCTaskThread "GC Thread#10" [stack: 0x00007f587ccee000,0x00007f587cdee000] [id=563827]
  0x00007f58280101f0 GCTaskThread "GC Thread#11" [stack: 0x00007f587cbed000,0x00007f587cced000] [id=563828]
  0x00007f5828011060 GCTaskThread "GC Thread#12" [stack: 0x00007f587caec000,0x00007f587cbec000] [id=563829]
  0x00007f5828011ed0 GCTaskThread "GC Thread#13" [stack: 0x00007f587c9eb000,0x00007f587caeb000] [id=563830]
  0x00007f5828012d40 GCTaskThread "GC Thread#14" [stack: 0x00007f587c8ea000,0x00007f587c9ea000] [id=563831]
  0x00007f5828013bb0 GCTaskThread "GC Thread#15" [stack: 0x00007f587c7e9000,0x00007f587c8e9000] [id=563832]
  0x00007f5828014a20 GCTaskThread "GC Thread#16" [stack: 0x00007f587c6e8000,0x00007f587c7e8000] [id=563833]
  0x00007f5828015890 GCTaskThread "GC Thread#17" [stack: 0x00007f587c5e7000,0x00007f587c6e7000] [id=563834]
  0x00007f58ec0786e0 ConcurrentGCThread "G1 Main Marker" [stack: 0x00007f588dc48000,0x00007f588dd48000] [id=563227]
  0x00007f58ec079660 ConcurrentGCThread "G1 Conc#0" [stack: 0x00007f588db47000,0x00007f588dc47000] [id=563228]
  0x00007f58ec1dc910 ConcurrentGCThread "G1 Refine#0" [stack: 0x00007f588c834000,0x00007f588c934000] [id=563231]
  0x00007f58ec1dd810 ConcurrentGCThread "G1 Service" [stack: 0x00007f588c733000,0x00007f588c833000] [id=563233]

Threads with active compile tasks:

VM state: at safepoint (normal execution)

VM Mutex/Monitor currently owned by a thread:  ([mutex/lock_event])
[0x00007f58ec02e1c0] Threads_lock - owner thread: 0x00007f58ec20ec30
[0x00007f58ec02e970] Heap_lock - owner thread: 0x00007f58ec3edcd0

Heap address: 0x0000000082000000, size: 30688 MB, Compressed Oops mode: Zero based, Oop shift amount: 3

CDS archive(s) mapped at: [0x00007f582f000000-0x00007f582fbc9000-0x00007f582fbc9000), size 12357632, SharedBaseAddress: 0x00007f582f000000, ArchiveRelocationMode: 1.
Compressed class space mapped at: 0x00007f5830000000-0x00007f5870000000, reserved size: 1073741824
Narrow klass base: 0x00007f582f000000, Narrow klass shift: 0, Narrow klass range: 0x100000000

GC Precious Log:
 CPUs: 96 total, 24 available
 Memory: 512G
 Large Page Support: Disabled
 NUMA Support: Disabled
 Compressed Oops: Enabled (Zero based)
 Heap Region Size: 16M
 Heap Min Capacity: 16M
 Heap Initial Capacity: 2G
 Heap Max Capacity: 30688M
 Pre-touch: Disabled
 Parallel Workers: 18
 Concurrent Workers: 5
 Concurrent Refinement Workers: 18
 Periodic GC: Disabled

Heap:
 garbage-first heap   total 2129920K, used 162094K [0x0000000082000000, 0x0000000800000000)
  region size 16384K, 1 young (16384K), 1 survivors (16384K)
 Metaspace       used 5567K, committed 5824K, reserved 1114112K
  class space    used 667K, committed 768K, reserved 1048576K

Heap Regions: E=young(eden), S=young(survivor), O=old, HS=humongous(starts), HC=humongous(continues), CS=collection set, F=free, OA=open archive, CA=closed archive, TAMS=top-at-mark-start (previous, next)
|   0|0x0000000082000000, 0x0000000083000000, 0x0000000083000000|100%| O|  |TAMS 0x0000000082000000, 0x0000000082000000| Untracked 
|   1|0x0000000083000000, 0x0000000084000000, 0x0000000084000000|100%| O|  |TAMS 0x0000000083000000, 0x0000000083000000| Untracked 
|   2|0x0000000084000000, 0x0000000085000000, 0x0000000085000000|100%| O|  |TAMS 0x0000000084000000, 0x0000000084000000| Untracked 
|   3|0x0000000085000000, 0x0000000086000000, 0x0000000086000000|100%| O|  |TAMS 0x0000000085000000, 0x0000000085000000| Untracked 
|   4|0x0000000086000000, 0x0000000087000000, 0x0000000087000000|100%| O|  |TAMS 0x0000000086000000, 0x0000000086000000| Untracked 
|   5|0x0000000087000000, 0x0000000088000000, 0x0000000088000000|100%| O|  |TAMS 0x0000000087000000, 0x0000000087000000| Untracked 
|   6|0x0000000088000000, 0x0000000089000000, 0x0000000089000000|100%| O|  |TAMS 0x0000000088000000, 0x0000000088000000| Untracked 
|   7|0x0000000089000000, 0x0000000089e5ea00, 0x000000008a000000| 89%| O|  |TAMS 0x0000000089000000, 0x0000000089000000| Untracked 
|   8|0x000000008a000000, 0x000000008a000000, 0x000000008b000000|  0%| F|  |TAMS 0x000000008a000000, 0x000000008a000000| Untracked 
|   9|0x000000008b000000, 0x000000008b000000, 0x000000008c000000|  0%| F|  |TAMS 0x000000008b000000, 0x000000008b000000| Untracked 
|  10|0x000000008c000000, 0x000000008c000000, 0x000000008d000000|  0%| F|  |TAMS 0x000000008c000000, 0x000000008c000000| Untracked 
|  11|0x000000008d000000, 0x000000008d000000, 0x000000008e000000|  0%| F|  |TAMS 0x000000008d000000, 0x000000008d000000| Untracked 
|  12|0x000000008e000000, 0x000000008e000000, 0x000000008f000000|  0%| F|  |TAMS 0x000000008e000000, 0x000000008e000000| Untracked 
|  13|0x000000008f000000, 0x000000008f000000, 0x0000000090000000|  0%| F|  |TAMS 0x000000008f000000, 0x000000008f000000| Untracked 
|  14|0x0000000090000000, 0x0000000090000000, 0x0000000091000000|  0%| F|  |TAMS 0x0000000090000000, 0x0000000090000000| Untracked 
|  15|0x0000000091000000, 0x0000000091000000, 0x0000000092000000|  0%| F|  |TAMS 0x0000000091000000, 0x0000000091000000| Untracked 
|  16|0x0000000092000000, 0x0000000092000000, 0x0000000093000000|  0%| F|  |TAMS 0x0000000092000000, 0x0000000092000000| Untracked 
|  17|0x0000000093000000, 0x0000000093000000, 0x0000000094000000|  0%| F|  |TAMS 0x0000000093000000, 0x0000000093000000| Untracked 
|  18|0x0000000094000000, 0x0000000094000000, 0x0000000095000000|  0%| F|  |TAMS 0x0000000094000000, 0x0000000094000000| Untracked 
|  19|0x0000000095000000, 0x0000000095000000, 0x0000000096000000|  0%| F|  |TAMS 0x0000000095000000, 0x0000000095000000| Untracked 
|  20|0x0000000096000000, 0x0000000096000000, 0x0000000097000000|  0%| F|  |TAMS 0x0000000096000000, 0x0000000096000000| Untracked 
|  21|0x0000000097000000, 0x0000000097000000, 0x0000000098000000|  0%| F|  |TAMS 0x0000000097000000, 0x0000000097000000| Untracked 
|  22|0x0000000098000000, 0x0000000098000000, 0x0000000099000000|  0%| F|  |TAMS 0x0000000098000000, 0x0000000098000000| Untracked 
|  23|0x0000000099000000, 0x0000000099000000, 0x000000009a000000|  0%| F|  |TAMS 0x0000000099000000, 0x0000000099000000| Untracked 
|  24|0x000000009a000000, 0x000000009a000000, 0x000000009b000000|  0%| F|  |TAMS 0x000000009a000000, 0x000000009a000000| Untracked 
|  25|0x000000009b000000, 0x000000009b000000, 0x000000009c000000|  0%| F|  |TAMS 0x000000009b000000, 0x000000009b000000| Untracked 
|  26|0x000000009c000000, 0x000000009c000000, 0x000000009d000000|  0%| F|  |TAMS 0x000000009c000000, 0x000000009c000000| Untracked 
|  27|0x000000009d000000, 0x000000009d000000, 0x000000009e000000|  0%| F|  |TAMS 0x000000009d000000, 0x000000009d000000| Untracked 
|  28|0x000000009e000000, 0x000000009e000000, 0x000000009f000000|  0%| F|  |TAMS 0x000000009e000000, 0x000000009e000000| Untracked 
|  29|0x000000009f000000, 0x000000009f000000, 0x00000000a0000000|  0%| F|  |TAMS 0x000000009f000000, 0x000000009f000000| Untracked 
|  30|0x00000000a0000000, 0x00000000a0000000, 0x00000000a1000000|  0%| F|  |TAMS 0x00000000a0000000, 0x00000000a0000000| Untracked 
|  31|0x00000000a1000000, 0x00000000a1000000, 0x00000000a2000000|  0%| F|  |TAMS 0x00000000a1000000, 0x00000000a1000000| Untracked 
|  32|0x00000000a2000000, 0x00000000a2000000, 0x00000000a3000000|  0%| F|  |TAMS 0x00000000a2000000, 0x00000000a2000000| Untracked 
|  33|0x00000000a3000000, 0x00000000a3000000, 0x00000000a4000000|  0%| F|  |TAMS 0x00000000a3000000, 0x00000000a3000000| Untracked 
|  34|0x00000000a4000000, 0x00000000a4000000, 0x00000000a5000000|  0%| F|  |TAMS 0x00000000a4000000, 0x00000000a4000000| Untracked 
|  35|0x00000000a5000000, 0x00000000a5000000, 0x00000000a6000000|  0%| F|  |TAMS 0x00000000a5000000, 0x00000000a5000000| Untracked 
|  36|0x00000000a6000000, 0x00000000a6000000, 0x00000000a7000000|  0%| F|  |TAMS 0x00000000a6000000, 0x00000000a6000000| Untracked 
|  37|0x00000000a7000000, 0x00000000a7000000, 0x00000000a8000000|  0%| F|  |TAMS 0x00000000a7000000, 0x00000000a7000000| Untracked 
|  38|0x00000000a8000000, 0x00000000a8000000, 0x00000000a9000000|  0%| F|  |TAMS 0x00000000a8000000, 0x00000000a8000000| Untracked 
|  39|0x00000000a9000000, 0x00000000a9000000, 0x00000000aa000000|  0%| F|  |TAMS 0x00000000a9000000, 0x00000000a9000000| Untracked 
|  40|0x00000000aa000000, 0x00000000aa000000, 0x00000000ab000000|  0%| F|  |TAMS 0x00000000aa000000, 0x00000000aa000000| Untracked 
|  41|0x00000000ab000000, 0x00000000ab000000, 0x00000000ac000000|  0%| F|  |TAMS 0x00000000ab000000, 0x00000000ab000000| Untracked 
|  42|0x00000000ac000000, 0x00000000ac000000, 0x00000000ad000000|  0%| F|  |TAMS 0x00000000ac000000, 0x00000000ac000000| Untracked 
|  43|0x00000000ad000000, 0x00000000ad000000, 0x00000000ae000000|  0%| F|  |TAMS 0x00000000ad000000, 0x00000000ad000000| Untracked 
|  44|0x00000000ae000000, 0x00000000ae000000, 0x00000000af000000|  0%| F|  |TAMS 0x00000000ae000000, 0x00000000ae000000| Untracked 
|  45|0x00000000af000000, 0x00000000af000000, 0x00000000b0000000|  0%| F|  |TAMS 0x00000000af000000, 0x00000000af000000| Untracked 
|  46|0x00000000b0000000, 0x00000000b0000000, 0x00000000b1000000|  0%| F|  |TAMS 0x00000000b0000000, 0x00000000b0000000| Untracked 
|  47|0x00000000b1000000, 0x00000000b1000000, 0x00000000b2000000|  0%| F|  |TAMS 0x00000000b1000000, 0x00000000b1000000| Untracked 
|  48|0x00000000b2000000, 0x00000000b2000000, 0x00000000b3000000|  0%| F|  |TAMS 0x00000000b2000000, 0x00000000b2000000| Untracked 
|  49|0x00000000b3000000, 0x00000000b3000000, 0x00000000b4000000|  0%| F|  |TAMS 0x00000000b3000000, 0x00000000b3000000| Untracked 
|  50|0x00000000b4000000, 0x00000000b4000000, 0x00000000b5000000|  0%| F|  |TAMS 0x00000000b4000000, 0x00000000b4000000| Untracked 
|  51|0x00000000b5000000, 0x00000000b5000000, 0x00000000b6000000|  0%| F|  |TAMS 0x00000000b5000000, 0x00000000b5000000| Untracked 
|  52|0x00000000b6000000, 0x00000000b6000000, 0x00000000b7000000|  0%| F|  |TAMS 0x00000000b6000000, 0x00000000b6000000| Untracked 
|  53|0x00000000b7000000, 0x00000000b7000000, 0x00000000b8000000|  0%| F|  |TAMS 0x00000000b7000000, 0x00000000b7000000| Untracked 
|  54|0x00000000b8000000, 0x00000000b8000000, 0x00000000b9000000|  0%| F|  |TAMS 0x00000000b8000000, 0x00000000b8000000| Untracked 
|  55|0x00000000b9000000, 0x00000000b9000000, 0x00000000ba000000|  0%| F|  |TAMS 0x00000000b9000000, 0x00000000b9000000| Untracked 
|  56|0x00000000ba000000, 0x00000000ba000000, 0x00000000bb000000|  0%| F|  |TAMS 0x00000000ba000000, 0x00000000ba000000| Untracked 
|  57|0x00000000bb000000, 0x00000000bb000000, 0x00000000bc000000|  0%| F|  |TAMS 0x00000000bb000000, 0x00000000bb000000| Untracked 
|  58|0x00000000bc000000, 0x00000000bc000000, 0x00000000bd000000|  0%| F|  |TAMS 0x00000000bc000000, 0x00000000bc000000| Untracked 
|  59|0x00000000bd000000, 0x00000000bd000000, 0x00000000be000000|  0%| F|  |TAMS 0x00000000bd000000, 0x00000000bd000000| Untracked 
|  60|0x00000000be000000, 0x00000000be000000, 0x00000000bf000000|  0%| F|  |TAMS 0x00000000be000000, 0x00000000be000000| Untracked 
|  61|0x00000000bf000000, 0x00000000bf000000, 0x00000000c0000000|  0%| F|  |TAMS 0x00000000bf000000, 0x00000000bf000000| Untracked 
|  62|0x00000000c0000000, 0x00000000c0000000, 0x00000000c1000000|  0%| F|  |TAMS 0x00000000c0000000, 0x00000000c0000000| Untracked 
|  63|0x00000000c1000000, 0x00000000c1000000, 0x00000000c2000000|  0%| F|  |TAMS 0x00000000c1000000, 0x00000000c1000000| Untracked 
|  64|0x00000000c2000000, 0x00000000c2000000, 0x00000000c3000000|  0%| F|  |TAMS 0x00000000c2000000, 0x00000000c2000000| Untracked 
|  65|0x00000000c3000000, 0x00000000c3000000, 0x00000000c4000000|  0%| F|  |TAMS 0x00000000c3000000, 0x00000000c3000000| Untracked 
|  66|0x00000000c4000000, 0x00000000c4000000, 0x00000000c5000000|  0%| F|  |TAMS 0x00000000c4000000, 0x00000000c4000000| Untracked 
|  67|0x00000000c5000000, 0x00000000c5000000, 0x00000000c6000000|  0%| F|  |TAMS 0x00000000c5000000, 0x00000000c5000000| Untracked 
|  68|0x00000000c6000000, 0x00000000c6000000, 0x00000000c7000000|  0%| F|  |TAMS 0x00000000c6000000, 0x00000000c6000000| Untracked 
|  69|0x00000000c7000000, 0x00000000c7000000, 0x00000000c8000000|  0%| F|  |TAMS 0x00000000c7000000, 0x00000000c7000000| Untracked 
|  70|0x00000000c8000000, 0x00000000c8000000, 0x00000000c9000000|  0%| F|  |TAMS 0x00000000c8000000, 0x00000000c8000000| Untracked 
|  71|0x00000000c9000000, 0x00000000c9000000, 0x00000000ca000000|  0%| F|  |TAMS 0x00000000c9000000, 0x00000000c9000000| Untracked 
|  72|0x00000000ca000000, 0x00000000ca000000, 0x00000000cb000000|  0%| F|  |TAMS 0x00000000ca000000, 0x00000000ca000000| Untracked 
|  73|0x00000000cb000000, 0x00000000cb000000, 0x00000000cc000000|  0%| F|  |TAMS 0x00000000cb000000, 0x00000000cb000000| Untracked 
|  74|0x00000000cc000000, 0x00000000cc000000, 0x00000000cd000000|  0%| F|  |TAMS 0x00000000cc000000, 0x00000000cc000000| Untracked 
|  75|0x00000000cd000000, 0x00000000cd000000, 0x00000000ce000000|  0%| F|  |TAMS 0x00000000cd000000, 0x00000000cd000000| Untracked 
|  76|0x00000000ce000000, 0x00000000ce000000, 0x00000000cf000000|  0%| F|  |TAMS 0x00000000ce000000, 0x00000000ce000000| Untracked 
|  77|0x00000000cf000000, 0x00000000cf000000, 0x00000000d0000000|  0%| F|  |TAMS 0x00000000cf000000, 0x00000000cf000000| Untracked 
|  78|0x00000000d0000000, 0x00000000d0000000, 0x00000000d1000000|  0%| F|  |TAMS 0x00000000d0000000, 0x00000000d0000000| Untracked 
|  79|0x00000000d1000000, 0x00000000d1000000, 0x00000000d2000000|  0%| F|  |TAMS 0x00000000d1000000, 0x00000000d1000000| Untracked 
|  80|0x00000000d2000000, 0x00000000d2000000, 0x00000000d3000000|  0%| F|  |TAMS 0x00000000d2000000, 0x00000000d2000000| Untracked 
|  81|0x00000000d3000000, 0x00000000d3000000, 0x00000000d4000000|  0%| F|  |TAMS 0x00000000d3000000, 0x00000000d3000000| Untracked 
|  82|0x00000000d4000000, 0x00000000d4000000, 0x00000000d5000000|  0%| F|  |TAMS 0x00000000d4000000, 0x00000000d4000000| Untracked 
|  83|0x00000000d5000000, 0x00000000d5000000, 0x00000000d6000000|  0%| F|  |TAMS 0x00000000d5000000, 0x00000000d5000000| Untracked 
|  84|0x00000000d6000000, 0x00000000d6000000, 0x00000000d7000000|  0%| F|  |TAMS 0x00000000d6000000, 0x00000000d6000000| Untracked 
|  85|0x00000000d7000000, 0x00000000d7000000, 0x00000000d8000000|  0%| F|  |TAMS 0x00000000d7000000, 0x00000000d7000000| Untracked 
|  86|0x00000000d8000000, 0x00000000d8000000, 0x00000000d9000000|  0%| F|  |TAMS 0x00000000d8000000, 0x00000000d8000000| Untracked 
|  87|0x00000000d9000000, 0x00000000d9000000, 0x00000000da000000|  0%| F|  |TAMS 0x00000000d9000000, 0x00000000d9000000| Untracked 
|  88|0x00000000da000000, 0x00000000da000000, 0x00000000db000000|  0%| F|  |TAMS 0x00000000da000000, 0x00000000da000000| Untracked 
|  89|0x00000000db000000, 0x00000000db000000, 0x00000000dc000000|  0%| F|  |TAMS 0x00000000db000000, 0x00000000db000000| Untracked 
|  90|0x00000000dc000000, 0x00000000dc000000, 0x00000000dd000000|  0%| F|  |TAMS 0x00000000dc000000, 0x00000000dc000000| Untracked 
|  91|0x00000000dd000000, 0x00000000dd000000, 0x00000000de000000|  0%| F|  |TAMS 0x00000000dd000000, 0x00000000dd000000| Untracked 
|  92|0x00000000de000000, 0x00000000de000000, 0x00000000df000000|  0%| F|  |TAMS 0x00000000de000000, 0x00000000de000000| Untracked 
|  93|0x00000000df000000, 0x00000000df000000, 0x00000000e0000000|  0%| F|  |TAMS 0x00000000df000000, 0x00000000df000000| Untracked 
|  94|0x00000000e0000000, 0x00000000e0000000, 0x00000000e1000000|  0%| F|  |TAMS 0x00000000e0000000, 0x00000000e0000000| Untracked 
|  95|0x00000000e1000000, 0x00000000e1000000, 0x00000000e2000000|  0%| F|  |TAMS 0x00000000e1000000, 0x00000000e1000000| Untracked 
|  96|0x00000000e2000000, 0x00000000e2000000, 0x00000000e3000000|  0%| F|  |TAMS 0x00000000e2000000, 0x00000000e2000000| Untracked 
|  97|0x00000000e3000000, 0x00000000e3000000, 0x00000000e4000000|  0%| F|  |TAMS 0x00000000e3000000, 0x00000000e3000000| Untracked 
|  98|0x00000000e4000000, 0x00000000e4000000, 0x00000000e5000000|  0%| F|  |TAMS 0x00000000e4000000, 0x00000000e4000000| Untracked 
|  99|0x00000000e5000000, 0x00000000e5000000, 0x00000000e6000000|  0%| F|  |TAMS 0x00000000e5000000, 0x00000000e5000000| Untracked 
| 100|0x00000000e6000000, 0x00000000e6000000, 0x00000000e7000000|  0%| F|  |TAMS 0x00000000e6000000, 0x00000000e6000000| Untracked 
| 101|0x00000000e7000000, 0x00000000e7000000, 0x00000000e8000000|  0%| F|  |TAMS 0x00000000e7000000, 0x00000000e7000000| Untracked 
| 102|0x00000000e8000000, 0x00000000e8000000, 0x00000000e9000000|  0%| F|  |TAMS 0x00000000e8000000, 0x00000000e8000000| Untracked 
| 103|0x00000000e9000000, 0x00000000e9000000, 0x00000000ea000000|  0%| F|  |TAMS 0x00000000e9000000, 0x00000000e9000000| Untracked 
| 104|0x00000000ea000000, 0x00000000ea000000, 0x00000000eb000000|  0%| F|  |TAMS 0x00000000ea000000, 0x00000000ea000000| Untracked 
| 105|0x00000000eb000000, 0x00000000eb000000, 0x00000000ec000000|  0%| F|  |TAMS 0x00000000eb000000, 0x00000000eb000000| Untracked 
| 106|0x00000000ec000000, 0x00000000ec000000, 0x00000000ed000000|  0%| F|  |TAMS 0x00000000ec000000, 0x00000000ec000000| Untracked 
| 107|0x00000000ed000000, 0x00000000ed000000, 0x00000000ee000000|  0%| F|  |TAMS 0x00000000ed000000, 0x00000000ed000000| Untracked 
| 108|0x00000000ee000000, 0x00000000ee000000, 0x00000000ef000000|  0%| F|  |TAMS 0x00000000ee000000, 0x00000000ee000000| Untracked 
| 109|0x00000000ef000000, 0x00000000ef000000, 0x00000000f0000000|  0%| F|  |TAMS 0x00000000ef000000, 0x00000000ef000000| Untracked 
| 110|0x00000000f0000000, 0x00000000f0000000, 0x00000000f1000000|  0%| F|  |TAMS 0x00000000f0000000, 0x00000000f0000000| Untracked 
| 111|0x00000000f1000000, 0x00000000f1000000, 0x00000000f2000000|  0%| F|  |TAMS 0x00000000f1000000, 0x00000000f1000000| Untracked 
| 112|0x00000000f2000000, 0x00000000f2000000, 0x00000000f3000000|  0%| F|  |TAMS 0x00000000f2000000, 0x00000000f2000000| Untracked 
| 113|0x00000000f3000000, 0x00000000f3000000, 0x00000000f4000000|  0%| F|  |TAMS 0x00000000f3000000, 0x00000000f3000000| Untracked 
| 114|0x00000000f4000000, 0x00000000f4000000, 0x00000000f5000000|  0%| F|  |TAMS 0x00000000f4000000, 0x00000000f4000000| Untracked 
| 115|0x00000000f5000000, 0x00000000f5000000, 0x00000000f6000000|  0%| F|  |TAMS 0x00000000f5000000, 0x00000000f5000000| Untracked 
| 116|0x00000000f6000000, 0x00000000f6000000, 0x00000000f7000000|  0%| F|  |TAMS 0x00000000f6000000, 0x00000000f6000000| Untracked 
| 117|0x00000000f7000000, 0x00000000f7000000, 0x00000000f8000000|  0%| F|  |TAMS 0x00000000f7000000, 0x00000000f7000000| Untracked 
| 118|0x00000000f8000000, 0x00000000f8000000, 0x00000000f9000000|  0%| F|  |TAMS 0x00000000f8000000, 0x00000000f8000000| Untracked 
| 119|0x00000000f9000000, 0x00000000fa000000, 0x00000000fa000000|100%| S|CS|TAMS 0x00000000f9000000, 0x00000000f9000000| Complete 
| 120|0x00000000fa000000, 0x00000000fa000000, 0x00000000fb000000|  0%| F|  |TAMS 0x00000000fa000000, 0x00000000fa000000| Untracked 
| 121|0x00000000fb000000, 0x00000000fb000000, 0x00000000fc000000|  0%| F|  |TAMS 0x00000000fb000000, 0x00000000fb000000| Untracked 
| 122|0x00000000fc000000, 0x00000000fc000000, 0x00000000fd000000|  0%| F|  |TAMS 0x00000000fc000000, 0x00000000fc000000| Untracked 
| 123|0x00000000fd000000, 0x00000000fd000000, 0x00000000fe000000|  0%| F|  |TAMS 0x00000000fd000000, 0x00000000fd000000| Untracked 
| 124|0x00000000fe000000, 0x00000000fe000000, 0x00000000ff000000|  0%| F|  |TAMS 0x00000000fe000000, 0x00000000fe000000| Untracked 
| 125|0x00000000ff000000, 0x00000000ff000000, 0x0000000100000000|  0%| F|  |TAMS 0x00000000ff000000, 0x00000000ff000000| Untracked 
| 126|0x0000000100000000, 0x0000000100000000, 0x0000000101000000|  0%| F|  |TAMS 0x0000000100000000, 0x0000000100000000| Untracked 
| 127|0x0000000101000000, 0x0000000101000000, 0x0000000102000000|  0%| F|  |TAMS 0x0000000101000000, 0x0000000101000000| Untracked 
|1916|0x00000007fe000000, 0x00000007fef75000, 0x00000007ff000000| 96%|OA|  |TAMS 0x00000007fe000000, 0x00000007fe000000| Untracked 
|1917|0x00000007ff000000, 0x00000007ff078000, 0x0000000800000000|  2%|CA|  |TAMS 0x00000007ff000000, 0x00000007ff000000| Untracked 

Card table byte_map: [0x00007f58cda2d000,0x00007f58d161d000] _byte_map_base: 0x00007f58cd61d000

Marking Bits (Prev, Next): (CMBitMap*) 0x00007f58ec068b50, (CMBitMap*) 0x00007f58ec068b90
 Prev Bits: [0x00007f58abebd000, 0x00007f58c9e3d000)
 Next Bits: [0x00007f588df3d000, 0x00007f58abebd000)

Polling page: 0x00007f58f3d3f000

Metaspace:

Usage:
  Non-class:      4.78 MB used.
      Class:    667.78 KB used.
       Both:      5.44 MB used.

Virtual space:
  Non-class space:       64.00 MB reserved,       4.94 MB (  8%) committed,  1 nodes.
      Class space:        1.00 GB reserved,     768.00 KB ( <1%) committed,  1 nodes.
             Both:        1.06 GB reserved,       5.69 MB ( <1%) committed. 

Chunk freelists:
   Non-Class:  10.05 MB
       Class:  15.11 MB
        Both:  25.15 MB

MaxMetaspaceSize: unlimited
CompressedClassSpaceSize: 1.00 GB
Initial GC threshold: 21.00 MB
Current GC threshold: 21.00 MB
CDS: on
MetaspaceReclaimPolicy: balanced
 - commit_granule_bytes: 65536.
 - commit_granule_words: 8192.
 - virtual_space_node_default_size: 8388608.
 - enlarge_chunks_in_place: 1.
 - new_chunks_are_fully_committed: 0.
 - uncommit_free_chunks: 1.
 - use_allocation_guard: 0.
 - handle_deallocations: 1.


Internal statistics:

num_allocs_failed_limit: 0.
num_arena_births: 140.
num_arena_deaths: 0.
num_vsnodes_births: 2.
num_vsnodes_deaths: 0.
num_space_committed: 91.
num_space_uncommitted: 0.
num_chunks_returned_to_freelist: 0.
num_chunks_taken_from_freelist: 305.
num_chunk_merges: 0.
num_chunk_splits: 177.
num_chunks_enlarged: 94.
num_inconsistent_stats: 0.

CodeHeap 'non-profiled nmethods': size=119168Kb used=357Kb max_used=357Kb free=118810Kb
 bounds [0x00007f58dcf9e000, 0x00007f58dd20e000, 0x00007f58e43fe000]
CodeHeap 'profiled nmethods': size=119164Kb used=2253Kb max_used=2253Kb free=116910Kb
 bounds [0x00007f58d53fe000, 0x00007f58d566e000, 0x00007f58dc85d000]
CodeHeap 'non-nmethods': size=7428Kb used=1733Kb max_used=2858Kb free=5694Kb
 bounds [0x00007f58dc85d000, 0x00007f58dcb2d000, 0x00007f58dcf9e000]
 total_blobs=1708 nmethods=1247 adapters=374
 compilation: enabled
              stopped_count=0, restarted_count=0
 full_count=0

Compilation events (20 events):
Event: 3.378 Thread 0x00007f58ec21c9c0 1236       4       java.lang.AbstractStringBuilder::append (60 bytes)
Event: 3.418 Thread 0x00007f58ec21c9c0 nmethod 1236 0x00007f58dcff1f10 code [0x00007f58dcff20c0, 0x00007f58dcff2bb8]
Event: 3.443 Thread 0x00007f58ec21def0 1237 % !   3       org.apache.commons.beanutils.memoryleaktests.MemoryLeakTestCase::forceGarbageCollection @ 43 (249 bytes)
Event: 3.444 Thread 0x00007f58ec21def0 nmethod 1237% 0x00007f58d5624090 code [0x00007f58d5624660, 0x00007f58d5626fb0]
Event: 3.456 Thread 0x00007f5808003690 1238   !   3       org.apache.commons.beanutils.memoryleaktests.MemoryLeakTestCase::forceGarbageCollection (249 bytes)
Event: 3.457 Thread 0x00007f5808003690 nmethod 1238 0x00007f58d5628210 code [0x00007f58d56287e0, 0x00007f58d562afb0]
Event: 3.469 Thread 0x00007f58ec21c9c0 1239 % !   4       org.apache.commons.beanutils.memoryleaktests.MemoryLeakTestCase::forceGarbageCollection @ 43 (249 bytes)
Event: 3.732 Thread 0x00007f58ec21def0 1240       3       java.lang.ref.SoftReference::get (29 bytes)
Event: 3.732 Thread 0x00007f58ec21def0 nmethod 1240 0x00007f58d562c110 code [0x00007f58d562c2c0, 0x00007f58d562c490]
Event: 3.733 Thread 0x00007f58ec21def0 1242       3       java.lang.ref.Reference::enqueueFromPending (19 bytes)
Event: 3.733 Thread 0x00007f58ec21def0 nmethod 1242 0x00007f58d562c510 code [0x00007f58d562c6c0, 0x00007f58d562c8e0]
Event: 3.733 Thread 0x00007f58ec21def0 1243   !   3       java.lang.ref.ReferenceQueue::enqueue (119 bytes)
Event: 3.733 Thread 0x00007f58ec21def0 nmethod 1243 0x00007f58d562c990 code [0x00007f58d562cb80, 0x00007f58d562d260]
Event: 3.765 Thread 0x00007f58ec21c9c0 nmethod 1239% 0x00007f58dcff3c10 code [0x00007f58dcff3e40, 0x00007f58dcff5078]
Event: 3.766 Thread 0x00007f58ec21c9c0 1246       4       java.lang.ref.SoftReference::get (29 bytes)
Event: 3.766 Thread 0x00007f58ec21c9c0 nmethod 1246 0x00007f58dcff5890 code [0x00007f58dcff5a20, 0x00007f58dcff5b18]
Event: 3.779 Thread 0x00007f58ec21def0 1247 % !   3       org.apache.commons.beanutils.memoryleaktests.MemoryLeakTestCase::forceGarbageCollection @ 43 (249 bytes)
Event: 3.781 Thread 0x00007f58ec21def0 nmethod 1247% 0x00007f58d562d410 code [0x00007f58d562d9e0, 0x00007f58d5630330]
Event: 3.785 Thread 0x00007f58ec21c9c0 1248 % !   4       org.apache.commons.beanutils.memoryleaktests.MemoryLeakTestCase::forceGarbageCollection @ 43 (249 bytes)
Event: 3.811 Thread 0x00007f58ec21c9c0 nmethod 1248% 0x00007f58dcff5b90 code [0x00007f58dcff5dc0, 0x00007f58dcff6f98]

GC Heap History (11 events):
Event: 3.722 GC heap before
{Heap before GC invocations=0 (full 0):
 garbage-first heap   total 2129920K, used 114612K [0x0000000082000000, 0x0000000800000000)
  region size 16384K, 6 young (98304K), 0 survivors (0K)
 Metaspace       used 5565K, committed 5824K, reserved 1114112K
  class space    used 667K, committed 768K, reserved 1048576K
}
Event: 3.732 GC heap after
{Heap after GC invocations=1 (full 0):
 garbage-first heap   total 2129920K, used 37388K [0x0000000082000000, 0x0000000800000000)
  region size 16384K, 1 young (16384K), 1 survivors (16384K)
 Metaspace       used 5565K, committed 5824K, reserved 1114112K
  class space    used 667K, committed 768K, reserved 1048576K
}
Event: 3.747 GC heap before
{Heap before GC invocations=1 (full 0):
 garbage-first heap   total 2129920K, used 119308K [0x0000000082000000, 0x0000000800000000)
  region size 16384K, 6 young (98304K), 1 survivors (16384K)
 Metaspace       used 5567K, committed 5824K, reserved 1114112K
  class space    used 667K, committed 768K, reserved 1048576K
}
Event: 3.758 GC heap after
{Heap after GC invocations=2 (full 0):
 garbage-first heap   total 2129920K, used 59357K [0x0000000082000000, 0x0000000800000000)
  region size 16384K, 1 young (16384K), 1 survivors (16384K)
 Metaspace       used 5567K, committed 5824K, reserved 1114112K
  class space    used 667K, committed 768K, reserved 1048576K
}
Event: 3.769 GC heap before
{Heap before GC invocations=2 (full 0):
 garbage-first heap   total 2129920K, used 141277K [0x0000000082000000, 0x0000000800000000)
  region size 16384K, 6 young (98304K), 1 survivors (16384K)
 Metaspace       used 5567K, committed 5824K, reserved 1114112K
  class space    used 667K, committed 768K, reserved 1048576K
}
Event: 3.778 GC heap after
{Heap after GC invocations=3 (full 0):
 garbage-first heap   total 2129920K, used 82615K [0x0000000082000000, 0x0000000800000000)
  region size 16384K, 1 young (16384K), 1 survivors (16384K)
 Metaspace       used 5567K, committed 5824K, reserved 1114112K
  class space    used 667K, committed 768K, reserved 1048576K
}
Event: 3.791 GC heap before
{Heap before GC invocations=3 (full 0):
 garbage-first heap   total 2129920K, used 164535K [0x0000000082000000, 0x0000000800000000)
  region size 16384K, 6 young (98304K), 1 survivors (16384K)
 Metaspace       used 5567K, committed 5824K, reserved 1114112K
  class space    used 667K, committed 768K, reserved 1048576K
}
Event: 3.810 GC heap after
{Heap after GC invocations=4 (full 0):
 garbage-first heap   total 2129920K, used 107942K [0x0000000082000000, 0x0000000800000000)
  region size 16384K, 1 young (16384K), 1 survivors (16384K)
 Metaspace       used 5567K, committed 5824K, reserved 1114112K
  class space    used 667K, committed 768K, reserved 1048576K
}
Event: 3.817 GC heap before
{Heap before GC invocations=4 (full 0):
 garbage-first heap   total 2129920K, used 189862K [0x0000000082000000, 0x0000000800000000)
  region size 16384K, 6 young (98304K), 1 survivors (16384K)
 Metaspace       used 5567K, committed 5824K, reserved 1114112K
  class space    used 667K, committed 768K, reserved 1048576K
}
Event: 3.832 GC heap after
{Heap after GC invocations=5 (full 0):
 garbage-first heap   total 2129920K, used 130828K [0x0000000082000000, 0x0000000800000000)
  region size 16384K, 1 young (16384K), 1 survivors (16384K)
 Metaspace       used 5567K, committed 5824K, reserved 1114112K
  class space    used 667K, committed 768K, reserved 1048576K
}
Event: 3.848 GC heap before
{Heap before GC invocations=5 (full 0):
 garbage-first heap   total 2129920K, used 245516K [0x0000000082000000, 0x0000000800000000)
  region size 16384K, 8 young (131072K), 1 survivors (16384K)
 Metaspace       used 5567K, committed 5824K, reserved 1114112K
  class space    used 667K, committed 768K, reserved 1048576K
}

Dll operation events (12 events):
Event: 0.005 Loaded shared library /sfs/gpfs/tardis/applications/202512/software/standard/core/java/17/lib/libjava.so
Event: 0.006 Loaded shared library /sfs/gpfs/tardis/applications/202512/software/standard/core/java/17/lib/libzip.so
Event: 0.034 Loaded shared library /sfs/gpfs/tardis/applications/202512/software/standard/core/java/17/lib/libjsvml.so
Event: 0.136 Loaded shared library /sfs/gpfs/tardis/applications/202512/software/standard/core/java/17/lib/libinstrument.so
Event: 0.208 Loaded shared library /sfs/gpfs/tardis/applications/202512/software/standard/core/java/17/lib/libnio.so
Event: 0.212 Loaded shared library /sfs/gpfs/tardis/applications/202512/software/standard/core/java/17/lib/libzip.so
Event: 0.359 Loaded shared library /sfs/gpfs/tardis/applications/202512/software/standard/core/java/17/lib/libjimage.so
Event: 0.798 Loaded shared library /sfs/gpfs/tardis/applications/202512/software/standard/core/java/17/lib/libverify.so
Event: 0.821 Loaded shared library /sfs/gpfs/tardis/applications/202512/software/standard/core/java/17/lib/libnet.so
Event: 0.855 Loaded shared library /sfs/gpfs/tardis/applications/202512/software/standard/core/java/17/lib/libextnet.so
Event: 0.906 Loaded shared library /sfs/gpfs/tardis/applications/202512/software/standard/core/java/17/lib/libmanagement.so
Event: 0.907 Loaded shared library /sfs/gpfs/tardis/applications/202512/software/standard/core/java/17/lib/libmanagement_ext.so

Deoptimization events (20 events):
Event: 2.788 Thread 0x00007f58ec3edcd0 Uncommon trap: trap_request=0xffffff45 fr.pc=0x00007f58dcfe9ce8 relative=0x0000000000000048
Event: 2.788 Thread 0x00007f58ec3edcd0 Uncommon trap: reason=unstable_if action=reinterpret pc=0x00007f58dcfe9ce8 method=java.lang.CharacterData.of(I)Ljava/lang/CharacterData; @ 4 c2
Event: 2.788 Thread 0x00007f58ec3edcd0 DEOPT PACKING pc=0x00007f58dcfe9ce8 sp=0x00007f587d5f2f80
Event: 2.788 Thread 0x00007f58ec3edcd0 DEOPT UNPACKING pc=0x00007f58dc8b6b19 sp=0x00007f587d5f2f40 mode 2
Event: 3.145 Thread 0x00007f58ec3edcd0 Uncommon trap: trap_request=0xffffff6e fr.pc=0x00007f58dcfcca20 relative=0x0000000000000180
Event: 3.145 Thread 0x00007f58ec3edcd0 Uncommon trap: reason=loop_limit_check action=maybe_recompile pc=0x00007f58dcfcca20 method=java.lang.StringLatin1.lastIndexOf([BII)I @ 19 c2
Event: 3.145 Thread 0x00007f58ec3edcd0 DEOPT PACKING pc=0x00007f58dcfcca20 sp=0x00007f587d5f34c0
Event: 3.145 Thread 0x00007f58ec3edcd0 DEOPT UNPACKING pc=0x00007f58dc8b6b19 sp=0x00007f587d5f3460 mode 2
Event: 3.732 Thread 0x00007f58ec3edcd0 Uncommon trap: trap_request=0xffffff45 fr.pc=0x00007f58dcfefb84 relative=0x00000000000000e4
Event: 3.732 Thread 0x00007f58ec3edcd0 Uncommon trap: reason=unstable_if action=reinterpret pc=0x00007f58dcfefb84 method=java.lang.ref.SoftReference.get()Ljava/lang/Object; @ 17 c2
Event: 3.732 Thread 0x00007f58ec3edcd0 DEOPT PACKING pc=0x00007f58dcfefb84 sp=0x00007f587d5f38f0
Event: 3.732 Thread 0x00007f58ec3edcd0 DEOPT UNPACKING pc=0x00007f58dc8b6b19 sp=0x00007f587d5f38a0 mode 2
Event: 3.766 Thread 0x00007f58ec3edcd0 DEOPT PACKING pc=0x00007f58d56267ad sp=0x00007f587d5f3920
Event: 3.766 Thread 0x00007f58ec3edcd0 DEOPT UNPACKING pc=0x00007f58dc8b764f sp=0x00007f587d5f2ef0 mode 0
Event: 3.779 Thread 0x00007f58ec3edcd0 Uncommon trap: trap_request=0xffffff45 fr.pc=0x00007f58dcff4c3c relative=0x0000000000000dfc
Event: 3.779 Thread 0x00007f58ec3edcd0 Uncommon trap: reason=unstable_if action=reinterpret pc=0x00007f58dcff4c3c method=java.lang.ref.SoftReference.get()Ljava/lang/Object; @ 17 c2
Event: 3.779 Thread 0x00007f58ec3edcd0 DEOPT PACKING pc=0x00007f58dcff4c3c sp=0x00007f587d5f3a00
Event: 3.779 Thread 0x00007f58ec3edcd0 DEOPT UNPACKING pc=0x00007f58dc8b6b19 sp=0x00007f587d5f3990 mode 2
Event: 3.811 Thread 0x00007f58ec3edcd0 DEOPT PACKING pc=0x00007f58d562fb1d sp=0x00007f587d5f3920
Event: 3.811 Thread 0x00007f58ec3edcd0 DEOPT UNPACKING pc=0x00007f58dc8b764f sp=0x00007f587d5f2ef0 mode 0

Classes loaded (20 events):
Event: 3.360 Loading class org/apache/commons/beanutils/DynaBean
Event: 3.360 Loading class org/apache/commons/beanutils/DynaBean done
Event: 3.361 Loading class jdk/internal/misc/ScopedMemoryAccess$Scope
Event: 3.361 Loading class jdk/internal/misc/ScopedMemoryAccess$Scope done
Event: 3.362 Loading class java/net/URLClassLoader$5
Event: 3.362 Loading class java/net/URLClassLoader$5 done
Event: 3.362 Loading class java/net/FactoryURLClassLoader
Event: 3.362 Loading class java/net/FactoryURLClassLoader done
Event: 3.362 Loading class org/apache/commons/beanutils/memoryleaktests/pojotests/CustomInteger
Event: 3.362 Loading class org/apache/commons/beanutils/memoryleaktests/pojotests/CustomInteger done
Event: 3.362 Loading class java/net/URLClassLoader$1
Event: 3.362 Loading class java/net/URLClassLoader$1 done
Event: 3.362 Loading class java/io/FilePermissionCollection
Event: 3.362 Loading class java/io/FilePermissionCollection done
Event: 3.362 Loading class java/io/FilePermissionCollection$1
Event: 3.362 Loading class java/io/FilePermissionCollection$1 done
Event: 3.363 Loading class java/util/WeakHashMap$EntrySet
Event: 3.363 Loading class java/util/WeakHashMap$EntrySet done
Event: 3.363 Loading class java/util/WeakHashMap$EntryIterator
Event: 3.363 Loading class java/util/WeakHashMap$EntryIterator done

Classes unloaded (0 events):
No events

Classes redefined (1 events):
Event: 2.064 Thread 0x00007f58ec20ec30 redefined class name=org.apache.commons.beanutils.locale.BaseLocaleConverter, count=1

Internal exceptions (17 events):
Event: 0.825 Thread 0x00007f58ec032990 Exception <a 'java/lang/NoSuchMethodError'{0x0000000101553528}: 'java.lang.Object java.lang.invoke.DirectMethodHandle$Holder.invokeStaticInit(java.lang.Object)'> (0x0000000101553528) 
thrown [src/hotspot/share/interpreter/linkResolver.cpp, line 758]
Event: 0.856 Thread 0x00007f58ec032990 Exception <a 'java/lang/NoSuchMethodError'{0x000000010157d8f0}: 'void java.lang.invoke.DirectMethodHandle$Holder.invokeStatic(java.lang.Object, java.lang.Object)'> (0x000000010157d8f0) 
thrown [src/hotspot/share/interpreter/linkResolver.cpp, line 758]
Event: 0.878 Thread 0x00007f58ec032990 Exception <a 'java/lang/NoSuchMethodError'{0x00000001015a0ba8}: 'void java.lang.invoke.DirectMethodHandle$Holder.invokeStatic(java.lang.Object, java.lang.Object, java.lang.Object, java.lang.Object)'> (0x00000001015a0ba8) 
thrown [src/hotspot/share/interpreter/linkResolver.cpp, line 758]
Event: 0.911 Thread 0x00007f58ec032990 Exception <a 'java/lang/NoSuchMethodError'{0x00000001015ec5c8}: 'int java.lang.invoke.DirectMethodHandle$Holder.invokeSpecial(java.lang.Object, java.lang.Object, java.lang.Object)'> (0x00000001015ec5c8) 
thrown [src/hotspot/share/interpreter/linkResolver.cpp, line 758]
Event: 1.196 Thread 0x00007f58ec032990 Exception <a 'java/lang/NoSuchMethodError'{0x0000000101b0f428}: 'java.lang.Object java.lang.invoke.DirectMethodHandle$Holder.invokeInterface(java.lang.Object, java.lang.Object)'> (0x0000000101b0f428) 
thrown [src/hotspot/share/interpreter/linkResolver.cpp, line 758]
Event: 1.199 Thread 0x00007f58ec032990 Exception <a 'java/lang/NoSuchMethodError'{0x0000000101b26f60}: 'void java.lang.invoke.DirectMethodHandle$Holder.invokeStaticInit(java.lang.Object, java.lang.Object)'> (0x0000000101b26f60) 
thrown [src/hotspot/share/interpreter/linkResolver.cpp, line 758]
Event: 1.211 Thread 0x00007f58ec032990 Exception <a 'java/lang/NoSuchMethodError'{0x0000000101b562a0}: 'java.lang.Object java.lang.invoke.Invokers$Holder.invokeExact_MT(java.lang.Object, java.lang.Object, java.lang.Object, java.lang.Object, java.lang.Object, java.lang.Object)'> (0x0000000101b562a0) 
thrown [src/hotspot/share/interpreter/linkResolver.cpp, line 758]
Event: 1.230 Thread 0x00007f58ec032990 Exception <a 'java/lang/NoSuchMethodError'{0x0000000101b9acf8}: 'int java.lang.invoke.DirectMethodHandle$Holder.invokeSpecialIFC(java.lang.Object, java.lang.Object, java.lang.Object)'> (0x0000000101b9acf8) 
thrown [src/hotspot/share/interpreter/linkResolver.cpp, line 758]
Event: 1.330 Thread 0x00007f58ec032990 Exception <a 'java/lang/NoSuchMethodError'{0x0000000101bfcc40}: 'void java.lang.invoke.DirectMethodHandle$Holder.invokeInterface(java.lang.Object, java.lang.Object, java.lang.Object)'> (0x0000000101bfcc40) 
thrown [src/hotspot/share/interpreter/linkResolver.cpp, line 758]
Event: 1.395 Thread 0x00007f58ec032990 Exception <a 'java/lang/NoSuchMethodError'{0x0000000101c4f6c8}: 'int java.lang.invoke.DirectMethodHandle$Holder.invokeInterface(java.lang.Object, java.lang.Object)'> (0x0000000101c4f6c8) 
thrown [src/hotspot/share/interpreter/linkResolver.cpp, line 758]
Event: 1.395 Thread 0x00007f58ec032990 Exception <a 'java/lang/IncompatibleClassChangeError'{0x0000000101c52bb0}: Found class java.lang.Object, but interface was expected> (0x0000000101c52bb0) 
thrown [src/hotspot/share/interpreter/linkResolver.cpp, line 826]
Event: 1.531 Thread 0x00007f58ec032990 Exception <a 'java/lang/IncompatibleClassChangeError'{0x000000010001c300}: Found class java.lang.Object, but interface was expected> (0x000000010001c300) 
thrown [src/hotspot/share/interpreter/linkResolver.cpp, line 826]
Event: 1.827 Thread 0x00007f58ec032990 Exception <a 'java/lang/NoSuchMethodError'{0x0000000100078f18}: 'java.lang.Object java.lang.invoke.DirectMethodHandle$Holder.newInvokeSpecial(java.lang.Object, java.lang.Object, java.lang.Object, java.lang.Object, java.lang.Object)'> (0x0000000100078f18) 
thrown [src/hotspot/share/interpreter/linkResolver.cpp, line 758]
Event: 1.849 Thread 0x00007f58ec032990 Exception <a 'java/lang/NoSuchMethodError'{0x00000001000dd298}: 'int java.lang.invoke.DirectMethodHandle$Holder.invokeVirtual(java.lang.Object, java.lang.Object)'> (0x00000001000dd298) 
thrown [src/hotspot/share/interpreter/linkResolver.cpp, line 758]
Event: 2.132 Thread 0x00007f58ec032990 Exception <a 'java/lang/NoSuchMethodError'{0x00000001004164a0}: 'void java.lang.invoke.DirectMethodHandle$Holder.invokeSpecial(java.lang.Object, java.lang.Object, java.lang.Object)'> (0x00000001004164a0) 
thrown [src/hotspot/share/interpreter/linkResolver.cpp, line 758]
Event: 2.690 Thread 0x00007f58ec3ec910 Exception <a 'java/lang/NoClassDefFoundError'{0x000000010068fdb8}: org/apache/log4j/Priority> (0x000000010068fdb8) 
thrown [src/hotspot/share/classfile/systemDictionary.cpp, line 245]
Event: 2.775 Thread 0x00007f58ec032990 Exception <a 'java/lang/NoSuchMethodError'{0x0000000100436af0}: 'void java.lang.invoke.DirectMethodHandle$Holder.invokeStatic(java.lang.Object, java.lang.Object, java.lang.Object)'> (0x0000000100436af0) 
thrown [src/hotspot/share/interpreter/linkResolver.cpp, line 758]

VM Operations (20 events):
Event: 1.080 Executing VM operation: HandshakeAllThreads done
Event: 1.080 Executing VM operation: Cleanup
Event: 1.080 Executing VM operation: Cleanup done
Event: 1.401 Executing VM operation: HandshakeAllThreads
Event: 1.401 Executing VM operation: HandshakeAllThreads done
Event: 2.053 Executing VM operation: RedefineClasses
Event: 2.066 Executing VM operation: RedefineClasses done
Event: 2.951 Executing VM operation: HandshakeAllThreads
Event: 2.952 Executing VM operation: HandshakeAllThreads done
Event: 3.471 Executing VM operation: G1CollectForAllocation
Event: 3.732 Executing VM operation: G1CollectForAllocation done
Event: 3.747 Executing VM operation: G1CollectForAllocation
Event: 3.758 Executing VM operation: G1CollectForAllocation done
Event: 3.769 Executing VM operation: G1CollectForAllocation
Event: 3.779 Executing VM operation: G1CollectForAllocation done
Event: 3.791 Executing VM operation: G1CollectForAllocation
Event: 3.811 Executing VM operation: G1CollectForAllocation done
Event: 3.817 Executing VM operation: G1CollectForAllocation
Event: 3.832 Executing VM operation: G1CollectForAllocation done
Event: 3.848 Executing VM operation: G1CollectForAllocation

Memory protections (20 events):
Event: 0.036 Protecting memory [0x00007f588c343000,0x00007f588c347000] with protection modes 0
Event: 0.052 Protecting memory [0x00007f588c242000,0x00007f588c246000] with protection modes 0
Event: 0.052 Protecting memory [0x00007f588c141000,0x00007f588c145000] with protection modes 0
Event: 0.069 Protecting memory [0x00007f588c040000,0x00007f588c044000] with protection modes 0
Event: 0.082 Protecting memory [0x00007f587df00000,0x00007f587df04000] with protection modes 0
Event: 0.096 Protecting memory [0x00007f587ddff000,0x00007f587de03000] with protection modes 0
Event: 0.098 Protecting memory [0x00007f587dcfe000,0x00007f587dd02000] with protection modes 0
Event: 0.099 Protecting memory [0x00007f587dbfd000,0x00007f587dc01000] with protection modes 0
Event: 0.112 Protecting memory [0x00007f587d9fb000,0x00007f587d9ff000] with protection modes 0
Event: 0.123 Protecting memory [0x00007f587dafc000,0x00007f587db00000] with protection modes 0
Event: 0.135 Protecting memory [0x00007f587d8fa000,0x00007f587d8fe000] with protection modes 0
Event: 0.157 Protecting memory [0x00007f587d7f9000,0x00007f587d7fd000] with protection modes 0
Event: 0.160 Protecting memory [0x00007f587d6f8000,0x00007f587d6fc000] with protection modes 0
Event: 0.523 Protecting memory [0x00007f587d4f6000,0x00007f587d4fa000] with protection modes 0
Event: 0.545 Protecting memory [0x00007f587d3f5000,0x00007f587d3f9000] with protection modes 0
Event: 0.569 Protecting memory [0x00007f587d2f4000,0x00007f587d2f8000] with protection modes 0
Event: 0.581 Protecting memory [0x00007f587d1f3000,0x00007f587d1f7000] with protection modes 0
Event: 2.160 Protecting memory [0x00007f587d4f6000,0x00007f587d4fa000] with protection modes 0
Event: 2.787 Protecting memory [0x00007f587d4f6000,0x00007f587d4fa000] with protection modes 0
Event: 2.811 Protecting memory [0x00007f587d4f6000,0x00007f587d4fa000] with protection modes 0

Nmethod flushes (0 events):
No events

Events (20 events):
Event: 0.112 Thread 0x00007f58ec032990 Thread added: 0x00007f58ec22b980
Event: 0.123 Thread 0x00007f58ec21def0 Thread added: 0x00007f5808003690
Event: 0.135 Thread 0x00007f58ec21def0 Thread added: 0x00007f5808004810
Event: 0.156 Thread 0x00007f58ec21def0 Thread added: 0x00007f5808005d50
Event: 0.160 Thread 0x00007f58ec032990 Thread added: 0x00007f58ec25e890
Event: 0.522 Thread 0x00007f5808005d50 Thread added: 0x00007f57fc001f30
Event: 0.545 Thread 0x00007f5808005d50 Thread added: 0x00007f57fc003090
Event: 0.569 Thread 0x00007f5808005d50 Thread added: 0x00007f57fc0045f0
Event: 0.580 Thread 0x00007f5808005d50 Thread added: 0x00007f57fc005770
Event: 0.741 Thread 0x00007f57fc005770 Thread exited: 0x00007f57fc005770
Event: 0.751 Thread 0x00007f57fc0045f0 Thread exited: 0x00007f57fc0045f0
Event: 0.864 Thread 0x00007f57fc003090 Thread exited: 0x00007f57fc003090
Event: 0.915 Thread 0x00007f57fc001f30 Thread exited: 0x00007f57fc001f30
Event: 2.149 Thread 0x00007f58ec032990 Thread added: 0x00007f58ec3ec910
Event: 2.678 Thread 0x00007f5808005d50 Thread exited: 0x00007f5808005d50
Event: 2.697 Thread 0x00007f5808004810 Thread exited: 0x00007f5808004810
Event: 2.759 Thread 0x00007f58ec3ec910 Thread exited: 0x00007f58ec3ec910
Event: 2.786 Thread 0x00007f58ec032990 Thread added: 0x00007f58ec3edcd0
Event: 2.788 Thread 0x00007f58ec3edcd0 Thread exited: 0x00007f58ec3edcd0
Event: 2.810 Thread 0x00007f58ec032990 Thread added: 0x00007f58ec3edcd0


Dynamic libraries:
82000000-102000000 rw-p 00000000 00:00 0 
206000000-7fe000000 ---p 00000000 00:00 0 
7fe000000-7fef00000 rw-p 00000000 00:00 0 
7fef00000-7fef75000 rw-p 00c79000 00:33 8596472648                       /sfs/gpfs/tardis/applications/202512/software/standard/core/java/17/lib/server/classes.jsa
7fef75000-7ff000000 rw-p 00000000 00:00 0 
7ff000000-7ff078000 rw-p 00c01000 00:33 8596472648                       /sfs/gpfs/tardis/applications/202512/software/standard/core/java/17/lib/server/classes.jsa
7ff078000-800000000 rw-p 00000000 00:00 0 
55fd591bb000-55fd591bc000 r--p 00000000 00:33 8596472430                 /sfs/gpfs/tardis/applications/202512/software/standard/core/java/17/bin/java
55fd591bc000-55fd591bd000 r-xp 00001000 00:33 8596472430                 /sfs/gpfs/tardis/applications/202512/software/standard/core/java/17/bin/java
55fd591bd000-55fd591be000 r--p 00002000 00:33 8596472430                 /sfs/gpfs/tardis/applications/202512/software/standard/core/java/17/bin/java
55fd591be000-55fd591bf000 r--p 00002000 00:33 8596472430                 /sfs/gpfs/tardis/applications/202512/software/standard/core/java/17/bin/java
55fd591bf000-55fd591c0000 rw-p 00003000 00:33 8596472430                 /sfs/gpfs/tardis/applications/202512/software/standard/core/java/17/bin/java
55fd59c3b000-55fd59c83000 rw-p 00000000 00:00 0                          [heap]
7f57b0000000-7f57b0021000 rw-p 00000000 00:00 0 
7f57b0021000-7f57b4000000 ---p 00000000 00:00 0 
7f57b4000000-7f57b4021000 rw-p 00000000 00:00 0 
7f57b4021000-7f57b8000000 ---p 00000000 00:00 0 
7f57b8000000-7f57b8021000 rw-p 00000000 00:00 0 
7f57b8021000-7f57bc000000 ---p 00000000 00:00 0 
7f57bc000000-7f57bc021000 rw-p 00000000 00:00 0 
7f57bc021000-7f57c0000000 ---p 00000000 00:00 0 
7f57c0000000-7f57c0021000 rw-p 00000000 00:00 0 
7f57c0021000-7f57c4000000 ---p 00000000 00:00 0 
7f57c4000000-7f57c4021000 rw-p 00000000 00:00 0 
7f57c4021000-7f57c8000000 ---p 00000000 00:00 0 
7f57c8000000-7f57c8021000 rw-p 00000000 00:00 0 
7f57c8021000-7f57cc000000 ---p 00000000 00:00 0 
7f57cc000000-7f57cc021000 rw-p 00000000 00:00 0 
7f57cc021000-7f57d0000000 ---p 00000000 00:00 0 
7f57d0000000-7f57d0021000 rw-p 00000000 00:00 0 
7f57d0021000-7f57d4000000 ---p 00000000 00:00 0 
7f57d4000000-7f57d4021000 rw-p 00000000 00:00 0 
7f57d4021000-7f57d8000000 ---p 00000000 00:00 0 
7f57d8000000-7f57d8021000 rw-p 00000000 00:00 0 
7f57d8021000-7f57dc000000 ---p 00000000 00:00 0 
7f57dc000000-7f57dc021000 rw-p 00000000 00:00 0 
7f57dc021000-7f57e0000000 ---p 00000000 00:00 0 
7f57e0000000-7f57e0021000 rw-p 00000000 00:00 0 
7f57e0021000-7f57e4000000 ---p 00000000 00:00 0 
7f57e4000000-7f57e4021000 rw-p 00000000 00:00 0 
7f57e4021000-7f57e8000000 ---p 00000000 00:00 0 
7f57e8000000-7f57e8064000 rw-p 00000000 00:00 0 
7f57e8064000-7f57ec000000 ---p 00000000 00:00 0 
7f57ec000000-7f57ec021000 rw-p 00000000 00:00 0 
7f57ec021000-7f57f0000000 ---p 00000000 00:00 0 
7f57f0000000-7f57f0021000 rw-p 00000000 00:00 0 
7f57f0021000-7f57f4000000 ---p 00000000 00:00 0 
7f57f4000000-7f57f4021000 rw-p 00000000 00:00 0 
7f57f4021000-7f57f8000000 ---p 00000000 00:00 0 
7f57f8000000-7f57f8098000 rw-p 00000000 00:00 0 
7f57f8098000-7f57fc000000 ---p 00000000 00:00 0 
7f57fc000000-7f57fc328000 rw-p 00000000 00:00 0 
7f57fc328000-7f5800000000 ---p 00000000 00:00 0 
7f5800000000-7f5800021000 rw-p 00000000 00:00 0 
7f5800021000-7f5804000000 ---p 00000000 00:00 0 
7f5804000000-7f5804021000 rw-p 00000000 00:00 0 
7f5804021000-7f5808000000 ---p 00000000 00:00 0 
7f5808000000-7f5808096000 rw-p 00000000 00:00 0 
7f5808096000-7f580c000000 ---p 00000000 00:00 0 
7f580c000000-7f580c021000 rw-p 00000000 00:00 0 
7f580c021000-7f5810000000 ---p 00000000 00:00 0 
7f5810000000-7f5810021000 rw-p 00000000 00:00 0 
7f5810021000-7f5814000000 ---p 00000000 00:00 0 
7f5814000000-7f581414f000 rw-p 00000000 00:00 0 
7f581414f000-7f5818000000 ---p 00000000 00:00 0 
7f5818000000-7f5818021000 rw-p 00000000 00:00 0 
7f5818021000-7f581c000000 ---p 00000000 00:00 0 
7f581c000000-7f581c021000 rw-p 00000000 00:00 0 
7f581c021000-7f5820000000 ---p 00000000 00:00 0 
7f5820000000-7f5820021000 rw-p 00000000 00:00 0 
7f5820021000-7f5824000000 ---p 00000000 00:00 0 
7f5824000000-7f5824021000 rw-p 00000000 00:00 0 
7f5824021000-7f5828000000 ---p 00000000 00:00 0 
7f5828000000-7f5828021000 rw-p 00000000 00:00 0 
7f5828021000-7f582c000000 ---p 00000000 00:00 0 
7f582f000000-7f582f455000 rw-p 00001000 00:33 8596472648                 /sfs/gpfs/tardis/applications/202512/software/standard/core/java/17/lib/server/classes.jsa
7f582f455000-7f582fbc9000 rw-p 00456000 00:33 8596472648                 /sfs/gpfs/tardis/applications/202512/software/standard/core/java/17/lib/server/classes.jsa
7f582fbc9000-7f5830000000 ---p 00000000 00:00 0 
7f5830000000-7f5830040000 rw-p 00000000 00:00 0 
7f5830040000-7f5830090000 rw-p 00000000 00:00 0 
7f5830090000-7f58300c0000 ---p 00000000 00:00 0 
7f58300c0000-7f58300f0000 rw-p 00000000 00:00 0 
7f58300f0000-7f5870000000 ---p 00000000 00:00 0 
7f5870000000-7f5870021000 rw-p 00000000 00:00 0 
7f5870021000-7f5874000000 ---p 00000000 00:00 0 
7f5874000000-7f58742f0000 rw-p 00000000 00:00 0 
7f58742f0000-7f5874400000 ---p 00000000 00:00 0 
7f5874400000-7f5874600000 rw-p 00000000 00:00 0 
7f5874600000-7f5878000000 ---p 00000000 00:00 0 
7f5878000000-7f5878021000 rw-p 00000000 00:00 0 
7f5878021000-7f587c000000 ---p 00000000 00:00 0 
7f587c1fe000-7f587c5e6000 rw-p 00000000 00:00 0 
7f587c5e6000-7f587c5e7000 ---p 00000000 00:00 0 
7f587c5e7000-7f587c6e7000 rw-p 00000000 00:00 0 
7f587c6e7000-7f587c6e8000 ---p 00000000 00:00 0 
7f587c6e8000-7f587c7e8000 rw-p 00000000 00:00 0 
7f587c7e8000-7f587c7e9000 ---p 00000000 00:00 0 
7f587c7e9000-7f587c8e9000 rw-p 00000000 00:00 0 
7f587c8e9000-7f587c8ea000 ---p 00000000 00:00 0 
7f587c8ea000-7f587c9ea000 rw-p 00000000 00:00 0 
7f587c9ea000-7f587c9eb000 ---p 00000000 00:00 0 
7f587c9eb000-7f587caeb000 rw-p 00000000 00:00 0 
7f587caeb000-7f587caec000 ---p 00000000 00:00 0 
7f587caec000-7f587cbec000 rw-p 00000000 00:00 0 
7f587cbec000-7f587cbed000 ---p 00000000 00:00 0 
7f587cbed000-7f587cced000 rw-p 00000000 00:00 0 
7f587cced000-7f587ccee000 ---p 00000000 00:00 0 
7f587ccee000-7f587cdee000 rw-p 00000000 00:00 0 
7f587cdee000-7f587cdef000 ---p 00000000 00:00 0 
7f587cdef000-7f587ceef000 rw-p 00000000 00:00 0 
7f587ceef000-7f587cef0000 ---p 00000000 00:00 0 
7f587cef0000-7f587cff0000 rw-p 00000000 00:00 0 
7f587cff0000-7f587cff1000 ---p 00000000 00:00 0 
7f587cff1000-7f587d0f1000 rw-p 00000000 00:00 0 
7f587d0f1000-7f587d0f2000 ---p 00000000 00:00 0 
7f587d0f2000-7f587d1f2000 rw-p 00000000 00:00 0 
7f587d1f2000-7f587d1f7000 ---p 00000000 00:00 0 
7f587d1f7000-7f587d2f3000 rw-p 00000000 00:00 0 
7f587d2f3000-7f587d2f8000 ---p 00000000 00:00 0 
7f587d2f8000-7f587d3f4000 rw-p 00000000 00:00 0 
7f587d3f4000-7f587d3f9000 ---p 00000000 00:00 0 
7f587d3f9000-7f587d4f5000 rw-p 00000000 00:00 0 
7f587d4f5000-7f587d4f6000 ---p 00000000 00:00 0 
7f587d4f6000-7f587d4fa000 ---p 00000000 00:00 0 
7f587d4fa000-7f587d5f6000 rw-p 00000000 00:00 0 
7f587d5f6000-7f587d5f7000 ---p 00000000 00:00 0 
7f587d5f7000-7f587d6f7000 rw-p 00000000 00:00 0 
7f587d6f7000-7f587d6f8000 ---p 00000000 00:00 0 
7f587d6f8000-7f587d6fc000 ---p 00000000 00:00 0 
7f587d6fc000-7f587d7f8000 rw-p 00000000 00:00 0 
7f587d7f8000-7f587d7fd000 ---p 00000000 00:00 0 
7f587d7fd000-7f587d8f9000 rw-p 00000000 00:00 0 
7f587d8f9000-7f587d8fe000 ---p 00000000 00:00 0 
7f587d8fe000-7f587d9fa000 rw-p 00000000 00:00 0 
7f587d9fa000-7f587d9fb000 ---p 00000000 00:00 0 
7f587d9fb000-7f587d9ff000 ---p 00000000 00:00 0 
7f587d9ff000-7f587dafb000 rw-p 00000000 00:00 0 
7f587dafb000-7f587dafc000 ---p 00000000 00:00 0 
7f587dafc000-7f587db00000 ---p 00000000 00:00 0 
7f587db00000-7f587dbfc000 rw-p 00000000 00:00 0 
7f587dbfc000-7f587dbfd000 ---p 00000000 00:00 0 
7f587dbfd000-7f587dc01000 ---p 00000000 00:00 0 
7f587dc01000-7f587dcfd000 rw-p 00000000 00:00 0 
7f587dcfd000-7f587dcfe000 ---p 00000000 00:00 0 
7f587dcfe000-7f587dd02000 ---p 00000000 00:00 0 
7f587dd02000-7f587ddfe000 rw-p 00000000 00:00 0 
7f587ddfe000-7f587ddff000 ---p 00000000 00:00 0 
7f587ddff000-7f587de03000 ---p 00000000 00:00 0 
7f587de03000-7f587deff000 rw-p 00000000 00:00 0 
7f587deff000-7f587df00000 ---p 00000000 00:00 0 
7f587df00000-7f587df04000 ---p 00000000 00:00 0 
7f587df04000-7f5880021000 rw-p 00000000 00:00 0 
7f5880021000-7f5884000000 ---p 00000000 00:00 0 
7f5884000000-7f5884021000 rw-p 00000000 00:00 0 
7f5884021000-7f5888000000 ---p 00000000 00:00 0 
7f5888000000-7f5888021000 rw-p 00000000 00:00 0 
7f5888021000-7f588c000000 ---p 00000000 00:00 0 
7f588c036000-7f588c038000 r--p 00000000 00:33 8596472625                 /sfs/gpfs/tardis/applications/202512/software/standard/core/java/17/lib/libmanagement_ext.so
7f588c038000-7f588c03b000 r-xp 00002000 00:33 8596472625                 /sfs/gpfs/tardis/applications/202512/software/standard/core/java/17/lib/libmanagement_ext.so
7f588c03b000-7f588c03c000 r--p 00005000 00:33 8596472625                 /sfs/gpfs/tardis/applications/202512/software/standard/core/java/17/lib/libmanagement_ext.so
7f588c03c000-7f588c03d000 ---p 00006000 00:33 8596472625                 /sfs/gpfs/tardis/applications/202512/software/standard/core/java/17/lib/libmanagement_ext.so
7f588c03d000-7f588c03e000 r--p 00006000 00:33 8596472625                 /sfs/gpfs/tardis/applications/202512/software/standard/core/java/17/lib/libmanagement_ext.so
7f588c03e000-7f588c03f000 rw-p 00007000 00:33 8596472625                 /sfs/gpfs/tardis/applications/202512/software/standard/core/java/17/lib/libmanagement_ext.so
7f588c03f000-7f588c040000 ---p 00000000 00:00 0 
7f588c040000-7f588c044000 ---p 00000000 00:00 0 
7f588c044000-7f588c140000 rw-p 00000000 00:00 0 
7f588c140000-7f588c141000 ---p 00000000 00:00 0 
7f588c141000-7f588c145000 ---p 00000000 00:00 0 
7f588c145000-7f588c241000 rw-p 00000000 00:00 0 
7f588c241000-7f588c242000 ---p 00000000 00:00 0 
7f588c242000-7f588c246000 ---p 00000000 00:00 0 
7f588c246000-7f588c342000 rw-p 00000000 00:00 0 
7f588c342000-7f588c343000 ---p 00000000 00:00 0 
7f588c343000-7f588c347000 ---p 00000000 00:00 0 
7f588c347000-7f588c443000 rw-p 00000000 00:00 0 
7f588c443000-7f588c444000 ---p 00000000 00:00 0 
7f588c444000-7f588c544000 rw-p 00000000 00:00 0 
7f588c544000-7f588c549000 r--p 00000000 00:33 8596472621                 /sfs/gpfs/tardis/applications/202512/software/standard/core/java/17/lib/libjsvml.so
7f588c549000-7f588c58a000 r-xp 00005000 00:33 8596472621                 /sfs/gpfs/tardis/applications/202512/software/standard/core/java/17/lib/libjsvml.so
7f588c58a000-7f588c613000 r--p 00046000 00:33 8596472621                 /sfs/gpfs/tardis/applications/202512/software/standard/core/java/17/lib/libjsvml.so
7f588c613000-7f588c614000 r--p 000ce000 00:33 8596472621                 /sfs/gpfs/tardis/applications/202512/software/standard/core/java/17/lib/libjsvml.so
7f588c614000-7f588c615000 rw-p 000cf000 00:33 8596472621                 /sfs/gpfs/tardis/applications/202512/software/standard/core/java/17/lib/libjsvml.so
7f588c615000-7f588c732000 rw-p 00000000 00:00 0 
7f588c732000-7f588c733000 ---p 00000000 00:00 0 
7f588c733000-7f588c833000 rw-p 00000000 00:00 0 
7f588c833000-7f588c834000 ---p 00000000 00:00 0 
7f588c834000-7f588db46000 rw-p 00000000 00:00 0 
7f588db46000-7f588db47000 ---p 00000000 00:00 0 
7f588db47000-7f588dc47000 rw-p 00000000 00:00 0 
7f588dc47000-7f588dc48000 ---p 00000000 00:00 0 
7f588dc48000-7f588dd48000 rw-p 00000000 00:00 0 
7f588dd48000-7f588dd49000 ---p 00000000 00:00 0 
7f588dd49000-7f588ff3d000 rw-p 00000000 00:00 0 
7f588ff3d000-7f58abe3d000 ---p 00000000 00:00 0 
7f58abe3d000-7f58adebd000 rw-p 00000000 00:00 0 
7f58adebd000-7f58c9dbd000 ---p 00000000 00:00 0 
7f58c9dbd000-7f58ca23d000 rw-p 00000000 00:00 0 
7f58ca23d000-7f58cda1d000 ---p 00000000 00:00 0 
7f58cda1d000-7f58cde2d000 rw-p 00000000 00:00 0 
7f58cde2d000-7f58d160d000 ---p 00000000 00:00 0 
7f58d160d000-7f58d1a1d000 rw-p 00000000 00:00 0 
7f58d1a1d000-7f58d51fd000 ---p 00000000 00:00 0 
7f58d51fd000-7f58d53fe000 rw-p 00000000 00:00 0 
7f58d53fe000-7f58d566e000 rwxp 00000000 00:00 0 
7f58d566e000-7f58dc85d000 ---p 00000000 00:00 0 
7f58dc85d000-7f58dcb2d000 rwxp 00000000 00:00 0 
7f58dcb2d000-7f58dcf9e000 ---p 00000000 00:00 0 
7f58dcf9e000-7f58dd20e000 rwxp 00000000 00:00 0 
7f58dd20e000-7f58e43fe000 ---p 00000000 00:00 0 
7f58e43fe000-7f58ec000000 r--s 00000000 00:33 8596472637                 /sfs/gpfs/tardis/applications/202512/software/standard/core/java/17/lib/modules
7f58ec000000-7f58ec457000 rw-p 00000000 00:00 0 
7f58ec457000-7f58f0000000 ---p 00000000 00:00 0 
7f58f0005000-7f58f0008000 r--p 00000000 00:33 8596472623                 /sfs/gpfs/tardis/applications/202512/software/standard/core/java/17/lib/libmanagement.so
7f58f0008000-7f58f0009000 r-xp 00003000 00:33 8596472623                 /sfs/gpfs/tardis/applications/202512/software/standard/core/java/17/lib/libmanagement.so
7f58f0009000-7f58f000a000 r--p 00004000 00:33 8596472623                 /sfs/gpfs/tardis/applications/202512/software/standard/core/java/17/lib/libmanagement.so
7f58f000a000-7f58f000b000 r--p 00004000 00:33 8596472623                 /sfs/gpfs/tardis/applications/202512/software/standard/core/java/17/lib/libmanagement.so
7f58f000b000-7f58f000c000 rw-p 00005000 00:33 8596472623                 /sfs/gpfs/tardis/applications/202512/software/standard/core/java/17/lib/libmanagement.so
7f58f000c000-7f58f0010000 r--p 00000000 00:33 8596472635                 /sfs/gpfs/tardis/applications/202512/software/standard/core/java/17/lib/libverify.so
7f58f0010000-7f58f0017000 r-xp 00004000 00:33 8596472635                 /sfs/gpfs/tardis/applications/202512/software/standard/core/java/17/lib/libverify.so
7f58f0017000-7f58f0019000 r--p 0000b000 00:33 8596472635                 /sfs/gpfs/tardis/applications/202512/software/standard/core/java/17/lib/libverify.so
7f58f0019000-7f58f001b000 r--p 0000c000 00:33 8596472635                 /sfs/gpfs/tardis/applications/202512/software/standard/core/java/17/lib/libverify.so
7f58f001b000-7f58f001c000 rw-p 0000e000 00:33 8596472635                 /sfs/gpfs/tardis/applications/202512/software/standard/core/java/17/lib/libverify.so
7f58f001c000-7f58f0020000 r--p 00000000 00:33 8596472627                 /sfs/gpfs/tardis/applications/202512/software/standard/core/java/17/lib/libnet.so
7f58f0020000-7f58f002e000 r-xp 00004000 00:33 8596472627                 /sfs/gpfs/tardis/applications/202512/software/standard/core/java/17/lib/libnet.so
7f58f002e000-7f58f0032000 r--p 00012000 00:33 8596472627                 /sfs/gpfs/tardis/applications/202512/software/standard/core/java/17/lib/libnet.so
7f58f0032000-7f58f0033000 r--p 00015000 00:33 8596472627                 /sfs/gpfs/tardis/applications/202512/software/standard/core/java/17/lib/libnet.so
7f58f0033000-7f58f0034000 rw-p 00016000 00:33 8596472627                 /sfs/gpfs/tardis/applications/202512/software/standard/core/java/17/lib/libnet.so
7f58f0034000-7f58f003b000 r--p 00000000 00:33 8596472628                 /sfs/gpfs/tardis/applications/202512/software/standard/core/java/17/lib/libnio.so
7f58f003b000-7f58f0044000 r-xp 00007000 00:33 8596472628                 /sfs/gpfs/tardis/applications/202512/software/standard/core/java/17/lib/libnio.so
7f58f0044000-7f58f0048000 r--p 00010000 00:33 8596472628                 /sfs/gpfs/tardis/applications/202512/software/standard/core/java/17/lib/libnio.so
7f58f0048000-7f58f0049000 ---p 00014000 00:33 8596472628                 /sfs/gpfs/tardis/applications/202512/software/standard/core/java/17/lib/libnio.so
7f58f0049000-7f58f004a000 r--p 00014000 00:33 8596472628                 /sfs/gpfs/tardis/applications/202512/software/standard/core/java/17/lib/libnio.so
7f58f004a000-7f58f004b000 rw-p 00015000 00:33 8596472628                 /sfs/gpfs/tardis/applications/202512/software/standard/core/java/17/lib/libnio.so
7f58f004b000-7f58f11d9000 rw-p 00000000 00:00 0 
7f58f11d9000-7f58f12bd000 ---p 00000000 00:00 0 
7f58f12bd000-7f58f12c2000 rw-p 00000000 00:00 0 
7f58f12c2000-7f58f13a6000 ---p 00000000 00:00 0 
7f58f13a6000-7f58f13a8000 r--p 00000000 00:33 8596472636                 /sfs/gpfs/tardis/applications/202512/software/standard/core/java/17/lib/libzip.so
7f58f13a8000-7f58f13ba000 r-xp 00002000 00:33 8596472636                 /sfs/gpfs/tardis/applications/202512/software/standard/core/java/17/lib/libzip.so
7f58f13ba000-7f58f13c2000 r--p 00014000 00:33 8596472636                 /sfs/gpfs/tardis/applications/202512/software/standard/core/java/17/lib/libzip.so
7f58f13c2000-7f58f13c3000 r--p 0001b000 00:33 8596472636                 /sfs/gpfs/tardis/applications/202512/software/standard/core/java/17/lib/libzip.so
7f58f13c3000-7f58f13c4000 rw-p 0001c000 00:33 8596472636                 /sfs/gpfs/tardis/applications/202512/software/standard/core/java/17/lib/libzip.so
7f58f13c4000-7f58f13cf000 r-xp 00000000 00:29 41352995                   /usr/lib64/libnss_files-2.28.so
7f58f13cf000-7f58f15cf000 ---p 0000b000 00:29 41352995                   /usr/lib64/libnss_files-2.28.so
7f58f15cf000-7f58f15d0000 r--p 0000b000 00:29 41352995                   /usr/lib64/libnss_files-2.28.so
7f58f15d0000-7f58f15d1000 rw-p 0000c000 00:29 41352995                   /usr/lib64/libnss_files-2.28.so
7f58f15d1000-7f58f15d7000 rw-p 00000000 00:00 0 
7f58f15d7000-7f58f15de000 r-xp 00000000 00:29 41352993                   /usr/lib64/libnss_db-2.28.so
7f58f15de000-7f58f17dd000 ---p 00007000 00:29 41352993                   /usr/lib64/libnss_db-2.28.so
7f58f17dd000-7f58f17de000 r--p 00006000 00:29 41352993                   /usr/lib64/libnss_db-2.28.so
7f58f17de000-7f58f17df000 rw-p 00007000 00:29 41352993                   /usr/lib64/libnss_db-2.28.so
7f58f17df000-7f58f17e2000 rw-p 00000000 00:00 0 
7f58f17e2000-7f58f1a5a000 r--p 00000000 00:29 42290259                   /usr/lib/locale/en_US.utf8/LC_COLLATE
7f58f1a5a000-7f58f1bdb000 r-xp 00000000 00:29 41352876                   /usr/lib64/libm-2.28.so
7f58f1bdb000-7f58f1dda000 ---p 00181000 00:29 41352876                   /usr/lib64/libm-2.28.so
7f58f1dda000-7f58f1ddb000 r--p 00180000 00:29 41352876                   /usr/lib64/libm-2.28.so
7f58f1ddb000-7f58f1ddc000 rw-p 00181000 00:29 41352876                   /usr/lib64/libm-2.28.so
7f58f1ddc000-7f58f1de3000 r-xp 00000000 00:29 41353205                   /usr/lib64/librt-2.28.so
7f58f1de3000-7f58f1fe2000 ---p 00007000 00:29 41353205                   /usr/lib64/librt-2.28.so
7f58f1fe2000-7f58f1fe3000 r--p 00006000 00:29 41353205                   /usr/lib64/librt-2.28.so
7f58f1fe3000-7f58f1fe4000 rw-p 00007000 00:29 41353205                   /usr/lib64/librt-2.28.so
7f58f1fe4000-7f58f2237000 r--p 00000000 00:33 8596472651                 /sfs/gpfs/tardis/applications/202512/software/standard/core/java/17/lib/server/libjvm.so
7f58f2237000-7f58f2f60000 r-xp 00253000 00:33 8596472651                 /sfs/gpfs/tardis/applications/202512/software/standard/core/java/17/lib/server/libjvm.so
7f58f2f60000-7f58f31ed000 r--p 00f7c000 00:33 8596472651                 /sfs/gpfs/tardis/applications/202512/software/standard/core/java/17/lib/server/libjvm.so
7f58f31ed000-7f58f31ee000 ---p 01209000 00:33 8596472651                 /sfs/gpfs/tardis/applications/202512/software/standard/core/java/17/lib/server/libjvm.so
7f58f31ee000-7f58f32a7000 r--p 01209000 00:33 8596472651                 /sfs/gpfs/tardis/applications/202512/software/standard/core/java/17/lib/server/libjvm.so
7f58f32a7000-7f58f32dc000 rw-p 012c2000 00:33 8596472651                 /sfs/gpfs/tardis/applications/202512/software/standard/core/java/17/lib/server/libjvm.so
7f58f32dc000-7f58f3337000 rw-p 00000000 00:00 0 
7f58f3337000-7f58f3504000 r-xp 00000000 00:29 41352421                   /usr/lib64/libc-2.28.so
7f58f3504000-7f58f3703000 ---p 001cd000 00:29 41352421                   /usr/lib64/libc-2.28.so
7f58f3703000-7f58f3707000 r--p 001cc000 00:29 41352421                   /usr/lib64/libc-2.28.so
7f58f3707000-7f58f3709000 rw-p 001d0000 00:29 41352421                   /usr/lib64/libc-2.28.so
7f58f3709000-7f58f370d000 rw-p 00000000 00:00 0 
7f58f370d000-7f58f3710000 r-xp 00000000 00:29 41352530                   /usr/lib64/libdl-2.28.so
7f58f3710000-7f58f390f000 ---p 00003000 00:29 41352530                   /usr/lib64/libdl-2.28.so
7f58f390f000-7f58f3910000 r--p 00002000 00:29 41352530                   /usr/lib64/libdl-2.28.so
7f58f3910000-7f58f3911000 rw-p 00003000 00:29 41352530                   /usr/lib64/libdl-2.28.so
7f58f3911000-7f58f392c000 r-xp 00000000 00:29 41353149                   /usr/lib64/libpthread-2.28.so
7f58f392c000-7f58f3b2b000 ---p 0001b000 00:29 41353149                   /usr/lib64/libpthread-2.28.so
7f58f3b2b000-7f58f3b2c000 r--p 0001a000 00:29 41353149                   /usr/lib64/libpthread-2.28.so
7f58f3b2c000-7f58f3b2d000 rw-p 0001b000 00:29 41353149                   /usr/lib64/libpthread-2.28.so
7f58f3b2d000-7f58f3b31000 rw-p 00000000 00:00 0 
7f58f3b31000-7f58f3b60000 r-xp 00000000 00:29 41352045                   /usr/lib64/ld-2.28.so
7f58f3b64000-7f58f3b65000 r--p 00000000 00:33 8596472606                 /sfs/gpfs/tardis/applications/202512/software/standard/core/java/17/lib/libextnet.so
7f58f3b65000-7f58f3b66000 r-xp 00001000 00:33 8596472606                 /sfs/gpfs/tardis/applications/202512/software/standard/core/java/17/lib/libextnet.so
7f58f3b66000-7f58f3b67000 r--p 00002000 00:33 8596472606                 /sfs/gpfs/tardis/applications/202512/software/standard/core/java/17/lib/libextnet.so
7f58f3b67000-7f58f3b68000 r--p 00002000 00:33 8596472606                 /sfs/gpfs/tardis/applications/202512/software/standard/core/java/17/lib/libextnet.so
7f58f3b68000-7f58f3b69000 rw-p 00003000 00:33 8596472606                 /sfs/gpfs/tardis/applications/202512/software/standard/core/java/17/lib/libextnet.so
7f58f3b69000-7f58f3b6f000 rw-p 00000000 00:00 0 
7f58f3b6f000-7f58f3b78000 ---p 00000000 00:00 0 
7f58f3b78000-7f58f3b79000 r--s 00000000 203:97233 14537680636769927169   /sfs/weka/scratch/wxw9rr/tmp/pitest-agent4979172990101562858.jar
7f58f3b79000-7f58f3b81000 rw-s 00000000 00:2d 86265037                   /tmp/hsperfdata_wxw9rr/563209
7f58f3b81000-7f58f3bd4000 r--p 00000000 00:29 42289927                   /usr/lib/locale/C.utf8/LC_CTYPE
7f58f3bd4000-7f58f3bd5000 r--p 00000000 00:29 42290264                   /usr/lib/locale/en_US.utf8/LC_NUMERIC
7f58f3bd5000-7f58f3bd6000 r--p 00000000 00:29 42290267                   /usr/lib/locale/en_US.utf8/LC_TIME
7f58f3bd6000-7f58f3bd7000 r--p 00000000 00:29 42290262                   /usr/lib/locale/en_US.utf8/LC_MONETARY
7f58f3bd7000-7f58f3bd8000 r--p 00000000 00:29 42290268                   /usr/lib/locale/en_US.utf8/LC_MESSAGES/SYS_LC_MESSAGES
7f58f3bd8000-7f58f3bd9000 r--p 00000000 00:29 42290265                   /usr/lib/locale/en_US.utf8/LC_PAPER
7f58f3bd9000-7f58f3be0000 r--s 00000000 00:29 41660342                   /usr/lib64/gconv/gconv-modules.cache
7f58f3be0000-7f58f3bee000 r--p 00000000 00:33 8596472613                 /sfs/gpfs/tardis/applications/202512/software/standard/core/java/17/lib/libjava.so
7f58f3bee000-7f58f3c00000 r-xp 0000e000 00:33 8596472613                 /sfs/gpfs/tardis/applications/202512/software/standard/core/java/17/lib/libjava.so
7f58f3c00000-7f58f3c06000 r--p 00020000 00:33 8596472613                 /sfs/gpfs/tardis/applications/202512/software/standard/core/java/17/lib/libjava.so
7f58f3c06000-7f58f3c07000 ---p 00026000 00:33 8596472613                 /sfs/gpfs/tardis/applications/202512/software/standard/core/java/17/lib/libjava.so
7f58f3c07000-7f58f3c08000 r--p 00026000 00:33 8596472613                 /sfs/gpfs/tardis/applications/202512/software/standard/core/java/17/lib/libjava.so
7f58f3c08000-7f58f3c09000 rw-p 00027000 00:33 8596472613                 /sfs/gpfs/tardis/applications/202512/software/standard/core/java/17/lib/libjava.so
7f58f3c09000-7f58f3c0a000 rw-p 00000000 00:00 0 
7f58f3c0a000-7f58f3c0e000 r--p 00000000 00:33 8596472617                 /sfs/gpfs/tardis/applications/202512/software/standard/core/java/17/lib/libjimage.so
7f58f3c0e000-7f58f3c21000 r-xp 00004000 00:33 8596472617                 /sfs/gpfs/tardis/applications/202512/software/standard/core/java/17/lib/libjimage.so
7f58f3c21000-7f58f3c27000 r--p 00017000 00:33 8596472617                 /sfs/gpfs/tardis/applications/202512/software/standard/core/java/17/lib/libjimage.so
7f58f3c27000-7f58f3c29000 r--p 0001c000 00:33 8596472617                 /sfs/gpfs/tardis/applications/202512/software/standard/core/java/17/lib/libjimage.so
7f58f3c29000-7f58f3c2a000 rw-p 0001e000 00:33 8596472617                 /sfs/gpfs/tardis/applications/202512/software/standard/core/java/17/lib/libjimage.so
7f58f3c2a000-7f58f3c2e000 ---p 00000000 00:00 0 
7f58f3c2e000-7f58f3d2d000 rw-p 00000000 00:00 0 
7f58f3d2d000-7f58f3d2e000 r--p 00000000 00:29 42290263                   /usr/lib/locale/en_US.utf8/LC_NAME
7f58f3d2e000-7f58f3d2f000 r--p 00000000 00:29 42290258                   /usr/lib/locale/en_US.utf8/LC_ADDRESS
7f58f3d2f000-7f58f3d30000 r--p 00000000 00:29 42290266                   /usr/lib/locale/en_US.utf8/LC_TELEPHONE
7f58f3d30000-7f58f3d31000 r--p 00000000 00:29 42290261                   /usr/lib/locale/en_US.utf8/LC_MEASUREMENT
7f58f3d31000-7f58f3d32000 r--p 00000000 00:29 42290260                   /usr/lib/locale/en_US.utf8/LC_IDENTIFICATION
7f58f3d32000-7f58f3d34000 r--p 00000000 00:33 8596472608                 /sfs/gpfs/tardis/applications/202512/software/standard/core/java/17/lib/libinstrument.so
7f58f3d34000-7f58f3d3a000 r-xp 00002000 00:33 8596472608                 /sfs/gpfs/tardis/applications/202512/software/standard/core/java/17/lib/libinstrument.so
7f58f3d3a000-7f58f3d3d000 r--p 00008000 00:33 8596472608                 /sfs/gpfs/tardis/applications/202512/software/standard/core/java/17/lib/libinstrument.so
7f58f3d3d000-7f58f3d3e000 r--p 0000a000 00:33 8596472608                 /sfs/gpfs/tardis/applications/202512/software/standard/core/java/17/lib/libinstrument.so
7f58f3d3e000-7f58f3d3f000 rw-p 0000b000 00:33 8596472608                 /sfs/gpfs/tardis/applications/202512/software/standard/core/java/17/lib/libinstrument.so
7f58f3d3f000-7f58f3d40000 ---p 00000000 00:00 0 
7f58f3d40000-7f58f3d41000 r--p 00000000 00:00 0 
7f58f3d41000-7f58f3d42000 ---p 00000000 00:00 0 
7f58f3d42000-7f58f3d45000 r--p 00000000 00:33 8596472618                 /sfs/gpfs/tardis/applications/202512/software/standard/core/java/17/lib/libjli.so
7f58f3d45000-7f58f3d55000 r-xp 00003000 00:33 8596472618                 /sfs/gpfs/tardis/applications/202512/software/standard/core/java/17/lib/libjli.so
7f58f3d55000-7f58f3d5c000 r--p 00013000 00:33 8596472618                 /sfs/gpfs/tardis/applications/202512/software/standard/core/java/17/lib/libjli.so
7f58f3d5c000-7f58f3d5d000 r--p 00019000 00:33 8596472618                 /sfs/gpfs/tardis/applications/202512/software/standard/core/java/17/lib/libjli.so
7f58f3d5d000-7f58f3d5e000 rw-p 0001a000 00:33 8596472618                 /sfs/gpfs/tardis/applications/202512/software/standard/core/java/17/lib/libjli.so
7f58f3d5e000-7f58f3d60000 rw-p 00000000 00:00 0 
7f58f3d60000-7f58f3d61000 r--p 0002f000 00:29 41352045                   /usr/lib64/ld-2.28.so
7f58f3d61000-7f58f3d63000 rw-p 00030000 00:29 41352045                   /usr/lib64/ld-2.28.so
7ffe7a359000-7ffe7a37e000 rw-p 00000000 00:00 0                          [stack]
7ffe7a3d5000-7ffe7a3d9000 r--p 00000000 00:00 0                          [vvar]
7ffe7a3d9000-7ffe7a3db000 r-xp 00000000 00:00 0                          [vdso]
ffffffffff600000-ffffffffff601000 r-xp 00000000 00:00 0                  [vsyscall]


VM Arguments:
jvm_args: -Dclassworlds.conf=/apps/software/standard/core/maven/3.9.0/bin/m2.conf -Dmaven.home=/apps/software/standard/core/maven/3.9.0 -Dlibrary.jansi.path=/apps/software/standard/core/maven/3.9.0/lib/jansi-native -Dmaven.multiModuleProjectDirectory=/scratch/wxw9rr/artifact/RQ3/OE25-DEV/commons-beanutils-1.9.4 -Djava.io.tmpdir=/sfs/weka/scratch/wxw9rr/tmp -javaagent:/sfs/weka/scratch/wxw9rr/tmp/pitest-agent4979172990101562858.jar -ea -Djava.awt.headless=true -XX:+UseG1GC -Djava.io.tmpdir=/sfs/weka/scratch/wxw9rr/tmp 
java_command: org.pitest.mutationtest.execute.MutationTestMinion 33153
java_class_path (initial): /sfs/weka/scratch/wxw9rr/artifact/RQ3/OE25-DEV/commons-beanutils-1.9.4/target/test-classes:/sfs/weka/scratch/wxw9rr/artifact/RQ3/OE25-DEV/commons-beanutils-1.9.4/target/classes:/home/wxw9rr/.m2/repository/commons-logging/commons-logging/1.2/commons-logging-1.2.jar:/home/wxw9rr/.m2/repository/commons-collections/commons-collections/3.2.2/commons-collections-3.2.2.jar:/home/wxw9rr/.m2/repository/commons-collections/commons-collections-testframework/3.2.1/commons-collections-testframework-3.2.1.jar:/home/wxw9rr/.m2/repository/junit/junit/4.12/junit-4.12.jar:/home/wxw9rr/.m2/repository/org/hamcrest/hamcrest-core/1.3/hamcrest-core-1.3.jar:/home/wxw9rr/.m2/repository/org/pitest/pitest/1.22.0/pitest-1.22.0.jar
Launcher Type: SUN_STANDARD

[Global flags]
     intx CICompilerCount                          = 12                                        {product} {ergonomic}
     uint ConcGCThreads                            = 5                                         {product} {ergonomic}
     uint G1ConcRefinementThreads                  = 18                                        {product} {ergonomic}
   size_t G1HeapRegionSize                         = 16777216                                  {product} {ergonomic}
    uintx GCDrainStackTargetSize                   = 64                                        {product} {ergonomic}
   size_t InitialHeapSize                          = 2147483648                                {product} {ergonomic}
   size_t MarkStackSize                            = 4194304                                   {product} {ergonomic}
   size_t MaxHeapSize                              = 32178700288                               {product} {ergonomic}
   size_t MaxNewSize                               = 19293798400                               {product} {ergonomic}
   size_t MinHeapDeltaBytes                        = 16777216                                  {product} {ergonomic}
   size_t MinHeapSize                              = 16777216                                  {product} {ergonomic}
    uintx NonNMethodCodeHeapSize                   = 7602480                                {pd product} {ergonomic}
    uintx NonProfiledCodeHeapSize                  = 122027880                              {pd product} {ergonomic}
    uintx ProfiledCodeHeapSize                     = 122027880                              {pd product} {ergonomic}
    uintx ReservedCodeCacheSize                    = 251658240                              {pd product} {ergonomic}
     bool SegmentedCodeCache                       = true                                      {product} {ergonomic}
   size_t SoftMaxHeapSize                          = 32178700288                            {manageable} {ergonomic}
     bool UseCompressedClassPointers               = true                           {product lp64_product} {ergonomic}
     bool UseCompressedOops                        = true                           {product lp64_product} {ergonomic}
     bool UseG1GC                                  = true                                      {product} {command line}

Logging:
Log output configuration:
 #0: stdout all=warning uptime,level,tags
 #1: stderr all=off uptime,level,tags

Environment Variables:
JAVA_HOME=/apps/software/standard/core/java/17
_JAVA_OPTIONS=-Djava.io.tmpdir=/sfs/weka/scratch/wxw9rr/tmp
PATH=/apps/software/standard/core/java/17:/apps/software/standard/core/java/17/bin:/apps/software/standard/core/maven/3.9.0:/apps/software/standard/core/maven/3.9.0/bin:/home/wxw9rr/.local/bin:/opt/mam/9.1.2/bin:/sfs/gpfs/tardis/applications/202512/software/standard/core/code-server/4.99.1/lib/vscode/bin/remote-cli:/apps/software/standard/core/code-server/4.99.1/bin:/apps/software/standard/core/miniforge/24.3.0-py3.11:/apps/software/standard/core/miniforge/24.3.0-py3.11/sbin:/apps/software/standard/core/miniforge/24.3.0-py3.11/bin:/sfs/gpfs/tardis/home/wxw9rr/miniforge3/bin:/sfs/gpfs/tardis/home/wxw9rr/miniforge3/condabin:/usr/local/bin:/usr/bin:/usr/local/sbin:/usr/sbin:/opt/slurm/current/bin:/opt/rci/bin:/share/resources/HPCtools:/opt/mam/current/bin:/opt/apptainer/current/bin:/sfs/gpfs/tardis/home/wxw9rr/.local/bin
LD_LIBRARY_PATH=/apps/software/standard/core/java/17/lib:/apps/software/standard/core/maven/3.9.0/lib:/opt/slurm/current/lib
SHELL=/bin/bash
LANG=en_US.UTF-8
TERM=xterm-256color
TMPDIR=/sfs/weka/scratch/wxw9rr/tmp
TMP=/sfs/weka/scratch/wxw9rr/tmp
TEMP=/sfs/weka/scratch/wxw9rr/tmp

Active Locale:
LC_ALL=en_US.UTF-8
LC_COLLATE=en_US.UTF-8
LC_CTYPE=en_US.UTF-8
LC_MESSAGES=en_US.UTF-8
LC_MONETARY=en_US.UTF-8
LC_NUMERIC=en_US.UTF-8
LC_TIME=en_US.UTF-8

Signal Handlers:
   SIGSEGV: crash_handler in libjvm.so, mask=11100100010111111101111111111110, flags=SA_RESTART|SA_SIGINFO, unblocked
    SIGBUS: crash_handler in libjvm.so, mask=11100100010111111101111111111110, flags=SA_RESTART|SA_SIGINFO, unblocked
    SIGFPE: crash_handler in libjvm.so, mask=11100100010111111101111111111110, flags=SA_RESTART|SA_SIGINFO, unblocked
   SIGPIPE: javaSignalHandler in libjvm.so, mask=11100100010111111101111111111110, flags=SA_RESTART|SA_SIGINFO, unblocked
   SIGXFSZ: javaSignalHandler in libjvm.so, mask=11100100010111111101111111111110, flags=SA_RESTART|SA_SIGINFO, unblocked
    SIGILL: crash_handler in libjvm.so, mask=11100100010111111101111111111110, flags=SA_RESTART|SA_SIGINFO, unblocked
   SIGUSR2: SR_handler in libjvm.so, mask=00100000000000000000000000000000, flags=SA_RESTART|SA_SIGINFO, unblocked
    SIGHUP: UserHandler in libjvm.so, mask=11100100010111111101111111111110, flags=SA_RESTART|SA_SIGINFO, unblocked
    SIGINT: UserHandler in libjvm.so, mask=11100100010111111101111111111110, flags=SA_RESTART|SA_SIGINFO, unblocked
   SIGTERM: UserHandler in libjvm.so, mask=11100100010111111101111111111110, flags=SA_RESTART|SA_SIGINFO, unblocked
   SIGQUIT: UserHandler in libjvm.so, mask=11100100010111111101111111111110, flags=SA_RESTART|SA_SIGINFO, unblocked
   SIGTRAP: crash_handler in libjvm.so, mask=11100100010111111101111111111110, flags=SA_RESTART|SA_SIGINFO, unblocked


Periodic native trim disabled


---------------  S Y S T E M  ---------------

OS:
Rocky Linux release 8.10 (Green Obsidian)
uname: Linux 4.18.0-553.47.1.el8_10.x86_64 #1 SMP Thu Apr 3 14:27:08 UTC 2025 x86_64
OS uptime: 88 days 16:49 hours
libc: glibc 2.28 NPTL 2.28 
rlimit (soft/hard): STACK 8192k/infinity , CORE infinity/infinity , NPROC 3094208/3094208 , NOFILE 65536/65536 , AS infinity/infinity , CPU infinity/infinity , DATA infinity/infinity , FSIZE infinity/infinity , MEMLOCK infinity/infinity
load average: 120.31 93.23 58.66

/proc/meminfo:
MemTotal:       792160700 kB
MemFree:        108721940 kB
MemAvailable:   345464660 kB
Buffers:           28000 kB
Cached:         257871480 kB
SwapCached:            0 kB
Active:         93189224 kB
Inactive:       549318012 kB
Active(anon):    9671504 kB
Inactive(anon): 395068300 kB
Active(file):   83517720 kB
Inactive(file): 154249712 kB
Unevictable:    16958460 kB
Mlocked:        16958460 kB
SwapTotal:             0 kB
SwapFree:              0 kB
Dirty:                16 kB
Writeback:             0 kB
AnonPages:      401421152 kB
Mapped:          3394444 kB
Shmem:          19767028 kB
KReclaimable:    4078604 kB
Slab:            6598412 kB
SReclaimable:    4078604 kB
SUnreclaim:      2519808 kB
KernelStack:      108368 kB
PageTables:      1011616 kB
NFS_Unstable:          0 kB
Bounce:                0 kB
WritebackTmp:          0 kB
CommitLimit:    772820100 kB
Committed_AS:   770586524 kB
VmallocTotal:   13743895347199 kB
VmallocUsed:     2469832 kB
VmallocChunk:          0 kB
Percpu:           909312 kB
HardwareCorrupted:     0 kB
AnonHugePages:  127739904 kB
ShmemHugePages:        0 kB
ShmemPmdMapped:        0 kB
FileHugePages:         0 kB
FilePmdMapped:         0 kB
HugePages_Total:    5632
HugePages_Free:        0
HugePages_Rsvd:        0
HugePages_Surp:        0
Hugepagesize:       2048 kB
Hugetlb:        11534336 kB
DirectMap4k:     1240012 kB
DirectMap2M:    201951232 kB
DirectMap1G:    602931200 kB

/sys/kernel/mm/transparent_hugepage/enabled: [always] madvise never
/sys/kernel/mm/transparent_hugepage/hpage_pmd_size: 2097152
/sys/kernel/mm/transparent_hugepage/defrag (defrag/compaction efforts parameter): always defer defer+madvise [madvise] never

Process Memory:
Virtual Size: 32419448K (peak: 36675780K)
Resident Set Size: 329528K (peak: 329528K) (anon: 311864K, file: 17632K, shmem: 32K)
Swapped out: 0K
C-Heap outstanding allocations: 53856K, retained: 4755K
glibc malloc tunables: (default)

/proc/sys/kernel/threads-max (system-wide limit on the number of threads): 6188417
/proc/sys/vm/max_map_count (maximum number of memory map areas a process may have): 65530
/proc/sys/vm/swappiness (control to define how aggressively the kernel swaps out anonymous memory): 10
/proc/sys/kernel/pid_max (system-wide limit on number of process identifiers): 999999

container (cgroup) information:
container_type: cgroupv1
cpu_cpuset_cpus: 0-23
cpu_memory_nodes: 0-1
active_processor_count: 24
cpu_quota: no quota
cpu_period: 100000
cpu_shares: no shares
memory_limit_in_bytes: 536870912 k
memory_and_swap_limit_in_bytes: 536870912 k
memory_soft_limit_in_bytes: unlimited
memory_usage_in_bytes: 381634036 k
memory_max_usage_in_bytes: 441547720 k
kernel_memory_limit_in_bytes: unlimited
kernel_memory_usage_in_bytes: 2464512 k
kernel_memory_max_usage_in_bytes: 2535124 k
maximum number of tasks: unlimited
current number of tasks: 3825

Steal ticks since vm start: 0
Steal ticks percentage since vm start:  0.000

CPU: total 96 (initial active 24) (48 cores per cpu, 1 threads per core) family 25 model 17 stepping 1 microcode 0xa10113b, cx8, cmov, fxsr, mmx, 3dnowpref, sse, sse2, sse3, ssse3, sse4a, sse4.1, sse4.2, popcnt, lzcnt, tsc, tscinvbit, avx, avx2, aes, erms, clmul, bmi1, bmi2, adx, avx512f, avx512dq, avx512cd, avx512bw, avx512vl, sha, fma, vzeroupper, avx512_vpopcntdq, avx512_vpclmulqdq, avx512_vaes, avx512_vnni, clflush, clflushopt, avx512_vbmi2, avx512_vbmi
CPU Model and flags from /proc/cpuinfo:
model name	: AMD EPYC 9454 48-Core Processor
flags		: fpu vme de pse tsc msr pae mce cx8 apic sep mtrr pge mca cmov pat pse36 clflush mmx fxsr sse sse2 ht syscall nx mmxext fxsr_opt pdpe1gb rdtscp lm constant_tsc rep_good amd_lbr_v2 nopl nonstop_tsc cpuid extd_apicid aperfmperf pni pclmulqdq monitor ssse3 fma cx16 pcid sse4_1 sse4_2 x2apic movbe popcnt aes xsave avx f16c rdrand lahf_lm cmp_legacy svm extapic cr8_legacy abm sse4a misalignsse 3dnowprefetch osvw ibs skinit wdt tce topoext perfctr_core perfctr_nb bpext perfctr_llc mwaitx cpb cat_l3 cdp_l3 invpcid_single hw_pstate ssbd mba perfmon_v2 ibrs ibpb stibp ibrs_enhanced vmmcall fsgsbase bmi1 avx2 smep bmi2 erms invpcid cqm rdt_a avx512f avx512dq rdseed adx smap avx512ifma clflushopt clwb avx512cd sha_ni avx512bw avx512vl xsaveopt xsavec xgetbv1 xsaves cqm_llc cqm_occup_llc cqm_mbm_total cqm_mbm_local avx512_bf16 clzero irperf xsaveerptr wbnoinvd amd_ppin cppc arat npt lbrv svm_lock nrip_save tsc_scale vmcb_clean flushbyasid decodeassists pausefilter pfthreshold avic v_vmsave_vmload vgif x2avic v_spec_ctrl avx512vbmi umip pku ospke avx512_vbmi2 gfni vaes vpclmulqdq avx512_vnni avx512_bitalg avx512_vpopcntdq la57 rdpid overflow_recov succor smca fsrm flush_l1d

Online cpus: 0-95
Offline cpus: 96-511
BIOS frequency limitation: 2750000
Frequency switch latency (ns): 0
Available cpu frequencies: 2750000 2100000 1500000 
Current governor: performance
Core performance/turbo boost: 1

Memory: 4k page, physical 536870912k(155562776k free), swap 0k(0k free)
Page Sizes: 4k

vm_info: OpenJDK 64-Bit Server VM (17.0.15+6) for linux-amd64 JRE (17.0.15+6), built on Apr 15 2025 00:00:00 by "admin" with gcc 10.3.0

END.
