[[1;34mINFO[m] Scanning for projects...
[[1;34mINFO[m] 
[[1;34mINFO[m] [1m----------------< [0;36mcommons-beanutils:commons-beanutils[0;1m >-----------------[m
[[1;34mINFO[m] [1mBuilding Apache Commons BeanUtils 1.9.4[m
[[1;34mINFO[m] [1m--------------------------------[ jar ]---------------------------------[m
[[1;33mWARNING[m] The POM for commons-collections:commons-collections-testframework:jar:3.2.1 is missing, no dependency information available
[[1;34mINFO[m] 
[[1;34mINFO[m] [1m--- [0;32mmaven-clean-plugin:3.0.0:clean[m [1m(default-clean)[m @ [36mcommons-beanutils[0;1m ---[m
[[1;34mINFO[m] Deleting /home/tasfia/Desktop/OE25-DEV/projects_decomposed/commons-beanutils/target
[[1;34mINFO[m] 
[[1;34mINFO[m] [1m--- [0;32mmaven-enforcer-plugin:3.0.0-M2:enforce[m [1m(enforce-maven-version)[m @ [36mcommons-beanutils[0;1m ---[m
[[1;34mINFO[m] 
[[1;34mINFO[m] [1m--- [0;32mmaven-enforcer-plugin:3.0.0-M2:enforce[m [1m(enforce-maven-3)[m @ [36mcommons-beanutils[0;1m ---[m
[[1;34mINFO[m] 
[[1;34mINFO[m] [1m--- [0;32mbuild-helper-maven-plugin:3.0.0:parse-version[m [1m(parse-version)[m @ [36mcommons-beanutils[0;1m ---[m
[[1;34mINFO[m] 
[[1;34mINFO[m] [1m--- [0;32mmaven-antrun-plugin:1.8:run[m [1m(javadoc.resources)[m @ [36mcommons-beanutils[0;1m ---[m
[[1;34mINFO[m] Executing tasks

main:
     [copy] Copying 2 files to /home/tasfia/Desktop/OE25-DEV/projects_decomposed/commons-beanutils/target/apidocs/META-INF
[[1;34mINFO[m] Executed tasks
[[1;34mINFO[m] 
[[1;34mINFO[m] [1m--- [0;32mmaven-remote-resources-plugin:1.5:process[m [1m(process-resource-bundles)[m @ [36mcommons-beanutils[0;1m ---[m
[[1;34mINFO[m] 
[[1;34mINFO[m] [1m--- [0;32mbuildnumber-maven-plugin:1.4:create[m [1m(default)[m @ [36mcommons-beanutils[0;1m ---[m
[[1;34mINFO[m] Executing: /bin/sh -c cd '/home/tasfia/Desktop/OE25-DEV/projects_decomposed/commons-beanutils' && 'svn' '--non-interactive' 'info'
[[1;34mINFO[m] Working directory: /home/tasfia/Desktop/OE25-DEV/projects_decomposed/commons-beanutils
[[1;33mWARNING[m] Cannot get the revision information from the scm repository, proceeding with revision of ?????? : 
Exception while executing SCM command.
[[1;34mINFO[m] Storing buildNumber: ?????? at timestamp: 1771916067187
[[1;34mINFO[m] Executing: /bin/sh -c cd '/home/tasfia/Desktop/OE25-DEV/projects_decomposed/commons-beanutils' && 'svn' '--non-interactive' 'info'
[[1;34mINFO[m] Working directory: /home/tasfia/Desktop/OE25-DEV/projects_decomposed/commons-beanutils
[[1;33mWARNING[m] Cannot get the branch information from the scm repository, proceeding with UNKNOWN_BRANCH : 
Exception while executing SCM command.
[[1;34mINFO[m] Storing buildScmBranch: UNKNOWN_BRANCH
[[1;34mINFO[m] 
[[1;34mINFO[m] [1m--- [0;32mmaven-resources-plugin:3.0.2:resources[m [1m(default-resources)[m @ [36mcommons-beanutils[0;1m ---[m
[[1;34mINFO[m] Using 'iso-8859-1' encoding to copy filtered resources.
[[1;34mINFO[m] skip non existing resourceDirectory /home/tasfia/Desktop/OE25-DEV/projects_decomposed/commons-beanutils/src/main/resources
[[1;34mINFO[m] Copying 2 resources to META-INF
[[1;34mINFO[m] 
[[1;34mINFO[m] [1m--- [0;32mmaven-compiler-plugin:3.7.0:compile[m [1m(default-compile)[m @ [36mcommons-beanutils[0;1m ---[m
[[1;34mINFO[m] Changes detected - recompiling the module!
[[1;34mINFO[m] Compiling 111 source files to /home/tasfia/Desktop/OE25-DEV/projects_decomposed/commons-beanutils/target/classes
[[1;34mINFO[m] /home/tasfia/Desktop/OE25-DEV/projects_decomposed/commons-beanutils/src/main/java/org/apache/commons/beanutils/MethodUtils.java: Some input files use or override a deprecated API.
[[1;34mINFO[m] /home/tasfia/Desktop/OE25-DEV/projects_decomposed/commons-beanutils/src/main/java/org/apache/commons/beanutils/MethodUtils.java: Recompile with -Xlint:deprecation for details.
[[1;34mINFO[m] /home/tasfia/Desktop/OE25-DEV/projects_decomposed/commons-beanutils/src/main/java/org/apache/commons/beanutils/converters/NumberConverter.java: Some input files use or override a deprecated API that is marked for removal.
[[1;34mINFO[m] /home/tasfia/Desktop/OE25-DEV/projects_decomposed/commons-beanutils/src/main/java/org/apache/commons/beanutils/converters/NumberConverter.java: Recompile with -Xlint:removal for details.
[[1;34mINFO[m] /home/tasfia/Desktop/OE25-DEV/projects_decomposed/commons-beanutils/src/main/java/org/apache/commons/beanutils/BeanComparator.java: Some input files use unchecked or unsafe operations.
[[1;34mINFO[m] /home/tasfia/Desktop/OE25-DEV/projects_decomposed/commons-beanutils/src/main/java/org/apache/commons/beanutils/BeanComparator.java: Recompile with -Xlint:unchecked for details.
[[1;34mINFO[m] 
[[1;34mINFO[m] [1m--- [0;32mmaven-bundle-plugin:3.5.0:manifest[m [1m(bundle-manifest)[m @ [36mcommons-beanutils[0;1m ---[m
[[1;34mINFO[m] 
[[1;34mINFO[m] [1m--- [0;32manimal-sniffer-maven-plugin:1.16:check[m [1m(checkAPIcompatibility)[m @ [36mcommons-beanutils[0;1m ---[m
[[1;34mINFO[m] Checking unresolved references to org.codehaus.mojo.signature:java18:1.0
[[1;34mINFO[m] 
[[1;34mINFO[m] [1m--- [0;32mmaven-resources-plugin:3.0.2:testResources[m [1m(default-testResources)[m @ [36mcommons-beanutils[0;1m ---[m
[[1;34mINFO[m] Using 'iso-8859-1' encoding to copy filtered resources.
[[1;34mINFO[m] skip non existing resourceDirectory /home/tasfia/Desktop/OE25-DEV/projects_decomposed/commons-beanutils/src/test/resources
[[1;34mINFO[m] Copying 2 resources to META-INF
[[1;34mINFO[m] 
[[1;34mINFO[m] [1m--- [0;32mmaven-compiler-plugin:3.7.0:testCompile[m [1m(default-testCompile)[m @ [36mcommons-beanutils[0;1m ---[m
[[1;34mINFO[m] Changes detected - recompiling the module!
[[1;34mINFO[m] Compiling 235 source files to /home/tasfia/Desktop/OE25-DEV/projects_decomposed/commons-beanutils/target/test-classes
[[1;34mINFO[m] /home/tasfia/Desktop/OE25-DEV/projects_decomposed/commons-beanutils/src/test/java/org/apache/commons/beanutils/converters/BooleanConverterTestCase.java: Some input files use or override a deprecated API.
[[1;34mINFO[m] /home/tasfia/Desktop/OE25-DEV/projects_decomposed/commons-beanutils/src/test/java/org/apache/commons/beanutils/converters/BooleanConverterTestCase.java: Recompile with -Xlint:deprecation for details.
[[1;34mINFO[m] /home/tasfia/Desktop/OE25-DEV/projects_decomposed/commons-beanutils/src/test/java/org/apache/commons/beanutils/locale/converters/FloatLocaleConverterTestCase_OE25Dev.java: Some input files use or override a deprecated API that is marked for removal.
[[1;34mINFO[m] /home/tasfia/Desktop/OE25-DEV/projects_decomposed/commons-beanutils/src/test/java/org/apache/commons/beanutils/locale/converters/FloatLocaleConverterTestCase_OE25Dev.java: Recompile with -Xlint:removal for details.
[[1;34mINFO[m] /home/tasfia/Desktop/OE25-DEV/projects_decomposed/commons-beanutils/src/test/java/org/apache/commons/beanutils/ConvertUtilsTestCase_OE25Dev.java: Some input files use unchecked or unsafe operations.
[[1;34mINFO[m] /home/tasfia/Desktop/OE25-DEV/projects_decomposed/commons-beanutils/src/test/java/org/apache/commons/beanutils/ConvertUtilsTestCase_OE25Dev.java: Recompile with -Xlint:unchecked for details.
[[1;34mINFO[m] 
[[1;34mINFO[m] [1m--- [0;32mmaven-surefire-plugin:2.22.0:test[m [1m(default-test)[m @ [36mcommons-beanutils[0;1m ---[m
[[1;34mINFO[m] 
[[1;34mINFO[m] -------------------------------------------------------
[[1;34mINFO[m]  T E S T S
[[1;34mINFO[m] -------------------------------------------------------
[[1;34mINFO[m] Running org.apache.commons.beanutils.[1mBeanUtils2TestCase_OE25Dev[m
[[1;34mINFO[m] [1;32mTests run: [0;1;32m22[m, Failures: 0, Errors: 0, Skipped: 0, Time elapsed: 0.056 s - in org.apache.commons.beanutils.[1mBeanUtils2TestCase_OE25Dev[m
[[1;34mINFO[m] Running org.apache.commons.beanutils.[1mBeanPropertyValueChangeClosureTestCase_OE25Dev[m
[[1;34mINFO[m] [1;32mTests run: [0;1;32m14[m, Failures: 0, Errors: 0, Skipped: 0, Time elapsed: 0.001 s - in org.apache.commons.beanutils.[1mBeanPropertyValueChangeClosureTestCase_OE25Dev[m
[[1;34mINFO[m] Running org.apache.commons.beanutils.[1mSuppressPropertiesBeanIntrospectorTestCase_OE25Dev[m
[[1;34mINFO[m] [1;32mTests run: [0;1;32m4[m, Failures: 0, Errors: 0, Skipped: 0, Time elapsed: 0 s - in org.apache.commons.beanutils.[1mSuppressPropertiesBeanIntrospectorTestCase_OE25Dev[m
[[1;34mINFO[m] Running org.apache.commons.beanutils.[1mFluentPropertyBeanIntrospectorTestCase_OE25Dev[m
[[1;34mINFO[m] [1;32mTests run: [0;1;32m10[m, Failures: 0, Errors: 0, Skipped: 0, Time elapsed: 0.004 s - in org.apache.commons.beanutils.[1mFluentPropertyBeanIntrospectorTestCase_OE25Dev[m
[[1;34mINFO[m] Running org.apache.commons.beanutils.[1mIndexedPropertyTestCase_OE25Dev[m
[[1;33mWARNING[m] [1;33mTests [0;1mrun: [0;1m43[m, Failures: 0, Errors: 0, [1;33mSkipped: [0;1;33m2[m, Time elapsed: 0.023 s - in org.apache.commons.beanutils.[1mIndexedPropertyTestCase_OE25Dev[m
[[1;34mINFO[m] Running org.apache.commons.beanutils.[1mLazyDynaClassTestCase_OE25Dev[m
[[1;34mINFO[m] [1;32mTests run: [0;1;32m21[m, Failures: 0, Errors: 0, Skipped: 0, Time elapsed: 0.002 s - in org.apache.commons.beanutils.[1mLazyDynaClassTestCase_OE25Dev[m
[[1;34mINFO[m] Running org.apache.commons.beanutils.[1mBeanificationTestCase_OE25Dev[m
[[1;34mINFO[m] [1;32mTests run: [0;1;32m26[m, Failures: 0, Errors: 0, Skipped: 0, Time elapsed: 0.013 s - in org.apache.commons.beanutils.[1mBeanificationTestCase_OE25Dev[m
[[1;34mINFO[m] Running org.apache.commons.beanutils.[1mLazyDynaBeanTestCase_OE25Dev[m
[[1;34mINFO[m] [1;32mTests run: [0;1;32m95[m, Failures: 0, Errors: 0, Skipped: 0, Time elapsed: 0.004 s - in org.apache.commons.beanutils.[1mLazyDynaBeanTestCase_OE25Dev[m
[[1;34mINFO[m] Running org.apache.commons.beanutils.[1mLazyDynaMapTestCase_OE25Dev[m
[[1;34mINFO[m] [1;32mTests run: [0;1;32m99[m, Failures: 0, Errors: 0, Skipped: 0, Time elapsed: 0.006 s - in org.apache.commons.beanutils.[1mLazyDynaMapTestCase_OE25Dev[m
[[1;34mINFO[m] Running org.apache.commons.beanutils.[1mWrapDynaBeanTestCase_OE25Dev[m
[[1;34mINFO[m] [1;32mTests run: [0;1;32m17[m, Failures: 0, Errors: 0, Skipped: 0, Time elapsed: 0.018 s - in org.apache.commons.beanutils.[1mWrapDynaBeanTestCase_OE25Dev[m
[[1;34mINFO[m] Running org.apache.commons.beanutils.bugs.[1mJira61TestCase_OE25Dev[m
[[1;34mINFO[m] [1;32mTests run: [0;1;32m56[m, Failures: 0, Errors: 0, Skipped: 0, Time elapsed: 0.005 s - in org.apache.commons.beanutils.bugs.[1mJira61TestCase_OE25Dev[m
[[1;34mINFO[m] Running org.apache.commons.beanutils.bugs.[1mJira465TestCase_OE25Dev[m
[[1;34mINFO[m] [1;32mTests run: [0;1;32m4[m, Failures: 0, Errors: 0, Skipped: 0, Time elapsed: 0.001 s - in org.apache.commons.beanutils.bugs.[1mJira465TestCase_OE25Dev[m
[[1;34mINFO[m] Running org.apache.commons.beanutils.bugs.[1mJira520TestCase_OE25Dev[m
[[1;34mINFO[m] [1;32mTests run: [0;1;32m1[m, Failures: 0, Errors: 0, Skipped: 0, Time elapsed: 0 s - in org.apache.commons.beanutils.bugs.[1mJira520TestCase_OE25Dev[m
[[1;34mINFO[m] Running org.apache.commons.beanutils.bugs.[1mJira157TestCase_OE25Dev[m
[[1;34mINFO[m] [1;32mTests run: [0;1;32m15[m, Failures: 0, Errors: 0, Skipped: 0, Time elapsed: 0.006 s - in org.apache.commons.beanutils.bugs.[1mJira157TestCase_OE25Dev[m
[[1;34mINFO[m] Running org.apache.commons.beanutils.bugs.[1mJira422bTestCase_OE25Dev[m
[[1;34mINFO[m] [1;32mTests run: [0;1;32m2[m, Failures: 0, Errors: 0, Skipped: 0, Time elapsed: 0.001 s - in org.apache.commons.beanutils.bugs.[1mJira422bTestCase_OE25Dev[m
[[1;34mINFO[m] Running org.apache.commons.beanutils.bugs.[1mJira18TestCase_OE25Dev[m
[[1;34mINFO[m] [1;32mTests run: [0;1;32m24[m, Failures: 0, Errors: 0, Skipped: 0, Time elapsed: 0.002 s - in org.apache.commons.beanutils.bugs.[1mJira18TestCase_OE25Dev[m
[[1;34mINFO[m] Running org.apache.commons.beanutils.bugs.[1mJira422TestCase_OE25Dev[m
[[1;33mWARNING[m] [1;33mTests [0;1mrun: [0;1m1[m, Failures: 0, Errors: 0, [1;33mSkipped: [0;1;33m1[m, Time elapsed: 0.001 s - in org.apache.commons.beanutils.bugs.[1mJira422TestCase_OE25Dev[m
[[1;34mINFO[m] Running org.apache.commons.beanutils.bugs.[1mJira454TestCase_OE25Dev[m
[[1;34mINFO[m] [1;32mTests run: [0;1;32m1[m, Failures: 0, Errors: 0, Skipped: 0, Time elapsed: 0 s - in org.apache.commons.beanutils.bugs.[1mJira454TestCase_OE25Dev[m
[[1;34mINFO[m] Running org.apache.commons.beanutils.bugs.[1mJira87TestCase_OE25Dev[m
[[1;34mINFO[m] [1;32mTests run: [0;1;32m1[m, Failures: 0, Errors: 0, Skipped: 0, Time elapsed: 0 s - in org.apache.commons.beanutils.bugs.[1mJira87TestCase_OE25Dev[m
[[1;34mINFO[m] Running org.apache.commons.beanutils.bugs.[1mJira381TestCase_OE25Dev[m
[[1;34mINFO[m] [1;32mTests run: [0;1;32m3[m, Failures: 0, Errors: 0, Skipped: 0, Time elapsed: 0 s - in org.apache.commons.beanutils.bugs.[1mJira381TestCase_OE25Dev[m
[[1;34mINFO[m] Running org.apache.commons.beanutils.bugs.[1mJira345TestCase_OE25Dev[m
[[1;34mINFO[m] [1;32mTests run: [0;1;32m2[m, Failures: 0, Errors: 0, Skipped: 0, Time elapsed: 0 s - in org.apache.commons.beanutils.bugs.[1mJira345TestCase_OE25Dev[m
[[1;34mINFO[m] Running org.apache.commons.beanutils.bugs.[1mJira492TestCase_OE25Dev[m
[[1;34mINFO[m] [1;32mTests run: [0;1;32m11[m, Failures: 0, Errors: 0, Skipped: 0, Time elapsed: 0.001 s - in org.apache.commons.beanutils.bugs.[1mJira492TestCase_OE25Dev[m
[[1;34mINFO[m] Running org.apache.commons.beanutils.bugs.[1mJira368TestCase_OE25Dev[m
[[1;34mINFO[m] [1;32mTests run: [0;1;32m1[m, Failures: 0, Errors: 0, Skipped: 0, Time elapsed: 0 s - in org.apache.commons.beanutils.bugs.[1mJira368TestCase_OE25Dev[m
[[1;34mINFO[m] Running org.apache.commons.beanutils.bugs.[1mJira456TestCase_OE25Dev[m
[[1;34mINFO[m] [1;32mTests run: [0;1;32m2[m, Failures: 0, Errors: 0, Skipped: 0, Time elapsed: 0 s - in org.apache.commons.beanutils.bugs.[1mJira456TestCase_OE25Dev[m
[[1;34mINFO[m] Running org.apache.commons.beanutils.bugs.[1mJira298TestCase_OE25Dev[m
[[1;34mINFO[m] [1;32mTests run: [0;1;32m7[m, Failures: 0, Errors: 0, Skipped: 0, Time elapsed: 0 s - in org.apache.commons.beanutils.bugs.[1mJira298TestCase_OE25Dev[m
[[1;34mINFO[m] Running org.apache.commons.beanutils.bugs.[1mJira347TestCase_OE25Dev[m
[[1;34mINFO[m] [1;32mTests run: [0;1;32m5[m, Failures: 0, Errors: 0, Skipped: 0, Time elapsed: 20.742 s - in org.apache.commons.beanutils.bugs.[1mJira347TestCase_OE25Dev[m
[[1;34mINFO[m] Running org.apache.commons.beanutils.bugs.[1mJira349TestCase_OE25Dev[m
[[1;34mINFO[m] [1;32mTests run: [0;1;32m1[m, Failures: 0, Errors: 0, Skipped: 0, Time elapsed: 0.006 s - in org.apache.commons.beanutils.bugs.[1mJira349TestCase_OE25Dev[m
[[1;34mINFO[m] Running org.apache.commons.beanutils.bugs.[1mJira493TestCase_OE25Dev[m
[[1;34mINFO[m] [1;32mTests run: [0;1;32m1[m, Failures: 0, Errors: 0, Skipped: 0, Time elapsed: 0 s - in org.apache.commons.beanutils.bugs.[1mJira493TestCase_OE25Dev[m
[[1;34mINFO[m] Running org.apache.commons.beanutils.bugs.[1mJira339TestCase_OE25Dev[m
[[1;34mINFO[m] [1;32mTests run: [0;1;32m4[m, Failures: 0, Errors: 0, Skipped: 0, Time elapsed: 0 s - in org.apache.commons.beanutils.bugs.[1mJira339TestCase_OE25Dev[m
[[1;34mINFO[m] Running org.apache.commons.beanutils.bugs.[1mJira359TestCase_OE25Dev[m
[[1;34mINFO[m] [1;32mTests run: [0;1;32m13[m, Failures: 0, Errors: 0, Skipped: 0, Time elapsed: 0.001 s - in org.apache.commons.beanutils.bugs.[1mJira359TestCase_OE25Dev[m
[[1;34mINFO[m] Running org.apache.commons.beanutils.bugs.[1mJira369TestCase_OE25Dev[m
[[1;34mINFO[m] [1;32mTests run: [0;1;32m2[m, Failures: 0, Errors: 0, Skipped: 0, Time elapsed: 0 s - in org.apache.commons.beanutils.bugs.[1mJira369TestCase_OE25Dev[m
[[1;34mINFO[m] Running org.apache.commons.beanutils.bugs.[1mJira273TestCase_OE25Dev[m
[[1;34mINFO[m] [1;32mTests run: [0;1;32m12[m, Failures: 0, Errors: 0, Skipped: 0, Time elapsed: 0.002 s - in org.apache.commons.beanutils.bugs.[1mJira273TestCase_OE25Dev[m
[[1;34mINFO[m] Running org.apache.commons.beanutils.[1mDynaPropertyUtilsTestCase_OE25Dev[m
[[1;34mINFO[m] [1;32mTests run: [0;1;32m172[m, Failures: 0, Errors: 0, Skipped: 0, Time elapsed: 0.012 s - in org.apache.commons.beanutils.[1mDynaPropertyUtilsTestCase_OE25Dev[m
[[1;34mINFO[m] Running org.apache.commons.beanutils.[1mBeanPredicateTestCase_OE25Dev[m
[[1;34mINFO[m] [1;32mTests run: [0;1;32m8[m, Failures: 0, Errors: 0, Skipped: 0, Time elapsed: 0.001 s - in org.apache.commons.beanutils.[1mBeanPredicateTestCase_OE25Dev[m
[[1;34mINFO[m] Running org.apache.commons.beanutils.[1mConstructorUtilsTestCase_OE25Dev[m
[[1;34mINFO[m] [1;32mTests run: [0;1;32m57[m, Failures: 0, Errors: 0, Skipped: 0, Time elapsed: 0.002 s - in org.apache.commons.beanutils.[1mConstructorUtilsTestCase_OE25Dev[m
[[1;34mINFO[m] Running org.apache.commons.beanutils.[1mBasicDynaBeanTestCase_OE25Dev[m
[[1;34mINFO[m] [1;32mTests run: [0;1;32m44[m, Failures: 0, Errors: 0, Skipped: 0, Time elapsed: 0.013 s - in org.apache.commons.beanutils.[1mBasicDynaBeanTestCase_OE25Dev[m
[[1;34mINFO[m] Running org.apache.commons.beanutils.[1mDynaRowSetTestCase_OE25Dev[m
[[1;34mINFO[m] [1;32mTests run: [0;1;32m46[m, Failures: 0, Errors: 0, Skipped: 0, Time elapsed: 0.03 s - in org.apache.commons.beanutils.[1mDynaRowSetTestCase_OE25Dev[m
[[1;34mINFO[m] Running org.apache.commons.beanutils.[1mDynaBeanMapDecoratorTestCase_OE25Dev[m
[[1;34mINFO[m] [1;32mTests run: [0;1;32m20[m, Failures: 0, Errors: 0, Skipped: 0, Time elapsed: 0.001 s - in org.apache.commons.beanutils.[1mDynaBeanMapDecoratorTestCase_OE25Dev[m
[[1;34mINFO[m] Running org.apache.commons.beanutils.converters.[1mByteConverterTestCase_OE25Dev[m
[[1;34mINFO[m] [1;32mTests run: [0;1;32m5[m, Failures: 0, Errors: 0, Skipped: 0, Time elapsed: 0.001 s - in org.apache.commons.beanutils.converters.[1mByteConverterTestCase_OE25Dev[m
[[1;34mINFO[m] Running org.apache.commons.beanutils.converters.[1mCharacterConverterTestCase_OE25Dev[m
[[1;34mINFO[m] [1;32mTests run: [0;1;32m9[m, Failures: 0, Errors: 0, Skipped: 0, Time elapsed: 0 s - in org.apache.commons.beanutils.converters.[1mCharacterConverterTestCase_OE25Dev[m
[[1;34mINFO[m] Running org.apache.commons.beanutils.converters.[1mStringArrayConverterTestCase_OE25Dev[m
[[1;34mINFO[m] [1;32mTests run: [0;1;32m6[m, Failures: 0, Errors: 0, Skipped: 0, Time elapsed: 0.001 s - in org.apache.commons.beanutils.converters.[1mStringArrayConverterTestCase_OE25Dev[m
[[1;34mINFO[m] Running org.apache.commons.beanutils.converters.[1mClassConverterTestCase_OE25Dev[m
[[1;34mINFO[m] [1;32mTests run: [0;1;32m12[m, Failures: 0, Errors: 0, Skipped: 0, Time elapsed: 0 s - in org.apache.commons.beanutils.converters.[1mClassConverterTestCase_OE25Dev[m
[[1;34mINFO[m] Running org.apache.commons.beanutils.converters.[1mBooleanConverterTestCase_OE25Dev[m
[[1;34mINFO[m] [1;32mTests run: [0;1;32m2[m, Failures: 0, Errors: 0, Skipped: 0, Time elapsed: 0 s - in org.apache.commons.beanutils.converters.[1mBooleanConverterTestCase_OE25Dev[m
[[1;34mINFO[m] Running org.apache.commons.beanutils.converters.[1mFileConverterTestCase_OE25Dev[m
[[1;34mINFO[m] [1;32mTests run: [0;1;32m2[m, Failures: 0, Errors: 0, Skipped: 0, Time elapsed: 0 s - in org.apache.commons.beanutils.converters.[1mFileConverterTestCase_OE25Dev[m
[[1;34mINFO[m] Running org.apache.commons.beanutils.converters.[1mBigDecimalConverterTestCase_OE25Dev[m
[[1;34mINFO[m] [1;32mTests run: [0;1;32m2[m, Failures: 0, Errors: 0, Skipped: 0, Time elapsed: 0.001 s - in org.apache.commons.beanutils.converters.[1mBigDecimalConverterTestCase_OE25Dev[m
[[1;34mINFO[m] Running org.apache.commons.beanutils.converters.[1mStringConverterTestCase_OE25Dev[m
[[1;34mINFO[m] [1;32mTests run: [0;1;32m2[m, Failures: 0, Errors: 0, Skipped: 0, Time elapsed: 0 s - in org.apache.commons.beanutils.converters.[1mStringConverterTestCase_OE25Dev[m
[[1;34mINFO[m] Running org.apache.commons.beanutils.converters.[1mArrayConverterTestCase_OE25Dev[m
[[1;34mINFO[m] [1;32mTests run: [0;1;32m31[m, Failures: 0, Errors: 0, Skipped: 0, Time elapsed: 0.014 s - in org.apache.commons.beanutils.converters.[1mArrayConverterTestCase_OE25Dev[m
[[1;34mINFO[m] Running org.apache.commons.beanutils.converters.[1mClassReloaderTestCase_OE25Dev[m
[[1;34mINFO[m] [1;32mTests run: [0;1;32m8[m, Failures: 0, Errors: 0, Skipped: 0, Time elapsed: 0.001 s - in org.apache.commons.beanutils.converters.[1mClassReloaderTestCase_OE25Dev[m
[[1;34mINFO[m] Running org.apache.commons.beanutils.converters.[1mDoubleConverterTestCase_OE25Dev[m
[[1;34mINFO[m] [1;32mTests run: [0;1;32m3[m, Failures: 0, Errors: 0, Skipped: 0, Time elapsed: 0.001 s - in org.apache.commons.beanutils.converters.[1mDoubleConverterTestCase_OE25Dev[m
[[1;34mINFO[m] Running org.apache.commons.beanutils.converters.[1mIntegerConverterTestCase_OE25Dev[m
[[1;34mINFO[m] [1;32mTests run: [0;1;32m5[m, Failures: 0, Errors: 0, Skipped: 0, Time elapsed: 0.001 s - in org.apache.commons.beanutils.converters.[1mIntegerConverterTestCase_OE25Dev[m
[[1;34mINFO[m] Running org.apache.commons.beanutils.converters.[1mFloatConverterTestCase_OE25Dev[m
[[1;34mINFO[m] [1;32mTests run: [0;1;32m4[m, Failures: 0, Errors: 0, Skipped: 0, Time elapsed: 0.001 s - in org.apache.commons.beanutils.converters.[1mFloatConverterTestCase_OE25Dev[m
[[1;34mINFO[m] Running org.apache.commons.beanutils.converters.[1mSqlDateConverterTestCase_OE25Dev[m
[[1;34mINFO[m] [1;32mTests run: [0;1;32m1[m, Failures: 0, Errors: 0, Skipped: 0, Time elapsed: 0.006 s - in org.apache.commons.beanutils.converters.[1mSqlDateConverterTestCase_OE25Dev[m
[[1;34mINFO[m] Running org.apache.commons.beanutils.converters.[1mShortConverterTestCase_OE25Dev[m
[[1;34mINFO[m] [1;32mTests run: [0;1;32m5[m, Failures: 0, Errors: 0, Skipped: 0, Time elapsed: 0.001 s - in org.apache.commons.beanutils.converters.[1mShortConverterTestCase_OE25Dev[m
[[1;34mINFO[m] Running org.apache.commons.beanutils.converters.[1mURLConverterTestCase_OE25Dev[m
[[1;34mINFO[m] [1;32mTests run: [0;1;32m3[m, Failures: 0, Errors: 0, Skipped: 0, Time elapsed: 0.098 s - in org.apache.commons.beanutils.converters.[1mURLConverterTestCase_OE25Dev[m
[[1;34mINFO[m] Running org.apache.commons.beanutils.converters.[1mBooleanArrayConverterTestCase_OE25Dev[m
[[1;34mINFO[m] [1;32mTests run: [0;1;32m52[m, Failures: 0, Errors: 0, Skipped: 0, Time elapsed: 0.001 s - in org.apache.commons.beanutils.converters.[1mBooleanArrayConverterTestCase_OE25Dev[m
[[1;34mINFO[m] Running org.apache.commons.beanutils.converters.[1mLongConverterTestCase_OE25Dev[m
[[1;34mINFO[m] [1;32mTests run: [0;1;32m3[m, Failures: 0, Errors: 0, Skipped: 0, Time elapsed: 0 s - in org.apache.commons.beanutils.converters.[1mLongConverterTestCase_OE25Dev[m
[[1;34mINFO[m] Running org.apache.commons.beanutils.converters.[1mBigIntegerConverterTestCase_OE25Dev[m
[[1;34mINFO[m] [1;32mTests run: [0;1;32m2[m, Failures: 0, Errors: 0, Skipped: 0, Time elapsed: 0.001 s - in org.apache.commons.beanutils.converters.[1mBigIntegerConverterTestCase_OE25Dev[m
[[1;34mINFO[m] Running org.apache.commons.beanutils.[1mConvertUtilsTestCase_OE25Dev[m
[[1;34mINFO[m] [1;32mTests run: [0;1;32m139[m, Failures: 0, Errors: 0, Skipped: 0, Time elapsed: 0.021 s - in org.apache.commons.beanutils.[1mConvertUtilsTestCase_OE25Dev[m
[[1;34mINFO[m] Running org.apache.commons.beanutils.[1mDefaultIntrospectionContextTestCase_OE25Dev[m
[[1;34mINFO[m] [1;32mTests run: [0;1;32m15[m, Failures: 0, Errors: 0, Skipped: 0, Time elapsed: 0.007 s - in org.apache.commons.beanutils.[1mDefaultIntrospectionContextTestCase_OE25Dev[m
[[1;34mINFO[m] Running org.apache.commons.beanutils.[1mMappedPropertyTestCase_OE25Dev[m
[[1;34mINFO[m] [1;32mTests run: [0;1;32m13[m, Failures: 0, Errors: 0, Skipped: 0, Time elapsed: 0.001 s - in org.apache.commons.beanutils.[1mMappedPropertyTestCase_OE25Dev[m
[[1;34mINFO[m] Running org.apache.commons.beanutils.[1mLazyDynaListTestCase_OE25Dev[m
[[1;34mINFO[m] [1;32mTests run: [0;1;32m17[m, Failures: 0, Errors: 0, Skipped: 0, Time elapsed: 0.013 s - in org.apache.commons.beanutils.[1mLazyDynaListTestCase_OE25Dev[m
[[1;34mINFO[m] Running org.apache.commons.beanutils.[1mBeanToPropertyValueTransformerTestCase_OE25Dev[m
[[1;34mINFO[m] [1;32mTests run: [0;1;32m15[m, Failures: 0, Errors: 0, Skipped: 0, Time elapsed: 0.001 s - in org.apache.commons.beanutils.[1mBeanToPropertyValueTransformerTestCase_OE25Dev[m
[[1;34mINFO[m] Running org.apache.commons.beanutils.expression.[1mDefaultResolverTestCase_OE25Dev[m
[[1;34mINFO[m] [1;32mTests run: [0;1;32m25[m, Failures: 0, Errors: 0, Skipped: 0, Time elapsed: 0.001 s - in org.apache.commons.beanutils.expression.[1mDefaultResolverTestCase_OE25Dev[m
[[1;34mINFO[m] Running org.apache.commons.beanutils.[1mDynaPropertyTestCase_OE25Dev[m
[[1;34mINFO[m] [1;32mTests run: [0;1;32m10[m, Failures: 0, Errors: 0, Skipped: 0, Time elapsed: 0 s - in org.apache.commons.beanutils.[1mDynaPropertyTestCase_OE25Dev[m
[[1;34mINFO[m] Running org.apache.commons.beanutils.locale.[1mLocaleBeanUtilsTestCase_OE25Dev[m
[[1;34mINFO[m] [1;32mTests run: [0;1;32m6[m, Failures: 0, Errors: 0, Skipped: 0, Time elapsed: 0.003 s - in org.apache.commons.beanutils.locale.[1mLocaleBeanUtilsTestCase_OE25Dev[m
[[1;34mINFO[m] Running org.apache.commons.beanutils.locale.converters.[1mFloatLocaleConverterTestCase_OE25Dev[m
[[1;34mINFO[m] [1;32mTests run: [0;1;32m6[m, Failures: 0, Errors: 0, Skipped: 0, Time elapsed: 0.004 s - in org.apache.commons.beanutils.locale.converters.[1mFloatLocaleConverterTestCase_OE25Dev[m
[[1;34mINFO[m] Running org.apache.commons.beanutils.locale.converters.[1mIntegerLocaleConverterTestCase_OE25Dev[m
[[1;34mINFO[m] [1;32mTests run: [0;1;32m3[m, Failures: 0, Errors: 0, Skipped: 0, Time elapsed: 0.004 s - in org.apache.commons.beanutils.locale.converters.[1mIntegerLocaleConverterTestCase_OE25Dev[m
[[1;34mINFO[m] Running org.apache.commons.beanutils.locale.converters.[1mDateLocaleConverterTestCase_OE25Dev[m
[[1;34mINFO[m] [1;32mTests run: [0;1;32m12[m, Failures: 0, Errors: 0, Skipped: 0, Time elapsed: 0.009 s - in org.apache.commons.beanutils.locale.converters.[1mDateLocaleConverterTestCase_OE25Dev[m
[[1;34mINFO[m] Running org.apache.commons.beanutils.locale.[1mLocaleConvertUtilsTestCase_OE25Dev[m
[[1;34mINFO[m] [1;32mTests run: [0;1;32m47[m, Failures: 0, Errors: 0, Skipped: 0, Time elapsed: 0.012 s - in org.apache.commons.beanutils.locale.[1mLocaleConvertUtilsTestCase_OE25Dev[m
[[1;34mINFO[m] Running org.apache.commons.beanutils.locale.[1mLocaleBeanificationTestCase_OE25Dev[m
[[1;34mINFO[m] [1;32mTests run: [0;1;32m24[m, Failures: 0, Errors: 0, Skipped: 0, Time elapsed: 0.014 s - in org.apache.commons.beanutils.locale.[1mLocaleBeanificationTestCase_OE25Dev[m
[[1;34mINFO[m] Running org.apache.commons.beanutils.[1mBeanComparatorTestCase_OE25Dev[m
[[1;34mINFO[m] [1;32mTests run: [0;1;32m7[m, Failures: 0, Errors: 0, Skipped: 0, Time elapsed: 0.001 s - in org.apache.commons.beanutils.[1mBeanComparatorTestCase_OE25Dev[m
[[1;34mINFO[m] Running org.apache.commons.beanutils.[1mDynaResultSetTestCase_OE25Dev[m
[[1;34mINFO[m] [1;32mTests run: [0;1;32m33[m, Failures: 0, Errors: 0, Skipped: 0, Time elapsed: 0.002 s - in org.apache.commons.beanutils.[1mDynaResultSetTestCase_OE25Dev[m
[[1;34mINFO[m] Running org.apache.commons.beanutils.[1mDynaBeanUtilsTestCase_OE25Dev[m
[[1;34mINFO[m] [1;32mTests run: [0;1;32m157[m, Failures: 0, Errors: 0, Skipped: 0, Time elapsed: 0.026 s - in org.apache.commons.beanutils.[1mDynaBeanUtilsTestCase_OE25Dev[m
[[1;34mINFO[m] Running org.apache.commons.beanutils.[1mBeanIntrospectionDataTestCase_OE25Dev[m
[[1;34mINFO[m] [1;32mTests run: [0;1;32m5[m, Failures: 0, Errors: 0, Skipped: 0, Time elapsed: 0 s - in org.apache.commons.beanutils.[1mBeanIntrospectionDataTestCase_OE25Dev[m
[[1;34mINFO[m] Running org.apache.commons.beanutils.[1mBeanPropertyValueEqualsPredicateTestCase_OE25Dev[m
[[1;34mINFO[m] [1;32mTests run: [0;1;32m28[m, Failures: 0, Errors: 0, Skipped: 0, Time elapsed: 0 s - in org.apache.commons.beanutils.[1mBeanPropertyValueEqualsPredicateTestCase_OE25Dev[m
[[1;34mINFO[m] Running org.apache.commons.beanutils.[1mMethodUtilsTestCase_OE25Dev[m
[[1;34mINFO[m] [1;32mTests run: [0;1;32m55[m, Failures: 0, Errors: 0, Skipped: 0, Time elapsed: 0.002 s - in org.apache.commons.beanutils.[1mMethodUtilsTestCase_OE25Dev[m
[[1;34mINFO[m] Running org.apache.commons.beanutils.[1mPropertyUtilsTestCase_OE25Dev[m
[[1;34mINFO[m] [1;32mTests run: [0;1;32m313[m, Failures: 0, Errors: 0, Skipped: 0, Time elapsed: 0.117 s - in org.apache.commons.beanutils.[1mPropertyUtilsTestCase_OE25Dev[m
[[1;34mINFO[m] Running org.apache.commons.beanutils.memoryleaktests.[1mMemoryLeakTestCase_OE25Dev[m
[[1;34mINFO[m] [1;32mTests run: [0;1;32m49[m, Failures: 0, Errors: 0, Skipped: 0, Time elapsed: 0.017 s - in org.apache.commons.beanutils.memoryleaktests.[1mMemoryLeakTestCase_OE25Dev[m
[[1;34mINFO[m] Running org.apache.commons.beanutils.[1mBeanMapTestCase_OE25Dev[m
[[1;34mINFO[m] [1;32mTests run: [0;1;32m128[m, Failures: 0, Errors: 0, Skipped: 0, Time elapsed: 0.032 s - in org.apache.commons.beanutils.[1mBeanMapTestCase_OE25Dev[m
[[1;34mINFO[m] Running org.apache.commons.beanutils.[1mBeanUtilsTestCase_OE25Dev[m
[[1;34mINFO[m] [1;32mTests run: [0;1;32m228[m, Failures: 0, Errors: 0, Skipped: 0, Time elapsed: 0.042 s - in org.apache.commons.beanutils.[1mBeanUtilsTestCase_OE25Dev[m
[[1;34mINFO[m] 
[[1;34mINFO[m] Results:
[[1;34mINFO[m] 
[[1;33mWARNING[m] [1;33mTests run: 2359, Failures: 0, Errors: 0, Skipped: 3[m
[[1;34mINFO[m] 
[[1;34mINFO[m] [1m------------------------------------------------------------------------[m
[[1;34mINFO[m] [1;32mBUILD SUCCESS[m
[[1;34mINFO[m] [1m------------------------------------------------------------------------[m
[[1;34mINFO[m] Total time:  25.288 s
[[1;34mINFO[m] Finished at: 2026-02-24T00:54:52-06:00
[[1;34mINFO[m] [1m------------------------------------------------------------------------[m
