
-------------------------------------------------------
 T E S T S
-------------------------------------------------------
Running org.asynchttpclient.reactivestreams.ReactiveStreamsTest_OE25Dev_async_left_254_2
Tests run: 2, Failures: 1, Errors: 0, Skipped: 0, Time elapsed: 1.22 sec <<< FAILURE! - in org.asynchttpclient.reactivestreams.ReactiveStreamsTest_OE25Dev_async_left_254_2
tearDownGlobal(org.asynchttpclient.reactivestreams.ReactiveStreamsTest_OE25Dev_async_left_254_2)  Time elapsed: 0.465 sec  <<< FAILURE!
org.apache.catalina.LifecycleException: A child container failed during stop
	at org.asynchttpclient.reactivestreams.ReactiveStreamsTest_OE25Dev_async_left_254_2.tearDownGlobal(ReactiveStreamsTest_OE25Dev_async_left_254_2.java:219)


Results :

Failed tests: 
  ReactiveStreamsTest_OE25Dev_async_left_254_2.tearDownGlobal:219 » Lifecycle A ...

Tests run: 2, Failures: 1, Errors: 0, Skipped: 0

[ERROR] Failed to execute goal org.apache.maven.plugins:maven-surefire-plugin:2.19.1:test (default-test) on project async-http-client: There are test failures.
[ERROR] 
[ERROR] Please refer to /home/tasfia/Desktop/OE25-DEV/projects_decomposed/async-http-client/client/target/surefire-reports for the individual test results.
[ERROR] -> [Help 1]
[ERROR] 
[ERROR] To see the full stack trace of the errors, re-run Maven with the -e switch.
[ERROR] Re-run Maven using the -X switch to enable full debug logging.
[ERROR] 
[ERROR] For more information about the errors and possible solutions, please read the following articles:
[ERROR] [Help 1] http://cwiki.apache.org/confluence/display/MAVEN/MojoFailureException
