[ERROR] COMPILATION ERROR : 
[ERROR] /home/tasfia/Desktop/OE25-DEV/projects_decomposed/async-http-client/client/src/test/java/org/asynchttpclient/PerRequestTimeoutTest_OE25Dev_async_left_75_1.java:[60,7] cannot find symbol
  symbol:   method checkTimeoutMessage(java.lang.String,boolean)
  location: class org.asynchttpclient.PerRequestTimeoutTest_OE25Dev_async_left_75_1
[ERROR] /home/tasfia/Desktop/OE25-DEV/projects_decomposed/async-http-client/client/src/test/java/org/asynchttpclient/PerRequestTimeoutTest_OE25Dev_async_left_75_1.java:[76,7] cannot find symbol
  symbol:   method checkTimeoutMessage(java.lang.String,boolean)
  location: class org.asynchttpclient.PerRequestTimeoutTest_OE25Dev_async_left_75_1
[ERROR] /home/tasfia/Desktop/OE25-DEV/projects_decomposed/async-http-client/client/src/test/java/org/asynchttpclient/PerRequestTimeoutTest_OE25Dev_async_left_75_1.java:[92,7] cannot find symbol
  symbol:   method checkTimeoutMessage(java.lang.String,boolean)
  location: class org.asynchttpclient.PerRequestTimeoutTest_OE25Dev_async_left_75_1
[ERROR] /home/tasfia/Desktop/OE25-DEV/projects_decomposed/async-http-client/client/src/test/java/org/asynchttpclient/PerRequestTimeoutTest_OE25Dev_async_left_75_1.java:[106,7] cannot find symbol
  symbol:   method checkTimeoutMessage(java.lang.String,boolean)
  location: class org.asynchttpclient.PerRequestTimeoutTest_OE25Dev_async_left_75_1
[ERROR] Failed to execute goal org.apache.maven.plugins:maven-compiler-plugin:3.6.1:testCompile (default-testCompile) on project async-http-client: Compilation failure: Compilation failure: 
[ERROR] /home/tasfia/Desktop/OE25-DEV/projects_decomposed/async-http-client/client/src/test/java/org/asynchttpclient/PerRequestTimeoutTest_OE25Dev_async_left_75_1.java:[60,7] cannot find symbol
[ERROR]   symbol:   method checkTimeoutMessage(java.lang.String,boolean)
[ERROR]   location: class org.asynchttpclient.PerRequestTimeoutTest_OE25Dev_async_left_75_1
[ERROR] /home/tasfia/Desktop/OE25-DEV/projects_decomposed/async-http-client/client/src/test/java/org/asynchttpclient/PerRequestTimeoutTest_OE25Dev_async_left_75_1.java:[76,7] cannot find symbol
[ERROR]   symbol:   method checkTimeoutMessage(java.lang.String,boolean)
[ERROR]   location: class org.asynchttpclient.PerRequestTimeoutTest_OE25Dev_async_left_75_1
[ERROR] /home/tasfia/Desktop/OE25-DEV/projects_decomposed/async-http-client/client/src/test/java/org/asynchttpclient/PerRequestTimeoutTest_OE25Dev_async_left_75_1.java:[92,7] cannot find symbol
[ERROR]   symbol:   method checkTimeoutMessage(java.lang.String,boolean)
[ERROR]   location: class org.asynchttpclient.PerRequestTimeoutTest_OE25Dev_async_left_75_1
[ERROR] /home/tasfia/Desktop/OE25-DEV/projects_decomposed/async-http-client/client/src/test/java/org/asynchttpclient/PerRequestTimeoutTest_OE25Dev_async_left_75_1.java:[106,7] cannot find symbol
[ERROR]   symbol:   method checkTimeoutMessage(java.lang.String,boolean)
[ERROR]   location: class org.asynchttpclient.PerRequestTimeoutTest_OE25Dev_async_left_75_1
[ERROR] -> [Help 1]
[ERROR] 
[ERROR] To see the full stack trace of the errors, re-run Maven with the -e switch.
[ERROR] Re-run Maven using the -X switch to enable full debug logging.
[ERROR] 
[ERROR] For more information about the errors and possible solutions, please read the following articles:
[ERROR] [Help 1] http://cwiki.apache.org/confluence/display/MAVEN/MojoFailureException
