[ERROR] COMPILATION ERROR : 
[ERROR] /home/tasfia/Desktop/OE25-DEV/projects_decomposed/async-http-client/client/src/test/java/org/asynchttpclient/util/HttpUtilsTest_OE25Dev_async_left_350_1.java:[118,5] cannot find symbol
  symbol:   method formUrlEncoding(java.nio.charset.Charset)
  location: class org.asynchttpclient.util.HttpUtilsTest_OE25Dev_async_left_350_1
[ERROR] /home/tasfia/Desktop/OE25-DEV/projects_decomposed/async-http-client/client/src/test/java/org/asynchttpclient/util/HttpUtilsTest_OE25Dev_async_left_350_1.java:[123,5] cannot find symbol
  symbol:   method formUrlEncoding(java.nio.charset.Charset)
  location: class org.asynchttpclient.util.HttpUtilsTest_OE25Dev_async_left_350_1
[ERROR] Failed to execute goal org.apache.maven.plugins:maven-compiler-plugin:3.6.1:testCompile (default-testCompile) on project async-http-client: Compilation failure: Compilation failure: 
[ERROR] /home/tasfia/Desktop/OE25-DEV/projects_decomposed/async-http-client/client/src/test/java/org/asynchttpclient/util/HttpUtilsTest_OE25Dev_async_left_350_1.java:[118,5] cannot find symbol
[ERROR]   symbol:   method formUrlEncoding(java.nio.charset.Charset)
[ERROR]   location: class org.asynchttpclient.util.HttpUtilsTest_OE25Dev_async_left_350_1
[ERROR] /home/tasfia/Desktop/OE25-DEV/projects_decomposed/async-http-client/client/src/test/java/org/asynchttpclient/util/HttpUtilsTest_OE25Dev_async_left_350_1.java:[123,5] cannot find symbol
[ERROR]   symbol:   method formUrlEncoding(java.nio.charset.Charset)
[ERROR]   location: class org.asynchttpclient.util.HttpUtilsTest_OE25Dev_async_left_350_1
[ERROR] -> [Help 1]
[ERROR] 
[ERROR] To see the full stack trace of the errors, re-run Maven with the -e switch.
[ERROR] Re-run Maven using the -X switch to enable full debug logging.
[ERROR] 
[ERROR] For more information about the errors and possible solutions, please read the following articles:
[ERROR] [Help 1] http://cwiki.apache.org/confluence/display/MAVEN/MojoFailureException
