[ERROR] COMPILATION ERROR : 
[ERROR] /home/tasfia/Desktop/OE25-DEV/projects_decomposed/async-http-client/client/src/test/java/org/asynchttpclient/AsyncHttpClientDefaultsTest_OE25Dev_async_left_157_2.java:[65,5] cannot find symbol
  symbol:   method testBooleanSystemProperty(java.lang.String,java.lang.String,java.lang.String)
  location: class org.asynchttpclient.AsyncHttpClientDefaultsTest_OE25Dev_async_left_157_2
[ERROR] /home/tasfia/Desktop/OE25-DEV/projects_decomposed/async-http-client/client/src/test/java/org/asynchttpclient/AsyncHttpClientDefaultsTest_OE25Dev_async_left_157_2.java:[75,5] cannot find symbol
  symbol:   method testBooleanSystemProperty(java.lang.String,java.lang.String,java.lang.String)
  location: class org.asynchttpclient.AsyncHttpClientDefaultsTest_OE25Dev_async_left_157_2
[ERROR] /home/tasfia/Desktop/OE25-DEV/projects_decomposed/async-http-client/client/src/test/java/org/asynchttpclient/AsyncHttpClientDefaultsTest_OE25Dev_async_left_157_2.java:[85,5] cannot find symbol
  symbol:   method testBooleanSystemProperty(java.lang.String,java.lang.String,java.lang.String)
  location: class org.asynchttpclient.AsyncHttpClientDefaultsTest_OE25Dev_async_left_157_2
[ERROR] /home/tasfia/Desktop/OE25-DEV/projects_decomposed/async-http-client/client/src/test/java/org/asynchttpclient/AsyncHttpClientDefaultsTest_OE25Dev_async_left_157_2.java:[90,5] cannot find symbol
  symbol:   method testBooleanSystemProperty(java.lang.String,java.lang.String,java.lang.String)
  location: class org.asynchttpclient.AsyncHttpClientDefaultsTest_OE25Dev_async_left_157_2
[ERROR] /home/tasfia/Desktop/OE25-DEV/projects_decomposed/async-http-client/client/src/test/java/org/asynchttpclient/AsyncHttpClientDefaultsTest_OE25Dev_async_left_157_2.java:[95,5] cannot find symbol
  symbol:   method testBooleanSystemProperty(java.lang.String,java.lang.String,java.lang.String)
  location: class org.asynchttpclient.AsyncHttpClientDefaultsTest_OE25Dev_async_left_157_2
[ERROR] /home/tasfia/Desktop/OE25-DEV/projects_decomposed/async-http-client/client/src/test/java/org/asynchttpclient/AsyncHttpClientDefaultsTest_OE25Dev_async_left_157_2.java:[100,5] cannot find symbol
  symbol:   method testBooleanSystemProperty(java.lang.String,java.lang.String,java.lang.String)
  location: class org.asynchttpclient.AsyncHttpClientDefaultsTest_OE25Dev_async_left_157_2
[ERROR] /home/tasfia/Desktop/OE25-DEV/projects_decomposed/async-http-client/client/src/test/java/org/asynchttpclient/AsyncHttpClientDefaultsTest_OE25Dev_async_left_157_2.java:[110,5] cannot find symbol
  symbol:   method testBooleanSystemProperty(java.lang.String,java.lang.String,java.lang.String)
  location: class org.asynchttpclient.AsyncHttpClientDefaultsTest_OE25Dev_async_left_157_2
[ERROR] /home/tasfia/Desktop/OE25-DEV/projects_decomposed/async-http-client/client/src/test/java/org/asynchttpclient/AsyncHttpClientDefaultsTest_OE25Dev_async_left_157_2.java:[115,5] cannot find symbol
  symbol:   method testBooleanSystemProperty(java.lang.String,java.lang.String,java.lang.String)
  location: class org.asynchttpclient.AsyncHttpClientDefaultsTest_OE25Dev_async_left_157_2
[ERROR] Failed to execute goal org.apache.maven.plugins:maven-compiler-plugin:3.6.1:testCompile (default-testCompile) on project async-http-client: Compilation failure: Compilation failure: 
[ERROR] /home/tasfia/Desktop/OE25-DEV/projects_decomposed/async-http-client/client/src/test/java/org/asynchttpclient/AsyncHttpClientDefaultsTest_OE25Dev_async_left_157_2.java:[65,5] cannot find symbol
[ERROR]   symbol:   method testBooleanSystemProperty(java.lang.String,java.lang.String,java.lang.String)
[ERROR]   location: class org.asynchttpclient.AsyncHttpClientDefaultsTest_OE25Dev_async_left_157_2
[ERROR] /home/tasfia/Desktop/OE25-DEV/projects_decomposed/async-http-client/client/src/test/java/org/asynchttpclient/AsyncHttpClientDefaultsTest_OE25Dev_async_left_157_2.java:[75,5] cannot find symbol
[ERROR]   symbol:   method testBooleanSystemProperty(java.lang.String,java.lang.String,java.lang.String)
[ERROR]   location: class org.asynchttpclient.AsyncHttpClientDefaultsTest_OE25Dev_async_left_157_2
[ERROR] /home/tasfia/Desktop/OE25-DEV/projects_decomposed/async-http-client/client/src/test/java/org/asynchttpclient/AsyncHttpClientDefaultsTest_OE25Dev_async_left_157_2.java:[85,5] cannot find symbol
[ERROR]   symbol:   method testBooleanSystemProperty(java.lang.String,java.lang.String,java.lang.String)
[ERROR]   location: class org.asynchttpclient.AsyncHttpClientDefaultsTest_OE25Dev_async_left_157_2
[ERROR] /home/tasfia/Desktop/OE25-DEV/projects_decomposed/async-http-client/client/src/test/java/org/asynchttpclient/AsyncHttpClientDefaultsTest_OE25Dev_async_left_157_2.java:[90,5] cannot find symbol
[ERROR]   symbol:   method testBooleanSystemProperty(java.lang.String,java.lang.String,java.lang.String)
[ERROR]   location: class org.asynchttpclient.AsyncHttpClientDefaultsTest_OE25Dev_async_left_157_2
[ERROR] /home/tasfia/Desktop/OE25-DEV/projects_decomposed/async-http-client/client/src/test/java/org/asynchttpclient/AsyncHttpClientDefaultsTest_OE25Dev_async_left_157_2.java:[95,5] cannot find symbol
[ERROR]   symbol:   method testBooleanSystemProperty(java.lang.String,java.lang.String,java.lang.String)
[ERROR]   location: class org.asynchttpclient.AsyncHttpClientDefaultsTest_OE25Dev_async_left_157_2
[ERROR] /home/tasfia/Desktop/OE25-DEV/projects_decomposed/async-http-client/client/src/test/java/org/asynchttpclient/AsyncHttpClientDefaultsTest_OE25Dev_async_left_157_2.java:[100,5] cannot find symbol
[ERROR]   symbol:   method testBooleanSystemProperty(java.lang.String,java.lang.String,java.lang.String)
[ERROR]   location: class org.asynchttpclient.AsyncHttpClientDefaultsTest_OE25Dev_async_left_157_2
[ERROR] /home/tasfia/Desktop/OE25-DEV/projects_decomposed/async-http-client/client/src/test/java/org/asynchttpclient/AsyncHttpClientDefaultsTest_OE25Dev_async_left_157_2.java:[110,5] cannot find symbol
[ERROR]   symbol:   method testBooleanSystemProperty(java.lang.String,java.lang.String,java.lang.String)
[ERROR]   location: class org.asynchttpclient.AsyncHttpClientDefaultsTest_OE25Dev_async_left_157_2
[ERROR] /home/tasfia/Desktop/OE25-DEV/projects_decomposed/async-http-client/client/src/test/java/org/asynchttpclient/AsyncHttpClientDefaultsTest_OE25Dev_async_left_157_2.java:[115,5] cannot find symbol
[ERROR]   symbol:   method testBooleanSystemProperty(java.lang.String,java.lang.String,java.lang.String)
[ERROR]   location: class org.asynchttpclient.AsyncHttpClientDefaultsTest_OE25Dev_async_left_157_2
[ERROR] -> [Help 1]
[ERROR] 
[ERROR] To see the full stack trace of the errors, re-run Maven with the -e switch.
[ERROR] Re-run Maven using the -X switch to enable full debug logging.
[ERROR] 
[ERROR] For more information about the errors and possible solutions, please read the following articles:
[ERROR] [Help 1] http://cwiki.apache.org/confluence/display/MAVEN/MojoFailureException
