/sfs/weka/scratch/wxw9rr/artifact/RQ3/evosuite-artifacts/bcel-6.5.0-src/src/main/java/org/apache/bcel/classfile/RuntimeVisibleParameterAnnotations.java
/sfs/weka/scratch/wxw9rr/artifact/RQ3/evosuite-artifacts/bcel-6.5.0-src/src/main/java/org/apache/bcel/generic/DMUL.java
/sfs/weka/scratch/wxw9rr/artifact/RQ3/evosuite-artifacts/bcel-6.5.0-src/src/main/java/org/apache/bcel/generic/DCMPL.java
/sfs/weka/scratch/wxw9rr/artifact/RQ3/evosuite-artifacts/bcel-6.5.0-src/src/main/java/org/apache/bcel/generic/LCONST.java
/sfs/weka/scratch/wxw9rr/artifact/RQ3/evosuite-artifacts/bcel-6.5.0-src/src/main/java/org/apache/bcel/util/ClassLoaderRepository.java
/sfs/weka/scratch/wxw9rr/artifact/RQ3/evosuite-artifacts/bcel-6.5.0-src/src/main/java/org/apache/bcel/generic/DSTORE.java
/sfs/weka/scratch/wxw9rr/artifact/RQ3/evosuite-artifacts/bcel-6.5.0-src/src/main/java/org/apache/bcel/generic/ReferenceType.java
/sfs/weka/scratch/wxw9rr/artifact/RQ3/evosuite-artifacts/bcel-6.5.0-src/src/main/java/org/apache/bcel/classfile/StackMapEntry.java
/sfs/weka/scratch/wxw9rr/artifact/RQ3/evosuite-artifacts/bcel-6.5.0-src/src/main/java/org/apache/bcel/classfile/LineNumberTable.java
/sfs/weka/scratch/wxw9rr/artifact/RQ3/evosuite-artifacts/bcel-6.5.0-src/src/main/java/org/apache/bcel/verifier/statics/LocalVariablesInfo.java
/sfs/weka/scratch/wxw9rr/artifact/RQ3/evosuite-artifacts/bcel-6.5.0-src/src/main/java/org/apache/bcel/generic/PushInstruction.java
/sfs/weka/scratch/wxw9rr/artifact/RQ3/evosuite-artifacts/bcel-6.5.0-src/src/main/java/org/apache/bcel/generic/LALOAD.java
/sfs/weka/scratch/wxw9rr/artifact/RQ3/evosuite-artifacts/bcel-6.5.0-src/src/main/java/org/apache/bcel/generic/IUSHR.java
/sfs/weka/scratch/wxw9rr/artifact/RQ3/evosuite-artifacts/bcel-6.5.0-src/src/main/java/org/apache/bcel/classfile/ConstantValue.java
/sfs/weka/scratch/wxw9rr/artifact/RQ3/evosuite-artifacts/bcel-6.5.0-src/src/main/java/org/apache/bcel/generic/FCMPG.java
/sfs/weka/scratch/wxw9rr/artifact/RQ3/evosuite-artifacts/bcel-6.5.0-src/src/main/java/org/apache/bcel/generic/LOOKUPSWITCH.java
/sfs/weka/scratch/wxw9rr/artifact/RQ3/evosuite-artifacts/bcel-6.5.0-src/src/main/java/org/apache/bcel/util/BCELComparator.java
/sfs/weka/scratch/wxw9rr/artifact/RQ3/evosuite-artifacts/bcel-6.5.0-src/src/main/java/org/apache/bcel/classfile/SimpleElementValue.java
/sfs/weka/scratch/wxw9rr/artifact/RQ3/evosuite-artifacts/bcel-6.5.0-src/src/main/java/org/apache/bcel/generic/CPInstruction.java
/sfs/weka/scratch/wxw9rr/artifact/RQ3/evosuite-artifacts/bcel-6.5.0-src/src/main/java/org/apache/bcel/generic/ObjectType.java
/sfs/weka/scratch/wxw9rr/artifact/RQ3/evosuite-artifacts/bcel-6.5.0-src/src/main/java/org/apache/bcel/generic/ANEWARRAY.java
/sfs/weka/scratch/wxw9rr/artifact/RQ3/evosuite-artifacts/bcel-6.5.0-src/src/main/java/org/apache/bcel/generic/IREM.java
/sfs/weka/scratch/wxw9rr/artifact/RQ3/evosuite-artifacts/bcel-6.5.0-src/src/main/java/org/apache/bcel/classfile/ConstantModule.java
/sfs/weka/scratch/wxw9rr/artifact/RQ3/evosuite-artifacts/bcel-6.5.0-src/src/main/java/org/apache/bcel/generic/LDC.java
/sfs/weka/scratch/wxw9rr/artifact/RQ3/evosuite-artifacts/bcel-6.5.0-src/src/main/java/org/apache/bcel/generic/I2L.java
/sfs/weka/scratch/wxw9rr/artifact/RQ3/evosuite-artifacts/bcel-6.5.0-src/src/main/java/org/apache/bcel/util/AbstractClassPathRepository.java
/sfs/weka/scratch/wxw9rr/artifact/RQ3/evosuite-artifacts/bcel-6.5.0-src/src/main/java/org/apache/bcel/generic/InstructionList.java
/sfs/weka/scratch/wxw9rr/artifact/RQ3/evosuite-artifacts/bcel-6.5.0-src/src/main/java/org/apache/bcel/classfile/BootstrapMethod.java
/sfs/weka/scratch/wxw9rr/artifact/RQ3/evosuite-artifacts/bcel-6.5.0-src/src/main/java/org/apache/bcel/generic/Instruction.java
/sfs/weka/scratch/wxw9rr/artifact/RQ3/evosuite-artifacts/bcel-6.5.0-src/src/main/java/org/apache/bcel/classfile/Visitor.java
/sfs/weka/scratch/wxw9rr/artifact/RQ3/evosuite-artifacts/bcel-6.5.0-src/src/main/java/org/apache/bcel/verifier/exc/InvalidMethodException.java
/sfs/weka/scratch/wxw9rr/artifact/RQ3/evosuite-artifacts/bcel-6.5.0-src/src/main/java/org/apache/bcel/generic/MONITORENTER.java
/sfs/weka/scratch/wxw9rr/artifact/RQ3/evosuite-artifacts/bcel-6.5.0-src/src/main/java/org/apache/bcel/classfile/StackMap.java
/sfs/weka/scratch/wxw9rr/artifact/RQ3/evosuite-artifacts/bcel-6.5.0-src/src/main/java/org/apache/bcel/classfile/ConstantDynamic.java
/sfs/weka/scratch/wxw9rr/artifact/RQ3/evosuite-artifacts/bcel-6.5.0-src/src/main/java/org/apache/bcel/classfile/AnnotationEntry.java
/sfs/weka/scratch/wxw9rr/artifact/RQ3/evosuite-artifacts/bcel-6.5.0-src/src/main/java/org/apache/bcel/generic/L2D.java
/sfs/weka/scratch/wxw9rr/artifact/RQ3/evosuite-artifacts/bcel-6.5.0-src/src/main/java/org/apache/bcel/generic/IFNULL.java
/sfs/weka/scratch/wxw9rr/artifact/RQ3/evosuite-artifacts/bcel-6.5.0-src/src/main/java/org/apache/bcel/generic/ConstantPushInstruction.java
/sfs/weka/scratch/wxw9rr/artifact/RQ3/evosuite-artifacts/bcel-6.5.0-src/src/main/java/org/apache/bcel/generic/IFLT.java
/sfs/weka/scratch/wxw9rr/artifact/RQ3/evosuite-artifacts/bcel-6.5.0-src/src/main/java/org/apache/bcel/generic/INVOKESTATIC.java
/sfs/weka/scratch/wxw9rr/artifact/RQ3/evosuite-artifacts/bcel-6.5.0-src/src/main/java/org/apache/bcel/generic/MULTIANEWARRAY.java
/sfs/weka/scratch/wxw9rr/artifact/RQ3/evosuite-artifacts/bcel-6.5.0-src/src/main/java/org/apache/bcel/generic/IMUL.java
/sfs/weka/scratch/wxw9rr/artifact/RQ3/evosuite-artifacts/bcel-6.5.0-src/src/main/java/org/apache/bcel/generic/IASTORE.java
/sfs/weka/scratch/wxw9rr/artifact/RQ3/evosuite-artifacts/bcel-6.5.0-src/src/main/java/org/apache/bcel/classfile/Constant.java
/sfs/weka/scratch/wxw9rr/artifact/RQ3/evosuite-artifacts/bcel-6.5.0-src/src/main/java/org/apache/bcel/classfile/InnerClasses.java
/sfs/weka/scratch/wxw9rr/artifact/RQ3/evosuite-artifacts/bcel-6.5.0-src/src/main/java/org/apache/bcel/classfile/ModuleProvides.java
/sfs/weka/scratch/wxw9rr/artifact/RQ3/evosuite-artifacts/bcel-6.5.0-src/src/main/java/org/apache/bcel/generic/FADD.java
/sfs/weka/scratch/wxw9rr/artifact/RQ3/evosuite-artifacts/bcel-6.5.0-src/src/main/java/org/apache/bcel/classfile/ConstantPool.java
/sfs/weka/scratch/wxw9rr/artifact/RQ3/evosuite-artifacts/bcel-6.5.0-src/src/main/java/org/apache/bcel/generic/JSR.java
/sfs/weka/scratch/wxw9rr/artifact/RQ3/evosuite-artifacts/bcel-6.5.0-src/src/main/java/org/apache/bcel/generic/IFEQ.java
/sfs/weka/scratch/wxw9rr/artifact/RQ3/evosuite-artifacts/bcel-6.5.0-src/src/main/java/org/apache/bcel/verifier/exc/VerificationException.java
/sfs/weka/scratch/wxw9rr/artifact/RQ3/evosuite-artifacts/bcel-6.5.0-src/src/main/java/org/apache/bcel/verifier/structurals/Subroutine.java
/sfs/weka/scratch/wxw9rr/artifact/RQ3/evosuite-artifacts/bcel-6.5.0-src/src/main/java/org/apache/bcel/verifier/VerifierFactory.java
/sfs/weka/scratch/wxw9rr/artifact/RQ3/evosuite-artifacts/bcel-6.5.0-src/src/main/java/org/apache/bcel/verifier/structurals/Frame.java
/sfs/weka/scratch/wxw9rr/artifact/RQ3/evosuite-artifacts/bcel-6.5.0-src/src/main/java/org/apache/bcel/generic/EnumElementValueGen.java
/sfs/weka/scratch/wxw9rr/artifact/RQ3/evosuite-artifacts/bcel-6.5.0-src/src/main/java/org/apache/bcel/generic/GETSTATIC.java
/sfs/weka/scratch/wxw9rr/artifact/RQ3/evosuite-artifacts/bcel-6.5.0-src/src/main/java/org/apache/bcel/generic/ISHR.java
/sfs/weka/scratch/wxw9rr/artifact/RQ3/evosuite-artifacts/bcel-6.5.0-src/src/main/java/org/apache/bcel/util/Repository.java
/sfs/weka/scratch/wxw9rr/artifact/RQ3/evosuite-artifacts/bcel-6.5.0-src/src/main/java/org/apache/bcel/generic/INVOKESPECIAL.java
/sfs/weka/scratch/wxw9rr/artifact/RQ3/evosuite-artifacts/bcel-6.5.0-src/src/main/java/org/apache/bcel/generic/ClassElementValueGen.java
/sfs/weka/scratch/wxw9rr/artifact/RQ3/evosuite-artifacts/bcel-6.5.0-src/src/main/java/org/apache/bcel/classfile/ConstantInvokeDynamic.java
/sfs/weka/scratch/wxw9rr/artifact/RQ3/evosuite-artifacts/bcel-6.5.0-src/src/main/java/org/apache/bcel/generic/ConversionInstruction.java
/sfs/weka/scratch/wxw9rr/artifact/RQ3/evosuite-artifacts/bcel-6.5.0-src/src/main/java/org/apache/bcel/generic/BasicType.java
/sfs/weka/scratch/wxw9rr/artifact/RQ3/evosuite-artifacts/bcel-6.5.0-src/src/main/java/org/apache/bcel/classfile/RuntimeInvisibleParameterAnnotations.java
/sfs/weka/scratch/wxw9rr/artifact/RQ3/evosuite-artifacts/bcel-6.5.0-src/src/main/java/org/apache/bcel/generic/BASTORE.java
/sfs/weka/scratch/wxw9rr/artifact/RQ3/evosuite-artifacts/bcel-6.5.0-src/src/main/java/org/apache/bcel/generic/DCMPG.java
/sfs/weka/scratch/wxw9rr/artifact/RQ3/evosuite-artifacts/bcel-6.5.0-src/src/main/java/org/apache/bcel/classfile/ConstantInterfaceMethodref.java
/sfs/weka/scratch/wxw9rr/artifact/RQ3/evosuite-artifacts/bcel-6.5.0-src/src/main/java/org/apache/bcel/generic/PUSH.java
/sfs/weka/scratch/wxw9rr/artifact/RQ3/evosuite-artifacts/bcel-6.5.0-src/src/main/java/org/apache/bcel/classfile/UnknownAttributeReader.java
/sfs/weka/scratch/wxw9rr/artifact/RQ3/evosuite-artifacts/bcel-6.5.0-src/src/main/java/org/apache/bcel/verifier/exc/StructuralCodeConstraintException.java
/sfs/weka/scratch/wxw9rr/artifact/RQ3/evosuite-artifacts/bcel-6.5.0-src/src/main/java/org/apache/bcel/generic/INVOKEINTERFACE.java
/sfs/weka/scratch/wxw9rr/artifact/RQ3/evosuite-artifacts/bcel-6.5.0-src/src/main/java/org/apache/bcel/generic/InstructionComparator.java
/sfs/weka/scratch/wxw9rr/artifact/RQ3/evosuite-artifacts/bcel-6.5.0-src/src/main/java/org/apache/bcel/generic/JsrInstruction.java
/sfs/weka/scratch/wxw9rr/artifact/RQ3/evosuite-artifacts/bcel-6.5.0-src/src/main/java/org/apache/bcel/util/CodeHTML.java
/sfs/weka/scratch/wxw9rr/artifact/RQ3/evosuite-artifacts/bcel-6.5.0-src/src/main/java/org/apache/bcel/util/ClassPath.java
/sfs/weka/scratch/wxw9rr/artifact/RQ3/evosuite-artifacts/bcel-6.5.0-src/src/main/java/org/apache/bcel/generic/IRETURN.java
/sfs/weka/scratch/wxw9rr/artifact/RQ3/evosuite-artifacts/bcel-6.5.0-src/src/main/java/org/apache/bcel/generic/AnnotationEntryGen.java
/sfs/weka/scratch/wxw9rr/artifact/RQ3/evosuite-artifacts/bcel-6.5.0-src/src/main/java/org/apache/bcel/generic/FCMPL.java
/sfs/weka/scratch/wxw9rr/artifact/RQ3/evosuite-artifacts/bcel-6.5.0-src/src/main/java/org/apache/bcel/classfile/AnnotationElementValue.java
/sfs/weka/scratch/wxw9rr/artifact/RQ3/evosuite-artifacts/bcel-6.5.0-src/src/main/java/org/apache/bcel/classfile/JavaClass.java
/sfs/weka/scratch/wxw9rr/artifact/RQ3/evosuite-artifacts/bcel-6.5.0-src/src/main/java/org/apache/bcel/generic/AASTORE.java
/sfs/weka/scratch/wxw9rr/artifact/RQ3/evosuite-artifacts/bcel-6.5.0-src/src/main/java/org/apache/bcel/generic/F2D.java
/sfs/weka/scratch/wxw9rr/artifact/RQ3/evosuite-artifacts/bcel-6.5.0-src/src/main/java/org/apache/bcel/classfile/MethodParameters.java
/sfs/weka/scratch/wxw9rr/artifact/RQ3/evosuite-artifacts/bcel-6.5.0-src/src/main/java/org/apache/bcel/classfile/ExceptionTable.java
/sfs/weka/scratch/wxw9rr/artifact/RQ3/evosuite-artifacts/bcel-6.5.0-src/src/main/java/org/apache/bcel/generic/LoadInstruction.java
/sfs/weka/scratch/wxw9rr/artifact/RQ3/evosuite-artifacts/bcel-6.5.0-src/src/main/java/org/apache/bcel/util/Class2HTML.java
/sfs/weka/scratch/wxw9rr/artifact/RQ3/evosuite-artifacts/bcel-6.5.0-src/src/main/java/org/apache/bcel/verifier/structurals/ControlFlowGraph.java
/sfs/weka/scratch/wxw9rr/artifact/RQ3/evosuite-artifacts/bcel-6.5.0-src/src/main/java/org/apache/bcel/generic/DREM.java
/sfs/weka/scratch/wxw9rr/artifact/RQ3/evosuite-artifacts/bcel-6.5.0-src/src/main/java/org/apache/bcel/generic/LADD.java
/sfs/weka/scratch/wxw9rr/artifact/RQ3/evosuite-artifacts/bcel-6.5.0-src/src/main/java/org/apache/bcel/ExceptionConstants.java
/sfs/weka/scratch/wxw9rr/artifact/RQ3/evosuite-artifacts/bcel-6.5.0-src/src/main/java/org/apache/bcel/classfile/Synthetic.java
/sfs/weka/scratch/wxw9rr/artifact/RQ3/evosuite-artifacts/bcel-6.5.0-src/src/main/java/org/apache/bcel/generic/BREAKPOINT.java
/sfs/weka/scratch/wxw9rr/artifact/RQ3/evosuite-artifacts/bcel-6.5.0-src/src/main/java/org/apache/bcel/generic/DUP2.java
/sfs/weka/scratch/wxw9rr/artifact/RQ3/evosuite-artifacts/bcel-6.5.0-src/src/main/java/org/apache/bcel/generic/D2L.java
/sfs/weka/scratch/wxw9rr/artifact/RQ3/evosuite-artifacts/bcel-6.5.0-src/src/main/java/org/apache/bcel/generic/LNEG.java
/sfs/weka/scratch/wxw9rr/artifact/RQ3/evosuite-artifacts/bcel-6.5.0-src/src/main/java/org/apache/bcel/classfile/Utility.java
/sfs/weka/scratch/wxw9rr/artifact/RQ3/evosuite-artifacts/bcel-6.5.0-src/src/main/java/org/apache/bcel/generic/TypedInstruction.java
/sfs/weka/scratch/wxw9rr/artifact/RQ3/evosuite-artifacts/bcel-6.5.0-src/src/main/java/org/apache/bcel/generic/NEW.java
/sfs/weka/scratch/wxw9rr/artifact/RQ3/evosuite-artifacts/bcel-6.5.0-src/src/main/java/org/apache/bcel/Constants.java
/sfs/weka/scratch/wxw9rr/artifact/RQ3/evosuite-artifacts/bcel-6.5.0-src/src/main/java/org/apache/bcel/generic/SWITCH.java
/sfs/weka/scratch/wxw9rr/artifact/RQ3/evosuite-artifacts/bcel-6.5.0-src/src/main/java/org/apache/bcel/classfile/ConstantFloat.java
/sfs/weka/scratch/wxw9rr/artifact/RQ3/evosuite-artifacts/bcel-6.5.0-src/src/main/java/org/apache/bcel/generic/LineNumberGen.java
/sfs/weka/scratch/wxw9rr/artifact/RQ3/evosuite-artifacts/bcel-6.5.0-src/src/main/java/org/apache/bcel/verifier/structurals/ExecutionVisitor.java
/sfs/weka/scratch/wxw9rr/artifact/RQ3/evosuite-artifacts/bcel-6.5.0-src/src/main/java/org/apache/bcel/classfile/EnclosingMethod.java
/sfs/weka/scratch/wxw9rr/artifact/RQ3/evosuite-artifacts/bcel-6.5.0-src/src/main/java/org/apache/bcel/classfile/ElementValuePair.java
/sfs/weka/scratch/wxw9rr/artifact/RQ3/evosuite-artifacts/bcel-6.5.0-src/src/main/java/org/apache/bcel/verifier/VerifierAppFrame.java
/sfs/weka/scratch/wxw9rr/artifact/RQ3/evosuite-artifacts/bcel-6.5.0-src/src/main/java/org/apache/bcel/generic/FSUB.java
/sfs/weka/scratch/wxw9rr/artifact/RQ3/evosuite-artifacts/bcel-6.5.0-src/src/main/java/org/apache/bcel/util/JavaWrapper.java
/sfs/weka/scratch/wxw9rr/artifact/RQ3/evosuite-artifacts/bcel-6.5.0-src/src/main/java/org/apache/bcel/generic/ReturnInstruction.java
/sfs/weka/scratch/wxw9rr/artifact/RQ3/evosuite-artifacts/bcel-6.5.0-src/src/main/java/org/apache/bcel/generic/RET.java
/sfs/weka/scratch/wxw9rr/artifact/RQ3/evosuite-artifacts/bcel-6.5.0-src/src/main/java/org/apache/bcel/generic/IF_ICMPNE.java
/sfs/weka/scratch/wxw9rr/artifact/RQ3/evosuite-artifacts/bcel-6.5.0-src/src/main/java/org/apache/bcel/generic/L2F.java
/sfs/weka/scratch/wxw9rr/artifact/RQ3/evosuite-artifacts/bcel-6.5.0-src/src/main/java/org/apache/bcel/generic/SimpleElementValueGen.java
/sfs/weka/scratch/wxw9rr/artifact/RQ3/evosuite-artifacts/bcel-6.5.0-src/src/main/java/org/apache/bcel/classfile/AccessFlags.java
/sfs/weka/scratch/wxw9rr/artifact/RQ3/evosuite-artifacts/bcel-6.5.0-src/src/main/java/org/apache/bcel/verifier/exc/Utility.java
/sfs/weka/scratch/wxw9rr/artifact/RQ3/evosuite-artifacts/bcel-6.5.0-src/src/main/java/org/apache/bcel/verifier/exc/StaticCodeInstructionOperandConstraintException.java
/sfs/weka/scratch/wxw9rr/artifact/RQ3/evosuite-artifacts/bcel-6.5.0-src/src/main/java/org/apache/bcel/generic/ISHL.java
/sfs/weka/scratch/wxw9rr/artifact/RQ3/evosuite-artifacts/bcel-6.5.0-src/src/main/java/org/apache/bcel/generic/TABLESWITCH.java
/sfs/weka/scratch/wxw9rr/artifact/RQ3/evosuite-artifacts/bcel-6.5.0-src/src/main/java/org/apache/bcel/classfile/PMGClass.java
/sfs/weka/scratch/wxw9rr/artifact/RQ3/evosuite-artifacts/bcel-6.5.0-src/src/main/java/org/apache/bcel/classfile/EmptyVisitor.java
/sfs/weka/scratch/wxw9rr/artifact/RQ3/evosuite-artifacts/bcel-6.5.0-src/src/main/java/org/apache/bcel/verifier/PassVerifier.java
/sfs/weka/scratch/wxw9rr/artifact/RQ3/evosuite-artifacts/bcel-6.5.0-src/src/main/java/org/apache/bcel/verifier/structurals/Subroutines.java
/sfs/weka/scratch/wxw9rr/artifact/RQ3/evosuite-artifacts/bcel-6.5.0-src/src/main/java/org/apache/bcel/generic/DCONST.java
/sfs/weka/scratch/wxw9rr/artifact/RQ3/evosuite-artifacts/bcel-6.5.0-src/src/main/java/org/apache/bcel/generic/BIPUSH.java
/sfs/weka/scratch/wxw9rr/artifact/RQ3/evosuite-artifacts/bcel-6.5.0-src/src/main/java/org/apache/bcel/generic/LSTORE.java
/sfs/weka/scratch/wxw9rr/artifact/RQ3/evosuite-artifacts/bcel-6.5.0-src/src/main/java/org/apache/bcel/classfile/ConstantCP.java
/sfs/weka/scratch/wxw9rr/artifact/RQ3/evosuite-artifacts/bcel-6.5.0-src/src/main/java/org/apache/bcel/generic/IAND.java
/sfs/weka/scratch/wxw9rr/artifact/RQ3/evosuite-artifacts/bcel-6.5.0-src/src/main/java/org/apache/bcel/verifier/exc/ClassConstraintException.java
/sfs/weka/scratch/wxw9rr/artifact/RQ3/evosuite-artifacts/bcel-6.5.0-src/src/main/java/org/apache/bcel/generic/IFGT.java
/sfs/weka/scratch/wxw9rr/artifact/RQ3/evosuite-artifacts/bcel-6.5.0-src/src/main/java/org/apache/bcel/classfile/AttributeReader.java
/sfs/weka/scratch/wxw9rr/artifact/RQ3/evosuite-artifacts/bcel-6.5.0-src/src/main/java/org/apache/bcel/generic/SASTORE.java
/sfs/weka/scratch/wxw9rr/artifact/RQ3/evosuite-artifacts/bcel-6.5.0-src/src/main/java/org/apache/bcel/verifier/statics/LONG_Upper.java
/sfs/weka/scratch/wxw9rr/artifact/RQ3/evosuite-artifacts/bcel-6.5.0-src/src/main/java/org/apache/bcel/generic/POP.java
/sfs/weka/scratch/wxw9rr/artifact/RQ3/evosuite-artifacts/bcel-6.5.0-src/src/main/java/org/apache/bcel/generic/ArrayInstruction.java
/sfs/weka/scratch/wxw9rr/artifact/RQ3/evosuite-artifacts/bcel-6.5.0-src/src/main/java/org/apache/bcel/classfile/ConstantDouble.java
/sfs/weka/scratch/wxw9rr/artifact/RQ3/evosuite-artifacts/bcel-6.5.0-src/src/main/java/org/apache/bcel/generic/IMPDEP2.java
/sfs/weka/scratch/wxw9rr/artifact/RQ3/evosuite-artifacts/bcel-6.5.0-src/src/main/java/org/apache/bcel/generic/I2C.java
/sfs/weka/scratch/wxw9rr/artifact/RQ3/evosuite-artifacts/bcel-6.5.0-src/src/main/java/org/apache/bcel/generic/FieldGen.java
/sfs/weka/scratch/wxw9rr/artifact/RQ3/evosuite-artifacts/bcel-6.5.0-src/src/main/java/org/apache/bcel/classfile/ModulePackages.java
/sfs/weka/scratch/wxw9rr/artifact/RQ3/evosuite-artifacts/bcel-6.5.0-src/src/main/java/org/apache/bcel/generic/MethodGen.java
/sfs/weka/scratch/wxw9rr/artifact/RQ3/evosuite-artifacts/bcel-6.5.0-src/src/main/java/org/apache/bcel/generic/LASTORE.java
/sfs/weka/scratch/wxw9rr/artifact/RQ3/evosuite-artifacts/bcel-6.5.0-src/src/main/java/org/apache/bcel/verifier/structurals/InstructionContext.java
/sfs/weka/scratch/wxw9rr/artifact/RQ3/evosuite-artifacts/bcel-6.5.0-src/src/main/java/org/apache/bcel/classfile/BootstrapMethods.java
/sfs/weka/scratch/wxw9rr/artifact/RQ3/evosuite-artifacts/bcel-6.5.0-src/src/main/java/org/apache/bcel/generic/FNEG.java
/sfs/weka/scratch/wxw9rr/artifact/RQ3/evosuite-artifacts/bcel-6.5.0-src/src/main/java/org/apache/bcel/verifier/Verifier.java
/sfs/weka/scratch/wxw9rr/artifact/RQ3/evosuite-artifacts/bcel-6.5.0-src/src/main/java/org/apache/bcel/verifier/GraphicalVerifier.java
/sfs/weka/scratch/wxw9rr/artifact/RQ3/evosuite-artifacts/bcel-6.5.0-src/src/main/java/org/apache/bcel/generic/DSUB.java
/sfs/weka/scratch/wxw9rr/artifact/RQ3/evosuite-artifacts/bcel-6.5.0-src/src/main/java/org/apache/bcel/generic/MethodObserver.java
/sfs/weka/scratch/wxw9rr/artifact/RQ3/evosuite-artifacts/bcel-6.5.0-src/src/main/java/org/apache/bcel/verifier/VerifierFactoryObserver.java
/sfs/weka/scratch/wxw9rr/artifact/RQ3/evosuite-artifacts/bcel-6.5.0-src/src/main/java/org/apache/bcel/verifier/VerificationResult.java
/sfs/weka/scratch/wxw9rr/artifact/RQ3/evosuite-artifacts/bcel-6.5.0-src/src/main/java/org/apache/bcel/generic/LAND.java
/sfs/weka/scratch/wxw9rr/artifact/RQ3/evosuite-artifacts/bcel-6.5.0-src/src/main/java/org/apache/bcel/generic/IFLE.java
/sfs/weka/scratch/wxw9rr/artifact/RQ3/evosuite-artifacts/bcel-6.5.0-src/src/main/java/org/apache/bcel/verifier/exc/LocalVariableInfoInconsistentException.java
/sfs/weka/scratch/wxw9rr/artifact/RQ3/evosuite-artifacts/bcel-6.5.0-src/src/main/java/org/apache/bcel/classfile/ConstantString.java
/sfs/weka/scratch/wxw9rr/artifact/RQ3/evosuite-artifacts/bcel-6.5.0-src/src/main/java/org/apache/bcel/generic/SIPUSH.java
/sfs/weka/scratch/wxw9rr/artifact/RQ3/evosuite-artifacts/bcel-6.5.0-src/src/main/java/org/apache/bcel/classfile/Method.java
/sfs/weka/scratch/wxw9rr/artifact/RQ3/evosuite-artifacts/bcel-6.5.0-src/src/main/java/org/apache/bcel/generic/JSR_W.java
/sfs/weka/scratch/wxw9rr/artifact/RQ3/evosuite-artifacts/bcel-6.5.0-src/src/main/java/org/apache/bcel/generic/CompoundInstruction.java
/sfs/weka/scratch/wxw9rr/artifact/RQ3/evosuite-artifacts/bcel-6.5.0-src/src/main/java/org/apache/bcel/generic/IF_ICMPLT.java
/sfs/weka/scratch/wxw9rr/artifact/RQ3/evosuite-artifacts/bcel-6.5.0-src/src/main/java/org/apache/bcel/generic/I2B.java
/sfs/weka/scratch/wxw9rr/artifact/RQ3/evosuite-artifacts/bcel-6.5.0-src/src/main/java/org/apache/bcel/util/LruCacheClassPathRepository.java
/sfs/weka/scratch/wxw9rr/artifact/RQ3/evosuite-artifacts/bcel-6.5.0-src/src/main/java/org/apache/bcel/generic/LRETURN.java
/sfs/weka/scratch/wxw9rr/artifact/RQ3/evosuite-artifacts/bcel-6.5.0-src/src/main/java/org/apache/bcel/generic/CHECKCAST.java
/sfs/weka/scratch/wxw9rr/artifact/RQ3/evosuite-artifacts/bcel-6.5.0-src/src/main/java/org/apache/bcel/verifier/statics/StringRepresentation.java
/sfs/weka/scratch/wxw9rr/artifact/RQ3/evosuite-artifacts/bcel-6.5.0-src/src/main/java/org/apache/bcel/generic/DUP_X1.java
/sfs/weka/scratch/wxw9rr/artifact/RQ3/evosuite-artifacts/bcel-6.5.0-src/src/main/java/org/apache/bcel/generic/FieldInstruction.java
/sfs/weka/scratch/wxw9rr/artifact/RQ3/evosuite-artifacts/bcel-6.5.0-src/src/main/java/org/apache/bcel/classfile/LocalVariableTypeTable.java
/sfs/weka/scratch/wxw9rr/artifact/RQ3/evosuite-artifacts/bcel-6.5.0-src/src/main/java/org/apache/bcel/generic/FDIV.java
/sfs/weka/scratch/wxw9rr/artifact/RQ3/evosuite-artifacts/bcel-6.5.0-src/src/main/java/org/apache/bcel/classfile/ConstantClass.java
/sfs/weka/scratch/wxw9rr/artifact/RQ3/evosuite-artifacts/bcel-6.5.0-src/src/main/java/org/apache/bcel/generic/LUSHR.java
/sfs/weka/scratch/wxw9rr/artifact/RQ3/evosuite-artifacts/bcel-6.5.0-src/src/main/java/org/apache/bcel/generic/LoadClass.java
/sfs/weka/scratch/wxw9rr/artifact/RQ3/evosuite-artifacts/bcel-6.5.0-src/src/main/java/org/apache/bcel/classfile/RuntimeVisibleAnnotations.java
/sfs/weka/scratch/wxw9rr/artifact/RQ3/evosuite-artifacts/bcel-6.5.0-src/src/main/java/org/apache/bcel/verifier/structurals/LocalVariables.java
/sfs/weka/scratch/wxw9rr/artifact/RQ3/evosuite-artifacts/bcel-6.5.0-src/src/main/java/org/apache/bcel/generic/IF_ICMPGT.java
/sfs/weka/scratch/wxw9rr/artifact/RQ3/evosuite-artifacts/bcel-6.5.0-src/src/main/java/org/apache/bcel/generic/IFGE.java
/sfs/weka/scratch/wxw9rr/artifact/RQ3/evosuite-artifacts/bcel-6.5.0-src/src/main/java/org/apache/bcel/classfile/AnnotationDefault.java
/sfs/weka/scratch/wxw9rr/artifact/RQ3/evosuite-artifacts/bcel-6.5.0-src/src/main/java/org/apache/bcel/generic/AALOAD.java
/sfs/weka/scratch/wxw9rr/artifact/RQ3/evosuite-artifacts/bcel-6.5.0-src/src/main/java/org/apache/bcel/generic/IF_ICMPLE.java
/sfs/weka/scratch/wxw9rr/artifact/RQ3/evosuite-artifacts/bcel-6.5.0-src/src/main/java/org/apache/bcel/generic/CodeExceptionGen.java
/sfs/weka/scratch/wxw9rr/artifact/RQ3/evosuite-artifacts/bcel-6.5.0-src/src/main/java/org/apache/bcel/util/MethodHTML.java
/sfs/weka/scratch/wxw9rr/artifact/RQ3/evosuite-artifacts/bcel-6.5.0-src/src/main/java/org/apache/bcel/generic/IDIV.java
/sfs/weka/scratch/wxw9rr/artifact/RQ3/evosuite-artifacts/bcel-6.5.0-src/src/main/java/org/apache/bcel/generic/IFNONNULL.java
/sfs/weka/scratch/wxw9rr/artifact/RQ3/evosuite-artifacts/bcel-6.5.0-src/src/main/java/org/apache/bcel/generic/FMUL.java
/sfs/weka/scratch/wxw9rr/artifact/RQ3/evosuite-artifacts/bcel-6.5.0-src/src/main/java/org/apache/bcel/generic/I2F.java
/sfs/weka/scratch/wxw9rr/artifact/RQ3/evosuite-artifacts/bcel-6.5.0-src/src/main/java/org/apache/bcel/generic/ASTORE.java
/sfs/weka/scratch/wxw9rr/artifact/RQ3/evosuite-artifacts/bcel-6.5.0-src/src/main/java/org/apache/bcel/generic/LocalVariableGen.java
/sfs/weka/scratch/wxw9rr/artifact/RQ3/evosuite-artifacts/bcel-6.5.0-src/src/main/java/org/apache/bcel/generic/LocalVariableInstruction.java
/sfs/weka/scratch/wxw9rr/artifact/RQ3/evosuite-artifacts/bcel-6.5.0-src/src/main/java/org/apache/bcel/classfile/ConstantNameAndType.java
/sfs/weka/scratch/wxw9rr/artifact/RQ3/evosuite-artifacts/bcel-6.5.0-src/src/main/java/org/apache/bcel/generic/INVOKEVIRTUAL.java
/sfs/weka/scratch/wxw9rr/artifact/RQ3/evosuite-artifacts/bcel-6.5.0-src/src/main/java/org/apache/bcel/verifier/exc/CodeConstraintException.java
/sfs/weka/scratch/wxw9rr/artifact/RQ3/evosuite-artifacts/bcel-6.5.0-src/src/main/java/org/apache/bcel/generic/ReturnaddressType.java
/sfs/weka/scratch/wxw9rr/artifact/RQ3/evosuite-artifacts/bcel-6.5.0-src/src/main/java/org/apache/bcel/classfile/ElementValue.java
/sfs/weka/scratch/wxw9rr/artifact/RQ3/evosuite-artifacts/bcel-6.5.0-src/src/main/java/org/apache/bcel/generic/CALOAD.java
/sfs/weka/scratch/wxw9rr/artifact/RQ3/evosuite-artifacts/bcel-6.5.0-src/src/main/java/org/apache/bcel/classfile/ConstantObject.java
/sfs/weka/scratch/wxw9rr/artifact/RQ3/evosuite-artifacts/bcel-6.5.0-src/src/main/java/org/apache/bcel/generic/ATHROW.java
/sfs/weka/scratch/wxw9rr/artifact/RQ3/evosuite-artifacts/bcel-6.5.0-src/src/main/java/org/apache/bcel/util/ClassQueue.java
/sfs/weka/scratch/wxw9rr/artifact/RQ3/evosuite-artifacts/bcel-6.5.0-src/src/main/java/org/apache/bcel/generic/DUP2_X1.java
/sfs/weka/scratch/wxw9rr/artifact/RQ3/evosuite-artifacts/bcel-6.5.0-src/src/main/java/org/apache/bcel/generic/LSHL.java
/sfs/weka/scratch/wxw9rr/artifact/RQ3/evosuite-artifacts/bcel-6.5.0-src/src/main/java/org/apache/bcel/generic/MONITOREXIT.java
/sfs/weka/scratch/wxw9rr/artifact/RQ3/evosuite-artifacts/bcel-6.5.0-src/src/main/java/org/apache/bcel/generic/ILOAD.java
/sfs/weka/scratch/wxw9rr/artifact/RQ3/evosuite-artifacts/bcel-6.5.0-src/src/main/java/org/apache/bcel/generic/D2I.java
/sfs/weka/scratch/wxw9rr/artifact/RQ3/evosuite-artifacts/bcel-6.5.0-src/src/main/java/org/apache/bcel/generic/IF_ICMPGE.java
/sfs/weka/scratch/wxw9rr/artifact/RQ3/evosuite-artifacts/bcel-6.5.0-src/src/main/java/org/apache/bcel/generic/LDIV.java
/sfs/weka/scratch/wxw9rr/artifact/RQ3/evosuite-artifacts/bcel-6.5.0-src/src/main/java/org/apache/bcel/generic/InstructionHandle.java
/sfs/weka/scratch/wxw9rr/artifact/RQ3/evosuite-artifacts/bcel-6.5.0-src/src/main/java/org/apache/bcel/generic/IFNE.java
/sfs/weka/scratch/wxw9rr/artifact/RQ3/evosuite-artifacts/bcel-6.5.0-src/src/main/java/org/apache/bcel/classfile/CodeException.java
/sfs/weka/scratch/wxw9rr/artifact/RQ3/evosuite-artifacts/bcel-6.5.0-src/src/main/java/org/apache/bcel/Const.java
/sfs/weka/scratch/wxw9rr/artifact/RQ3/evosuite-artifacts/bcel-6.5.0-src/src/main/java/org/apache/bcel/generic/L2I.java
/sfs/weka/scratch/wxw9rr/artifact/RQ3/evosuite-artifacts/bcel-6.5.0-src/src/main/java/org/apache/bcel/generic/GETFIELD.java
/sfs/weka/scratch/wxw9rr/artifact/RQ3/evosuite-artifacts/bcel-6.5.0-src/src/main/java/org/apache/bcel/generic/RETURN.java
/sfs/weka/scratch/wxw9rr/artifact/RQ3/evosuite-artifacts/bcel-6.5.0-src/src/main/java/org/apache/bcel/verifier/structurals/OperandStack.java
/sfs/weka/scratch/wxw9rr/artifact/RQ3/evosuite-artifacts/bcel-6.5.0-src/src/main/java/org/apache/bcel/generic/IfInstruction.java
/sfs/weka/scratch/wxw9rr/artifact/RQ3/evosuite-artifacts/bcel-6.5.0-src/src/main/java/org/apache/bcel/generic/ExceptionThrower.java
/sfs/weka/scratch/wxw9rr/artifact/RQ3/evosuite-artifacts/bcel-6.5.0-src/src/main/java/org/apache/bcel/generic/FieldOrMethod.java
/sfs/weka/scratch/wxw9rr/artifact/RQ3/evosuite-artifacts/bcel-6.5.0-src/src/main/java/org/apache/bcel/classfile/Node.java
/sfs/weka/scratch/wxw9rr/artifact/RQ3/evosuite-artifacts/bcel-6.5.0-src/src/main/java/org/apache/bcel/classfile/Unknown.java
/sfs/weka/scratch/wxw9rr/artifact/RQ3/evosuite-artifacts/bcel-6.5.0-src/src/main/java/org/apache/bcel/util/ModularRuntimeImage.java
/sfs/weka/scratch/wxw9rr/artifact/RQ3/evosuite-artifacts/bcel-6.5.0-src/src/main/java/org/apache/bcel/generic/IF_ACMPEQ.java
/sfs/weka/scratch/wxw9rr/artifact/RQ3/evosuite-artifacts/bcel-6.5.0-src/src/main/java/org/apache/bcel/generic/DDIV.java
/sfs/weka/scratch/wxw9rr/artifact/RQ3/evosuite-artifacts/bcel-6.5.0-src/src/main/java/org/apache/bcel/classfile/Code.java
/sfs/weka/scratch/wxw9rr/artifact/RQ3/evosuite-artifacts/bcel-6.5.0-src/src/main/java/org/apache/bcel/generic/LMUL.java
/sfs/weka/scratch/wxw9rr/artifact/RQ3/evosuite-artifacts/bcel-6.5.0-src/src/main/java/org/apache/bcel/verifier/VerifyDialog.java
/sfs/weka/scratch/wxw9rr/artifact/RQ3/evosuite-artifacts/bcel-6.5.0-src/src/main/java/org/apache/bcel/generic/CASTORE.java
/sfs/weka/scratch/wxw9rr/artifact/RQ3/evosuite-artifacts/bcel-6.5.0-src/src/main/java/org/apache/bcel/generic/StackProducer.java
/sfs/weka/scratch/wxw9rr/artifact/RQ3/evosuite-artifacts/bcel-6.5.0-src/src/main/java/org/apache/bcel/classfile/ConstantUtf8.java
/sfs/weka/scratch/wxw9rr/artifact/RQ3/evosuite-artifacts/bcel-6.5.0-src/src/main/java/org/apache/bcel/verifier/statics/IntList.java
/sfs/weka/scratch/wxw9rr/artifact/RQ3/evosuite-artifacts/bcel-6.5.0-src/src/main/java/org/apache/bcel/generic/NOP.java
/sfs/weka/scratch/wxw9rr/artifact/RQ3/evosuite-artifacts/bcel-6.5.0-src/src/main/java/org/apache/bcel/util/BCELFactory.java
/sfs/weka/scratch/wxw9rr/artifact/RQ3/evosuite-artifacts/bcel-6.5.0-src/src/main/java/org/apache/bcel/generic/LDC2_W.java
/sfs/weka/scratch/wxw9rr/artifact/RQ3/evosuite-artifacts/bcel-6.5.0-src/src/main/java/org/apache/bcel/verifier/exc/StaticCodeConstraintException.java
/sfs/weka/scratch/wxw9rr/artifact/RQ3/evosuite-artifacts/bcel-6.5.0-src/src/main/java/org/apache/bcel/verifier/structurals/UninitializedObjectType.java
/sfs/weka/scratch/wxw9rr/artifact/RQ3/evosuite-artifacts/bcel-6.5.0-src/src/main/java/org/apache/bcel/classfile/ParameterAnnotationEntry.java
/sfs/weka/scratch/wxw9rr/artifact/RQ3/evosuite-artifacts/bcel-6.5.0-src/src/main/java/org/apache/bcel/classfile/RuntimeInvisibleAnnotations.java
/sfs/weka/scratch/wxw9rr/artifact/RQ3/evosuite-artifacts/bcel-6.5.0-src/src/main/java/org/apache/bcel/generic/BranchHandle.java
/sfs/weka/scratch/wxw9rr/artifact/RQ3/evosuite-artifacts/bcel-6.5.0-src/src/main/java/org/apache/bcel/verifier/TransitiveHull.java
/sfs/weka/scratch/wxw9rr/artifact/RQ3/evosuite-artifacts/bcel-6.5.0-src/src/main/java/org/apache/bcel/generic/FREM.java
/sfs/weka/scratch/wxw9rr/artifact/RQ3/evosuite-artifacts/bcel-6.5.0-src/src/main/java/org/apache/bcel/classfile/LocalVariable.java
/sfs/weka/scratch/wxw9rr/artifact/RQ3/evosuite-artifacts/bcel-6.5.0-src/src/main/java/org/apache/bcel/generic/ISTORE.java
/sfs/weka/scratch/wxw9rr/artifact/RQ3/evosuite-artifacts/bcel-6.5.0-src/src/main/java/org/apache/bcel/generic/SALOAD.java
/sfs/weka/scratch/wxw9rr/artifact/RQ3/evosuite-artifacts/bcel-6.5.0-src/src/main/java/org/apache/bcel/generic/NEWARRAY.java
/sfs/weka/scratch/wxw9rr/artifact/RQ3/evosuite-artifacts/bcel-6.5.0-src/src/main/java/org/apache/bcel/generic/INVOKEDYNAMIC.java
/sfs/weka/scratch/wxw9rr/artifact/RQ3/evosuite-artifacts/bcel-6.5.0-src/src/main/java/org/apache/bcel/classfile/ConstantPackage.java
/sfs/weka/scratch/wxw9rr/artifact/RQ3/evosuite-artifacts/bcel-6.5.0-src/src/main/java/org/apache/bcel/classfile/ParameterAnnotations.java
/sfs/weka/scratch/wxw9rr/artifact/RQ3/evosuite-artifacts/bcel-6.5.0-src/src/main/java/org/apache/bcel/generic/F2L.java
/sfs/weka/scratch/wxw9rr/artifact/RQ3/evosuite-artifacts/bcel-6.5.0-src/src/main/java/org/apache/bcel/verifier/exc/VerifierConstraintViolatedException.java
/sfs/weka/scratch/wxw9rr/artifact/RQ3/evosuite-artifacts/bcel-6.5.0-src/src/main/java/org/apache/bcel/generic/FieldGenOrMethodGen.java
/sfs/weka/scratch/wxw9rr/artifact/RQ3/evosuite-artifacts/bcel-6.5.0-src/src/main/java/org/apache/bcel/verifier/statics/Pass2Verifier.java
/sfs/weka/scratch/wxw9rr/artifact/RQ3/evosuite-artifacts/bcel-6.5.0-src/src/main/java/org/apache/bcel/generic/IALOAD.java
/sfs/weka/scratch/wxw9rr/artifact/RQ3/evosuite-artifacts/bcel-6.5.0-src/src/main/java/org/apache/bcel/verifier/NativeVerifier.java
/sfs/weka/scratch/wxw9rr/artifact/RQ3/evosuite-artifacts/bcel-6.5.0-src/src/main/java/org/apache/bcel/generic/ISUB.java
/sfs/weka/scratch/wxw9rr/artifact/RQ3/evosuite-artifacts/bcel-6.5.0-src/src/main/java/org/apache/bcel/verifier/structurals/InstConstraintVisitor.java
/sfs/weka/scratch/wxw9rr/artifact/RQ3/evosuite-artifacts/bcel-6.5.0-src/src/main/java/org/apache/bcel/classfile/ConstantMethodHandle.java
/sfs/weka/scratch/wxw9rr/artifact/RQ3/evosuite-artifacts/bcel-6.5.0-src/src/main/java/org/apache/bcel/generic/TargetLostException.java
/sfs/weka/scratch/wxw9rr/artifact/RQ3/evosuite-artifacts/bcel-6.5.0-src/src/main/java/org/apache/bcel/generic/IADD.java
/sfs/weka/scratch/wxw9rr/artifact/RQ3/evosuite-artifacts/bcel-6.5.0-src/src/main/java/org/apache/bcel/generic/InstructionConst.java
/sfs/weka/scratch/wxw9rr/artifact/RQ3/evosuite-artifacts/bcel-6.5.0-src/src/main/java/org/apache/bcel/generic/GOTO.java
/sfs/weka/scratch/wxw9rr/artifact/RQ3/evosuite-artifacts/bcel-6.5.0-src/src/main/java/org/apache/bcel/generic/ICONST.java
/sfs/weka/scratch/wxw9rr/artifact/RQ3/evosuite-artifacts/bcel-6.5.0-src/src/main/java/org/apache/bcel/util/ConstantHTML.java
/sfs/weka/scratch/wxw9rr/artifact/RQ3/evosuite-artifacts/bcel-6.5.0-src/src/main/java/org/apache/bcel/generic/DUP_X2.java
/sfs/weka/scratch/wxw9rr/artifact/RQ3/evosuite-artifacts/bcel-6.5.0-src/src/main/java/org/apache/bcel/generic/ARRAYLENGTH.java
/sfs/weka/scratch/wxw9rr/artifact/RQ3/evosuite-artifacts/bcel-6.5.0-src/src/main/java/org/apache/bcel/classfile/DescendingVisitor.java
/sfs/weka/scratch/wxw9rr/artifact/RQ3/evosuite-artifacts/bcel-6.5.0-src/src/main/java/org/apache/bcel/classfile/ClassParser.java
/sfs/weka/scratch/wxw9rr/artifact/RQ3/evosuite-artifacts/bcel-6.5.0-src/src/main/java/org/apache/bcel/verifier/structurals/ExceptionHandler.java
/sfs/weka/scratch/wxw9rr/artifact/RQ3/evosuite-artifacts/bcel-6.5.0-src/src/main/java/org/apache/bcel/generic/ArithmeticInstruction.java
/sfs/weka/scratch/wxw9rr/artifact/RQ3/evosuite-artifacts/bcel-6.5.0-src/src/main/java/org/apache/bcel/generic/FLOAD.java
/sfs/weka/scratch/wxw9rr/artifact/RQ3/evosuite-artifacts/bcel-6.5.0-src/src/main/java/org/apache/bcel/generic/InstructionConstants.java
/sfs/weka/scratch/wxw9rr/artifact/RQ3/evosuite-artifacts/bcel-6.5.0-src/src/main/java/org/apache/bcel/ExceptionConst.java
/sfs/weka/scratch/wxw9rr/artifact/RQ3/evosuite-artifacts/bcel-6.5.0-src/src/main/java/org/apache/bcel/generic/INEG.java
/sfs/weka/scratch/wxw9rr/artifact/RQ3/evosuite-artifacts/bcel-6.5.0-src/src/main/java/org/apache/bcel/generic/Select.java
/sfs/weka/scratch/wxw9rr/artifact/RQ3/evosuite-artifacts/bcel-6.5.0-src/src/main/java/org/apache/bcel/generic/ALOAD.java
/sfs/weka/scratch/wxw9rr/artifact/RQ3/evosuite-artifacts/bcel-6.5.0-src/src/main/java/org/apache/bcel/generic/ClassGen.java
/sfs/weka/scratch/wxw9rr/artifact/RQ3/evosuite-artifacts/bcel-6.5.0-src/src/main/java/org/apache/bcel/generic/DNEG.java
/sfs/weka/scratch/wxw9rr/artifact/RQ3/evosuite-artifacts/bcel-6.5.0-src/src/main/java/org/apache/bcel/classfile/LocalVariableTable.java
/sfs/weka/scratch/wxw9rr/artifact/RQ3/evosuite-artifacts/bcel-6.5.0-src/src/main/java/org/apache/bcel/generic/DADD.java
/sfs/weka/scratch/wxw9rr/artifact/RQ3/evosuite-artifacts/bcel-6.5.0-src/src/main/java/org/apache/bcel/verifier/structurals/ExceptionHandlers.java
/sfs/weka/scratch/wxw9rr/artifact/RQ3/evosuite-artifacts/bcel-6.5.0-src/src/main/java/org/apache/bcel/classfile/Attribute.java
/sfs/weka/scratch/wxw9rr/artifact/RQ3/evosuite-artifacts/bcel-6.5.0-src/src/main/java/org/apache/bcel/generic/ClassObserver.java
/sfs/weka/scratch/wxw9rr/artifact/RQ3/evosuite-artifacts/bcel-6.5.0-src/src/main/java/org/apache/bcel/generic/FCONST.java
/sfs/weka/scratch/wxw9rr/artifact/RQ3/evosuite-artifacts/bcel-6.5.0-src/src/main/java/org/apache/bcel/classfile/Module.java
/sfs/weka/scratch/wxw9rr/artifact/RQ3/evosuite-artifacts/bcel-6.5.0-src/src/main/java/org/apache/bcel/generic/LSHR.java
/sfs/weka/scratch/wxw9rr/artifact/RQ3/evosuite-artifacts/bcel-6.5.0-src/src/main/java/org/apache/bcel/generic/IOR.java
/sfs/weka/scratch/wxw9rr/artifact/RQ3/evosuite-artifacts/bcel-6.5.0-src/src/main/java/org/apache/bcel/util/ClassLoader.java
/sfs/weka/scratch/wxw9rr/artifact/RQ3/evosuite-artifacts/bcel-6.5.0-src/src/main/java/org/apache/bcel/generic/LCMP.java
/sfs/weka/scratch/wxw9rr/artifact/RQ3/evosuite-artifacts/bcel-6.5.0-src/src/main/java/org/apache/bcel/generic/ArrayType.java
/sfs/weka/scratch/wxw9rr/artifact/RQ3/evosuite-artifacts/bcel-6.5.0-src/src/main/java/org/apache/bcel/util/InstructionFinder.java
/sfs/weka/scratch/wxw9rr/artifact/RQ3/evosuite-artifacts/bcel-6.5.0-src/src/main/java/org/apache/bcel/generic/FALOAD.java
/sfs/weka/scratch/wxw9rr/artifact/RQ3/evosuite-artifacts/bcel-6.5.0-src/src/main/java/org/apache/bcel/generic/StackInstruction.java
/sfs/weka/scratch/wxw9rr/artifact/RQ3/evosuite-artifacts/bcel-6.5.0-src/src/main/java/org/apache/bcel/generic/LREM.java
/sfs/weka/scratch/wxw9rr/artifact/RQ3/evosuite-artifacts/bcel-6.5.0-src/src/main/java/org/apache/bcel/generic/D2F.java
/sfs/weka/scratch/wxw9rr/artifact/RQ3/evosuite-artifacts/bcel-6.5.0-src/src/main/java/org/apache/bcel/generic/Visitor.java
/sfs/weka/scratch/wxw9rr/artifact/RQ3/evosuite-artifacts/bcel-6.5.0-src/src/main/java/org/apache/bcel/generic/DLOAD.java
/sfs/weka/scratch/wxw9rr/artifact/RQ3/evosuite-artifacts/bcel-6.5.0-src/src/main/java/org/apache/bcel/verifier/statics/Pass1Verifier.java
/sfs/weka/scratch/wxw9rr/artifact/RQ3/evosuite-artifacts/bcel-6.5.0-src/src/main/java/org/apache/bcel/generic/IINC.java
/sfs/weka/scratch/wxw9rr/artifact/RQ3/evosuite-artifacts/bcel-6.5.0-src/src/main/java/org/apache/bcel/generic/ElementValueGen.java
/sfs/weka/scratch/wxw9rr/artifact/RQ3/evosuite-artifacts/bcel-6.5.0-src/src/main/java/org/apache/bcel/util/ClassVector.java
/sfs/weka/scratch/wxw9rr/artifact/RQ3/evosuite-artifacts/bcel-6.5.0-src/src/main/java/org/apache/bcel/classfile/ConstantFieldref.java
/sfs/weka/scratch/wxw9rr/artifact/RQ3/evosuite-artifacts/bcel-6.5.0-src/src/main/java/org/apache/bcel/classfile/LineNumber.java
/sfs/weka/scratch/wxw9rr/artifact/RQ3/evosuite-artifacts/bcel-6.5.0-src/src/main/java/org/apache/bcel/util/AttributeHTML.java
/sfs/weka/scratch/wxw9rr/artifact/RQ3/evosuite-artifacts/bcel-6.5.0-src/src/main/java/org/apache/bcel/classfile/NestMembers.java
/sfs/weka/scratch/wxw9rr/artifact/RQ3/evosuite-artifacts/bcel-6.5.0-src/src/main/java/org/apache/bcel/verifier/structurals/GenericArray.java
/sfs/weka/scratch/wxw9rr/artifact/RQ3/evosuite-artifacts/bcel-6.5.0-src/src/main/java/org/apache/bcel/classfile/FieldOrMethod.java
/sfs/weka/scratch/wxw9rr/artifact/RQ3/evosuite-artifacts/bcel-6.5.0-src/src/main/java/org/apache/bcel/verifier/exc/AssertionViolatedException.java
/sfs/weka/scratch/wxw9rr/artifact/RQ3/evosuite-artifacts/bcel-6.5.0-src/src/main/java/org/apache/bcel/verifier/exc/LoadingException.java
/sfs/weka/scratch/wxw9rr/artifact/RQ3/evosuite-artifacts/bcel-6.5.0-src/src/main/java/org/apache/bcel/util/MemorySensitiveClassPathRepository.java
/sfs/weka/scratch/wxw9rr/artifact/RQ3/evosuite-artifacts/bcel-6.5.0-src/src/main/java/org/apache/bcel/classfile/InnerClass.java
/sfs/weka/scratch/wxw9rr/artifact/RQ3/evosuite-artifacts/bcel-6.5.0-src/src/main/java/org/apache/bcel/generic/IXOR.java
/sfs/weka/scratch/wxw9rr/artifact/RQ3/evosuite-artifacts/bcel-6.5.0-src/src/main/java/org/apache/bcel/generic/UnconditionalBranch.java
/sfs/weka/scratch/wxw9rr/artifact/RQ3/evosuite-artifacts/bcel-6.5.0-src/src/main/java/org/apache/bcel/verifier/statics/LocalVariableInfo.java
/sfs/weka/scratch/wxw9rr/artifact/RQ3/evosuite-artifacts/bcel-6.5.0-src/src/main/java/org/apache/bcel/generic/ARETURN.java
/sfs/weka/scratch/wxw9rr/artifact/RQ3/evosuite-artifacts/bcel-6.5.0-src/src/main/java/org/apache/bcel/generic/PUTFIELD.java
/sfs/weka/scratch/wxw9rr/artifact/RQ3/evosuite-artifacts/bcel-6.5.0-src/src/main/java/org/apache/bcel/generic/LXOR.java
/sfs/weka/scratch/wxw9rr/artifact/RQ3/evosuite-artifacts/bcel-6.5.0-src/src/main/java/org/apache/bcel/generic/PUTSTATIC.java
/sfs/weka/scratch/wxw9rr/artifact/RQ3/evosuite-artifacts/bcel-6.5.0-src/src/main/java/org/apache/bcel/generic/StoreInstruction.java
/sfs/weka/scratch/wxw9rr/artifact/RQ3/evosuite-artifacts/bcel-6.5.0-src/src/main/java/org/apache/bcel/generic/DALOAD.java
/sfs/weka/scratch/wxw9rr/artifact/RQ3/evosuite-artifacts/bcel-6.5.0-src/src/main/java/org/apache/bcel/generic/EmptyVisitor.java
/sfs/weka/scratch/wxw9rr/artifact/RQ3/evosuite-artifacts/bcel-6.5.0-src/src/main/java/org/apache/bcel/classfile/ConstantMethodType.java
/sfs/weka/scratch/wxw9rr/artifact/RQ3/evosuite-artifacts/bcel-6.5.0-src/src/main/java/org/apache/bcel/generic/DASTORE.java
/sfs/weka/scratch/wxw9rr/artifact/RQ3/evosuite-artifacts/bcel-6.5.0-src/src/main/java/org/apache/bcel/util/ByteSequence.java
/sfs/weka/scratch/wxw9rr/artifact/RQ3/evosuite-artifacts/bcel-6.5.0-src/src/main/java/org/apache/bcel/generic/FSTORE.java
/sfs/weka/scratch/wxw9rr/artifact/RQ3/evosuite-artifacts/bcel-6.5.0-src/src/main/java/org/apache/bcel/generic/PopInstruction.java
/sfs/weka/scratch/wxw9rr/artifact/RQ3/evosuite-artifacts/bcel-6.5.0-src/src/main/java/org/apache/bcel/generic/POP2.java
/sfs/weka/scratch/wxw9rr/artifact/RQ3/evosuite-artifacts/bcel-6.5.0-src/src/main/java/org/apache/bcel/generic/IMPDEP1.java
/sfs/weka/scratch/wxw9rr/artifact/RQ3/evosuite-artifacts/bcel-6.5.0-src/src/main/java/org/apache/bcel/generic/LSUB.java
/sfs/weka/scratch/wxw9rr/artifact/RQ3/evosuite-artifacts/bcel-6.5.0-src/src/main/java/org/apache/bcel/generic/INSTANCEOF.java
/sfs/weka/scratch/wxw9rr/artifact/RQ3/evosuite-artifacts/bcel-6.5.0-src/src/main/java/org/apache/bcel/verifier/VerifierFactoryListModel.java
/sfs/weka/scratch/wxw9rr/artifact/RQ3/evosuite-artifacts/bcel-6.5.0-src/src/main/java/org/apache/bcel/generic/BranchInstruction.java
/sfs/weka/scratch/wxw9rr/artifact/RQ3/evosuite-artifacts/bcel-6.5.0-src/src/main/java/org/apache/bcel/generic/VariableLengthInstruction.java
/sfs/weka/scratch/wxw9rr/artifact/RQ3/evosuite-artifacts/bcel-6.5.0-src/src/main/java/org/apache/bcel/generic/InstructionTargeter.java
/sfs/weka/scratch/wxw9rr/artifact/RQ3/evosuite-artifacts/bcel-6.5.0-src/src/main/java/org/apache/bcel/generic/GotoInstruction.java
/sfs/weka/scratch/wxw9rr/artifact/RQ3/evosuite-artifacts/bcel-6.5.0-src/src/main/java/org/apache/bcel/generic/FASTORE.java
/sfs/weka/scratch/wxw9rr/artifact/RQ3/evosuite-artifacts/bcel-6.5.0-src/src/main/java/org/apache/bcel/generic/LOR.java
/sfs/weka/scratch/wxw9rr/artifact/RQ3/evosuite-artifacts/bcel-6.5.0-src/src/main/java/org/apache/bcel/classfile/ConstantLong.java
/sfs/weka/scratch/wxw9rr/artifact/RQ3/evosuite-artifacts/bcel-6.5.0-src/src/main/java/org/apache/bcel/generic/DUP.java
/sfs/weka/scratch/wxw9rr/artifact/RQ3/evosuite-artifacts/bcel-6.5.0-src/src/main/java/org/apache/bcel/generic/GOTO_W.java
/sfs/weka/scratch/wxw9rr/artifact/RQ3/evosuite-artifacts/bcel-6.5.0-src/src/main/java/org/apache/bcel/classfile/ModuleOpens.java
/sfs/weka/scratch/wxw9rr/artifact/RQ3/evosuite-artifacts/bcel-6.5.0-src/src/main/java/org/apache/bcel/classfile/Signature.java
/sfs/weka/scratch/wxw9rr/artifact/RQ3/evosuite-artifacts/bcel-6.5.0-src/src/main/java/org/apache/bcel/classfile/ModuleExports.java
/sfs/weka/scratch/wxw9rr/artifact/RQ3/evosuite-artifacts/bcel-6.5.0-src/src/main/java/org/apache/bcel/generic/IF_ICMPEQ.java
/sfs/weka/scratch/wxw9rr/artifact/RQ3/evosuite-artifacts/bcel-6.5.0-src/src/main/java/org/apache/bcel/util/ClassPathRepository.java
/sfs/weka/scratch/wxw9rr/artifact/RQ3/evosuite-artifacts/bcel-6.5.0-src/src/main/java/org/apache/bcel/generic/DUP2_X2.java
/sfs/weka/scratch/wxw9rr/artifact/RQ3/evosuite-artifacts/bcel-6.5.0-src/src/main/java/org/apache/bcel/generic/ACONST_NULL.java
/sfs/weka/scratch/wxw9rr/artifact/RQ3/evosuite-artifacts/bcel-6.5.0-src/src/main/java/org/apache/bcel/verifier/exc/StaticCodeInstructionConstraintException.java
/sfs/weka/scratch/wxw9rr/artifact/RQ3/evosuite-artifacts/bcel-6.5.0-src/src/main/java/org/apache/bcel/verifier/structurals/Pass3bVerifier.java
/sfs/weka/scratch/wxw9rr/artifact/RQ3/evosuite-artifacts/bcel-6.5.0-src/src/main/java/org/apache/bcel/classfile/ClassFormatException.java
/sfs/weka/scratch/wxw9rr/artifact/RQ3/evosuite-artifacts/bcel-6.5.0-src/src/main/java/org/apache/bcel/generic/IndexedInstruction.java
/sfs/weka/scratch/wxw9rr/artifact/RQ3/evosuite-artifacts/bcel-6.5.0-src/src/main/java/org/apache/bcel/generic/F2I.java
/sfs/weka/scratch/wxw9rr/artifact/RQ3/evosuite-artifacts/bcel-6.5.0-src/src/main/java/org/apache/bcel/classfile/Annotations.java
/sfs/weka/scratch/wxw9rr/artifact/RQ3/evosuite-artifacts/bcel-6.5.0-src/src/main/java/org/apache/bcel/verifier/statics/Pass3aVerifier.java
/sfs/weka/scratch/wxw9rr/artifact/RQ3/evosuite-artifacts/bcel-6.5.0-src/src/main/java/org/apache/bcel/generic/StackConsumer.java
/sfs/weka/scratch/wxw9rr/artifact/RQ3/evosuite-artifacts/bcel-6.5.0-src/src/main/java/org/apache/bcel/generic/BALOAD.java
/sfs/weka/scratch/wxw9rr/artifact/RQ3/evosuite-artifacts/bcel-6.5.0-src/src/main/java/org/apache/bcel/util/ClassSet.java
/sfs/weka/scratch/wxw9rr/artifact/RQ3/evosuite-artifacts/bcel-6.5.0-src/src/main/java/org/apache/bcel/generic/AllocationInstruction.java
/sfs/weka/scratch/wxw9rr/artifact/RQ3/evosuite-artifacts/bcel-6.5.0-src/src/main/java/org/apache/bcel/verifier/exc/LinkingConstraintException.java
/sfs/weka/scratch/wxw9rr/artifact/RQ3/evosuite-artifacts/bcel-6.5.0-src/src/main/java/org/apache/bcel/classfile/ConstantMethodref.java
/sfs/weka/scratch/wxw9rr/artifact/RQ3/evosuite-artifacts/bcel-6.5.0-src/src/main/java/org/apache/bcel/generic/FieldObserver.java
/sfs/weka/scratch/wxw9rr/artifact/RQ3/evosuite-artifacts/bcel-6.5.0-src/src/main/java/org/apache/bcel/generic/InvokeInstruction.java
/sfs/weka/scratch/wxw9rr/artifact/RQ3/evosuite-artifacts/bcel-6.5.0-src/src/main/java/org/apache/bcel/classfile/SourceFile.java
/sfs/weka/scratch/wxw9rr/artifact/RQ3/evosuite-artifacts/bcel-6.5.0-src/src/main/java/org/apache/bcel/generic/NamedAndTyped.java
/sfs/weka/scratch/wxw9rr/artifact/RQ3/evosuite-artifacts/bcel-6.5.0-src/src/main/java/org/apache/bcel/classfile/ConstantInteger.java
/sfs/weka/scratch/wxw9rr/artifact/RQ3/evosuite-artifacts/bcel-6.5.0-src/src/main/java/org/apache/bcel/generic/ConstantPoolGen.java
/sfs/weka/scratch/wxw9rr/artifact/RQ3/evosuite-artifacts/bcel-6.5.0-src/src/main/java/org/apache/bcel/classfile/Deprecated.java
/sfs/weka/scratch/wxw9rr/artifact/RQ3/evosuite-artifacts/bcel-6.5.0-src/src/main/java/org/apache/bcel/verifier/statics/DOUBLE_Upper.java
/sfs/weka/scratch/wxw9rr/artifact/RQ3/evosuite-artifacts/bcel-6.5.0-src/src/main/java/org/apache/bcel/generic/InstructionListObserver.java
/sfs/weka/scratch/wxw9rr/artifact/RQ3/evosuite-artifacts/bcel-6.5.0-src/src/main/java/org/apache/bcel/util/SyntheticRepository.java
/sfs/weka/scratch/wxw9rr/artifact/RQ3/evosuite-artifacts/bcel-6.5.0-src/src/main/java/org/apache/bcel/classfile/MethodParameter.java
/sfs/weka/scratch/wxw9rr/artifact/RQ3/evosuite-artifacts/bcel-6.5.0-src/src/main/java/org/apache/bcel/generic/LLOAD.java
/sfs/weka/scratch/wxw9rr/artifact/RQ3/evosuite-artifacts/bcel-6.5.0-src/src/main/java/org/apache/bcel/generic/ClassGenException.java
/sfs/weka/scratch/wxw9rr/artifact/RQ3/evosuite-artifacts/bcel-6.5.0-src/src/main/java/org/apache/bcel/generic/ArrayElementValueGen.java
/sfs/weka/scratch/wxw9rr/artifact/RQ3/evosuite-artifacts/bcel-6.5.0-src/src/main/java/org/apache/bcel/util/BCELifier.java
/sfs/weka/scratch/wxw9rr/artifact/RQ3/evosuite-artifacts/bcel-6.5.0-src/src/main/java/org/apache/bcel/generic/IF_ACMPNE.java
/sfs/weka/scratch/wxw9rr/artifact/RQ3/evosuite-artifacts/bcel-6.5.0-src/src/main/java/org/apache/bcel/generic/I2D.java
/sfs/weka/scratch/wxw9rr/artifact/RQ3/evosuite-artifacts/bcel-6.5.0-src/src/main/java/org/apache/bcel/Repository.java
/sfs/weka/scratch/wxw9rr/artifact/RQ3/evosuite-artifacts/bcel-6.5.0-src/src/main/java/org/apache/bcel/classfile/ModuleMainClass.java
/sfs/weka/scratch/wxw9rr/artifact/RQ3/evosuite-artifacts/bcel-6.5.0-src/src/main/java/org/apache/bcel/classfile/ClassElementValue.java
/sfs/weka/scratch/wxw9rr/artifact/RQ3/evosuite-artifacts/bcel-6.5.0-src/src/main/java/org/apache/bcel/classfile/ArrayElementValue.java
/sfs/weka/scratch/wxw9rr/artifact/RQ3/evosuite-artifacts/bcel-6.5.0-src/src/main/java/org/apache/bcel/util/ClassStack.java
/sfs/weka/scratch/wxw9rr/artifact/RQ3/evosuite-artifacts/bcel-6.5.0-src/src/main/java/org/apache/bcel/classfile/StackMapType.java
/sfs/weka/scratch/wxw9rr/artifact/RQ3/evosuite-artifacts/bcel-6.5.0-src/src/main/java/org/apache/bcel/generic/FRETURN.java
/sfs/weka/scratch/wxw9rr/artifact/RQ3/evosuite-artifacts/bcel-6.5.0-src/src/main/java/org/apache/bcel/classfile/ModuleRequires.java
/sfs/weka/scratch/wxw9rr/artifact/RQ3/evosuite-artifacts/bcel-6.5.0-src/src/main/java/org/apache/bcel/classfile/EnumElementValue.java
/sfs/weka/scratch/wxw9rr/artifact/RQ3/evosuite-artifacts/bcel-6.5.0-src/src/main/java/org/apache/bcel/generic/LDC_W.java
/sfs/weka/scratch/wxw9rr/artifact/RQ3/evosuite-artifacts/bcel-6.5.0-src/src/main/java/org/apache/bcel/generic/InstructionFactory.java
/sfs/weka/scratch/wxw9rr/artifact/RQ3/evosuite-artifacts/bcel-6.5.0-src/src/main/java/org/apache/bcel/generic/Type.java
/sfs/weka/scratch/wxw9rr/artifact/RQ3/evosuite-artifacts/bcel-6.5.0-src/src/main/java/org/apache/bcel/generic/NameSignatureInstruction.java
/sfs/weka/scratch/wxw9rr/artifact/RQ3/evosuite-artifacts/bcel-6.5.0-src/src/main/java/org/apache/bcel/classfile/NestHost.java
/sfs/weka/scratch/wxw9rr/artifact/RQ3/evosuite-artifacts/bcel-6.5.0-src/src/main/java/org/apache/bcel/generic/DRETURN.java
/sfs/weka/scratch/wxw9rr/artifact/RQ3/evosuite-artifacts/bcel-6.5.0-src/src/main/java/org/apache/bcel/generic/AnnotationElementValueGen.java
/sfs/weka/scratch/wxw9rr/artifact/RQ3/evosuite-artifacts/bcel-6.5.0-src/src/main/java/org/apache/bcel/classfile/Field.java
/sfs/weka/scratch/wxw9rr/artifact/RQ3/evosuite-artifacts/bcel-6.5.0-src/src/main/java/org/apache/bcel/generic/I2S.java
/sfs/weka/scratch/wxw9rr/artifact/RQ3/evosuite-artifacts/bcel-6.5.0-src/src/main/java/org/apache/bcel/generic/SWAP.java
/sfs/weka/scratch/wxw9rr/artifact/RQ3/evosuite-artifacts/bcel-6.5.0-src/src/main/java/org/apache/bcel/generic/ElementValuePairGen.java
