[INFO] Scanning for projects...
[INFO] 
[INFO] --------------------------< org.jsoup:jsoup >---------------------------
[INFO] Building jsoup Java HTML Parser 1.15.3
[INFO] --------------------------------[ jar ]---------------------------------
[INFO] 
[INFO] --- maven-clean-plugin:2.5:clean (default-clean) @ jsoup ---
[INFO] 
[INFO] --- maven-resources-plugin:3.3.0:resources (default-resources) @ jsoup ---
[INFO] Copying 3 resources to META-INF/
[INFO] 
[INFO] --- maven-compiler-plugin:3.10.1:compile (default-compile) @ jsoup ---
[INFO] Compiling 75 source files to /home/tasfia/Desktop/OE25-DEV/projects_decomposed/jsoup/target/classes
[INFO] 
[INFO] --- animal-sniffer-maven-plugin:1.21:check (animal-sniffer) @ jsoup ---
[INFO] Signature version is: null
[INFO] 
[INFO] --- maven-bundle-plugin:5.1.8:manifest (bundle-manifest) @ jsoup ---
[INFO] No MANIFEST.MF file found, generating manifest.
[INFO] Writing manifest: /home/tasfia/Desktop/OE25-DEV/projects_decomposed/jsoup/target/classes/META-INF/MANIFEST.MF
[INFO] 
[INFO] --- maven-resources-plugin:3.3.0:testResources (default-testResources) @ jsoup ---
[INFO] Copying 70 resources
[INFO] 
[INFO] --- maven-compiler-plugin:3.10.1:testCompile (default-testCompile) @ jsoup ---
[INFO] Compiling 109 source files to /home/tasfia/Desktop/OE25-DEV/projects_decomposed/jsoup/target/test-classes
[INFO] -------------------------------------------------------------
[ERROR] COMPILATION ERROR : 
[INFO] -------------------------------------------------------------
[ERROR] /home/tasfia/Desktop/OE25-DEV/projects_decomposed/jsoup/src/test/java/org/jsoup/integration/FuzzFixesTest_OE25Dev.java:[74,10] method testHtmlParse(java.io.File) is already defined in class org.jsoup.integration.FuzzFixesTest_OE25Dev
[ERROR] /home/tasfia/Desktop/OE25-DEV/projects_decomposed/jsoup/src/test/java/org/jsoup/integration/FuzzFixesTest_OE25Dev.java:[81,10] method testXmlParse(java.io.File) is already defined in class org.jsoup.integration.FuzzFixesTest_OE25Dev
[ERROR] /home/tasfia/Desktop/OE25-DEV/projects_decomposed/jsoup/src/test/java/org/jsoup/integration/FuzzFixesIT_OE25Dev.java:[74,10] method testHtmlParse(java.io.File) is already defined in class org.jsoup.integration.FuzzFixesIT_OE25Dev
[ERROR] /home/tasfia/Desktop/OE25-DEV/projects_decomposed/jsoup/src/test/java/org/jsoup/integration/FuzzFixesIT_OE25Dev.java:[88,10] method testXmlParse(java.io.File) is already defined in class org.jsoup.integration.FuzzFixesIT_OE25Dev
[ERROR] /home/tasfia/Desktop/OE25-DEV/projects_decomposed/jsoup/src/test/java/org/jsoup/integration/FuzzFixesTest_OE25Dev.java:[73,6] cannot find symbol
  symbol:   class MethodSource_oe
  location: class org.jsoup.integration.FuzzFixesTest_OE25Dev
[ERROR] /home/tasfia/Desktop/OE25-DEV/projects_decomposed/jsoup/src/test/java/org/jsoup/integration/FuzzFixesTest_OE25Dev.java:[80,6] cannot find symbol
  symbol:   class MethodSource_oe
  location: class org.jsoup.integration.FuzzFixesTest_OE25Dev
[ERROR] /home/tasfia/Desktop/OE25-DEV/projects_decomposed/jsoup/src/test/java/org/jsoup/integration/FuzzFixesIT_OE25Dev.java:[73,6] cannot find symbol
  symbol:   class MethodSource_oe
  location: class org.jsoup.integration.FuzzFixesIT_OE25Dev
[ERROR] /home/tasfia/Desktop/OE25-DEV/projects_decomposed/jsoup/src/test/java/org/jsoup/integration/FuzzFixesIT_OE25Dev.java:[87,6] cannot find symbol
  symbol:   class MethodSource_oe
  location: class org.jsoup.integration.FuzzFixesIT_OE25Dev
[INFO] 8 errors 
[INFO] -------------------------------------------------------------
[INFO] ------------------------------------------------------------------------
[INFO] BUILD FAILURE
[INFO] ------------------------------------------------------------------------
[INFO] Total time:  8.731 s
[INFO] Finished at: 2026-03-08T23:54:56-05:00
[INFO] ------------------------------------------------------------------------
[ERROR] Failed to execute goal org.apache.maven.plugins:maven-compiler-plugin:3.10.1:testCompile (default-testCompile) on project jsoup: Compilation failure: Compilation failure: 
[ERROR] /home/tasfia/Desktop/OE25-DEV/projects_decomposed/jsoup/src/test/java/org/jsoup/integration/FuzzFixesTest_OE25Dev.java:[74,10] method testHtmlParse(java.io.File) is already defined in class org.jsoup.integration.FuzzFixesTest_OE25Dev
[ERROR] /home/tasfia/Desktop/OE25-DEV/projects_decomposed/jsoup/src/test/java/org/jsoup/integration/FuzzFixesTest_OE25Dev.java:[81,10] method testXmlParse(java.io.File) is already defined in class org.jsoup.integration.FuzzFixesTest_OE25Dev
[ERROR] /home/tasfia/Desktop/OE25-DEV/projects_decomposed/jsoup/src/test/java/org/jsoup/integration/FuzzFixesIT_OE25Dev.java:[74,10] method testHtmlParse(java.io.File) is already defined in class org.jsoup.integration.FuzzFixesIT_OE25Dev
[ERROR] /home/tasfia/Desktop/OE25-DEV/projects_decomposed/jsoup/src/test/java/org/jsoup/integration/FuzzFixesIT_OE25Dev.java:[88,10] method testXmlParse(java.io.File) is already defined in class org.jsoup.integration.FuzzFixesIT_OE25Dev
[ERROR] /home/tasfia/Desktop/OE25-DEV/projects_decomposed/jsoup/src/test/java/org/jsoup/integration/FuzzFixesTest_OE25Dev.java:[73,6] cannot find symbol
[ERROR]   symbol:   class MethodSource_oe
[ERROR]   location: class org.jsoup.integration.FuzzFixesTest_OE25Dev
[ERROR] /home/tasfia/Desktop/OE25-DEV/projects_decomposed/jsoup/src/test/java/org/jsoup/integration/FuzzFixesTest_OE25Dev.java:[80,6] cannot find symbol
[ERROR]   symbol:   class MethodSource_oe
[ERROR]   location: class org.jsoup.integration.FuzzFixesTest_OE25Dev
[ERROR] /home/tasfia/Desktop/OE25-DEV/projects_decomposed/jsoup/src/test/java/org/jsoup/integration/FuzzFixesIT_OE25Dev.java:[73,6] cannot find symbol
[ERROR]   symbol:   class MethodSource_oe
[ERROR]   location: class org.jsoup.integration.FuzzFixesIT_OE25Dev
[ERROR] /home/tasfia/Desktop/OE25-DEV/projects_decomposed/jsoup/src/test/java/org/jsoup/integration/FuzzFixesIT_OE25Dev.java:[87,6] cannot find symbol
[ERROR]   symbol:   class MethodSource_oe
[ERROR]   location: class org.jsoup.integration.FuzzFixesIT_OE25Dev
[ERROR] -> [Help 1]
[ERROR] 
[ERROR] To see the full stack trace of the errors, re-run Maven with the -e switch.
[ERROR] Re-run Maven using the -X switch to enable full debug logging.
[ERROR] 
[ERROR] For more information about the errors and possible solutions, please read the following articles:
[ERROR] [Help 1] http://cwiki.apache.org/confluence/display/MAVEN/MojoFailureException
