[INFO] Scanning for projects...
[INFO] 
[INFO] --------------------------< org.jsoup:jsoup >---------------------------
[INFO] Building jsoup Java HTML Parser 1.15.3
[INFO] --------------------------------[ jar ]---------------------------------
[INFO] 
[INFO] --- maven-resources-plugin:3.3.0:resources (default-resources) @ jsoup ---
[INFO] Copying 3 resources to META-INF/
[INFO] 
[INFO] --- maven-compiler-plugin:3.10.1:compile (default-compile) @ jsoup ---
[INFO] Compiling 75 source files to /home/tasfia/Desktop/OE25-DEV/projects_decomposed/jsoup/target/classes
[INFO] 
[INFO] --- animal-sniffer-maven-plugin:1.21:check (animal-sniffer) @ jsoup ---
[INFO] Signature version is: null
[INFO] 
[INFO] --- maven-bundle-plugin:5.1.8:manifest (bundle-manifest) @ jsoup ---
[INFO] No MANIFEST.MF file found, generating manifest.
[INFO] Writing manifest: /home/tasfia/Desktop/OE25-DEV/projects_decomposed/jsoup/target/classes/META-INF/MANIFEST.MF
[INFO] 
[INFO] --- maven-resources-plugin:3.3.0:testResources (default-testResources) @ jsoup ---
[INFO] Copying 70 resources
[INFO] 
[INFO] --- maven-compiler-plugin:3.10.1:testCompile (default-testCompile) @ jsoup ---
[INFO] Compiling 98 source files to /home/tasfia/Desktop/OE25-DEV/projects_decomposed/jsoup/target/test-classes
[INFO] -------------------------------------------------------------
[ERROR] COMPILATION ERROR : 
[INFO] -------------------------------------------------------------
[ERROR] /home/tasfia/Desktop/OE25-DEV/projects_decomposed/jsoup/src/test/java/org/jsoup/select/QueryParserTest_OE25Dev.java:[89,23] method testConsumeSubQuery() is already defined in class org.jsoup.select.QueryParserTest_OE25Dev
[ERROR] /home/tasfia/Desktop/OE25-DEV/projects_decomposed/jsoup/src/test/java/org/jsoup/select/QueryParserTest_OE25Dev.java:[98,23] method testConsumeSubQuery() is already defined in class org.jsoup.select.QueryParserTest_OE25Dev
[ERROR] /home/tasfia/Desktop/OE25-DEV/projects_decomposed/jsoup/src/test/java/org/jsoup/select/QueryParserTest_OE25Dev.java:[108,23] method testConsumeSubQuery() is already defined in class org.jsoup.select.QueryParserTest_OE25Dev
[ERROR] /home/tasfia/Desktop/OE25-DEV/projects_decomposed/jsoup/src/test/java/org/jsoup/select/QueryParserTest_OE25Dev.java:[119,23] method testConsumeSubQuery() is already defined in class org.jsoup.select.QueryParserTest_OE25Dev
[ERROR] /home/tasfia/Desktop/OE25-DEV/projects_decomposed/jsoup/src/test/java/org/jsoup/select/QueryParserTest_OE25Dev.java:[131,23] method testParsesMultiCorrectly() is already defined in class org.jsoup.select.QueryParserTest_OE25Dev
[ERROR] /home/tasfia/Desktop/OE25-DEV/projects_decomposed/jsoup/src/test/java/org/jsoup/select/QueryParserTest_OE25Dev.java:[137,23] method testParsesMultiCorrectly() is already defined in class org.jsoup.select.QueryParserTest_OE25Dev
[ERROR] /home/tasfia/Desktop/OE25-DEV/projects_decomposed/jsoup/src/test/java/org/jsoup/select/QueryParserTest_OE25Dev.java:[145,23] method testParsesMultiCorrectly() is already defined in class org.jsoup.select.QueryParserTest_OE25Dev
[ERROR] /home/tasfia/Desktop/OE25-DEV/projects_decomposed/jsoup/src/test/java/org/jsoup/select/QueryParserTest_OE25Dev.java:[158,23] method testParsesMultiCorrectly() is already defined in class org.jsoup.select.QueryParserTest_OE25Dev
[ERROR] /home/tasfia/Desktop/OE25-DEV/projects_decomposed/jsoup/src/test/java/org/jsoup/select/QueryParserTest_OE25Dev.java:[172,23] method testParsesMultiCorrectly() is already defined in class org.jsoup.select.QueryParserTest_OE25Dev
[ERROR] /home/tasfia/Desktop/OE25-DEV/projects_decomposed/jsoup/src/test/java/org/jsoup/select/QueryParserTest_OE25Dev.java:[187,23] method testParsesMultiCorrectly() is already defined in class org.jsoup.select.QueryParserTest_OE25Dev
[ERROR] /home/tasfia/Desktop/OE25-DEV/projects_decomposed/jsoup/src/test/java/org/jsoup/select/QueryParserTest_OE25Dev.java:[203,23] method testParsesMultiCorrectly() is already defined in class org.jsoup.select.QueryParserTest_OE25Dev
[ERROR] /home/tasfia/Desktop/OE25-DEV/projects_decomposed/jsoup/src/test/java/org/jsoup/select/QueryParserTest_OE25Dev.java:[220,23] method testParsesSingleQuoteInContains() is already defined in class org.jsoup.select.QueryParserTest_OE25Dev
[ERROR] /home/tasfia/Desktop/OE25-DEV/projects_decomposed/jsoup/src/test/java/org/jsoup/select/QueryParserTest_OE25Dev.java:[224,23] method exceptOnNullSelector() is already defined in class org.jsoup.select.QueryParserTest_OE25Dev
[ERROR] /home/tasfia/Desktop/OE25-DEV/projects_decomposed/jsoup/src/test/java/org/jsoup/select/QueryParserTest_OE25Dev.java:[228,23] method structuralEvaluatorsToString() is already defined in class org.jsoup.select.QueryParserTest_OE25Dev
[ERROR] /home/tasfia/Desktop/OE25-DEV/projects_decomposed/jsoup/src/test/java/org/jsoup/parser/HtmlTreeBuilderStateTest_OE25Dev.java:[63,23] method ensureTagSearchesAreKnownTags() is already defined in class org.jsoup.parser.HtmlTreeBuilderStateTest_OE25Dev
[ERROR] /home/tasfia/Desktop/OE25-DEV/projects_decomposed/jsoup/src/test/java/org/jsoup/parser/AttributeParseTest_OE25Dev.java:[100,23] method parsesRoughAttributeString() is already defined in class org.jsoup.parser.AttributeParseTest_OE25Dev
[ERROR] /home/tasfia/Desktop/OE25-DEV/projects_decomposed/jsoup/src/test/java/org/jsoup/parser/AttributeParseTest_OE25Dev.java:[109,23] method parsesRoughAttributeString() is already defined in class org.jsoup.parser.AttributeParseTest_OE25Dev
[ERROR] /home/tasfia/Desktop/OE25-DEV/projects_decomposed/jsoup/src/test/java/org/jsoup/parser/AttributeParseTest_OE25Dev.java:[119,23] method parsesRoughAttributeString() is already defined in class org.jsoup.parser.AttributeParseTest_OE25Dev
[ERROR] /home/tasfia/Desktop/OE25-DEV/projects_decomposed/jsoup/src/test/java/org/jsoup/parser/AttributeParseTest_OE25Dev.java:[130,23] method parsesRoughAttributeString() is already defined in class org.jsoup.parser.AttributeParseTest_OE25Dev
[ERROR] /home/tasfia/Desktop/OE25-DEV/projects_decomposed/jsoup/src/test/java/org/jsoup/parser/AttributeParseTest_OE25Dev.java:[142,23] method parsesRoughAttributeString() is already defined in class org.jsoup.parser.AttributeParseTest_OE25Dev
[ERROR] /home/tasfia/Desktop/OE25-DEV/projects_decomposed/jsoup/src/test/java/org/jsoup/parser/AttributeParseTest_OE25Dev.java:[155,23] method parsesRoughAttributeString() is already defined in class org.jsoup.parser.AttributeParseTest_OE25Dev
[ERROR] /home/tasfia/Desktop/OE25-DEV/projects_decomposed/jsoup/src/test/java/org/jsoup/parser/AttributeParseTest_OE25Dev.java:[169,23] method parsesRoughAttributeString() is already defined in class org.jsoup.parser.AttributeParseTest_OE25Dev
[ERROR] /home/tasfia/Desktop/OE25-DEV/projects_decomposed/jsoup/src/test/java/org/jsoup/parser/AttributeParseTest_OE25Dev.java:[184,23] method parsesRoughAttributeString() is already defined in class org.jsoup.parser.AttributeParseTest_OE25Dev
[ERROR] /home/tasfia/Desktop/OE25-DEV/projects_decomposed/jsoup/src/test/java/org/jsoup/parser/AttributeParseTest_OE25Dev.java:[200,23] method parsesEmptyString() is already defined in class org.jsoup.parser.AttributeParseTest_OE25Dev
[ERROR] /home/tasfia/Desktop/OE25-DEV/projects_decomposed/jsoup/src/test/java/org/jsoup/parser/AttributeParseTest_OE25Dev.java:[207,23] method strictAttributeUnescapes() is already defined in class org.jsoup.parser.AttributeParseTest_OE25Dev
[ERROR] /home/tasfia/Desktop/OE25-DEV/projects_decomposed/jsoup/src/test/java/org/jsoup/parser/AttributeParseTest_OE25Dev.java:[213,23] method strictAttributeUnescapes() is already defined in class org.jsoup.parser.AttributeParseTest_OE25Dev
[ERROR] /home/tasfia/Desktop/OE25-DEV/projects_decomposed/jsoup/src/test/java/org/jsoup/parser/AttributeParseTest_OE25Dev.java:[220,23] method parsesBooleanAttributes() is already defined in class org.jsoup.parser.AttributeParseTest_OE25Dev
[ERROR] /home/tasfia/Desktop/OE25-DEV/projects_decomposed/jsoup/src/test/java/org/jsoup/parser/AttributeParseTest_OE25Dev.java:[227,23] method parsesBooleanAttributes() is already defined in class org.jsoup.parser.AttributeParseTest_OE25Dev
[ERROR] /home/tasfia/Desktop/OE25-DEV/projects_decomposed/jsoup/src/test/java/org/jsoup/parser/AttributeParseTest_OE25Dev.java:[235,23] method parsesBooleanAttributes() is already defined in class org.jsoup.parser.AttributeParseTest_OE25Dev
[ERROR] /home/tasfia/Desktop/OE25-DEV/projects_decomposed/jsoup/src/test/java/org/jsoup/parser/AttributeParseTest_OE25Dev.java:[244,23] method parsesBooleanAttributes() is already defined in class org.jsoup.parser.AttributeParseTest_OE25Dev
[ERROR] /home/tasfia/Desktop/OE25-DEV/projects_decomposed/jsoup/src/test/java/org/jsoup/parser/AttributeParseTest_OE25Dev.java:[256,23] method parsesBooleanAttributes() is already defined in class org.jsoup.parser.AttributeParseTest_OE25Dev
[ERROR] /home/tasfia/Desktop/OE25-DEV/projects_decomposed/jsoup/src/test/java/org/jsoup/integration/ParseTest_OE25Dev.java:[566,23] method testWikiExpandedFromString() is already defined in class org.jsoup.integration.ParseTest_OE25Dev
[ERROR] /home/tasfia/Desktop/OE25-DEV/projects_decomposed/jsoup/src/test/java/org/jsoup/integration/ParseTest_OE25Dev.java:[573,23] method testWikiExpandedFromString() is already defined in class org.jsoup.integration.ParseTest_OE25Dev
[ERROR] /home/tasfia/Desktop/OE25-DEV/projects_decomposed/jsoup/src/test/java/org/jsoup/integration/ParseTest_OE25Dev.java:[582,23] method testFileParseNoCharsetMethod() is already defined in class org.jsoup.integration.ParseTest_OE25Dev
[ERROR] /home/tasfia/Desktop/OE25-DEV/projects_decomposed/jsoup/src/test/java/org/jsoup/select/XpathTest_OE25Dev.java:[275,23] method supportsXpathFromElement() is already defined in class org.jsoup.select.XpathTest_OE25Dev
[ERROR] /home/tasfia/Desktop/OE25-DEV/projects_decomposed/jsoup/src/test/java/org/jsoup/select/XpathTest_OE25Dev.java:[283,23] method supportsXpathFromElement() is already defined in class org.jsoup.select.XpathTest_OE25Dev
[ERROR] /home/tasfia/Desktop/OE25-DEV/projects_decomposed/jsoup/src/test/java/org/jsoup/select/XpathTest_OE25Dev.java:[293,23] method supportsXpathFromElement() is already defined in class org.jsoup.select.XpathTest_OE25Dev
[ERROR] /home/tasfia/Desktop/OE25-DEV/projects_decomposed/jsoup/src/test/java/org/jsoup/select/XpathTest_OE25Dev.java:[306,23] method supportsXpathFromElement() is already defined in class org.jsoup.select.XpathTest_OE25Dev
[ERROR] /home/tasfia/Desktop/OE25-DEV/projects_decomposed/jsoup/src/test/java/org/jsoup/select/XpathTest_OE25Dev.java:[320,23] method supportsXpathFromElement() is already defined in class org.jsoup.select.XpathTest_OE25Dev
[ERROR] /home/tasfia/Desktop/OE25-DEV/projects_decomposed/jsoup/src/test/java/org/jsoup/select/XpathTest_OE25Dev.java:[335,23] method supportsXpathFromElement() is already defined in class org.jsoup.select.XpathTest_OE25Dev
[ERROR] /home/tasfia/Desktop/OE25-DEV/projects_decomposed/jsoup/src/test/java/org/jsoup/select/XpathTest_OE25Dev.java:[352,23] method supportsXpathFromElement() is already defined in class org.jsoup.select.XpathTest_OE25Dev
[ERROR] /home/tasfia/Desktop/OE25-DEV/projects_decomposed/jsoup/src/test/java/org/jsoup/nodes/AttributesTest_OE25Dev.java:[620,23] method testIteratorHasNext() is already defined in class org.jsoup.nodes.AttributesTest_OE25Dev
[ERROR] /home/tasfia/Desktop/OE25-DEV/projects_decomposed/jsoup/src/test/java/org/jsoup/nodes/AttributesTest_OE25Dev.java:[836,23] method htmlSkipsInternals() is already defined in class org.jsoup.nodes.AttributesTest_OE25Dev
[ERROR] /home/tasfia/Desktop/OE25-DEV/projects_decomposed/jsoup/src/test/java/org/jsoup/nodes/AttributesTest_OE25Dev.java:[1005,23] method testSizeWhenHasInternal() is already defined in class org.jsoup.nodes.AttributesTest_OE25Dev
[ERROR] /home/tasfia/Desktop/OE25-DEV/projects_decomposed/jsoup/src/test/java/org/jsoup/nodes/AttributesTest_OE25Dev.java:[1012,23] method testSizeWhenHasInternal() is already defined in class org.jsoup.nodes.AttributesTest_OE25Dev
[ERROR] /home/tasfia/Desktop/OE25-DEV/projects_decomposed/jsoup/src/test/java/org/jsoup/nodes/AttributesTest_OE25Dev.java:[1026,23] method testSizeWhenHasInternal() is already defined in class org.jsoup.nodes.AttributesTest_OE25Dev
[ERROR] /home/tasfia/Desktop/OE25-DEV/projects_decomposed/jsoup/src/test/java/org/jsoup/nodes/AttributesTest_OE25Dev.java:[1041,23] method booleanNullAttributesConsistent() is already defined in class org.jsoup.nodes.AttributesTest_OE25Dev
[ERROR] /home/tasfia/Desktop/OE25-DEV/projects_decomposed/jsoup/src/test/java/org/jsoup/nodes/AttributesTest_OE25Dev.java:[1049,23] method booleanNullAttributesConsistent() is already defined in class org.jsoup.nodes.AttributesTest_OE25Dev
[ERROR] /home/tasfia/Desktop/OE25-DEV/projects_decomposed/jsoup/src/test/java/org/jsoup/nodes/AttributesTest_OE25Dev.java:[1058,23] method booleanCaseInsensitive() is already defined in class org.jsoup.nodes.AttributesTest_OE25Dev
[ERROR] /home/tasfia/Desktop/OE25-DEV/projects_decomposed/jsoup/src/test/java/org/jsoup/nodes/AttributesTest_OE25Dev.java:[1066,23] method booleanCaseInsensitive() is already defined in class org.jsoup.nodes.AttributesTest_OE25Dev
[ERROR] /home/tasfia/Desktop/OE25-DEV/projects_decomposed/jsoup/src/test/java/org/jsoup/nodes/AttributesTest_OE25Dev.java:[1075,16] method cloneAttributes() is already defined in class org.jsoup.nodes.AttributesTest_OE25Dev
[ERROR] /home/tasfia/Desktop/OE25-DEV/projects_decomposed/jsoup/src/test/java/org/jsoup/nodes/AttributesTest_OE25Dev.java:[1084,16] method cloneAttributes() is already defined in class org.jsoup.nodes.AttributesTest_OE25Dev
[ERROR] /home/tasfia/Desktop/OE25-DEV/projects_decomposed/jsoup/src/test/java/org/jsoup/nodes/AttributesTest_OE25Dev.java:[1094,16] method cloneAttributes() is already defined in class org.jsoup.nodes.AttributesTest_OE25Dev
[ERROR] /home/tasfia/Desktop/OE25-DEV/projects_decomposed/jsoup/src/test/java/org/jsoup/nodes/AttributesTest_OE25Dev.java:[1105,16] method cloneAttributes() is already defined in class org.jsoup.nodes.AttributesTest_OE25Dev
[ERROR] /home/tasfia/Desktop/OE25-DEV/projects_decomposed/jsoup/src/test/java/org/jsoup/nodes/AttributesTest_OE25Dev.java:[1119,16] method cloneAttributes() is already defined in class org.jsoup.nodes.AttributesTest_OE25Dev
[ERROR] /home/tasfia/Desktop/OE25-DEV/projects_decomposed/jsoup/src/test/java/org/jsoup/nodes/AttributesTest_OE25Dev.java:[1134,16] method cloneAttributes() is already defined in class org.jsoup.nodes.AttributesTest_OE25Dev
[ERROR] /home/tasfia/Desktop/OE25-DEV/projects_decomposed/jsoup/src/test/java/org/jsoup/helper/ValidateTest_OE25Dev.java:[48,16] method stacktraceFiltersOutValidateClass() is already defined in class org.jsoup.helper.ValidateTest_OE25Dev
[ERROR] /home/tasfia/Desktop/OE25-DEV/projects_decomposed/jsoup/src/test/java/org/jsoup/helper/ValidateTest_OE25Dev.java:[58,16] method stacktraceFiltersOutValidateClass() is already defined in class org.jsoup.helper.ValidateTest_OE25Dev
[ERROR] /home/tasfia/Desktop/OE25-DEV/projects_decomposed/jsoup/src/test/java/org/jsoup/helper/ValidateTest_OE25Dev.java:[72,16] method stacktraceFiltersOutValidateClass() is already defined in class org.jsoup.helper.ValidateTest_OE25Dev
[ERROR] /home/tasfia/Desktop/OE25-DEV/projects_decomposed/jsoup/src/test/java/org/jsoup/helper/ValidateTest_OE25Dev.java:[87,16] method nonnullParam() is already defined in class org.jsoup.helper.ValidateTest_OE25Dev
[ERROR] /home/tasfia/Desktop/OE25-DEV/projects_decomposed/jsoup/src/test/java/org/jsoup/nodes/DocumentTypeTest_OE25Dev.java:[75,23] method outerHtmlGeneration() is already defined in class org.jsoup.nodes.DocumentTypeTest_OE25Dev
[ERROR] /home/tasfia/Desktop/OE25-DEV/projects_decomposed/jsoup/src/test/java/org/jsoup/nodes/DocumentTypeTest_OE25Dev.java:[80,23] method outerHtmlGeneration() is already defined in class org.jsoup.nodes.DocumentTypeTest_OE25Dev
[ERROR] /home/tasfia/Desktop/OE25-DEV/projects_decomposed/jsoup/src/test/java/org/jsoup/nodes/DocumentTypeTest_OE25Dev.java:[88,23] method outerHtmlGeneration() is already defined in class org.jsoup.nodes.DocumentTypeTest_OE25Dev
[ERROR] /home/tasfia/Desktop/OE25-DEV/projects_decomposed/jsoup/src/test/java/org/jsoup/nodes/DocumentTypeTest_OE25Dev.java:[99,23] method outerHtmlGeneration() is already defined in class org.jsoup.nodes.DocumentTypeTest_OE25Dev
[ERROR] /home/tasfia/Desktop/OE25-DEV/projects_decomposed/jsoup/src/test/java/org/jsoup/nodes/DocumentTypeTest_OE25Dev.java:[113,23] method outerHtmlGeneration() is already defined in class org.jsoup.nodes.DocumentTypeTest_OE25Dev
[ERROR] /home/tasfia/Desktop/OE25-DEV/projects_decomposed/jsoup/src/test/java/org/jsoup/nodes/DocumentTypeTest_OE25Dev.java:[128,23] method outerHtmlGeneration() is already defined in class org.jsoup.nodes.DocumentTypeTest_OE25Dev
[ERROR] /home/tasfia/Desktop/OE25-DEV/projects_decomposed/jsoup/src/test/java/org/jsoup/nodes/DocumentTypeTest_OE25Dev.java:[144,23] method outerHtmlGeneration() is already defined in class org.jsoup.nodes.DocumentTypeTest_OE25Dev
[ERROR] /home/tasfia/Desktop/OE25-DEV/projects_decomposed/jsoup/src/test/java/org/jsoup/parser/TokeniserStateTest_OE25Dev.java:[333,23] method handlesLessInTagThanAsNewTag() is already defined in class org.jsoup.parser.TokeniserStateTest_OE25Dev
[ERROR] /home/tasfia/Desktop/OE25-DEV/projects_decomposed/jsoup/src/test/java/org/jsoup/nodes/AttributeTest_OE25Dev.java:[100,23] method testWithSupplementaryCharacterInAttributeKeyAndValue() is already defined in class org.jsoup.nodes.AttributeTest_OE25Dev
[ERROR] /home/tasfia/Desktop/OE25-DEV/projects_decomposed/jsoup/src/test/java/org/jsoup/nodes/AttributeTest_OE25Dev.java:[106,23] method testWithSupplementaryCharacterInAttributeKeyAndValue() is already defined in class org.jsoup.nodes.AttributeTest_OE25Dev
[ERROR] /home/tasfia/Desktop/OE25-DEV/projects_decomposed/jsoup/src/test/java/org/jsoup/nodes/AttributeTest_OE25Dev.java:[113,23] method validatesKeysNotEmptyViaSet() is already defined in class org.jsoup.nodes.AttributeTest_OE25Dev
[ERROR] /home/tasfia/Desktop/OE25-DEV/projects_decomposed/jsoup/src/test/java/org/jsoup/nodes/AttributeTest_OE25Dev.java:[117,23] method booleanAttributesAreEmptyStringValues() is already defined in class org.jsoup.nodes.AttributeTest_OE25Dev
[ERROR] /home/tasfia/Desktop/OE25-DEV/projects_decomposed/jsoup/src/test/java/org/jsoup/nodes/AttributeTest_OE25Dev.java:[123,23] method booleanAttributesAreEmptyStringValues() is already defined in class org.jsoup.nodes.AttributeTest_OE25Dev
[ERROR] /home/tasfia/Desktop/OE25-DEV/projects_decomposed/jsoup/src/test/java/org/jsoup/nodes/AttributeTest_OE25Dev.java:[132,23] method booleanAttributesAreEmptyStringValues() is already defined in class org.jsoup.nodes.AttributeTest_OE25Dev
[ERROR] /home/tasfia/Desktop/OE25-DEV/projects_decomposed/jsoup/src/test/java/org/jsoup/nodes/AttributeTest_OE25Dev.java:[142,23] method booleanAttributesAreEmptyStringValues() is already defined in class org.jsoup.nodes.AttributeTest_OE25Dev
[ERROR] /home/tasfia/Desktop/OE25-DEV/projects_decomposed/jsoup/src/test/java/org/jsoup/nodes/AttributeTest_OE25Dev.java:[153,23] method booleanAttributesAreEmptyStringValues() is already defined in class org.jsoup.nodes.AttributeTest_OE25Dev
[ERROR] /home/tasfia/Desktop/OE25-DEV/projects_decomposed/jsoup/src/test/java/org/jsoup/nodes/AttributeTest_OE25Dev.java:[165,23] method hasValue() is already defined in class org.jsoup.nodes.AttributeTest_OE25Dev
[ERROR] /home/tasfia/Desktop/OE25-DEV/projects_decomposed/jsoup/src/test/java/org/jsoup/nodes/AttributeTest_OE25Dev.java:[173,23] method hasValue() is already defined in class org.jsoup.nodes.AttributeTest_OE25Dev
[ERROR] /home/tasfia/Desktop/OE25-DEV/projects_decomposed/jsoup/src/test/java/org/jsoup/nodes/AttributeTest_OE25Dev.java:[182,23] method hasValue() is already defined in class org.jsoup.nodes.AttributeTest_OE25Dev
[ERROR] /home/tasfia/Desktop/OE25-DEV/projects_decomposed/jsoup/src/test/java/org/jsoup/nodes/AttributeTest_OE25Dev.java:[192,16] method booleanAttributesAreNotCaseSensitive() is already defined in class org.jsoup.nodes.AttributeTest_OE25Dev
[ERROR] /home/tasfia/Desktop/OE25-DEV/projects_decomposed/jsoup/src/test/java/org/jsoup/nodes/AttributeTest_OE25Dev.java:[197,16] method booleanAttributesAreNotCaseSensitive() is already defined in class org.jsoup.nodes.AttributeTest_OE25Dev
[ERROR] /home/tasfia/Desktop/OE25-DEV/projects_decomposed/jsoup/src/test/java/org/jsoup/nodes/AttributeTest_OE25Dev.java:[203,16] method booleanAttributesAreNotCaseSensitive() is already defined in class org.jsoup.nodes.AttributeTest_OE25Dev
[ERROR] /home/tasfia/Desktop/OE25-DEV/projects_decomposed/jsoup/src/test/java/org/jsoup/nodes/AttributeTest_OE25Dev.java:[210,16] method booleanAttributesAreNotCaseSensitive() is already defined in class org.jsoup.nodes.AttributeTest_OE25Dev
[ERROR] /home/tasfia/Desktop/OE25-DEV/projects_decomposed/jsoup/src/test/java/org/jsoup/nodes/AttributeTest_OE25Dev.java:[218,16] method booleanAttributesAreNotCaseSensitive() is already defined in class org.jsoup.nodes.AttributeTest_OE25Dev
[ERROR] /home/tasfia/Desktop/OE25-DEV/projects_decomposed/jsoup/src/test/java/org/jsoup/nodes/AttributeTest_OE25Dev.java:[230,16] method booleanAttributesAreNotCaseSensitive() is already defined in class org.jsoup.nodes.AttributeTest_OE25Dev
[ERROR] /home/tasfia/Desktop/OE25-DEV/projects_decomposed/jsoup/src/test/java/org/jsoup/parser/XmlTreeBuilderTest_OE25Dev.java:[308,23] method handlesXmlDeclarationAsDeclaration() is already defined in class org.jsoup.parser.XmlTreeBuilderTest_OE25Dev
[ERROR] /home/tasfia/Desktop/OE25-DEV/projects_decomposed/jsoup/src/test/java/org/jsoup/parser/XmlTreeBuilderTest_OE25Dev.java:[314,23] method handlesXmlDeclarationAsDeclaration() is already defined in class org.jsoup.parser.XmlTreeBuilderTest_OE25Dev
[ERROR] /home/tasfia/Desktop/OE25-DEV/projects_decomposed/jsoup/src/test/java/org/jsoup/parser/XmlTreeBuilderTest_OE25Dev.java:[321,23] method handlesXmlDeclarationAsDeclaration() is already defined in class org.jsoup.parser.XmlTreeBuilderTest_OE25Dev
[ERROR] /home/tasfia/Desktop/OE25-DEV/projects_decomposed/jsoup/src/test/java/org/jsoup/parser/XmlTreeBuilderTest_OE25Dev.java:[329,23] method xmlParseDefaultsToHtmlOutputSyntax() is already defined in class org.jsoup.parser.XmlTreeBuilderTest_OE25Dev
[ERROR] /home/tasfia/Desktop/OE25-DEV/projects_decomposed/jsoup/src/test/java/org/jsoup/parser/XmlTreeBuilderTest_OE25Dev.java:[473,23] method normalizesDiscordantTags() is already defined in class org.jsoup.parser.XmlTreeBuilderTest_OE25Dev
[ERROR] /home/tasfia/Desktop/OE25-DEV/projects_decomposed/jsoup/src/test/java/org/jsoup/parser/XmlTreeBuilderTest_OE25Dev.java:[479,23] method cdataPreservesWhiteSpace() is already defined in class org.jsoup.parser.XmlTreeBuilderTest_OE25Dev
[ERROR] /home/tasfia/Desktop/OE25-DEV/projects_decomposed/jsoup/src/test/java/org/jsoup/parser/XmlTreeBuilderTest_OE25Dev.java:[485,23] method cdataPreservesWhiteSpace() is already defined in class org.jsoup.parser.XmlTreeBuilderTest_OE25Dev
[ERROR] /home/tasfia/Desktop/OE25-DEV/projects_decomposed/jsoup/src/test/java/org/jsoup/parser/XmlTreeBuilderTest_OE25Dev.java:[501,23] method dropsDuplicateAttributes() is already defined in class org.jsoup.parser.XmlTreeBuilderTest_OE25Dev
[ERROR] /home/tasfia/Desktop/OE25-DEV/projects_decomposed/jsoup/src/test/java/org/jsoup/parser/XmlTreeBuilderTest_OE25Dev.java:[510,23] method xmlParserEnablesXmlOutputAndEscapes() is already defined in class org.jsoup.parser.XmlTreeBuilderTest_OE25Dev
[ERROR] /home/tasfia/Desktop/OE25-DEV/projects_decomposed/jsoup/src/test/java/org/jsoup/parser/XmlTreeBuilderTest_OE25Dev.java:[517,23] method xmlParserEnablesXmlOutputAndEscapes() is already defined in class org.jsoup.parser.XmlTreeBuilderTest_OE25Dev
[ERROR] /home/tasfia/Desktop/OE25-DEV/projects_decomposed/jsoup/src/test/java/org/jsoup/parser/XmlTreeBuilderTest_OE25Dev.java:[525,23] method xmlParserEnablesXmlOutputAndEscapes() is already defined in class org.jsoup.parser.XmlTreeBuilderTest_OE25Dev
[ERROR] /home/tasfia/Desktop/OE25-DEV/projects_decomposed/jsoup/src/test/java/org/jsoup/parser/XmlTreeBuilderTest_OE25Dev.java:[534,16] method xmlOutputCorrectsInvalidAttributeNames() is already defined in class org.jsoup.parser.XmlTreeBuilderTest_OE25Dev
[ERROR] /home/tasfia/Desktop/OE25-DEV/projects_decomposed/jsoup/src/test/java/org/jsoup/parser/XmlTreeBuilderTest_OE25Dev.java:[540,16] method xmlOutputCorrectsInvalidAttributeNames() is already defined in class org.jsoup.parser.XmlTreeBuilderTest_OE25Dev
[ERROR] /home/tasfia/Desktop/OE25-DEV/projects_decomposed/jsoup/src/test/java/org/jsoup/nodes/NodeTest_OE25Dev.java:[391,23] method handlesBaseUri() is already defined in class org.jsoup.nodes.NodeTest_OE25Dev
[ERROR] /home/tasfia/Desktop/OE25-DEV/projects_decomposed/jsoup/src/test/java/org/jsoup/nodes/NodeTest_OE25Dev.java:[401,23] method handlesBaseUri() is already defined in class org.jsoup.nodes.NodeTest_OE25Dev
[INFO] 100 errors 
[INFO] -------------------------------------------------------------
[INFO] ------------------------------------------------------------------------
[INFO] BUILD FAILURE
[INFO] ------------------------------------------------------------------------
[INFO] Total time:  6.449 s
[INFO] Finished at: 2026-01-22T03:30:31-06:00
[INFO] ------------------------------------------------------------------------
[ERROR] Failed to execute goal org.apache.maven.plugins:maven-compiler-plugin:3.10.1:testCompile (default-testCompile) on project jsoup: Compilation failure: Compilation failure: 
[ERROR] /home/tasfia/Desktop/OE25-DEV/projects_decomposed/jsoup/src/test/java/org/jsoup/select/QueryParserTest_OE25Dev.java:[89,23] method testConsumeSubQuery() is already defined in class org.jsoup.select.QueryParserTest_OE25Dev
[ERROR] /home/tasfia/Desktop/OE25-DEV/projects_decomposed/jsoup/src/test/java/org/jsoup/select/QueryParserTest_OE25Dev.java:[98,23] method testConsumeSubQuery() is already defined in class org.jsoup.select.QueryParserTest_OE25Dev
[ERROR] /home/tasfia/Desktop/OE25-DEV/projects_decomposed/jsoup/src/test/java/org/jsoup/select/QueryParserTest_OE25Dev.java:[108,23] method testConsumeSubQuery() is already defined in class org.jsoup.select.QueryParserTest_OE25Dev
[ERROR] /home/tasfia/Desktop/OE25-DEV/projects_decomposed/jsoup/src/test/java/org/jsoup/select/QueryParserTest_OE25Dev.java:[119,23] method testConsumeSubQuery() is already defined in class org.jsoup.select.QueryParserTest_OE25Dev
[ERROR] /home/tasfia/Desktop/OE25-DEV/projects_decomposed/jsoup/src/test/java/org/jsoup/select/QueryParserTest_OE25Dev.java:[131,23] method testParsesMultiCorrectly() is already defined in class org.jsoup.select.QueryParserTest_OE25Dev
[ERROR] /home/tasfia/Desktop/OE25-DEV/projects_decomposed/jsoup/src/test/java/org/jsoup/select/QueryParserTest_OE25Dev.java:[137,23] method testParsesMultiCorrectly() is already defined in class org.jsoup.select.QueryParserTest_OE25Dev
[ERROR] /home/tasfia/Desktop/OE25-DEV/projects_decomposed/jsoup/src/test/java/org/jsoup/select/QueryParserTest_OE25Dev.java:[145,23] method testParsesMultiCorrectly() is already defined in class org.jsoup.select.QueryParserTest_OE25Dev
[ERROR] /home/tasfia/Desktop/OE25-DEV/projects_decomposed/jsoup/src/test/java/org/jsoup/select/QueryParserTest_OE25Dev.java:[158,23] method testParsesMultiCorrectly() is already defined in class org.jsoup.select.QueryParserTest_OE25Dev
[ERROR] /home/tasfia/Desktop/OE25-DEV/projects_decomposed/jsoup/src/test/java/org/jsoup/select/QueryParserTest_OE25Dev.java:[172,23] method testParsesMultiCorrectly() is already defined in class org.jsoup.select.QueryParserTest_OE25Dev
[ERROR] /home/tasfia/Desktop/OE25-DEV/projects_decomposed/jsoup/src/test/java/org/jsoup/select/QueryParserTest_OE25Dev.java:[187,23] method testParsesMultiCorrectly() is already defined in class org.jsoup.select.QueryParserTest_OE25Dev
[ERROR] /home/tasfia/Desktop/OE25-DEV/projects_decomposed/jsoup/src/test/java/org/jsoup/select/QueryParserTest_OE25Dev.java:[203,23] method testParsesMultiCorrectly() is already defined in class org.jsoup.select.QueryParserTest_OE25Dev
[ERROR] /home/tasfia/Desktop/OE25-DEV/projects_decomposed/jsoup/src/test/java/org/jsoup/select/QueryParserTest_OE25Dev.java:[220,23] method testParsesSingleQuoteInContains() is already defined in class org.jsoup.select.QueryParserTest_OE25Dev
[ERROR] /home/tasfia/Desktop/OE25-DEV/projects_decomposed/jsoup/src/test/java/org/jsoup/select/QueryParserTest_OE25Dev.java:[224,23] method exceptOnNullSelector() is already defined in class org.jsoup.select.QueryParserTest_OE25Dev
[ERROR] /home/tasfia/Desktop/OE25-DEV/projects_decomposed/jsoup/src/test/java/org/jsoup/select/QueryParserTest_OE25Dev.java:[228,23] method structuralEvaluatorsToString() is already defined in class org.jsoup.select.QueryParserTest_OE25Dev
[ERROR] /home/tasfia/Desktop/OE25-DEV/projects_decomposed/jsoup/src/test/java/org/jsoup/parser/HtmlTreeBuilderStateTest_OE25Dev.java:[63,23] method ensureTagSearchesAreKnownTags() is already defined in class org.jsoup.parser.HtmlTreeBuilderStateTest_OE25Dev
[ERROR] /home/tasfia/Desktop/OE25-DEV/projects_decomposed/jsoup/src/test/java/org/jsoup/parser/AttributeParseTest_OE25Dev.java:[100,23] method parsesRoughAttributeString() is already defined in class org.jsoup.parser.AttributeParseTest_OE25Dev
[ERROR] /home/tasfia/Desktop/OE25-DEV/projects_decomposed/jsoup/src/test/java/org/jsoup/parser/AttributeParseTest_OE25Dev.java:[109,23] method parsesRoughAttributeString() is already defined in class org.jsoup.parser.AttributeParseTest_OE25Dev
[ERROR] /home/tasfia/Desktop/OE25-DEV/projects_decomposed/jsoup/src/test/java/org/jsoup/parser/AttributeParseTest_OE25Dev.java:[119,23] method parsesRoughAttributeString() is already defined in class org.jsoup.parser.AttributeParseTest_OE25Dev
[ERROR] /home/tasfia/Desktop/OE25-DEV/projects_decomposed/jsoup/src/test/java/org/jsoup/parser/AttributeParseTest_OE25Dev.java:[130,23] method parsesRoughAttributeString() is already defined in class org.jsoup.parser.AttributeParseTest_OE25Dev
[ERROR] /home/tasfia/Desktop/OE25-DEV/projects_decomposed/jsoup/src/test/java/org/jsoup/parser/AttributeParseTest_OE25Dev.java:[142,23] method parsesRoughAttributeString() is already defined in class org.jsoup.parser.AttributeParseTest_OE25Dev
[ERROR] /home/tasfia/Desktop/OE25-DEV/projects_decomposed/jsoup/src/test/java/org/jsoup/parser/AttributeParseTest_OE25Dev.java:[155,23] method parsesRoughAttributeString() is already defined in class org.jsoup.parser.AttributeParseTest_OE25Dev
[ERROR] /home/tasfia/Desktop/OE25-DEV/projects_decomposed/jsoup/src/test/java/org/jsoup/parser/AttributeParseTest_OE25Dev.java:[169,23] method parsesRoughAttributeString() is already defined in class org.jsoup.parser.AttributeParseTest_OE25Dev
[ERROR] /home/tasfia/Desktop/OE25-DEV/projects_decomposed/jsoup/src/test/java/org/jsoup/parser/AttributeParseTest_OE25Dev.java:[184,23] method parsesRoughAttributeString() is already defined in class org.jsoup.parser.AttributeParseTest_OE25Dev
[ERROR] /home/tasfia/Desktop/OE25-DEV/projects_decomposed/jsoup/src/test/java/org/jsoup/parser/AttributeParseTest_OE25Dev.java:[200,23] method parsesEmptyString() is already defined in class org.jsoup.parser.AttributeParseTest_OE25Dev
[ERROR] /home/tasfia/Desktop/OE25-DEV/projects_decomposed/jsoup/src/test/java/org/jsoup/parser/AttributeParseTest_OE25Dev.java:[207,23] method strictAttributeUnescapes() is already defined in class org.jsoup.parser.AttributeParseTest_OE25Dev
[ERROR] /home/tasfia/Desktop/OE25-DEV/projects_decomposed/jsoup/src/test/java/org/jsoup/parser/AttributeParseTest_OE25Dev.java:[213,23] method strictAttributeUnescapes() is already defined in class org.jsoup.parser.AttributeParseTest_OE25Dev
[ERROR] /home/tasfia/Desktop/OE25-DEV/projects_decomposed/jsoup/src/test/java/org/jsoup/parser/AttributeParseTest_OE25Dev.java:[220,23] method parsesBooleanAttributes() is already defined in class org.jsoup.parser.AttributeParseTest_OE25Dev
[ERROR] /home/tasfia/Desktop/OE25-DEV/projects_decomposed/jsoup/src/test/java/org/jsoup/parser/AttributeParseTest_OE25Dev.java:[227,23] method parsesBooleanAttributes() is already defined in class org.jsoup.parser.AttributeParseTest_OE25Dev
[ERROR] /home/tasfia/Desktop/OE25-DEV/projects_decomposed/jsoup/src/test/java/org/jsoup/parser/AttributeParseTest_OE25Dev.java:[235,23] method parsesBooleanAttributes() is already defined in class org.jsoup.parser.AttributeParseTest_OE25Dev
[ERROR] /home/tasfia/Desktop/OE25-DEV/projects_decomposed/jsoup/src/test/java/org/jsoup/parser/AttributeParseTest_OE25Dev.java:[244,23] method parsesBooleanAttributes() is already defined in class org.jsoup.parser.AttributeParseTest_OE25Dev
[ERROR] /home/tasfia/Desktop/OE25-DEV/projects_decomposed/jsoup/src/test/java/org/jsoup/parser/AttributeParseTest_OE25Dev.java:[256,23] method parsesBooleanAttributes() is already defined in class org.jsoup.parser.AttributeParseTest_OE25Dev
[ERROR] /home/tasfia/Desktop/OE25-DEV/projects_decomposed/jsoup/src/test/java/org/jsoup/integration/ParseTest_OE25Dev.java:[566,23] method testWikiExpandedFromString() is already defined in class org.jsoup.integration.ParseTest_OE25Dev
[ERROR] /home/tasfia/Desktop/OE25-DEV/projects_decomposed/jsoup/src/test/java/org/jsoup/integration/ParseTest_OE25Dev.java:[573,23] method testWikiExpandedFromString() is already defined in class org.jsoup.integration.ParseTest_OE25Dev
[ERROR] /home/tasfia/Desktop/OE25-DEV/projects_decomposed/jsoup/src/test/java/org/jsoup/integration/ParseTest_OE25Dev.java:[582,23] method testFileParseNoCharsetMethod() is already defined in class org.jsoup.integration.ParseTest_OE25Dev
[ERROR] /home/tasfia/Desktop/OE25-DEV/projects_decomposed/jsoup/src/test/java/org/jsoup/select/XpathTest_OE25Dev.java:[275,23] method supportsXpathFromElement() is already defined in class org.jsoup.select.XpathTest_OE25Dev
[ERROR] /home/tasfia/Desktop/OE25-DEV/projects_decomposed/jsoup/src/test/java/org/jsoup/select/XpathTest_OE25Dev.java:[283,23] method supportsXpathFromElement() is already defined in class org.jsoup.select.XpathTest_OE25Dev
[ERROR] /home/tasfia/Desktop/OE25-DEV/projects_decomposed/jsoup/src/test/java/org/jsoup/select/XpathTest_OE25Dev.java:[293,23] method supportsXpathFromElement() is already defined in class org.jsoup.select.XpathTest_OE25Dev
[ERROR] /home/tasfia/Desktop/OE25-DEV/projects_decomposed/jsoup/src/test/java/org/jsoup/select/XpathTest_OE25Dev.java:[306,23] method supportsXpathFromElement() is already defined in class org.jsoup.select.XpathTest_OE25Dev
[ERROR] /home/tasfia/Desktop/OE25-DEV/projects_decomposed/jsoup/src/test/java/org/jsoup/select/XpathTest_OE25Dev.java:[320,23] method supportsXpathFromElement() is already defined in class org.jsoup.select.XpathTest_OE25Dev
[ERROR] /home/tasfia/Desktop/OE25-DEV/projects_decomposed/jsoup/src/test/java/org/jsoup/select/XpathTest_OE25Dev.java:[335,23] method supportsXpathFromElement() is already defined in class org.jsoup.select.XpathTest_OE25Dev
[ERROR] /home/tasfia/Desktop/OE25-DEV/projects_decomposed/jsoup/src/test/java/org/jsoup/select/XpathTest_OE25Dev.java:[352,23] method supportsXpathFromElement() is already defined in class org.jsoup.select.XpathTest_OE25Dev
[ERROR] /home/tasfia/Desktop/OE25-DEV/projects_decomposed/jsoup/src/test/java/org/jsoup/nodes/AttributesTest_OE25Dev.java:[620,23] method testIteratorHasNext() is already defined in class org.jsoup.nodes.AttributesTest_OE25Dev
[ERROR] /home/tasfia/Desktop/OE25-DEV/projects_decomposed/jsoup/src/test/java/org/jsoup/nodes/AttributesTest_OE25Dev.java:[836,23] method htmlSkipsInternals() is already defined in class org.jsoup.nodes.AttributesTest_OE25Dev
[ERROR] /home/tasfia/Desktop/OE25-DEV/projects_decomposed/jsoup/src/test/java/org/jsoup/nodes/AttributesTest_OE25Dev.java:[1005,23] method testSizeWhenHasInternal() is already defined in class org.jsoup.nodes.AttributesTest_OE25Dev
[ERROR] /home/tasfia/Desktop/OE25-DEV/projects_decomposed/jsoup/src/test/java/org/jsoup/nodes/AttributesTest_OE25Dev.java:[1012,23] method testSizeWhenHasInternal() is already defined in class org.jsoup.nodes.AttributesTest_OE25Dev
[ERROR] /home/tasfia/Desktop/OE25-DEV/projects_decomposed/jsoup/src/test/java/org/jsoup/nodes/AttributesTest_OE25Dev.java:[1026,23] method testSizeWhenHasInternal() is already defined in class org.jsoup.nodes.AttributesTest_OE25Dev
[ERROR] /home/tasfia/Desktop/OE25-DEV/projects_decomposed/jsoup/src/test/java/org/jsoup/nodes/AttributesTest_OE25Dev.java:[1041,23] method booleanNullAttributesConsistent() is already defined in class org.jsoup.nodes.AttributesTest_OE25Dev
[ERROR] /home/tasfia/Desktop/OE25-DEV/projects_decomposed/jsoup/src/test/java/org/jsoup/nodes/AttributesTest_OE25Dev.java:[1049,23] method booleanNullAttributesConsistent() is already defined in class org.jsoup.nodes.AttributesTest_OE25Dev
[ERROR] /home/tasfia/Desktop/OE25-DEV/projects_decomposed/jsoup/src/test/java/org/jsoup/nodes/AttributesTest_OE25Dev.java:[1058,23] method booleanCaseInsensitive() is already defined in class org.jsoup.nodes.AttributesTest_OE25Dev
[ERROR] /home/tasfia/Desktop/OE25-DEV/projects_decomposed/jsoup/src/test/java/org/jsoup/nodes/AttributesTest_OE25Dev.java:[1066,23] method booleanCaseInsensitive() is already defined in class org.jsoup.nodes.AttributesTest_OE25Dev
[ERROR] /home/tasfia/Desktop/OE25-DEV/projects_decomposed/jsoup/src/test/java/org/jsoup/nodes/AttributesTest_OE25Dev.java:[1075,16] method cloneAttributes() is already defined in class org.jsoup.nodes.AttributesTest_OE25Dev
[ERROR] /home/tasfia/Desktop/OE25-DEV/projects_decomposed/jsoup/src/test/java/org/jsoup/nodes/AttributesTest_OE25Dev.java:[1084,16] method cloneAttributes() is already defined in class org.jsoup.nodes.AttributesTest_OE25Dev
[ERROR] /home/tasfia/Desktop/OE25-DEV/projects_decomposed/jsoup/src/test/java/org/jsoup/nodes/AttributesTest_OE25Dev.java:[1094,16] method cloneAttributes() is already defined in class org.jsoup.nodes.AttributesTest_OE25Dev
[ERROR] /home/tasfia/Desktop/OE25-DEV/projects_decomposed/jsoup/src/test/java/org/jsoup/nodes/AttributesTest_OE25Dev.java:[1105,16] method cloneAttributes() is already defined in class org.jsoup.nodes.AttributesTest_OE25Dev
[ERROR] /home/tasfia/Desktop/OE25-DEV/projects_decomposed/jsoup/src/test/java/org/jsoup/nodes/AttributesTest_OE25Dev.java:[1119,16] method cloneAttributes() is already defined in class org.jsoup.nodes.AttributesTest_OE25Dev
[ERROR] /home/tasfia/Desktop/OE25-DEV/projects_decomposed/jsoup/src/test/java/org/jsoup/nodes/AttributesTest_OE25Dev.java:[1134,16] method cloneAttributes() is already defined in class org.jsoup.nodes.AttributesTest_OE25Dev
[ERROR] /home/tasfia/Desktop/OE25-DEV/projects_decomposed/jsoup/src/test/java/org/jsoup/helper/ValidateTest_OE25Dev.java:[48,16] method stacktraceFiltersOutValidateClass() is already defined in class org.jsoup.helper.ValidateTest_OE25Dev
[ERROR] /home/tasfia/Desktop/OE25-DEV/projects_decomposed/jsoup/src/test/java/org/jsoup/helper/ValidateTest_OE25Dev.java:[58,16] method stacktraceFiltersOutValidateClass() is already defined in class org.jsoup.helper.ValidateTest_OE25Dev
[ERROR] /home/tasfia/Desktop/OE25-DEV/projects_decomposed/jsoup/src/test/java/org/jsoup/helper/ValidateTest_OE25Dev.java:[72,16] method stacktraceFiltersOutValidateClass() is already defined in class org.jsoup.helper.ValidateTest_OE25Dev
[ERROR] /home/tasfia/Desktop/OE25-DEV/projects_decomposed/jsoup/src/test/java/org/jsoup/helper/ValidateTest_OE25Dev.java:[87,16] method nonnullParam() is already defined in class org.jsoup.helper.ValidateTest_OE25Dev
[ERROR] /home/tasfia/Desktop/OE25-DEV/projects_decomposed/jsoup/src/test/java/org/jsoup/nodes/DocumentTypeTest_OE25Dev.java:[75,23] method outerHtmlGeneration() is already defined in class org.jsoup.nodes.DocumentTypeTest_OE25Dev
[ERROR] /home/tasfia/Desktop/OE25-DEV/projects_decomposed/jsoup/src/test/java/org/jsoup/nodes/DocumentTypeTest_OE25Dev.java:[80,23] method outerHtmlGeneration() is already defined in class org.jsoup.nodes.DocumentTypeTest_OE25Dev
[ERROR] /home/tasfia/Desktop/OE25-DEV/projects_decomposed/jsoup/src/test/java/org/jsoup/nodes/DocumentTypeTest_OE25Dev.java:[88,23] method outerHtmlGeneration() is already defined in class org.jsoup.nodes.DocumentTypeTest_OE25Dev
[ERROR] /home/tasfia/Desktop/OE25-DEV/projects_decomposed/jsoup/src/test/java/org/jsoup/nodes/DocumentTypeTest_OE25Dev.java:[99,23] method outerHtmlGeneration() is already defined in class org.jsoup.nodes.DocumentTypeTest_OE25Dev
[ERROR] /home/tasfia/Desktop/OE25-DEV/projects_decomposed/jsoup/src/test/java/org/jsoup/nodes/DocumentTypeTest_OE25Dev.java:[113,23] method outerHtmlGeneration() is already defined in class org.jsoup.nodes.DocumentTypeTest_OE25Dev
[ERROR] /home/tasfia/Desktop/OE25-DEV/projects_decomposed/jsoup/src/test/java/org/jsoup/nodes/DocumentTypeTest_OE25Dev.java:[128,23] method outerHtmlGeneration() is already defined in class org.jsoup.nodes.DocumentTypeTest_OE25Dev
[ERROR] /home/tasfia/Desktop/OE25-DEV/projects_decomposed/jsoup/src/test/java/org/jsoup/nodes/DocumentTypeTest_OE25Dev.java:[144,23] method outerHtmlGeneration() is already defined in class org.jsoup.nodes.DocumentTypeTest_OE25Dev
[ERROR] /home/tasfia/Desktop/OE25-DEV/projects_decomposed/jsoup/src/test/java/org/jsoup/parser/TokeniserStateTest_OE25Dev.java:[333,23] method handlesLessInTagThanAsNewTag() is already defined in class org.jsoup.parser.TokeniserStateTest_OE25Dev
[ERROR] /home/tasfia/Desktop/OE25-DEV/projects_decomposed/jsoup/src/test/java/org/jsoup/nodes/AttributeTest_OE25Dev.java:[100,23] method testWithSupplementaryCharacterInAttributeKeyAndValue() is already defined in class org.jsoup.nodes.AttributeTest_OE25Dev
[ERROR] /home/tasfia/Desktop/OE25-DEV/projects_decomposed/jsoup/src/test/java/org/jsoup/nodes/AttributeTest_OE25Dev.java:[106,23] method testWithSupplementaryCharacterInAttributeKeyAndValue() is already defined in class org.jsoup.nodes.AttributeTest_OE25Dev
[ERROR] /home/tasfia/Desktop/OE25-DEV/projects_decomposed/jsoup/src/test/java/org/jsoup/nodes/AttributeTest_OE25Dev.java:[113,23] method validatesKeysNotEmptyViaSet() is already defined in class org.jsoup.nodes.AttributeTest_OE25Dev
[ERROR] /home/tasfia/Desktop/OE25-DEV/projects_decomposed/jsoup/src/test/java/org/jsoup/nodes/AttributeTest_OE25Dev.java:[117,23] method booleanAttributesAreEmptyStringValues() is already defined in class org.jsoup.nodes.AttributeTest_OE25Dev
[ERROR] /home/tasfia/Desktop/OE25-DEV/projects_decomposed/jsoup/src/test/java/org/jsoup/nodes/AttributeTest_OE25Dev.java:[123,23] method booleanAttributesAreEmptyStringValues() is already defined in class org.jsoup.nodes.AttributeTest_OE25Dev
[ERROR] /home/tasfia/Desktop/OE25-DEV/projects_decomposed/jsoup/src/test/java/org/jsoup/nodes/AttributeTest_OE25Dev.java:[132,23] method booleanAttributesAreEmptyStringValues() is already defined in class org.jsoup.nodes.AttributeTest_OE25Dev
[ERROR] /home/tasfia/Desktop/OE25-DEV/projects_decomposed/jsoup/src/test/java/org/jsoup/nodes/AttributeTest_OE25Dev.java:[142,23] method booleanAttributesAreEmptyStringValues() is already defined in class org.jsoup.nodes.AttributeTest_OE25Dev
[ERROR] /home/tasfia/Desktop/OE25-DEV/projects_decomposed/jsoup/src/test/java/org/jsoup/nodes/AttributeTest_OE25Dev.java:[153,23] method booleanAttributesAreEmptyStringValues() is already defined in class org.jsoup.nodes.AttributeTest_OE25Dev
[ERROR] /home/tasfia/Desktop/OE25-DEV/projects_decomposed/jsoup/src/test/java/org/jsoup/nodes/AttributeTest_OE25Dev.java:[165,23] method hasValue() is already defined in class org.jsoup.nodes.AttributeTest_OE25Dev
[ERROR] /home/tasfia/Desktop/OE25-DEV/projects_decomposed/jsoup/src/test/java/org/jsoup/nodes/AttributeTest_OE25Dev.java:[173,23] method hasValue() is already defined in class org.jsoup.nodes.AttributeTest_OE25Dev
[ERROR] /home/tasfia/Desktop/OE25-DEV/projects_decomposed/jsoup/src/test/java/org/jsoup/nodes/AttributeTest_OE25Dev.java:[182,23] method hasValue() is already defined in class org.jsoup.nodes.AttributeTest_OE25Dev
[ERROR] /home/tasfia/Desktop/OE25-DEV/projects_decomposed/jsoup/src/test/java/org/jsoup/nodes/AttributeTest_OE25Dev.java:[192,16] method booleanAttributesAreNotCaseSensitive() is already defined in class org.jsoup.nodes.AttributeTest_OE25Dev
[ERROR] /home/tasfia/Desktop/OE25-DEV/projects_decomposed/jsoup/src/test/java/org/jsoup/nodes/AttributeTest_OE25Dev.java:[197,16] method booleanAttributesAreNotCaseSensitive() is already defined in class org.jsoup.nodes.AttributeTest_OE25Dev
[ERROR] /home/tasfia/Desktop/OE25-DEV/projects_decomposed/jsoup/src/test/java/org/jsoup/nodes/AttributeTest_OE25Dev.java:[203,16] method booleanAttributesAreNotCaseSensitive() is already defined in class org.jsoup.nodes.AttributeTest_OE25Dev
[ERROR] /home/tasfia/Desktop/OE25-DEV/projects_decomposed/jsoup/src/test/java/org/jsoup/nodes/AttributeTest_OE25Dev.java:[210,16] method booleanAttributesAreNotCaseSensitive() is already defined in class org.jsoup.nodes.AttributeTest_OE25Dev
[ERROR] /home/tasfia/Desktop/OE25-DEV/projects_decomposed/jsoup/src/test/java/org/jsoup/nodes/AttributeTest_OE25Dev.java:[218,16] method booleanAttributesAreNotCaseSensitive() is already defined in class org.jsoup.nodes.AttributeTest_OE25Dev
[ERROR] /home/tasfia/Desktop/OE25-DEV/projects_decomposed/jsoup/src/test/java/org/jsoup/nodes/AttributeTest_OE25Dev.java:[230,16] method booleanAttributesAreNotCaseSensitive() is already defined in class org.jsoup.nodes.AttributeTest_OE25Dev
[ERROR] /home/tasfia/Desktop/OE25-DEV/projects_decomposed/jsoup/src/test/java/org/jsoup/parser/XmlTreeBuilderTest_OE25Dev.java:[308,23] method handlesXmlDeclarationAsDeclaration() is already defined in class org.jsoup.parser.XmlTreeBuilderTest_OE25Dev
[ERROR] /home/tasfia/Desktop/OE25-DEV/projects_decomposed/jsoup/src/test/java/org/jsoup/parser/XmlTreeBuilderTest_OE25Dev.java:[314,23] method handlesXmlDeclarationAsDeclaration() is already defined in class org.jsoup.parser.XmlTreeBuilderTest_OE25Dev
[ERROR] /home/tasfia/Desktop/OE25-DEV/projects_decomposed/jsoup/src/test/java/org/jsoup/parser/XmlTreeBuilderTest_OE25Dev.java:[321,23] method handlesXmlDeclarationAsDeclaration() is already defined in class org.jsoup.parser.XmlTreeBuilderTest_OE25Dev
[ERROR] /home/tasfia/Desktop/OE25-DEV/projects_decomposed/jsoup/src/test/java/org/jsoup/parser/XmlTreeBuilderTest_OE25Dev.java:[329,23] method xmlParseDefaultsToHtmlOutputSyntax() is already defined in class org.jsoup.parser.XmlTreeBuilderTest_OE25Dev
[ERROR] /home/tasfia/Desktop/OE25-DEV/projects_decomposed/jsoup/src/test/java/org/jsoup/parser/XmlTreeBuilderTest_OE25Dev.java:[473,23] method normalizesDiscordantTags() is already defined in class org.jsoup.parser.XmlTreeBuilderTest_OE25Dev
[ERROR] /home/tasfia/Desktop/OE25-DEV/projects_decomposed/jsoup/src/test/java/org/jsoup/parser/XmlTreeBuilderTest_OE25Dev.java:[479,23] method cdataPreservesWhiteSpace() is already defined in class org.jsoup.parser.XmlTreeBuilderTest_OE25Dev
[ERROR] /home/tasfia/Desktop/OE25-DEV/projects_decomposed/jsoup/src/test/java/org/jsoup/parser/XmlTreeBuilderTest_OE25Dev.java:[485,23] method cdataPreservesWhiteSpace() is already defined in class org.jsoup.parser.XmlTreeBuilderTest_OE25Dev
[ERROR] /home/tasfia/Desktop/OE25-DEV/projects_decomposed/jsoup/src/test/java/org/jsoup/parser/XmlTreeBuilderTest_OE25Dev.java:[501,23] method dropsDuplicateAttributes() is already defined in class org.jsoup.parser.XmlTreeBuilderTest_OE25Dev
[ERROR] /home/tasfia/Desktop/OE25-DEV/projects_decomposed/jsoup/src/test/java/org/jsoup/parser/XmlTreeBuilderTest_OE25Dev.java:[510,23] method xmlParserEnablesXmlOutputAndEscapes() is already defined in class org.jsoup.parser.XmlTreeBuilderTest_OE25Dev
[ERROR] /home/tasfia/Desktop/OE25-DEV/projects_decomposed/jsoup/src/test/java/org/jsoup/parser/XmlTreeBuilderTest_OE25Dev.java:[517,23] method xmlParserEnablesXmlOutputAndEscapes() is already defined in class org.jsoup.parser.XmlTreeBuilderTest_OE25Dev
[ERROR] /home/tasfia/Desktop/OE25-DEV/projects_decomposed/jsoup/src/test/java/org/jsoup/parser/XmlTreeBuilderTest_OE25Dev.java:[525,23] method xmlParserEnablesXmlOutputAndEscapes() is already defined in class org.jsoup.parser.XmlTreeBuilderTest_OE25Dev
[ERROR] /home/tasfia/Desktop/OE25-DEV/projects_decomposed/jsoup/src/test/java/org/jsoup/parser/XmlTreeBuilderTest_OE25Dev.java:[534,16] method xmlOutputCorrectsInvalidAttributeNames() is already defined in class org.jsoup.parser.XmlTreeBuilderTest_OE25Dev
[ERROR] /home/tasfia/Desktop/OE25-DEV/projects_decomposed/jsoup/src/test/java/org/jsoup/parser/XmlTreeBuilderTest_OE25Dev.java:[540,16] method xmlOutputCorrectsInvalidAttributeNames() is already defined in class org.jsoup.parser.XmlTreeBuilderTest_OE25Dev
[ERROR] /home/tasfia/Desktop/OE25-DEV/projects_decomposed/jsoup/src/test/java/org/jsoup/nodes/NodeTest_OE25Dev.java:[391,23] method handlesBaseUri() is already defined in class org.jsoup.nodes.NodeTest_OE25Dev
[ERROR] /home/tasfia/Desktop/OE25-DEV/projects_decomposed/jsoup/src/test/java/org/jsoup/nodes/NodeTest_OE25Dev.java:[401,23] method handlesBaseUri() is already defined in class org.jsoup.nodes.NodeTest_OE25Dev
[ERROR] -> [Help 1]
[ERROR] 
[ERROR] To see the full stack trace of the errors, re-run Maven with the -e switch.
[ERROR] Re-run Maven using the -X switch to enable full debug logging.
[ERROR] 
[ERROR] For more information about the errors and possible solutions, please read the following articles:
[ERROR] [Help 1] http://cwiki.apache.org/confluence/display/MAVEN/MojoFailureException
