[INFO] Scanning for projects...
[INFO] 
[INFO] --------------------------< org.jsoup:jsoup >---------------------------
[INFO] Building jsoup Java HTML Parser 1.15.3
[INFO] --------------------------------[ jar ]---------------------------------
[INFO] 
[INFO] --- maven-resources-plugin:3.3.0:resources (default-resources) @ jsoup ---
[INFO] Copying 3 resources to META-INF/
[INFO] 
[INFO] --- maven-compiler-plugin:3.10.1:compile (default-compile) @ jsoup ---
[INFO] Compiling 75 source files to /home/tasfia/Desktop/OE25-DEV/projects_decomposed/jsoup/target/classes
[INFO] 
[INFO] --- animal-sniffer-maven-plugin:1.21:check (animal-sniffer) @ jsoup ---
[INFO] Signature version is: null
[INFO] 
[INFO] --- maven-bundle-plugin:5.1.8:manifest (bundle-manifest) @ jsoup ---
[INFO] No MANIFEST.MF file found, generating manifest.
[INFO] Writing manifest: /home/tasfia/Desktop/OE25-DEV/projects_decomposed/jsoup/target/classes/META-INF/MANIFEST.MF
[INFO] 
[INFO] --- maven-resources-plugin:3.3.0:testResources (default-testResources) @ jsoup ---
[INFO] Copying 70 resources
[INFO] 
[INFO] --- maven-compiler-plugin:3.10.1:testCompile (default-testCompile) @ jsoup ---
[INFO] Compiling 102 source files to /home/tasfia/Desktop/OE25-DEV/projects_decomposed/jsoup/target/test-classes
[INFO] -------------------------------------------------------------
[ERROR] COMPILATION ERROR : 
[INFO] -------------------------------------------------------------
[ERROR] /home/tasfia/Desktop/OE25-DEV/projects_decomposed/jsoup/src/test/java/org/jsoup/integration/SafelistExtensionTest_OE25Dev.java:[50,23] method canCustomizeSafeTests() is already defined in class org.jsoup.integration.SafelistExtensionTest_OE25Dev
[ERROR] /home/tasfia/Desktop/OE25-DEV/projects_decomposed/jsoup/src/test/java/org/jsoup/integration/SafelistExtensionTest_OE25Dev.java:[62,23] method canCustomizeSafeTests() is already defined in class org.jsoup.integration.SafelistExtensionTest_OE25Dev
[ERROR] /home/tasfia/Desktop/OE25-DEV/projects_decomposed/jsoup/src/test/java/org/jsoup/internal/StringUtilTest_OE25Dev.java:[170,23] method padding() is already defined in class org.jsoup.internal.StringUtilTest_OE25Dev
[ERROR] /home/tasfia/Desktop/OE25-DEV/projects_decomposed/jsoup/src/test/java/org/jsoup/internal/StringUtilTest_OE25Dev.java:[174,23] method padding() is already defined in class org.jsoup.internal.StringUtilTest_OE25Dev
[ERROR] /home/tasfia/Desktop/OE25-DEV/projects_decomposed/jsoup/src/test/java/org/jsoup/internal/StringUtilTest_OE25Dev.java:[179,23] method padding() is already defined in class org.jsoup.internal.StringUtilTest_OE25Dev
[ERROR] /home/tasfia/Desktop/OE25-DEV/projects_decomposed/jsoup/src/test/java/org/jsoup/internal/StringUtilTest_OE25Dev.java:[185,23] method padding() is already defined in class org.jsoup.internal.StringUtilTest_OE25Dev
[ERROR] /home/tasfia/Desktop/OE25-DEV/projects_decomposed/jsoup/src/test/java/org/jsoup/internal/StringUtilTest_OE25Dev.java:[192,23] method padding() is already defined in class org.jsoup.internal.StringUtilTest_OE25Dev
[ERROR] /home/tasfia/Desktop/OE25-DEV/projects_decomposed/jsoup/src/test/java/org/jsoup/internal/StringUtilTest_OE25Dev.java:[200,23] method padding() is already defined in class org.jsoup.internal.StringUtilTest_OE25Dev
[ERROR] /home/tasfia/Desktop/OE25-DEV/projects_decomposed/jsoup/src/test/java/org/jsoup/internal/StringUtilTest_OE25Dev.java:[211,23] method padding() is already defined in class org.jsoup.internal.StringUtilTest_OE25Dev
[ERROR] /home/tasfia/Desktop/OE25-DEV/projects_decomposed/jsoup/src/test/java/org/jsoup/internal/StringUtilTest_OE25Dev.java:[223,23] method padding() is already defined in class org.jsoup.internal.StringUtilTest_OE25Dev
[ERROR] /home/tasfia/Desktop/OE25-DEV/projects_decomposed/jsoup/src/test/java/org/jsoup/internal/StringUtilTest_OE25Dev.java:[238,23] method padding() is already defined in class org.jsoup.internal.StringUtilTest_OE25Dev
[ERROR] /home/tasfia/Desktop/OE25-DEV/projects_decomposed/jsoup/src/test/java/org/jsoup/internal/StringUtilTest_OE25Dev.java:[256,23] method padding() is already defined in class org.jsoup.internal.StringUtilTest_OE25Dev
[ERROR] /home/tasfia/Desktop/OE25-DEV/projects_decomposed/jsoup/src/test/java/org/jsoup/internal/StringUtilTest_OE25Dev.java:[275,23] method padding() is already defined in class org.jsoup.internal.StringUtilTest_OE25Dev
[ERROR] /home/tasfia/Desktop/OE25-DEV/projects_decomposed/jsoup/src/test/java/org/jsoup/internal/StringUtilTest_OE25Dev.java:[297,23] method padding() is already defined in class org.jsoup.internal.StringUtilTest_OE25Dev
[ERROR] /home/tasfia/Desktop/OE25-DEV/projects_decomposed/jsoup/src/test/java/org/jsoup/internal/StringUtilTest_OE25Dev.java:[322,23] method padding() is already defined in class org.jsoup.internal.StringUtilTest_OE25Dev
[ERROR] /home/tasfia/Desktop/OE25-DEV/projects_decomposed/jsoup/src/test/java/org/jsoup/internal/StringUtilTest_OE25Dev.java:[350,23] method padding() is already defined in class org.jsoup.internal.StringUtilTest_OE25Dev
[ERROR] /home/tasfia/Desktop/OE25-DEV/projects_decomposed/jsoup/src/test/java/org/jsoup/internal/StringUtilTest_OE25Dev.java:[379,23] method padding() is already defined in class org.jsoup.internal.StringUtilTest_OE25Dev
[ERROR] /home/tasfia/Desktop/OE25-DEV/projects_decomposed/jsoup/src/test/java/org/jsoup/internal/StringUtilTest_OE25Dev.java:[409,23] method padding() is already defined in class org.jsoup.internal.StringUtilTest_OE25Dev
[ERROR] /home/tasfia/Desktop/OE25-DEV/projects_decomposed/jsoup/src/test/java/org/jsoup/internal/StringUtilTest_OE25Dev.java:[440,23] method padding() is already defined in class org.jsoup.internal.StringUtilTest_OE25Dev
[ERROR] /home/tasfia/Desktop/OE25-DEV/projects_decomposed/jsoup/src/test/java/org/jsoup/internal/StringUtilTest_OE25Dev.java:[472,23] method padding() is already defined in class org.jsoup.internal.StringUtilTest_OE25Dev
[ERROR] /home/tasfia/Desktop/OE25-DEV/projects_decomposed/jsoup/src/test/java/org/jsoup/internal/StringUtilTest_OE25Dev.java:[507,23] method paddingInACan() is already defined in class org.jsoup.internal.StringUtilTest_OE25Dev
[ERROR] /home/tasfia/Desktop/OE25-DEV/projects_decomposed/jsoup/src/test/java/org/jsoup/internal/StringUtilTest_OE25Dev.java:[512,23] method paddingInACan() is already defined in class org.jsoup.internal.StringUtilTest_OE25Dev
[ERROR] /home/tasfia/Desktop/OE25-DEV/projects_decomposed/jsoup/src/test/java/org/jsoup/internal/StringUtilTest_OE25Dev.java:[520,23] method isBlank() is already defined in class org.jsoup.internal.StringUtilTest_OE25Dev
[ERROR] /home/tasfia/Desktop/OE25-DEV/projects_decomposed/jsoup/src/test/java/org/jsoup/internal/StringUtilTest_OE25Dev.java:[524,23] method isBlank() is already defined in class org.jsoup.internal.StringUtilTest_OE25Dev
[ERROR] /home/tasfia/Desktop/OE25-DEV/projects_decomposed/jsoup/src/test/java/org/jsoup/internal/StringUtilTest_OE25Dev.java:[529,23] method isBlank() is already defined in class org.jsoup.internal.StringUtilTest_OE25Dev
[ERROR] /home/tasfia/Desktop/OE25-DEV/projects_decomposed/jsoup/src/test/java/org/jsoup/internal/StringUtilTest_OE25Dev.java:[535,23] method isBlank() is already defined in class org.jsoup.internal.StringUtilTest_OE25Dev
[ERROR] /home/tasfia/Desktop/OE25-DEV/projects_decomposed/jsoup/src/test/java/org/jsoup/internal/StringUtilTest_OE25Dev.java:[542,23] method isBlank() is already defined in class org.jsoup.internal.StringUtilTest_OE25Dev
[ERROR] /home/tasfia/Desktop/OE25-DEV/projects_decomposed/jsoup/src/test/java/org/jsoup/internal/StringUtilTest_OE25Dev.java:[551,23] method isBlank() is already defined in class org.jsoup.internal.StringUtilTest_OE25Dev
[ERROR] /home/tasfia/Desktop/OE25-DEV/projects_decomposed/jsoup/src/test/java/org/jsoup/internal/StringUtilTest_OE25Dev.java:[561,23] method isNumeric() is already defined in class org.jsoup.internal.StringUtilTest_OE25Dev
[ERROR] /home/tasfia/Desktop/OE25-DEV/projects_decomposed/jsoup/src/test/java/org/jsoup/internal/StringUtilTest_OE25Dev.java:[565,23] method isNumeric() is already defined in class org.jsoup.internal.StringUtilTest_OE25Dev
[ERROR] /home/tasfia/Desktop/OE25-DEV/projects_decomposed/jsoup/src/test/java/org/jsoup/internal/StringUtilTest_OE25Dev.java:[570,23] method isNumeric() is already defined in class org.jsoup.internal.StringUtilTest_OE25Dev
[ERROR] /home/tasfia/Desktop/OE25-DEV/projects_decomposed/jsoup/src/test/java/org/jsoup/internal/StringUtilTest_OE25Dev.java:[576,23] method isNumeric() is already defined in class org.jsoup.internal.StringUtilTest_OE25Dev
[ERROR] /home/tasfia/Desktop/OE25-DEV/projects_decomposed/jsoup/src/test/java/org/jsoup/internal/StringUtilTest_OE25Dev.java:[583,23] method isNumeric() is already defined in class org.jsoup.internal.StringUtilTest_OE25Dev
[ERROR] /home/tasfia/Desktop/OE25-DEV/projects_decomposed/jsoup/src/test/java/org/jsoup/internal/StringUtilTest_OE25Dev.java:[591,23] method isNumeric() is already defined in class org.jsoup.internal.StringUtilTest_OE25Dev
[ERROR] /home/tasfia/Desktop/OE25-DEV/projects_decomposed/jsoup/src/test/java/org/jsoup/internal/StringUtilTest_OE25Dev.java:[601,23] method isNumeric() is already defined in class org.jsoup.internal.StringUtilTest_OE25Dev
[ERROR] /home/tasfia/Desktop/OE25-DEV/projects_decomposed/jsoup/src/test/java/org/jsoup/internal/StringUtilTest_OE25Dev.java:[612,23] method isWhitespace() is already defined in class org.jsoup.internal.StringUtilTest_OE25Dev
[ERROR] /home/tasfia/Desktop/OE25-DEV/projects_decomposed/jsoup/src/test/java/org/jsoup/internal/StringUtilTest_OE25Dev.java:[616,23] method isWhitespace() is already defined in class org.jsoup.internal.StringUtilTest_OE25Dev
[ERROR] /home/tasfia/Desktop/OE25-DEV/projects_decomposed/jsoup/src/test/java/org/jsoup/internal/StringUtilTest_OE25Dev.java:[621,23] method isWhitespace() is already defined in class org.jsoup.internal.StringUtilTest_OE25Dev
[ERROR] /home/tasfia/Desktop/OE25-DEV/projects_decomposed/jsoup/src/test/java/org/jsoup/internal/StringUtilTest_OE25Dev.java:[627,23] method isWhitespace() is already defined in class org.jsoup.internal.StringUtilTest_OE25Dev
[ERROR] /home/tasfia/Desktop/OE25-DEV/projects_decomposed/jsoup/src/test/java/org/jsoup/internal/StringUtilTest_OE25Dev.java:[634,23] method isWhitespace() is already defined in class org.jsoup.internal.StringUtilTest_OE25Dev
[ERROR] /home/tasfia/Desktop/OE25-DEV/projects_decomposed/jsoup/src/test/java/org/jsoup/internal/StringUtilTest_OE25Dev.java:[642,23] method isWhitespace() is already defined in class org.jsoup.internal.StringUtilTest_OE25Dev
[ERROR] /home/tasfia/Desktop/OE25-DEV/projects_decomposed/jsoup/src/test/java/org/jsoup/internal/StringUtilTest_OE25Dev.java:[652,23] method isWhitespace() is already defined in class org.jsoup.internal.StringUtilTest_OE25Dev
[ERROR] /home/tasfia/Desktop/OE25-DEV/projects_decomposed/jsoup/src/test/java/org/jsoup/internal/StringUtilTest_OE25Dev.java:[663,23] method isWhitespace() is already defined in class org.jsoup.internal.StringUtilTest_OE25Dev
[ERROR] /home/tasfia/Desktop/OE25-DEV/projects_decomposed/jsoup/src/test/java/org/jsoup/internal/StringUtilTest_OE25Dev.java:[675,23] method normaliseWhiteSpace() is already defined in class org.jsoup.internal.StringUtilTest_OE25Dev
[ERROR] /home/tasfia/Desktop/OE25-DEV/projects_decomposed/jsoup/src/test/java/org/jsoup/internal/StringUtilTest_OE25Dev.java:[679,23] method normaliseWhiteSpace() is already defined in class org.jsoup.internal.StringUtilTest_OE25Dev
[ERROR] /home/tasfia/Desktop/OE25-DEV/projects_decomposed/jsoup/src/test/java/org/jsoup/internal/StringUtilTest_OE25Dev.java:[684,23] method normaliseWhiteSpace() is already defined in class org.jsoup.internal.StringUtilTest_OE25Dev
[ERROR] /home/tasfia/Desktop/OE25-DEV/projects_decomposed/jsoup/src/test/java/org/jsoup/internal/StringUtilTest_OE25Dev.java:[690,23] method normaliseWhiteSpace() is already defined in class org.jsoup.internal.StringUtilTest_OE25Dev
[ERROR] /home/tasfia/Desktop/OE25-DEV/projects_decomposed/jsoup/src/test/java/org/jsoup/internal/StringUtilTest_OE25Dev.java:[697,23] method normaliseWhiteSpaceHandlesHighSurrogates() is already defined in class org.jsoup.internal.StringUtilTest_OE25Dev
[ERROR] /home/tasfia/Desktop/OE25-DEV/projects_decomposed/jsoup/src/test/java/org/jsoup/internal/StringUtilTest_OE25Dev.java:[704,23] method normaliseWhiteSpaceHandlesHighSurrogates() is already defined in class org.jsoup.internal.StringUtilTest_OE25Dev
[ERROR] /home/tasfia/Desktop/OE25-DEV/projects_decomposed/jsoup/src/test/java/org/jsoup/internal/StringUtilTest_OE25Dev.java:[713,23] method resolvesRelativeUrls() is already defined in class org.jsoup.internal.StringUtilTest_OE25Dev
[ERROR] /home/tasfia/Desktop/OE25-DEV/projects_decomposed/jsoup/src/test/java/org/jsoup/internal/StringUtilTest_OE25Dev.java:[717,23] method resolvesRelativeUrls() is already defined in class org.jsoup.internal.StringUtilTest_OE25Dev
[ERROR] /home/tasfia/Desktop/OE25-DEV/projects_decomposed/jsoup/src/test/java/org/jsoup/internal/StringUtilTest_OE25Dev.java:[722,23] method resolvesRelativeUrls() is already defined in class org.jsoup.internal.StringUtilTest_OE25Dev
[ERROR] /home/tasfia/Desktop/OE25-DEV/projects_decomposed/jsoup/src/test/java/org/jsoup/internal/StringUtilTest_OE25Dev.java:[728,23] method resolvesRelativeUrls() is already defined in class org.jsoup.internal.StringUtilTest_OE25Dev
[ERROR] /home/tasfia/Desktop/OE25-DEV/projects_decomposed/jsoup/src/test/java/org/jsoup/internal/StringUtilTest_OE25Dev.java:[735,23] method resolvesRelativeUrls() is already defined in class org.jsoup.internal.StringUtilTest_OE25Dev
[ERROR] /home/tasfia/Desktop/OE25-DEV/projects_decomposed/jsoup/src/test/java/org/jsoup/internal/StringUtilTest_OE25Dev.java:[743,23] method resolvesRelativeUrls() is already defined in class org.jsoup.internal.StringUtilTest_OE25Dev
[ERROR] /home/tasfia/Desktop/OE25-DEV/projects_decomposed/jsoup/src/test/java/org/jsoup/internal/StringUtilTest_OE25Dev.java:[752,23] method resolvesRelativeUrls() is already defined in class org.jsoup.internal.StringUtilTest_OE25Dev
[ERROR] /home/tasfia/Desktop/OE25-DEV/projects_decomposed/jsoup/src/test/java/org/jsoup/internal/StringUtilTest_OE25Dev.java:[762,23] method resolvesRelativeUrls() is already defined in class org.jsoup.internal.StringUtilTest_OE25Dev
[ERROR] /home/tasfia/Desktop/OE25-DEV/projects_decomposed/jsoup/src/test/java/org/jsoup/internal/StringUtilTest_OE25Dev.java:[773,23] method resolvesRelativeUrls() is already defined in class org.jsoup.internal.StringUtilTest_OE25Dev
[ERROR] /home/tasfia/Desktop/OE25-DEV/projects_decomposed/jsoup/src/test/java/org/jsoup/internal/StringUtilTest_OE25Dev.java:[785,23] method resolvesRelativeUrls() is already defined in class org.jsoup.internal.StringUtilTest_OE25Dev
[ERROR] /home/tasfia/Desktop/OE25-DEV/projects_decomposed/jsoup/src/test/java/org/jsoup/internal/StringUtilTest_OE25Dev.java:[798,23] method resolvesRelativeUrls() is already defined in class org.jsoup.internal.StringUtilTest_OE25Dev
[ERROR] /home/tasfia/Desktop/OE25-DEV/projects_decomposed/jsoup/src/test/java/org/jsoup/internal/StringUtilTest_OE25Dev.java:[812,23] method resolvesRelativeUrls() is already defined in class org.jsoup.internal.StringUtilTest_OE25Dev
[ERROR] /home/tasfia/Desktop/OE25-DEV/projects_decomposed/jsoup/src/test/java/org/jsoup/internal/StringUtilTest_OE25Dev.java:[827,23] method resolvesRelativeUrls() is already defined in class org.jsoup.internal.StringUtilTest_OE25Dev
[ERROR] /home/tasfia/Desktop/OE25-DEV/projects_decomposed/jsoup/src/test/java/org/jsoup/internal/StringUtilTest_OE25Dev.java:[843,23] method resolvesRelativeUrls() is already defined in class org.jsoup.internal.StringUtilTest_OE25Dev
[ERROR] /home/tasfia/Desktop/OE25-DEV/projects_decomposed/jsoup/src/test/java/org/jsoup/internal/StringUtilTest_OE25Dev.java:[860,23] method resolvesRelativeUrls() is already defined in class org.jsoup.internal.StringUtilTest_OE25Dev
[ERROR] /home/tasfia/Desktop/OE25-DEV/projects_decomposed/jsoup/src/test/java/org/jsoup/internal/StringUtilTest_OE25Dev.java:[879,23] method resolvesRelativeUrls() is already defined in class org.jsoup.internal.StringUtilTest_OE25Dev
[ERROR] /home/tasfia/Desktop/OE25-DEV/projects_decomposed/jsoup/src/test/java/org/jsoup/internal/StringUtilTest_OE25Dev.java:[899,23] method resolvesRelativeUrls() is already defined in class org.jsoup.internal.StringUtilTest_OE25Dev
[ERROR] /home/tasfia/Desktop/OE25-DEV/projects_decomposed/jsoup/src/test/java/org/jsoup/internal/StringUtilTest_OE25Dev.java:[920,23] method resolvesRelativeUrls() is already defined in class org.jsoup.internal.StringUtilTest_OE25Dev
[ERROR] /home/tasfia/Desktop/OE25-DEV/projects_decomposed/jsoup/src/test/java/org/jsoup/internal/StringUtilTest_OE25Dev.java:[942,23] method resolvesRelativeUrls() is already defined in class org.jsoup.internal.StringUtilTest_OE25Dev
[ERROR] /home/tasfia/Desktop/OE25-DEV/projects_decomposed/jsoup/src/test/java/org/jsoup/internal/StringUtilTest_OE25Dev.java:[965,23] method resolvesRelativeUrls() is already defined in class org.jsoup.internal.StringUtilTest_OE25Dev
[ERROR] /home/tasfia/Desktop/OE25-DEV/projects_decomposed/jsoup/src/test/java/org/jsoup/internal/StringUtilTest_OE25Dev.java:[989,23] method resolvesRelativeUrls() is already defined in class org.jsoup.internal.StringUtilTest_OE25Dev
[ERROR] /home/tasfia/Desktop/OE25-DEV/projects_decomposed/jsoup/src/test/java/org/jsoup/internal/StringUtilTest_OE25Dev.java:[1014,23] method resolvesRelativeUrls() is already defined in class org.jsoup.internal.StringUtilTest_OE25Dev
[ERROR] /home/tasfia/Desktop/OE25-DEV/projects_decomposed/jsoup/src/test/java/org/jsoup/internal/StringUtilTest_OE25Dev.java:[1040,23] method resolvesRelativeUrls() is already defined in class org.jsoup.internal.StringUtilTest_OE25Dev
[ERROR] /home/tasfia/Desktop/OE25-DEV/projects_decomposed/jsoup/src/test/java/org/jsoup/internal/StringUtilTest_OE25Dev.java:[1067,23] method resolvesRelativeUrls() is already defined in class org.jsoup.internal.StringUtilTest_OE25Dev
[ERROR] /home/tasfia/Desktop/OE25-DEV/projects_decomposed/jsoup/src/test/java/org/jsoup/internal/StringUtilTest_OE25Dev.java:[1095,23] method resolvesRelativeUrls() is already defined in class org.jsoup.internal.StringUtilTest_OE25Dev
[ERROR] /home/tasfia/Desktop/OE25-DEV/projects_decomposed/jsoup/src/test/java/org/jsoup/internal/StringUtilTest_OE25Dev.java:[1124,23] method resolvesRelativeUrls() is already defined in class org.jsoup.internal.StringUtilTest_OE25Dev
[ERROR] /home/tasfia/Desktop/OE25-DEV/projects_decomposed/jsoup/src/test/java/org/jsoup/internal/StringUtilTest_OE25Dev.java:[1154,23] method resolvesRelativeUrls() is already defined in class org.jsoup.internal.StringUtilTest_OE25Dev
[ERROR] /home/tasfia/Desktop/OE25-DEV/projects_decomposed/jsoup/src/test/java/org/jsoup/internal/StringUtilTest_OE25Dev.java:[1185,23] method resolvesRelativeUrls() is already defined in class org.jsoup.internal.StringUtilTest_OE25Dev
[ERROR] /home/tasfia/Desktop/OE25-DEV/projects_decomposed/jsoup/src/test/java/org/jsoup/internal/StringUtilTest_OE25Dev.java:[1217,23] method resolvesRelativeUrls() is already defined in class org.jsoup.internal.StringUtilTest_OE25Dev
[ERROR] /home/tasfia/Desktop/OE25-DEV/projects_decomposed/jsoup/src/test/java/org/jsoup/internal/StringUtilTest_OE25Dev.java:[1250,23] method resolvesRelativeUrls() is already defined in class org.jsoup.internal.StringUtilTest_OE25Dev
[ERROR] /home/tasfia/Desktop/OE25-DEV/projects_decomposed/jsoup/src/test/java/org/jsoup/internal/StringUtilTest_OE25Dev.java:[1284,23] method resolvesRelativeUrls() is already defined in class org.jsoup.internal.StringUtilTest_OE25Dev
[ERROR] /home/tasfia/Desktop/OE25-DEV/projects_decomposed/jsoup/src/test/java/org/jsoup/internal/StringUtilTest_OE25Dev.java:[1319,23] method resolvesRelativeUrls() is already defined in class org.jsoup.internal.StringUtilTest_OE25Dev
[ERROR] /home/tasfia/Desktop/OE25-DEV/projects_decomposed/jsoup/src/test/java/org/jsoup/internal/StringUtilTest_OE25Dev.java:[1355,16] method stripsControlCharsFromUrls() is already defined in class org.jsoup.internal.StringUtilTest_OE25Dev
[ERROR] /home/tasfia/Desktop/OE25-DEV/projects_decomposed/jsoup/src/test/java/org/jsoup/internal/StringUtilTest_OE25Dev.java:[1360,16] method allowsSpaceInUrl() is already defined in class org.jsoup.internal.StringUtilTest_OE25Dev
[ERROR] /home/tasfia/Desktop/OE25-DEV/projects_decomposed/jsoup/src/test/java/org/jsoup/helper/HttpConnectionTest_OE25Dev.java:[314,23] method canCreateEmptyConnection() is already defined in class org.jsoup.helper.HttpConnectionTest_OE25Dev
[ERROR] /home/tasfia/Desktop/OE25-DEV/projects_decomposed/jsoup/src/test/java/org/jsoup/helper/HttpConnectionTest_OE25Dev.java:[319,23] method canCreateEmptyConnection() is already defined in class org.jsoup.helper.HttpConnectionTest_OE25Dev
[ERROR] /home/tasfia/Desktop/OE25-DEV/projects_decomposed/jsoup/src/test/java/org/jsoup/helper/HttpConnectionTest_OE25Dev.java:[325,23] method throwsExceptionOnResponseWithoutExecute() is already defined in class org.jsoup.helper.HttpConnectionTest_OE25Dev
[ERROR] /home/tasfia/Desktop/OE25-DEV/projects_decomposed/jsoup/src/test/java/org/jsoup/helper/HttpConnectionTest_OE25Dev.java:[329,23] method throwsExceptionOnParseWithoutExecute() is already defined in class org.jsoup.helper.HttpConnectionTest_OE25Dev
[ERROR] /home/tasfia/Desktop/OE25-DEV/projects_decomposed/jsoup/src/test/java/org/jsoup/helper/HttpConnectionTest_OE25Dev.java:[333,23] method throwsExceptionOnBodyWithoutExecute() is already defined in class org.jsoup.helper.HttpConnectionTest_OE25Dev
[ERROR] /home/tasfia/Desktop/OE25-DEV/projects_decomposed/jsoup/src/test/java/org/jsoup/helper/HttpConnectionTest_OE25Dev.java:[337,23] method throwsExceptionOnBodyAsBytesWithoutExecute() is already defined in class org.jsoup.helper.HttpConnectionTest_OE25Dev
[ERROR] /home/tasfia/Desktop/OE25-DEV/projects_decomposed/jsoup/src/test/java/org/jsoup/helper/HttpConnectionTest_OE25Dev.java:[341,23] method headers() is already defined in class org.jsoup.helper.HttpConnectionTest_OE25Dev
[ERROR] /home/tasfia/Desktop/OE25-DEV/projects_decomposed/jsoup/src/test/java/org/jsoup/helper/HttpConnectionTest_OE25Dev.java:[351,23] method headers() is already defined in class org.jsoup.helper.HttpConnectionTest_OE25Dev
[ERROR] /home/tasfia/Desktop/OE25-DEV/projects_decomposed/jsoup/src/test/java/org/jsoup/helper/HttpConnectionTest_OE25Dev.java:[362,23] method headers() is already defined in class org.jsoup.helper.HttpConnectionTest_OE25Dev
[ERROR] /home/tasfia/Desktop/OE25-DEV/projects_decomposed/jsoup/src/test/java/org/jsoup/helper/HttpConnectionTest_OE25Dev.java:[374,23] method sameHeadersCombineWithComma() is already defined in class org.jsoup.helper.HttpConnectionTest_OE25Dev
[ERROR] /home/tasfia/Desktop/OE25-DEV/projects_decomposed/jsoup/src/test/java/org/jsoup/helper/HttpConnectionTest_OE25Dev.java:[385,23] method multipleHeaders() is already defined in class org.jsoup.helper.HttpConnectionTest_OE25Dev
[ERROR] /home/tasfia/Desktop/OE25-DEV/projects_decomposed/jsoup/src/test/java/org/jsoup/helper/HttpConnectionTest_OE25Dev.java:[394,23] method multipleHeaders() is already defined in class org.jsoup.helper.HttpConnectionTest_OE25Dev
[ERROR] /home/tasfia/Desktop/OE25-DEV/projects_decomposed/jsoup/src/test/java/org/jsoup/helper/HttpConnectionTest_OE25Dev.java:[404,23] method multipleHeaders() is already defined in class org.jsoup.helper.HttpConnectionTest_OE25Dev
[ERROR] /home/tasfia/Desktop/OE25-DEV/projects_decomposed/jsoup/src/test/java/org/jsoup/helper/HttpConnectionTest_OE25Dev.java:[415,23] method multipleHeaders() is already defined in class org.jsoup.helper.HttpConnectionTest_OE25Dev
[ERROR] /home/tasfia/Desktop/OE25-DEV/projects_decomposed/jsoup/src/test/java/org/jsoup/helper/HttpConnectionTest_OE25Dev.java:[427,23] method multipleHeaders() is already defined in class org.jsoup.helper.HttpConnectionTest_OE25Dev
[ERROR] /home/tasfia/Desktop/OE25-DEV/projects_decomposed/jsoup/src/test/java/org/jsoup/helper/HttpConnectionTest_OE25Dev.java:[440,23] method multipleHeaders() is already defined in class org.jsoup.helper.HttpConnectionTest_OE25Dev
[ERROR] /home/tasfia/Desktop/OE25-DEV/projects_decomposed/jsoup/src/test/java/org/jsoup/helper/HttpConnectionTest_OE25Dev.java:[456,23] method multipleHeaders() is already defined in class org.jsoup.helper.HttpConnectionTest_OE25Dev
[INFO] 100 errors 
[INFO] -------------------------------------------------------------
[INFO] ------------------------------------------------------------------------
[INFO] BUILD FAILURE
[INFO] ------------------------------------------------------------------------
[INFO] Total time:  4.806 s
[INFO] Finished at: 2026-01-26T16:30:00-06:00
[INFO] ------------------------------------------------------------------------
[ERROR] Failed to execute goal org.apache.maven.plugins:maven-compiler-plugin:3.10.1:testCompile (default-testCompile) on project jsoup: Compilation failure: Compilation failure: 
[ERROR] /home/tasfia/Desktop/OE25-DEV/projects_decomposed/jsoup/src/test/java/org/jsoup/integration/SafelistExtensionTest_OE25Dev.java:[50,23] method canCustomizeSafeTests() is already defined in class org.jsoup.integration.SafelistExtensionTest_OE25Dev
[ERROR] /home/tasfia/Desktop/OE25-DEV/projects_decomposed/jsoup/src/test/java/org/jsoup/integration/SafelistExtensionTest_OE25Dev.java:[62,23] method canCustomizeSafeTests() is already defined in class org.jsoup.integration.SafelistExtensionTest_OE25Dev
[ERROR] /home/tasfia/Desktop/OE25-DEV/projects_decomposed/jsoup/src/test/java/org/jsoup/internal/StringUtilTest_OE25Dev.java:[170,23] method padding() is already defined in class org.jsoup.internal.StringUtilTest_OE25Dev
[ERROR] /home/tasfia/Desktop/OE25-DEV/projects_decomposed/jsoup/src/test/java/org/jsoup/internal/StringUtilTest_OE25Dev.java:[174,23] method padding() is already defined in class org.jsoup.internal.StringUtilTest_OE25Dev
[ERROR] /home/tasfia/Desktop/OE25-DEV/projects_decomposed/jsoup/src/test/java/org/jsoup/internal/StringUtilTest_OE25Dev.java:[179,23] method padding() is already defined in class org.jsoup.internal.StringUtilTest_OE25Dev
[ERROR] /home/tasfia/Desktop/OE25-DEV/projects_decomposed/jsoup/src/test/java/org/jsoup/internal/StringUtilTest_OE25Dev.java:[185,23] method padding() is already defined in class org.jsoup.internal.StringUtilTest_OE25Dev
[ERROR] /home/tasfia/Desktop/OE25-DEV/projects_decomposed/jsoup/src/test/java/org/jsoup/internal/StringUtilTest_OE25Dev.java:[192,23] method padding() is already defined in class org.jsoup.internal.StringUtilTest_OE25Dev
[ERROR] /home/tasfia/Desktop/OE25-DEV/projects_decomposed/jsoup/src/test/java/org/jsoup/internal/StringUtilTest_OE25Dev.java:[200,23] method padding() is already defined in class org.jsoup.internal.StringUtilTest_OE25Dev
[ERROR] /home/tasfia/Desktop/OE25-DEV/projects_decomposed/jsoup/src/test/java/org/jsoup/internal/StringUtilTest_OE25Dev.java:[211,23] method padding() is already defined in class org.jsoup.internal.StringUtilTest_OE25Dev
[ERROR] /home/tasfia/Desktop/OE25-DEV/projects_decomposed/jsoup/src/test/java/org/jsoup/internal/StringUtilTest_OE25Dev.java:[223,23] method padding() is already defined in class org.jsoup.internal.StringUtilTest_OE25Dev
[ERROR] /home/tasfia/Desktop/OE25-DEV/projects_decomposed/jsoup/src/test/java/org/jsoup/internal/StringUtilTest_OE25Dev.java:[238,23] method padding() is already defined in class org.jsoup.internal.StringUtilTest_OE25Dev
[ERROR] /home/tasfia/Desktop/OE25-DEV/projects_decomposed/jsoup/src/test/java/org/jsoup/internal/StringUtilTest_OE25Dev.java:[256,23] method padding() is already defined in class org.jsoup.internal.StringUtilTest_OE25Dev
[ERROR] /home/tasfia/Desktop/OE25-DEV/projects_decomposed/jsoup/src/test/java/org/jsoup/internal/StringUtilTest_OE25Dev.java:[275,23] method padding() is already defined in class org.jsoup.internal.StringUtilTest_OE25Dev
[ERROR] /home/tasfia/Desktop/OE25-DEV/projects_decomposed/jsoup/src/test/java/org/jsoup/internal/StringUtilTest_OE25Dev.java:[297,23] method padding() is already defined in class org.jsoup.internal.StringUtilTest_OE25Dev
[ERROR] /home/tasfia/Desktop/OE25-DEV/projects_decomposed/jsoup/src/test/java/org/jsoup/internal/StringUtilTest_OE25Dev.java:[322,23] method padding() is already defined in class org.jsoup.internal.StringUtilTest_OE25Dev
[ERROR] /home/tasfia/Desktop/OE25-DEV/projects_decomposed/jsoup/src/test/java/org/jsoup/internal/StringUtilTest_OE25Dev.java:[350,23] method padding() is already defined in class org.jsoup.internal.StringUtilTest_OE25Dev
[ERROR] /home/tasfia/Desktop/OE25-DEV/projects_decomposed/jsoup/src/test/java/org/jsoup/internal/StringUtilTest_OE25Dev.java:[379,23] method padding() is already defined in class org.jsoup.internal.StringUtilTest_OE25Dev
[ERROR] /home/tasfia/Desktop/OE25-DEV/projects_decomposed/jsoup/src/test/java/org/jsoup/internal/StringUtilTest_OE25Dev.java:[409,23] method padding() is already defined in class org.jsoup.internal.StringUtilTest_OE25Dev
[ERROR] /home/tasfia/Desktop/OE25-DEV/projects_decomposed/jsoup/src/test/java/org/jsoup/internal/StringUtilTest_OE25Dev.java:[440,23] method padding() is already defined in class org.jsoup.internal.StringUtilTest_OE25Dev
[ERROR] /home/tasfia/Desktop/OE25-DEV/projects_decomposed/jsoup/src/test/java/org/jsoup/internal/StringUtilTest_OE25Dev.java:[472,23] method padding() is already defined in class org.jsoup.internal.StringUtilTest_OE25Dev
[ERROR] /home/tasfia/Desktop/OE25-DEV/projects_decomposed/jsoup/src/test/java/org/jsoup/internal/StringUtilTest_OE25Dev.java:[507,23] method paddingInACan() is already defined in class org.jsoup.internal.StringUtilTest_OE25Dev
[ERROR] /home/tasfia/Desktop/OE25-DEV/projects_decomposed/jsoup/src/test/java/org/jsoup/internal/StringUtilTest_OE25Dev.java:[512,23] method paddingInACan() is already defined in class org.jsoup.internal.StringUtilTest_OE25Dev
[ERROR] /home/tasfia/Desktop/OE25-DEV/projects_decomposed/jsoup/src/test/java/org/jsoup/internal/StringUtilTest_OE25Dev.java:[520,23] method isBlank() is already defined in class org.jsoup.internal.StringUtilTest_OE25Dev
[ERROR] /home/tasfia/Desktop/OE25-DEV/projects_decomposed/jsoup/src/test/java/org/jsoup/internal/StringUtilTest_OE25Dev.java:[524,23] method isBlank() is already defined in class org.jsoup.internal.StringUtilTest_OE25Dev
[ERROR] /home/tasfia/Desktop/OE25-DEV/projects_decomposed/jsoup/src/test/java/org/jsoup/internal/StringUtilTest_OE25Dev.java:[529,23] method isBlank() is already defined in class org.jsoup.internal.StringUtilTest_OE25Dev
[ERROR] /home/tasfia/Desktop/OE25-DEV/projects_decomposed/jsoup/src/test/java/org/jsoup/internal/StringUtilTest_OE25Dev.java:[535,23] method isBlank() is already defined in class org.jsoup.internal.StringUtilTest_OE25Dev
[ERROR] /home/tasfia/Desktop/OE25-DEV/projects_decomposed/jsoup/src/test/java/org/jsoup/internal/StringUtilTest_OE25Dev.java:[542,23] method isBlank() is already defined in class org.jsoup.internal.StringUtilTest_OE25Dev
[ERROR] /home/tasfia/Desktop/OE25-DEV/projects_decomposed/jsoup/src/test/java/org/jsoup/internal/StringUtilTest_OE25Dev.java:[551,23] method isBlank() is already defined in class org.jsoup.internal.StringUtilTest_OE25Dev
[ERROR] /home/tasfia/Desktop/OE25-DEV/projects_decomposed/jsoup/src/test/java/org/jsoup/internal/StringUtilTest_OE25Dev.java:[561,23] method isNumeric() is already defined in class org.jsoup.internal.StringUtilTest_OE25Dev
[ERROR] /home/tasfia/Desktop/OE25-DEV/projects_decomposed/jsoup/src/test/java/org/jsoup/internal/StringUtilTest_OE25Dev.java:[565,23] method isNumeric() is already defined in class org.jsoup.internal.StringUtilTest_OE25Dev
[ERROR] /home/tasfia/Desktop/OE25-DEV/projects_decomposed/jsoup/src/test/java/org/jsoup/internal/StringUtilTest_OE25Dev.java:[570,23] method isNumeric() is already defined in class org.jsoup.internal.StringUtilTest_OE25Dev
[ERROR] /home/tasfia/Desktop/OE25-DEV/projects_decomposed/jsoup/src/test/java/org/jsoup/internal/StringUtilTest_OE25Dev.java:[576,23] method isNumeric() is already defined in class org.jsoup.internal.StringUtilTest_OE25Dev
[ERROR] /home/tasfia/Desktop/OE25-DEV/projects_decomposed/jsoup/src/test/java/org/jsoup/internal/StringUtilTest_OE25Dev.java:[583,23] method isNumeric() is already defined in class org.jsoup.internal.StringUtilTest_OE25Dev
[ERROR] /home/tasfia/Desktop/OE25-DEV/projects_decomposed/jsoup/src/test/java/org/jsoup/internal/StringUtilTest_OE25Dev.java:[591,23] method isNumeric() is already defined in class org.jsoup.internal.StringUtilTest_OE25Dev
[ERROR] /home/tasfia/Desktop/OE25-DEV/projects_decomposed/jsoup/src/test/java/org/jsoup/internal/StringUtilTest_OE25Dev.java:[601,23] method isNumeric() is already defined in class org.jsoup.internal.StringUtilTest_OE25Dev
[ERROR] /home/tasfia/Desktop/OE25-DEV/projects_decomposed/jsoup/src/test/java/org/jsoup/internal/StringUtilTest_OE25Dev.java:[612,23] method isWhitespace() is already defined in class org.jsoup.internal.StringUtilTest_OE25Dev
[ERROR] /home/tasfia/Desktop/OE25-DEV/projects_decomposed/jsoup/src/test/java/org/jsoup/internal/StringUtilTest_OE25Dev.java:[616,23] method isWhitespace() is already defined in class org.jsoup.internal.StringUtilTest_OE25Dev
[ERROR] /home/tasfia/Desktop/OE25-DEV/projects_decomposed/jsoup/src/test/java/org/jsoup/internal/StringUtilTest_OE25Dev.java:[621,23] method isWhitespace() is already defined in class org.jsoup.internal.StringUtilTest_OE25Dev
[ERROR] /home/tasfia/Desktop/OE25-DEV/projects_decomposed/jsoup/src/test/java/org/jsoup/internal/StringUtilTest_OE25Dev.java:[627,23] method isWhitespace() is already defined in class org.jsoup.internal.StringUtilTest_OE25Dev
[ERROR] /home/tasfia/Desktop/OE25-DEV/projects_decomposed/jsoup/src/test/java/org/jsoup/internal/StringUtilTest_OE25Dev.java:[634,23] method isWhitespace() is already defined in class org.jsoup.internal.StringUtilTest_OE25Dev
[ERROR] /home/tasfia/Desktop/OE25-DEV/projects_decomposed/jsoup/src/test/java/org/jsoup/internal/StringUtilTest_OE25Dev.java:[642,23] method isWhitespace() is already defined in class org.jsoup.internal.StringUtilTest_OE25Dev
[ERROR] /home/tasfia/Desktop/OE25-DEV/projects_decomposed/jsoup/src/test/java/org/jsoup/internal/StringUtilTest_OE25Dev.java:[652,23] method isWhitespace() is already defined in class org.jsoup.internal.StringUtilTest_OE25Dev
[ERROR] /home/tasfia/Desktop/OE25-DEV/projects_decomposed/jsoup/src/test/java/org/jsoup/internal/StringUtilTest_OE25Dev.java:[663,23] method isWhitespace() is already defined in class org.jsoup.internal.StringUtilTest_OE25Dev
[ERROR] /home/tasfia/Desktop/OE25-DEV/projects_decomposed/jsoup/src/test/java/org/jsoup/internal/StringUtilTest_OE25Dev.java:[675,23] method normaliseWhiteSpace() is already defined in class org.jsoup.internal.StringUtilTest_OE25Dev
[ERROR] /home/tasfia/Desktop/OE25-DEV/projects_decomposed/jsoup/src/test/java/org/jsoup/internal/StringUtilTest_OE25Dev.java:[679,23] method normaliseWhiteSpace() is already defined in class org.jsoup.internal.StringUtilTest_OE25Dev
[ERROR] /home/tasfia/Desktop/OE25-DEV/projects_decomposed/jsoup/src/test/java/org/jsoup/internal/StringUtilTest_OE25Dev.java:[684,23] method normaliseWhiteSpace() is already defined in class org.jsoup.internal.StringUtilTest_OE25Dev
[ERROR] /home/tasfia/Desktop/OE25-DEV/projects_decomposed/jsoup/src/test/java/org/jsoup/internal/StringUtilTest_OE25Dev.java:[690,23] method normaliseWhiteSpace() is already defined in class org.jsoup.internal.StringUtilTest_OE25Dev
[ERROR] /home/tasfia/Desktop/OE25-DEV/projects_decomposed/jsoup/src/test/java/org/jsoup/internal/StringUtilTest_OE25Dev.java:[697,23] method normaliseWhiteSpaceHandlesHighSurrogates() is already defined in class org.jsoup.internal.StringUtilTest_OE25Dev
[ERROR] /home/tasfia/Desktop/OE25-DEV/projects_decomposed/jsoup/src/test/java/org/jsoup/internal/StringUtilTest_OE25Dev.java:[704,23] method normaliseWhiteSpaceHandlesHighSurrogates() is already defined in class org.jsoup.internal.StringUtilTest_OE25Dev
[ERROR] /home/tasfia/Desktop/OE25-DEV/projects_decomposed/jsoup/src/test/java/org/jsoup/internal/StringUtilTest_OE25Dev.java:[713,23] method resolvesRelativeUrls() is already defined in class org.jsoup.internal.StringUtilTest_OE25Dev
[ERROR] /home/tasfia/Desktop/OE25-DEV/projects_decomposed/jsoup/src/test/java/org/jsoup/internal/StringUtilTest_OE25Dev.java:[717,23] method resolvesRelativeUrls() is already defined in class org.jsoup.internal.StringUtilTest_OE25Dev
[ERROR] /home/tasfia/Desktop/OE25-DEV/projects_decomposed/jsoup/src/test/java/org/jsoup/internal/StringUtilTest_OE25Dev.java:[722,23] method resolvesRelativeUrls() is already defined in class org.jsoup.internal.StringUtilTest_OE25Dev
[ERROR] /home/tasfia/Desktop/OE25-DEV/projects_decomposed/jsoup/src/test/java/org/jsoup/internal/StringUtilTest_OE25Dev.java:[728,23] method resolvesRelativeUrls() is already defined in class org.jsoup.internal.StringUtilTest_OE25Dev
[ERROR] /home/tasfia/Desktop/OE25-DEV/projects_decomposed/jsoup/src/test/java/org/jsoup/internal/StringUtilTest_OE25Dev.java:[735,23] method resolvesRelativeUrls() is already defined in class org.jsoup.internal.StringUtilTest_OE25Dev
[ERROR] /home/tasfia/Desktop/OE25-DEV/projects_decomposed/jsoup/src/test/java/org/jsoup/internal/StringUtilTest_OE25Dev.java:[743,23] method resolvesRelativeUrls() is already defined in class org.jsoup.internal.StringUtilTest_OE25Dev
[ERROR] /home/tasfia/Desktop/OE25-DEV/projects_decomposed/jsoup/src/test/java/org/jsoup/internal/StringUtilTest_OE25Dev.java:[752,23] method resolvesRelativeUrls() is already defined in class org.jsoup.internal.StringUtilTest_OE25Dev
[ERROR] /home/tasfia/Desktop/OE25-DEV/projects_decomposed/jsoup/src/test/java/org/jsoup/internal/StringUtilTest_OE25Dev.java:[762,23] method resolvesRelativeUrls() is already defined in class org.jsoup.internal.StringUtilTest_OE25Dev
[ERROR] /home/tasfia/Desktop/OE25-DEV/projects_decomposed/jsoup/src/test/java/org/jsoup/internal/StringUtilTest_OE25Dev.java:[773,23] method resolvesRelativeUrls() is already defined in class org.jsoup.internal.StringUtilTest_OE25Dev
[ERROR] /home/tasfia/Desktop/OE25-DEV/projects_decomposed/jsoup/src/test/java/org/jsoup/internal/StringUtilTest_OE25Dev.java:[785,23] method resolvesRelativeUrls() is already defined in class org.jsoup.internal.StringUtilTest_OE25Dev
[ERROR] /home/tasfia/Desktop/OE25-DEV/projects_decomposed/jsoup/src/test/java/org/jsoup/internal/StringUtilTest_OE25Dev.java:[798,23] method resolvesRelativeUrls() is already defined in class org.jsoup.internal.StringUtilTest_OE25Dev
[ERROR] /home/tasfia/Desktop/OE25-DEV/projects_decomposed/jsoup/src/test/java/org/jsoup/internal/StringUtilTest_OE25Dev.java:[812,23] method resolvesRelativeUrls() is already defined in class org.jsoup.internal.StringUtilTest_OE25Dev
[ERROR] /home/tasfia/Desktop/OE25-DEV/projects_decomposed/jsoup/src/test/java/org/jsoup/internal/StringUtilTest_OE25Dev.java:[827,23] method resolvesRelativeUrls() is already defined in class org.jsoup.internal.StringUtilTest_OE25Dev
[ERROR] /home/tasfia/Desktop/OE25-DEV/projects_decomposed/jsoup/src/test/java/org/jsoup/internal/StringUtilTest_OE25Dev.java:[843,23] method resolvesRelativeUrls() is already defined in class org.jsoup.internal.StringUtilTest_OE25Dev
[ERROR] /home/tasfia/Desktop/OE25-DEV/projects_decomposed/jsoup/src/test/java/org/jsoup/internal/StringUtilTest_OE25Dev.java:[860,23] method resolvesRelativeUrls() is already defined in class org.jsoup.internal.StringUtilTest_OE25Dev
[ERROR] /home/tasfia/Desktop/OE25-DEV/projects_decomposed/jsoup/src/test/java/org/jsoup/internal/StringUtilTest_OE25Dev.java:[879,23] method resolvesRelativeUrls() is already defined in class org.jsoup.internal.StringUtilTest_OE25Dev
[ERROR] /home/tasfia/Desktop/OE25-DEV/projects_decomposed/jsoup/src/test/java/org/jsoup/internal/StringUtilTest_OE25Dev.java:[899,23] method resolvesRelativeUrls() is already defined in class org.jsoup.internal.StringUtilTest_OE25Dev
[ERROR] /home/tasfia/Desktop/OE25-DEV/projects_decomposed/jsoup/src/test/java/org/jsoup/internal/StringUtilTest_OE25Dev.java:[920,23] method resolvesRelativeUrls() is already defined in class org.jsoup.internal.StringUtilTest_OE25Dev
[ERROR] /home/tasfia/Desktop/OE25-DEV/projects_decomposed/jsoup/src/test/java/org/jsoup/internal/StringUtilTest_OE25Dev.java:[942,23] method resolvesRelativeUrls() is already defined in class org.jsoup.internal.StringUtilTest_OE25Dev
[ERROR] /home/tasfia/Desktop/OE25-DEV/projects_decomposed/jsoup/src/test/java/org/jsoup/internal/StringUtilTest_OE25Dev.java:[965,23] method resolvesRelativeUrls() is already defined in class org.jsoup.internal.StringUtilTest_OE25Dev
[ERROR] /home/tasfia/Desktop/OE25-DEV/projects_decomposed/jsoup/src/test/java/org/jsoup/internal/StringUtilTest_OE25Dev.java:[989,23] method resolvesRelativeUrls() is already defined in class org.jsoup.internal.StringUtilTest_OE25Dev
[ERROR] /home/tasfia/Desktop/OE25-DEV/projects_decomposed/jsoup/src/test/java/org/jsoup/internal/StringUtilTest_OE25Dev.java:[1014,23] method resolvesRelativeUrls() is already defined in class org.jsoup.internal.StringUtilTest_OE25Dev
[ERROR] /home/tasfia/Desktop/OE25-DEV/projects_decomposed/jsoup/src/test/java/org/jsoup/internal/StringUtilTest_OE25Dev.java:[1040,23] method resolvesRelativeUrls() is already defined in class org.jsoup.internal.StringUtilTest_OE25Dev
[ERROR] /home/tasfia/Desktop/OE25-DEV/projects_decomposed/jsoup/src/test/java/org/jsoup/internal/StringUtilTest_OE25Dev.java:[1067,23] method resolvesRelativeUrls() is already defined in class org.jsoup.internal.StringUtilTest_OE25Dev
[ERROR] /home/tasfia/Desktop/OE25-DEV/projects_decomposed/jsoup/src/test/java/org/jsoup/internal/StringUtilTest_OE25Dev.java:[1095,23] method resolvesRelativeUrls() is already defined in class org.jsoup.internal.StringUtilTest_OE25Dev
[ERROR] /home/tasfia/Desktop/OE25-DEV/projects_decomposed/jsoup/src/test/java/org/jsoup/internal/StringUtilTest_OE25Dev.java:[1124,23] method resolvesRelativeUrls() is already defined in class org.jsoup.internal.StringUtilTest_OE25Dev
[ERROR] /home/tasfia/Desktop/OE25-DEV/projects_decomposed/jsoup/src/test/java/org/jsoup/internal/StringUtilTest_OE25Dev.java:[1154,23] method resolvesRelativeUrls() is already defined in class org.jsoup.internal.StringUtilTest_OE25Dev
[ERROR] /home/tasfia/Desktop/OE25-DEV/projects_decomposed/jsoup/src/test/java/org/jsoup/internal/StringUtilTest_OE25Dev.java:[1185,23] method resolvesRelativeUrls() is already defined in class org.jsoup.internal.StringUtilTest_OE25Dev
[ERROR] /home/tasfia/Desktop/OE25-DEV/projects_decomposed/jsoup/src/test/java/org/jsoup/internal/StringUtilTest_OE25Dev.java:[1217,23] method resolvesRelativeUrls() is already defined in class org.jsoup.internal.StringUtilTest_OE25Dev
[ERROR] /home/tasfia/Desktop/OE25-DEV/projects_decomposed/jsoup/src/test/java/org/jsoup/internal/StringUtilTest_OE25Dev.java:[1250,23] method resolvesRelativeUrls() is already defined in class org.jsoup.internal.StringUtilTest_OE25Dev
[ERROR] /home/tasfia/Desktop/OE25-DEV/projects_decomposed/jsoup/src/test/java/org/jsoup/internal/StringUtilTest_OE25Dev.java:[1284,23] method resolvesRelativeUrls() is already defined in class org.jsoup.internal.StringUtilTest_OE25Dev
[ERROR] /home/tasfia/Desktop/OE25-DEV/projects_decomposed/jsoup/src/test/java/org/jsoup/internal/StringUtilTest_OE25Dev.java:[1319,23] method resolvesRelativeUrls() is already defined in class org.jsoup.internal.StringUtilTest_OE25Dev
[ERROR] /home/tasfia/Desktop/OE25-DEV/projects_decomposed/jsoup/src/test/java/org/jsoup/internal/StringUtilTest_OE25Dev.java:[1355,16] method stripsControlCharsFromUrls() is already defined in class org.jsoup.internal.StringUtilTest_OE25Dev
[ERROR] /home/tasfia/Desktop/OE25-DEV/projects_decomposed/jsoup/src/test/java/org/jsoup/internal/StringUtilTest_OE25Dev.java:[1360,16] method allowsSpaceInUrl() is already defined in class org.jsoup.internal.StringUtilTest_OE25Dev
[ERROR] /home/tasfia/Desktop/OE25-DEV/projects_decomposed/jsoup/src/test/java/org/jsoup/helper/HttpConnectionTest_OE25Dev.java:[314,23] method canCreateEmptyConnection() is already defined in class org.jsoup.helper.HttpConnectionTest_OE25Dev
[ERROR] /home/tasfia/Desktop/OE25-DEV/projects_decomposed/jsoup/src/test/java/org/jsoup/helper/HttpConnectionTest_OE25Dev.java:[319,23] method canCreateEmptyConnection() is already defined in class org.jsoup.helper.HttpConnectionTest_OE25Dev
[ERROR] /home/tasfia/Desktop/OE25-DEV/projects_decomposed/jsoup/src/test/java/org/jsoup/helper/HttpConnectionTest_OE25Dev.java:[325,23] method throwsExceptionOnResponseWithoutExecute() is already defined in class org.jsoup.helper.HttpConnectionTest_OE25Dev
[ERROR] /home/tasfia/Desktop/OE25-DEV/projects_decomposed/jsoup/src/test/java/org/jsoup/helper/HttpConnectionTest_OE25Dev.java:[329,23] method throwsExceptionOnParseWithoutExecute() is already defined in class org.jsoup.helper.HttpConnectionTest_OE25Dev
[ERROR] /home/tasfia/Desktop/OE25-DEV/projects_decomposed/jsoup/src/test/java/org/jsoup/helper/HttpConnectionTest_OE25Dev.java:[333,23] method throwsExceptionOnBodyWithoutExecute() is already defined in class org.jsoup.helper.HttpConnectionTest_OE25Dev
[ERROR] /home/tasfia/Desktop/OE25-DEV/projects_decomposed/jsoup/src/test/java/org/jsoup/helper/HttpConnectionTest_OE25Dev.java:[337,23] method throwsExceptionOnBodyAsBytesWithoutExecute() is already defined in class org.jsoup.helper.HttpConnectionTest_OE25Dev
[ERROR] /home/tasfia/Desktop/OE25-DEV/projects_decomposed/jsoup/src/test/java/org/jsoup/helper/HttpConnectionTest_OE25Dev.java:[341,23] method headers() is already defined in class org.jsoup.helper.HttpConnectionTest_OE25Dev
[ERROR] /home/tasfia/Desktop/OE25-DEV/projects_decomposed/jsoup/src/test/java/org/jsoup/helper/HttpConnectionTest_OE25Dev.java:[351,23] method headers() is already defined in class org.jsoup.helper.HttpConnectionTest_OE25Dev
[ERROR] /home/tasfia/Desktop/OE25-DEV/projects_decomposed/jsoup/src/test/java/org/jsoup/helper/HttpConnectionTest_OE25Dev.java:[362,23] method headers() is already defined in class org.jsoup.helper.HttpConnectionTest_OE25Dev
[ERROR] /home/tasfia/Desktop/OE25-DEV/projects_decomposed/jsoup/src/test/java/org/jsoup/helper/HttpConnectionTest_OE25Dev.java:[374,23] method sameHeadersCombineWithComma() is already defined in class org.jsoup.helper.HttpConnectionTest_OE25Dev
[ERROR] /home/tasfia/Desktop/OE25-DEV/projects_decomposed/jsoup/src/test/java/org/jsoup/helper/HttpConnectionTest_OE25Dev.java:[385,23] method multipleHeaders() is already defined in class org.jsoup.helper.HttpConnectionTest_OE25Dev
[ERROR] /home/tasfia/Desktop/OE25-DEV/projects_decomposed/jsoup/src/test/java/org/jsoup/helper/HttpConnectionTest_OE25Dev.java:[394,23] method multipleHeaders() is already defined in class org.jsoup.helper.HttpConnectionTest_OE25Dev
[ERROR] /home/tasfia/Desktop/OE25-DEV/projects_decomposed/jsoup/src/test/java/org/jsoup/helper/HttpConnectionTest_OE25Dev.java:[404,23] method multipleHeaders() is already defined in class org.jsoup.helper.HttpConnectionTest_OE25Dev
[ERROR] /home/tasfia/Desktop/OE25-DEV/projects_decomposed/jsoup/src/test/java/org/jsoup/helper/HttpConnectionTest_OE25Dev.java:[415,23] method multipleHeaders() is already defined in class org.jsoup.helper.HttpConnectionTest_OE25Dev
[ERROR] /home/tasfia/Desktop/OE25-DEV/projects_decomposed/jsoup/src/test/java/org/jsoup/helper/HttpConnectionTest_OE25Dev.java:[427,23] method multipleHeaders() is already defined in class org.jsoup.helper.HttpConnectionTest_OE25Dev
[ERROR] /home/tasfia/Desktop/OE25-DEV/projects_decomposed/jsoup/src/test/java/org/jsoup/helper/HttpConnectionTest_OE25Dev.java:[440,23] method multipleHeaders() is already defined in class org.jsoup.helper.HttpConnectionTest_OE25Dev
[ERROR] /home/tasfia/Desktop/OE25-DEV/projects_decomposed/jsoup/src/test/java/org/jsoup/helper/HttpConnectionTest_OE25Dev.java:[456,23] method multipleHeaders() is already defined in class org.jsoup.helper.HttpConnectionTest_OE25Dev
[ERROR] -> [Help 1]
[ERROR] 
[ERROR] To see the full stack trace of the errors, re-run Maven with the -e switch.
[ERROR] Re-run Maven using the -X switch to enable full debug logging.
[ERROR] 
[ERROR] For more information about the errors and possible solutions, please read the following articles:
[ERROR] [Help 1] http://cwiki.apache.org/confluence/display/MAVEN/MojoFailureException
