[INFO] Scanning for projects...
[INFO] 
[INFO] --------------------------< org.jsoup:jsoup >---------------------------
[INFO] Building jsoup Java HTML Parser 1.15.3
[INFO] --------------------------------[ jar ]---------------------------------
[INFO] 
[INFO] --- maven-resources-plugin:3.3.0:resources (default-resources) @ jsoup ---
[INFO] Copying 3 resources to META-INF/
[INFO] 
[INFO] --- maven-compiler-plugin:3.10.1:compile (default-compile) @ jsoup ---
[INFO] Compiling 75 source files to /home/tasfia/Desktop/OE25-DEV/projects_decomposed/jsoup/target/classes
[INFO] 
[INFO] --- animal-sniffer-maven-plugin:1.21:check (animal-sniffer) @ jsoup ---
[INFO] Signature version is: null
[INFO] 
[INFO] --- maven-bundle-plugin:5.1.8:manifest (bundle-manifest) @ jsoup ---
[INFO] No MANIFEST.MF file found, generating manifest.
[INFO] Writing manifest: /home/tasfia/Desktop/OE25-DEV/projects_decomposed/jsoup/target/classes/META-INF/MANIFEST.MF
[INFO] 
[INFO] --- maven-resources-plugin:3.3.0:testResources (default-testResources) @ jsoup ---
[INFO] Copying 70 resources
[INFO] 
[INFO] --- maven-compiler-plugin:3.10.1:testCompile (default-testCompile) @ jsoup ---
[INFO] Compiling 95 source files to /home/tasfia/Desktop/OE25-DEV/projects_decomposed/jsoup/target/test-classes
[INFO] -------------------------------------------------------------
[ERROR] COMPILATION ERROR : 
[INFO] -------------------------------------------------------------
[ERROR] /home/tasfia/Desktop/OE25-DEV/projects_decomposed/jsoup/src/test/java/org/jsoup/integration/ParseTest_OE25Dev.java:[566,23] method testWikiExpandedFromString() is already defined in class org.jsoup.integration.ParseTest_OE25Dev
[ERROR] /home/tasfia/Desktop/OE25-DEV/projects_decomposed/jsoup/src/test/java/org/jsoup/integration/ParseTest_OE25Dev.java:[573,23] method testWikiExpandedFromString() is already defined in class org.jsoup.integration.ParseTest_OE25Dev
[ERROR] /home/tasfia/Desktop/OE25-DEV/projects_decomposed/jsoup/src/test/java/org/jsoup/integration/ParseTest_OE25Dev.java:[582,23] method testWikiFromString() is already defined in class org.jsoup.integration.ParseTest_OE25Dev
[ERROR] /home/tasfia/Desktop/OE25-DEV/projects_decomposed/jsoup/src/test/java/org/jsoup/integration/ParseTest_OE25Dev.java:[589,23] method testWikiFromString() is already defined in class org.jsoup.integration.ParseTest_OE25Dev
[ERROR] /home/tasfia/Desktop/OE25-DEV/projects_decomposed/jsoup/src/test/java/org/jsoup/integration/ParseTest_OE25Dev.java:[598,23] method testFileParseNoCharsetMethod() is already defined in class org.jsoup.integration.ParseTest_OE25Dev
[ERROR] /home/tasfia/Desktop/OE25-DEV/projects_decomposed/jsoup/src/test/java/org/jsoup/select/XpathTest_OE25Dev.java:[275,23] method supportsXpathFromElement() is already defined in class org.jsoup.select.XpathTest_OE25Dev
[ERROR] /home/tasfia/Desktop/OE25-DEV/projects_decomposed/jsoup/src/test/java/org/jsoup/select/XpathTest_OE25Dev.java:[283,23] method supportsXpathFromElement() is already defined in class org.jsoup.select.XpathTest_OE25Dev
[ERROR] /home/tasfia/Desktop/OE25-DEV/projects_decomposed/jsoup/src/test/java/org/jsoup/select/XpathTest_OE25Dev.java:[293,23] method supportsXpathFromElement() is already defined in class org.jsoup.select.XpathTest_OE25Dev
[ERROR] /home/tasfia/Desktop/OE25-DEV/projects_decomposed/jsoup/src/test/java/org/jsoup/select/XpathTest_OE25Dev.java:[306,23] method supportsXpathFromElement() is already defined in class org.jsoup.select.XpathTest_OE25Dev
[ERROR] /home/tasfia/Desktop/OE25-DEV/projects_decomposed/jsoup/src/test/java/org/jsoup/select/XpathTest_OE25Dev.java:[320,23] method supportsXpathFromElement() is already defined in class org.jsoup.select.XpathTest_OE25Dev
[ERROR] /home/tasfia/Desktop/OE25-DEV/projects_decomposed/jsoup/src/test/java/org/jsoup/select/XpathTest_OE25Dev.java:[335,23] method supportsXpathFromElement() is already defined in class org.jsoup.select.XpathTest_OE25Dev
[ERROR] /home/tasfia/Desktop/OE25-DEV/projects_decomposed/jsoup/src/test/java/org/jsoup/select/XpathTest_OE25Dev.java:[352,23] method supportsXpathFromElement() is already defined in class org.jsoup.select.XpathTest_OE25Dev
[ERROR] /home/tasfia/Desktop/OE25-DEV/projects_decomposed/jsoup/src/test/java/org/jsoup/select/XpathTest_OE25Dev.java:[370,23] method emptyElementsIfNoResults() is already defined in class org.jsoup.select.XpathTest_OE25Dev
[ERROR] /home/tasfia/Desktop/OE25-DEV/projects_decomposed/jsoup/src/test/java/org/jsoup/nodes/AttributesTest_OE25Dev.java:[612,23] method testIteratorHasNext() is already defined in class org.jsoup.nodes.AttributesTest_OE25Dev
[ERROR] /home/tasfia/Desktop/OE25-DEV/projects_decomposed/jsoup/src/test/java/org/jsoup/nodes/AttributesTest_OE25Dev.java:[625,23] method testIteratorHasNext() is already defined in class org.jsoup.nodes.AttributesTest_OE25Dev
[ERROR] /home/tasfia/Desktop/OE25-DEV/projects_decomposed/jsoup/src/test/java/org/jsoup/nodes/AttributesTest_OE25Dev.java:[842,23] method htmlSkipsInternals() is already defined in class org.jsoup.nodes.AttributesTest_OE25Dev
[ERROR] /home/tasfia/Desktop/OE25-DEV/projects_decomposed/jsoup/src/test/java/org/jsoup/nodes/AttributesTest_OE25Dev.java:[1019,23] method testSizeWhenHasInternal() is already defined in class org.jsoup.nodes.AttributesTest_OE25Dev
[ERROR] /home/tasfia/Desktop/OE25-DEV/projects_decomposed/jsoup/src/test/java/org/jsoup/nodes/AttributesTest_OE25Dev.java:[1026,23] method testSizeWhenHasInternal() is already defined in class org.jsoup.nodes.AttributesTest_OE25Dev
[ERROR] /home/tasfia/Desktop/OE25-DEV/projects_decomposed/jsoup/src/test/java/org/jsoup/nodes/AttributesTest_OE25Dev.java:[1040,23] method testSizeWhenHasInternal() is already defined in class org.jsoup.nodes.AttributesTest_OE25Dev
[ERROR] /home/tasfia/Desktop/OE25-DEV/projects_decomposed/jsoup/src/test/java/org/jsoup/nodes/AttributesTest_OE25Dev.java:[1055,23] method testBooleans() is already defined in class org.jsoup.nodes.AttributesTest_OE25Dev
[ERROR] /home/tasfia/Desktop/OE25-DEV/projects_decomposed/jsoup/src/test/java/org/jsoup/nodes/AttributesTest_OE25Dev.java:[1062,23] method booleanNullAttributesConsistent() is already defined in class org.jsoup.nodes.AttributesTest_OE25Dev
[ERROR] /home/tasfia/Desktop/OE25-DEV/projects_decomposed/jsoup/src/test/java/org/jsoup/nodes/AttributesTest_OE25Dev.java:[1070,23] method booleanNullAttributesConsistent() is already defined in class org.jsoup.nodes.AttributesTest_OE25Dev
[ERROR] /home/tasfia/Desktop/OE25-DEV/projects_decomposed/jsoup/src/test/java/org/jsoup/nodes/AttributesTest_OE25Dev.java:[1079,23] method booleanEmptyString() is already defined in class org.jsoup.nodes.AttributesTest_OE25Dev
[ERROR] /home/tasfia/Desktop/OE25-DEV/projects_decomposed/jsoup/src/test/java/org/jsoup/nodes/AttributesTest_OE25Dev.java:[1087,23] method booleanEmptyString() is already defined in class org.jsoup.nodes.AttributesTest_OE25Dev
[ERROR] /home/tasfia/Desktop/OE25-DEV/projects_decomposed/jsoup/src/test/java/org/jsoup/nodes/AttributesTest_OE25Dev.java:[1096,23] method booleanCaseInsensitive() is already defined in class org.jsoup.nodes.AttributesTest_OE25Dev
[ERROR] /home/tasfia/Desktop/OE25-DEV/projects_decomposed/jsoup/src/test/java/org/jsoup/nodes/AttributesTest_OE25Dev.java:[1104,23] method booleanCaseInsensitive() is already defined in class org.jsoup.nodes.AttributesTest_OE25Dev
[ERROR] /home/tasfia/Desktop/OE25-DEV/projects_decomposed/jsoup/src/test/java/org/jsoup/nodes/AttributesTest_OE25Dev.java:[1113,23] method equalsIsOrderInsensitive() is already defined in class org.jsoup.nodes.AttributesTest_OE25Dev
[ERROR] /home/tasfia/Desktop/OE25-DEV/projects_decomposed/jsoup/src/test/java/org/jsoup/nodes/AttributesTest_OE25Dev.java:[1138,23] method equalsIsOrderInsensitive() is already defined in class org.jsoup.nodes.AttributesTest_OE25Dev
[ERROR] /home/tasfia/Desktop/OE25-DEV/projects_decomposed/jsoup/src/test/java/org/jsoup/nodes/AttributesTest_OE25Dev.java:[1164,23] method equalsIsOrderInsensitive() is already defined in class org.jsoup.nodes.AttributesTest_OE25Dev
[ERROR] /home/tasfia/Desktop/OE25-DEV/projects_decomposed/jsoup/src/test/java/org/jsoup/nodes/AttributesTest_OE25Dev.java:[1191,23] method equalsIsOrderInsensitive() is already defined in class org.jsoup.nodes.AttributesTest_OE25Dev
[ERROR] /home/tasfia/Desktop/OE25-DEV/projects_decomposed/jsoup/src/test/java/org/jsoup/nodes/AttributesTest_OE25Dev.java:[1219,23] method equalsIsOrderInsensitive() is already defined in class org.jsoup.nodes.AttributesTest_OE25Dev
[ERROR] /home/tasfia/Desktop/OE25-DEV/projects_decomposed/jsoup/src/test/java/org/jsoup/nodes/AttributesTest_OE25Dev.java:[1248,23] method equalsIsOrderInsensitive() is already defined in class org.jsoup.nodes.AttributesTest_OE25Dev
[ERROR] /home/tasfia/Desktop/OE25-DEV/projects_decomposed/jsoup/src/test/java/org/jsoup/nodes/AttributesTest_OE25Dev.java:[1278,23] method equalsIsOrderInsensitive() is already defined in class org.jsoup.nodes.AttributesTest_OE25Dev
[ERROR] /home/tasfia/Desktop/OE25-DEV/projects_decomposed/jsoup/src/test/java/org/jsoup/nodes/AttributesTest_OE25Dev.java:[1309,23] method equalsIsOrderInsensitive() is already defined in class org.jsoup.nodes.AttributesTest_OE25Dev
[ERROR] /home/tasfia/Desktop/OE25-DEV/projects_decomposed/jsoup/src/test/java/org/jsoup/nodes/AttributesTest_OE25Dev.java:[1341,23] method equalsIsOrderInsensitive() is already defined in class org.jsoup.nodes.AttributesTest_OE25Dev
[ERROR] /home/tasfia/Desktop/OE25-DEV/projects_decomposed/jsoup/src/test/java/org/jsoup/nodes/AttributesTest_OE25Dev.java:[1374,23] method equalsIsOrderInsensitive() is already defined in class org.jsoup.nodes.AttributesTest_OE25Dev
[ERROR] /home/tasfia/Desktop/OE25-DEV/projects_decomposed/jsoup/src/test/java/org/jsoup/nodes/AttributesTest_OE25Dev.java:[1408,16] method cloneAttributes() is already defined in class org.jsoup.nodes.AttributesTest_OE25Dev
[ERROR] /home/tasfia/Desktop/OE25-DEV/projects_decomposed/jsoup/src/test/java/org/jsoup/nodes/AttributesTest_OE25Dev.java:[1417,16] method cloneAttributes() is already defined in class org.jsoup.nodes.AttributesTest_OE25Dev
[ERROR] /home/tasfia/Desktop/OE25-DEV/projects_decomposed/jsoup/src/test/java/org/jsoup/nodes/AttributesTest_OE25Dev.java:[1427,16] method cloneAttributes() is already defined in class org.jsoup.nodes.AttributesTest_OE25Dev
[ERROR] /home/tasfia/Desktop/OE25-DEV/projects_decomposed/jsoup/src/test/java/org/jsoup/nodes/AttributesTest_OE25Dev.java:[1438,16] method cloneAttributes() is already defined in class org.jsoup.nodes.AttributesTest_OE25Dev
[ERROR] /home/tasfia/Desktop/OE25-DEV/projects_decomposed/jsoup/src/test/java/org/jsoup/nodes/AttributesTest_OE25Dev.java:[1452,16] method cloneAttributes() is already defined in class org.jsoup.nodes.AttributesTest_OE25Dev
[ERROR] /home/tasfia/Desktop/OE25-DEV/projects_decomposed/jsoup/src/test/java/org/jsoup/nodes/AttributesTest_OE25Dev.java:[1467,16] method cloneAttributes() is already defined in class org.jsoup.nodes.AttributesTest_OE25Dev
[ERROR] /home/tasfia/Desktop/OE25-DEV/projects_decomposed/jsoup/src/test/java/org/jsoup/helper/ValidateTest_OE25Dev.java:[48,16] method stacktraceFiltersOutValidateClass() is already defined in class org.jsoup.helper.ValidateTest_OE25Dev
[ERROR] /home/tasfia/Desktop/OE25-DEV/projects_decomposed/jsoup/src/test/java/org/jsoup/helper/ValidateTest_OE25Dev.java:[58,16] method stacktraceFiltersOutValidateClass() is already defined in class org.jsoup.helper.ValidateTest_OE25Dev
[ERROR] /home/tasfia/Desktop/OE25-DEV/projects_decomposed/jsoup/src/test/java/org/jsoup/helper/ValidateTest_OE25Dev.java:[72,16] method stacktraceFiltersOutValidateClass() is already defined in class org.jsoup.helper.ValidateTest_OE25Dev
[ERROR] /home/tasfia/Desktop/OE25-DEV/projects_decomposed/jsoup/src/test/java/org/jsoup/helper/ValidateTest_OE25Dev.java:[87,16] method stacktraceFiltersOutValidateClass() is already defined in class org.jsoup.helper.ValidateTest_OE25Dev
[ERROR] /home/tasfia/Desktop/OE25-DEV/projects_decomposed/jsoup/src/test/java/org/jsoup/helper/ValidateTest_OE25Dev.java:[103,16] method nonnullParam() is already defined in class org.jsoup.helper.ValidateTest_OE25Dev
[ERROR] /home/tasfia/Desktop/OE25-DEV/projects_decomposed/jsoup/src/test/java/org/jsoup/helper/ValidateTest_OE25Dev.java:[112,16] method nonnullParam() is already defined in class org.jsoup.helper.ValidateTest_OE25Dev
[ERROR] /home/tasfia/Desktop/OE25-DEV/projects_decomposed/jsoup/src/test/java/org/jsoup/nodes/DocumentTypeTest_OE25Dev.java:[75,23] method outerHtmlGeneration() is already defined in class org.jsoup.nodes.DocumentTypeTest_OE25Dev
[ERROR] /home/tasfia/Desktop/OE25-DEV/projects_decomposed/jsoup/src/test/java/org/jsoup/nodes/DocumentTypeTest_OE25Dev.java:[80,23] method outerHtmlGeneration() is already defined in class org.jsoup.nodes.DocumentTypeTest_OE25Dev
[ERROR] /home/tasfia/Desktop/OE25-DEV/projects_decomposed/jsoup/src/test/java/org/jsoup/nodes/DocumentTypeTest_OE25Dev.java:[88,23] method outerHtmlGeneration() is already defined in class org.jsoup.nodes.DocumentTypeTest_OE25Dev
[ERROR] /home/tasfia/Desktop/OE25-DEV/projects_decomposed/jsoup/src/test/java/org/jsoup/nodes/DocumentTypeTest_OE25Dev.java:[99,23] method outerHtmlGeneration() is already defined in class org.jsoup.nodes.DocumentTypeTest_OE25Dev
[ERROR] /home/tasfia/Desktop/OE25-DEV/projects_decomposed/jsoup/src/test/java/org/jsoup/nodes/DocumentTypeTest_OE25Dev.java:[113,23] method outerHtmlGeneration() is already defined in class org.jsoup.nodes.DocumentTypeTest_OE25Dev
[ERROR] /home/tasfia/Desktop/OE25-DEV/projects_decomposed/jsoup/src/test/java/org/jsoup/nodes/DocumentTypeTest_OE25Dev.java:[128,23] method outerHtmlGeneration() is already defined in class org.jsoup.nodes.DocumentTypeTest_OE25Dev
[ERROR] /home/tasfia/Desktop/OE25-DEV/projects_decomposed/jsoup/src/test/java/org/jsoup/nodes/DocumentTypeTest_OE25Dev.java:[144,23] method outerHtmlGeneration() is already defined in class org.jsoup.nodes.DocumentTypeTest_OE25Dev
[ERROR] /home/tasfia/Desktop/OE25-DEV/projects_decomposed/jsoup/src/test/java/org/jsoup/nodes/DocumentTypeTest_OE25Dev.java:[161,23] method testRoundTrip() is already defined in class org.jsoup.nodes.DocumentTypeTest_OE25Dev
[ERROR] /home/tasfia/Desktop/OE25-DEV/projects_decomposed/jsoup/src/test/java/org/jsoup/nodes/DocumentTypeTest_OE25Dev.java:[166,23] method testRoundTrip() is already defined in class org.jsoup.nodes.DocumentTypeTest_OE25Dev
[ERROR] /home/tasfia/Desktop/OE25-DEV/projects_decomposed/jsoup/src/test/java/org/jsoup/nodes/DocumentTypeTest_OE25Dev.java:[172,23] method testRoundTrip() is already defined in class org.jsoup.nodes.DocumentTypeTest_OE25Dev
[ERROR] /home/tasfia/Desktop/OE25-DEV/projects_decomposed/jsoup/src/test/java/org/jsoup/nodes/DocumentTypeTest_OE25Dev.java:[181,23] method testRoundTrip() is already defined in class org.jsoup.nodes.DocumentTypeTest_OE25Dev
[ERROR] /home/tasfia/Desktop/OE25-DEV/projects_decomposed/jsoup/src/test/java/org/jsoup/nodes/DocumentTypeTest_OE25Dev.java:[191,23] method testRoundTrip() is already defined in class org.jsoup.nodes.DocumentTypeTest_OE25Dev
[ERROR] /home/tasfia/Desktop/OE25-DEV/projects_decomposed/jsoup/src/test/java/org/jsoup/nodes/DocumentTypeTest_OE25Dev.java:[204,23] method testRoundTrip() is already defined in class org.jsoup.nodes.DocumentTypeTest_OE25Dev
[ERROR] /home/tasfia/Desktop/OE25-DEV/projects_decomposed/jsoup/src/test/java/org/jsoup/nodes/DocumentTypeTest_OE25Dev.java:[218,23] method testRoundTrip() is already defined in class org.jsoup.nodes.DocumentTypeTest_OE25Dev
[ERROR] /home/tasfia/Desktop/OE25-DEV/projects_decomposed/jsoup/src/test/java/org/jsoup/nodes/DocumentTypeTest_OE25Dev.java:[235,23] method testRoundTrip() is already defined in class org.jsoup.nodes.DocumentTypeTest_OE25Dev
[ERROR] /home/tasfia/Desktop/OE25-DEV/projects_decomposed/jsoup/src/test/java/org/jsoup/parser/TokeniserStateTest_OE25Dev.java:[320,23] method handlesLessInTagThanAsNewTag() is already defined in class org.jsoup.parser.TokeniserStateTest_OE25Dev
[ERROR] /home/tasfia/Desktop/OE25-DEV/projects_decomposed/jsoup/src/test/java/org/jsoup/nodes/AttributeTest_OE25Dev.java:[100,23] method testWithSupplementaryCharacterInAttributeKeyAndValue() is already defined in class org.jsoup.nodes.AttributeTest_OE25Dev
[ERROR] /home/tasfia/Desktop/OE25-DEV/projects_decomposed/jsoup/src/test/java/org/jsoup/nodes/AttributeTest_OE25Dev.java:[106,23] method testWithSupplementaryCharacterInAttributeKeyAndValue() is already defined in class org.jsoup.nodes.AttributeTest_OE25Dev
[ERROR] /home/tasfia/Desktop/OE25-DEV/projects_decomposed/jsoup/src/test/java/org/jsoup/nodes/AttributeTest_OE25Dev.java:[113,23] method validatesKeysNotEmpty() is already defined in class org.jsoup.nodes.AttributeTest_OE25Dev
[ERROR] /home/tasfia/Desktop/OE25-DEV/projects_decomposed/jsoup/src/test/java/org/jsoup/nodes/AttributeTest_OE25Dev.java:[117,23] method validatesKeysNotEmptyViaSet() is already defined in class org.jsoup.nodes.AttributeTest_OE25Dev
[ERROR] /home/tasfia/Desktop/OE25-DEV/projects_decomposed/jsoup/src/test/java/org/jsoup/nodes/AttributeTest_OE25Dev.java:[121,23] method booleanAttributesAreEmptyStringValues() is already defined in class org.jsoup.nodes.AttributeTest_OE25Dev
[ERROR] /home/tasfia/Desktop/OE25-DEV/projects_decomposed/jsoup/src/test/java/org/jsoup/nodes/AttributeTest_OE25Dev.java:[127,23] method booleanAttributesAreEmptyStringValues() is already defined in class org.jsoup.nodes.AttributeTest_OE25Dev
[ERROR] /home/tasfia/Desktop/OE25-DEV/projects_decomposed/jsoup/src/test/java/org/jsoup/nodes/AttributeTest_OE25Dev.java:[136,23] method booleanAttributesAreEmptyStringValues() is already defined in class org.jsoup.nodes.AttributeTest_OE25Dev
[ERROR] /home/tasfia/Desktop/OE25-DEV/projects_decomposed/jsoup/src/test/java/org/jsoup/nodes/AttributeTest_OE25Dev.java:[146,23] method booleanAttributesAreEmptyStringValues() is already defined in class org.jsoup.nodes.AttributeTest_OE25Dev
[ERROR] /home/tasfia/Desktop/OE25-DEV/projects_decomposed/jsoup/src/test/java/org/jsoup/nodes/AttributeTest_OE25Dev.java:[157,23] method booleanAttributesAreEmptyStringValues() is already defined in class org.jsoup.nodes.AttributeTest_OE25Dev
[ERROR] /home/tasfia/Desktop/OE25-DEV/projects_decomposed/jsoup/src/test/java/org/jsoup/nodes/AttributeTest_OE25Dev.java:[169,23] method settersOnOrphanAttribute() is already defined in class org.jsoup.nodes.AttributeTest_OE25Dev
[ERROR] /home/tasfia/Desktop/OE25-DEV/projects_decomposed/jsoup/src/test/java/org/jsoup/nodes/AttributeTest_OE25Dev.java:[176,23] method settersOnOrphanAttribute() is already defined in class org.jsoup.nodes.AttributeTest_OE25Dev
[ERROR] /home/tasfia/Desktop/OE25-DEV/projects_decomposed/jsoup/src/test/java/org/jsoup/nodes/AttributeTest_OE25Dev.java:[184,23] method settersOnOrphanAttribute() is already defined in class org.jsoup.nodes.AttributeTest_OE25Dev
[ERROR] /home/tasfia/Desktop/OE25-DEV/projects_decomposed/jsoup/src/test/java/org/jsoup/nodes/AttributeTest_OE25Dev.java:[193,23] method settersOnOrphanAttribute() is already defined in class org.jsoup.nodes.AttributeTest_OE25Dev
[ERROR] /home/tasfia/Desktop/OE25-DEV/projects_decomposed/jsoup/src/test/java/org/jsoup/nodes/AttributeTest_OE25Dev.java:[203,23] method hasValue() is already defined in class org.jsoup.nodes.AttributeTest_OE25Dev
[ERROR] /home/tasfia/Desktop/OE25-DEV/projects_decomposed/jsoup/src/test/java/org/jsoup/nodes/AttributeTest_OE25Dev.java:[211,23] method hasValue() is already defined in class org.jsoup.nodes.AttributeTest_OE25Dev
[ERROR] /home/tasfia/Desktop/OE25-DEV/projects_decomposed/jsoup/src/test/java/org/jsoup/nodes/AttributeTest_OE25Dev.java:[220,23] method hasValue() is already defined in class org.jsoup.nodes.AttributeTest_OE25Dev
[ERROR] /home/tasfia/Desktop/OE25-DEV/projects_decomposed/jsoup/src/test/java/org/jsoup/nodes/AttributeTest_OE25Dev.java:[230,23] method canSetValueToNull() is already defined in class org.jsoup.nodes.AttributeTest_OE25Dev
[ERROR] /home/tasfia/Desktop/OE25-DEV/projects_decomposed/jsoup/src/test/java/org/jsoup/nodes/AttributeTest_OE25Dev.java:[236,23] method canSetValueToNull() is already defined in class org.jsoup.nodes.AttributeTest_OE25Dev
[ERROR] /home/tasfia/Desktop/OE25-DEV/projects_decomposed/jsoup/src/test/java/org/jsoup/nodes/AttributeTest_OE25Dev.java:[243,23] method canSetValueToNull() is already defined in class org.jsoup.nodes.AttributeTest_OE25Dev
[ERROR] /home/tasfia/Desktop/OE25-DEV/projects_decomposed/jsoup/src/test/java/org/jsoup/nodes/AttributeTest_OE25Dev.java:[253,16] method booleanAttributesAreNotCaseSensitive() is already defined in class org.jsoup.nodes.AttributeTest_OE25Dev
[ERROR] /home/tasfia/Desktop/OE25-DEV/projects_decomposed/jsoup/src/test/java/org/jsoup/nodes/AttributeTest_OE25Dev.java:[258,16] method booleanAttributesAreNotCaseSensitive() is already defined in class org.jsoup.nodes.AttributeTest_OE25Dev
[ERROR] /home/tasfia/Desktop/OE25-DEV/projects_decomposed/jsoup/src/test/java/org/jsoup/nodes/AttributeTest_OE25Dev.java:[264,16] method booleanAttributesAreNotCaseSensitive() is already defined in class org.jsoup.nodes.AttributeTest_OE25Dev
[ERROR] /home/tasfia/Desktop/OE25-DEV/projects_decomposed/jsoup/src/test/java/org/jsoup/nodes/AttributeTest_OE25Dev.java:[271,16] method booleanAttributesAreNotCaseSensitive() is already defined in class org.jsoup.nodes.AttributeTest_OE25Dev
[ERROR] /home/tasfia/Desktop/OE25-DEV/projects_decomposed/jsoup/src/test/java/org/jsoup/nodes/AttributeTest_OE25Dev.java:[279,16] method booleanAttributesAreNotCaseSensitive() is already defined in class org.jsoup.nodes.AttributeTest_OE25Dev
[ERROR] /home/tasfia/Desktop/OE25-DEV/projects_decomposed/jsoup/src/test/java/org/jsoup/nodes/AttributeTest_OE25Dev.java:[291,16] method booleanAttributesAreNotCaseSensitive() is already defined in class org.jsoup.nodes.AttributeTest_OE25Dev
[ERROR] /home/tasfia/Desktop/OE25-DEV/projects_decomposed/jsoup/src/test/java/org/jsoup/parser/XmlTreeBuilderTest_OE25Dev.java:[294,23] method handlesXmlDeclarationAsDeclaration() is already defined in class org.jsoup.parser.XmlTreeBuilderTest_OE25Dev
[ERROR] /home/tasfia/Desktop/OE25-DEV/projects_decomposed/jsoup/src/test/java/org/jsoup/parser/XmlTreeBuilderTest_OE25Dev.java:[300,23] method handlesXmlDeclarationAsDeclaration() is already defined in class org.jsoup.parser.XmlTreeBuilderTest_OE25Dev
[ERROR] /home/tasfia/Desktop/OE25-DEV/projects_decomposed/jsoup/src/test/java/org/jsoup/parser/XmlTreeBuilderTest_OE25Dev.java:[307,23] method handlesXmlDeclarationAsDeclaration() is already defined in class org.jsoup.parser.XmlTreeBuilderTest_OE25Dev
[ERROR] /home/tasfia/Desktop/OE25-DEV/projects_decomposed/jsoup/src/test/java/org/jsoup/parser/XmlTreeBuilderTest_OE25Dev.java:[315,23] method xmlFragment() is already defined in class org.jsoup.parser.XmlTreeBuilderTest_OE25Dev
[ERROR] /home/tasfia/Desktop/OE25-DEV/projects_decomposed/jsoup/src/test/java/org/jsoup/parser/XmlTreeBuilderTest_OE25Dev.java:[321,23] method xmlFragment() is already defined in class org.jsoup.parser.XmlTreeBuilderTest_OE25Dev
[ERROR] /home/tasfia/Desktop/OE25-DEV/projects_decomposed/jsoup/src/test/java/org/jsoup/parser/XmlTreeBuilderTest_OE25Dev.java:[329,23] method xmlFragment() is already defined in class org.jsoup.parser.XmlTreeBuilderTest_OE25Dev
[ERROR] /home/tasfia/Desktop/OE25-DEV/projects_decomposed/jsoup/src/test/java/org/jsoup/parser/XmlTreeBuilderTest_OE25Dev.java:[338,23] method xmlFragment() is already defined in class org.jsoup.parser.XmlTreeBuilderTest_OE25Dev
[ERROR] /home/tasfia/Desktop/OE25-DEV/projects_decomposed/jsoup/src/test/java/org/jsoup/parser/XmlTreeBuilderTest_OE25Dev.java:[348,23] method xmlParseDefaultsToHtmlOutputSyntax() is already defined in class org.jsoup.parser.XmlTreeBuilderTest_OE25Dev
[ERROR] /home/tasfia/Desktop/OE25-DEV/projects_decomposed/jsoup/src/test/java/org/jsoup/parser/XmlTreeBuilderTest_OE25Dev.java:[499,23] method normalizesDiscordantTags() is already defined in class org.jsoup.parser.XmlTreeBuilderTest_OE25Dev
[ERROR] /home/tasfia/Desktop/OE25-DEV/projects_decomposed/jsoup/src/test/java/org/jsoup/parser/XmlTreeBuilderTest_OE25Dev.java:[505,23] method roundTripsCdata() is already defined in class org.jsoup.parser.XmlTreeBuilderTest_OE25Dev
[ERROR] /home/tasfia/Desktop/OE25-DEV/projects_decomposed/jsoup/src/test/java/org/jsoup/parser/XmlTreeBuilderTest_OE25Dev.java:[513,23] method roundTripsCdata() is already defined in class org.jsoup.parser.XmlTreeBuilderTest_OE25Dev
[INFO] 100 errors 
[INFO] -------------------------------------------------------------
[INFO] ------------------------------------------------------------------------
[INFO] BUILD FAILURE
[INFO] ------------------------------------------------------------------------
[INFO] Total time:  3.831 s
[INFO] Finished at: 2026-01-26T16:30:09-06:00
[INFO] ------------------------------------------------------------------------
[ERROR] Failed to execute goal org.apache.maven.plugins:maven-compiler-plugin:3.10.1:testCompile (default-testCompile) on project jsoup: Compilation failure: Compilation failure: 
[ERROR] /home/tasfia/Desktop/OE25-DEV/projects_decomposed/jsoup/src/test/java/org/jsoup/integration/ParseTest_OE25Dev.java:[566,23] method testWikiExpandedFromString() is already defined in class org.jsoup.integration.ParseTest_OE25Dev
[ERROR] /home/tasfia/Desktop/OE25-DEV/projects_decomposed/jsoup/src/test/java/org/jsoup/integration/ParseTest_OE25Dev.java:[573,23] method testWikiExpandedFromString() is already defined in class org.jsoup.integration.ParseTest_OE25Dev
[ERROR] /home/tasfia/Desktop/OE25-DEV/projects_decomposed/jsoup/src/test/java/org/jsoup/integration/ParseTest_OE25Dev.java:[582,23] method testWikiFromString() is already defined in class org.jsoup.integration.ParseTest_OE25Dev
[ERROR] /home/tasfia/Desktop/OE25-DEV/projects_decomposed/jsoup/src/test/java/org/jsoup/integration/ParseTest_OE25Dev.java:[589,23] method testWikiFromString() is already defined in class org.jsoup.integration.ParseTest_OE25Dev
[ERROR] /home/tasfia/Desktop/OE25-DEV/projects_decomposed/jsoup/src/test/java/org/jsoup/integration/ParseTest_OE25Dev.java:[598,23] method testFileParseNoCharsetMethod() is already defined in class org.jsoup.integration.ParseTest_OE25Dev
[ERROR] /home/tasfia/Desktop/OE25-DEV/projects_decomposed/jsoup/src/test/java/org/jsoup/select/XpathTest_OE25Dev.java:[275,23] method supportsXpathFromElement() is already defined in class org.jsoup.select.XpathTest_OE25Dev
[ERROR] /home/tasfia/Desktop/OE25-DEV/projects_decomposed/jsoup/src/test/java/org/jsoup/select/XpathTest_OE25Dev.java:[283,23] method supportsXpathFromElement() is already defined in class org.jsoup.select.XpathTest_OE25Dev
[ERROR] /home/tasfia/Desktop/OE25-DEV/projects_decomposed/jsoup/src/test/java/org/jsoup/select/XpathTest_OE25Dev.java:[293,23] method supportsXpathFromElement() is already defined in class org.jsoup.select.XpathTest_OE25Dev
[ERROR] /home/tasfia/Desktop/OE25-DEV/projects_decomposed/jsoup/src/test/java/org/jsoup/select/XpathTest_OE25Dev.java:[306,23] method supportsXpathFromElement() is already defined in class org.jsoup.select.XpathTest_OE25Dev
[ERROR] /home/tasfia/Desktop/OE25-DEV/projects_decomposed/jsoup/src/test/java/org/jsoup/select/XpathTest_OE25Dev.java:[320,23] method supportsXpathFromElement() is already defined in class org.jsoup.select.XpathTest_OE25Dev
[ERROR] /home/tasfia/Desktop/OE25-DEV/projects_decomposed/jsoup/src/test/java/org/jsoup/select/XpathTest_OE25Dev.java:[335,23] method supportsXpathFromElement() is already defined in class org.jsoup.select.XpathTest_OE25Dev
[ERROR] /home/tasfia/Desktop/OE25-DEV/projects_decomposed/jsoup/src/test/java/org/jsoup/select/XpathTest_OE25Dev.java:[352,23] method supportsXpathFromElement() is already defined in class org.jsoup.select.XpathTest_OE25Dev
[ERROR] /home/tasfia/Desktop/OE25-DEV/projects_decomposed/jsoup/src/test/java/org/jsoup/select/XpathTest_OE25Dev.java:[370,23] method emptyElementsIfNoResults() is already defined in class org.jsoup.select.XpathTest_OE25Dev
[ERROR] /home/tasfia/Desktop/OE25-DEV/projects_decomposed/jsoup/src/test/java/org/jsoup/nodes/AttributesTest_OE25Dev.java:[612,23] method testIteratorHasNext() is already defined in class org.jsoup.nodes.AttributesTest_OE25Dev
[ERROR] /home/tasfia/Desktop/OE25-DEV/projects_decomposed/jsoup/src/test/java/org/jsoup/nodes/AttributesTest_OE25Dev.java:[625,23] method testIteratorHasNext() is already defined in class org.jsoup.nodes.AttributesTest_OE25Dev
[ERROR] /home/tasfia/Desktop/OE25-DEV/projects_decomposed/jsoup/src/test/java/org/jsoup/nodes/AttributesTest_OE25Dev.java:[842,23] method htmlSkipsInternals() is already defined in class org.jsoup.nodes.AttributesTest_OE25Dev
[ERROR] /home/tasfia/Desktop/OE25-DEV/projects_decomposed/jsoup/src/test/java/org/jsoup/nodes/AttributesTest_OE25Dev.java:[1019,23] method testSizeWhenHasInternal() is already defined in class org.jsoup.nodes.AttributesTest_OE25Dev
[ERROR] /home/tasfia/Desktop/OE25-DEV/projects_decomposed/jsoup/src/test/java/org/jsoup/nodes/AttributesTest_OE25Dev.java:[1026,23] method testSizeWhenHasInternal() is already defined in class org.jsoup.nodes.AttributesTest_OE25Dev
[ERROR] /home/tasfia/Desktop/OE25-DEV/projects_decomposed/jsoup/src/test/java/org/jsoup/nodes/AttributesTest_OE25Dev.java:[1040,23] method testSizeWhenHasInternal() is already defined in class org.jsoup.nodes.AttributesTest_OE25Dev
[ERROR] /home/tasfia/Desktop/OE25-DEV/projects_decomposed/jsoup/src/test/java/org/jsoup/nodes/AttributesTest_OE25Dev.java:[1055,23] method testBooleans() is already defined in class org.jsoup.nodes.AttributesTest_OE25Dev
[ERROR] /home/tasfia/Desktop/OE25-DEV/projects_decomposed/jsoup/src/test/java/org/jsoup/nodes/AttributesTest_OE25Dev.java:[1062,23] method booleanNullAttributesConsistent() is already defined in class org.jsoup.nodes.AttributesTest_OE25Dev
[ERROR] /home/tasfia/Desktop/OE25-DEV/projects_decomposed/jsoup/src/test/java/org/jsoup/nodes/AttributesTest_OE25Dev.java:[1070,23] method booleanNullAttributesConsistent() is already defined in class org.jsoup.nodes.AttributesTest_OE25Dev
[ERROR] /home/tasfia/Desktop/OE25-DEV/projects_decomposed/jsoup/src/test/java/org/jsoup/nodes/AttributesTest_OE25Dev.java:[1079,23] method booleanEmptyString() is already defined in class org.jsoup.nodes.AttributesTest_OE25Dev
[ERROR] /home/tasfia/Desktop/OE25-DEV/projects_decomposed/jsoup/src/test/java/org/jsoup/nodes/AttributesTest_OE25Dev.java:[1087,23] method booleanEmptyString() is already defined in class org.jsoup.nodes.AttributesTest_OE25Dev
[ERROR] /home/tasfia/Desktop/OE25-DEV/projects_decomposed/jsoup/src/test/java/org/jsoup/nodes/AttributesTest_OE25Dev.java:[1096,23] method booleanCaseInsensitive() is already defined in class org.jsoup.nodes.AttributesTest_OE25Dev
[ERROR] /home/tasfia/Desktop/OE25-DEV/projects_decomposed/jsoup/src/test/java/org/jsoup/nodes/AttributesTest_OE25Dev.java:[1104,23] method booleanCaseInsensitive() is already defined in class org.jsoup.nodes.AttributesTest_OE25Dev
[ERROR] /home/tasfia/Desktop/OE25-DEV/projects_decomposed/jsoup/src/test/java/org/jsoup/nodes/AttributesTest_OE25Dev.java:[1113,23] method equalsIsOrderInsensitive() is already defined in class org.jsoup.nodes.AttributesTest_OE25Dev
[ERROR] /home/tasfia/Desktop/OE25-DEV/projects_decomposed/jsoup/src/test/java/org/jsoup/nodes/AttributesTest_OE25Dev.java:[1138,23] method equalsIsOrderInsensitive() is already defined in class org.jsoup.nodes.AttributesTest_OE25Dev
[ERROR] /home/tasfia/Desktop/OE25-DEV/projects_decomposed/jsoup/src/test/java/org/jsoup/nodes/AttributesTest_OE25Dev.java:[1164,23] method equalsIsOrderInsensitive() is already defined in class org.jsoup.nodes.AttributesTest_OE25Dev
[ERROR] /home/tasfia/Desktop/OE25-DEV/projects_decomposed/jsoup/src/test/java/org/jsoup/nodes/AttributesTest_OE25Dev.java:[1191,23] method equalsIsOrderInsensitive() is already defined in class org.jsoup.nodes.AttributesTest_OE25Dev
[ERROR] /home/tasfia/Desktop/OE25-DEV/projects_decomposed/jsoup/src/test/java/org/jsoup/nodes/AttributesTest_OE25Dev.java:[1219,23] method equalsIsOrderInsensitive() is already defined in class org.jsoup.nodes.AttributesTest_OE25Dev
[ERROR] /home/tasfia/Desktop/OE25-DEV/projects_decomposed/jsoup/src/test/java/org/jsoup/nodes/AttributesTest_OE25Dev.java:[1248,23] method equalsIsOrderInsensitive() is already defined in class org.jsoup.nodes.AttributesTest_OE25Dev
[ERROR] /home/tasfia/Desktop/OE25-DEV/projects_decomposed/jsoup/src/test/java/org/jsoup/nodes/AttributesTest_OE25Dev.java:[1278,23] method equalsIsOrderInsensitive() is already defined in class org.jsoup.nodes.AttributesTest_OE25Dev
[ERROR] /home/tasfia/Desktop/OE25-DEV/projects_decomposed/jsoup/src/test/java/org/jsoup/nodes/AttributesTest_OE25Dev.java:[1309,23] method equalsIsOrderInsensitive() is already defined in class org.jsoup.nodes.AttributesTest_OE25Dev
[ERROR] /home/tasfia/Desktop/OE25-DEV/projects_decomposed/jsoup/src/test/java/org/jsoup/nodes/AttributesTest_OE25Dev.java:[1341,23] method equalsIsOrderInsensitive() is already defined in class org.jsoup.nodes.AttributesTest_OE25Dev
[ERROR] /home/tasfia/Desktop/OE25-DEV/projects_decomposed/jsoup/src/test/java/org/jsoup/nodes/AttributesTest_OE25Dev.java:[1374,23] method equalsIsOrderInsensitive() is already defined in class org.jsoup.nodes.AttributesTest_OE25Dev
[ERROR] /home/tasfia/Desktop/OE25-DEV/projects_decomposed/jsoup/src/test/java/org/jsoup/nodes/AttributesTest_OE25Dev.java:[1408,16] method cloneAttributes() is already defined in class org.jsoup.nodes.AttributesTest_OE25Dev
[ERROR] /home/tasfia/Desktop/OE25-DEV/projects_decomposed/jsoup/src/test/java/org/jsoup/nodes/AttributesTest_OE25Dev.java:[1417,16] method cloneAttributes() is already defined in class org.jsoup.nodes.AttributesTest_OE25Dev
[ERROR] /home/tasfia/Desktop/OE25-DEV/projects_decomposed/jsoup/src/test/java/org/jsoup/nodes/AttributesTest_OE25Dev.java:[1427,16] method cloneAttributes() is already defined in class org.jsoup.nodes.AttributesTest_OE25Dev
[ERROR] /home/tasfia/Desktop/OE25-DEV/projects_decomposed/jsoup/src/test/java/org/jsoup/nodes/AttributesTest_OE25Dev.java:[1438,16] method cloneAttributes() is already defined in class org.jsoup.nodes.AttributesTest_OE25Dev
[ERROR] /home/tasfia/Desktop/OE25-DEV/projects_decomposed/jsoup/src/test/java/org/jsoup/nodes/AttributesTest_OE25Dev.java:[1452,16] method cloneAttributes() is already defined in class org.jsoup.nodes.AttributesTest_OE25Dev
[ERROR] /home/tasfia/Desktop/OE25-DEV/projects_decomposed/jsoup/src/test/java/org/jsoup/nodes/AttributesTest_OE25Dev.java:[1467,16] method cloneAttributes() is already defined in class org.jsoup.nodes.AttributesTest_OE25Dev
[ERROR] /home/tasfia/Desktop/OE25-DEV/projects_decomposed/jsoup/src/test/java/org/jsoup/helper/ValidateTest_OE25Dev.java:[48,16] method stacktraceFiltersOutValidateClass() is already defined in class org.jsoup.helper.ValidateTest_OE25Dev
[ERROR] /home/tasfia/Desktop/OE25-DEV/projects_decomposed/jsoup/src/test/java/org/jsoup/helper/ValidateTest_OE25Dev.java:[58,16] method stacktraceFiltersOutValidateClass() is already defined in class org.jsoup.helper.ValidateTest_OE25Dev
[ERROR] /home/tasfia/Desktop/OE25-DEV/projects_decomposed/jsoup/src/test/java/org/jsoup/helper/ValidateTest_OE25Dev.java:[72,16] method stacktraceFiltersOutValidateClass() is already defined in class org.jsoup.helper.ValidateTest_OE25Dev
[ERROR] /home/tasfia/Desktop/OE25-DEV/projects_decomposed/jsoup/src/test/java/org/jsoup/helper/ValidateTest_OE25Dev.java:[87,16] method stacktraceFiltersOutValidateClass() is already defined in class org.jsoup.helper.ValidateTest_OE25Dev
[ERROR] /home/tasfia/Desktop/OE25-DEV/projects_decomposed/jsoup/src/test/java/org/jsoup/helper/ValidateTest_OE25Dev.java:[103,16] method nonnullParam() is already defined in class org.jsoup.helper.ValidateTest_OE25Dev
[ERROR] /home/tasfia/Desktop/OE25-DEV/projects_decomposed/jsoup/src/test/java/org/jsoup/helper/ValidateTest_OE25Dev.java:[112,16] method nonnullParam() is already defined in class org.jsoup.helper.ValidateTest_OE25Dev
[ERROR] /home/tasfia/Desktop/OE25-DEV/projects_decomposed/jsoup/src/test/java/org/jsoup/nodes/DocumentTypeTest_OE25Dev.java:[75,23] method outerHtmlGeneration() is already defined in class org.jsoup.nodes.DocumentTypeTest_OE25Dev
[ERROR] /home/tasfia/Desktop/OE25-DEV/projects_decomposed/jsoup/src/test/java/org/jsoup/nodes/DocumentTypeTest_OE25Dev.java:[80,23] method outerHtmlGeneration() is already defined in class org.jsoup.nodes.DocumentTypeTest_OE25Dev
[ERROR] /home/tasfia/Desktop/OE25-DEV/projects_decomposed/jsoup/src/test/java/org/jsoup/nodes/DocumentTypeTest_OE25Dev.java:[88,23] method outerHtmlGeneration() is already defined in class org.jsoup.nodes.DocumentTypeTest_OE25Dev
[ERROR] /home/tasfia/Desktop/OE25-DEV/projects_decomposed/jsoup/src/test/java/org/jsoup/nodes/DocumentTypeTest_OE25Dev.java:[99,23] method outerHtmlGeneration() is already defined in class org.jsoup.nodes.DocumentTypeTest_OE25Dev
[ERROR] /home/tasfia/Desktop/OE25-DEV/projects_decomposed/jsoup/src/test/java/org/jsoup/nodes/DocumentTypeTest_OE25Dev.java:[113,23] method outerHtmlGeneration() is already defined in class org.jsoup.nodes.DocumentTypeTest_OE25Dev
[ERROR] /home/tasfia/Desktop/OE25-DEV/projects_decomposed/jsoup/src/test/java/org/jsoup/nodes/DocumentTypeTest_OE25Dev.java:[128,23] method outerHtmlGeneration() is already defined in class org.jsoup.nodes.DocumentTypeTest_OE25Dev
[ERROR] /home/tasfia/Desktop/OE25-DEV/projects_decomposed/jsoup/src/test/java/org/jsoup/nodes/DocumentTypeTest_OE25Dev.java:[144,23] method outerHtmlGeneration() is already defined in class org.jsoup.nodes.DocumentTypeTest_OE25Dev
[ERROR] /home/tasfia/Desktop/OE25-DEV/projects_decomposed/jsoup/src/test/java/org/jsoup/nodes/DocumentTypeTest_OE25Dev.java:[161,23] method testRoundTrip() is already defined in class org.jsoup.nodes.DocumentTypeTest_OE25Dev
[ERROR] /home/tasfia/Desktop/OE25-DEV/projects_decomposed/jsoup/src/test/java/org/jsoup/nodes/DocumentTypeTest_OE25Dev.java:[166,23] method testRoundTrip() is already defined in class org.jsoup.nodes.DocumentTypeTest_OE25Dev
[ERROR] /home/tasfia/Desktop/OE25-DEV/projects_decomposed/jsoup/src/test/java/org/jsoup/nodes/DocumentTypeTest_OE25Dev.java:[172,23] method testRoundTrip() is already defined in class org.jsoup.nodes.DocumentTypeTest_OE25Dev
[ERROR] /home/tasfia/Desktop/OE25-DEV/projects_decomposed/jsoup/src/test/java/org/jsoup/nodes/DocumentTypeTest_OE25Dev.java:[181,23] method testRoundTrip() is already defined in class org.jsoup.nodes.DocumentTypeTest_OE25Dev
[ERROR] /home/tasfia/Desktop/OE25-DEV/projects_decomposed/jsoup/src/test/java/org/jsoup/nodes/DocumentTypeTest_OE25Dev.java:[191,23] method testRoundTrip() is already defined in class org.jsoup.nodes.DocumentTypeTest_OE25Dev
[ERROR] /home/tasfia/Desktop/OE25-DEV/projects_decomposed/jsoup/src/test/java/org/jsoup/nodes/DocumentTypeTest_OE25Dev.java:[204,23] method testRoundTrip() is already defined in class org.jsoup.nodes.DocumentTypeTest_OE25Dev
[ERROR] /home/tasfia/Desktop/OE25-DEV/projects_decomposed/jsoup/src/test/java/org/jsoup/nodes/DocumentTypeTest_OE25Dev.java:[218,23] method testRoundTrip() is already defined in class org.jsoup.nodes.DocumentTypeTest_OE25Dev
[ERROR] /home/tasfia/Desktop/OE25-DEV/projects_decomposed/jsoup/src/test/java/org/jsoup/nodes/DocumentTypeTest_OE25Dev.java:[235,23] method testRoundTrip() is already defined in class org.jsoup.nodes.DocumentTypeTest_OE25Dev
[ERROR] /home/tasfia/Desktop/OE25-DEV/projects_decomposed/jsoup/src/test/java/org/jsoup/parser/TokeniserStateTest_OE25Dev.java:[320,23] method handlesLessInTagThanAsNewTag() is already defined in class org.jsoup.parser.TokeniserStateTest_OE25Dev
[ERROR] /home/tasfia/Desktop/OE25-DEV/projects_decomposed/jsoup/src/test/java/org/jsoup/nodes/AttributeTest_OE25Dev.java:[100,23] method testWithSupplementaryCharacterInAttributeKeyAndValue() is already defined in class org.jsoup.nodes.AttributeTest_OE25Dev
[ERROR] /home/tasfia/Desktop/OE25-DEV/projects_decomposed/jsoup/src/test/java/org/jsoup/nodes/AttributeTest_OE25Dev.java:[106,23] method testWithSupplementaryCharacterInAttributeKeyAndValue() is already defined in class org.jsoup.nodes.AttributeTest_OE25Dev
[ERROR] /home/tasfia/Desktop/OE25-DEV/projects_decomposed/jsoup/src/test/java/org/jsoup/nodes/AttributeTest_OE25Dev.java:[113,23] method validatesKeysNotEmpty() is already defined in class org.jsoup.nodes.AttributeTest_OE25Dev
[ERROR] /home/tasfia/Desktop/OE25-DEV/projects_decomposed/jsoup/src/test/java/org/jsoup/nodes/AttributeTest_OE25Dev.java:[117,23] method validatesKeysNotEmptyViaSet() is already defined in class org.jsoup.nodes.AttributeTest_OE25Dev
[ERROR] /home/tasfia/Desktop/OE25-DEV/projects_decomposed/jsoup/src/test/java/org/jsoup/nodes/AttributeTest_OE25Dev.java:[121,23] method booleanAttributesAreEmptyStringValues() is already defined in class org.jsoup.nodes.AttributeTest_OE25Dev
[ERROR] /home/tasfia/Desktop/OE25-DEV/projects_decomposed/jsoup/src/test/java/org/jsoup/nodes/AttributeTest_OE25Dev.java:[127,23] method booleanAttributesAreEmptyStringValues() is already defined in class org.jsoup.nodes.AttributeTest_OE25Dev
[ERROR] /home/tasfia/Desktop/OE25-DEV/projects_decomposed/jsoup/src/test/java/org/jsoup/nodes/AttributeTest_OE25Dev.java:[136,23] method booleanAttributesAreEmptyStringValues() is already defined in class org.jsoup.nodes.AttributeTest_OE25Dev
[ERROR] /home/tasfia/Desktop/OE25-DEV/projects_decomposed/jsoup/src/test/java/org/jsoup/nodes/AttributeTest_OE25Dev.java:[146,23] method booleanAttributesAreEmptyStringValues() is already defined in class org.jsoup.nodes.AttributeTest_OE25Dev
[ERROR] /home/tasfia/Desktop/OE25-DEV/projects_decomposed/jsoup/src/test/java/org/jsoup/nodes/AttributeTest_OE25Dev.java:[157,23] method booleanAttributesAreEmptyStringValues() is already defined in class org.jsoup.nodes.AttributeTest_OE25Dev
[ERROR] /home/tasfia/Desktop/OE25-DEV/projects_decomposed/jsoup/src/test/java/org/jsoup/nodes/AttributeTest_OE25Dev.java:[169,23] method settersOnOrphanAttribute() is already defined in class org.jsoup.nodes.AttributeTest_OE25Dev
[ERROR] /home/tasfia/Desktop/OE25-DEV/projects_decomposed/jsoup/src/test/java/org/jsoup/nodes/AttributeTest_OE25Dev.java:[176,23] method settersOnOrphanAttribute() is already defined in class org.jsoup.nodes.AttributeTest_OE25Dev
[ERROR] /home/tasfia/Desktop/OE25-DEV/projects_decomposed/jsoup/src/test/java/org/jsoup/nodes/AttributeTest_OE25Dev.java:[184,23] method settersOnOrphanAttribute() is already defined in class org.jsoup.nodes.AttributeTest_OE25Dev
[ERROR] /home/tasfia/Desktop/OE25-DEV/projects_decomposed/jsoup/src/test/java/org/jsoup/nodes/AttributeTest_OE25Dev.java:[193,23] method settersOnOrphanAttribute() is already defined in class org.jsoup.nodes.AttributeTest_OE25Dev
[ERROR] /home/tasfia/Desktop/OE25-DEV/projects_decomposed/jsoup/src/test/java/org/jsoup/nodes/AttributeTest_OE25Dev.java:[203,23] method hasValue() is already defined in class org.jsoup.nodes.AttributeTest_OE25Dev
[ERROR] /home/tasfia/Desktop/OE25-DEV/projects_decomposed/jsoup/src/test/java/org/jsoup/nodes/AttributeTest_OE25Dev.java:[211,23] method hasValue() is already defined in class org.jsoup.nodes.AttributeTest_OE25Dev
[ERROR] /home/tasfia/Desktop/OE25-DEV/projects_decomposed/jsoup/src/test/java/org/jsoup/nodes/AttributeTest_OE25Dev.java:[220,23] method hasValue() is already defined in class org.jsoup.nodes.AttributeTest_OE25Dev
[ERROR] /home/tasfia/Desktop/OE25-DEV/projects_decomposed/jsoup/src/test/java/org/jsoup/nodes/AttributeTest_OE25Dev.java:[230,23] method canSetValueToNull() is already defined in class org.jsoup.nodes.AttributeTest_OE25Dev
[ERROR] /home/tasfia/Desktop/OE25-DEV/projects_decomposed/jsoup/src/test/java/org/jsoup/nodes/AttributeTest_OE25Dev.java:[236,23] method canSetValueToNull() is already defined in class org.jsoup.nodes.AttributeTest_OE25Dev
[ERROR] /home/tasfia/Desktop/OE25-DEV/projects_decomposed/jsoup/src/test/java/org/jsoup/nodes/AttributeTest_OE25Dev.java:[243,23] method canSetValueToNull() is already defined in class org.jsoup.nodes.AttributeTest_OE25Dev
[ERROR] /home/tasfia/Desktop/OE25-DEV/projects_decomposed/jsoup/src/test/java/org/jsoup/nodes/AttributeTest_OE25Dev.java:[253,16] method booleanAttributesAreNotCaseSensitive() is already defined in class org.jsoup.nodes.AttributeTest_OE25Dev
[ERROR] /home/tasfia/Desktop/OE25-DEV/projects_decomposed/jsoup/src/test/java/org/jsoup/nodes/AttributeTest_OE25Dev.java:[258,16] method booleanAttributesAreNotCaseSensitive() is already defined in class org.jsoup.nodes.AttributeTest_OE25Dev
[ERROR] /home/tasfia/Desktop/OE25-DEV/projects_decomposed/jsoup/src/test/java/org/jsoup/nodes/AttributeTest_OE25Dev.java:[264,16] method booleanAttributesAreNotCaseSensitive() is already defined in class org.jsoup.nodes.AttributeTest_OE25Dev
[ERROR] /home/tasfia/Desktop/OE25-DEV/projects_decomposed/jsoup/src/test/java/org/jsoup/nodes/AttributeTest_OE25Dev.java:[271,16] method booleanAttributesAreNotCaseSensitive() is already defined in class org.jsoup.nodes.AttributeTest_OE25Dev
[ERROR] /home/tasfia/Desktop/OE25-DEV/projects_decomposed/jsoup/src/test/java/org/jsoup/nodes/AttributeTest_OE25Dev.java:[279,16] method booleanAttributesAreNotCaseSensitive() is already defined in class org.jsoup.nodes.AttributeTest_OE25Dev
[ERROR] /home/tasfia/Desktop/OE25-DEV/projects_decomposed/jsoup/src/test/java/org/jsoup/nodes/AttributeTest_OE25Dev.java:[291,16] method booleanAttributesAreNotCaseSensitive() is already defined in class org.jsoup.nodes.AttributeTest_OE25Dev
[ERROR] /home/tasfia/Desktop/OE25-DEV/projects_decomposed/jsoup/src/test/java/org/jsoup/parser/XmlTreeBuilderTest_OE25Dev.java:[294,23] method handlesXmlDeclarationAsDeclaration() is already defined in class org.jsoup.parser.XmlTreeBuilderTest_OE25Dev
[ERROR] /home/tasfia/Desktop/OE25-DEV/projects_decomposed/jsoup/src/test/java/org/jsoup/parser/XmlTreeBuilderTest_OE25Dev.java:[300,23] method handlesXmlDeclarationAsDeclaration() is already defined in class org.jsoup.parser.XmlTreeBuilderTest_OE25Dev
[ERROR] /home/tasfia/Desktop/OE25-DEV/projects_decomposed/jsoup/src/test/java/org/jsoup/parser/XmlTreeBuilderTest_OE25Dev.java:[307,23] method handlesXmlDeclarationAsDeclaration() is already defined in class org.jsoup.parser.XmlTreeBuilderTest_OE25Dev
[ERROR] /home/tasfia/Desktop/OE25-DEV/projects_decomposed/jsoup/src/test/java/org/jsoup/parser/XmlTreeBuilderTest_OE25Dev.java:[315,23] method xmlFragment() is already defined in class org.jsoup.parser.XmlTreeBuilderTest_OE25Dev
[ERROR] /home/tasfia/Desktop/OE25-DEV/projects_decomposed/jsoup/src/test/java/org/jsoup/parser/XmlTreeBuilderTest_OE25Dev.java:[321,23] method xmlFragment() is already defined in class org.jsoup.parser.XmlTreeBuilderTest_OE25Dev
[ERROR] /home/tasfia/Desktop/OE25-DEV/projects_decomposed/jsoup/src/test/java/org/jsoup/parser/XmlTreeBuilderTest_OE25Dev.java:[329,23] method xmlFragment() is already defined in class org.jsoup.parser.XmlTreeBuilderTest_OE25Dev
[ERROR] /home/tasfia/Desktop/OE25-DEV/projects_decomposed/jsoup/src/test/java/org/jsoup/parser/XmlTreeBuilderTest_OE25Dev.java:[338,23] method xmlFragment() is already defined in class org.jsoup.parser.XmlTreeBuilderTest_OE25Dev
[ERROR] /home/tasfia/Desktop/OE25-DEV/projects_decomposed/jsoup/src/test/java/org/jsoup/parser/XmlTreeBuilderTest_OE25Dev.java:[348,23] method xmlParseDefaultsToHtmlOutputSyntax() is already defined in class org.jsoup.parser.XmlTreeBuilderTest_OE25Dev
[ERROR] /home/tasfia/Desktop/OE25-DEV/projects_decomposed/jsoup/src/test/java/org/jsoup/parser/XmlTreeBuilderTest_OE25Dev.java:[499,23] method normalizesDiscordantTags() is already defined in class org.jsoup.parser.XmlTreeBuilderTest_OE25Dev
[ERROR] /home/tasfia/Desktop/OE25-DEV/projects_decomposed/jsoup/src/test/java/org/jsoup/parser/XmlTreeBuilderTest_OE25Dev.java:[505,23] method roundTripsCdata() is already defined in class org.jsoup.parser.XmlTreeBuilderTest_OE25Dev
[ERROR] /home/tasfia/Desktop/OE25-DEV/projects_decomposed/jsoup/src/test/java/org/jsoup/parser/XmlTreeBuilderTest_OE25Dev.java:[513,23] method roundTripsCdata() is already defined in class org.jsoup.parser.XmlTreeBuilderTest_OE25Dev
[ERROR] -> [Help 1]
[ERROR] 
[ERROR] To see the full stack trace of the errors, re-run Maven with the -e switch.
[ERROR] Re-run Maven using the -X switch to enable full debug logging.
[ERROR] 
[ERROR] For more information about the errors and possible solutions, please read the following articles:
[ERROR] [Help 1] http://cwiki.apache.org/confluence/display/MAVEN/MojoFailureException
