[INFO] Scanning for projects...
[INFO] 
[INFO] --------------------------< org.jsoup:jsoup >---------------------------
[INFO] Building jsoup Java HTML Parser 1.15.3
[INFO] --------------------------------[ jar ]---------------------------------
[INFO] 
[INFO] --- maven-resources-plugin:3.3.0:resources (default-resources) @ jsoup ---
[INFO] Copying 3 resources to META-INF/
[INFO] 
[INFO] --- maven-compiler-plugin:3.10.1:compile (default-compile) @ jsoup ---
[INFO] Compiling 75 source files to /home/tasfia/Desktop/OE25-DEV/projects_decomposed/jsoup/target/classes
[INFO] 
[INFO] --- animal-sniffer-maven-plugin:1.21:check (animal-sniffer) @ jsoup ---
[INFO] Signature version is: null
[INFO] 
[INFO] --- maven-bundle-plugin:5.1.8:manifest (bundle-manifest) @ jsoup ---
[INFO] No MANIFEST.MF file found, generating manifest.
[INFO] Writing manifest: /home/tasfia/Desktop/OE25-DEV/projects_decomposed/jsoup/target/classes/META-INF/MANIFEST.MF
[INFO] 
[INFO] --- maven-resources-plugin:3.3.0:testResources (default-testResources) @ jsoup ---
[INFO] Copying 70 resources
[INFO] 
[INFO] --- maven-compiler-plugin:3.10.1:testCompile (default-testCompile) @ jsoup ---
[INFO] Compiling 87 source files to /home/tasfia/Desktop/OE25-DEV/projects_decomposed/jsoup/target/test-classes
[INFO] -------------------------------------------------------------
[ERROR] COMPILATION ERROR : 
[INFO] -------------------------------------------------------------
[ERROR] /home/tasfia/Desktop/OE25-DEV/projects_decomposed/jsoup/src/test/java/org/jsoup/nodes/NodeTest_OE25Dev.java:[351,23] method handlesBaseUri() is already defined in class org.jsoup.nodes.NodeTest_OE25Dev
[ERROR] /home/tasfia/Desktop/OE25-DEV/projects_decomposed/jsoup/src/test/java/org/jsoup/nodes/NodeTest_OE25Dev.java:[361,23] method handlesBaseUri() is already defined in class org.jsoup.nodes.NodeTest_OE25Dev
[ERROR] /home/tasfia/Desktop/OE25-DEV/projects_decomposed/jsoup/src/test/java/org/jsoup/nodes/NodeTest_OE25Dev.java:[372,23] method handlesBaseUri() is already defined in class org.jsoup.nodes.NodeTest_OE25Dev
[ERROR] /home/tasfia/Desktop/OE25-DEV/projects_decomposed/jsoup/src/test/java/org/jsoup/nodes/NodeTest_OE25Dev.java:[386,23] method handlesBaseUri() is already defined in class org.jsoup.nodes.NodeTest_OE25Dev
[ERROR] /home/tasfia/Desktop/OE25-DEV/projects_decomposed/jsoup/src/test/java/org/jsoup/nodes/NodeTest_OE25Dev.java:[401,23] method handlesBaseUri() is already defined in class org.jsoup.nodes.NodeTest_OE25Dev
[ERROR] /home/tasfia/Desktop/OE25-DEV/projects_decomposed/jsoup/src/test/java/org/jsoup/nodes/NodeTest_OE25Dev.java:[417,23] method handlesBaseUri() is already defined in class org.jsoup.nodes.NodeTest_OE25Dev
[ERROR] /home/tasfia/Desktop/OE25-DEV/projects_decomposed/jsoup/src/test/java/org/jsoup/nodes/NodeTest_OE25Dev.java:[436,23] method handlesBaseUri() is already defined in class org.jsoup.nodes.NodeTest_OE25Dev
[ERROR] /home/tasfia/Desktop/OE25-DEV/projects_decomposed/jsoup/src/test/java/org/jsoup/nodes/NodeTest_OE25Dev.java:[456,23] method setBaseUriIsRecursive() is already defined in class org.jsoup.nodes.NodeTest_OE25Dev
[ERROR] /home/tasfia/Desktop/OE25-DEV/projects_decomposed/jsoup/src/test/java/org/jsoup/nodes/NodeTest_OE25Dev.java:[464,23] method setBaseUriIsRecursive() is already defined in class org.jsoup.nodes.NodeTest_OE25Dev
[ERROR] /home/tasfia/Desktop/OE25-DEV/projects_decomposed/jsoup/src/test/java/org/jsoup/nodes/NodeTest_OE25Dev.java:[473,23] method setBaseUriIsRecursive() is already defined in class org.jsoup.nodes.NodeTest_OE25Dev
[ERROR] /home/tasfia/Desktop/OE25-DEV/projects_decomposed/jsoup/src/test/java/org/jsoup/nodes/NodeTest_OE25Dev.java:[483,23] method handlesAbsPrefix() is already defined in class org.jsoup.nodes.NodeTest_OE25Dev
[ERROR] /home/tasfia/Desktop/OE25-DEV/projects_decomposed/jsoup/src/test/java/org/jsoup/nodes/NodeTest_OE25Dev.java:[489,23] method handlesAbsPrefix() is already defined in class org.jsoup.nodes.NodeTest_OE25Dev
[ERROR] /home/tasfia/Desktop/OE25-DEV/projects_decomposed/jsoup/src/test/java/org/jsoup/nodes/NodeTest_OE25Dev.java:[496,23] method handlesAbsPrefix() is already defined in class org.jsoup.nodes.NodeTest_OE25Dev
[ERROR] /home/tasfia/Desktop/OE25-DEV/projects_decomposed/jsoup/src/test/java/org/jsoup/nodes/NodeTest_OE25Dev.java:[504,23] method handlesAbsOnImage() is already defined in class org.jsoup.nodes.NodeTest_OE25Dev
[ERROR] /home/tasfia/Desktop/OE25-DEV/projects_decomposed/jsoup/src/test/java/org/jsoup/nodes/NodeTest_OE25Dev.java:[510,23] method handlesAbsOnImage() is already defined in class org.jsoup.nodes.NodeTest_OE25Dev
[ERROR] /home/tasfia/Desktop/OE25-DEV/projects_decomposed/jsoup/src/test/java/org/jsoup/nodes/NodeTest_OE25Dev.java:[517,23] method handlesAbsPrefixOnHasAttr() is already defined in class org.jsoup.nodes.NodeTest_OE25Dev
[ERROR] /home/tasfia/Desktop/OE25-DEV/projects_decomposed/jsoup/src/test/java/org/jsoup/nodes/NodeTest_OE25Dev.java:[526,23] method handlesAbsPrefixOnHasAttr() is already defined in class org.jsoup.nodes.NodeTest_OE25Dev
[ERROR] /home/tasfia/Desktop/OE25-DEV/projects_decomposed/jsoup/src/test/java/org/jsoup/nodes/NodeTest_OE25Dev.java:[536,23] method handlesAbsPrefixOnHasAttr() is already defined in class org.jsoup.nodes.NodeTest_OE25Dev
[ERROR] /home/tasfia/Desktop/OE25-DEV/projects_decomposed/jsoup/src/test/java/org/jsoup/nodes/NodeTest_OE25Dev.java:[547,23] method handlesAbsPrefixOnHasAttr() is already defined in class org.jsoup.nodes.NodeTest_OE25Dev
[ERROR] /home/tasfia/Desktop/OE25-DEV/projects_decomposed/jsoup/src/test/java/org/jsoup/nodes/NodeTest_OE25Dev.java:[560,23] method handlesAbsPrefixOnHasAttr() is already defined in class org.jsoup.nodes.NodeTest_OE25Dev
[ERROR] /home/tasfia/Desktop/OE25-DEV/projects_decomposed/jsoup/src/test/java/org/jsoup/nodes/NodeTest_OE25Dev.java:[574,23] method handlesAbsPrefixOnHasAttr() is already defined in class org.jsoup.nodes.NodeTest_OE25Dev
[ERROR] /home/tasfia/Desktop/OE25-DEV/projects_decomposed/jsoup/src/test/java/org/jsoup/nodes/NodeTest_OE25Dev.java:[589,23] method literalAbsPrefix() is already defined in class org.jsoup.nodes.NodeTest_OE25Dev
[ERROR] /home/tasfia/Desktop/OE25-DEV/projects_decomposed/jsoup/src/test/java/org/jsoup/nodes/NodeTest_OE25Dev.java:[596,23] method literalAbsPrefix() is already defined in class org.jsoup.nodes.NodeTest_OE25Dev
[ERROR] /home/tasfia/Desktop/OE25-DEV/projects_decomposed/jsoup/src/test/java/org/jsoup/nodes/NodeTest_OE25Dev.java:[604,23] method handleAbsOnFileUris() is already defined in class org.jsoup.nodes.NodeTest_OE25Dev
[ERROR] /home/tasfia/Desktop/OE25-DEV/projects_decomposed/jsoup/src/test/java/org/jsoup/nodes/NodeTest_OE25Dev.java:[610,23] method handleAbsOnFileUris() is already defined in class org.jsoup.nodes.NodeTest_OE25Dev
[ERROR] /home/tasfia/Desktop/OE25-DEV/projects_decomposed/jsoup/src/test/java/org/jsoup/nodes/NodeTest_OE25Dev.java:[663,23] method absHandlesRelativeQuery() is already defined in class org.jsoup.nodes.NodeTest_OE25Dev
[ERROR] /home/tasfia/Desktop/OE25-DEV/projects_decomposed/jsoup/src/test/java/org/jsoup/nodes/NodeTest_OE25Dev.java:[670,23] method absHandlesRelativeQuery() is already defined in class org.jsoup.nodes.NodeTest_OE25Dev
[ERROR] /home/tasfia/Desktop/OE25-DEV/projects_decomposed/jsoup/src/test/java/org/jsoup/nodes/NodeTest_OE25Dev.java:[680,23] method absHandlesDotFromIndex() is already defined in class org.jsoup.nodes.NodeTest_OE25Dev
[ERROR] /home/tasfia/Desktop/OE25-DEV/projects_decomposed/jsoup/src/test/java/org/jsoup/nodes/NodeTest_OE25Dev.java:[686,23] method testRemove() is already defined in class org.jsoup.nodes.NodeTest_OE25Dev
[ERROR] /home/tasfia/Desktop/OE25-DEV/projects_decomposed/jsoup/src/test/java/org/jsoup/nodes/NodeTest_OE25Dev.java:[694,23] method testRemove() is already defined in class org.jsoup.nodes.NodeTest_OE25Dev
[ERROR] /home/tasfia/Desktop/OE25-DEV/projects_decomposed/jsoup/src/test/java/org/jsoup/nodes/NodeTest_OE25Dev.java:[703,23] method testReplace() is already defined in class org.jsoup.nodes.NodeTest_OE25Dev
[ERROR] /home/tasfia/Desktop/OE25-DEV/projects_decomposed/jsoup/src/test/java/org/jsoup/nodes/NodeTest_OE25Dev.java:[712,23] method ownerDocument() is already defined in class org.jsoup.nodes.NodeTest_OE25Dev
[ERROR] /home/tasfia/Desktop/OE25-DEV/projects_decomposed/jsoup/src/test/java/org/jsoup/nodes/NodeTest_OE25Dev.java:[718,23] method ownerDocument() is already defined in class org.jsoup.nodes.NodeTest_OE25Dev
[ERROR] /home/tasfia/Desktop/OE25-DEV/projects_decomposed/jsoup/src/test/java/org/jsoup/nodes/NodeTest_OE25Dev.java:[725,23] method ownerDocument() is already defined in class org.jsoup.nodes.NodeTest_OE25Dev
[ERROR] /home/tasfia/Desktop/OE25-DEV/projects_decomposed/jsoup/src/test/java/org/jsoup/nodes/NodeTest_OE25Dev.java:[733,23] method root() is already defined in class org.jsoup.nodes.NodeTest_OE25Dev
[ERROR] /home/tasfia/Desktop/OE25-DEV/projects_decomposed/jsoup/src/test/java/org/jsoup/nodes/NodeTest_OE25Dev.java:[740,23] method root() is already defined in class org.jsoup.nodes.NodeTest_OE25Dev
[ERROR] /home/tasfia/Desktop/OE25-DEV/projects_decomposed/jsoup/src/test/java/org/jsoup/nodes/NodeTest_OE25Dev.java:[748,23] method root() is already defined in class org.jsoup.nodes.NodeTest_OE25Dev
[ERROR] /home/tasfia/Desktop/OE25-DEV/projects_decomposed/jsoup/src/test/java/org/jsoup/nodes/NodeTest_OE25Dev.java:[757,23] method root() is already defined in class org.jsoup.nodes.NodeTest_OE25Dev
[ERROR] /home/tasfia/Desktop/OE25-DEV/projects_decomposed/jsoup/src/test/java/org/jsoup/nodes/NodeTest_OE25Dev.java:[767,23] method root() is already defined in class org.jsoup.nodes.NodeTest_OE25Dev
[ERROR] /home/tasfia/Desktop/OE25-DEV/projects_decomposed/jsoup/src/test/java/org/jsoup/nodes/NodeTest_OE25Dev.java:[780,23] method root() is already defined in class org.jsoup.nodes.NodeTest_OE25Dev
[ERROR] /home/tasfia/Desktop/OE25-DEV/projects_decomposed/jsoup/src/test/java/org/jsoup/nodes/NodeTest_OE25Dev.java:[794,23] method root() is already defined in class org.jsoup.nodes.NodeTest_OE25Dev
[ERROR] /home/tasfia/Desktop/OE25-DEV/projects_decomposed/jsoup/src/test/java/org/jsoup/nodes/NodeTest_OE25Dev.java:[809,23] method before() is already defined in class org.jsoup.nodes.NodeTest_OE25Dev
[ERROR] /home/tasfia/Desktop/OE25-DEV/projects_decomposed/jsoup/src/test/java/org/jsoup/nodes/NodeTest_OE25Dev.java:[818,23] method before() is already defined in class org.jsoup.nodes.NodeTest_OE25Dev
[ERROR] /home/tasfia/Desktop/OE25-DEV/projects_decomposed/jsoup/src/test/java/org/jsoup/nodes/NodeTest_OE25Dev.java:[830,23] method after() is already defined in class org.jsoup.nodes.NodeTest_OE25Dev
[ERROR] /home/tasfia/Desktop/OE25-DEV/projects_decomposed/jsoup/src/test/java/org/jsoup/nodes/NodeTest_OE25Dev.java:[839,23] method after() is already defined in class org.jsoup.nodes.NodeTest_OE25Dev
[ERROR] /home/tasfia/Desktop/OE25-DEV/projects_decomposed/jsoup/src/test/java/org/jsoup/nodes/NodeTest_OE25Dev.java:[851,23] method unwrap() is already defined in class org.jsoup.nodes.NodeTest_OE25Dev
[ERROR] /home/tasfia/Desktop/OE25-DEV/projects_decomposed/jsoup/src/test/java/org/jsoup/nodes/NodeTest_OE25Dev.java:[860,23] method unwrap() is already defined in class org.jsoup.nodes.NodeTest_OE25Dev
[ERROR] /home/tasfia/Desktop/OE25-DEV/projects_decomposed/jsoup/src/test/java/org/jsoup/nodes/NodeTest_OE25Dev.java:[870,23] method unwrap() is already defined in class org.jsoup.nodes.NodeTest_OE25Dev
[ERROR] /home/tasfia/Desktop/OE25-DEV/projects_decomposed/jsoup/src/test/java/org/jsoup/nodes/NodeTest_OE25Dev.java:[881,23] method unwrap() is already defined in class org.jsoup.nodes.NodeTest_OE25Dev
[ERROR] /home/tasfia/Desktop/OE25-DEV/projects_decomposed/jsoup/src/test/java/org/jsoup/nodes/NodeTest_OE25Dev.java:[893,23] method unwrap() is already defined in class org.jsoup.nodes.NodeTest_OE25Dev
[ERROR] /home/tasfia/Desktop/OE25-DEV/projects_decomposed/jsoup/src/test/java/org/jsoup/nodes/NodeTest_OE25Dev.java:[906,23] method unwrapNoChildren() is already defined in class org.jsoup.nodes.NodeTest_OE25Dev
[ERROR] /home/tasfia/Desktop/OE25-DEV/projects_decomposed/jsoup/src/test/java/org/jsoup/nodes/NodeTest_OE25Dev.java:[913,23] method unwrapNoChildren() is already defined in class org.jsoup.nodes.NodeTest_OE25Dev
[ERROR] /home/tasfia/Desktop/OE25-DEV/projects_decomposed/jsoup/src/test/java/org/jsoup/nodes/NodeTest_OE25Dev.java:[921,23] method traverse() is already defined in class org.jsoup.nodes.NodeTest_OE25Dev
[ERROR] /home/tasfia/Desktop/OE25-DEV/projects_decomposed/jsoup/src/test/java/org/jsoup/nodes/NodeTest_OE25Dev.java:[938,23] method forEachNode() is already defined in class org.jsoup.nodes.NodeTest_OE25Dev
[ERROR] /home/tasfia/Desktop/OE25-DEV/projects_decomposed/jsoup/src/test/java/org/jsoup/nodes/NodeTest_OE25Dev.java:[953,23] method orphanNodeReturnsNullForSiblingElements() is already defined in class org.jsoup.nodes.NodeTest_OE25Dev
[ERROR] /home/tasfia/Desktop/OE25-DEV/projects_decomposed/jsoup/src/test/java/org/jsoup/nodes/NodeTest_OE25Dev.java:[960,23] method orphanNodeReturnsNullForSiblingElements() is already defined in class org.jsoup.nodes.NodeTest_OE25Dev
[ERROR] /home/tasfia/Desktop/OE25-DEV/projects_decomposed/jsoup/src/test/java/org/jsoup/nodes/NodeTest_OE25Dev.java:[968,23] method orphanNodeReturnsNullForSiblingElements() is already defined in class org.jsoup.nodes.NodeTest_OE25Dev
[ERROR] /home/tasfia/Desktop/OE25-DEV/projects_decomposed/jsoup/src/test/java/org/jsoup/nodes/NodeTest_OE25Dev.java:[978,23] method orphanNodeReturnsNullForSiblingElements() is already defined in class org.jsoup.nodes.NodeTest_OE25Dev
[ERROR] /home/tasfia/Desktop/OE25-DEV/projects_decomposed/jsoup/src/test/java/org/jsoup/nodes/NodeTest_OE25Dev.java:[989,23] method orphanNodeReturnsNullForSiblingElements() is already defined in class org.jsoup.nodes.NodeTest_OE25Dev
[ERROR] /home/tasfia/Desktop/OE25-DEV/projects_decomposed/jsoup/src/test/java/org/jsoup/nodes/NodeTest_OE25Dev.java:[1002,23] method orphanNodeReturnsNullForSiblingElements() is already defined in class org.jsoup.nodes.NodeTest_OE25Dev
[ERROR] /home/tasfia/Desktop/OE25-DEV/projects_decomposed/jsoup/src/test/java/org/jsoup/nodes/NodeTest_OE25Dev.java:[1016,23] method orphanNodeReturnsNullForSiblingElements() is already defined in class org.jsoup.nodes.NodeTest_OE25Dev
[ERROR] /home/tasfia/Desktop/OE25-DEV/projects_decomposed/jsoup/src/test/java/org/jsoup/nodes/NodeTest_OE25Dev.java:[1031,23] method nodeIsNotASiblingOfItself() is already defined in class org.jsoup.nodes.NodeTest_OE25Dev
[ERROR] /home/tasfia/Desktop/OE25-DEV/projects_decomposed/jsoup/src/test/java/org/jsoup/nodes/NodeTest_OE25Dev.java:[1038,23] method nodeIsNotASiblingOfItself() is already defined in class org.jsoup.nodes.NodeTest_OE25Dev
[ERROR] /home/tasfia/Desktop/OE25-DEV/projects_decomposed/jsoup/src/test/java/org/jsoup/nodes/NodeTest_OE25Dev.java:[1047,23] method nodeIsNotASiblingOfItself() is already defined in class org.jsoup.nodes.NodeTest_OE25Dev
[ERROR] /home/tasfia/Desktop/OE25-DEV/projects_decomposed/jsoup/src/test/java/org/jsoup/nodes/NodeTest_OE25Dev.java:[1057,23] method nodeIsNotASiblingOfItself() is already defined in class org.jsoup.nodes.NodeTest_OE25Dev
[ERROR] /home/tasfia/Desktop/OE25-DEV/projects_decomposed/jsoup/src/test/java/org/jsoup/nodes/NodeTest_OE25Dev.java:[1068,23] method childNodesCopy() is already defined in class org.jsoup.nodes.NodeTest_OE25Dev
[ERROR] /home/tasfia/Desktop/OE25-DEV/projects_decomposed/jsoup/src/test/java/org/jsoup/nodes/NodeTest_OE25Dev.java:[1076,23] method childNodesCopy() is already defined in class org.jsoup.nodes.NodeTest_OE25Dev
[ERROR] /home/tasfia/Desktop/OE25-DEV/projects_decomposed/jsoup/src/test/java/org/jsoup/nodes/NodeTest_OE25Dev.java:[1088,23] method childNodesCopy() is already defined in class org.jsoup.nodes.NodeTest_OE25Dev
[ERROR] /home/tasfia/Desktop/OE25-DEV/projects_decomposed/jsoup/src/test/java/org/jsoup/nodes/NodeTest_OE25Dev.java:[1102,23] method supportsClone() is already defined in class org.jsoup.nodes.NodeTest_OE25Dev
[ERROR] /home/tasfia/Desktop/OE25-DEV/projects_decomposed/jsoup/src/test/java/org/jsoup/nodes/NodeTest_OE25Dev.java:[1108,23] method supportsClone() is already defined in class org.jsoup.nodes.NodeTest_OE25Dev
[ERROR] /home/tasfia/Desktop/OE25-DEV/projects_decomposed/jsoup/src/test/java/org/jsoup/nodes/NodeTest_OE25Dev.java:[1117,23] method supportsClone() is already defined in class org.jsoup.nodes.NodeTest_OE25Dev
[ERROR] /home/tasfia/Desktop/OE25-DEV/projects_decomposed/jsoup/src/test/java/org/jsoup/nodes/NodeTest_OE25Dev.java:[1127,23] method supportsClone() is already defined in class org.jsoup.nodes.NodeTest_OE25Dev
[ERROR] /home/tasfia/Desktop/OE25-DEV/projects_decomposed/jsoup/src/test/java/org/jsoup/nodes/NodeTest_OE25Dev.java:[1141,23] method supportsClone() is already defined in class org.jsoup.nodes.NodeTest_OE25Dev
[ERROR] /home/tasfia/Desktop/OE25-DEV/projects_decomposed/jsoup/src/test/java/org/jsoup/nodes/NodeTest_OE25Dev.java:[1156,23] method supportsClone() is already defined in class org.jsoup.nodes.NodeTest_OE25Dev
[ERROR] /home/tasfia/Desktop/OE25-DEV/projects_decomposed/jsoup/src/test/java/org/jsoup/nodes/NodeTest_OE25Dev.java:[1172,23] method supportsClone() is already defined in class org.jsoup.nodes.NodeTest_OE25Dev
[ERROR] /home/tasfia/Desktop/OE25-DEV/projects_decomposed/jsoup/src/test/java/org/jsoup/nodes/NodeTest_OE25Dev.java:[1189,23] method changingAttributeValueShouldReplaceExistingAttributeCaseInsensitive() is already defined in class org.jsoup.nodes.NodeTest_OE25Dev
[ERROR] /home/tasfia/Desktop/OE25-DEV/projects_decomposed/jsoup/src/test/java/org/jsoup/nodes/NodeTest_OE25Dev.java:[1198,16] method clonedNodesHaveOwnerDocsAndIndependentSettings() is already defined in class org.jsoup.nodes.NodeTest_OE25Dev
[ERROR] /home/tasfia/Desktop/OE25-DEV/projects_decomposed/jsoup/src/test/java/org/jsoup/nodes/NodeTest_OE25Dev.java:[1206,16] method clonedNodesHaveOwnerDocsAndIndependentSettings() is already defined in class org.jsoup.nodes.NodeTest_OE25Dev
[ERROR] /home/tasfia/Desktop/OE25-DEV/projects_decomposed/jsoup/src/test/java/org/jsoup/nodes/NodeTest_OE25Dev.java:[1216,16] method clonedNodesHaveOwnerDocsAndIndependentSettings() is already defined in class org.jsoup.nodes.NodeTest_OE25Dev
[ERROR] /home/tasfia/Desktop/OE25-DEV/projects_decomposed/jsoup/src/test/java/org/jsoup/nodes/NodeTest_OE25Dev.java:[1230,16] method clonedNodesHaveOwnerDocsAndIndependentSettings() is already defined in class org.jsoup.nodes.NodeTest_OE25Dev
[ERROR] /home/tasfia/Desktop/OE25-DEV/projects_decomposed/jsoup/src/test/java/org/jsoup/nodes/NodeTest_OE25Dev.java:[1245,16] method clonedNodesHaveOwnerDocsAndIndependentSettings() is already defined in class org.jsoup.nodes.NodeTest_OE25Dev
[ERROR] /home/tasfia/Desktop/OE25-DEV/projects_decomposed/jsoup/src/test/java/org/jsoup/nodes/NodeTest_OE25Dev.java:[1261,16] method clonedNodesHaveOwnerDocsAndIndependentSettings() is already defined in class org.jsoup.nodes.NodeTest_OE25Dev
[ERROR] /home/tasfia/Desktop/OE25-DEV/projects_decomposed/jsoup/src/test/java/org/jsoup/nodes/NodeTest_OE25Dev.java:[1280,16] method clonedNodesHaveOwnerDocsAndIndependentSettings() is already defined in class org.jsoup.nodes.NodeTest_OE25Dev
[ERROR] /home/tasfia/Desktop/OE25-DEV/projects_decomposed/jsoup/src/test/java/org/jsoup/nodes/NodeTest_OE25Dev.java:[1300,16] method clonedNodesHaveOwnerDocsAndIndependentSettings() is already defined in class org.jsoup.nodes.NodeTest_OE25Dev
[ERROR] /home/tasfia/Desktop/OE25-DEV/projects_decomposed/jsoup/src/test/java/org/jsoup/nodes/NodeTest_OE25Dev.java:[1321,16] method clonedNodesHaveOwnerDocsAndIndependentSettings() is already defined in class org.jsoup.nodes.NodeTest_OE25Dev
[ERROR] /home/tasfia/Desktop/OE25-DEV/projects_decomposed/jsoup/src/test/java/org/jsoup/select/ElementsTest_OE25Dev.java:[437,23] method filter() is already defined in class org.jsoup.select.ElementsTest_OE25Dev
[ERROR] /home/tasfia/Desktop/OE25-DEV/projects_decomposed/jsoup/src/test/java/org/jsoup/select/ElementsTest_OE25Dev.java:[444,23] method filter() is already defined in class org.jsoup.select.ElementsTest_OE25Dev
[ERROR] /home/tasfia/Desktop/OE25-DEV/projects_decomposed/jsoup/src/test/java/org/jsoup/select/ElementsTest_OE25Dev.java:[452,23] method filter() is already defined in class org.jsoup.select.ElementsTest_OE25Dev
[ERROR] /home/tasfia/Desktop/OE25-DEV/projects_decomposed/jsoup/src/test/java/org/jsoup/select/ElementsTest_OE25Dev.java:[461,23] method attributes() is already defined in class org.jsoup.select.ElementsTest_OE25Dev
[ERROR] /home/tasfia/Desktop/OE25-DEV/projects_decomposed/jsoup/src/test/java/org/jsoup/select/ElementsTest_OE25Dev.java:[468,23] method attributes() is already defined in class org.jsoup.select.ElementsTest_OE25Dev
[ERROR] /home/tasfia/Desktop/OE25-DEV/projects_decomposed/jsoup/src/test/java/org/jsoup/select/ElementsTest_OE25Dev.java:[476,23] method attributes() is already defined in class org.jsoup.select.ElementsTest_OE25Dev
[ERROR] /home/tasfia/Desktop/OE25-DEV/projects_decomposed/jsoup/src/test/java/org/jsoup/select/ElementsTest_OE25Dev.java:[485,23] method attributes() is already defined in class org.jsoup.select.ElementsTest_OE25Dev
[ERROR] /home/tasfia/Desktop/OE25-DEV/projects_decomposed/jsoup/src/test/java/org/jsoup/select/ElementsTest_OE25Dev.java:[495,23] method attributes() is already defined in class org.jsoup.select.ElementsTest_OE25Dev
[ERROR] /home/tasfia/Desktop/OE25-DEV/projects_decomposed/jsoup/src/test/java/org/jsoup/select/ElementsTest_OE25Dev.java:[508,23] method attributes() is already defined in class org.jsoup.select.ElementsTest_OE25Dev
[ERROR] /home/tasfia/Desktop/OE25-DEV/projects_decomposed/jsoup/src/test/java/org/jsoup/select/ElementsTest_OE25Dev.java:[522,23] method attributes() is already defined in class org.jsoup.select.ElementsTest_OE25Dev
[ERROR] /home/tasfia/Desktop/OE25-DEV/projects_decomposed/jsoup/src/test/java/org/jsoup/select/ElementsTest_OE25Dev.java:[539,23] method attributes() is already defined in class org.jsoup.select.ElementsTest_OE25Dev
[ERROR] /home/tasfia/Desktop/OE25-DEV/projects_decomposed/jsoup/src/test/java/org/jsoup/select/ElementsTest_OE25Dev.java:[557,23] method attributes() is already defined in class org.jsoup.select.ElementsTest_OE25Dev
[ERROR] /home/tasfia/Desktop/OE25-DEV/projects_decomposed/jsoup/src/test/java/org/jsoup/select/ElementsTest_OE25Dev.java:[576,23] method hasAttr() is already defined in class org.jsoup.select.ElementsTest_OE25Dev
[ERROR] /home/tasfia/Desktop/OE25-DEV/projects_decomposed/jsoup/src/test/java/org/jsoup/select/ElementsTest_OE25Dev.java:[582,23] method hasAttr() is already defined in class org.jsoup.select.ElementsTest_OE25Dev
[ERROR] /home/tasfia/Desktop/OE25-DEV/projects_decomposed/jsoup/src/test/java/org/jsoup/select/ElementsTest_OE25Dev.java:[589,23] method hasAbsAttr() is already defined in class org.jsoup.select.ElementsTest_OE25Dev
[INFO] 100 errors 
[INFO] -------------------------------------------------------------
[INFO] ------------------------------------------------------------------------
[INFO] BUILD FAILURE
[INFO] ------------------------------------------------------------------------
[INFO] Total time:  3.462 s
[INFO] Finished at: 2026-01-26T16:30:13-06:00
[INFO] ------------------------------------------------------------------------
[ERROR] Failed to execute goal org.apache.maven.plugins:maven-compiler-plugin:3.10.1:testCompile (default-testCompile) on project jsoup: Compilation failure: Compilation failure: 
[ERROR] /home/tasfia/Desktop/OE25-DEV/projects_decomposed/jsoup/src/test/java/org/jsoup/nodes/NodeTest_OE25Dev.java:[351,23] method handlesBaseUri() is already defined in class org.jsoup.nodes.NodeTest_OE25Dev
[ERROR] /home/tasfia/Desktop/OE25-DEV/projects_decomposed/jsoup/src/test/java/org/jsoup/nodes/NodeTest_OE25Dev.java:[361,23] method handlesBaseUri() is already defined in class org.jsoup.nodes.NodeTest_OE25Dev
[ERROR] /home/tasfia/Desktop/OE25-DEV/projects_decomposed/jsoup/src/test/java/org/jsoup/nodes/NodeTest_OE25Dev.java:[372,23] method handlesBaseUri() is already defined in class org.jsoup.nodes.NodeTest_OE25Dev
[ERROR] /home/tasfia/Desktop/OE25-DEV/projects_decomposed/jsoup/src/test/java/org/jsoup/nodes/NodeTest_OE25Dev.java:[386,23] method handlesBaseUri() is already defined in class org.jsoup.nodes.NodeTest_OE25Dev
[ERROR] /home/tasfia/Desktop/OE25-DEV/projects_decomposed/jsoup/src/test/java/org/jsoup/nodes/NodeTest_OE25Dev.java:[401,23] method handlesBaseUri() is already defined in class org.jsoup.nodes.NodeTest_OE25Dev
[ERROR] /home/tasfia/Desktop/OE25-DEV/projects_decomposed/jsoup/src/test/java/org/jsoup/nodes/NodeTest_OE25Dev.java:[417,23] method handlesBaseUri() is already defined in class org.jsoup.nodes.NodeTest_OE25Dev
[ERROR] /home/tasfia/Desktop/OE25-DEV/projects_decomposed/jsoup/src/test/java/org/jsoup/nodes/NodeTest_OE25Dev.java:[436,23] method handlesBaseUri() is already defined in class org.jsoup.nodes.NodeTest_OE25Dev
[ERROR] /home/tasfia/Desktop/OE25-DEV/projects_decomposed/jsoup/src/test/java/org/jsoup/nodes/NodeTest_OE25Dev.java:[456,23] method setBaseUriIsRecursive() is already defined in class org.jsoup.nodes.NodeTest_OE25Dev
[ERROR] /home/tasfia/Desktop/OE25-DEV/projects_decomposed/jsoup/src/test/java/org/jsoup/nodes/NodeTest_OE25Dev.java:[464,23] method setBaseUriIsRecursive() is already defined in class org.jsoup.nodes.NodeTest_OE25Dev
[ERROR] /home/tasfia/Desktop/OE25-DEV/projects_decomposed/jsoup/src/test/java/org/jsoup/nodes/NodeTest_OE25Dev.java:[473,23] method setBaseUriIsRecursive() is already defined in class org.jsoup.nodes.NodeTest_OE25Dev
[ERROR] /home/tasfia/Desktop/OE25-DEV/projects_decomposed/jsoup/src/test/java/org/jsoup/nodes/NodeTest_OE25Dev.java:[483,23] method handlesAbsPrefix() is already defined in class org.jsoup.nodes.NodeTest_OE25Dev
[ERROR] /home/tasfia/Desktop/OE25-DEV/projects_decomposed/jsoup/src/test/java/org/jsoup/nodes/NodeTest_OE25Dev.java:[489,23] method handlesAbsPrefix() is already defined in class org.jsoup.nodes.NodeTest_OE25Dev
[ERROR] /home/tasfia/Desktop/OE25-DEV/projects_decomposed/jsoup/src/test/java/org/jsoup/nodes/NodeTest_OE25Dev.java:[496,23] method handlesAbsPrefix() is already defined in class org.jsoup.nodes.NodeTest_OE25Dev
[ERROR] /home/tasfia/Desktop/OE25-DEV/projects_decomposed/jsoup/src/test/java/org/jsoup/nodes/NodeTest_OE25Dev.java:[504,23] method handlesAbsOnImage() is already defined in class org.jsoup.nodes.NodeTest_OE25Dev
[ERROR] /home/tasfia/Desktop/OE25-DEV/projects_decomposed/jsoup/src/test/java/org/jsoup/nodes/NodeTest_OE25Dev.java:[510,23] method handlesAbsOnImage() is already defined in class org.jsoup.nodes.NodeTest_OE25Dev
[ERROR] /home/tasfia/Desktop/OE25-DEV/projects_decomposed/jsoup/src/test/java/org/jsoup/nodes/NodeTest_OE25Dev.java:[517,23] method handlesAbsPrefixOnHasAttr() is already defined in class org.jsoup.nodes.NodeTest_OE25Dev
[ERROR] /home/tasfia/Desktop/OE25-DEV/projects_decomposed/jsoup/src/test/java/org/jsoup/nodes/NodeTest_OE25Dev.java:[526,23] method handlesAbsPrefixOnHasAttr() is already defined in class org.jsoup.nodes.NodeTest_OE25Dev
[ERROR] /home/tasfia/Desktop/OE25-DEV/projects_decomposed/jsoup/src/test/java/org/jsoup/nodes/NodeTest_OE25Dev.java:[536,23] method handlesAbsPrefixOnHasAttr() is already defined in class org.jsoup.nodes.NodeTest_OE25Dev
[ERROR] /home/tasfia/Desktop/OE25-DEV/projects_decomposed/jsoup/src/test/java/org/jsoup/nodes/NodeTest_OE25Dev.java:[547,23] method handlesAbsPrefixOnHasAttr() is already defined in class org.jsoup.nodes.NodeTest_OE25Dev
[ERROR] /home/tasfia/Desktop/OE25-DEV/projects_decomposed/jsoup/src/test/java/org/jsoup/nodes/NodeTest_OE25Dev.java:[560,23] method handlesAbsPrefixOnHasAttr() is already defined in class org.jsoup.nodes.NodeTest_OE25Dev
[ERROR] /home/tasfia/Desktop/OE25-DEV/projects_decomposed/jsoup/src/test/java/org/jsoup/nodes/NodeTest_OE25Dev.java:[574,23] method handlesAbsPrefixOnHasAttr() is already defined in class org.jsoup.nodes.NodeTest_OE25Dev
[ERROR] /home/tasfia/Desktop/OE25-DEV/projects_decomposed/jsoup/src/test/java/org/jsoup/nodes/NodeTest_OE25Dev.java:[589,23] method literalAbsPrefix() is already defined in class org.jsoup.nodes.NodeTest_OE25Dev
[ERROR] /home/tasfia/Desktop/OE25-DEV/projects_decomposed/jsoup/src/test/java/org/jsoup/nodes/NodeTest_OE25Dev.java:[596,23] method literalAbsPrefix() is already defined in class org.jsoup.nodes.NodeTest_OE25Dev
[ERROR] /home/tasfia/Desktop/OE25-DEV/projects_decomposed/jsoup/src/test/java/org/jsoup/nodes/NodeTest_OE25Dev.java:[604,23] method handleAbsOnFileUris() is already defined in class org.jsoup.nodes.NodeTest_OE25Dev
[ERROR] /home/tasfia/Desktop/OE25-DEV/projects_decomposed/jsoup/src/test/java/org/jsoup/nodes/NodeTest_OE25Dev.java:[610,23] method handleAbsOnFileUris() is already defined in class org.jsoup.nodes.NodeTest_OE25Dev
[ERROR] /home/tasfia/Desktop/OE25-DEV/projects_decomposed/jsoup/src/test/java/org/jsoup/nodes/NodeTest_OE25Dev.java:[663,23] method absHandlesRelativeQuery() is already defined in class org.jsoup.nodes.NodeTest_OE25Dev
[ERROR] /home/tasfia/Desktop/OE25-DEV/projects_decomposed/jsoup/src/test/java/org/jsoup/nodes/NodeTest_OE25Dev.java:[670,23] method absHandlesRelativeQuery() is already defined in class org.jsoup.nodes.NodeTest_OE25Dev
[ERROR] /home/tasfia/Desktop/OE25-DEV/projects_decomposed/jsoup/src/test/java/org/jsoup/nodes/NodeTest_OE25Dev.java:[680,23] method absHandlesDotFromIndex() is already defined in class org.jsoup.nodes.NodeTest_OE25Dev
[ERROR] /home/tasfia/Desktop/OE25-DEV/projects_decomposed/jsoup/src/test/java/org/jsoup/nodes/NodeTest_OE25Dev.java:[686,23] method testRemove() is already defined in class org.jsoup.nodes.NodeTest_OE25Dev
[ERROR] /home/tasfia/Desktop/OE25-DEV/projects_decomposed/jsoup/src/test/java/org/jsoup/nodes/NodeTest_OE25Dev.java:[694,23] method testRemove() is already defined in class org.jsoup.nodes.NodeTest_OE25Dev
[ERROR] /home/tasfia/Desktop/OE25-DEV/projects_decomposed/jsoup/src/test/java/org/jsoup/nodes/NodeTest_OE25Dev.java:[703,23] method testReplace() is already defined in class org.jsoup.nodes.NodeTest_OE25Dev
[ERROR] /home/tasfia/Desktop/OE25-DEV/projects_decomposed/jsoup/src/test/java/org/jsoup/nodes/NodeTest_OE25Dev.java:[712,23] method ownerDocument() is already defined in class org.jsoup.nodes.NodeTest_OE25Dev
[ERROR] /home/tasfia/Desktop/OE25-DEV/projects_decomposed/jsoup/src/test/java/org/jsoup/nodes/NodeTest_OE25Dev.java:[718,23] method ownerDocument() is already defined in class org.jsoup.nodes.NodeTest_OE25Dev
[ERROR] /home/tasfia/Desktop/OE25-DEV/projects_decomposed/jsoup/src/test/java/org/jsoup/nodes/NodeTest_OE25Dev.java:[725,23] method ownerDocument() is already defined in class org.jsoup.nodes.NodeTest_OE25Dev
[ERROR] /home/tasfia/Desktop/OE25-DEV/projects_decomposed/jsoup/src/test/java/org/jsoup/nodes/NodeTest_OE25Dev.java:[733,23] method root() is already defined in class org.jsoup.nodes.NodeTest_OE25Dev
[ERROR] /home/tasfia/Desktop/OE25-DEV/projects_decomposed/jsoup/src/test/java/org/jsoup/nodes/NodeTest_OE25Dev.java:[740,23] method root() is already defined in class org.jsoup.nodes.NodeTest_OE25Dev
[ERROR] /home/tasfia/Desktop/OE25-DEV/projects_decomposed/jsoup/src/test/java/org/jsoup/nodes/NodeTest_OE25Dev.java:[748,23] method root() is already defined in class org.jsoup.nodes.NodeTest_OE25Dev
[ERROR] /home/tasfia/Desktop/OE25-DEV/projects_decomposed/jsoup/src/test/java/org/jsoup/nodes/NodeTest_OE25Dev.java:[757,23] method root() is already defined in class org.jsoup.nodes.NodeTest_OE25Dev
[ERROR] /home/tasfia/Desktop/OE25-DEV/projects_decomposed/jsoup/src/test/java/org/jsoup/nodes/NodeTest_OE25Dev.java:[767,23] method root() is already defined in class org.jsoup.nodes.NodeTest_OE25Dev
[ERROR] /home/tasfia/Desktop/OE25-DEV/projects_decomposed/jsoup/src/test/java/org/jsoup/nodes/NodeTest_OE25Dev.java:[780,23] method root() is already defined in class org.jsoup.nodes.NodeTest_OE25Dev
[ERROR] /home/tasfia/Desktop/OE25-DEV/projects_decomposed/jsoup/src/test/java/org/jsoup/nodes/NodeTest_OE25Dev.java:[794,23] method root() is already defined in class org.jsoup.nodes.NodeTest_OE25Dev
[ERROR] /home/tasfia/Desktop/OE25-DEV/projects_decomposed/jsoup/src/test/java/org/jsoup/nodes/NodeTest_OE25Dev.java:[809,23] method before() is already defined in class org.jsoup.nodes.NodeTest_OE25Dev
[ERROR] /home/tasfia/Desktop/OE25-DEV/projects_decomposed/jsoup/src/test/java/org/jsoup/nodes/NodeTest_OE25Dev.java:[818,23] method before() is already defined in class org.jsoup.nodes.NodeTest_OE25Dev
[ERROR] /home/tasfia/Desktop/OE25-DEV/projects_decomposed/jsoup/src/test/java/org/jsoup/nodes/NodeTest_OE25Dev.java:[830,23] method after() is already defined in class org.jsoup.nodes.NodeTest_OE25Dev
[ERROR] /home/tasfia/Desktop/OE25-DEV/projects_decomposed/jsoup/src/test/java/org/jsoup/nodes/NodeTest_OE25Dev.java:[839,23] method after() is already defined in class org.jsoup.nodes.NodeTest_OE25Dev
[ERROR] /home/tasfia/Desktop/OE25-DEV/projects_decomposed/jsoup/src/test/java/org/jsoup/nodes/NodeTest_OE25Dev.java:[851,23] method unwrap() is already defined in class org.jsoup.nodes.NodeTest_OE25Dev
[ERROR] /home/tasfia/Desktop/OE25-DEV/projects_decomposed/jsoup/src/test/java/org/jsoup/nodes/NodeTest_OE25Dev.java:[860,23] method unwrap() is already defined in class org.jsoup.nodes.NodeTest_OE25Dev
[ERROR] /home/tasfia/Desktop/OE25-DEV/projects_decomposed/jsoup/src/test/java/org/jsoup/nodes/NodeTest_OE25Dev.java:[870,23] method unwrap() is already defined in class org.jsoup.nodes.NodeTest_OE25Dev
[ERROR] /home/tasfia/Desktop/OE25-DEV/projects_decomposed/jsoup/src/test/java/org/jsoup/nodes/NodeTest_OE25Dev.java:[881,23] method unwrap() is already defined in class org.jsoup.nodes.NodeTest_OE25Dev
[ERROR] /home/tasfia/Desktop/OE25-DEV/projects_decomposed/jsoup/src/test/java/org/jsoup/nodes/NodeTest_OE25Dev.java:[893,23] method unwrap() is already defined in class org.jsoup.nodes.NodeTest_OE25Dev
[ERROR] /home/tasfia/Desktop/OE25-DEV/projects_decomposed/jsoup/src/test/java/org/jsoup/nodes/NodeTest_OE25Dev.java:[906,23] method unwrapNoChildren() is already defined in class org.jsoup.nodes.NodeTest_OE25Dev
[ERROR] /home/tasfia/Desktop/OE25-DEV/projects_decomposed/jsoup/src/test/java/org/jsoup/nodes/NodeTest_OE25Dev.java:[913,23] method unwrapNoChildren() is already defined in class org.jsoup.nodes.NodeTest_OE25Dev
[ERROR] /home/tasfia/Desktop/OE25-DEV/projects_decomposed/jsoup/src/test/java/org/jsoup/nodes/NodeTest_OE25Dev.java:[921,23] method traverse() is already defined in class org.jsoup.nodes.NodeTest_OE25Dev
[ERROR] /home/tasfia/Desktop/OE25-DEV/projects_decomposed/jsoup/src/test/java/org/jsoup/nodes/NodeTest_OE25Dev.java:[938,23] method forEachNode() is already defined in class org.jsoup.nodes.NodeTest_OE25Dev
[ERROR] /home/tasfia/Desktop/OE25-DEV/projects_decomposed/jsoup/src/test/java/org/jsoup/nodes/NodeTest_OE25Dev.java:[953,23] method orphanNodeReturnsNullForSiblingElements() is already defined in class org.jsoup.nodes.NodeTest_OE25Dev
[ERROR] /home/tasfia/Desktop/OE25-DEV/projects_decomposed/jsoup/src/test/java/org/jsoup/nodes/NodeTest_OE25Dev.java:[960,23] method orphanNodeReturnsNullForSiblingElements() is already defined in class org.jsoup.nodes.NodeTest_OE25Dev
[ERROR] /home/tasfia/Desktop/OE25-DEV/projects_decomposed/jsoup/src/test/java/org/jsoup/nodes/NodeTest_OE25Dev.java:[968,23] method orphanNodeReturnsNullForSiblingElements() is already defined in class org.jsoup.nodes.NodeTest_OE25Dev
[ERROR] /home/tasfia/Desktop/OE25-DEV/projects_decomposed/jsoup/src/test/java/org/jsoup/nodes/NodeTest_OE25Dev.java:[978,23] method orphanNodeReturnsNullForSiblingElements() is already defined in class org.jsoup.nodes.NodeTest_OE25Dev
[ERROR] /home/tasfia/Desktop/OE25-DEV/projects_decomposed/jsoup/src/test/java/org/jsoup/nodes/NodeTest_OE25Dev.java:[989,23] method orphanNodeReturnsNullForSiblingElements() is already defined in class org.jsoup.nodes.NodeTest_OE25Dev
[ERROR] /home/tasfia/Desktop/OE25-DEV/projects_decomposed/jsoup/src/test/java/org/jsoup/nodes/NodeTest_OE25Dev.java:[1002,23] method orphanNodeReturnsNullForSiblingElements() is already defined in class org.jsoup.nodes.NodeTest_OE25Dev
[ERROR] /home/tasfia/Desktop/OE25-DEV/projects_decomposed/jsoup/src/test/java/org/jsoup/nodes/NodeTest_OE25Dev.java:[1016,23] method orphanNodeReturnsNullForSiblingElements() is already defined in class org.jsoup.nodes.NodeTest_OE25Dev
[ERROR] /home/tasfia/Desktop/OE25-DEV/projects_decomposed/jsoup/src/test/java/org/jsoup/nodes/NodeTest_OE25Dev.java:[1031,23] method nodeIsNotASiblingOfItself() is already defined in class org.jsoup.nodes.NodeTest_OE25Dev
[ERROR] /home/tasfia/Desktop/OE25-DEV/projects_decomposed/jsoup/src/test/java/org/jsoup/nodes/NodeTest_OE25Dev.java:[1038,23] method nodeIsNotASiblingOfItself() is already defined in class org.jsoup.nodes.NodeTest_OE25Dev
[ERROR] /home/tasfia/Desktop/OE25-DEV/projects_decomposed/jsoup/src/test/java/org/jsoup/nodes/NodeTest_OE25Dev.java:[1047,23] method nodeIsNotASiblingOfItself() is already defined in class org.jsoup.nodes.NodeTest_OE25Dev
[ERROR] /home/tasfia/Desktop/OE25-DEV/projects_decomposed/jsoup/src/test/java/org/jsoup/nodes/NodeTest_OE25Dev.java:[1057,23] method nodeIsNotASiblingOfItself() is already defined in class org.jsoup.nodes.NodeTest_OE25Dev
[ERROR] /home/tasfia/Desktop/OE25-DEV/projects_decomposed/jsoup/src/test/java/org/jsoup/nodes/NodeTest_OE25Dev.java:[1068,23] method childNodesCopy() is already defined in class org.jsoup.nodes.NodeTest_OE25Dev
[ERROR] /home/tasfia/Desktop/OE25-DEV/projects_decomposed/jsoup/src/test/java/org/jsoup/nodes/NodeTest_OE25Dev.java:[1076,23] method childNodesCopy() is already defined in class org.jsoup.nodes.NodeTest_OE25Dev
[ERROR] /home/tasfia/Desktop/OE25-DEV/projects_decomposed/jsoup/src/test/java/org/jsoup/nodes/NodeTest_OE25Dev.java:[1088,23] method childNodesCopy() is already defined in class org.jsoup.nodes.NodeTest_OE25Dev
[ERROR] /home/tasfia/Desktop/OE25-DEV/projects_decomposed/jsoup/src/test/java/org/jsoup/nodes/NodeTest_OE25Dev.java:[1102,23] method supportsClone() is already defined in class org.jsoup.nodes.NodeTest_OE25Dev
[ERROR] /home/tasfia/Desktop/OE25-DEV/projects_decomposed/jsoup/src/test/java/org/jsoup/nodes/NodeTest_OE25Dev.java:[1108,23] method supportsClone() is already defined in class org.jsoup.nodes.NodeTest_OE25Dev
[ERROR] /home/tasfia/Desktop/OE25-DEV/projects_decomposed/jsoup/src/test/java/org/jsoup/nodes/NodeTest_OE25Dev.java:[1117,23] method supportsClone() is already defined in class org.jsoup.nodes.NodeTest_OE25Dev
[ERROR] /home/tasfia/Desktop/OE25-DEV/projects_decomposed/jsoup/src/test/java/org/jsoup/nodes/NodeTest_OE25Dev.java:[1127,23] method supportsClone() is already defined in class org.jsoup.nodes.NodeTest_OE25Dev
[ERROR] /home/tasfia/Desktop/OE25-DEV/projects_decomposed/jsoup/src/test/java/org/jsoup/nodes/NodeTest_OE25Dev.java:[1141,23] method supportsClone() is already defined in class org.jsoup.nodes.NodeTest_OE25Dev
[ERROR] /home/tasfia/Desktop/OE25-DEV/projects_decomposed/jsoup/src/test/java/org/jsoup/nodes/NodeTest_OE25Dev.java:[1156,23] method supportsClone() is already defined in class org.jsoup.nodes.NodeTest_OE25Dev
[ERROR] /home/tasfia/Desktop/OE25-DEV/projects_decomposed/jsoup/src/test/java/org/jsoup/nodes/NodeTest_OE25Dev.java:[1172,23] method supportsClone() is already defined in class org.jsoup.nodes.NodeTest_OE25Dev
[ERROR] /home/tasfia/Desktop/OE25-DEV/projects_decomposed/jsoup/src/test/java/org/jsoup/nodes/NodeTest_OE25Dev.java:[1189,23] method changingAttributeValueShouldReplaceExistingAttributeCaseInsensitive() is already defined in class org.jsoup.nodes.NodeTest_OE25Dev
[ERROR] /home/tasfia/Desktop/OE25-DEV/projects_decomposed/jsoup/src/test/java/org/jsoup/nodes/NodeTest_OE25Dev.java:[1198,16] method clonedNodesHaveOwnerDocsAndIndependentSettings() is already defined in class org.jsoup.nodes.NodeTest_OE25Dev
[ERROR] /home/tasfia/Desktop/OE25-DEV/projects_decomposed/jsoup/src/test/java/org/jsoup/nodes/NodeTest_OE25Dev.java:[1206,16] method clonedNodesHaveOwnerDocsAndIndependentSettings() is already defined in class org.jsoup.nodes.NodeTest_OE25Dev
[ERROR] /home/tasfia/Desktop/OE25-DEV/projects_decomposed/jsoup/src/test/java/org/jsoup/nodes/NodeTest_OE25Dev.java:[1216,16] method clonedNodesHaveOwnerDocsAndIndependentSettings() is already defined in class org.jsoup.nodes.NodeTest_OE25Dev
[ERROR] /home/tasfia/Desktop/OE25-DEV/projects_decomposed/jsoup/src/test/java/org/jsoup/nodes/NodeTest_OE25Dev.java:[1230,16] method clonedNodesHaveOwnerDocsAndIndependentSettings() is already defined in class org.jsoup.nodes.NodeTest_OE25Dev
[ERROR] /home/tasfia/Desktop/OE25-DEV/projects_decomposed/jsoup/src/test/java/org/jsoup/nodes/NodeTest_OE25Dev.java:[1245,16] method clonedNodesHaveOwnerDocsAndIndependentSettings() is already defined in class org.jsoup.nodes.NodeTest_OE25Dev
[ERROR] /home/tasfia/Desktop/OE25-DEV/projects_decomposed/jsoup/src/test/java/org/jsoup/nodes/NodeTest_OE25Dev.java:[1261,16] method clonedNodesHaveOwnerDocsAndIndependentSettings() is already defined in class org.jsoup.nodes.NodeTest_OE25Dev
[ERROR] /home/tasfia/Desktop/OE25-DEV/projects_decomposed/jsoup/src/test/java/org/jsoup/nodes/NodeTest_OE25Dev.java:[1280,16] method clonedNodesHaveOwnerDocsAndIndependentSettings() is already defined in class org.jsoup.nodes.NodeTest_OE25Dev
[ERROR] /home/tasfia/Desktop/OE25-DEV/projects_decomposed/jsoup/src/test/java/org/jsoup/nodes/NodeTest_OE25Dev.java:[1300,16] method clonedNodesHaveOwnerDocsAndIndependentSettings() is already defined in class org.jsoup.nodes.NodeTest_OE25Dev
[ERROR] /home/tasfia/Desktop/OE25-DEV/projects_decomposed/jsoup/src/test/java/org/jsoup/nodes/NodeTest_OE25Dev.java:[1321,16] method clonedNodesHaveOwnerDocsAndIndependentSettings() is already defined in class org.jsoup.nodes.NodeTest_OE25Dev
[ERROR] /home/tasfia/Desktop/OE25-DEV/projects_decomposed/jsoup/src/test/java/org/jsoup/select/ElementsTest_OE25Dev.java:[437,23] method filter() is already defined in class org.jsoup.select.ElementsTest_OE25Dev
[ERROR] /home/tasfia/Desktop/OE25-DEV/projects_decomposed/jsoup/src/test/java/org/jsoup/select/ElementsTest_OE25Dev.java:[444,23] method filter() is already defined in class org.jsoup.select.ElementsTest_OE25Dev
[ERROR] /home/tasfia/Desktop/OE25-DEV/projects_decomposed/jsoup/src/test/java/org/jsoup/select/ElementsTest_OE25Dev.java:[452,23] method filter() is already defined in class org.jsoup.select.ElementsTest_OE25Dev
[ERROR] /home/tasfia/Desktop/OE25-DEV/projects_decomposed/jsoup/src/test/java/org/jsoup/select/ElementsTest_OE25Dev.java:[461,23] method attributes() is already defined in class org.jsoup.select.ElementsTest_OE25Dev
[ERROR] /home/tasfia/Desktop/OE25-DEV/projects_decomposed/jsoup/src/test/java/org/jsoup/select/ElementsTest_OE25Dev.java:[468,23] method attributes() is already defined in class org.jsoup.select.ElementsTest_OE25Dev
[ERROR] /home/tasfia/Desktop/OE25-DEV/projects_decomposed/jsoup/src/test/java/org/jsoup/select/ElementsTest_OE25Dev.java:[476,23] method attributes() is already defined in class org.jsoup.select.ElementsTest_OE25Dev
[ERROR] /home/tasfia/Desktop/OE25-DEV/projects_decomposed/jsoup/src/test/java/org/jsoup/select/ElementsTest_OE25Dev.java:[485,23] method attributes() is already defined in class org.jsoup.select.ElementsTest_OE25Dev
[ERROR] /home/tasfia/Desktop/OE25-DEV/projects_decomposed/jsoup/src/test/java/org/jsoup/select/ElementsTest_OE25Dev.java:[495,23] method attributes() is already defined in class org.jsoup.select.ElementsTest_OE25Dev
[ERROR] /home/tasfia/Desktop/OE25-DEV/projects_decomposed/jsoup/src/test/java/org/jsoup/select/ElementsTest_OE25Dev.java:[508,23] method attributes() is already defined in class org.jsoup.select.ElementsTest_OE25Dev
[ERROR] /home/tasfia/Desktop/OE25-DEV/projects_decomposed/jsoup/src/test/java/org/jsoup/select/ElementsTest_OE25Dev.java:[522,23] method attributes() is already defined in class org.jsoup.select.ElementsTest_OE25Dev
[ERROR] /home/tasfia/Desktop/OE25-DEV/projects_decomposed/jsoup/src/test/java/org/jsoup/select/ElementsTest_OE25Dev.java:[539,23] method attributes() is already defined in class org.jsoup.select.ElementsTest_OE25Dev
[ERROR] /home/tasfia/Desktop/OE25-DEV/projects_decomposed/jsoup/src/test/java/org/jsoup/select/ElementsTest_OE25Dev.java:[557,23] method attributes() is already defined in class org.jsoup.select.ElementsTest_OE25Dev
[ERROR] /home/tasfia/Desktop/OE25-DEV/projects_decomposed/jsoup/src/test/java/org/jsoup/select/ElementsTest_OE25Dev.java:[576,23] method hasAttr() is already defined in class org.jsoup.select.ElementsTest_OE25Dev
[ERROR] /home/tasfia/Desktop/OE25-DEV/projects_decomposed/jsoup/src/test/java/org/jsoup/select/ElementsTest_OE25Dev.java:[582,23] method hasAttr() is already defined in class org.jsoup.select.ElementsTest_OE25Dev
[ERROR] /home/tasfia/Desktop/OE25-DEV/projects_decomposed/jsoup/src/test/java/org/jsoup/select/ElementsTest_OE25Dev.java:[589,23] method hasAbsAttr() is already defined in class org.jsoup.select.ElementsTest_OE25Dev
[ERROR] -> [Help 1]
[ERROR] 
[ERROR] To see the full stack trace of the errors, re-run Maven with the -e switch.
[ERROR] Re-run Maven using the -X switch to enable full debug logging.
[ERROR] 
[ERROR] For more information about the errors and possible solutions, please read the following articles:
[ERROR] [Help 1] http://cwiki.apache.org/confluence/display/MAVEN/MojoFailureException
