[INFO] Scanning for projects...
[INFO] 
[INFO] --------------< org.apache.commons:commons-collections4 >---------------
[INFO] Building Apache Commons Collections 4.4
[INFO] --------------------------------[ jar ]---------------------------------
[INFO] 
[INFO] --- maven-clean-plugin:3.1.0:clean (default-clean) @ commons-collections4 ---
[INFO] 
[INFO] --- maven-enforcer-plugin:3.0.0-M2:enforce (enforce-maven-version) @ commons-collections4 ---
[INFO] 
[INFO] --- maven-enforcer-plugin:3.0.0-M2:enforce (enforce-maven-3) @ commons-collections4 ---
[INFO] 
[INFO] --- apache-rat-plugin:0.13:check (rat-check) @ commons-collections4 ---
[INFO] RAT will not execute since it is configured to be skipped via system property 'rat.skip'.
[INFO] 
[INFO] --- build-helper-maven-plugin:3.0.0:parse-version (parse-version) @ commons-collections4 ---
[INFO] 
[INFO] --- maven-antrun-plugin:1.8:run (javadoc.resources) @ commons-collections4 ---
[INFO] Executing tasks

main:
     [copy] Copying 2 files to /home/tasfia/Desktop/OE25-DEV/projects_decomposed/commons-collections4/target/apidocs/META-INF
[INFO] Executed tasks
[INFO] 
[INFO] --- maven-remote-resources-plugin:1.5:process (process-resource-bundles) @ commons-collections4 ---
[INFO] 
[INFO] --- buildnumber-maven-plugin:1.4:create (default) @ commons-collections4 ---
[INFO] Executing: /bin/sh -c cd '/home/tasfia/Desktop/OE25-DEV/projects_decomposed/commons-collections4' && 'git' 'rev-parse' '--verify' 'HEAD'
[INFO] Working directory: /home/tasfia/Desktop/OE25-DEV/projects_decomposed/commons-collections4
[INFO] Storing buildNumber: 685bfddf08d4cc096c0d12e9117a2d01f808d66c at timestamp: 1773032112375
[INFO] Storing buildScmBranch: final-single-assertion-dataset
[INFO] 
[INFO] --- maven-resources-plugin:3.1.0:resources (default-resources) @ commons-collections4 ---
[INFO] Using 'UTF-8' encoding to copy filtered resources.
[INFO] skip non existing resourceDirectory /home/tasfia/Desktop/OE25-DEV/projects_decomposed/commons-collections4/src/main/resources
[INFO] Copying 2 resources to META-INF
[INFO] 
[INFO] --- maven-compiler-plugin:3.8.0:compile (default-compile) @ commons-collections4 ---
[INFO] Changes detected - recompiling the module!
[INFO] Compiling 326 source files to /home/tasfia/Desktop/OE25-DEV/projects_decomposed/commons-collections4/target/classes
[INFO] /home/tasfia/Desktop/OE25-DEV/projects_decomposed/commons-collections4/src/main/java/org/apache/commons/collections4/collection/IndexedCollection.java: Some input files use or override a deprecated API.
[INFO] /home/tasfia/Desktop/OE25-DEV/projects_decomposed/commons-collections4/src/main/java/org/apache/commons/collections4/collection/IndexedCollection.java: Recompile with -Xlint:deprecation for details.
[INFO] /home/tasfia/Desktop/OE25-DEV/projects_decomposed/commons-collections4/src/main/java/org/apache/commons/collections4/iterators/EmptyIterator.java: Some input files use unchecked or unsafe operations.
[INFO] /home/tasfia/Desktop/OE25-DEV/projects_decomposed/commons-collections4/src/main/java/org/apache/commons/collections4/iterators/EmptyIterator.java: Recompile with -Xlint:unchecked for details.
[INFO] 
[INFO] --- animal-sniffer-maven-plugin:1.17:check (checkAPIcompatibility) @ commons-collections4 ---
[INFO] Checking unresolved references to org.codehaus.mojo.signature:java18:1.0
[INFO] 
[INFO] --- maven-resources-plugin:3.1.0:testResources (default-testResources) @ commons-collections4 ---
[INFO] Using 'UTF-8' encoding to copy filtered resources.
[INFO] Copying 179 resources
[INFO] Copying 2 resources to META-INF
[INFO] 
[INFO] --- maven-compiler-plugin:3.8.0:testCompile (default-testCompile) @ commons-collections4 ---
[INFO] Changes detected - recompiling the module!
[INFO] Compiling 328 source files to /home/tasfia/Desktop/OE25-DEV/projects_decomposed/commons-collections4/target/test-classes
[INFO] /home/tasfia/Desktop/OE25-DEV/projects_decomposed/commons-collections4/src/test/java/org/apache/commons/collections4/map/MultiValueMapTest.java: Some input files use or override a deprecated API.
[INFO] /home/tasfia/Desktop/OE25-DEV/projects_decomposed/commons-collections4/src/test/java/org/apache/commons/collections4/map/MultiValueMapTest.java: Recompile with -Xlint:deprecation for details.
[INFO] /home/tasfia/Desktop/OE25-DEV/projects_decomposed/commons-collections4/src/test/java/org/apache/commons/collections4/functors/AbstractCompositePredicateTest.java: Some input files use unchecked or unsafe operations.
[INFO] /home/tasfia/Desktop/OE25-DEV/projects_decomposed/commons-collections4/src/test/java/org/apache/commons/collections4/functors/AbstractCompositePredicateTest.java: Recompile with -Xlint:unchecked for details.
[INFO] -------------------------------------------------------------
[ERROR] COMPILATION ERROR : 
[INFO] -------------------------------------------------------------
[ERROR] /home/tasfia/Desktop/OE25-DEV/projects_decomposed/commons-collections4/src/test/java/org/apache/commons/collections4/collection/PredicatedCollectionTest_OE25Dev.java:[136,17] method testIllegalAdd() is already defined in class org.apache.commons.collections4.collection.PredicatedCollectionTest_OE25Dev
[ERROR] /home/tasfia/Desktop/OE25-DEV/projects_decomposed/commons-collections4/src/test/java/org/apache/commons/collections4/collection/PredicatedCollectionTest_OE25Dev.java:[149,17] method testIllegalAddAll() is already defined in class org.apache.commons.collections4.collection.PredicatedCollectionTest_OE25Dev
[ERROR] /home/tasfia/Desktop/OE25-DEV/projects_decomposed/commons-collections4/src/test/java/org/apache/commons/collections4/ClosureUtilsTest_OE25Dev.java:[338,17] method testChainedClosure() is already defined in class org.apache.commons.collections4.ClosureUtilsTest_OE25Dev
[ERROR] /home/tasfia/Desktop/OE25-DEV/projects_decomposed/commons-collections4/src/test/java/org/apache/commons/collections4/ClosureUtilsTest_OE25Dev.java:[415,17] method testSwitchClosure() is already defined in class org.apache.commons.collections4.ClosureUtilsTest_OE25Dev
[ERROR] /home/tasfia/Desktop/OE25-DEV/projects_decomposed/commons-collections4/src/test/java/org/apache/commons/collections4/map/CaseInsensitiveMapTest_OE25Dev.java:[104,17] method testCaseInsensitive() is already defined in class org.apache.commons.collections4.map.CaseInsensitiveMapTest_OE25Dev
[ERROR] /home/tasfia/Desktop/OE25-DEV/projects_decomposed/commons-collections4/src/test/java/org/apache/commons/collections4/map/CaseInsensitiveMapTest_OE25Dev.java:[115,17] method testNullHandling() is already defined in class org.apache.commons.collections4.map.CaseInsensitiveMapTest_OE25Dev
[ERROR] /home/tasfia/Desktop/OE25-DEV/projects_decomposed/commons-collections4/src/test/java/org/apache/commons/collections4/map/CaseInsensitiveMapTest_OE25Dev.java:[143,17] method testClone() is already defined in class org.apache.commons.collections4.map.CaseInsensitiveMapTest_OE25Dev
[ERROR] /home/tasfia/Desktop/OE25-DEV/projects_decomposed/commons-collections4/src/test/java/org/apache/commons/collections4/set/TransformedSetTest_OE25Dev.java:[98,17] method testTransformedSet() is already defined in class org.apache.commons.collections4.set.TransformedSetTest_OE25Dev
[ERROR] /home/tasfia/Desktop/OE25-DEV/projects_decomposed/commons-collections4/src/test/java/org/apache/commons/collections4/set/AbstractSetTest_OE25Dev.java:[168,17] method testSetEquals() is already defined in class org.apache.commons.collections4.set.AbstractSetTest_OE25Dev
[ERROR] /home/tasfia/Desktop/OE25-DEV/projects_decomposed/commons-collections4/src/test/java/org/apache/commons/collections4/map/DefaultedMapTest_OE25Dev.java:[151,17] method testMapGet() is already defined in class org.apache.commons.collections4.map.DefaultedMapTest_OE25Dev
[ERROR] /home/tasfia/Desktop/OE25-DEV/projects_decomposed/commons-collections4/src/test/java/org/apache/commons/collections4/map/DefaultedMapTest_OE25Dev.java:[167,17] method testMapGet2() is already defined in class org.apache.commons.collections4.map.DefaultedMapTest_OE25Dev
[ERROR] /home/tasfia/Desktop/OE25-DEV/projects_decomposed/commons-collections4/src/test/java/org/apache/commons/collections4/map/DefaultedMapTest_OE25Dev.java:[186,17] method testMapGet3() is already defined in class org.apache.commons.collections4.map.DefaultedMapTest_OE25Dev
[ERROR] /home/tasfia/Desktop/OE25-DEV/projects_decomposed/commons-collections4/src/test/java/org/apache/commons/collections4/map/DefaultedMapTest_OE25Dev.java:[205,17] method testMapGet4() is already defined in class org.apache.commons.collections4.map.DefaultedMapTest_OE25Dev
[ERROR] /home/tasfia/Desktop/OE25-DEV/projects_decomposed/commons-collections4/src/test/java/org/apache/commons/collections4/map/ReferenceIdentityMapTest_OE25Dev.java:[309,17] method testBasics() is already defined in class org.apache.commons.collections4.map.ReferenceIdentityMapTest_OE25Dev
[ERROR] /home/tasfia/Desktop/OE25-DEV/projects_decomposed/commons-collections4/src/test/java/org/apache/commons/collections4/map/ReferenceIdentityMapTest_OE25Dev.java:[342,17] method testHashEntry() is already defined in class org.apache.commons.collections4.map.ReferenceIdentityMapTest_OE25Dev
[ERROR] /home/tasfia/Desktop/OE25-DEV/projects_decomposed/commons-collections4/src/test/java/org/apache/commons/collections4/map/ReferenceIdentityMapTest_OE25Dev.java:[359,17] method testNullHandling() is already defined in class org.apache.commons.collections4.map.ReferenceIdentityMapTest_OE25Dev
[ERROR] /home/tasfia/Desktop/OE25-DEV/projects_decomposed/commons-collections4/src/test/java/org/apache/commons/collections4/multimap/AbstractMultiValuedMapTest_OE25Dev.java:[956,17] method testNoMappingReturnsEmptyCol() is already defined in class org.apache.commons.collections4.multimap.AbstractMultiValuedMapTest_OE25Dev
[ERROR] /home/tasfia/Desktop/OE25-DEV/projects_decomposed/commons-collections4/src/test/java/org/apache/commons/collections4/multimap/AbstractMultiValuedMapTest_OE25Dev.java:[971,17] method testGet() is already defined in class org.apache.commons.collections4.multimap.AbstractMultiValuedMapTest_OE25Dev
[ERROR] /home/tasfia/Desktop/OE25-DEV/projects_decomposed/commons-collections4/src/test/java/org/apache/commons/collections4/multimap/AbstractMultiValuedMapTest_OE25Dev.java:[982,17] method testAddMappingThroughGet() is already defined in class org.apache.commons.collections4.multimap.AbstractMultiValuedMapTest_OE25Dev
[ERROR] /home/tasfia/Desktop/OE25-DEV/projects_decomposed/commons-collections4/src/test/java/org/apache/commons/collections4/multimap/AbstractMultiValuedMapTest_OE25Dev.java:[1074,17] method testValues() is already defined in class org.apache.commons.collections4.multimap.AbstractMultiValuedMapTest_OE25Dev
[ERROR] /home/tasfia/Desktop/OE25-DEV/projects_decomposed/commons-collections4/src/test/java/org/apache/commons/collections4/multimap/AbstractMultiValuedMapTest_OE25Dev.java:[1089,17] method testRemoveAllViaValuesIterator() is already defined in class org.apache.commons.collections4.multimap.AbstractMultiValuedMapTest_OE25Dev
[ERROR] /home/tasfia/Desktop/OE25-DEV/projects_decomposed/commons-collections4/src/test/java/org/apache/commons/collections4/multimap/AbstractMultiValuedMapTest_OE25Dev.java:[1132,17] method testRemoveAllViaEntriesIterator() is already defined in class org.apache.commons.collections4.multimap.AbstractMultiValuedMapTest_OE25Dev
[ERROR] /home/tasfia/Desktop/OE25-DEV/projects_decomposed/commons-collections4/src/test/java/org/apache/commons/collections4/multimap/AbstractMultiValuedMapTest_OE25Dev.java:[1150,17] method testMapEquals() is already defined in class org.apache.commons.collections4.multimap.AbstractMultiValuedMapTest_OE25Dev
[ERROR] /home/tasfia/Desktop/OE25-DEV/projects_decomposed/commons-collections4/src/test/java/org/apache/commons/collections4/multimap/AbstractMultiValuedMapTest_OE25Dev.java:[1164,17] method testSizeWithPutRemove() is already defined in class org.apache.commons.collections4.multimap.AbstractMultiValuedMapTest_OE25Dev
[ERROR] /home/tasfia/Desktop/OE25-DEV/projects_decomposed/commons-collections4/src/test/java/org/apache/commons/collections4/multimap/AbstractMultiValuedMapTest_OE25Dev.java:[1190,17] method testSize_Key() is already defined in class org.apache.commons.collections4.multimap.AbstractMultiValuedMapTest_OE25Dev
[ERROR] /home/tasfia/Desktop/OE25-DEV/projects_decomposed/commons-collections4/src/test/java/org/apache/commons/collections4/multimap/AbstractMultiValuedMapTest_OE25Dev.java:[1222,17] method testContainsValue_Key() is already defined in class org.apache.commons.collections4.multimap.AbstractMultiValuedMapTest_OE25Dev
[ERROR] /home/tasfia/Desktop/OE25-DEV/projects_decomposed/commons-collections4/src/test/java/org/apache/commons/collections4/multimap/AbstractMultiValuedMapTest_OE25Dev.java:[1235,17] method testPutAll_Map1() is already defined in class org.apache.commons.collections4.multimap.AbstractMultiValuedMapTest_OE25Dev
[ERROR] /home/tasfia/Desktop/OE25-DEV/projects_decomposed/commons-collections4/src/test/java/org/apache/commons/collections4/multimap/AbstractMultiValuedMapTest_OE25Dev.java:[1259,17] method testPutAll_Map2() is already defined in class org.apache.commons.collections4.multimap.AbstractMultiValuedMapTest_OE25Dev
[ERROR] /home/tasfia/Desktop/OE25-DEV/projects_decomposed/commons-collections4/src/test/java/org/apache/commons/collections4/multimap/AbstractMultiValuedMapTest_OE25Dev.java:[1284,17] method testPutAll_KeyIterable() is already defined in class org.apache.commons.collections4.multimap.AbstractMultiValuedMapTest_OE25Dev
[ERROR] /home/tasfia/Desktop/OE25-DEV/projects_decomposed/commons-collections4/src/test/java/org/apache/commons/collections4/multimap/AbstractMultiValuedMapTest_OE25Dev.java:[1325,17] method testRemove_KeyItem() is already defined in class org.apache.commons.collections4.multimap.AbstractMultiValuedMapTest_OE25Dev
[ERROR] /home/tasfia/Desktop/OE25-DEV/projects_decomposed/commons-collections4/src/test/java/org/apache/commons/collections4/multimap/AbstractMultiValuedMapTest_OE25Dev.java:[1365,17] method testKeysBagContainsAll() is already defined in class org.apache.commons.collections4.multimap.AbstractMultiValuedMapTest_OE25Dev
[ERROR] /home/tasfia/Desktop/OE25-DEV/projects_decomposed/commons-collections4/src/test/java/org/apache/commons/collections4/multimap/AbstractMultiValuedMapTest_OE25Dev.java:[1425,17] method testMapIteratorUnsupportedSet() is already defined in class org.apache.commons.collections4.multimap.AbstractMultiValuedMapTest_OE25Dev
[ERROR] /home/tasfia/Desktop/OE25-DEV/projects_decomposed/commons-collections4/src/test/java/org/apache/commons/collections4/multimap/AbstractMultiValuedMapTest_OE25Dev.java:[1444,17] method testFullMapCompatibility() is already defined in class org.apache.commons.collections4.multimap.AbstractMultiValuedMapTest_OE25Dev
[ERROR] /home/tasfia/Desktop/OE25-DEV/projects_decomposed/commons-collections4/src/test/java/org/apache/commons/collections4/set/PredicatedSortedSetTest_OE25Dev.java:[127,17] method testIllegalAdd() is already defined in class org.apache.commons.collections4.set.PredicatedSortedSetTest_OE25Dev
[ERROR] /home/tasfia/Desktop/OE25-DEV/projects_decomposed/commons-collections4/src/test/java/org/apache/commons/collections4/set/PredicatedSortedSetTest_OE25Dev.java:[140,17] method testIllegalAddAll() is already defined in class org.apache.commons.collections4.set.PredicatedSortedSetTest_OE25Dev
[ERROR] /home/tasfia/Desktop/OE25-DEV/projects_decomposed/commons-collections4/src/test/java/org/apache/commons/collections4/bag/TransformedBagTest_OE25Dev.java:[101,17] method testTransformedBag() is already defined in class org.apache.commons.collections4.bag.TransformedBagTest_OE25Dev
[ERROR] /home/tasfia/Desktop/OE25-DEV/projects_decomposed/commons-collections4/src/test/java/org/apache/commons/collections4/bag/TransformedBagTest_OE25Dev.java:[119,17] method testTransformedBag_decorateTransform() is already defined in class org.apache.commons.collections4.bag.TransformedBagTest_OE25Dev
[ERROR] /home/tasfia/Desktop/OE25-DEV/projects_decomposed/commons-collections4/src/test/java/org/apache/commons/collections4/bag/TransformedSortedBagTest_OE25Dev.java:[79,17] method testTransformedBag() is already defined in class org.apache.commons.collections4.bag.TransformedSortedBagTest_OE25Dev
[ERROR] /home/tasfia/Desktop/OE25-DEV/projects_decomposed/commons-collections4/src/test/java/org/apache/commons/collections4/queue/TransformedQueueTest_OE25Dev.java:[117,17] method testTransformedQueue_decorateTransform() is already defined in class org.apache.commons.collections4.queue.TransformedQueueTest_OE25Dev
[ERROR] /home/tasfia/Desktop/OE25-DEV/projects_decomposed/commons-collections4/src/test/java/org/apache/commons/collections4/list/AbstractListTest_OE25Dev.java:[1393,17] method testEmptyListSerialization() is already defined in class org.apache.commons.collections4.list.AbstractListTest_OE25Dev
[ERROR] /home/tasfia/Desktop/OE25-DEV/projects_decomposed/commons-collections4/src/test/java/org/apache/commons/collections4/list/AbstractListTest_OE25Dev.java:[1407,17] method testFullListSerialization() is already defined in class org.apache.commons.collections4.list.AbstractListTest_OE25Dev
[ERROR] /home/tasfia/Desktop/OE25-DEV/projects_decomposed/commons-collections4/src/test/java/org/apache/commons/collections4/list/AbstractListTest_OE25Dev.java:[1422,17] method testEmptyListCompatibility() is already defined in class org.apache.commons.collections4.list.AbstractListTest_OE25Dev
[ERROR] /home/tasfia/Desktop/OE25-DEV/projects_decomposed/commons-collections4/src/test/java/org/apache/commons/collections4/list/AbstractListTest_OE25Dev.java:[1442,17] method testFullListCompatibility() is already defined in class org.apache.commons.collections4.list.AbstractListTest_OE25Dev
[ERROR] /home/tasfia/Desktop/OE25-DEV/projects_decomposed/commons-collections4/src/test/java/org/apache/commons/collections4/iterators/PeekingIteratorTest_OE25Dev.java:[95,17] method testSinglePeek() is already defined in class org.apache.commons.collections4.iterators.PeekingIteratorTest_OE25Dev
[ERROR] /home/tasfia/Desktop/OE25-DEV/projects_decomposed/commons-collections4/src/test/java/org/apache/commons/collections4/AbstractArrayListTest_OE25Dev.java:[64,17] method testSearch() is already defined in class org.apache.commons.collections4.AbstractArrayListTest_OE25Dev
[ERROR] /home/tasfia/Desktop/OE25-DEV/projects_decomposed/commons-collections4/src/test/java/org/apache/commons/collections4/set/ListOrderedSet2Test_OE25Dev.java:[169,17] method testOrdering() is already defined in class org.apache.commons.collections4.set.ListOrderedSet2Test_OE25Dev
[ERROR] /home/tasfia/Desktop/OE25-DEV/projects_decomposed/commons-collections4/src/test/java/org/apache/commons/collections4/set/ListOrderedSet2Test_OE25Dev.java:[202,17] method testListAddRemove() is already defined in class org.apache.commons.collections4.set.ListOrderedSet2Test_OE25Dev
[ERROR] /home/tasfia/Desktop/OE25-DEV/projects_decomposed/commons-collections4/src/test/java/org/apache/commons/collections4/set/ListOrderedSet2Test_OE25Dev.java:[232,17] method testListAddIndexed() is already defined in class org.apache.commons.collections4.set.ListOrderedSet2Test_OE25Dev
[ERROR] /home/tasfia/Desktop/OE25-DEV/projects_decomposed/commons-collections4/src/test/java/org/apache/commons/collections4/bag/AbstractBagTest_OE25Dev.java:[689,17] method testBagAdd() is already defined in class org.apache.commons.collections4.bag.AbstractBagTest_OE25Dev
[ERROR] /home/tasfia/Desktop/OE25-DEV/projects_decomposed/commons-collections4/src/test/java/org/apache/commons/collections4/bag/AbstractBagTest_OE25Dev.java:[707,17] method testBagEqualsSelf() is already defined in class org.apache.commons.collections4.bag.AbstractBagTest_OE25Dev
[ERROR] /home/tasfia/Desktop/OE25-DEV/projects_decomposed/commons-collections4/src/test/java/org/apache/commons/collections4/bag/AbstractBagTest_OE25Dev.java:[724,17] method testBagRemove() is already defined in class org.apache.commons.collections4.bag.AbstractBagTest_OE25Dev
[ERROR] /home/tasfia/Desktop/OE25-DEV/projects_decomposed/commons-collections4/src/test/java/org/apache/commons/collections4/bag/AbstractBagTest_OE25Dev.java:[748,17] method testBagRemoveAll() is already defined in class org.apache.commons.collections4.bag.AbstractBagTest_OE25Dev
[ERROR] /home/tasfia/Desktop/OE25-DEV/projects_decomposed/commons-collections4/src/test/java/org/apache/commons/collections4/bag/AbstractBagTest_OE25Dev.java:[770,17] method testBagContains() is already defined in class org.apache.commons.collections4.bag.AbstractBagTest_OE25Dev
[ERROR] /home/tasfia/Desktop/OE25-DEV/projects_decomposed/commons-collections4/src/test/java/org/apache/commons/collections4/bag/AbstractBagTest_OE25Dev.java:[794,17] method testBagContainsAll() is already defined in class org.apache.commons.collections4.bag.AbstractBagTest_OE25Dev
[ERROR] /home/tasfia/Desktop/OE25-DEV/projects_decomposed/commons-collections4/src/test/java/org/apache/commons/collections4/bag/AbstractBagTest_OE25Dev.java:[848,17] method testBagSize() is already defined in class org.apache.commons.collections4.bag.AbstractBagTest_OE25Dev
[ERROR] /home/tasfia/Desktop/OE25-DEV/projects_decomposed/commons-collections4/src/test/java/org/apache/commons/collections4/bag/AbstractBagTest_OE25Dev.java:[873,17] method testBagRetainAll() is already defined in class org.apache.commons.collections4.bag.AbstractBagTest_OE25Dev
[ERROR] /home/tasfia/Desktop/OE25-DEV/projects_decomposed/commons-collections4/src/test/java/org/apache/commons/collections4/bag/AbstractBagTest_OE25Dev.java:[893,17] method testBagIterator() is already defined in class org.apache.commons.collections4.bag.AbstractBagTest_OE25Dev
[ERROR] /home/tasfia/Desktop/OE25-DEV/projects_decomposed/commons-collections4/src/test/java/org/apache/commons/collections4/bag/AbstractBagTest_OE25Dev.java:[924,17] method testBagIteratorFail() is already defined in class org.apache.commons.collections4.bag.AbstractBagTest_OE25Dev
[ERROR] /home/tasfia/Desktop/OE25-DEV/projects_decomposed/commons-collections4/src/test/java/org/apache/commons/collections4/bag/AbstractBagTest_OE25Dev.java:[945,17] method testBagIteratorFailNoMore() is already defined in class org.apache.commons.collections4.bag.AbstractBagTest_OE25Dev
[ERROR] /home/tasfia/Desktop/OE25-DEV/projects_decomposed/commons-collections4/src/test/java/org/apache/commons/collections4/bag/AbstractBagTest_OE25Dev.java:[967,17] method testBagIteratorFailDoubleRemove() is already defined in class org.apache.commons.collections4.bag.AbstractBagTest_OE25Dev
[ERROR] /home/tasfia/Desktop/OE25-DEV/projects_decomposed/commons-collections4/src/test/java/org/apache/commons/collections4/bag/AbstractBagTest_OE25Dev.java:[995,17] method testBagIteratorRemoveProtectsInvariants() is already defined in class org.apache.commons.collections4.bag.AbstractBagTest_OE25Dev
[ERROR] /home/tasfia/Desktop/OE25-DEV/projects_decomposed/commons-collections4/src/test/java/org/apache/commons/collections4/bag/AbstractBagTest_OE25Dev.java:[1021,17] method testBagToArray() is already defined in class org.apache.commons.collections4.bag.AbstractBagTest_OE25Dev
[ERROR] /home/tasfia/Desktop/OE25-DEV/projects_decomposed/commons-collections4/src/test/java/org/apache/commons/collections4/bag/AbstractBagTest_OE25Dev.java:[1045,17] method testBagToArrayPopulate() is already defined in class org.apache.commons.collections4.bag.AbstractBagTest_OE25Dev
[ERROR] /home/tasfia/Desktop/OE25-DEV/projects_decomposed/commons-collections4/src/test/java/org/apache/commons/collections4/bag/AbstractBagTest_OE25Dev.java:[1069,17] method testBagEquals() is already defined in class org.apache.commons.collections4.bag.AbstractBagTest_OE25Dev
[ERROR] /home/tasfia/Desktop/OE25-DEV/projects_decomposed/commons-collections4/src/test/java/org/apache/commons/collections4/bag/AbstractBagTest_OE25Dev.java:[1093,17] method testBagEqualsHashBag() is already defined in class org.apache.commons.collections4.bag.AbstractBagTest_OE25Dev
[ERROR] /home/tasfia/Desktop/OE25-DEV/projects_decomposed/commons-collections4/src/test/java/org/apache/commons/collections4/bag/AbstractBagTest_OE25Dev.java:[1117,17] method testBagHashCode() is already defined in class org.apache.commons.collections4.bag.AbstractBagTest_OE25Dev
[ERROR] /home/tasfia/Desktop/OE25-DEV/projects_decomposed/commons-collections4/src/test/java/org/apache/commons/collections4/collection/PredicatedCollectionTest_OE25Dev.java:[135,2] cannot find symbol
  symbol:   class SuppressWarnings_oe
  location: class org.apache.commons.collections4.collection.PredicatedCollectionTest_OE25Dev<E>
[ERROR] /home/tasfia/Desktop/OE25-DEV/projects_decomposed/commons-collections4/src/test/java/org/apache/commons/collections4/collection/PredicatedCollectionTest_OE25Dev.java:[148,2] cannot find symbol
  symbol:   class SuppressWarnings_oe
  location: class org.apache.commons.collections4.collection.PredicatedCollectionTest_OE25Dev<E>
[ERROR] /home/tasfia/Desktop/OE25-DEV/projects_decomposed/commons-collections4/src/test/java/org/apache/commons/collections4/ClosureUtilsTest_OE25Dev.java:[337,6] cannot find symbol
  symbol:   class SuppressWarnings_oe
  location: class org.apache.commons.collections4.ClosureUtilsTest_OE25Dev
[ERROR] /home/tasfia/Desktop/OE25-DEV/projects_decomposed/commons-collections4/src/test/java/org/apache/commons/collections4/ClosureUtilsTest_OE25Dev.java:[414,6] cannot find symbol
  symbol:   class SuppressWarnings_oe
  location: class org.apache.commons.collections4.ClosureUtilsTest_OE25Dev
[ERROR] /home/tasfia/Desktop/OE25-DEV/projects_decomposed/commons-collections4/src/test/java/org/apache/commons/collections4/map/CaseInsensitiveMapTest_OE25Dev.java:[103,2] cannot find symbol
  symbol:   class SuppressWarnings_oe
  location: class org.apache.commons.collections4.map.CaseInsensitiveMapTest_OE25Dev<K,V>
[ERROR] /home/tasfia/Desktop/OE25-DEV/projects_decomposed/commons-collections4/src/test/java/org/apache/commons/collections4/map/CaseInsensitiveMapTest_OE25Dev.java:[114,2] cannot find symbol
  symbol:   class SuppressWarnings_oe
  location: class org.apache.commons.collections4.map.CaseInsensitiveMapTest_OE25Dev<K,V>
[ERROR] /home/tasfia/Desktop/OE25-DEV/projects_decomposed/commons-collections4/src/test/java/org/apache/commons/collections4/map/CaseInsensitiveMapTest_OE25Dev.java:[142,2] cannot find symbol
  symbol:   class SuppressWarnings_oe
  location: class org.apache.commons.collections4.map.CaseInsensitiveMapTest_OE25Dev<K,V>
[ERROR] /home/tasfia/Desktop/OE25-DEV/projects_decomposed/commons-collections4/src/test/java/org/apache/commons/collections4/set/TransformedSetTest_OE25Dev.java:[97,2] cannot find symbol
  symbol:   class SuppressWarnings_oe
  location: class org.apache.commons.collections4.set.TransformedSetTest_OE25Dev<E>
[ERROR] /home/tasfia/Desktop/OE25-DEV/projects_decomposed/commons-collections4/src/test/java/org/apache/commons/collections4/set/AbstractSetTest_OE25Dev.java:[167,2] cannot find symbol
  symbol:   class SuppressWarnings_oe
  location: class org.apache.commons.collections4.set.AbstractSetTest_OE25Dev<E>
[ERROR] /home/tasfia/Desktop/OE25-DEV/projects_decomposed/commons-collections4/src/test/java/org/apache/commons/collections4/map/DefaultedMapTest_OE25Dev.java:[150,6] cannot find symbol
  symbol:   class SuppressWarnings_oe
  location: class org.apache.commons.collections4.map.DefaultedMapTest_OE25Dev<K,V>
[ERROR] /home/tasfia/Desktop/OE25-DEV/projects_decomposed/commons-collections4/src/test/java/org/apache/commons/collections4/map/DefaultedMapTest_OE25Dev.java:[166,2] cannot find symbol
  symbol:   class SuppressWarnings_oe
  location: class org.apache.commons.collections4.map.DefaultedMapTest_OE25Dev<K,V>
[ERROR] /home/tasfia/Desktop/OE25-DEV/projects_decomposed/commons-collections4/src/test/java/org/apache/commons/collections4/map/DefaultedMapTest_OE25Dev.java:[185,2] cannot find symbol
  symbol:   class SuppressWarnings_oe
  location: class org.apache.commons.collections4.map.DefaultedMapTest_OE25Dev<K,V>
[ERROR] /home/tasfia/Desktop/OE25-DEV/projects_decomposed/commons-collections4/src/test/java/org/apache/commons/collections4/map/DefaultedMapTest_OE25Dev.java:[204,2] cannot find symbol
  symbol:   class SuppressWarnings_oe
  location: class org.apache.commons.collections4.map.DefaultedMapTest_OE25Dev<K,V>
[ERROR] /home/tasfia/Desktop/OE25-DEV/projects_decomposed/commons-collections4/src/test/java/org/apache/commons/collections4/map/ReferenceIdentityMapTest_OE25Dev.java:[308,2] cannot find symbol
  symbol:   class SuppressWarnings_oe
  location: class org.apache.commons.collections4.map.ReferenceIdentityMapTest_OE25Dev<K,V>
[ERROR] /home/tasfia/Desktop/OE25-DEV/projects_decomposed/commons-collections4/src/test/java/org/apache/commons/collections4/map/ReferenceIdentityMapTest_OE25Dev.java:[341,2] cannot find symbol
  symbol:   class SuppressWarnings_oe
  location: class org.apache.commons.collections4.map.ReferenceIdentityMapTest_OE25Dev<K,V>
[ERROR] /home/tasfia/Desktop/OE25-DEV/projects_decomposed/commons-collections4/src/test/java/org/apache/commons/collections4/map/ReferenceIdentityMapTest_OE25Dev.java:[358,2] cannot find symbol
  symbol:   class SuppressWarnings_oe
  location: class org.apache.commons.collections4.map.ReferenceIdentityMapTest_OE25Dev<K,V>
[ERROR] /home/tasfia/Desktop/OE25-DEV/projects_decomposed/commons-collections4/src/test/java/org/apache/commons/collections4/multimap/AbstractMultiValuedMapTest_OE25Dev.java:[955,2] cannot find symbol
  symbol:   class SuppressWarnings_oe
  location: class org.apache.commons.collections4.multimap.AbstractMultiValuedMapTest_OE25Dev<K,V>
[ERROR] /home/tasfia/Desktop/OE25-DEV/projects_decomposed/commons-collections4/src/test/java/org/apache/commons/collections4/multimap/AbstractMultiValuedMapTest_OE25Dev.java:[970,2] cannot find symbol
  symbol:   class SuppressWarnings_oe
  location: class org.apache.commons.collections4.multimap.AbstractMultiValuedMapTest_OE25Dev<K,V>
[ERROR] /home/tasfia/Desktop/OE25-DEV/projects_decomposed/commons-collections4/src/test/java/org/apache/commons/collections4/multimap/AbstractMultiValuedMapTest_OE25Dev.java:[981,2] cannot find symbol
  symbol:   class SuppressWarnings_oe
  location: class org.apache.commons.collections4.multimap.AbstractMultiValuedMapTest_OE25Dev<K,V>
[ERROR] /home/tasfia/Desktop/OE25-DEV/projects_decomposed/commons-collections4/src/test/java/org/apache/commons/collections4/multimap/AbstractMultiValuedMapTest_OE25Dev.java:[1073,2] cannot find symbol
  symbol:   class SuppressWarnings_oe
  location: class org.apache.commons.collections4.multimap.AbstractMultiValuedMapTest_OE25Dev<K,V>
[ERROR] /home/tasfia/Desktop/OE25-DEV/projects_decomposed/commons-collections4/src/test/java/org/apache/commons/collections4/multimap/AbstractMultiValuedMapTest_OE25Dev.java:[1088,2] cannot find symbol
  symbol:   class SuppressWarnings_oe
  location: class org.apache.commons.collections4.multimap.AbstractMultiValuedMapTest_OE25Dev<K,V>
[ERROR] /home/tasfia/Desktop/OE25-DEV/projects_decomposed/commons-collections4/src/test/java/org/apache/commons/collections4/multimap/AbstractMultiValuedMapTest_OE25Dev.java:[1131,2] cannot find symbol
  symbol:   class SuppressWarnings_oe
  location: class org.apache.commons.collections4.multimap.AbstractMultiValuedMapTest_OE25Dev<K,V>
[ERROR] /home/tasfia/Desktop/OE25-DEV/projects_decomposed/commons-collections4/src/test/java/org/apache/commons/collections4/multimap/AbstractMultiValuedMapTest_OE25Dev.java:[1149,2] cannot find symbol
  symbol:   class SuppressWarnings_oe
  location: class org.apache.commons.collections4.multimap.AbstractMultiValuedMapTest_OE25Dev<K,V>
[ERROR] /home/tasfia/Desktop/OE25-DEV/projects_decomposed/commons-collections4/src/test/java/org/apache/commons/collections4/multimap/AbstractMultiValuedMapTest_OE25Dev.java:[1163,2] cannot find symbol
  symbol:   class SuppressWarnings_oe
  location: class org.apache.commons.collections4.multimap.AbstractMultiValuedMapTest_OE25Dev<K,V>
[ERROR] /home/tasfia/Desktop/OE25-DEV/projects_decomposed/commons-collections4/src/test/java/org/apache/commons/collections4/multimap/AbstractMultiValuedMapTest_OE25Dev.java:[1189,2] cannot find symbol
  symbol:   class SuppressWarnings_oe
  location: class org.apache.commons.collections4.multimap.AbstractMultiValuedMapTest_OE25Dev<K,V>
[ERROR] /home/tasfia/Desktop/OE25-DEV/projects_decomposed/commons-collections4/src/test/java/org/apache/commons/collections4/multimap/AbstractMultiValuedMapTest_OE25Dev.java:[1221,2] cannot find symbol
  symbol:   class SuppressWarnings_oe
  location: class org.apache.commons.collections4.multimap.AbstractMultiValuedMapTest_OE25Dev<K,V>
[ERROR] /home/tasfia/Desktop/OE25-DEV/projects_decomposed/commons-collections4/src/test/java/org/apache/commons/collections4/multimap/AbstractMultiValuedMapTest_OE25Dev.java:[1234,2] cannot find symbol
  symbol:   class SuppressWarnings_oe
  location: class org.apache.commons.collections4.multimap.AbstractMultiValuedMapTest_OE25Dev<K,V>
[ERROR] /home/tasfia/Desktop/OE25-DEV/projects_decomposed/commons-collections4/src/test/java/org/apache/commons/collections4/multimap/AbstractMultiValuedMapTest_OE25Dev.java:[1258,2] cannot find symbol
  symbol:   class SuppressWarnings_oe
  location: class org.apache.commons.collections4.multimap.AbstractMultiValuedMapTest_OE25Dev<K,V>
[ERROR] /home/tasfia/Desktop/OE25-DEV/projects_decomposed/commons-collections4/src/test/java/org/apache/commons/collections4/multimap/AbstractMultiValuedMapTest_OE25Dev.java:[1283,2] cannot find symbol
  symbol:   class SuppressWarnings_oe
  location: class org.apache.commons.collections4.multimap.AbstractMultiValuedMapTest_OE25Dev<K,V>
[ERROR] /home/tasfia/Desktop/OE25-DEV/projects_decomposed/commons-collections4/src/test/java/org/apache/commons/collections4/multimap/AbstractMultiValuedMapTest_OE25Dev.java:[1324,2] cannot find symbol
  symbol:   class SuppressWarnings_oe
  location: class org.apache.commons.collections4.multimap.AbstractMultiValuedMapTest_OE25Dev<K,V>
[ERROR] /home/tasfia/Desktop/OE25-DEV/projects_decomposed/commons-collections4/src/test/java/org/apache/commons/collections4/multimap/AbstractMultiValuedMapTest_OE25Dev.java:[1364,2] cannot find symbol
  symbol:   class SuppressWarnings_oe
  location: class org.apache.commons.collections4.multimap.AbstractMultiValuedMapTest_OE25Dev<K,V>
[ERROR] /home/tasfia/Desktop/OE25-DEV/projects_decomposed/commons-collections4/src/test/java/org/apache/commons/collections4/multimap/AbstractMultiValuedMapTest_OE25Dev.java:[1424,2] cannot find symbol
  symbol:   class SuppressWarnings_oe
  location: class org.apache.commons.collections4.multimap.AbstractMultiValuedMapTest_OE25Dev<K,V>
[ERROR] /home/tasfia/Desktop/OE25-DEV/projects_decomposed/commons-collections4/src/test/java/org/apache/commons/collections4/multimap/AbstractMultiValuedMapTest_OE25Dev.java:[1443,2] cannot find symbol
  symbol:   class SuppressWarnings_oe
  location: class org.apache.commons.collections4.multimap.AbstractMultiValuedMapTest_OE25Dev<K,V>
[ERROR] /home/tasfia/Desktop/OE25-DEV/projects_decomposed/commons-collections4/src/test/java/org/apache/commons/collections4/set/PredicatedSortedSetTest_OE25Dev.java:[126,2] cannot find symbol
  symbol:   class SuppressWarnings_oe
  location: class org.apache.commons.collections4.set.PredicatedSortedSetTest_OE25Dev<E>
[INFO] 100 errors 
[INFO] -------------------------------------------------------------
[INFO] ------------------------------------------------------------------------
[INFO] BUILD FAILURE
[INFO] ------------------------------------------------------------------------
[INFO] Total time:  3.457 s
[INFO] Finished at: 2026-03-08T23:55:15-05:00
[INFO] ------------------------------------------------------------------------
[ERROR] Failed to execute goal org.apache.maven.plugins:maven-compiler-plugin:3.8.0:testCompile (default-testCompile) on project commons-collections4: Compilation failure: Compilation failure: 
[ERROR] /home/tasfia/Desktop/OE25-DEV/projects_decomposed/commons-collections4/src/test/java/org/apache/commons/collections4/collection/PredicatedCollectionTest_OE25Dev.java:[136,17] method testIllegalAdd() is already defined in class org.apache.commons.collections4.collection.PredicatedCollectionTest_OE25Dev
[ERROR] /home/tasfia/Desktop/OE25-DEV/projects_decomposed/commons-collections4/src/test/java/org/apache/commons/collections4/collection/PredicatedCollectionTest_OE25Dev.java:[149,17] method testIllegalAddAll() is already defined in class org.apache.commons.collections4.collection.PredicatedCollectionTest_OE25Dev
[ERROR] /home/tasfia/Desktop/OE25-DEV/projects_decomposed/commons-collections4/src/test/java/org/apache/commons/collections4/ClosureUtilsTest_OE25Dev.java:[338,17] method testChainedClosure() is already defined in class org.apache.commons.collections4.ClosureUtilsTest_OE25Dev
[ERROR] /home/tasfia/Desktop/OE25-DEV/projects_decomposed/commons-collections4/src/test/java/org/apache/commons/collections4/ClosureUtilsTest_OE25Dev.java:[415,17] method testSwitchClosure() is already defined in class org.apache.commons.collections4.ClosureUtilsTest_OE25Dev
[ERROR] /home/tasfia/Desktop/OE25-DEV/projects_decomposed/commons-collections4/src/test/java/org/apache/commons/collections4/map/CaseInsensitiveMapTest_OE25Dev.java:[104,17] method testCaseInsensitive() is already defined in class org.apache.commons.collections4.map.CaseInsensitiveMapTest_OE25Dev
[ERROR] /home/tasfia/Desktop/OE25-DEV/projects_decomposed/commons-collections4/src/test/java/org/apache/commons/collections4/map/CaseInsensitiveMapTest_OE25Dev.java:[115,17] method testNullHandling() is already defined in class org.apache.commons.collections4.map.CaseInsensitiveMapTest_OE25Dev
[ERROR] /home/tasfia/Desktop/OE25-DEV/projects_decomposed/commons-collections4/src/test/java/org/apache/commons/collections4/map/CaseInsensitiveMapTest_OE25Dev.java:[143,17] method testClone() is already defined in class org.apache.commons.collections4.map.CaseInsensitiveMapTest_OE25Dev
[ERROR] /home/tasfia/Desktop/OE25-DEV/projects_decomposed/commons-collections4/src/test/java/org/apache/commons/collections4/set/TransformedSetTest_OE25Dev.java:[98,17] method testTransformedSet() is already defined in class org.apache.commons.collections4.set.TransformedSetTest_OE25Dev
[ERROR] /home/tasfia/Desktop/OE25-DEV/projects_decomposed/commons-collections4/src/test/java/org/apache/commons/collections4/set/AbstractSetTest_OE25Dev.java:[168,17] method testSetEquals() is already defined in class org.apache.commons.collections4.set.AbstractSetTest_OE25Dev
[ERROR] /home/tasfia/Desktop/OE25-DEV/projects_decomposed/commons-collections4/src/test/java/org/apache/commons/collections4/map/DefaultedMapTest_OE25Dev.java:[151,17] method testMapGet() is already defined in class org.apache.commons.collections4.map.DefaultedMapTest_OE25Dev
[ERROR] /home/tasfia/Desktop/OE25-DEV/projects_decomposed/commons-collections4/src/test/java/org/apache/commons/collections4/map/DefaultedMapTest_OE25Dev.java:[167,17] method testMapGet2() is already defined in class org.apache.commons.collections4.map.DefaultedMapTest_OE25Dev
[ERROR] /home/tasfia/Desktop/OE25-DEV/projects_decomposed/commons-collections4/src/test/java/org/apache/commons/collections4/map/DefaultedMapTest_OE25Dev.java:[186,17] method testMapGet3() is already defined in class org.apache.commons.collections4.map.DefaultedMapTest_OE25Dev
[ERROR] /home/tasfia/Desktop/OE25-DEV/projects_decomposed/commons-collections4/src/test/java/org/apache/commons/collections4/map/DefaultedMapTest_OE25Dev.java:[205,17] method testMapGet4() is already defined in class org.apache.commons.collections4.map.DefaultedMapTest_OE25Dev
[ERROR] /home/tasfia/Desktop/OE25-DEV/projects_decomposed/commons-collections4/src/test/java/org/apache/commons/collections4/map/ReferenceIdentityMapTest_OE25Dev.java:[309,17] method testBasics() is already defined in class org.apache.commons.collections4.map.ReferenceIdentityMapTest_OE25Dev
[ERROR] /home/tasfia/Desktop/OE25-DEV/projects_decomposed/commons-collections4/src/test/java/org/apache/commons/collections4/map/ReferenceIdentityMapTest_OE25Dev.java:[342,17] method testHashEntry() is already defined in class org.apache.commons.collections4.map.ReferenceIdentityMapTest_OE25Dev
[ERROR] /home/tasfia/Desktop/OE25-DEV/projects_decomposed/commons-collections4/src/test/java/org/apache/commons/collections4/map/ReferenceIdentityMapTest_OE25Dev.java:[359,17] method testNullHandling() is already defined in class org.apache.commons.collections4.map.ReferenceIdentityMapTest_OE25Dev
[ERROR] /home/tasfia/Desktop/OE25-DEV/projects_decomposed/commons-collections4/src/test/java/org/apache/commons/collections4/multimap/AbstractMultiValuedMapTest_OE25Dev.java:[956,17] method testNoMappingReturnsEmptyCol() is already defined in class org.apache.commons.collections4.multimap.AbstractMultiValuedMapTest_OE25Dev
[ERROR] /home/tasfia/Desktop/OE25-DEV/projects_decomposed/commons-collections4/src/test/java/org/apache/commons/collections4/multimap/AbstractMultiValuedMapTest_OE25Dev.java:[971,17] method testGet() is already defined in class org.apache.commons.collections4.multimap.AbstractMultiValuedMapTest_OE25Dev
[ERROR] /home/tasfia/Desktop/OE25-DEV/projects_decomposed/commons-collections4/src/test/java/org/apache/commons/collections4/multimap/AbstractMultiValuedMapTest_OE25Dev.java:[982,17] method testAddMappingThroughGet() is already defined in class org.apache.commons.collections4.multimap.AbstractMultiValuedMapTest_OE25Dev
[ERROR] /home/tasfia/Desktop/OE25-DEV/projects_decomposed/commons-collections4/src/test/java/org/apache/commons/collections4/multimap/AbstractMultiValuedMapTest_OE25Dev.java:[1074,17] method testValues() is already defined in class org.apache.commons.collections4.multimap.AbstractMultiValuedMapTest_OE25Dev
[ERROR] /home/tasfia/Desktop/OE25-DEV/projects_decomposed/commons-collections4/src/test/java/org/apache/commons/collections4/multimap/AbstractMultiValuedMapTest_OE25Dev.java:[1089,17] method testRemoveAllViaValuesIterator() is already defined in class org.apache.commons.collections4.multimap.AbstractMultiValuedMapTest_OE25Dev
[ERROR] /home/tasfia/Desktop/OE25-DEV/projects_decomposed/commons-collections4/src/test/java/org/apache/commons/collections4/multimap/AbstractMultiValuedMapTest_OE25Dev.java:[1132,17] method testRemoveAllViaEntriesIterator() is already defined in class org.apache.commons.collections4.multimap.AbstractMultiValuedMapTest_OE25Dev
[ERROR] /home/tasfia/Desktop/OE25-DEV/projects_decomposed/commons-collections4/src/test/java/org/apache/commons/collections4/multimap/AbstractMultiValuedMapTest_OE25Dev.java:[1150,17] method testMapEquals() is already defined in class org.apache.commons.collections4.multimap.AbstractMultiValuedMapTest_OE25Dev
[ERROR] /home/tasfia/Desktop/OE25-DEV/projects_decomposed/commons-collections4/src/test/java/org/apache/commons/collections4/multimap/AbstractMultiValuedMapTest_OE25Dev.java:[1164,17] method testSizeWithPutRemove() is already defined in class org.apache.commons.collections4.multimap.AbstractMultiValuedMapTest_OE25Dev
[ERROR] /home/tasfia/Desktop/OE25-DEV/projects_decomposed/commons-collections4/src/test/java/org/apache/commons/collections4/multimap/AbstractMultiValuedMapTest_OE25Dev.java:[1190,17] method testSize_Key() is already defined in class org.apache.commons.collections4.multimap.AbstractMultiValuedMapTest_OE25Dev
[ERROR] /home/tasfia/Desktop/OE25-DEV/projects_decomposed/commons-collections4/src/test/java/org/apache/commons/collections4/multimap/AbstractMultiValuedMapTest_OE25Dev.java:[1222,17] method testContainsValue_Key() is already defined in class org.apache.commons.collections4.multimap.AbstractMultiValuedMapTest_OE25Dev
[ERROR] /home/tasfia/Desktop/OE25-DEV/projects_decomposed/commons-collections4/src/test/java/org/apache/commons/collections4/multimap/AbstractMultiValuedMapTest_OE25Dev.java:[1235,17] method testPutAll_Map1() is already defined in class org.apache.commons.collections4.multimap.AbstractMultiValuedMapTest_OE25Dev
[ERROR] /home/tasfia/Desktop/OE25-DEV/projects_decomposed/commons-collections4/src/test/java/org/apache/commons/collections4/multimap/AbstractMultiValuedMapTest_OE25Dev.java:[1259,17] method testPutAll_Map2() is already defined in class org.apache.commons.collections4.multimap.AbstractMultiValuedMapTest_OE25Dev
[ERROR] /home/tasfia/Desktop/OE25-DEV/projects_decomposed/commons-collections4/src/test/java/org/apache/commons/collections4/multimap/AbstractMultiValuedMapTest_OE25Dev.java:[1284,17] method testPutAll_KeyIterable() is already defined in class org.apache.commons.collections4.multimap.AbstractMultiValuedMapTest_OE25Dev
[ERROR] /home/tasfia/Desktop/OE25-DEV/projects_decomposed/commons-collections4/src/test/java/org/apache/commons/collections4/multimap/AbstractMultiValuedMapTest_OE25Dev.java:[1325,17] method testRemove_KeyItem() is already defined in class org.apache.commons.collections4.multimap.AbstractMultiValuedMapTest_OE25Dev
[ERROR] /home/tasfia/Desktop/OE25-DEV/projects_decomposed/commons-collections4/src/test/java/org/apache/commons/collections4/multimap/AbstractMultiValuedMapTest_OE25Dev.java:[1365,17] method testKeysBagContainsAll() is already defined in class org.apache.commons.collections4.multimap.AbstractMultiValuedMapTest_OE25Dev
[ERROR] /home/tasfia/Desktop/OE25-DEV/projects_decomposed/commons-collections4/src/test/java/org/apache/commons/collections4/multimap/AbstractMultiValuedMapTest_OE25Dev.java:[1425,17] method testMapIteratorUnsupportedSet() is already defined in class org.apache.commons.collections4.multimap.AbstractMultiValuedMapTest_OE25Dev
[ERROR] /home/tasfia/Desktop/OE25-DEV/projects_decomposed/commons-collections4/src/test/java/org/apache/commons/collections4/multimap/AbstractMultiValuedMapTest_OE25Dev.java:[1444,17] method testFullMapCompatibility() is already defined in class org.apache.commons.collections4.multimap.AbstractMultiValuedMapTest_OE25Dev
[ERROR] /home/tasfia/Desktop/OE25-DEV/projects_decomposed/commons-collections4/src/test/java/org/apache/commons/collections4/set/PredicatedSortedSetTest_OE25Dev.java:[127,17] method testIllegalAdd() is already defined in class org.apache.commons.collections4.set.PredicatedSortedSetTest_OE25Dev
[ERROR] /home/tasfia/Desktop/OE25-DEV/projects_decomposed/commons-collections4/src/test/java/org/apache/commons/collections4/set/PredicatedSortedSetTest_OE25Dev.java:[140,17] method testIllegalAddAll() is already defined in class org.apache.commons.collections4.set.PredicatedSortedSetTest_OE25Dev
[ERROR] /home/tasfia/Desktop/OE25-DEV/projects_decomposed/commons-collections4/src/test/java/org/apache/commons/collections4/bag/TransformedBagTest_OE25Dev.java:[101,17] method testTransformedBag() is already defined in class org.apache.commons.collections4.bag.TransformedBagTest_OE25Dev
[ERROR] /home/tasfia/Desktop/OE25-DEV/projects_decomposed/commons-collections4/src/test/java/org/apache/commons/collections4/bag/TransformedBagTest_OE25Dev.java:[119,17] method testTransformedBag_decorateTransform() is already defined in class org.apache.commons.collections4.bag.TransformedBagTest_OE25Dev
[ERROR] /home/tasfia/Desktop/OE25-DEV/projects_decomposed/commons-collections4/src/test/java/org/apache/commons/collections4/bag/TransformedSortedBagTest_OE25Dev.java:[79,17] method testTransformedBag() is already defined in class org.apache.commons.collections4.bag.TransformedSortedBagTest_OE25Dev
[ERROR] /home/tasfia/Desktop/OE25-DEV/projects_decomposed/commons-collections4/src/test/java/org/apache/commons/collections4/queue/TransformedQueueTest_OE25Dev.java:[117,17] method testTransformedQueue_decorateTransform() is already defined in class org.apache.commons.collections4.queue.TransformedQueueTest_OE25Dev
[ERROR] /home/tasfia/Desktop/OE25-DEV/projects_decomposed/commons-collections4/src/test/java/org/apache/commons/collections4/list/AbstractListTest_OE25Dev.java:[1393,17] method testEmptyListSerialization() is already defined in class org.apache.commons.collections4.list.AbstractListTest_OE25Dev
[ERROR] /home/tasfia/Desktop/OE25-DEV/projects_decomposed/commons-collections4/src/test/java/org/apache/commons/collections4/list/AbstractListTest_OE25Dev.java:[1407,17] method testFullListSerialization() is already defined in class org.apache.commons.collections4.list.AbstractListTest_OE25Dev
[ERROR] /home/tasfia/Desktop/OE25-DEV/projects_decomposed/commons-collections4/src/test/java/org/apache/commons/collections4/list/AbstractListTest_OE25Dev.java:[1422,17] method testEmptyListCompatibility() is already defined in class org.apache.commons.collections4.list.AbstractListTest_OE25Dev
[ERROR] /home/tasfia/Desktop/OE25-DEV/projects_decomposed/commons-collections4/src/test/java/org/apache/commons/collections4/list/AbstractListTest_OE25Dev.java:[1442,17] method testFullListCompatibility() is already defined in class org.apache.commons.collections4.list.AbstractListTest_OE25Dev
[ERROR] /home/tasfia/Desktop/OE25-DEV/projects_decomposed/commons-collections4/src/test/java/org/apache/commons/collections4/iterators/PeekingIteratorTest_OE25Dev.java:[95,17] method testSinglePeek() is already defined in class org.apache.commons.collections4.iterators.PeekingIteratorTest_OE25Dev
[ERROR] /home/tasfia/Desktop/OE25-DEV/projects_decomposed/commons-collections4/src/test/java/org/apache/commons/collections4/AbstractArrayListTest_OE25Dev.java:[64,17] method testSearch() is already defined in class org.apache.commons.collections4.AbstractArrayListTest_OE25Dev
[ERROR] /home/tasfia/Desktop/OE25-DEV/projects_decomposed/commons-collections4/src/test/java/org/apache/commons/collections4/set/ListOrderedSet2Test_OE25Dev.java:[169,17] method testOrdering() is already defined in class org.apache.commons.collections4.set.ListOrderedSet2Test_OE25Dev
[ERROR] /home/tasfia/Desktop/OE25-DEV/projects_decomposed/commons-collections4/src/test/java/org/apache/commons/collections4/set/ListOrderedSet2Test_OE25Dev.java:[202,17] method testListAddRemove() is already defined in class org.apache.commons.collections4.set.ListOrderedSet2Test_OE25Dev
[ERROR] /home/tasfia/Desktop/OE25-DEV/projects_decomposed/commons-collections4/src/test/java/org/apache/commons/collections4/set/ListOrderedSet2Test_OE25Dev.java:[232,17] method testListAddIndexed() is already defined in class org.apache.commons.collections4.set.ListOrderedSet2Test_OE25Dev
[ERROR] /home/tasfia/Desktop/OE25-DEV/projects_decomposed/commons-collections4/src/test/java/org/apache/commons/collections4/bag/AbstractBagTest_OE25Dev.java:[689,17] method testBagAdd() is already defined in class org.apache.commons.collections4.bag.AbstractBagTest_OE25Dev
[ERROR] /home/tasfia/Desktop/OE25-DEV/projects_decomposed/commons-collections4/src/test/java/org/apache/commons/collections4/bag/AbstractBagTest_OE25Dev.java:[707,17] method testBagEqualsSelf() is already defined in class org.apache.commons.collections4.bag.AbstractBagTest_OE25Dev
[ERROR] /home/tasfia/Desktop/OE25-DEV/projects_decomposed/commons-collections4/src/test/java/org/apache/commons/collections4/bag/AbstractBagTest_OE25Dev.java:[724,17] method testBagRemove() is already defined in class org.apache.commons.collections4.bag.AbstractBagTest_OE25Dev
[ERROR] /home/tasfia/Desktop/OE25-DEV/projects_decomposed/commons-collections4/src/test/java/org/apache/commons/collections4/bag/AbstractBagTest_OE25Dev.java:[748,17] method testBagRemoveAll() is already defined in class org.apache.commons.collections4.bag.AbstractBagTest_OE25Dev
[ERROR] /home/tasfia/Desktop/OE25-DEV/projects_decomposed/commons-collections4/src/test/java/org/apache/commons/collections4/bag/AbstractBagTest_OE25Dev.java:[770,17] method testBagContains() is already defined in class org.apache.commons.collections4.bag.AbstractBagTest_OE25Dev
[ERROR] /home/tasfia/Desktop/OE25-DEV/projects_decomposed/commons-collections4/src/test/java/org/apache/commons/collections4/bag/AbstractBagTest_OE25Dev.java:[794,17] method testBagContainsAll() is already defined in class org.apache.commons.collections4.bag.AbstractBagTest_OE25Dev
[ERROR] /home/tasfia/Desktop/OE25-DEV/projects_decomposed/commons-collections4/src/test/java/org/apache/commons/collections4/bag/AbstractBagTest_OE25Dev.java:[848,17] method testBagSize() is already defined in class org.apache.commons.collections4.bag.AbstractBagTest_OE25Dev
[ERROR] /home/tasfia/Desktop/OE25-DEV/projects_decomposed/commons-collections4/src/test/java/org/apache/commons/collections4/bag/AbstractBagTest_OE25Dev.java:[873,17] method testBagRetainAll() is already defined in class org.apache.commons.collections4.bag.AbstractBagTest_OE25Dev
[ERROR] /home/tasfia/Desktop/OE25-DEV/projects_decomposed/commons-collections4/src/test/java/org/apache/commons/collections4/bag/AbstractBagTest_OE25Dev.java:[893,17] method testBagIterator() is already defined in class org.apache.commons.collections4.bag.AbstractBagTest_OE25Dev
[ERROR] /home/tasfia/Desktop/OE25-DEV/projects_decomposed/commons-collections4/src/test/java/org/apache/commons/collections4/bag/AbstractBagTest_OE25Dev.java:[924,17] method testBagIteratorFail() is already defined in class org.apache.commons.collections4.bag.AbstractBagTest_OE25Dev
[ERROR] /home/tasfia/Desktop/OE25-DEV/projects_decomposed/commons-collections4/src/test/java/org/apache/commons/collections4/bag/AbstractBagTest_OE25Dev.java:[945,17] method testBagIteratorFailNoMore() is already defined in class org.apache.commons.collections4.bag.AbstractBagTest_OE25Dev
[ERROR] /home/tasfia/Desktop/OE25-DEV/projects_decomposed/commons-collections4/src/test/java/org/apache/commons/collections4/bag/AbstractBagTest_OE25Dev.java:[967,17] method testBagIteratorFailDoubleRemove() is already defined in class org.apache.commons.collections4.bag.AbstractBagTest_OE25Dev
[ERROR] /home/tasfia/Desktop/OE25-DEV/projects_decomposed/commons-collections4/src/test/java/org/apache/commons/collections4/bag/AbstractBagTest_OE25Dev.java:[995,17] method testBagIteratorRemoveProtectsInvariants() is already defined in class org.apache.commons.collections4.bag.AbstractBagTest_OE25Dev
[ERROR] /home/tasfia/Desktop/OE25-DEV/projects_decomposed/commons-collections4/src/test/java/org/apache/commons/collections4/bag/AbstractBagTest_OE25Dev.java:[1021,17] method testBagToArray() is already defined in class org.apache.commons.collections4.bag.AbstractBagTest_OE25Dev
[ERROR] /home/tasfia/Desktop/OE25-DEV/projects_decomposed/commons-collections4/src/test/java/org/apache/commons/collections4/bag/AbstractBagTest_OE25Dev.java:[1045,17] method testBagToArrayPopulate() is already defined in class org.apache.commons.collections4.bag.AbstractBagTest_OE25Dev
[ERROR] /home/tasfia/Desktop/OE25-DEV/projects_decomposed/commons-collections4/src/test/java/org/apache/commons/collections4/bag/AbstractBagTest_OE25Dev.java:[1069,17] method testBagEquals() is already defined in class org.apache.commons.collections4.bag.AbstractBagTest_OE25Dev
[ERROR] /home/tasfia/Desktop/OE25-DEV/projects_decomposed/commons-collections4/src/test/java/org/apache/commons/collections4/bag/AbstractBagTest_OE25Dev.java:[1093,17] method testBagEqualsHashBag() is already defined in class org.apache.commons.collections4.bag.AbstractBagTest_OE25Dev
[ERROR] /home/tasfia/Desktop/OE25-DEV/projects_decomposed/commons-collections4/src/test/java/org/apache/commons/collections4/bag/AbstractBagTest_OE25Dev.java:[1117,17] method testBagHashCode() is already defined in class org.apache.commons.collections4.bag.AbstractBagTest_OE25Dev
[ERROR] /home/tasfia/Desktop/OE25-DEV/projects_decomposed/commons-collections4/src/test/java/org/apache/commons/collections4/collection/PredicatedCollectionTest_OE25Dev.java:[135,2] cannot find symbol
[ERROR]   symbol:   class SuppressWarnings_oe
[ERROR]   location: class org.apache.commons.collections4.collection.PredicatedCollectionTest_OE25Dev<E>
[ERROR] /home/tasfia/Desktop/OE25-DEV/projects_decomposed/commons-collections4/src/test/java/org/apache/commons/collections4/collection/PredicatedCollectionTest_OE25Dev.java:[148,2] cannot find symbol
[ERROR]   symbol:   class SuppressWarnings_oe
[ERROR]   location: class org.apache.commons.collections4.collection.PredicatedCollectionTest_OE25Dev<E>
[ERROR] /home/tasfia/Desktop/OE25-DEV/projects_decomposed/commons-collections4/src/test/java/org/apache/commons/collections4/ClosureUtilsTest_OE25Dev.java:[337,6] cannot find symbol
[ERROR]   symbol:   class SuppressWarnings_oe
[ERROR]   location: class org.apache.commons.collections4.ClosureUtilsTest_OE25Dev
[ERROR] /home/tasfia/Desktop/OE25-DEV/projects_decomposed/commons-collections4/src/test/java/org/apache/commons/collections4/ClosureUtilsTest_OE25Dev.java:[414,6] cannot find symbol
[ERROR]   symbol:   class SuppressWarnings_oe
[ERROR]   location: class org.apache.commons.collections4.ClosureUtilsTest_OE25Dev
[ERROR] /home/tasfia/Desktop/OE25-DEV/projects_decomposed/commons-collections4/src/test/java/org/apache/commons/collections4/map/CaseInsensitiveMapTest_OE25Dev.java:[103,2] cannot find symbol
[ERROR]   symbol:   class SuppressWarnings_oe
[ERROR]   location: class org.apache.commons.collections4.map.CaseInsensitiveMapTest_OE25Dev<K,V>
[ERROR] /home/tasfia/Desktop/OE25-DEV/projects_decomposed/commons-collections4/src/test/java/org/apache/commons/collections4/map/CaseInsensitiveMapTest_OE25Dev.java:[114,2] cannot find symbol
[ERROR]   symbol:   class SuppressWarnings_oe
[ERROR]   location: class org.apache.commons.collections4.map.CaseInsensitiveMapTest_OE25Dev<K,V>
[ERROR] /home/tasfia/Desktop/OE25-DEV/projects_decomposed/commons-collections4/src/test/java/org/apache/commons/collections4/map/CaseInsensitiveMapTest_OE25Dev.java:[142,2] cannot find symbol
[ERROR]   symbol:   class SuppressWarnings_oe
[ERROR]   location: class org.apache.commons.collections4.map.CaseInsensitiveMapTest_OE25Dev<K,V>
[ERROR] /home/tasfia/Desktop/OE25-DEV/projects_decomposed/commons-collections4/src/test/java/org/apache/commons/collections4/set/TransformedSetTest_OE25Dev.java:[97,2] cannot find symbol
[ERROR]   symbol:   class SuppressWarnings_oe
[ERROR]   location: class org.apache.commons.collections4.set.TransformedSetTest_OE25Dev<E>
[ERROR] /home/tasfia/Desktop/OE25-DEV/projects_decomposed/commons-collections4/src/test/java/org/apache/commons/collections4/set/AbstractSetTest_OE25Dev.java:[167,2] cannot find symbol
[ERROR]   symbol:   class SuppressWarnings_oe
[ERROR]   location: class org.apache.commons.collections4.set.AbstractSetTest_OE25Dev<E>
[ERROR] /home/tasfia/Desktop/OE25-DEV/projects_decomposed/commons-collections4/src/test/java/org/apache/commons/collections4/map/DefaultedMapTest_OE25Dev.java:[150,6] cannot find symbol
[ERROR]   symbol:   class SuppressWarnings_oe
[ERROR]   location: class org.apache.commons.collections4.map.DefaultedMapTest_OE25Dev<K,V>
[ERROR] /home/tasfia/Desktop/OE25-DEV/projects_decomposed/commons-collections4/src/test/java/org/apache/commons/collections4/map/DefaultedMapTest_OE25Dev.java:[166,2] cannot find symbol
[ERROR]   symbol:   class SuppressWarnings_oe
[ERROR]   location: class org.apache.commons.collections4.map.DefaultedMapTest_OE25Dev<K,V>
[ERROR] /home/tasfia/Desktop/OE25-DEV/projects_decomposed/commons-collections4/src/test/java/org/apache/commons/collections4/map/DefaultedMapTest_OE25Dev.java:[185,2] cannot find symbol
[ERROR]   symbol:   class SuppressWarnings_oe
[ERROR]   location: class org.apache.commons.collections4.map.DefaultedMapTest_OE25Dev<K,V>
[ERROR] /home/tasfia/Desktop/OE25-DEV/projects_decomposed/commons-collections4/src/test/java/org/apache/commons/collections4/map/DefaultedMapTest_OE25Dev.java:[204,2] cannot find symbol
[ERROR]   symbol:   class SuppressWarnings_oe
[ERROR]   location: class org.apache.commons.collections4.map.DefaultedMapTest_OE25Dev<K,V>
[ERROR] /home/tasfia/Desktop/OE25-DEV/projects_decomposed/commons-collections4/src/test/java/org/apache/commons/collections4/map/ReferenceIdentityMapTest_OE25Dev.java:[308,2] cannot find symbol
[ERROR]   symbol:   class SuppressWarnings_oe
[ERROR]   location: class org.apache.commons.collections4.map.ReferenceIdentityMapTest_OE25Dev<K,V>
[ERROR] /home/tasfia/Desktop/OE25-DEV/projects_decomposed/commons-collections4/src/test/java/org/apache/commons/collections4/map/ReferenceIdentityMapTest_OE25Dev.java:[341,2] cannot find symbol
[ERROR]   symbol:   class SuppressWarnings_oe
[ERROR]   location: class org.apache.commons.collections4.map.ReferenceIdentityMapTest_OE25Dev<K,V>
[ERROR] /home/tasfia/Desktop/OE25-DEV/projects_decomposed/commons-collections4/src/test/java/org/apache/commons/collections4/map/ReferenceIdentityMapTest_OE25Dev.java:[358,2] cannot find symbol
[ERROR]   symbol:   class SuppressWarnings_oe
[ERROR]   location: class org.apache.commons.collections4.map.ReferenceIdentityMapTest_OE25Dev<K,V>
[ERROR] /home/tasfia/Desktop/OE25-DEV/projects_decomposed/commons-collections4/src/test/java/org/apache/commons/collections4/multimap/AbstractMultiValuedMapTest_OE25Dev.java:[955,2] cannot find symbol
[ERROR]   symbol:   class SuppressWarnings_oe
[ERROR]   location: class org.apache.commons.collections4.multimap.AbstractMultiValuedMapTest_OE25Dev<K,V>
[ERROR] /home/tasfia/Desktop/OE25-DEV/projects_decomposed/commons-collections4/src/test/java/org/apache/commons/collections4/multimap/AbstractMultiValuedMapTest_OE25Dev.java:[970,2] cannot find symbol
[ERROR]   symbol:   class SuppressWarnings_oe
[ERROR]   location: class org.apache.commons.collections4.multimap.AbstractMultiValuedMapTest_OE25Dev<K,V>
[ERROR] /home/tasfia/Desktop/OE25-DEV/projects_decomposed/commons-collections4/src/test/java/org/apache/commons/collections4/multimap/AbstractMultiValuedMapTest_OE25Dev.java:[981,2] cannot find symbol
[ERROR]   symbol:   class SuppressWarnings_oe
[ERROR]   location: class org.apache.commons.collections4.multimap.AbstractMultiValuedMapTest_OE25Dev<K,V>
[ERROR] /home/tasfia/Desktop/OE25-DEV/projects_decomposed/commons-collections4/src/test/java/org/apache/commons/collections4/multimap/AbstractMultiValuedMapTest_OE25Dev.java:[1073,2] cannot find symbol
[ERROR]   symbol:   class SuppressWarnings_oe
[ERROR]   location: class org.apache.commons.collections4.multimap.AbstractMultiValuedMapTest_OE25Dev<K,V>
[ERROR] /home/tasfia/Desktop/OE25-DEV/projects_decomposed/commons-collections4/src/test/java/org/apache/commons/collections4/multimap/AbstractMultiValuedMapTest_OE25Dev.java:[1088,2] cannot find symbol
[ERROR]   symbol:   class SuppressWarnings_oe
[ERROR]   location: class org.apache.commons.collections4.multimap.AbstractMultiValuedMapTest_OE25Dev<K,V>
[ERROR] /home/tasfia/Desktop/OE25-DEV/projects_decomposed/commons-collections4/src/test/java/org/apache/commons/collections4/multimap/AbstractMultiValuedMapTest_OE25Dev.java:[1131,2] cannot find symbol
[ERROR]   symbol:   class SuppressWarnings_oe
[ERROR]   location: class org.apache.commons.collections4.multimap.AbstractMultiValuedMapTest_OE25Dev<K,V>
[ERROR] /home/tasfia/Desktop/OE25-DEV/projects_decomposed/commons-collections4/src/test/java/org/apache/commons/collections4/multimap/AbstractMultiValuedMapTest_OE25Dev.java:[1149,2] cannot find symbol
[ERROR]   symbol:   class SuppressWarnings_oe
[ERROR]   location: class org.apache.commons.collections4.multimap.AbstractMultiValuedMapTest_OE25Dev<K,V>
[ERROR] /home/tasfia/Desktop/OE25-DEV/projects_decomposed/commons-collections4/src/test/java/org/apache/commons/collections4/multimap/AbstractMultiValuedMapTest_OE25Dev.java:[1163,2] cannot find symbol
[ERROR]   symbol:   class SuppressWarnings_oe
[ERROR]   location: class org.apache.commons.collections4.multimap.AbstractMultiValuedMapTest_OE25Dev<K,V>
[ERROR] /home/tasfia/Desktop/OE25-DEV/projects_decomposed/commons-collections4/src/test/java/org/apache/commons/collections4/multimap/AbstractMultiValuedMapTest_OE25Dev.java:[1189,2] cannot find symbol
[ERROR]   symbol:   class SuppressWarnings_oe
[ERROR]   location: class org.apache.commons.collections4.multimap.AbstractMultiValuedMapTest_OE25Dev<K,V>
[ERROR] /home/tasfia/Desktop/OE25-DEV/projects_decomposed/commons-collections4/src/test/java/org/apache/commons/collections4/multimap/AbstractMultiValuedMapTest_OE25Dev.java:[1221,2] cannot find symbol
[ERROR]   symbol:   class SuppressWarnings_oe
[ERROR]   location: class org.apache.commons.collections4.multimap.AbstractMultiValuedMapTest_OE25Dev<K,V>
[ERROR] /home/tasfia/Desktop/OE25-DEV/projects_decomposed/commons-collections4/src/test/java/org/apache/commons/collections4/multimap/AbstractMultiValuedMapTest_OE25Dev.java:[1234,2] cannot find symbol
[ERROR]   symbol:   class SuppressWarnings_oe
[ERROR]   location: class org.apache.commons.collections4.multimap.AbstractMultiValuedMapTest_OE25Dev<K,V>
[ERROR] /home/tasfia/Desktop/OE25-DEV/projects_decomposed/commons-collections4/src/test/java/org/apache/commons/collections4/multimap/AbstractMultiValuedMapTest_OE25Dev.java:[1258,2] cannot find symbol
[ERROR]   symbol:   class SuppressWarnings_oe
[ERROR]   location: class org.apache.commons.collections4.multimap.AbstractMultiValuedMapTest_OE25Dev<K,V>
[ERROR] /home/tasfia/Desktop/OE25-DEV/projects_decomposed/commons-collections4/src/test/java/org/apache/commons/collections4/multimap/AbstractMultiValuedMapTest_OE25Dev.java:[1283,2] cannot find symbol
[ERROR]   symbol:   class SuppressWarnings_oe
[ERROR]   location: class org.apache.commons.collections4.multimap.AbstractMultiValuedMapTest_OE25Dev<K,V>
[ERROR] /home/tasfia/Desktop/OE25-DEV/projects_decomposed/commons-collections4/src/test/java/org/apache/commons/collections4/multimap/AbstractMultiValuedMapTest_OE25Dev.java:[1324,2] cannot find symbol
[ERROR]   symbol:   class SuppressWarnings_oe
[ERROR]   location: class org.apache.commons.collections4.multimap.AbstractMultiValuedMapTest_OE25Dev<K,V>
[ERROR] /home/tasfia/Desktop/OE25-DEV/projects_decomposed/commons-collections4/src/test/java/org/apache/commons/collections4/multimap/AbstractMultiValuedMapTest_OE25Dev.java:[1364,2] cannot find symbol
[ERROR]   symbol:   class SuppressWarnings_oe
[ERROR]   location: class org.apache.commons.collections4.multimap.AbstractMultiValuedMapTest_OE25Dev<K,V>
[ERROR] /home/tasfia/Desktop/OE25-DEV/projects_decomposed/commons-collections4/src/test/java/org/apache/commons/collections4/multimap/AbstractMultiValuedMapTest_OE25Dev.java:[1424,2] cannot find symbol
[ERROR]   symbol:   class SuppressWarnings_oe
[ERROR]   location: class org.apache.commons.collections4.multimap.AbstractMultiValuedMapTest_OE25Dev<K,V>
[ERROR] /home/tasfia/Desktop/OE25-DEV/projects_decomposed/commons-collections4/src/test/java/org/apache/commons/collections4/multimap/AbstractMultiValuedMapTest_OE25Dev.java:[1443,2] cannot find symbol
[ERROR]   symbol:   class SuppressWarnings_oe
[ERROR]   location: class org.apache.commons.collections4.multimap.AbstractMultiValuedMapTest_OE25Dev<K,V>
[ERROR] /home/tasfia/Desktop/OE25-DEV/projects_decomposed/commons-collections4/src/test/java/org/apache/commons/collections4/set/PredicatedSortedSetTest_OE25Dev.java:[126,2] cannot find symbol
[ERROR]   symbol:   class SuppressWarnings_oe
[ERROR]   location: class org.apache.commons.collections4.set.PredicatedSortedSetTest_OE25Dev<E>
[ERROR] -> [Help 1]
[ERROR] 
[ERROR] To see the full stack trace of the errors, re-run Maven with the -e switch.
[ERROR] Re-run Maven using the -X switch to enable full debug logging.
[ERROR] 
[ERROR] For more information about the errors and possible solutions, please read the following articles:
[ERROR] [Help 1] http://cwiki.apache.org/confluence/display/MAVEN/MojoFailureException
