[INFO] Scanning for projects...
[INFO] 
[INFO] -----------< org.apache.commons:commons-numbers-rootfinder >------------
[INFO] Building Apache Commons Numbers Root Finder 1.0
[INFO]   from pom.xml
[INFO] --------------------------------[ jar ]---------------------------------
[INFO] 
[INFO] --- enforcer:3.0.0-M3:enforce (enforce-maven-version) @ commons-numbers-rootfinder ---
[INFO] 
[INFO] --- enforcer:3.0.0-M3:enforce (enforce-maven-3) @ commons-numbers-rootfinder ---
[INFO] 
[INFO] --- apache-rat:0.13:check (rat-check) @ commons-numbers-rootfinder ---
[INFO] RAT will not execute since it is configured to be skipped via system property 'rat.skip'.
[INFO] 
[INFO] --- build-helper:3.1.0:parse-version (parse-version) @ commons-numbers-rootfinder ---
[INFO] 
[INFO] --- antrun:1.8:run (javadoc.resources) @ commons-numbers-rootfinder ---
[INFO] Executing tasks

main:
     [copy] Copying 2 files to /sfs/weka/scratch/wxw9rr/OE25-DEV/projects_decomposed/commons-numbers-1.0-src/commons-numbers-rootfinder/target/apidocs/META-INF
[INFO] Executed tasks
[INFO] 
[INFO] --- remote-resources:1.7.0:process (process-resource-bundles) @ commons-numbers-rootfinder ---
[INFO] Skipping remote resources execution.
[INFO] 
[INFO] --- buildnumber:1.4:create (default) @ commons-numbers-rootfinder ---
[INFO] Executing: /bin/sh -c cd '/sfs/weka/scratch/wxw9rr/OE25-DEV/projects_decomposed/commons-numbers-1.0-src/commons-numbers-rootfinder' && 'git' 'rev-parse' '--verify' 'HEAD'
[INFO] Working directory: /sfs/weka/scratch/wxw9rr/OE25-DEV/projects_decomposed/commons-numbers-1.0-src/commons-numbers-rootfinder
[INFO] Storing buildNumber: 74773d2acb91b0a98a0c2844a2b8369f83706543 at timestamp: 1768587429402
[INFO] Storing buildScmBranch: main
[INFO] 
[INFO] --- resources:3.1.0:resources (default-resources) @ commons-numbers-rootfinder ---
[INFO] Using 'UTF-8' encoding to copy filtered resources.
[INFO] skip non existing resourceDirectory /sfs/weka/scratch/wxw9rr/OE25-DEV/projects_decomposed/commons-numbers-1.0-src/commons-numbers-rootfinder/src/main/resources
[INFO] Copying 2 resources to META-INF
[INFO] 
[INFO] --- compiler:3.8.1:compile (default-compile) @ commons-numbers-rootfinder ---
[INFO] Changes detected - recompiling the module!
[INFO] Compiling 3 source files to /sfs/weka/scratch/wxw9rr/OE25-DEV/projects_decomposed/commons-numbers-1.0-src/commons-numbers-rootfinder/target/classes
[INFO] 
[INFO] --- bundle:4.2.1:manifest (bundle-manifest) @ commons-numbers-rootfinder ---
[INFO] 
[INFO] --- animal-sniffer:1.18:check (checkAPIcompatibility) @ commons-numbers-rootfinder ---
[INFO] Checking unresolved references to org.codehaus.mojo.signature:java18:1.0
[INFO] 
[INFO] --- resources:3.1.0:testResources (default-testResources) @ commons-numbers-rootfinder ---
[INFO] Using 'UTF-8' encoding to copy filtered resources.
[INFO] skip non existing resourceDirectory /sfs/weka/scratch/wxw9rr/OE25-DEV/projects_decomposed/commons-numbers-1.0-src/commons-numbers-rootfinder/src/test/resources
[INFO] Copying 2 resources to META-INF
[INFO] 
[INFO] --- compiler:3.8.1:testCompile (default-testCompile) @ commons-numbers-rootfinder ---
[INFO] Changes detected - recompiling the module!
[INFO] Compiling 4 source files to /sfs/weka/scratch/wxw9rr/OE25-DEV/projects_decomposed/commons-numbers-1.0-src/commons-numbers-rootfinder/target/test-classes
[INFO] 
[INFO] --- jacoco:0.8.5:prepare-agent (prepare-agent) @ commons-numbers-rootfinder ---
[INFO] argLine set to -javaagent:/home/wxw9rr/.m2/repository/org/jacoco/org.jacoco.agent/0.8.5/org.jacoco.agent-0.8.5-runtime.jar=destfile=/sfs/weka/scratch/wxw9rr/OE25-DEV/projects_decomposed/commons-numbers-1.0-src/commons-numbers-rootfinder/target/jacoco.exec
[INFO] 
[INFO] --- surefire:2.22.0:test (default-test) @ commons-numbers-rootfinder ---
[INFO] ------------------------------------------------------------------------
[INFO] BUILD FAILURE
[INFO] ------------------------------------------------------------------------
[INFO] Total time:  5.080 s
[INFO] Finished at: 2026-01-16T13:17:12-05:00
[INFO] ------------------------------------------------------------------------
[ERROR] Failed to execute goal org.apache.maven.plugins:maven-surefire-plugin:2.22.0:test (default-test) on project commons-numbers-rootfinder: No tests were executed!  (Set -DfailIfNoTests=false to ignore this error.) -> [Help 1]
[ERROR] 
[ERROR] To see the full stack trace of the errors, re-run Maven with the -e switch.
[ERROR] Re-run Maven using the -X switch to enable full debug logging.
[ERROR] 
[ERROR] For more information about the errors and possible solutions, please read the following articles:
[ERROR] [Help 1] http://cwiki.apache.org/confluence/display/MAVEN/MojoFailureException
