org/apache/commons/jcs3/jcache/extras/closeable/Closeables.class
org/apache/commons/jcs3/jcache/extras/loader/CacheLoaderAdapter.class
org/apache/commons/jcs3/jcache/extras/writer/AsyncCacheWriter$2.class
org/apache/commons/jcs3/jcache/extras/cdi/CacheProviderBean.class
org/apache/commons/jcs3/jcache/extras/writer/AsyncCacheWriter$ExceptionProtectionRunnable.class
org/apache/commons/jcs3/jcache/extras/writer/AsyncCacheWriter$3.class
org/apache/commons/jcs3/jcache/extras/cdi/CacheManagerBean.class
org/apache/commons/jcs3/jcache/extras/cdi/DefaultLiteral.class
org/apache/commons/jcs3/jcache/extras/writer/AsyncCacheWriter.class
org/apache/commons/jcs3/jcache/extras/writer/AsyncCacheWriter$DaemonThreadFactory.class
org/apache/commons/jcs3/jcache/extras/web/InMemoryResponse.class
org/apache/commons/jcs3/jcache/extras/web/JCacheFilter$Page.class
org/apache/commons/jcs3/jcache/extras/web/JCacheFilter.class
org/apache/commons/jcs3/jcache/extras/loader/CompositeCacheLoader.class
org/apache/commons/jcs3/jcache/extras/writer/AsyncCacheWriter$1.class
org/apache/commons/jcs3/jcache/extras/writer/CompositeCacheWriter.class
org/apache/commons/jcs3/jcache/extras/cdi/ExtraJCacheExtension.class
org/apache/commons/jcs3/jcache/extras/writer/CacheWriterAdapter.class
org/apache/commons/jcs3/jcache/extras/web/InMemoryResponse$1.class
org/apache/commons/jcs3/jcache/extras/cdi/AnyLiteral.class
org/apache/commons/jcs3/jcache/extras/web/JCacheFilter$PageKey.class
org/apache/commons/jcs3/jcache/extras/writer/AsyncCacheWriter$4.class
