began at: 2026-01-12 00:29:36
Picked up _JAVA_OPTIONS: -Djava.io.tmpdir=/sfs/weka/scratch/wxw9rr/tmp
[INFO] Scanning for projects...
[INFO] 
[INFO] ----------------< org.apache.commons:commons-jcs3-dist >----------------
[INFO] Building Apache Commons JCS :: Distribution 3.1
[INFO]   from pom.xml
[INFO] --------------------------------[ pom ]---------------------------------
[INFO] 
[INFO] --- clean:3.1.0:clean (default-clean) @ commons-jcs3-dist ---
[INFO] 
[INFO] --- enforcer:3.0.0-M3:enforce (enforce-maven-version) @ commons-jcs3-dist ---
[INFO] 
[INFO] --- enforcer:3.0.0-M3:enforce (enforce-maven-3) @ commons-jcs3-dist ---
[INFO] 
[INFO] --- apache-rat:0.13:check (rat-check) @ commons-jcs3-dist ---
[INFO] RAT will not execute since it is configured to be skipped via system property 'rat.skip'.
[INFO] 
[INFO] --- build-helper:3.2.0:parse-version (parse-version) @ commons-jcs3-dist ---
[INFO] 
[INFO] --- antrun:1.8:run (javadoc.resources) @ commons-jcs3-dist ---
[INFO] Skipping Antrun execution
[INFO] 
[INFO] --- remote-resources:1.7.0:process (process-resource-bundles) @ commons-jcs3-dist ---
[INFO] Preparing remote bundle org.apache:apache-jar-resource-bundle:1.4
[INFO] Copying 3 resources from 1 bundle.
[INFO] 
[INFO] --- buildnumber:1.4:create (default) @ commons-jcs3-dist ---
[INFO] Executing: /bin/sh -c cd '/sfs/weka/scratch/wxw9rr/artifact/RQ3/OE25-DEV/commons-jcs3-3.1-src/commons-jcs-dist' && 'git' 'rev-parse' '--verify' 'HEAD'
[INFO] Working directory: /sfs/weka/scratch/wxw9rr/artifact/RQ3/OE25-DEV/commons-jcs3-3.1-src/commons-jcs-dist
[INFO] Storing buildNumber: 77d944d491f2532ea8dc274ce81490a072a96fd9 at timestamp: 1768195778517
[INFO] Storing buildScmBranch: main
[INFO] 
[INFO] --- bundle:5.1.1:manifest (bundle-manifest) @ commons-jcs3-dist ---
[WARNING] Ignoring project type pom - supportedProjectTypes = [jar, bundle]
[INFO] 
[INFO] --- animal-sniffer:1.19:check (checkAPIcompatibility) @ commons-jcs3-dist ---
[INFO] Checking unresolved references to org.codehaus.mojo.signature:java18:1.0
[INFO] ------------------------------------------------------------------------
[INFO] BUILD SUCCESS
[INFO] ------------------------------------------------------------------------
[INFO] Total time:  1.366 s
[INFO] Finished at: 2026-01-12T00:29:39-05:00
[INFO] ------------------------------------------------------------------------
ended at: 2026-01-12 00:29:39
