#
# There is insufficient memory for the Java Runtime Environment to continue.
# Native memory allocation (mmap) failed to map 2147483648 bytes. Error detail: committing reserved memory.
# Possible reasons:
#   The system is out of physical RAM or swap space
#   This process is running with CompressedOops enabled, and the Java Heap may be blocking the growth of the native heap
# Possible solutions:
#   Reduce memory load on the system
#   Increase physical memory or swap space
#   Check if swap backing store is full
#   Decrease Java heap size (-Xmx/-Xms)
#   Decrease number of Java threads
#   Decrease Java thread stack sizes (-Xss)
#   Set larger code cache with -XX:ReservedCodeCacheSize=
#   JVM is running with Zero Based Compressed Oops mode in which the Java heap is
#     placed in the first 32GB address space. The Java Heap base address is the
#     maximum limit for the native heap growth. Please use -XX:HeapBaseMinAddress
#     to set the Java Heap base and to place the Java Heap above 32GB virtual address.
# This output file may be truncated or incomplete.
#
#  Out of Memory Error (os_linux.cpp:2832), pid=154829, tid=154838
#
# JRE version:  (17.0.15+6) (build )
# Java VM: OpenJDK 64-Bit Server VM (17.0.15+6, mixed mode, sharing, tiered, compressed oops, compressed class ptrs, g1 gc, linux-amd64)
# Core dump will be written. Default location: Core dumps may be processed with "/usr/lib/systemd/systemd-coredump %P %u %g %s %t %c %h %e" (or dumping to /sfs/weka/scratch/wxw9rr/artifact/RQ3/OE25-DEV/bcel-6.5.0-src/core.154829)
#

---------------  S U M M A R Y ------------

Command Line: -Dclassworlds.conf=/apps/software/standard/core/maven/3.9.0/bin/m2.conf -Dmaven.home=/apps/software/standard/core/maven/3.9.0 -Dlibrary.jansi.path=/apps/software/standard/core/maven/3.9.0/lib/jansi-native -Dmaven.multiModuleProjectDirectory=/scratch/wxw9rr/artifact/RQ3/OE25-DEV/bcel-6.5.0-src -Djava.io.tmpdir=/sfs/weka/scratch/wxw9rr/tmp -javaagent:/sfs/weka/scratch/wxw9rr/tmp/pitest-agent5932377997540247976.jar -ea -Djava.awt.headless=true -Djava.io.tmpdir=/sfs/weka/scratch/wxw9rr/tmp org.pitest.mutationtest.execute.MutationTestMinion 40265

Host: AMD EPYC 9454 48-Core Processor, 96 cores, 512G, Rocky Linux release 8.10 (Green Obsidian)
Time: Sun Jan 11 03:53:02 2026 EST elapsed time: 0.022539 seconds (0d 0h 0m 0s)

---------------  T H R E A D  ---------------

Current thread (0x00007fe244032920):  JavaThread "Unknown thread" [_thread_in_vm, id=154838, stack(0x00007fe24b546000,0x00007fe24b647000)]

Stack: [0x00007fe24b546000,0x00007fe24b647000],  sp=0x00007fe24b6453e0,  free space=1020k
Native frames: (J=compiled Java code, j=interpreted, Vv=VM code, C=native code)
V  [libjvm.so+0xee9791]  VMError::report_and_die(int, char const*, char const*, __va_list_tag*, Thread*, unsigned char*, void*, void*, char const*, int, unsigned long)+0x1a1
V  [libjvm.so+0xeea37d]  VMError::report_and_die(Thread*, char const*, int, unsigned long, VMErrorType, char const*, __va_list_tag*)+0x2d
V  [libjvm.so+0x60921c]  report_vm_out_of_memory(char const*, int, unsigned long, VMErrorType, char const*, ...)+0xdc
V  [libjvm.so+0xc26ba8]  os::pd_commit_memory_or_exit(char*, unsigned long, unsigned long, bool, char const*)+0xd8
V  [libjvm.so+0xc205ad]  os::commit_memory_or_exit(char*, unsigned long, unsigned long, bool, char const*)+0x1d
V  [libjvm.so+0x73769e]  G1PageBasedVirtualSpace::commit(unsigned long, unsigned long)+0x18e
V  [libjvm.so+0x74bf61]  G1RegionsLargerThanCommitSizeMapper::commit_regions(unsigned int, unsigned long, WorkGang*)+0x1a1
V  [libjvm.so+0x7de418]  HeapRegionManager::commit_regions(unsigned int, unsigned long, WorkGang*)+0x58
V  [libjvm.so+0x7e0262]  HeapRegionManager::expand(unsigned int, unsigned int, WorkGang*)+0x32
V  [libjvm.so+0x7e048e]  HeapRegionManager::expand_by(unsigned int, WorkGang*)+0x7e
V  [libjvm.so+0x6f0fbf]  G1CollectedHeap::expand(unsigned long, WorkGang*, double*)+0xef
V  [libjvm.so+0x6f176f]  G1CollectedHeap::initialize()+0x72f
V  [libjvm.so+0xe97b96]  universe_init()+0xd6
V  [libjvm.so+0x800c87]  init_globals()+0x37
V  [libjvm.so+0xe6df8f]  Threads::create_vm(JavaVMInitArgs*, bool*)+0x36f
V  [libjvm.so+0x8c00ef]  JNI_CreateJavaVM+0x4f
C  [libjli.so+0x9c6f]  JavaMain+0x8f
C  [libjli.so+0xdf99]  ThreadJavaMain+0x9


---------------  P R O C E S S  ---------------

Threads class SMR info:
_java_thread_list=0x00007fe24ac484e0, length=0, elements={
}

Java Threads: ( => current thread )

Other Threads:
  0x00007fe244068050 GCTaskThread "GC Thread#0" [stack: 0x00007fe1e5642000,0x00007fe1e5742000] [id=154839]
  0x00007fe244078670 ConcurrentGCThread "G1 Main Marker" [stack: 0x00007fe1e5541000,0x00007fe1e5641000] [id=154840]
  0x00007fe2440795f0 ConcurrentGCThread "G1 Conc#0" [stack: 0x00007fe1e5440000,0x00007fe1e5540000] [id=154841]

[error occurred during error reporting (printing all threads), id 0xb, SIGSEGV (0xb) at pc=0x00007fe24a009b90]

VM state: not at safepoint (not fully initialized)

VM Mutex/Monitor currently owned by a thread:  ([mutex/lock_event])
[0x00007fe24402e900] Heap_lock - owner thread: 0x00007fe244032920

Heap address: 0x0000000082000000, size: 30688 MB, Compressed Oops mode: Zero based, Oop shift amount: 3

CDS archive(s) mapped at: [0x0000000000000000-0x0000000000000000-0x0000000000000000), size 0, SharedBaseAddress: 0x0000000800000000, ArchiveRelocationMode: 1.
Narrow klass base: 0x0000000000000000, Narrow klass shift: 0, Narrow klass range: 0x0

GC Precious Log:
<Empty>

Heap:
 garbage-first heap   total 0K, used 0K [0x0000000082000000, 0x0000000800000000)
  region size 16384K, 0 young (0K), 0 survivors (0K)

[error occurred during error reporting (printing heap information), id 0xb, SIGSEGV (0xb) at pc=0x00007fe24a5cfdaa]

GC Heap History (0 events):
No events

Dll operation events (2 events):
Event: 0.006 Loaded shared library /sfs/gpfs/tardis/applications/202512/software/standard/core/java/17/lib/libjava.so
Event: 0.007 Loaded shared library /sfs/gpfs/tardis/applications/202512/software/standard/core/java/17/lib/libzip.so

Deoptimization events (0 events):
No events

Classes loaded (0 events):
No events

Classes unloaded (0 events):
No events

Classes redefined (0 events):
No events

Internal exceptions (0 events):
No events

VM Operations (0 events):
No events

Memory protections (1 events):
Event: 0.006 Protecting memory [0x00007fe24b546000,0x00007fe24b54a000] with protection modes 0

Nmethod flushes (0 events):
No events

Events (0 events):
No events


Dynamic libraries:
102000000-800000000 ---p 00000000 00:00 0 
55d8b0ebb000-55d8b0ebc000 r--p 00000000 00:33 8596472430                 /sfs/gpfs/tardis/applications/202512/software/standard/core/java/17/bin/java
55d8b0ebc000-55d8b0ebd000 r-xp 00001000 00:33 8596472430                 /sfs/gpfs/tardis/applications/202512/software/standard/core/java/17/bin/java
55d8b0ebd000-55d8b0ebe000 r--p 00002000 00:33 8596472430                 /sfs/gpfs/tardis/applications/202512/software/standard/core/java/17/bin/java
55d8b0ebe000-55d8b0ebf000 r--p 00002000 00:33 8596472430                 /sfs/gpfs/tardis/applications/202512/software/standard/core/java/17/bin/java
55d8b0ebf000-55d8b0ec0000 rw-p 00003000 00:33 8596472430                 /sfs/gpfs/tardis/applications/202512/software/standard/core/java/17/bin/java
55d8b218c000-55d8b21d4000 rw-p 00000000 00:00 0                          [heap]
7fe1d5d6e000-7fe1d8021000 rw-p 00000000 00:00 0 
7fe1d8021000-7fe1dc000000 ---p 00000000 00:00 0 
7fe1dc000000-7fe1dc021000 rw-p 00000000 00:00 0 
7fe1dc021000-7fe1e0000000 ---p 00000000 00:00 0 
7fe1e0000000-7fe1e0021000 rw-p 00000000 00:00 0 
7fe1e0021000-7fe1e4000000 ---p 00000000 00:00 0 
7fe1e40d7000-7fe1e543f000 rw-p 00000000 00:00 0 
7fe1e543f000-7fe1e5440000 ---p 00000000 00:00 0 
7fe1e5440000-7fe1e5540000 rw-p 00000000 00:00 0 
7fe1e5540000-7fe1e5541000 ---p 00000000 00:00 0 
7fe1e5541000-7fe1e5641000 rw-p 00000000 00:00 0 
7fe1e5641000-7fe1e5642000 ---p 00000000 00:00 0 
7fe1e5642000-7fe1e5836000 rw-p 00000000 00:00 0 
7fe1e5836000-7fe22cb06000 ---p 00000000 00:00 0 
7fe22cb06000-7fe22d3fe000 rw-p 00000000 00:00 0 
7fe22d3fe000-7fe22d66e000 rwxp 00000000 00:00 0 
7fe22d66e000-7fe23485d000 ---p 00000000 00:00 0 
7fe23485d000-7fe234acd000 rwxp 00000000 00:00 0 
7fe234acd000-7fe234f9e000 ---p 00000000 00:00 0 
7fe234f9e000-7fe23520e000 rwxp 00000000 00:00 0 
7fe23520e000-7fe23c3fe000 ---p 00000000 00:00 0 
7fe23c3fe000-7fe244000000 r--s 00000000 00:33 8596472637                 /sfs/gpfs/tardis/applications/202512/software/standard/core/java/17/lib/modules
7fe244000000-7fe2440d5000 rw-p 00000000 00:00 0 
7fe2440d5000-7fe248000000 ---p 00000000 00:00 0 
7fe24806e000-7fe248af5000 rw-p 00000000 00:00 0 
7fe248af5000-7fe248bd9000 ---p 00000000 00:00 0 
7fe248bd9000-7fe248bde000 rw-p 00000000 00:00 0 
7fe248bde000-7fe248cc2000 ---p 00000000 00:00 0 
7fe248cc2000-7fe248cc4000 r--p 00000000 00:33 8596472636                 /sfs/gpfs/tardis/applications/202512/software/standard/core/java/17/lib/libzip.so
7fe248cc4000-7fe248cd6000 r-xp 00002000 00:33 8596472636                 /sfs/gpfs/tardis/applications/202512/software/standard/core/java/17/lib/libzip.so
7fe248cd6000-7fe248cde000 r--p 00014000 00:33 8596472636                 /sfs/gpfs/tardis/applications/202512/software/standard/core/java/17/lib/libzip.so
7fe248cde000-7fe248cdf000 r--p 0001b000 00:33 8596472636                 /sfs/gpfs/tardis/applications/202512/software/standard/core/java/17/lib/libzip.so
7fe248cdf000-7fe248ce0000 rw-p 0001c000 00:33 8596472636                 /sfs/gpfs/tardis/applications/202512/software/standard/core/java/17/lib/libzip.so
7fe248ce0000-7fe248ceb000 r-xp 00000000 00:29 41352995                   /usr/lib64/libnss_files-2.28.so
7fe248ceb000-7fe248eeb000 ---p 0000b000 00:29 41352995                   /usr/lib64/libnss_files-2.28.so
7fe248eeb000-7fe248eec000 r--p 0000b000 00:29 41352995                   /usr/lib64/libnss_files-2.28.so
7fe248eec000-7fe248eed000 rw-p 0000c000 00:29 41352995                   /usr/lib64/libnss_files-2.28.so
7fe248eed000-7fe248ef3000 rw-p 00000000 00:00 0 
7fe248ef3000-7fe248efa000 r-xp 00000000 00:29 41352993                   /usr/lib64/libnss_db-2.28.so
7fe248efa000-7fe2490f9000 ---p 00007000 00:29 41352993                   /usr/lib64/libnss_db-2.28.so
7fe2490f9000-7fe2490fa000 r--p 00006000 00:29 41352993                   /usr/lib64/libnss_db-2.28.so
7fe2490fa000-7fe2490fb000 rw-p 00007000 00:29 41352993                   /usr/lib64/libnss_db-2.28.so
7fe2490fb000-7fe2490fe000 rw-p 00000000 00:00 0 
7fe2490fe000-7fe249376000 r--p 00000000 00:29 42290259                   /usr/lib/locale/en_US.utf8/LC_COLLATE
7fe249376000-7fe2494f7000 r-xp 00000000 00:29 41352876                   /usr/lib64/libm-2.28.so
7fe2494f7000-7fe2496f6000 ---p 00181000 00:29 41352876                   /usr/lib64/libm-2.28.so
7fe2496f6000-7fe2496f7000 r--p 00180000 00:29 41352876                   /usr/lib64/libm-2.28.so
7fe2496f7000-7fe2496f8000 rw-p 00181000 00:29 41352876                   /usr/lib64/libm-2.28.so
7fe2496f8000-7fe2496ff000 r-xp 00000000 00:29 41353205                   /usr/lib64/librt-2.28.so
7fe2496ff000-7fe2498fe000 ---p 00007000 00:29 41353205                   /usr/lib64/librt-2.28.so
7fe2498fe000-7fe2498ff000 r--p 00006000 00:29 41353205                   /usr/lib64/librt-2.28.so
7fe2498ff000-7fe249900000 rw-p 00007000 00:29 41353205                   /usr/lib64/librt-2.28.so
7fe249900000-7fe249b53000 r--p 00000000 00:33 8596472651                 /sfs/gpfs/tardis/applications/202512/software/standard/core/java/17/lib/server/libjvm.so
7fe249b53000-7fe24a87c000 r-xp 00253000 00:33 8596472651                 /sfs/gpfs/tardis/applications/202512/software/standard/core/java/17/lib/server/libjvm.so
7fe24a87c000-7fe24ab09000 r--p 00f7c000 00:33 8596472651                 /sfs/gpfs/tardis/applications/202512/software/standard/core/java/17/lib/server/libjvm.so
7fe24ab09000-7fe24ab0a000 ---p 01209000 00:33 8596472651                 /sfs/gpfs/tardis/applications/202512/software/standard/core/java/17/lib/server/libjvm.so
7fe24ab0a000-7fe24abc3000 r--p 01209000 00:33 8596472651                 /sfs/gpfs/tardis/applications/202512/software/standard/core/java/17/lib/server/libjvm.so
7fe24abc3000-7fe24abf8000 rw-p 012c2000 00:33 8596472651                 /sfs/gpfs/tardis/applications/202512/software/standard/core/java/17/lib/server/libjvm.so
7fe24abf8000-7fe24ac53000 rw-p 00000000 00:00 0 
7fe24ac53000-7fe24ae20000 r-xp 00000000 00:29 41352421                   /usr/lib64/libc-2.28.so
7fe24ae20000-7fe24b01f000 ---p 001cd000 00:29 41352421                   /usr/lib64/libc-2.28.so
7fe24b01f000-7fe24b023000 r--p 001cc000 00:29 41352421                   /usr/lib64/libc-2.28.so
7fe24b023000-7fe24b025000 rw-p 001d0000 00:29 41352421                   /usr/lib64/libc-2.28.so
7fe24b025000-7fe24b029000 rw-p 00000000 00:00 0 
7fe24b029000-7fe24b02c000 r-xp 00000000 00:29 41352530                   /usr/lib64/libdl-2.28.so
7fe24b02c000-7fe24b22b000 ---p 00003000 00:29 41352530                   /usr/lib64/libdl-2.28.so
7fe24b22b000-7fe24b22c000 r--p 00002000 00:29 41352530                   /usr/lib64/libdl-2.28.so
7fe24b22c000-7fe24b22d000 rw-p 00003000 00:29 41352530                   /usr/lib64/libdl-2.28.so
7fe24b22d000-7fe24b248000 r-xp 00000000 00:29 41353149                   /usr/lib64/libpthread-2.28.so
7fe24b248000-7fe24b447000 ---p 0001b000 00:29 41353149                   /usr/lib64/libpthread-2.28.so
7fe24b447000-7fe24b448000 r--p 0001a000 00:29 41353149                   /usr/lib64/libpthread-2.28.so
7fe24b448000-7fe24b449000 rw-p 0001b000 00:29 41353149                   /usr/lib64/libpthread-2.28.so
7fe24b449000-7fe24b44d000 rw-p 00000000 00:00 0 
7fe24b44d000-7fe24b47c000 r-xp 00000000 00:29 41352045                   /usr/lib64/ld-2.28.so
7fe24b485000-7fe24b48a000 rw-p 00000000 00:00 0 
7fe24b48a000-7fe24b494000 ---p 00000000 00:00 0 
7fe24b494000-7fe24b495000 r--s 00000000 203:97233 11512595616228835329   /sfs/weka/scratch/wxw9rr/tmp/pitest-agent5932377997540247976.jar
7fe24b495000-7fe24b49d000 rw-s 00000000 00:2d 75830183                   /tmp/hsperfdata_wxw9rr/154829
7fe24b49d000-7fe24b4f0000 r--p 00000000 00:29 42289927                   /usr/lib/locale/C.utf8/LC_CTYPE
7fe24b4f0000-7fe24b4f1000 r--p 00000000 00:29 42290264                   /usr/lib/locale/en_US.utf8/LC_NUMERIC
7fe24b4f1000-7fe24b4f2000 r--p 00000000 00:29 42290267                   /usr/lib/locale/en_US.utf8/LC_TIME
7fe24b4f2000-7fe24b4f3000 r--p 00000000 00:29 42290262                   /usr/lib/locale/en_US.utf8/LC_MONETARY
7fe24b4f3000-7fe24b4f4000 r--p 00000000 00:29 42290268                   /usr/lib/locale/en_US.utf8/LC_MESSAGES/SYS_LC_MESSAGES
7fe24b4f4000-7fe24b4f5000 r--p 00000000 00:29 42290265                   /usr/lib/locale/en_US.utf8/LC_PAPER
7fe24b4f5000-7fe24b4fc000 r--s 00000000 00:29 41660342                   /usr/lib64/gconv/gconv-modules.cache
7fe24b4fc000-7fe24b50a000 r--p 00000000 00:33 8596472613                 /sfs/gpfs/tardis/applications/202512/software/standard/core/java/17/lib/libjava.so
7fe24b50a000-7fe24b51c000 r-xp 0000e000 00:33 8596472613                 /sfs/gpfs/tardis/applications/202512/software/standard/core/java/17/lib/libjava.so
7fe24b51c000-7fe24b522000 r--p 00020000 00:33 8596472613                 /sfs/gpfs/tardis/applications/202512/software/standard/core/java/17/lib/libjava.so
7fe24b522000-7fe24b523000 ---p 00026000 00:33 8596472613                 /sfs/gpfs/tardis/applications/202512/software/standard/core/java/17/lib/libjava.so
7fe24b523000-7fe24b524000 r--p 00026000 00:33 8596472613                 /sfs/gpfs/tardis/applications/202512/software/standard/core/java/17/lib/libjava.so
7fe24b524000-7fe24b525000 rw-p 00027000 00:33 8596472613                 /sfs/gpfs/tardis/applications/202512/software/standard/core/java/17/lib/libjava.so
7fe24b525000-7fe24b526000 rw-p 00000000 00:00 0 
7fe24b526000-7fe24b52a000 r--p 00000000 00:33 8596472617                 /sfs/gpfs/tardis/applications/202512/software/standard/core/java/17/lib/libjimage.so
7fe24b52a000-7fe24b53d000 r-xp 00004000 00:33 8596472617                 /sfs/gpfs/tardis/applications/202512/software/standard/core/java/17/lib/libjimage.so
7fe24b53d000-7fe24b543000 r--p 00017000 00:33 8596472617                 /sfs/gpfs/tardis/applications/202512/software/standard/core/java/17/lib/libjimage.so
7fe24b543000-7fe24b545000 r--p 0001c000 00:33 8596472617                 /sfs/gpfs/tardis/applications/202512/software/standard/core/java/17/lib/libjimage.so
7fe24b545000-7fe24b546000 rw-p 0001e000 00:33 8596472617                 /sfs/gpfs/tardis/applications/202512/software/standard/core/java/17/lib/libjimage.so
7fe24b546000-7fe24b54a000 ---p 00000000 00:00 0 
7fe24b54a000-7fe24b649000 rw-p 00000000 00:00 0 
7fe24b649000-7fe24b64a000 r--p 00000000 00:29 42290263                   /usr/lib/locale/en_US.utf8/LC_NAME
7fe24b64a000-7fe24b64b000 r--p 00000000 00:29 42290258                   /usr/lib/locale/en_US.utf8/LC_ADDRESS
7fe24b64b000-7fe24b64c000 r--p 00000000 00:29 42290266                   /usr/lib/locale/en_US.utf8/LC_TELEPHONE
7fe24b64c000-7fe24b64d000 r--p 00000000 00:29 42290261                   /usr/lib/locale/en_US.utf8/LC_MEASUREMENT
7fe24b64d000-7fe24b64e000 r--p 00000000 00:29 42290260                   /usr/lib/locale/en_US.utf8/LC_IDENTIFICATION
7fe24b64e000-7fe24b650000 r--p 00000000 00:33 8596472608                 /sfs/gpfs/tardis/applications/202512/software/standard/core/java/17/lib/libinstrument.so
7fe24b650000-7fe24b656000 r-xp 00002000 00:33 8596472608                 /sfs/gpfs/tardis/applications/202512/software/standard/core/java/17/lib/libinstrument.so
7fe24b656000-7fe24b659000 r--p 00008000 00:33 8596472608                 /sfs/gpfs/tardis/applications/202512/software/standard/core/java/17/lib/libinstrument.so
7fe24b659000-7fe24b65a000 r--p 0000a000 00:33 8596472608                 /sfs/gpfs/tardis/applications/202512/software/standard/core/java/17/lib/libinstrument.so
7fe24b65a000-7fe24b65b000 rw-p 0000b000 00:33 8596472608                 /sfs/gpfs/tardis/applications/202512/software/standard/core/java/17/lib/libinstrument.so
7fe24b65b000-7fe24b65c000 ---p 00000000 00:00 0 
7fe24b65c000-7fe24b65d000 r--p 00000000 00:00 0 
7fe24b65d000-7fe24b65e000 ---p 00000000 00:00 0 
7fe24b65e000-7fe24b661000 r--p 00000000 00:33 8596472618                 /sfs/gpfs/tardis/applications/202512/software/standard/core/java/17/lib/libjli.so
7fe24b661000-7fe24b671000 r-xp 00003000 00:33 8596472618                 /sfs/gpfs/tardis/applications/202512/software/standard/core/java/17/lib/libjli.so
7fe24b671000-7fe24b678000 r--p 00013000 00:33 8596472618                 /sfs/gpfs/tardis/applications/202512/software/standard/core/java/17/lib/libjli.so
7fe24b678000-7fe24b679000 r--p 00019000 00:33 8596472618                 /sfs/gpfs/tardis/applications/202512/software/standard/core/java/17/lib/libjli.so
7fe24b679000-7fe24b67a000 rw-p 0001a000 00:33 8596472618                 /sfs/gpfs/tardis/applications/202512/software/standard/core/java/17/lib/libjli.so
7fe24b67a000-7fe24b67c000 rw-p 00000000 00:00 0 
7fe24b67c000-7fe24b67d000 r--p 0002f000 00:29 41352045                   /usr/lib64/ld-2.28.so
7fe24b67d000-7fe24b67f000 rw-p 00030000 00:29 41352045                   /usr/lib64/ld-2.28.so
7ffe0647d000-7ffe064a2000 rw-p 00000000 00:00 0                          [stack]
7ffe06591000-7ffe06595000 r--p 00000000 00:00 0                          [vvar]
7ffe06595000-7ffe06597000 r-xp 00000000 00:00 0                          [vdso]
ffffffffff600000-ffffffffff601000 r-xp 00000000 00:00 0                  [vsyscall]


VM Arguments:
jvm_args: -Dclassworlds.conf=/apps/software/standard/core/maven/3.9.0/bin/m2.conf -Dmaven.home=/apps/software/standard/core/maven/3.9.0 -Dlibrary.jansi.path=/apps/software/standard/core/maven/3.9.0/lib/jansi-native -Dmaven.multiModuleProjectDirectory=/scratch/wxw9rr/artifact/RQ3/OE25-DEV/bcel-6.5.0-src -Djava.io.tmpdir=/sfs/weka/scratch/wxw9rr/tmp -javaagent:/sfs/weka/scratch/wxw9rr/tmp/pitest-agent5932377997540247976.jar -ea -Djava.awt.headless=true -Djava.io.tmpdir=/sfs/weka/scratch/wxw9rr/tmp 
java_command: org.pitest.mutationtest.execute.MutationTestMinion 40265
java_class_path (initial): /sfs/weka/scratch/wxw9rr/artifact/RQ3/OE25-DEV/bcel-6.5.0-src/target/test-classes:/sfs/weka/scratch/wxw9rr/artifact/RQ3/OE25-DEV/bcel-6.5.0-src/target/classes:/home/wxw9rr/.m2/repository/junit/junit/4.12/junit-4.12.jar:/home/wxw9rr/.m2/repository/org/hamcrest/hamcrest-core/1.3/hamcrest-core-1.3.jar:/home/wxw9rr/.m2/repository/net/java/dev/jna/jna/5.5.0/jna-5.5.0.jar:/home/wxw9rr/.m2/repository/net/java/dev/jna/jna-platform/5.5.0/jna-platform-5.5.0.jar:/home/wxw9rr/.m2/repository/org/apache/commons/commons-lang3/3.10/commons-lang3-3.10.jar:/home/wxw9rr/.m2/repository/javax/javaee-api/6.0/javaee-api-6.0.jar:/home/wxw9rr/.m2/repository/org/pitest/pitest/1.22.0/pitest-1.22.0.jar
Launcher Type: SUN_STANDARD

[Global flags]
     intx CICompilerCount                          = 12                                        {product} {ergonomic}
     uint ConcGCThreads                            = 5                                         {product} {ergonomic}
     uint G1ConcRefinementThreads                  = 18                                        {product} {ergonomic}
   size_t G1HeapRegionSize                         = 16777216                                  {product} {ergonomic}
    uintx GCDrainStackTargetSize                   = 64                                        {product} {ergonomic}
   size_t InitialHeapSize                          = 2147483648                                {product} {ergonomic}
   size_t MarkStackSize                            = 4194304                                   {product} {ergonomic}
   size_t MaxHeapSize                              = 32178700288                               {product} {ergonomic}
   size_t MinHeapDeltaBytes                        = 16777216                                  {product} {ergonomic}
   size_t MinHeapSize                              = 16777216                                  {product} {ergonomic}
    uintx NonNMethodCodeHeapSize                   = 7602480                                {pd product} {ergonomic}
    uintx NonProfiledCodeHeapSize                  = 122027880                              {pd product} {ergonomic}
    uintx ProfiledCodeHeapSize                     = 122027880                              {pd product} {ergonomic}
    uintx ReservedCodeCacheSize                    = 251658240                              {pd product} {ergonomic}
     bool SegmentedCodeCache                       = true                                      {product} {ergonomic}
   size_t SoftMaxHeapSize                          = 32178700288                            {manageable} {ergonomic}
     bool UseCompressedClassPointers               = true                           {product lp64_product} {ergonomic}
     bool UseCompressedOops                        = true                           {product lp64_product} {ergonomic}
     bool UseG1GC                                  = true                                      {product} {ergonomic}

Logging:
Log output configuration:
 #0: stdout all=warning uptime,level,tags
 #1: stderr all=off uptime,level,tags

Environment Variables:
JAVA_HOME=/apps/software/standard/core/java/17
_JAVA_OPTIONS=-Djava.io.tmpdir=/sfs/weka/scratch/wxw9rr/tmp
PATH=/apps/software/standard/core/java/17:/apps/software/standard/core/java/17/bin:/apps/software/standard/core/maven/3.9.0:/apps/software/standard/core/maven/3.9.0/bin:/home/wxw9rr/.local/bin:/opt/mam/9.1.2/bin:/sfs/gpfs/tardis/applications/202512/software/standard/core/code-server/4.99.1/lib/vscode/bin/remote-cli:/apps/software/standard/core/code-server/4.99.1/bin:/apps/software/standard/core/miniforge/24.3.0-py3.11:/apps/software/standard/core/miniforge/24.3.0-py3.11/sbin:/apps/software/standard/core/miniforge/24.3.0-py3.11/bin:/sfs/gpfs/tardis/home/wxw9rr/miniforge3/bin:/sfs/gpfs/tardis/home/wxw9rr/miniforge3/condabin:/usr/local/bin:/usr/bin:/usr/local/sbin:/usr/sbin:/opt/slurm/current/bin:/opt/rci/bin:/share/resources/HPCtools:/opt/mam/current/bin:/opt/apptainer/current/bin:/sfs/gpfs/tardis/home/wxw9rr/.local/bin
LD_LIBRARY_PATH=/apps/software/standard/core/java/17/lib:/apps/software/standard/core/maven/3.9.0/lib:/opt/slurm/current/lib
SHELL=/bin/bash
LANG=en_US.UTF-8
TERM=xterm-256color
TMPDIR=/sfs/weka/scratch/wxw9rr/tmp
TMP=/sfs/weka/scratch/wxw9rr/tmp
TEMP=/sfs/weka/scratch/wxw9rr/tmp

Active Locale:
LC_ALL=en_US.UTF-8
LC_COLLATE=en_US.UTF-8
LC_CTYPE=en_US.UTF-8
LC_MESSAGES=en_US.UTF-8
LC_MONETARY=en_US.UTF-8
LC_NUMERIC=en_US.UTF-8
LC_TIME=en_US.UTF-8

Signal Handlers:
   SIGSEGV: crash_handler in libjvm.so, mask=11100100010111111101111111111110, flags=SA_RESTART|SA_SIGINFO, unblocked
    SIGBUS: crash_handler in libjvm.so, mask=11100100010111111101111111111110, flags=SA_RESTART|SA_SIGINFO, unblocked
    SIGFPE: crash_handler in libjvm.so, mask=11100100010111111101111111111110, flags=SA_RESTART|SA_SIGINFO, unblocked
   SIGPIPE: javaSignalHandler in libjvm.so, mask=11100100010111111101111111111110, flags=SA_RESTART|SA_SIGINFO, blocked
   SIGXFSZ: javaSignalHandler in libjvm.so, mask=11100100010111111101111111111110, flags=SA_RESTART|SA_SIGINFO, blocked
    SIGILL: crash_handler in libjvm.so, mask=11100100010111111101111111111110, flags=SA_RESTART|SA_SIGINFO, unblocked
   SIGUSR2: SR_handler in libjvm.so, mask=00100000000000000000000000000000, flags=SA_RESTART|SA_SIGINFO, blocked
    SIGHUP: SIG_DFL, mask=00000000000000000000000000000000, flags=none, blocked
    SIGINT: SIG_DFL, mask=00000000000000000000000000000000, flags=none, blocked
   SIGTERM: SIG_DFL, mask=00000000000000000000000000000000, flags=none, blocked
   SIGQUIT: UserHandler in libjvm.so, mask=11100100010111111101111111111110, flags=SA_RESTART|SA_SIGINFO, blocked
   SIGTRAP: crash_handler in libjvm.so, mask=11100100010111111101111111111110, flags=SA_RESTART|SA_SIGINFO, unblocked


Periodic native trim disabled


---------------  S Y S T E M  ---------------

OS:
Rocky Linux release 8.10 (Green Obsidian)
uname: Linux 4.18.0-553.47.1.el8_10.x86_64 #1 SMP Thu Apr 3 14:27:08 UTC 2025 x86_64
OS uptime: 24 days 19:44 hours
libc: glibc 2.28 NPTL 2.28 
rlimit (soft/hard): STACK 8192k/infinity , CORE infinity/infinity , NPROC 3094208/3094208 , NOFILE 65536/65536 , AS infinity/infinity , CPU infinity/infinity , DATA infinity/infinity , FSIZE infinity/infinity , MEMLOCK infinity/infinity
load average: 86.21 55.57 40.27

/proc/meminfo:
MemTotal:       792160756 kB
MemFree:         5141640 kB
MemAvailable:   99605996 kB
Buffers:           65024 kB
Cached:         496236844 kB
SwapCached:            0 kB
Active:         350734744 kB
Inactive:       396340444 kB
Active(anon):   322086872 kB
Inactive(anon): 329601108 kB
Active(file):   28647872 kB
Inactive(file): 66739336 kB
Unevictable:    16057176 kB
Mlocked:        16057176 kB
SwapTotal:             0 kB
SwapFree:              0 kB
Dirty:                16 kB
Writeback:             0 kB
AnonPages:      266746112 kB
Mapped:          3407228 kB
Shmem:          400452800 kB
KReclaimable:    4135220 kB
Slab:            7266432 kB
SReclaimable:    4135220 kB
SUnreclaim:      3131212 kB
KernelStack:       96944 kB
PageTables:       610668 kB
NFS_Unstable:          0 kB
Bounce:                0 kB
WritebackTmp:          0 kB
CommitLimit:    772820152 kB
Committed_AS:   771413292 kB
VmallocTotal:   13743895347199 kB
VmallocUsed:     2409588 kB
VmallocChunk:          0 kB
Percpu:           657408 kB
HardwareCorrupted:     0 kB
AnonHugePages:  92248064 kB
ShmemHugePages:        0 kB
ShmemPmdMapped:        0 kB
FileHugePages:         0 kB
FilePmdMapped:         0 kB
HugePages_Total:    5632
HugePages_Free:        0
HugePages_Rsvd:        0
HugePages_Surp:        0
Hugepagesize:       2048 kB
Hugetlb:        11534336 kB
DirectMap4k:     1065932 kB
DirectMap2M:    125579264 kB
DirectMap1G:    679477248 kB

/sys/kernel/mm/transparent_hugepage/enabled: [always] madvise never
/sys/kernel/mm/transparent_hugepage/hpage_pmd_size: 2097152
/sys/kernel/mm/transparent_hugepage/defrag (defrag/compaction efforts parameter): always defer defer+madvise [madvise] never

Process Memory:
Virtual Size: 31252716K (peak: 33345868K)
Resident Set Size: 14800K (peak: 14800K) (anon: 7252K, file: 7516K, shmem: 32K)
Swapped out: 0K
C-Heap outstanding allocations: 43467K, retained: 536K
glibc malloc tunables: (default)

/proc/sys/kernel/threads-max (system-wide limit on the number of threads): 6188417
/proc/sys/vm/max_map_count (maximum number of memory map areas a process may have): 65530
/proc/sys/vm/swappiness (control to define how aggressively the kernel swaps out anonymous memory): 10
/proc/sys/kernel/pid_max (system-wide limit on number of process identifiers): 999999

container (cgroup) information:
container_type: cgroupv1
cpu_cpuset_cpus: 0-23
cpu_memory_nodes: 0-1
active_processor_count: 24
cpu_quota: no quota
cpu_period: 100000
cpu_shares: no shares
memory_limit_in_bytes: 536870912 k
memory_and_swap_limit_in_bytes: 536870912 k
memory_soft_limit_in_bytes: unlimited
memory_usage_in_bytes: 201979236 k
memory_max_usage_in_bytes: 203830672 k
kernel_memory_limit_in_bytes: unlimited
kernel_memory_usage_in_bytes: 785740 k
kernel_memory_max_usage_in_bytes: 790548 k
maximum number of tasks: unlimited
current number of tasks: 3134

Steal ticks since vm start: 0
Steal ticks percentage since vm start:  0.000

CPU: total 96 (initial active 24) (48 cores per cpu, 1 threads per core) family 25 model 17 stepping 1 microcode 0xa10113b, cx8, cmov, fxsr, mmx, 3dnowpref, sse, sse2, sse3, ssse3, sse4a, sse4.1, sse4.2, popcnt, lzcnt, tsc, tscinvbit, avx, avx2, aes, erms, clmul, bmi1, bmi2, adx, avx512f, avx512dq, avx512cd, avx512bw, avx512vl, sha, fma, vzeroupper, avx512_vpopcntdq, avx512_vpclmulqdq, avx512_vaes, avx512_vnni, clflush, clflushopt, avx512_vbmi2, avx512_vbmi
CPU Model and flags from /proc/cpuinfo:
model name	: AMD EPYC 9454 48-Core Processor
flags		: fpu vme de pse tsc msr pae mce cx8 apic sep mtrr pge mca cmov pat pse36 clflush mmx fxsr sse sse2 ht syscall nx mmxext fxsr_opt pdpe1gb rdtscp lm constant_tsc rep_good amd_lbr_v2 nopl nonstop_tsc cpuid extd_apicid aperfmperf pni pclmulqdq monitor ssse3 fma cx16 pcid sse4_1 sse4_2 x2apic movbe popcnt aes xsave avx f16c rdrand lahf_lm cmp_legacy svm extapic cr8_legacy abm sse4a misalignsse 3dnowprefetch osvw ibs skinit wdt tce topoext perfctr_core perfctr_nb bpext perfctr_llc mwaitx cpb cat_l3 cdp_l3 invpcid_single hw_pstate ssbd mba perfmon_v2 ibrs ibpb stibp ibrs_enhanced vmmcall fsgsbase bmi1 avx2 smep bmi2 erms invpcid cqm rdt_a avx512f avx512dq rdseed adx smap avx512ifma clflushopt clwb avx512cd sha_ni avx512bw avx512vl xsaveopt xsavec xgetbv1 xsaves cqm_llc cqm_occup_llc cqm_mbm_total cqm_mbm_local avx512_bf16 clzero irperf xsaveerptr wbnoinvd amd_ppin cppc arat npt lbrv svm_lock nrip_save tsc_scale vmcb_clean flushbyasid decodeassists pausefilter pfthreshold avic v_vmsave_vmload vgif x2avic v_spec_ctrl avx512vbmi umip pku ospke avx512_vbmi2 gfni vaes vpclmulqdq avx512_vnni avx512_bitalg avx512_vpopcntdq la57 rdpid overflow_recov succor smca fsrm flush_l1d

Online cpus: 0-95
Offline cpus: 96-511
BIOS frequency limitation: 2750000
Frequency switch latency (ns): 0
Available cpu frequencies: 2750000 2100000 1500000 
Current governor: performance
Core performance/turbo boost: 1

Memory: 4k page, physical 536870912k(334839980k free), swap 0k(0k free)
Page Sizes: 4k

vm_info: OpenJDK 64-Bit Server VM (17.0.15+6) for linux-amd64 JRE (17.0.15+6), built on Apr 15 2025 00:00:00 by "admin" with gcc 10.3.0

END.
