org/apache/commons/geometry/io/euclidean/threed/GeometryFormat3D.class
org/apache/commons/geometry/io/euclidean/threed/obj/PolygonObjParser.class
org/apache/commons/geometry/io/euclidean/threed/IO3D.class
org/apache/commons/geometry/io/euclidean/threed/obj/ObjTriangleMeshReader.class
org/apache/commons/geometry/io/euclidean/threed/txt/TextBoundaryWriteHandler3D.class
org/apache/commons/geometry/io/euclidean/threed/stl/StlFacetDefinitionReaders.class
org/apache/commons/geometry/io/euclidean/threed/obj/ObjBoundaryReadHandler3D.class
org/apache/commons/geometry/io/euclidean/threed/FacetDefinition.class
org/apache/commons/geometry/io/euclidean/threed/FacetDefinitions.class
org/apache/commons/geometry/io/euclidean/threed/obj/ObjWriter$MeshBuffer.class
org/apache/commons/geometry/io/euclidean/threed/stl/StlConstants.class
org/apache/commons/geometry/io/euclidean/threed/obj/AbstractObjPolygonReader.class
org/apache/commons/geometry/io/euclidean/threed/BoundaryWriteHandler3D.class
org/apache/commons/geometry/io/euclidean/threed/txt/AbstractTextBoundaryWriteHandler3D.class
org/apache/commons/geometry/io/euclidean/threed/stl/BinaryStlFacetDefinitionReader.class
org/apache/commons/geometry/io/euclidean/threed/stl/StlBoundaryWriteHandler3D.class
org/apache/commons/geometry/io/euclidean/threed/stl/TextStlWriter.class
org/apache/commons/geometry/io/euclidean/threed/SimpleFacetDefinition.class
org/apache/commons/geometry/io/euclidean/threed/txt/TextFacetDefinitionReader.class
org/apache/commons/geometry/io/euclidean/threed/AbstractBoundaryReadHandler3D$FacetDefinitionReaderIterator.class
org/apache/commons/geometry/io/euclidean/threed/stl/StlUtils.class
org/apache/commons/geometry/io/euclidean/threed/txt/CsvBoundaryReadHandler3D.class
org/apache/commons/geometry/io/euclidean/threed/txt/TextFacetDefinitionWriter.class
org/apache/commons/geometry/io/euclidean/threed/AbstractBoundaryReadHandler3D.class
org/apache/commons/geometry/io/euclidean/threed/txt/CsvBoundaryWriteHandler3D.class
org/apache/commons/geometry/io/euclidean/threed/stl/BinaryStlFacetDefinition.class
org/apache/commons/geometry/io/euclidean/threed/AbstractBoundaryWriteHandler3D.class
org/apache/commons/geometry/io/euclidean/threed/stl/BinaryStlWriter.class
org/apache/commons/geometry/io/euclidean/threed/IO3D$ManagerHolder.class
org/apache/commons/geometry/io/euclidean/threed/FacetDefinitionReader.class
org/apache/commons/geometry/io/euclidean/threed/obj/ObjWriter.class
org/apache/commons/geometry/io/euclidean/threed/obj/PolygonObjParser$VertexAttributes.class
org/apache/commons/geometry/io/euclidean/threed/stl/TextStlFacetDefinitionReader.class
org/apache/commons/geometry/io/euclidean/threed/stl/StlBoundaryReadHandler3D.class
org/apache/commons/geometry/io/euclidean/threed/obj/AbstractObjParser.class
org/apache/commons/geometry/io/euclidean/threed/obj/PolygonObjParser$Face.class
org/apache/commons/geometry/io/euclidean/threed/obj/ObjConstants.class
org/apache/commons/geometry/io/euclidean/threed/txt/TextBoundaryReadHandler3D.class
org/apache/commons/geometry/io/euclidean/threed/obj/ObjFacetDefinitionReader.class
org/apache/commons/geometry/io/euclidean/threed/BoundaryIOManager3D.class
org/apache/commons/geometry/io/euclidean/threed/obj/ObjBoundaryWriteHandler3D.class
org/apache/commons/geometry/io/euclidean/threed/BoundaryReadHandler3D.class
