began at: 2026-01-12 00:34:48
Picked up _JAVA_OPTIONS: -Djava.io.tmpdir=/sfs/weka/scratch/wxw9rr/tmp
[INFO] Scanning for projects...
[INFO] 
[INFO] ------------< org.apache.commons:commons-weaver-normalizer >------------
[INFO] Building Apache Commons Weaver Normalizer 2.0
[INFO]   from pom.xml
[INFO] --------------------------------[ jar ]---------------------------------
[INFO] 
[INFO] --- clean:3.0.0:clean (default-clean) @ commons-weaver-normalizer ---
[INFO] Deleting /sfs/weka/scratch/wxw9rr/artifact/RQ3/OE25-DEV/commons-weaver-2.0-src/modules/normalizer (includes = [dependency-reduced-pom.xml], excludes = [])
[INFO] 
[INFO] --- enforcer:3.0.0-M2:enforce (enforce-maven-version) @ commons-weaver-normalizer ---
[INFO] 
[INFO] --- enforcer:3.0.0-M2:enforce (enforce-maven-3) @ commons-weaver-normalizer ---
[INFO] 
[INFO] --- build-helper:1.9:parse-version (parse-version) @ commons-weaver-normalizer ---
[INFO] 
[INFO] --- antrun:1.8:run (javadoc.resources) @ commons-weaver-normalizer ---
[INFO] Executing tasks

main:
[INFO] Executed tasks
[INFO] 
[INFO] --- antrun:1.8:run (copy-notices) @ commons-weaver-normalizer ---
[INFO] Executing tasks

main:
    [mkdir] Created dir: /sfs/weka/scratch/wxw9rr/artifact/RQ3/OE25-DEV/commons-weaver-2.0-src/modules/normalizer/target/generated-resources/notices/META-INF
     [copy] Copying 3 files to /sfs/weka/scratch/wxw9rr/artifact/RQ3/OE25-DEV/commons-weaver-2.0-src/modules/normalizer/target/generated-resources/notices/META-INF
     [copy] Copying /sfs/weka/scratch/wxw9rr/artifact/RQ3/OE25-DEV/commons-weaver-2.0-src/LICENSE.txt to /sfs/weka/scratch/wxw9rr/artifact/RQ3/OE25-DEV/commons-weaver-2.0-src/modules/normalizer/target/generated-resources/notices/META-INF/LICENSE.txt
     [copy] Copying /sfs/weka/scratch/wxw9rr/artifact/RQ3/OE25-DEV/commons-weaver-2.0-src/NOTICE.txt to /sfs/weka/scratch/wxw9rr/artifact/RQ3/OE25-DEV/commons-weaver-2.0-src/modules/normalizer/target/generated-resources/notices/META-INF/NOTICE.txt
     [copy] Copying /sfs/weka/scratch/wxw9rr/artifact/RQ3/OE25-DEV/commons-weaver-2.0-src/LICENSE-asm6.2.1.txt to /sfs/weka/scratch/wxw9rr/artifact/RQ3/OE25-DEV/commons-weaver-2.0-src/modules/normalizer/target/generated-resources/notices/META-INF/LICENSE-asm6.2.1.txt
    [mkdir] Created dir: /sfs/weka/scratch/wxw9rr/artifact/RQ3/OE25-DEV/commons-weaver-2.0-src/modules/normalizer/target/generated-test-resources/notices/META-INF
     [copy] Copying 3 files to /sfs/weka/scratch/wxw9rr/artifact/RQ3/OE25-DEV/commons-weaver-2.0-src/modules/normalizer/target/generated-test-resources/notices/META-INF
     [copy] Copying /sfs/weka/scratch/wxw9rr/artifact/RQ3/OE25-DEV/commons-weaver-2.0-src/LICENSE.txt to /sfs/weka/scratch/wxw9rr/artifact/RQ3/OE25-DEV/commons-weaver-2.0-src/modules/normalizer/target/generated-test-resources/notices/META-INF/LICENSE.txt
     [copy] Copying /sfs/weka/scratch/wxw9rr/artifact/RQ3/OE25-DEV/commons-weaver-2.0-src/NOTICE.txt to /sfs/weka/scratch/wxw9rr/artifact/RQ3/OE25-DEV/commons-weaver-2.0-src/modules/normalizer/target/generated-test-resources/notices/META-INF/NOTICE.txt
     [copy] Copying /sfs/weka/scratch/wxw9rr/artifact/RQ3/OE25-DEV/commons-weaver-2.0-src/LICENSE-asm6.2.1.txt to /sfs/weka/scratch/wxw9rr/artifact/RQ3/OE25-DEV/commons-weaver-2.0-src/modules/normalizer/target/generated-test-resources/notices/META-INF/LICENSE-asm6.2.1.txt
    [mkdir] Created dir: /sfs/weka/scratch/wxw9rr/artifact/RQ3/OE25-DEV/commons-weaver-2.0-src/modules/normalizer/target/apidocs/META-INF
     [copy] Copying 3 files to /sfs/weka/scratch/wxw9rr/artifact/RQ3/OE25-DEV/commons-weaver-2.0-src/modules/normalizer/target/apidocs/META-INF
     [copy] Copying /sfs/weka/scratch/wxw9rr/artifact/RQ3/OE25-DEV/commons-weaver-2.0-src/LICENSE.txt to /sfs/weka/scratch/wxw9rr/artifact/RQ3/OE25-DEV/commons-weaver-2.0-src/modules/normalizer/target/apidocs/META-INF/LICENSE.txt
     [copy] Copying /sfs/weka/scratch/wxw9rr/artifact/RQ3/OE25-DEV/commons-weaver-2.0-src/NOTICE.txt to /sfs/weka/scratch/wxw9rr/artifact/RQ3/OE25-DEV/commons-weaver-2.0-src/modules/normalizer/target/apidocs/META-INF/NOTICE.txt
     [copy] Copying /sfs/weka/scratch/wxw9rr/artifact/RQ3/OE25-DEV/commons-weaver-2.0-src/LICENSE-asm6.2.1.txt to /sfs/weka/scratch/wxw9rr/artifact/RQ3/OE25-DEV/commons-weaver-2.0-src/modules/normalizer/target/apidocs/META-INF/LICENSE-asm6.2.1.txt
[INFO] Executed tasks
[INFO] 
[INFO] --- remote-resources:1.5:process (process-resource-bundles) @ commons-weaver-normalizer ---
[INFO] 
[INFO] --- build-helper:1.9:add-resource (add-source-notices) @ commons-weaver-normalizer ---
[INFO] 
[INFO] --- buildnumber:1.4:create (default) @ commons-weaver-normalizer ---
[INFO] Executing: /bin/sh -c cd '/sfs/weka/scratch/wxw9rr/artifact/RQ3/OE25-DEV/commons-weaver-2.0-src/modules/normalizer' && 'git' 'rev-parse' '--verify' 'HEAD'
[INFO] Working directory: /sfs/weka/scratch/wxw9rr/artifact/RQ3/OE25-DEV/commons-weaver-2.0-src/modules/normalizer
[INFO] Storing buildNumber: 77d944d491f2532ea8dc274ce81490a072a96fd9 at timestamp: 1768196090124
[INFO] Storing buildScmBranch: main
[INFO] 
[INFO] --- resources:3.0.2:resources (default-resources) @ commons-weaver-normalizer ---
[INFO] Using 'UTF-8' encoding to copy filtered resources.
[INFO] Copying 1 resource
[INFO] Copying 0 resource to META-INF
[INFO] Copying 3 resources
[INFO] 
[INFO] --- compiler:3.7.0:compile (default-compile) @ commons-weaver-normalizer ---
[INFO] Changes detected - recompiling the module!
[INFO] Compiling 4 source files to /sfs/weka/scratch/wxw9rr/artifact/RQ3/OE25-DEV/commons-weaver-2.0-src/modules/normalizer/target/classes
[INFO] 
[INFO] --- bundle:3.5.0:manifest (bundle-manifest) @ commons-weaver-normalizer ---
[INFO] 
[INFO] --- animal-sniffer:1.16:check (checkAPIcompatibility) @ commons-weaver-normalizer ---
[INFO] Checking unresolved references to org.codehaus.mojo.signature:java18:1.0
[INFO] 
[INFO] --- build-helper:1.9:add-test-resource (add-test-notices) @ commons-weaver-normalizer ---
[INFO] 
[INFO] --- resources:3.0.2:testResources (default-testResources) @ commons-weaver-normalizer ---
[INFO] Using 'UTF-8' encoding to copy filtered resources.
[INFO] skip non existing resourceDirectory /sfs/weka/scratch/wxw9rr/artifact/RQ3/OE25-DEV/commons-weaver-2.0-src/modules/normalizer/src/test/resources
[INFO] Copying 0 resource to META-INF
[INFO] Copying 3 resources
[INFO] 
[INFO] --- compiler:3.7.0:testCompile (default-testCompile) @ commons-weaver-normalizer ---
[INFO] Changes detected - recompiling the module!
[INFO] Compiling 1 source file to /sfs/weka/scratch/wxw9rr/artifact/RQ3/OE25-DEV/commons-weaver-2.0-src/modules/normalizer/target/test-classes
[INFO] /sfs/weka/scratch/wxw9rr/artifact/RQ3/OE25-DEV/commons-weaver-2.0-src/modules/normalizer/src/test/java/org/apache/commons/weaver/normalizer/UtilsTest.java: /sfs/weka/scratch/wxw9rr/artifact/RQ3/OE25-DEV/commons-weaver-2.0-src/modules/normalizer/src/test/java/org/apache/commons/weaver/normalizer/UtilsTest.java uses unchecked or unsafe operations.
[INFO] /sfs/weka/scratch/wxw9rr/artifact/RQ3/OE25-DEV/commons-weaver-2.0-src/modules/normalizer/src/test/java/org/apache/commons/weaver/normalizer/UtilsTest.java: Recompile with -Xlint:unchecked for details.
[INFO] 
[INFO] --- surefire:2.22.0:test (default-test) @ commons-weaver-normalizer ---
[INFO] 
[INFO] -------------------------------------------------------
[INFO]  T E S T S
[INFO] -------------------------------------------------------
[INFO] Running org.apache.commons.weaver.normalizer.UtilsTest
[INFO] Tests run: 8, Failures: 0, Errors: 0, Skipped: 0, Time elapsed: 0.029 s - in org.apache.commons.weaver.normalizer.UtilsTest
[INFO] 
[INFO] Results:
[INFO] 
[INFO] Tests run: 8, Failures: 0, Errors: 0, Skipped: 0
[INFO] 
[INFO] ------------------------------------------------------------------------
[INFO] BUILD SUCCESS
[INFO] ------------------------------------------------------------------------
[INFO] Total time:  2.932 s
[INFO] Finished at: 2026-01-12T00:34:52-05:00
[INFO] ------------------------------------------------------------------------
ended at: 2026-01-12 00:34:52
