began at: 2026-01-11 23:28:36
Picked up _JAVA_OPTIONS: -Djava.io.tmpdir=/sfs/weka/scratch/wxw9rr/tmp
[INFO] Scanning for projects...
[WARNING] 
[WARNING] Some problems were encountered while building the effective model for org.apache.commons:commons-geometry-io-euclidean:jar:1.0
[WARNING] 'build.plugins.plugin.(groupId:artifactId)' must be unique but found duplicate declaration of plugin org.apache.maven.plugins:maven-surefire-plugin @ org.apache.commons:commons-geometry-parent:1.0, /sfs/weka/scratch/wxw9rr/artifact/RQ3/OE25-DEV/commons-geometry-1.0-src/pom.xml, line 232, column 15
[WARNING] 
[WARNING] It is highly recommended to fix these problems because they threaten the stability of your build.
[WARNING] 
[WARNING] For this reason, future Maven versions might no longer support building such malformed projects.
[WARNING] 
[INFO] 
[INFO] ----------< org.apache.commons:commons-geometry-io-euclidean >----------
[INFO] Building Apache Commons Geometry IO Euclidean 1.0
[INFO]   from pom.xml
[INFO] --------------------------------[ jar ]---------------------------------
[INFO] 
[INFO] --- clean:3.1.0:clean (default-clean) @ commons-geometry-io-euclidean ---
[INFO] 
[INFO] --- enforcer:3.0.0-M3:enforce (enforce-maven-version) @ commons-geometry-io-euclidean ---
[INFO] 
[INFO] --- enforcer:3.0.0-M3:enforce (enforce-maven-3) @ commons-geometry-io-euclidean ---
[INFO] 
[INFO] --- apache-rat:0.13:check (rat-check) @ commons-geometry-io-euclidean ---
[INFO] RAT will not execute since it is configured to be skipped via system property 'rat.skip'.
[INFO] 
[INFO] --- build-helper:3.2.0:parse-version (parse-version) @ commons-geometry-io-euclidean ---
[INFO] 
[INFO] --- antrun:1.8:run (javadoc.resources) @ commons-geometry-io-euclidean ---
[INFO] Executing tasks

main:
     [copy] Copying 2 files to /sfs/weka/scratch/wxw9rr/artifact/RQ3/OE25-DEV/commons-geometry-1.0-src/commons-geometry-io-euclidean/target/apidocs/META-INF
[INFO] Executed tasks
[INFO] 
[INFO] --- remote-resources:1.7.0:process (process-resource-bundles) @ commons-geometry-io-euclidean ---
[INFO] Skipping remote resources execution.
[INFO] 
[INFO] --- buildnumber:1.4:create (default) @ commons-geometry-io-euclidean ---
[INFO] Executing: /bin/sh -c cd '/sfs/weka/scratch/wxw9rr/artifact/RQ3/OE25-DEV/commons-geometry-1.0-src/commons-geometry-io-euclidean' && 'git' 'rev-parse' '--verify' 'HEAD'
[INFO] Working directory: /sfs/weka/scratch/wxw9rr/artifact/RQ3/OE25-DEV/commons-geometry-1.0-src/commons-geometry-io-euclidean
[INFO] Storing buildNumber: 77d944d491f2532ea8dc274ce81490a072a96fd9 at timestamp: 1768192118744
[INFO] Storing buildScmBranch: main
[INFO] 
[INFO] --- resources:3.1.0:resources (default-resources) @ commons-geometry-io-euclidean ---
[INFO] Using 'UTF-8' encoding to copy filtered resources.
[INFO] skip non existing resourceDirectory /sfs/weka/scratch/wxw9rr/artifact/RQ3/OE25-DEV/commons-geometry-1.0-src/commons-geometry-io-euclidean/src/main/resources
[INFO] Copying 2 resources to META-INF
[INFO] 
[INFO] --- compiler:3.8.1:compile (default-compile) @ commons-geometry-io-euclidean ---
[INFO] Changes detected - recompiling the module!
[INFO] Compiling 41 source files to /sfs/weka/scratch/wxw9rr/artifact/RQ3/OE25-DEV/commons-geometry-1.0-src/commons-geometry-io-euclidean/target/classes
[INFO] 
[INFO] --- bundle:5.1.1:manifest (bundle-manifest) @ commons-geometry-io-euclidean ---
[INFO] 
[INFO] --- resources:3.1.0:testResources (default-testResources) @ commons-geometry-io-euclidean ---
[INFO] Using 'UTF-8' encoding to copy filtered resources.
[INFO] Copying 14 resources
[INFO] Copying 2 resources to META-INF
[INFO] 
[INFO] --- compiler:3.8.1:testCompile (default-testCompile) @ commons-geometry-io-euclidean ---
[INFO] Changes detected - recompiling the module!
[INFO] Compiling 24 source files to /sfs/weka/scratch/wxw9rr/artifact/RQ3/OE25-DEV/commons-geometry-1.0-src/commons-geometry-io-euclidean/target/test-classes
[INFO] 
[INFO] --- animal-sniffer:1.19:check (checkAPIcompatibility) @ commons-geometry-io-euclidean ---
[INFO] Checking unresolved references to org.codehaus.mojo.signature:java18:1.0
[INFO] /sfs/weka/scratch/wxw9rr/artifact/RQ3/OE25-DEV/commons-geometry-1.0-src/commons-geometry-io-euclidean/src/main/java/org/apache/commons/geometry/io/euclidean/threed/stl/BinaryStlWriter.java:91: Covariant return type change detected: java.nio.Buffer java.nio.ByteBuffer.rewind() has been changed to java.nio.ByteBuffer java.nio.ByteBuffer.rewind()
[INFO] /sfs/weka/scratch/wxw9rr/artifact/RQ3/OE25-DEV/commons-geometry-1.0-src/commons-geometry-io-euclidean/src/main/java/org/apache/commons/geometry/io/euclidean/threed/stl/BinaryStlWriter.java:148: Covariant return type change detected: java.nio.Buffer java.nio.ByteBuffer.flip() has been changed to java.nio.ByteBuffer java.nio.ByteBuffer.flip()
[INFO] /sfs/weka/scratch/wxw9rr/artifact/RQ3/OE25-DEV/commons-geometry-1.0-src/commons-geometry-io-euclidean/src/main/java/org/apache/commons/geometry/io/euclidean/threed/stl/BinaryStlFacetDefinitionReader.java:141: Covariant return type change detected: java.nio.Buffer java.nio.ByteBuffer.rewind() has been changed to java.nio.ByteBuffer java.nio.ByteBuffer.rewind()
[INFO] /sfs/weka/scratch/wxw9rr/artifact/RQ3/OE25-DEV/commons-geometry-1.0-src/commons-geometry-io-euclidean/src/main/java/org/apache/commons/geometry/io/euclidean/threed/stl/BinaryStlFacetDefinitionReader.java:182: Covariant return type change detected: java.nio.Buffer java.nio.ByteBuffer.rewind() has been changed to java.nio.ByteBuffer java.nio.ByteBuffer.rewind()
[INFO] 
[INFO] --- jacoco:0.8.5:prepare-agent (prepare-agent) @ commons-geometry-io-euclidean ---
[INFO] argLine set to -javaagent:/home/wxw9rr/.m2/repository/org/jacoco/org.jacoco.agent/0.8.5/org.jacoco.agent-0.8.5-runtime.jar=destfile=/sfs/weka/scratch/wxw9rr/artifact/RQ3/OE25-DEV/commons-geometry-1.0-src/commons-geometry-io-euclidean/target/jacoco.exec
[INFO] 
[INFO] --- surefire:3.0.0-M7:test (default-test) @ commons-geometry-io-euclidean ---
[INFO] Using auto detected provider org.apache.maven.surefire.junitplatform.JUnitPlatformProvider
[INFO] 
[INFO] -------------------------------------------------------
[INFO]  T E S T S
[INFO] -------------------------------------------------------
Picked up _JAVA_OPTIONS: -Djava.io.tmpdir=/sfs/weka/scratch/wxw9rr/tmp
[INFO] Running org.apache.commons.geometry.io.euclidean.DocumentationExamplesTest
[INFO] Tests run: 2, Failures: 0, Errors: 0, Skipped: 0, Time elapsed: 0.228 s - in org.apache.commons.geometry.io.euclidean.DocumentationExamplesTest
[INFO] Running org.apache.commons.geometry.io.euclidean.threed.IO3DTest
[INFO] Tests run: 9, Failures: 0, Errors: 0, Skipped: 0, Time elapsed: 6.509 s - in org.apache.commons.geometry.io.euclidean.threed.IO3DTest
[INFO] Running org.apache.commons.geometry.io.euclidean.threed.FacetDefinitionsTest
[INFO] Tests run: 5, Failures: 0, Errors: 0, Skipped: 0, Time elapsed: 0.006 s - in org.apache.commons.geometry.io.euclidean.threed.FacetDefinitionsTest
[INFO] Running org.apache.commons.geometry.io.euclidean.threed.txt.TextFacetDefinitionWriterTest
java.lang.instrument.IllegalClassFormatException: Error while instrumenting sun/util/resources/cldr/provider/CLDRLocaleDataMetaInfo.
	at org.jacoco.agent.rt.internal_43f5073.CoverageTransformer.transform(CoverageTransformer.java:94)
	at java.instrument/java.lang.instrument.ClassFileTransformer.transform(ClassFileTransformer.java:244)
	at java.instrument/sun.instrument.TransformerManager.transform(TransformerManager.java:188)
	at java.instrument/sun.instrument.InstrumentationImpl.transform(InstrumentationImpl.java:541)
	at java.base/java.lang.ClassLoader.defineClass2(Native Method)
	at java.base/java.lang.ClassLoader.defineClass(ClassLoader.java:1108)
	at java.base/java.security.SecureClassLoader.defineClass(SecureClassLoader.java:182)
	at java.base/jdk.internal.loader.BuiltinClassLoader.defineClass(BuiltinClassLoader.java:821)
	at java.base/jdk.internal.loader.BuiltinClassLoader.findClassInModuleOrNull(BuiltinClassLoader.java:741)
	at java.base/jdk.internal.loader.BuiltinClassLoader.findClass(BuiltinClassLoader.java:621)
	at java.base/java.lang.ClassLoader.loadClass(ClassLoader.java:637)
	at java.base/java.lang.Class.forName(Class.java:545)
	at java.base/java.util.ServiceLoader.loadProvider(ServiceLoader.java:859)
	at java.base/java.util.ServiceLoader$ModuleServicesLookupIterator.hasNext(ServiceLoader.java:1084)
	at java.base/java.util.ServiceLoader$2.hasNext(ServiceLoader.java:1309)
	at java.base/java.util.ServiceLoader$3.hasNext(ServiceLoader.java:1393)
	at java.base/sun.util.cldr.CLDRLocaleProviderAdapter.lambda$new$0(CLDRLocaleProviderAdapter.java:86)
	at java.base/java.security.AccessController.doPrivileged(AccessController.java:569)
	at java.base/sun.util.cldr.CLDRLocaleProviderAdapter.<init>(CLDRLocaleProviderAdapter.java:85)
	at java.base/jdk.internal.reflect.NativeConstructorAccessorImpl.newInstance0(Native Method)
	at java.base/jdk.internal.reflect.NativeConstructorAccessorImpl.newInstance(NativeConstructorAccessorImpl.java:77)
	at java.base/jdk.internal.reflect.DelegatingConstructorAccessorImpl.newInstance(DelegatingConstructorAccessorImpl.java:45)
	at java.base/java.lang.reflect.Constructor.newInstanceWithCaller(Constructor.java:500)
	at java.base/java.lang.reflect.Constructor.newInstance(Constructor.java:481)
	at java.base/sun.util.locale.provider.LocaleProviderAdapter.forType(LocaleProviderAdapter.java:188)
	at java.base/sun.util.locale.provider.LocaleProviderAdapter.findAdapter(LocaleProviderAdapter.java:287)
	at java.base/sun.util.locale.provider.LocaleProviderAdapter.getAdapter(LocaleProviderAdapter.java:258)
	at java.base/java.text.DecimalFormatSymbols.getInstance(DecimalFormatSymbols.java:180)
	at org.apache.commons.geometry.io.euclidean.threed.txt.TextFacetDefinitionWriterTest.testWriteBoundarySource_alternativeFormatting(TextFacetDefinitionWriterTest.java:307)
	at java.base/jdk.internal.reflect.NativeMethodAccessorImpl.invoke0(Native Method)
	at java.base/jdk.internal.reflect.NativeMethodAccessorImpl.invoke(NativeMethodAccessorImpl.java:77)
	at java.base/jdk.internal.reflect.DelegatingMethodAccessorImpl.invoke(DelegatingMethodAccessorImpl.java:43)
	at java.base/java.lang.reflect.Method.invoke(Method.java:569)
	at org.junit.platform.commons.util.ReflectionUtils.invokeMethod(ReflectionUtils.java:688)
	at org.junit.jupiter.engine.execution.MethodInvocation.proceed(MethodInvocation.java:60)
	at org.junit.jupiter.engine.execution.InvocationInterceptorChain$ValidatingInvocation.proceed(InvocationInterceptorChain.java:131)
	at org.junit.jupiter.engine.extension.TimeoutExtension.intercept(TimeoutExtension.java:149)
	at org.junit.jupiter.engine.extension.TimeoutExtension.interceptTestableMethod(TimeoutExtension.java:140)
	at org.junit.jupiter.engine.extension.TimeoutExtension.interceptTestMethod(TimeoutExtension.java:84)
	at org.junit.jupiter.engine.execution.ExecutableInvoker$ReflectiveInterceptorCall.lambda$ofVoidMethod$0(ExecutableInvoker.java:115)
	at org.junit.jupiter.engine.execution.ExecutableInvoker.lambda$invoke$0(ExecutableInvoker.java:105)
	at org.junit.jupiter.engine.execution.InvocationInterceptorChain$InterceptedInvocation.proceed(InvocationInterceptorChain.java:106)
	at org.junit.jupiter.engine.execution.InvocationInterceptorChain.proceed(InvocationInterceptorChain.java:64)
	at org.junit.jupiter.engine.execution.InvocationInterceptorChain.chainAndInvoke(InvocationInterceptorChain.java:45)
	at org.junit.jupiter.engine.execution.InvocationInterceptorChain.invoke(InvocationInterceptorChain.java:37)
	at org.junit.jupiter.engine.execution.ExecutableInvoker.invoke(ExecutableInvoker.java:104)
	at org.junit.jupiter.engine.execution.ExecutableInvoker.invoke(ExecutableInvoker.java:98)
	at org.junit.jupiter.engine.descriptor.TestMethodTestDescriptor.lambda$invokeTestMethod$6(TestMethodTestDescriptor.java:210)
	at org.junit.platform.engine.support.hierarchical.ThrowableCollector.execute(ThrowableCollector.java:73)
	at org.junit.jupiter.engine.descriptor.TestMethodTestDescriptor.invokeTestMethod(TestMethodTestDescriptor.java:206)
	at org.junit.jupiter.engine.descriptor.TestMethodTestDescriptor.execute(TestMethodTestDescriptor.java:131)
	at org.junit.jupiter.engine.descriptor.TestMethodTestDescriptor.execute(TestMethodTestDescriptor.java:65)
	at org.junit.platform.engine.support.hierarchical.NodeTestTask.lambda$executeRecursively$6(NodeTestTask.java:151)
	at org.junit.platform.engine.support.hierarchical.ThrowableCollector.execute(ThrowableCollector.java:73)
	at org.junit.platform.engine.support.hierarchical.NodeTestTask.lambda$executeRecursively$8(NodeTestTask.java:141)
	at org.junit.platform.engine.support.hierarchical.Node.around(Node.java:137)
	at org.junit.platform.engine.support.hierarchical.NodeTestTask.lambda$executeRecursively$9(NodeTestTask.java:139)
	at org.junit.platform.engine.support.hierarchical.ThrowableCollector.execute(ThrowableCollector.java:73)
	at org.junit.platform.engine.support.hierarchical.NodeTestTask.executeRecursively(NodeTestTask.java:138)
	at org.junit.platform.engine.support.hierarchical.NodeTestTask.execute(NodeTestTask.java:95)
	at java.base/java.util.ArrayList.forEach(ArrayList.java:1511)
	at org.junit.platform.engine.support.hierarchical.SameThreadHierarchicalTestExecutorService.invokeAll(SameThreadHierarchicalTestExecutorService.java:41)
	at org.junit.platform.engine.support.hierarchical.NodeTestTask.lambda$executeRecursively$6(NodeTestTask.java:155)
	at org.junit.platform.engine.support.hierarchical.ThrowableCollector.execute(ThrowableCollector.java:73)
	at org.junit.platform.engine.support.hierarchical.NodeTestTask.lambda$executeRecursively$8(NodeTestTask.java:141)
	at org.junit.platform.engine.support.hierarchical.Node.around(Node.java:137)
	at org.junit.platform.engine.support.hierarchical.NodeTestTask.lambda$executeRecursively$9(NodeTestTask.java:139)
	at org.junit.platform.engine.support.hierarchical.ThrowableCollector.execute(ThrowableCollector.java:73)
	at org.junit.platform.engine.support.hierarchical.NodeTestTask.executeRecursively(NodeTestTask.java:138)
	at org.junit.platform.engine.support.hierarchical.NodeTestTask.execute(NodeTestTask.java:95)
	at java.base/java.util.ArrayList.forEach(ArrayList.java:1511)
	at org.junit.platform.engine.support.hierarchical.SameThreadHierarchicalTestExecutorService.invokeAll(SameThreadHierarchicalTestExecutorService.java:41)
	at org.junit.platform.engine.support.hierarchical.NodeTestTask.lambda$executeRecursively$6(NodeTestTask.java:155)
	at org.junit.platform.engine.support.hierarchical.ThrowableCollector.execute(ThrowableCollector.java:73)
	at org.junit.platform.engine.support.hierarchical.NodeTestTask.lambda$executeRecursively$8(NodeTestTask.java:141)
	at org.junit.platform.engine.support.hierarchical.Node.around(Node.java:137)
	at org.junit.platform.engine.support.hierarchical.NodeTestTask.lambda$executeRecursively$9(NodeTestTask.java:139)
	at org.junit.platform.engine.support.hierarchical.ThrowableCollector.execute(ThrowableCollector.java:73)
	at org.junit.platform.engine.support.hierarchical.NodeTestTask.executeRecursively(NodeTestTask.java:138)
	at org.junit.platform.engine.support.hierarchical.NodeTestTask.execute(NodeTestTask.java:95)
	at org.junit.platform.engine.support.hierarchical.SameThreadHierarchicalTestExecutorService.submit(SameThreadHierarchicalTestExecutorService.java:35)
	at org.junit.platform.engine.support.hierarchical.HierarchicalTestExecutor.execute(HierarchicalTestExecutor.java:57)
	at org.junit.platform.engine.support.hierarchical.HierarchicalTestEngine.execute(HierarchicalTestEngine.java:54)
	at org.junit.platform.launcher.core.EngineExecutionOrchestrator.execute(EngineExecutionOrchestrator.java:107)
	at org.junit.platform.launcher.core.EngineExecutionOrchestrator.execute(EngineExecutionOrchestrator.java:88)
	at org.junit.platform.launcher.core.EngineExecutionOrchestrator.lambda$execute$0(EngineExecutionOrchestrator.java:54)
	at org.junit.platform.launcher.core.EngineExecutionOrchestrator.withInterceptedStreams(EngineExecutionOrchestrator.java:67)
	at org.junit.platform.launcher.core.EngineExecutionOrchestrator.execute(EngineExecutionOrchestrator.java:52)
	at org.junit.platform.launcher.core.DefaultLauncher.execute(DefaultLauncher.java:114)
	at org.junit.platform.launcher.core.DefaultLauncher.execute(DefaultLauncher.java:86)
	at org.junit.platform.launcher.core.DefaultLauncherSession$DelegatingLauncher.execute(DefaultLauncherSession.java:86)
	at org.apache.maven.surefire.junitplatform.LazyLauncher.execute(LazyLauncher.java:55)
	at org.apache.maven.surefire.junitplatform.JUnitPlatformProvider.execute(JUnitPlatformProvider.java:223)
	at org.apache.maven.surefire.junitplatform.JUnitPlatformProvider.invokeAllTests(JUnitPlatformProvider.java:175)
	at org.apache.maven.surefire.junitplatform.JUnitPlatformProvider.invoke(JUnitPlatformProvider.java:139)
	at org.apache.maven.surefire.booter.ForkedBooter.runSuitesInProcess(ForkedBooter.java:456)
	at org.apache.maven.surefire.booter.ForkedBooter.execute(ForkedBooter.java:169)
	at org.apache.maven.surefire.booter.ForkedBooter.run(ForkedBooter.java:595)
	at org.apache.maven.surefire.booter.ForkedBooter.main(ForkedBooter.java:581)
Caused by: java.io.IOException: Error while instrumenting sun/util/resources/cldr/provider/CLDRLocaleDataMetaInfo.
	at org.jacoco.agent.rt.internal_43f5073.core.instr.Instrumenter.instrumentError(Instrumenter.java:159)
	at org.jacoco.agent.rt.internal_43f5073.core.instr.Instrumenter.instrument(Instrumenter.java:109)
	at org.jacoco.agent.rt.internal_43f5073.CoverageTransformer.transform(CoverageTransformer.java:92)
	... 98 more
Caused by: java.lang.IllegalArgumentException: Unsupported class file major version 61
	at org.jacoco.agent.rt.internal_43f5073.asm.ClassReader.<init>(ClassReader.java:195)
	at org.jacoco.agent.rt.internal_43f5073.asm.ClassReader.<init>(ClassReader.java:176)
	at org.jacoco.agent.rt.internal_43f5073.asm.ClassReader.<init>(ClassReader.java:162)
	at org.jacoco.agent.rt.internal_43f5073.core.internal.instr.InstrSupport.classReaderFor(InstrSupport.java:280)
	at org.jacoco.agent.rt.internal_43f5073.core.instr.Instrumenter.instrument(Instrumenter.java:75)
	at org.jacoco.agent.rt.internal_43f5073.core.instr.Instrumenter.instrument(Instrumenter.java:107)
	... 99 more
[INFO] Tests run: 19, Failures: 0, Errors: 0, Skipped: 0, Time elapsed: 0.021 s - in org.apache.commons.geometry.io.euclidean.threed.txt.TextFacetDefinitionWriterTest
[INFO] Running org.apache.commons.geometry.io.euclidean.threed.txt.TextBoundaryWriteHandler3DTest
[INFO] Tests run: 6, Failures: 0, Errors: 0, Skipped: 0, Time elapsed: 0.005 s - in org.apache.commons.geometry.io.euclidean.threed.txt.TextBoundaryWriteHandler3DTest
[INFO] Running org.apache.commons.geometry.io.euclidean.threed.txt.TextFacetDefinitionReaderTest
[INFO] Tests run: 13, Failures: 0, Errors: 0, Skipped: 0, Time elapsed: 0.008 s - in org.apache.commons.geometry.io.euclidean.threed.txt.TextFacetDefinitionReaderTest
[INFO] Running org.apache.commons.geometry.io.euclidean.threed.txt.TextBoundaryReadHandler3DTest
[INFO] Tests run: 5, Failures: 0, Errors: 0, Skipped: 0, Time elapsed: 0.002 s - in org.apache.commons.geometry.io.euclidean.threed.txt.TextBoundaryReadHandler3DTest
[INFO] Running org.apache.commons.geometry.io.euclidean.threed.stl.BinaryStlWriterTest
[INFO] Tests run: 6, Failures: 0, Errors: 0, Skipped: 0, Time elapsed: 0.002 s - in org.apache.commons.geometry.io.euclidean.threed.stl.BinaryStlWriterTest
[INFO] Running org.apache.commons.geometry.io.euclidean.threed.stl.TextStlWriterTest
[INFO] Tests run: 23, Failures: 0, Errors: 0, Skipped: 0, Time elapsed: 0.01 s - in org.apache.commons.geometry.io.euclidean.threed.stl.TextStlWriterTest
[INFO] Running org.apache.commons.geometry.io.euclidean.threed.stl.StlBoundaryReadHandler3DTest
[INFO] Tests run: 8, Failures: 0, Errors: 0, Skipped: 0, Time elapsed: 0.008 s - in org.apache.commons.geometry.io.euclidean.threed.stl.StlBoundaryReadHandler3DTest
[INFO] Running org.apache.commons.geometry.io.euclidean.threed.stl.StlFacetDefinitionReadersTest
[INFO] Tests run: 5, Failures: 0, Errors: 0, Skipped: 0, Time elapsed: 0.003 s - in org.apache.commons.geometry.io.euclidean.threed.stl.StlFacetDefinitionReadersTest
[INFO] Running org.apache.commons.geometry.io.euclidean.threed.stl.BinaryStlFacetDefinitionReaderTest
[INFO] Tests run: 11, Failures: 0, Errors: 0, Skipped: 0, Time elapsed: 0.005 s - in org.apache.commons.geometry.io.euclidean.threed.stl.BinaryStlFacetDefinitionReaderTest
[INFO] Running org.apache.commons.geometry.io.euclidean.threed.stl.StlBoundaryWriteHandler3DTest
[INFO] Tests run: 11, Failures: 0, Errors: 0, Skipped: 0, Time elapsed: 0.077 s - in org.apache.commons.geometry.io.euclidean.threed.stl.StlBoundaryWriteHandler3DTest
[INFO] Running org.apache.commons.geometry.io.euclidean.threed.stl.TextStlFacetDefinitionReaderTest
[INFO] Tests run: 8, Failures: 0, Errors: 0, Skipped: 0, Time elapsed: 0.003 s - in org.apache.commons.geometry.io.euclidean.threed.stl.TextStlFacetDefinitionReaderTest
[INFO] Running org.apache.commons.geometry.io.euclidean.threed.obj.PolygonObjParserTest
[INFO] Tests run: 23, Failures: 0, Errors: 0, Skipped: 0, Time elapsed: 0.012 s - in org.apache.commons.geometry.io.euclidean.threed.obj.PolygonObjParserTest
[INFO] Running org.apache.commons.geometry.io.euclidean.threed.obj.ObjTriangleMeshReaderTest
[INFO] Tests run: 5, Failures: 0, Errors: 0, Skipped: 0, Time elapsed: 0.002 s - in org.apache.commons.geometry.io.euclidean.threed.obj.ObjTriangleMeshReaderTest
[INFO] Running org.apache.commons.geometry.io.euclidean.threed.obj.ObjBoundaryWriteHandler3DTest
[INFO] Tests run: 7, Failures: 0, Errors: 0, Skipped: 0, Time elapsed: 0.004 s - in org.apache.commons.geometry.io.euclidean.threed.obj.ObjBoundaryWriteHandler3DTest
[INFO] Running org.apache.commons.geometry.io.euclidean.threed.obj.ObjFacetDefinitionReaderTest
[INFO] Tests run: 5, Failures: 0, Errors: 0, Skipped: 0, Time elapsed: 0.002 s - in org.apache.commons.geometry.io.euclidean.threed.obj.ObjFacetDefinitionReaderTest
[INFO] Running org.apache.commons.geometry.io.euclidean.threed.obj.ObjWriterTest
[INFO] Tests run: 23, Failures: 0, Errors: 0, Skipped: 0, Time elapsed: 0.009 s - in org.apache.commons.geometry.io.euclidean.threed.obj.ObjWriterTest
[INFO] Running org.apache.commons.geometry.io.euclidean.threed.obj.ObjBoundaryReadHandler3DTest
[INFO] Tests run: 7, Failures: 0, Errors: 0, Skipped: 0, Time elapsed: 0.002 s - in org.apache.commons.geometry.io.euclidean.threed.obj.ObjBoundaryReadHandler3DTest
[INFO] Running org.apache.commons.geometry.io.euclidean.threed.BoundaryIOManager3DTest
[INFO] Tests run: 22, Failures: 0, Errors: 0, Skipped: 0, Time elapsed: 0.009 s - in org.apache.commons.geometry.io.euclidean.threed.BoundaryIOManager3DTest
[INFO] Running org.apache.commons.geometry.io.euclidean.threed.AbstractBoundaryReadHandler3DTest
[INFO] Tests run: 6, Failures: 0, Errors: 0, Skipped: 0, Time elapsed: 0.002 s - in org.apache.commons.geometry.io.euclidean.threed.AbstractBoundaryReadHandler3DTest
[INFO] Running org.apache.commons.geometry.io.euclidean.threed.SimpleFacetDefinitionTest
[INFO] Tests run: 4, Failures: 0, Errors: 0, Skipped: 0, Time elapsed: 0.002 s - in org.apache.commons.geometry.io.euclidean.threed.SimpleFacetDefinitionTest
[INFO] 
[INFO] Results:
[INFO] 
[INFO] Tests run: 233, Failures: 0, Errors: 0, Skipped: 0
[INFO] 
[INFO] ------------------------------------------------------------------------
[INFO] BUILD SUCCESS
[INFO] ------------------------------------------------------------------------
[INFO] Total time:  11.470 s
[INFO] Finished at: 2026-01-11T23:28:48-05:00
[INFO] ------------------------------------------------------------------------
ended at: 2026-01-11 23:28:48
