began at: 2026-01-12 00:33:53
Picked up _JAVA_OPTIONS: -Djava.io.tmpdir=/sfs/weka/scratch/wxw9rr/tmp
[INFO] Scanning for projects...
[INFO] 
[INFO] -----------------< org.apache.commons:commons-weaver >------------------
[INFO] Building Apache Commons Weaver Distribution 2.0
[INFO]   from pom.xml
[INFO] --------------------------------[ pom ]---------------------------------
[INFO] 
[INFO] --- pitest:1.22.0:mutationCoverage (default-cli) @ commons-weaver ---
[INFO] Skipping project because:
[INFO]   - Packaging is POM.
[INFO]   - Project has either no tests or no production code.
[INFO] ------------------------------------------------------------------------
[INFO] BUILD SUCCESS
[INFO] ------------------------------------------------------------------------
[INFO] Total time:  0.648 s
[INFO] Finished at: 2026-01-12T00:33:55-05:00
[INFO] ------------------------------------------------------------------------
ended at: 2026-01-12 00:33:55
