/sfs/weka/scratch/wxw9rr/artifact/RQ3/evosuite-artifacts/async-http-client/extras/rxjava2/src/main/java/org/asynchttpclient/extras/rxjava2/maybe/MaybeAsyncHandlerBridge.java
/sfs/weka/scratch/wxw9rr/artifact/RQ3/evosuite-artifacts/async-http-client/extras/rxjava2/src/main/java/org/asynchttpclient/extras/rxjava2/RxHttpClient.java
/sfs/weka/scratch/wxw9rr/artifact/RQ3/evosuite-artifacts/async-http-client/extras/rxjava2/src/main/java/org/asynchttpclient/extras/rxjava2/maybe/AbstractMaybeProgressAsyncHandlerBridge.java
/sfs/weka/scratch/wxw9rr/artifact/RQ3/evosuite-artifacts/async-http-client/extras/rxjava2/src/main/java/org/asynchttpclient/extras/rxjava2/maybe/ProgressAsyncMaybeEmitterBridge.java
/sfs/weka/scratch/wxw9rr/artifact/RQ3/evosuite-artifacts/async-http-client/extras/rxjava2/src/main/java/org/asynchttpclient/extras/rxjava2/DisposedException.java
/sfs/weka/scratch/wxw9rr/artifact/RQ3/evosuite-artifacts/async-http-client/extras/rxjava2/src/main/java/org/asynchttpclient/extras/rxjava2/maybe/AbstractMaybeAsyncHandlerBridge.java
/sfs/weka/scratch/wxw9rr/artifact/RQ3/evosuite-artifacts/async-http-client/extras/rxjava2/src/main/java/org/asynchttpclient/extras/rxjava2/DefaultRxHttpClient.java
