[INFO] Scanning for projects...
[INFO] 
[INFO] ----------------< commons-beanutils:commons-beanutils >-----------------
[INFO] Building Apache Commons BeanUtils 1.9.4
[INFO]   from pom.xml
[INFO] --------------------------------[ jar ]---------------------------------
[WARNING] The POM for commons-collections:commons-collections-testframework:jar:3.2.1 is missing, no dependency information available
[INFO] 
[INFO] --- enforcer:3.0.0-M2:enforce (enforce-maven-version) @ commons-beanutils ---
[INFO] 
[INFO] --- enforcer:3.0.0-M2:enforce (enforce-maven-3) @ commons-beanutils ---
[INFO] 
[INFO] --- build-helper:3.0.0:parse-version (parse-version) @ commons-beanutils ---
[INFO] 
[INFO] --- antrun:1.8:run (javadoc.resources) @ commons-beanutils ---
[INFO] Executing tasks

main:
     [copy] Copying 2 files to /sfs/weka/scratch/wxw9rr/OE25-DEV/projects_decomposed/commons-beanutils-1.9.4/target/apidocs/META-INF
[INFO] Executed tasks
[INFO] 
[INFO] --- remote-resources:1.5:process (process-resource-bundles) @ commons-beanutils ---
[INFO] 
[INFO] --- buildnumber:1.4:create (default) @ commons-beanutils ---
[INFO] Executing: /bin/sh -c cd '/sfs/weka/scratch/wxw9rr/OE25-DEV/projects_decomposed/commons-beanutils-1.9.4' && 'svn' '--non-interactive' 'info'
[INFO] Working directory: /sfs/weka/scratch/wxw9rr/OE25-DEV/projects_decomposed/commons-beanutils-1.9.4
[INFO] Storing buildNumber: ?????? at timestamp: 1768596519268
[INFO] Executing: /bin/sh -c cd '/sfs/weka/scratch/wxw9rr/OE25-DEV/projects_decomposed/commons-beanutils-1.9.4' && 'svn' '--non-interactive' 'info'
[INFO] Working directory: /sfs/weka/scratch/wxw9rr/OE25-DEV/projects_decomposed/commons-beanutils-1.9.4
[INFO] Storing buildScmBranch: UNKNOWN_BRANCH
[INFO] 
[INFO] --- resources:3.0.2:resources (default-resources) @ commons-beanutils ---
[INFO] Using 'iso-8859-1' encoding to copy filtered resources.
[INFO] skip non existing resourceDirectory /sfs/weka/scratch/wxw9rr/OE25-DEV/projects_decomposed/commons-beanutils-1.9.4/src/main/resources
[INFO] Copying 2 resources to META-INF
[INFO] 
[INFO] --- compiler:3.7.0:compile (default-compile) @ commons-beanutils ---
[INFO] Changes detected - recompiling the module!
[INFO] Compiling 111 source files to /sfs/weka/scratch/wxw9rr/OE25-DEV/projects_decomposed/commons-beanutils-1.9.4/target/classes
[INFO] /sfs/weka/scratch/wxw9rr/OE25-DEV/projects_decomposed/commons-beanutils-1.9.4/src/main/java/org/apache/commons/beanutils/LazyDynaList.java: Some input files use or override a deprecated API.
[INFO] /sfs/weka/scratch/wxw9rr/OE25-DEV/projects_decomposed/commons-beanutils-1.9.4/src/main/java/org/apache/commons/beanutils/LazyDynaList.java: Recompile with -Xlint:deprecation for details.
[INFO] /sfs/weka/scratch/wxw9rr/OE25-DEV/projects_decomposed/commons-beanutils-1.9.4/src/main/java/org/apache/commons/beanutils/converters/NumberConverter.java: Some input files use or override a deprecated API that is marked for removal.
[INFO] /sfs/weka/scratch/wxw9rr/OE25-DEV/projects_decomposed/commons-beanutils-1.9.4/src/main/java/org/apache/commons/beanutils/converters/NumberConverter.java: Recompile with -Xlint:removal for details.
[INFO] /sfs/weka/scratch/wxw9rr/OE25-DEV/projects_decomposed/commons-beanutils-1.9.4/src/main/java/org/apache/commons/beanutils/converters/AbstractArrayConverter.java: Some input files use unchecked or unsafe operations.
[INFO] /sfs/weka/scratch/wxw9rr/OE25-DEV/projects_decomposed/commons-beanutils-1.9.4/src/main/java/org/apache/commons/beanutils/converters/AbstractArrayConverter.java: Recompile with -Xlint:unchecked for details.
[INFO] 
[INFO] --- bundle:3.5.0:manifest (bundle-manifest) @ commons-beanutils ---
[WARNING] The POM for commons-collections:commons-collections-testframework:jar:3.2.1 is missing, no dependency information available
[INFO] 
[INFO] --- animal-sniffer:1.16:check (checkAPIcompatibility) @ commons-beanutils ---
[INFO] Checking unresolved references to org.codehaus.mojo.signature:java18:1.0
[INFO] 
[INFO] --- resources:3.0.2:testResources (default-testResources) @ commons-beanutils ---
[INFO] Using 'iso-8859-1' encoding to copy filtered resources.
[INFO] skip non existing resourceDirectory /sfs/weka/scratch/wxw9rr/OE25-DEV/projects_decomposed/commons-beanutils-1.9.4/src/test/resources
[INFO] Copying 2 resources to META-INF
[INFO] 
[INFO] --- compiler:3.7.0:testCompile (default-testCompile) @ commons-beanutils ---
[INFO] Changes detected - recompiling the module!
[INFO] Compiling 180 source files to /sfs/weka/scratch/wxw9rr/OE25-DEV/projects_decomposed/commons-beanutils-1.9.4/target/test-classes
[INFO] /sfs/weka/scratch/wxw9rr/OE25-DEV/projects_decomposed/commons-beanutils-1.9.4/src/test/java/org/apache/commons/beanutils/converters/BooleanArrayConverterTestCase.java: Some input files use or override a deprecated API.
[INFO] /sfs/weka/scratch/wxw9rr/OE25-DEV/projects_decomposed/commons-beanutils-1.9.4/src/test/java/org/apache/commons/beanutils/converters/BooleanArrayConverterTestCase.java: Recompile with -Xlint:deprecation for details.
[INFO] /sfs/weka/scratch/wxw9rr/OE25-DEV/projects_decomposed/commons-beanutils-1.9.4/src/test/java/org/apache/commons/beanutils/converters/ClassConverterTestCase.java: Some input files use or override a deprecated API that is marked for removal.
[INFO] /sfs/weka/scratch/wxw9rr/OE25-DEV/projects_decomposed/commons-beanutils-1.9.4/src/test/java/org/apache/commons/beanutils/converters/ClassConverterTestCase.java: Recompile with -Xlint:removal for details.
[INFO] /sfs/weka/scratch/wxw9rr/OE25-DEV/projects_decomposed/commons-beanutils-1.9.4/src/test/java/org/apache/commons/beanutils/BeanMapTestCase.java: /sfs/weka/scratch/wxw9rr/OE25-DEV/projects_decomposed/commons-beanutils-1.9.4/src/test/java/org/apache/commons/beanutils/BeanMapTestCase.java uses unchecked or unsafe operations.
[INFO] /sfs/weka/scratch/wxw9rr/OE25-DEV/projects_decomposed/commons-beanutils-1.9.4/src/test/java/org/apache/commons/beanutils/BeanMapTestCase.java: Recompile with -Xlint:unchecked for details.
[INFO] 
[INFO] --- surefire:2.22.0:test (default-test) @ commons-beanutils ---
[INFO] 
[INFO] -------------------------------------------------------
[INFO]  T E S T S
[INFO] -------------------------------------------------------
[INFO] Running org.apache.commons.beanutils.BeanPredicateTestCase_OE25Dev
[INFO] Tests run: 8, Failures: 0, Errors: 0, Skipped: 0, Time elapsed: 0.318 s - in org.apache.commons.beanutils.BeanPredicateTestCase_OE25Dev
[INFO] Running org.apache.commons.beanutils.locale.converters.IntegerLocaleConverterTestCase_OE25Dev
[INFO] Tests run: 3, Failures: 0, Errors: 0, Skipped: 0, Time elapsed: 0 s - in org.apache.commons.beanutils.locale.converters.IntegerLocaleConverterTestCase_OE25Dev
[INFO] Running org.apache.commons.beanutils.locale.LocaleBeanUtilsTestCase_OE25Dev
[INFO] Tests run: 0, Failures: 0, Errors: 0, Skipped: 0, Time elapsed: 0.013 s - in org.apache.commons.beanutils.locale.LocaleBeanUtilsTestCase_OE25Dev
[INFO] Running org.apache.commons.beanutils.memoryleaktests.MemoryLeakTestCase_OE25Dev
[INFO] Tests run: 63, Failures: 0, Errors: 0, Skipped: 0, Time elapsed: 242.046 s - in org.apache.commons.beanutils.memoryleaktests.MemoryLeakTestCase_OE25Dev
[INFO] Running org.apache.commons.beanutils.BeanUtils2TestCase_OE25Dev
[INFO] Tests run: 0, Failures: 0, Errors: 0, Skipped: 0, Time elapsed: 0.017 s - in org.apache.commons.beanutils.BeanUtils2TestCase_OE25Dev
[INFO] Running org.apache.commons.beanutils.converters.BigIntegerConverterTestCase_OE25Dev
[INFO] Tests run: 0, Failures: 0, Errors: 0, Skipped: 0, Time elapsed: 0 s - in org.apache.commons.beanutils.converters.BigIntegerConverterTestCase_OE25Dev
[INFO] Running org.apache.commons.beanutils.converters.SqlDateConverterTestCase_OE25Dev
[INFO] Tests run: 0, Failures: 0, Errors: 0, Skipped: 0, Time elapsed: 0 s - in org.apache.commons.beanutils.converters.SqlDateConverterTestCase_OE25Dev
[INFO] Running org.apache.commons.beanutils.converters.StringArrayConverterTestCase_OE25Dev
[INFO] Tests run: 6, Failures: 0, Errors: 0, Skipped: 0, Time elapsed: 0 s - in org.apache.commons.beanutils.converters.StringArrayConverterTestCase_OE25Dev
[INFO] Running org.apache.commons.beanutils.converters.DoubleConverterTestCase_OE25Dev
[INFO] Tests run: 0, Failures: 0, Errors: 0, Skipped: 0, Time elapsed: 0.001 s - in org.apache.commons.beanutils.converters.DoubleConverterTestCase_OE25Dev
[INFO] Running org.apache.commons.beanutils.converters.LongConverterTestCase_OE25Dev
[INFO] Tests run: 0, Failures: 0, Errors: 0, Skipped: 0, Time elapsed: 0 s - in org.apache.commons.beanutils.converters.LongConverterTestCase_OE25Dev
[INFO] Running org.apache.commons.beanutils.converters.ClassReloaderTestCase_OE25Dev
[INFO] Tests run: 0, Failures: 0, Errors: 0, Skipped: 0, Time elapsed: 0 s - in org.apache.commons.beanutils.converters.ClassReloaderTestCase_OE25Dev
[INFO] Running org.apache.commons.beanutils.converters.BigDecimalConverterTestCase_OE25Dev
[INFO] Tests run: 0, Failures: 0, Errors: 0, Skipped: 0, Time elapsed: 0 s - in org.apache.commons.beanutils.converters.BigDecimalConverterTestCase_OE25Dev
[INFO] Running org.apache.commons.beanutils.BeanIntrospectionDataTestCase_OE25Dev
[ERROR] Tests run: 6, Failures: 1, Errors: 0, Skipped: 0, Time elapsed: 0.04 s <<< FAILURE! - in org.apache.commons.beanutils.BeanIntrospectionDataTestCase_OE25Dev
[ERROR] testGetWriteMethodUndefined_2_oe(org.apache.commons.beanutils.BeanIntrospectionDataTestCase_OE25Dev)  Time elapsed: 0.021 s  <<< FAILURE!
junit.framework.AssertionFailedError: Method not set in descriptor expected:<public org.apache.commons.beanutils.FluentIntrospectionTestBean org.apache.commons.beanutils.FluentIntrospectionTestBean.setFluentGetProperty(java.lang.String)> but was:<null>
	at org.apache.commons.beanutils.BeanIntrospectionDataTestCase_OE25Dev.testGetWriteMethodUndefined_2_oe(BeanIntrospectionDataTestCase_OE25Dev.java:114)

[INFO] Running org.apache.commons.beanutils.IndexedPropertyTestCase_OE25Dev
[WARNING] Tests run: 43, Failures: 0, Errors: 0, Skipped: 2, Time elapsed: 0.025 s - in org.apache.commons.beanutils.IndexedPropertyTestCase_OE25Dev
[INFO] Running org.apache.commons.beanutils.DynaPropertyTestCase_OE25Dev
[INFO] Tests run: 0, Failures: 0, Errors: 0, Skipped: 0, Time elapsed: 0 s - in org.apache.commons.beanutils.DynaPropertyTestCase_OE25Dev
[INFO] Running org.apache.commons.beanutils.bugs.Jira345TestCase_OE25Dev
[INFO] Tests run: 0, Failures: 0, Errors: 0, Skipped: 0, Time elapsed: 0 s - in org.apache.commons.beanutils.bugs.Jira345TestCase_OE25Dev
[INFO] Running org.apache.commons.beanutils.bugs.Jira157TestCase_OE25Dev
[INFO] Tests run: 0, Failures: 0, Errors: 0, Skipped: 0, Time elapsed: 0.002 s - in org.apache.commons.beanutils.bugs.Jira157TestCase_OE25Dev
[INFO] Running org.apache.commons.beanutils.bugs.Jira456TestCase_OE25Dev
[INFO] Tests run: 2, Failures: 0, Errors: 0, Skipped: 0, Time elapsed: 0 s - in org.apache.commons.beanutils.bugs.Jira456TestCase_OE25Dev
[INFO] Running org.apache.commons.beanutils.bugs.Jira381TestCase_OE25Dev
[INFO] Tests run: 3, Failures: 0, Errors: 0, Skipped: 0, Time elapsed: 0 s - in org.apache.commons.beanutils.bugs.Jira381TestCase_OE25Dev
[INFO] Running org.apache.commons.beanutils.bugs.Jira422bTestCase_OE25Dev
[INFO] Tests run: 2, Failures: 0, Errors: 0, Skipped: 0, Time elapsed: 0 s - in org.apache.commons.beanutils.bugs.Jira422bTestCase_OE25Dev
[INFO] Running org.apache.commons.beanutils.bugs.Jira18TestCase_OE25Dev
[INFO] Tests run: 0, Failures: 0, Errors: 0, Skipped: 0, Time elapsed: 0 s - in org.apache.commons.beanutils.bugs.Jira18TestCase_OE25Dev
[INFO] Running org.apache.commons.beanutils.bugs.Jira492TestCase_OE25Dev
[INFO] Tests run: 11, Failures: 0, Errors: 0, Skipped: 0, Time elapsed: 0 s - in org.apache.commons.beanutils.bugs.Jira492TestCase_OE25Dev
[INFO] Running org.apache.commons.beanutils.bugs.Jira493TestCase_OE25Dev
[INFO] Tests run: 1, Failures: 0, Errors: 0, Skipped: 0, Time elapsed: 0 s - in org.apache.commons.beanutils.bugs.Jira493TestCase_OE25Dev
[INFO] Running org.apache.commons.beanutils.bugs.Jira359TestCase_OE25Dev
[INFO] Tests run: 0, Failures: 0, Errors: 0, Skipped: 0, Time elapsed: 0 s - in org.apache.commons.beanutils.bugs.Jira359TestCase_OE25Dev
[INFO] Running org.apache.commons.beanutils.bugs.Jira368TestCase_OE25Dev
[INFO] Tests run: 0, Failures: 0, Errors: 0, Skipped: 0, Time elapsed: 0.006 s - in org.apache.commons.beanutils.bugs.Jira368TestCase_OE25Dev
[INFO] Running org.apache.commons.beanutils.bugs.Jira61TestCase_OE25Dev
[INFO] Tests run: 0, Failures: 0, Errors: 0, Skipped: 0, Time elapsed: 0 s - in org.apache.commons.beanutils.bugs.Jira61TestCase_OE25Dev
[INFO] Running org.apache.commons.beanutils.bugs.Jira339TestCase_OE25Dev
[INFO] Tests run: 0, Failures: 0, Errors: 0, Skipped: 0, Time elapsed: 0 s - in org.apache.commons.beanutils.bugs.Jira339TestCase_OE25Dev
[INFO] Running org.apache.commons.beanutils.bugs.Jira454TestCase_OE25Dev
[INFO] Tests run: 1, Failures: 0, Errors: 0, Skipped: 0, Time elapsed: 0 s - in org.apache.commons.beanutils.bugs.Jira454TestCase_OE25Dev
[INFO] Running org.apache.commons.beanutils.bugs.Jira465TestCase_OE25Dev
[INFO] Tests run: 4, Failures: 0, Errors: 0, Skipped: 0, Time elapsed: 0.004 s - in org.apache.commons.beanutils.bugs.Jira465TestCase_OE25Dev
[INFO] Running org.apache.commons.beanutils.bugs.Jira273TestCase_OE25Dev
[INFO] Tests run: 0, Failures: 0, Errors: 0, Skipped: 0, Time elapsed: 0.005 s - in org.apache.commons.beanutils.bugs.Jira273TestCase_OE25Dev
[INFO] Running org.apache.commons.beanutils.bugs.Jira298TestCase_OE25Dev
[INFO] Tests run: 0, Failures: 0, Errors: 0, Skipped: 0, Time elapsed: 0.01 s - in org.apache.commons.beanutils.bugs.Jira298TestCase_OE25Dev
[INFO] Running org.apache.commons.beanutils.LazyDynaListTestCase_OE25Dev
[INFO] Tests run: 0, Failures: 0, Errors: 0, Skipped: 0, Time elapsed: 0.002 s - in org.apache.commons.beanutils.LazyDynaListTestCase_OE25Dev
[INFO] 
[INFO] Results:
[INFO] 
[ERROR] Failures: 
[ERROR]   BeanIntrospectionDataTestCase_OE25Dev.testGetWriteMethodUndefined_2_oe:114 Method not set in descriptor expected:<public org.apache.commons.beanutils.FluentIntrospectionTestBean org.apache.commons.beanutils.FluentIntrospectionTestBean.setFluentGetProperty(java.lang.String)> but was:<null>
[INFO] 
[ERROR] Tests run: 153, Failures: 1, Errors: 0, Skipped: 2
[INFO] 
[INFO] ------------------------------------------------------------------------
[INFO] BUILD FAILURE
[INFO] ------------------------------------------------------------------------
[INFO] Total time:  04:24 min
[INFO] Finished at: 2026-01-16T15:52:59-05:00
[INFO] ------------------------------------------------------------------------
[ERROR] Failed to execute goal org.apache.maven.plugins:maven-surefire-plugin:2.22.0:test (default-test) on project commons-beanutils: There are test failures.
[ERROR] 
[ERROR] Please refer to /sfs/weka/scratch/wxw9rr/OE25-DEV/projects_decomposed/commons-beanutils-1.9.4/target/surefire-reports for the individual test results.
[ERROR] Please refer to dump files (if any exist) [date]-jvmRun[N].dump, [date].dumpstream and [date]-jvmRun[N].dumpstream.
[ERROR] -> [Help 1]
[ERROR] 
[ERROR] To see the full stack trace of the errors, re-run Maven with the -e switch.
[ERROR] Re-run Maven using the -X switch to enable full debug logging.
[ERROR] 
[ERROR] For more information about the errors and possible solutions, please read the following articles:
[ERROR] [Help 1] http://cwiki.apache.org/confluence/display/MAVEN/MojoFailureException
