[INFO] Scanning for projects...
[INFO] 
[INFO] ------------------< org.apache.commons:commons-lang3 >------------------
[INFO] Building Apache Commons Lang 3.12.0
[INFO]   from pom.xml
[INFO] --------------------------------[ jar ]---------------------------------
[INFO] 
[INFO] --- clean:3.1.0:clean (default-clean) @ commons-lang3 ---
[INFO] 
[INFO] --- enforcer:3.0.0-M3:enforce (enforce-maven-version) @ commons-lang3 ---
[INFO] 
[INFO] --- enforcer:3.0.0-M3:enforce (enforce-maven-3) @ commons-lang3 ---
[INFO] 
[INFO] --- apache-rat:0.13:check (rat-check) @ commons-lang3 ---
[INFO] RAT will not execute since it is configured to be skipped via system property 'rat.skip'.
[INFO] 
[INFO] --- build-helper:3.2.0:parse-version (parse-version) @ commons-lang3 ---
[INFO] 
[INFO] --- antrun:1.8:run (javadoc.resources) @ commons-lang3 ---
[INFO] Executing tasks

main:
     [copy] Copying 2 files to /sfs/weka/scratch/wxw9rr/OE25-DEV/projects_original/commons-lang3-3.12.0-src/${target.dir}/apidocs/META-INF
[INFO] Executed tasks
[INFO] 
[INFO] --- remote-resources:1.7.0:process (process-resource-bundles) @ commons-lang3 ---
[INFO] Skipping remote resources execution.
[INFO] 
[INFO] --- buildnumber:1.4:create (default) @ commons-lang3 ---
[INFO] Executing: /bin/sh -c cd '/sfs/weka/scratch/wxw9rr/OE25-DEV/projects_original/commons-lang3-3.12.0-src' && 'git' 'rev-parse' '--verify' 'HEAD'
[INFO] Working directory: /sfs/weka/scratch/wxw9rr/OE25-DEV/projects_original/commons-lang3-3.12.0-src
[INFO] Storing buildNumber: b467cf2e4e818b0489514385e833d64c6545dc91 at timestamp: 1768557038391
[INFO] Storing buildScmBranch: main
[INFO] 
[INFO] --- resources:3.1.0:resources (default-resources) @ commons-lang3 ---
[INFO] Using 'ISO-8859-1' encoding to copy filtered resources.
[INFO] skip non existing resourceDirectory /sfs/weka/scratch/wxw9rr/OE25-DEV/projects_original/commons-lang3-3.12.0-src/src/main/resources
[INFO] Copying 2 resources to META-INF
[INFO] 
[INFO] --- compiler:3.8.1:compile (default-compile) @ commons-lang3 ---
[INFO] Changes detected - recompiling the module!
[INFO] Compiling 215 source files to /sfs/weka/scratch/wxw9rr/OE25-DEV/projects_original/commons-lang3-3.12.0-src/${target.dir}/classes
[INFO] /sfs/weka/scratch/wxw9rr/OE25-DEV/projects_original/commons-lang3-3.12.0-src/src/main/java/org/apache/commons/lang3/builder/ToStringStyle.java: Some input files use or override a deprecated API.
[INFO] /sfs/weka/scratch/wxw9rr/OE25-DEV/projects_original/commons-lang3-3.12.0-src/src/main/java/org/apache/commons/lang3/builder/ToStringStyle.java: Recompile with -Xlint:deprecation for details.
[INFO] /sfs/weka/scratch/wxw9rr/OE25-DEV/projects_original/commons-lang3-3.12.0-src/src/main/java/org/apache/commons/lang3/function/FailableDoubleToLongFunction.java: Some input files use unchecked or unsafe operations.
[INFO] /sfs/weka/scratch/wxw9rr/OE25-DEV/projects_original/commons-lang3-3.12.0-src/src/main/java/org/apache/commons/lang3/function/FailableDoubleToLongFunction.java: Recompile with -Xlint:unchecked for details.
[INFO] 
[INFO] --- bundle:5.1.1:manifest (bundle-manifest) @ commons-lang3 ---
[INFO] 
[INFO] --- resources:3.1.0:testResources (default-testResources) @ commons-lang3 ---
[INFO] Using 'ISO-8859-1' encoding to copy filtered resources.
[INFO] Copying 2 resources
[INFO] Copying 2 resources to META-INF
[INFO] 
[INFO] --- compiler:3.8.1:testCompile (default-testCompile) @ commons-lang3 ---
[INFO] No sources to compile
[INFO] 
[INFO] --- animal-sniffer:1.19:check (checkAPIcompatibility) @ commons-lang3 ---
[INFO] Checking unresolved references to org.codehaus.mojo.signature:java18:1.0
[INFO] 
[INFO] --- jacoco:0.8.6:prepare-agent (prepare-agent) @ commons-lang3 ---
[INFO] Skipping JaCoCo execution because property jacoco.skip is set.
[INFO] 
[INFO] --- surefire:3.0.0-M5:test (default-test) @ commons-lang3 ---
[INFO] ------------------------------------------------------------------------
[INFO] BUILD SUCCESS
[INFO] ------------------------------------------------------------------------
[INFO] Total time:  10.240 s
[INFO] Finished at: 2026-01-16T04:50:47-05:00
[INFO] ------------------------------------------------------------------------
