[ERROR] COMPILATION ERROR : 
[ERROR] /home/tasfia/Desktop/OE25-DEV/projects_decomposed/commons-imaging/src/test/java/org/apache/commons/imaging/formats/icns/IcnsRoundTripTest_OE25Dev_imag_left_127_1.java:[91,13] cannot find symbol
  symbol:   method writeAndReadImageData(java.lang.String,byte[],int,int)
  location: class org.apache.commons.imaging.formats.icns.IcnsRoundTripTest_OE25Dev_imag_left_127_1
[ERROR] /home/tasfia/Desktop/OE25-DEV/projects_decomposed/commons-imaging/src/test/java/org/apache/commons/imaging/formats/icns/IcnsRoundTripTest_OE25Dev_imag_left_127_1.java:[128,13] cannot find symbol
  symbol:   method writeAndReadImageData(java.lang.String,byte[],int,int)
  location: class org.apache.commons.imaging.formats.icns.IcnsRoundTripTest_OE25Dev_imag_left_127_1
[ERROR] /home/tasfia/Desktop/OE25-DEV/projects_decomposed/commons-imaging/src/test/java/org/apache/commons/imaging/formats/icns/IcnsRoundTripTest_OE25Dev_imag_left_127_1.java:[185,13] cannot find symbol
  symbol:   method writeAndReadImageData(java.lang.String,byte[],int,int)
  location: class org.apache.commons.imaging.formats.icns.IcnsRoundTripTest_OE25Dev_imag_left_127_1
[ERROR] /home/tasfia/Desktop/OE25-DEV/projects_decomposed/commons-imaging/src/test/java/org/apache/commons/imaging/formats/icns/IcnsRoundTripTest_OE25Dev_imag_left_127_1.java:[242,13] cannot find symbol
  symbol:   method writeAndReadImageData(java.lang.String,byte[],int,int)
  location: class org.apache.commons.imaging.formats.icns.IcnsRoundTripTest_OE25Dev_imag_left_127_1
[ERROR] /home/tasfia/Desktop/OE25-DEV/projects_decomposed/commons-imaging/src/test/java/org/apache/commons/imaging/formats/icns/IcnsRoundTripTest_OE25Dev_imag_left_127_1.java:[267,13] cannot find symbol
  symbol:   method writeAndReadImageData(java.lang.String,byte[],int,int)
  location: class org.apache.commons.imaging.formats.icns.IcnsRoundTripTest_OE25Dev_imag_left_127_1
[ERROR] /home/tasfia/Desktop/OE25-DEV/projects_decomposed/commons-imaging/src/test/java/org/apache/commons/imaging/formats/icns/IcnsRoundTripTest_OE25Dev_imag_left_127_1.java:[322,13] cannot find symbol
  symbol:   method writeAndReadImageData(java.lang.String,byte[],int,int)
  location: class org.apache.commons.imaging.formats.icns.IcnsRoundTripTest_OE25Dev_imag_left_127_1
[ERROR] /home/tasfia/Desktop/OE25-DEV/projects_decomposed/commons-imaging/src/test/java/org/apache/commons/imaging/formats/icns/IcnsRoundTripTest_OE25Dev_imag_left_127_1.java:[370,17] cannot find symbol
  symbol:   method writeAndReadImageData(java.lang.String,byte[],int,int)
  location: class org.apache.commons.imaging.formats.icns.IcnsRoundTripTest_OE25Dev_imag_left_127_1
[ERROR] /home/tasfia/Desktop/OE25-DEV/projects_decomposed/commons-imaging/src/test/java/org/apache/commons/imaging/formats/icns/IcnsRoundTripTest_OE25Dev_imag_left_127_1.java:[404,13] cannot find symbol
  symbol:   method writeAndReadImageData(java.lang.String,byte[],int,int)
  location: class org.apache.commons.imaging.formats.icns.IcnsRoundTripTest_OE25Dev_imag_left_127_1
[ERROR] Failed to execute goal org.apache.maven.plugins:maven-compiler-plugin:3.8.1:testCompile (default-testCompile) on project commons-imaging: Compilation failure: Compilation failure: 
[ERROR] /home/tasfia/Desktop/OE25-DEV/projects_decomposed/commons-imaging/src/test/java/org/apache/commons/imaging/formats/icns/IcnsRoundTripTest_OE25Dev_imag_left_127_1.java:[91,13] cannot find symbol
[ERROR]   symbol:   method writeAndReadImageData(java.lang.String,byte[],int,int)
[ERROR]   location: class org.apache.commons.imaging.formats.icns.IcnsRoundTripTest_OE25Dev_imag_left_127_1
[ERROR] /home/tasfia/Desktop/OE25-DEV/projects_decomposed/commons-imaging/src/test/java/org/apache/commons/imaging/formats/icns/IcnsRoundTripTest_OE25Dev_imag_left_127_1.java:[128,13] cannot find symbol
[ERROR]   symbol:   method writeAndReadImageData(java.lang.String,byte[],int,int)
[ERROR]   location: class org.apache.commons.imaging.formats.icns.IcnsRoundTripTest_OE25Dev_imag_left_127_1
[ERROR] /home/tasfia/Desktop/OE25-DEV/projects_decomposed/commons-imaging/src/test/java/org/apache/commons/imaging/formats/icns/IcnsRoundTripTest_OE25Dev_imag_left_127_1.java:[185,13] cannot find symbol
[ERROR]   symbol:   method writeAndReadImageData(java.lang.String,byte[],int,int)
[ERROR]   location: class org.apache.commons.imaging.formats.icns.IcnsRoundTripTest_OE25Dev_imag_left_127_1
[ERROR] /home/tasfia/Desktop/OE25-DEV/projects_decomposed/commons-imaging/src/test/java/org/apache/commons/imaging/formats/icns/IcnsRoundTripTest_OE25Dev_imag_left_127_1.java:[242,13] cannot find symbol
[ERROR]   symbol:   method writeAndReadImageData(java.lang.String,byte[],int,int)
[ERROR]   location: class org.apache.commons.imaging.formats.icns.IcnsRoundTripTest_OE25Dev_imag_left_127_1
[ERROR] /home/tasfia/Desktop/OE25-DEV/projects_decomposed/commons-imaging/src/test/java/org/apache/commons/imaging/formats/icns/IcnsRoundTripTest_OE25Dev_imag_left_127_1.java:[267,13] cannot find symbol
[ERROR]   symbol:   method writeAndReadImageData(java.lang.String,byte[],int,int)
[ERROR]   location: class org.apache.commons.imaging.formats.icns.IcnsRoundTripTest_OE25Dev_imag_left_127_1
[ERROR] /home/tasfia/Desktop/OE25-DEV/projects_decomposed/commons-imaging/src/test/java/org/apache/commons/imaging/formats/icns/IcnsRoundTripTest_OE25Dev_imag_left_127_1.java:[322,13] cannot find symbol
[ERROR]   symbol:   method writeAndReadImageData(java.lang.String,byte[],int,int)
[ERROR]   location: class org.apache.commons.imaging.formats.icns.IcnsRoundTripTest_OE25Dev_imag_left_127_1
[ERROR] /home/tasfia/Desktop/OE25-DEV/projects_decomposed/commons-imaging/src/test/java/org/apache/commons/imaging/formats/icns/IcnsRoundTripTest_OE25Dev_imag_left_127_1.java:[370,17] cannot find symbol
[ERROR]   symbol:   method writeAndReadImageData(java.lang.String,byte[],int,int)
[ERROR]   location: class org.apache.commons.imaging.formats.icns.IcnsRoundTripTest_OE25Dev_imag_left_127_1
[ERROR] /home/tasfia/Desktop/OE25-DEV/projects_decomposed/commons-imaging/src/test/java/org/apache/commons/imaging/formats/icns/IcnsRoundTripTest_OE25Dev_imag_left_127_1.java:[404,13] cannot find symbol
[ERROR]   symbol:   method writeAndReadImageData(java.lang.String,byte[],int,int)
[ERROR]   location: class org.apache.commons.imaging.formats.icns.IcnsRoundTripTest_OE25Dev_imag_left_127_1
[ERROR] -> [Help 1]
[ERROR] 
[ERROR] To see the full stack trace of the errors, re-run Maven with the -e switch.
[ERROR] Re-run Maven using the -X switch to enable full debug logging.
[ERROR] 
[ERROR] For more information about the errors and possible solutions, please read the following articles:
[ERROR] [Help 1] http://cwiki.apache.org/confluence/display/MAVEN/MojoFailureException
