[ERROR] COMPILATION ERROR : 
[ERROR] /home/tasfia/Desktop/OE25-DEV/projects_decomposed/commons-imaging/src/test/java/org/apache/commons/imaging/formats/tiff/TiffFloatingPointReadTest_OE25Dev_imag_left_138_4.java:[157,13] cannot find symbol
  symbol:   method checkSubImage(java.io.File,org.apache.commons.imaging.formats.tiff.TiffRasterData,int,int,int,int)
  location: class org.apache.commons.imaging.formats.tiff.TiffFloatingPointReadTest_OE25Dev_imag_left_138_4
[ERROR] /home/tasfia/Desktop/OE25-DEV/projects_decomposed/commons-imaging/src/test/java/org/apache/commons/imaging/formats/tiff/TiffFloatingPointReadTest_OE25Dev_imag_left_138_4.java:[158,13] cannot find symbol
  symbol:   method checkSubImage(java.io.File,org.apache.commons.imaging.formats.tiff.TiffRasterData,int,int,int,int)
  location: class org.apache.commons.imaging.formats.tiff.TiffFloatingPointReadTest_OE25Dev_imag_left_138_4
[ERROR] /home/tasfia/Desktop/OE25-DEV/projects_decomposed/commons-imaging/src/test/java/org/apache/commons/imaging/formats/tiff/TiffFloatingPointReadTest_OE25Dev_imag_left_138_4.java:[159,13] cannot find symbol
  symbol:   method checkSubImage(java.io.File,org.apache.commons.imaging.formats.tiff.TiffRasterData,int,int,int,int)
  location: class org.apache.commons.imaging.formats.tiff.TiffFloatingPointReadTest_OE25Dev_imag_left_138_4
[ERROR] /home/tasfia/Desktop/OE25-DEV/projects_decomposed/commons-imaging/src/test/java/org/apache/commons/imaging/formats/tiff/TiffFloatingPointReadTest_OE25Dev_imag_left_138_4.java:[160,13] cannot find symbol
  symbol:   method checkSubImage(java.io.File,org.apache.commons.imaging.formats.tiff.TiffRasterData,int,int,int,int)
  location: class org.apache.commons.imaging.formats.tiff.TiffFloatingPointReadTest_OE25Dev_imag_left_138_4
[ERROR] /home/tasfia/Desktop/OE25-DEV/projects_decomposed/commons-imaging/src/test/java/org/apache/commons/imaging/formats/tiff/TiffFloatingPointReadTest_OE25Dev_imag_left_138_4.java:[161,13] cannot find symbol
  symbol:   method checkSubImage(java.io.File,org.apache.commons.imaging.formats.tiff.TiffRasterData,int,int,int,int)
  location: class org.apache.commons.imaging.formats.tiff.TiffFloatingPointReadTest_OE25Dev_imag_left_138_4
[ERROR] /home/tasfia/Desktop/OE25-DEV/projects_decomposed/commons-imaging/src/test/java/org/apache/commons/imaging/formats/tiff/TiffFloatingPointReadTest_OE25Dev_imag_left_138_4.java:[163,13] cannot find symbol
  symbol:   method checkSubImage(java.io.File,org.apache.commons.imaging.formats.tiff.TiffRasterData,int,int,int,int)
  location: class org.apache.commons.imaging.formats.tiff.TiffFloatingPointReadTest_OE25Dev_imag_left_138_4
[ERROR] /home/tasfia/Desktop/OE25-DEV/projects_decomposed/commons-imaging/src/test/java/org/apache/commons/imaging/formats/tiff/TiffFloatingPointReadTest_OE25Dev_imag_left_138_4.java:[164,13] cannot find symbol
  symbol:   method checkSubImage(java.io.File,org.apache.commons.imaging.formats.tiff.TiffRasterData,int,int,int,int)
  location: class org.apache.commons.imaging.formats.tiff.TiffFloatingPointReadTest_OE25Dev_imag_left_138_4
[ERROR] /home/tasfia/Desktop/OE25-DEV/projects_decomposed/commons-imaging/src/test/java/org/apache/commons/imaging/formats/tiff/TiffFloatingPointReadTest_OE25Dev_imag_left_138_4.java:[165,13] cannot find symbol
  symbol:   method checkSubImage(java.io.File,org.apache.commons.imaging.formats.tiff.TiffRasterData,int,int,int,int)
  location: class org.apache.commons.imaging.formats.tiff.TiffFloatingPointReadTest_OE25Dev_imag_left_138_4
[ERROR] /home/tasfia/Desktop/OE25-DEV/projects_decomposed/commons-imaging/src/test/java/org/apache/commons/imaging/formats/tiff/TiffFloatingPointReadTest_OE25Dev_imag_left_138_4.java:[166,13] cannot find symbol
  symbol:   method checkSubImage(java.io.File,org.apache.commons.imaging.formats.tiff.TiffRasterData,int,int,int,int)
  location: class org.apache.commons.imaging.formats.tiff.TiffFloatingPointReadTest_OE25Dev_imag_left_138_4
[ERROR] /home/tasfia/Desktop/OE25-DEV/projects_decomposed/commons-imaging/src/test/java/org/apache/commons/imaging/formats/tiff/TiffFloatingPointReadTest_OE25Dev_imag_left_138_4.java:[171,17] cannot find symbol
  symbol:   method checkSubImage(java.io.File,org.apache.commons.imaging.formats.tiff.TiffRasterData,int,int,int,int)
  location: class org.apache.commons.imaging.formats.tiff.TiffFloatingPointReadTest_OE25Dev_imag_left_138_4
[ERROR] /home/tasfia/Desktop/OE25-DEV/projects_decomposed/commons-imaging/src/test/java/org/apache/commons/imaging/formats/tiff/TiffFloatingPointReadTest_OE25Dev_imag_left_138_4.java:[172,17] cannot find symbol
  symbol:   method checkSubImage(java.io.File,org.apache.commons.imaging.formats.tiff.TiffRasterData,int,int,int,int)
  location: class org.apache.commons.imaging.formats.tiff.TiffFloatingPointReadTest_OE25Dev_imag_left_138_4
[ERROR] /home/tasfia/Desktop/OE25-DEV/projects_decomposed/commons-imaging/src/test/java/org/apache/commons/imaging/formats/tiff/TiffFloatingPointReadTest_OE25Dev_imag_left_138_4.java:[176,13] cannot find symbol
  symbol:   method checkSubImage(java.io.File,org.apache.commons.imaging.formats.tiff.TiffRasterData,int,int,int,int)
  location: class org.apache.commons.imaging.formats.tiff.TiffFloatingPointReadTest_OE25Dev_imag_left_138_4
[ERROR] /home/tasfia/Desktop/OE25-DEV/projects_decomposed/commons-imaging/src/test/java/org/apache/commons/imaging/formats/tiff/TiffFloatingPointReadTest_OE25Dev_imag_left_138_4.java:[200,13] cannot find symbol
  symbol:   method checkSubImage(java.io.File,org.apache.commons.imaging.formats.tiff.TiffRasterData,int,int,int,int)
  location: class org.apache.commons.imaging.formats.tiff.TiffFloatingPointReadTest_OE25Dev_imag_left_138_4
[ERROR] /home/tasfia/Desktop/OE25-DEV/projects_decomposed/commons-imaging/src/test/java/org/apache/commons/imaging/formats/tiff/TiffFloatingPointReadTest_OE25Dev_imag_left_138_4.java:[201,13] cannot find symbol
  symbol:   method checkSubImage(java.io.File,org.apache.commons.imaging.formats.tiff.TiffRasterData,int,int,int,int)
  location: class org.apache.commons.imaging.formats.tiff.TiffFloatingPointReadTest_OE25Dev_imag_left_138_4
[ERROR] /home/tasfia/Desktop/OE25-DEV/projects_decomposed/commons-imaging/src/test/java/org/apache/commons/imaging/formats/tiff/TiffFloatingPointReadTest_OE25Dev_imag_left_138_4.java:[202,13] cannot find symbol
  symbol:   method checkSubImage(java.io.File,org.apache.commons.imaging.formats.tiff.TiffRasterData,int,int,int,int)
  location: class org.apache.commons.imaging.formats.tiff.TiffFloatingPointReadTest_OE25Dev_imag_left_138_4
[ERROR] /home/tasfia/Desktop/OE25-DEV/projects_decomposed/commons-imaging/src/test/java/org/apache/commons/imaging/formats/tiff/TiffFloatingPointReadTest_OE25Dev_imag_left_138_4.java:[204,13] cannot find symbol
  symbol:   method checkSubImage(java.io.File,org.apache.commons.imaging.formats.tiff.TiffRasterData,int,int,int,int)
  location: class org.apache.commons.imaging.formats.tiff.TiffFloatingPointReadTest_OE25Dev_imag_left_138_4
[ERROR] /home/tasfia/Desktop/OE25-DEV/projects_decomposed/commons-imaging/src/test/java/org/apache/commons/imaging/formats/tiff/TiffFloatingPointReadTest_OE25Dev_imag_left_138_4.java:[205,13] cannot find symbol
  symbol:   method checkSubImage(java.io.File,org.apache.commons.imaging.formats.tiff.TiffRasterData,int,int,int,int)
  location: class org.apache.commons.imaging.formats.tiff.TiffFloatingPointReadTest_OE25Dev_imag_left_138_4
[ERROR] /home/tasfia/Desktop/OE25-DEV/projects_decomposed/commons-imaging/src/test/java/org/apache/commons/imaging/formats/tiff/TiffFloatingPointReadTest_OE25Dev_imag_left_138_4.java:[206,13] cannot find symbol
  symbol:   method checkSubImage(java.io.File,org.apache.commons.imaging.formats.tiff.TiffRasterData,int,int,int,int)
  location: class org.apache.commons.imaging.formats.tiff.TiffFloatingPointReadTest_OE25Dev_imag_left_138_4
[ERROR] /home/tasfia/Desktop/OE25-DEV/projects_decomposed/commons-imaging/src/test/java/org/apache/commons/imaging/formats/tiff/TiffFloatingPointReadTest_OE25Dev_imag_left_138_4.java:[207,13] cannot find symbol
  symbol:   method checkSubImage(java.io.File,org.apache.commons.imaging.formats.tiff.TiffRasterData,int,int,int,int)
  location: class org.apache.commons.imaging.formats.tiff.TiffFloatingPointReadTest_OE25Dev_imag_left_138_4
[ERROR] /home/tasfia/Desktop/OE25-DEV/projects_decomposed/commons-imaging/src/test/java/org/apache/commons/imaging/formats/tiff/TiffFloatingPointReadTest_OE25Dev_imag_left_138_4.java:[211,17] cannot find symbol
  symbol:   method checkSubImage(java.io.File,org.apache.commons.imaging.formats.tiff.TiffRasterData,int,int,int,int)
  location: class org.apache.commons.imaging.formats.tiff.TiffFloatingPointReadTest_OE25Dev_imag_left_138_4
[ERROR] /home/tasfia/Desktop/OE25-DEV/projects_decomposed/commons-imaging/src/test/java/org/apache/commons/imaging/formats/tiff/TiffFloatingPointReadTest_OE25Dev_imag_left_138_4.java:[215,13] cannot find symbol
  symbol:   method checkSubImage(java.io.File,org.apache.commons.imaging.formats.tiff.TiffRasterData,int,int,int,int)
  location: class org.apache.commons.imaging.formats.tiff.TiffFloatingPointReadTest_OE25Dev_imag_left_138_4
[ERROR] Failed to execute goal org.apache.maven.plugins:maven-compiler-plugin:3.8.1:testCompile (default-testCompile) on project commons-imaging: Compilation failure: Compilation failure: 
[ERROR] /home/tasfia/Desktop/OE25-DEV/projects_decomposed/commons-imaging/src/test/java/org/apache/commons/imaging/formats/tiff/TiffFloatingPointReadTest_OE25Dev_imag_left_138_4.java:[157,13] cannot find symbol
[ERROR]   symbol:   method checkSubImage(java.io.File,org.apache.commons.imaging.formats.tiff.TiffRasterData,int,int,int,int)
[ERROR]   location: class org.apache.commons.imaging.formats.tiff.TiffFloatingPointReadTest_OE25Dev_imag_left_138_4
[ERROR] /home/tasfia/Desktop/OE25-DEV/projects_decomposed/commons-imaging/src/test/java/org/apache/commons/imaging/formats/tiff/TiffFloatingPointReadTest_OE25Dev_imag_left_138_4.java:[158,13] cannot find symbol
[ERROR]   symbol:   method checkSubImage(java.io.File,org.apache.commons.imaging.formats.tiff.TiffRasterData,int,int,int,int)
[ERROR]   location: class org.apache.commons.imaging.formats.tiff.TiffFloatingPointReadTest_OE25Dev_imag_left_138_4
[ERROR] /home/tasfia/Desktop/OE25-DEV/projects_decomposed/commons-imaging/src/test/java/org/apache/commons/imaging/formats/tiff/TiffFloatingPointReadTest_OE25Dev_imag_left_138_4.java:[159,13] cannot find symbol
[ERROR]   symbol:   method checkSubImage(java.io.File,org.apache.commons.imaging.formats.tiff.TiffRasterData,int,int,int,int)
[ERROR]   location: class org.apache.commons.imaging.formats.tiff.TiffFloatingPointReadTest_OE25Dev_imag_left_138_4
[ERROR] /home/tasfia/Desktop/OE25-DEV/projects_decomposed/commons-imaging/src/test/java/org/apache/commons/imaging/formats/tiff/TiffFloatingPointReadTest_OE25Dev_imag_left_138_4.java:[160,13] cannot find symbol
[ERROR]   symbol:   method checkSubImage(java.io.File,org.apache.commons.imaging.formats.tiff.TiffRasterData,int,int,int,int)
[ERROR]   location: class org.apache.commons.imaging.formats.tiff.TiffFloatingPointReadTest_OE25Dev_imag_left_138_4
[ERROR] /home/tasfia/Desktop/OE25-DEV/projects_decomposed/commons-imaging/src/test/java/org/apache/commons/imaging/formats/tiff/TiffFloatingPointReadTest_OE25Dev_imag_left_138_4.java:[161,13] cannot find symbol
[ERROR]   symbol:   method checkSubImage(java.io.File,org.apache.commons.imaging.formats.tiff.TiffRasterData,int,int,int,int)
[ERROR]   location: class org.apache.commons.imaging.formats.tiff.TiffFloatingPointReadTest_OE25Dev_imag_left_138_4
[ERROR] /home/tasfia/Desktop/OE25-DEV/projects_decomposed/commons-imaging/src/test/java/org/apache/commons/imaging/formats/tiff/TiffFloatingPointReadTest_OE25Dev_imag_left_138_4.java:[163,13] cannot find symbol
[ERROR]   symbol:   method checkSubImage(java.io.File,org.apache.commons.imaging.formats.tiff.TiffRasterData,int,int,int,int)
[ERROR]   location: class org.apache.commons.imaging.formats.tiff.TiffFloatingPointReadTest_OE25Dev_imag_left_138_4
[ERROR] /home/tasfia/Desktop/OE25-DEV/projects_decomposed/commons-imaging/src/test/java/org/apache/commons/imaging/formats/tiff/TiffFloatingPointReadTest_OE25Dev_imag_left_138_4.java:[164,13] cannot find symbol
[ERROR]   symbol:   method checkSubImage(java.io.File,org.apache.commons.imaging.formats.tiff.TiffRasterData,int,int,int,int)
[ERROR]   location: class org.apache.commons.imaging.formats.tiff.TiffFloatingPointReadTest_OE25Dev_imag_left_138_4
[ERROR] /home/tasfia/Desktop/OE25-DEV/projects_decomposed/commons-imaging/src/test/java/org/apache/commons/imaging/formats/tiff/TiffFloatingPointReadTest_OE25Dev_imag_left_138_4.java:[165,13] cannot find symbol
[ERROR]   symbol:   method checkSubImage(java.io.File,org.apache.commons.imaging.formats.tiff.TiffRasterData,int,int,int,int)
[ERROR]   location: class org.apache.commons.imaging.formats.tiff.TiffFloatingPointReadTest_OE25Dev_imag_left_138_4
[ERROR] /home/tasfia/Desktop/OE25-DEV/projects_decomposed/commons-imaging/src/test/java/org/apache/commons/imaging/formats/tiff/TiffFloatingPointReadTest_OE25Dev_imag_left_138_4.java:[166,13] cannot find symbol
[ERROR]   symbol:   method checkSubImage(java.io.File,org.apache.commons.imaging.formats.tiff.TiffRasterData,int,int,int,int)
[ERROR]   location: class org.apache.commons.imaging.formats.tiff.TiffFloatingPointReadTest_OE25Dev_imag_left_138_4
[ERROR] /home/tasfia/Desktop/OE25-DEV/projects_decomposed/commons-imaging/src/test/java/org/apache/commons/imaging/formats/tiff/TiffFloatingPointReadTest_OE25Dev_imag_left_138_4.java:[171,17] cannot find symbol
[ERROR]   symbol:   method checkSubImage(java.io.File,org.apache.commons.imaging.formats.tiff.TiffRasterData,int,int,int,int)
[ERROR]   location: class org.apache.commons.imaging.formats.tiff.TiffFloatingPointReadTest_OE25Dev_imag_left_138_4
[ERROR] /home/tasfia/Desktop/OE25-DEV/projects_decomposed/commons-imaging/src/test/java/org/apache/commons/imaging/formats/tiff/TiffFloatingPointReadTest_OE25Dev_imag_left_138_4.java:[172,17] cannot find symbol
[ERROR]   symbol:   method checkSubImage(java.io.File,org.apache.commons.imaging.formats.tiff.TiffRasterData,int,int,int,int)
[ERROR]   location: class org.apache.commons.imaging.formats.tiff.TiffFloatingPointReadTest_OE25Dev_imag_left_138_4
[ERROR] /home/tasfia/Desktop/OE25-DEV/projects_decomposed/commons-imaging/src/test/java/org/apache/commons/imaging/formats/tiff/TiffFloatingPointReadTest_OE25Dev_imag_left_138_4.java:[176,13] cannot find symbol
[ERROR]   symbol:   method checkSubImage(java.io.File,org.apache.commons.imaging.formats.tiff.TiffRasterData,int,int,int,int)
[ERROR]   location: class org.apache.commons.imaging.formats.tiff.TiffFloatingPointReadTest_OE25Dev_imag_left_138_4
[ERROR] /home/tasfia/Desktop/OE25-DEV/projects_decomposed/commons-imaging/src/test/java/org/apache/commons/imaging/formats/tiff/TiffFloatingPointReadTest_OE25Dev_imag_left_138_4.java:[200,13] cannot find symbol
[ERROR]   symbol:   method checkSubImage(java.io.File,org.apache.commons.imaging.formats.tiff.TiffRasterData,int,int,int,int)
[ERROR]   location: class org.apache.commons.imaging.formats.tiff.TiffFloatingPointReadTest_OE25Dev_imag_left_138_4
[ERROR] /home/tasfia/Desktop/OE25-DEV/projects_decomposed/commons-imaging/src/test/java/org/apache/commons/imaging/formats/tiff/TiffFloatingPointReadTest_OE25Dev_imag_left_138_4.java:[201,13] cannot find symbol
[ERROR]   symbol:   method checkSubImage(java.io.File,org.apache.commons.imaging.formats.tiff.TiffRasterData,int,int,int,int)
[ERROR]   location: class org.apache.commons.imaging.formats.tiff.TiffFloatingPointReadTest_OE25Dev_imag_left_138_4
[ERROR] /home/tasfia/Desktop/OE25-DEV/projects_decomposed/commons-imaging/src/test/java/org/apache/commons/imaging/formats/tiff/TiffFloatingPointReadTest_OE25Dev_imag_left_138_4.java:[202,13] cannot find symbol
[ERROR]   symbol:   method checkSubImage(java.io.File,org.apache.commons.imaging.formats.tiff.TiffRasterData,int,int,int,int)
[ERROR]   location: class org.apache.commons.imaging.formats.tiff.TiffFloatingPointReadTest_OE25Dev_imag_left_138_4
[ERROR] /home/tasfia/Desktop/OE25-DEV/projects_decomposed/commons-imaging/src/test/java/org/apache/commons/imaging/formats/tiff/TiffFloatingPointReadTest_OE25Dev_imag_left_138_4.java:[204,13] cannot find symbol
[ERROR]   symbol:   method checkSubImage(java.io.File,org.apache.commons.imaging.formats.tiff.TiffRasterData,int,int,int,int)
[ERROR]   location: class org.apache.commons.imaging.formats.tiff.TiffFloatingPointReadTest_OE25Dev_imag_left_138_4
[ERROR] /home/tasfia/Desktop/OE25-DEV/projects_decomposed/commons-imaging/src/test/java/org/apache/commons/imaging/formats/tiff/TiffFloatingPointReadTest_OE25Dev_imag_left_138_4.java:[205,13] cannot find symbol
[ERROR]   symbol:   method checkSubImage(java.io.File,org.apache.commons.imaging.formats.tiff.TiffRasterData,int,int,int,int)
[ERROR]   location: class org.apache.commons.imaging.formats.tiff.TiffFloatingPointReadTest_OE25Dev_imag_left_138_4
[ERROR] /home/tasfia/Desktop/OE25-DEV/projects_decomposed/commons-imaging/src/test/java/org/apache/commons/imaging/formats/tiff/TiffFloatingPointReadTest_OE25Dev_imag_left_138_4.java:[206,13] cannot find symbol
[ERROR]   symbol:   method checkSubImage(java.io.File,org.apache.commons.imaging.formats.tiff.TiffRasterData,int,int,int,int)
[ERROR]   location: class org.apache.commons.imaging.formats.tiff.TiffFloatingPointReadTest_OE25Dev_imag_left_138_4
[ERROR] /home/tasfia/Desktop/OE25-DEV/projects_decomposed/commons-imaging/src/test/java/org/apache/commons/imaging/formats/tiff/TiffFloatingPointReadTest_OE25Dev_imag_left_138_4.java:[207,13] cannot find symbol
[ERROR]   symbol:   method checkSubImage(java.io.File,org.apache.commons.imaging.formats.tiff.TiffRasterData,int,int,int,int)
[ERROR]   location: class org.apache.commons.imaging.formats.tiff.TiffFloatingPointReadTest_OE25Dev_imag_left_138_4
[ERROR] /home/tasfia/Desktop/OE25-DEV/projects_decomposed/commons-imaging/src/test/java/org/apache/commons/imaging/formats/tiff/TiffFloatingPointReadTest_OE25Dev_imag_left_138_4.java:[211,17] cannot find symbol
[ERROR]   symbol:   method checkSubImage(java.io.File,org.apache.commons.imaging.formats.tiff.TiffRasterData,int,int,int,int)
[ERROR]   location: class org.apache.commons.imaging.formats.tiff.TiffFloatingPointReadTest_OE25Dev_imag_left_138_4
[ERROR] /home/tasfia/Desktop/OE25-DEV/projects_decomposed/commons-imaging/src/test/java/org/apache/commons/imaging/formats/tiff/TiffFloatingPointReadTest_OE25Dev_imag_left_138_4.java:[215,13] cannot find symbol
[ERROR]   symbol:   method checkSubImage(java.io.File,org.apache.commons.imaging.formats.tiff.TiffRasterData,int,int,int,int)
[ERROR]   location: class org.apache.commons.imaging.formats.tiff.TiffFloatingPointReadTest_OE25Dev_imag_left_138_4
[ERROR] -> [Help 1]
[ERROR] 
[ERROR] To see the full stack trace of the errors, re-run Maven with the -e switch.
[ERROR] Re-run Maven using the -X switch to enable full debug logging.
[ERROR] 
[ERROR] For more information about the errors and possible solutions, please read the following articles:
[ERROR] [Help 1] http://cwiki.apache.org/confluence/display/MAVEN/MojoFailureException
