[ERROR] COMPILATION ERROR : 
[ERROR] /home/tasfia/Desktop/OE25-DEV/projects_decomposed/commons-geometry/commons-geometry-spherical/src/test/java/org/apache/commons/geometry/spherical/oned/RegionBSPTree1STest_OE25Dev_geom_left_738_1.java:[330,9] cannot find symbol
  symbol:   method checkSimpleSplit(org.apache.commons.geometry.core.partitioning.Split<org.apache.commons.geometry.spherical.oned.RegionBSPTree1S>,org.apache.commons.geometry.spherical.oned.AngularInterval,org.apache.commons.geometry.spherical.oned.AngularInterval)
  location: class org.apache.commons.geometry.spherical.oned.RegionBSPTree1STest_OE25Dev_geom_left_738_1
[ERROR] /home/tasfia/Desktop/OE25-DEV/projects_decomposed/commons-geometry/commons-geometry-spherical/src/test/java/org/apache/commons/geometry/spherical/oned/RegionBSPTree1STest_OE25Dev_geom_left_738_1.java:[335,9] cannot find symbol
  symbol:   method checkSimpleSplit(org.apache.commons.geometry.core.partitioning.Split<org.apache.commons.geometry.spherical.oned.RegionBSPTree1S>,org.apache.commons.geometry.spherical.oned.AngularInterval,org.apache.commons.geometry.spherical.oned.AngularInterval)
  location: class org.apache.commons.geometry.spherical.oned.RegionBSPTree1STest_OE25Dev_geom_left_738_1
[ERROR] /home/tasfia/Desktop/OE25-DEV/projects_decomposed/commons-geometry/commons-geometry-spherical/src/test/java/org/apache/commons/geometry/spherical/oned/RegionBSPTree1STest_OE25Dev_geom_left_738_1.java:[340,9] cannot find symbol
  symbol:   method checkSimpleSplit(org.apache.commons.geometry.core.partitioning.Split<org.apache.commons.geometry.spherical.oned.RegionBSPTree1S>,org.apache.commons.geometry.spherical.oned.AngularInterval,org.apache.commons.geometry.spherical.oned.AngularInterval)
  location: class org.apache.commons.geometry.spherical.oned.RegionBSPTree1STest_OE25Dev_geom_left_738_1
[ERROR] /home/tasfia/Desktop/OE25-DEV/projects_decomposed/commons-geometry/commons-geometry-spherical/src/test/java/org/apache/commons/geometry/spherical/oned/RegionBSPTree1STest_OE25Dev_geom_left_738_1.java:[345,9] cannot find symbol
  symbol:   method checkSimpleSplit(org.apache.commons.geometry.core.partitioning.Split<org.apache.commons.geometry.spherical.oned.RegionBSPTree1S>,org.apache.commons.geometry.spherical.oned.AngularInterval,org.apache.commons.geometry.spherical.oned.AngularInterval)
  location: class org.apache.commons.geometry.spherical.oned.RegionBSPTree1STest_OE25Dev_geom_left_738_1
[ERROR] /home/tasfia/Desktop/OE25-DEV/projects_decomposed/commons-geometry/commons-geometry-spherical/src/test/java/org/apache/commons/geometry/spherical/oned/RegionBSPTree1STest_OE25Dev_geom_left_738_1.java:[350,9] cannot find symbol
  symbol:   method checkSimpleSplit(org.apache.commons.geometry.core.partitioning.Split<org.apache.commons.geometry.spherical.oned.RegionBSPTree1S>,org.apache.commons.geometry.spherical.oned.AngularInterval,org.apache.commons.geometry.spherical.oned.AngularInterval)
  location: class org.apache.commons.geometry.spherical.oned.RegionBSPTree1STest_OE25Dev_geom_left_738_1
[ERROR] /home/tasfia/Desktop/OE25-DEV/projects_decomposed/commons-geometry/commons-geometry-spherical/src/test/java/org/apache/commons/geometry/spherical/oned/RegionBSPTree1STest_OE25Dev_geom_left_738_1.java:[365,9] cannot find symbol
  symbol:   method checkSimpleSplit(org.apache.commons.geometry.core.partitioning.Split<org.apache.commons.geometry.spherical.oned.RegionBSPTree1S>,<nulltype>,org.apache.commons.geometry.spherical.oned.AngularInterval)
  location: class org.apache.commons.geometry.spherical.oned.RegionBSPTree1STest_OE25Dev_geom_left_738_1
[ERROR] /home/tasfia/Desktop/OE25-DEV/projects_decomposed/commons-geometry/commons-geometry-spherical/src/test/java/org/apache/commons/geometry/spherical/oned/RegionBSPTree1STest_OE25Dev_geom_left_738_1.java:[370,9] cannot find symbol
  symbol:   method checkSimpleSplit(org.apache.commons.geometry.core.partitioning.Split<org.apache.commons.geometry.spherical.oned.RegionBSPTree1S>,org.apache.commons.geometry.spherical.oned.AngularInterval,<nulltype>)
  location: class org.apache.commons.geometry.spherical.oned.RegionBSPTree1STest_OE25Dev_geom_left_738_1
[ERROR] /home/tasfia/Desktop/OE25-DEV/projects_decomposed/commons-geometry/commons-geometry-spherical/src/test/java/org/apache/commons/geometry/spherical/oned/RegionBSPTree1STest_OE25Dev_geom_left_738_1.java:[376,9] cannot find symbol
  symbol:   method checkSimpleSplit(org.apache.commons.geometry.core.partitioning.Split<org.apache.commons.geometry.spherical.oned.RegionBSPTree1S>,<nulltype>,org.apache.commons.geometry.spherical.oned.AngularInterval)
  location: class org.apache.commons.geometry.spherical.oned.RegionBSPTree1STest_OE25Dev_geom_left_738_1
[ERROR] /home/tasfia/Desktop/OE25-DEV/projects_decomposed/commons-geometry/commons-geometry-spherical/src/test/java/org/apache/commons/geometry/spherical/oned/RegionBSPTree1STest_OE25Dev_geom_left_738_1.java:[381,9] cannot find symbol
  symbol:   method checkSimpleSplit(org.apache.commons.geometry.core.partitioning.Split<org.apache.commons.geometry.spherical.oned.RegionBSPTree1S>,org.apache.commons.geometry.spherical.oned.AngularInterval,<nulltype>)
  location: class org.apache.commons.geometry.spherical.oned.RegionBSPTree1STest_OE25Dev_geom_left_738_1
[ERROR] /home/tasfia/Desktop/OE25-DEV/projects_decomposed/commons-geometry/commons-geometry-spherical/src/test/java/org/apache/commons/geometry/spherical/oned/RegionBSPTree1STest_OE25Dev_geom_left_738_1.java:[395,9] cannot find symbol
  symbol:   method checkSimpleSplit(org.apache.commons.geometry.core.partitioning.Split<org.apache.commons.geometry.spherical.oned.RegionBSPTree1S>,org.apache.commons.geometry.spherical.oned.AngularInterval,<nulltype>)
  location: class org.apache.commons.geometry.spherical.oned.RegionBSPTree1STest_OE25Dev_geom_left_738_1
[ERROR] /home/tasfia/Desktop/OE25-DEV/projects_decomposed/commons-geometry/commons-geometry-spherical/src/test/java/org/apache/commons/geometry/spherical/oned/RegionBSPTree1STest_OE25Dev_geom_left_738_1.java:[400,9] cannot find symbol
  symbol:   method checkSimpleSplit(org.apache.commons.geometry.core.partitioning.Split<org.apache.commons.geometry.spherical.oned.RegionBSPTree1S>,org.apache.commons.geometry.spherical.oned.AngularInterval,<nulltype>)
  location: class org.apache.commons.geometry.spherical.oned.RegionBSPTree1STest_OE25Dev_geom_left_738_1
[ERROR] /home/tasfia/Desktop/OE25-DEV/projects_decomposed/commons-geometry/commons-geometry-spherical/src/test/java/org/apache/commons/geometry/spherical/oned/RegionBSPTree1STest_OE25Dev_geom_left_738_1.java:[406,9] cannot find symbol
  symbol:   method checkSimpleSplit(org.apache.commons.geometry.core.partitioning.Split<org.apache.commons.geometry.spherical.oned.RegionBSPTree1S>,<nulltype>,org.apache.commons.geometry.spherical.oned.AngularInterval)
  location: class org.apache.commons.geometry.spherical.oned.RegionBSPTree1STest_OE25Dev_geom_left_738_1
[ERROR] /home/tasfia/Desktop/OE25-DEV/projects_decomposed/commons-geometry/commons-geometry-spherical/src/test/java/org/apache/commons/geometry/spherical/oned/RegionBSPTree1STest_OE25Dev_geom_left_738_1.java:[411,9] cannot find symbol
  symbol:   method checkSimpleSplit(org.apache.commons.geometry.core.partitioning.Split<org.apache.commons.geometry.spherical.oned.RegionBSPTree1S>,org.apache.commons.geometry.spherical.oned.AngularInterval,<nulltype>)
  location: class org.apache.commons.geometry.spherical.oned.RegionBSPTree1STest_OE25Dev_geom_left_738_1
[ERROR] /home/tasfia/Desktop/OE25-DEV/projects_decomposed/commons-geometry/commons-geometry-spherical/src/test/java/org/apache/commons/geometry/spherical/oned/RegionBSPTree1STest_OE25Dev_geom_left_738_1.java:[417,9] cannot find symbol
  symbol:   method checkSimpleSplit(org.apache.commons.geometry.core.partitioning.Split<org.apache.commons.geometry.spherical.oned.RegionBSPTree1S>,org.apache.commons.geometry.spherical.oned.AngularInterval,org.apache.commons.geometry.spherical.oned.AngularInterval)
  location: class org.apache.commons.geometry.spherical.oned.RegionBSPTree1STest_OE25Dev_geom_left_738_1
[ERROR] Failed to execute goal org.apache.maven.plugins:maven-compiler-plugin:3.8.1:testCompile (default-testCompile) on project commons-geometry-spherical: Compilation failure: Compilation failure: 
[ERROR] /home/tasfia/Desktop/OE25-DEV/projects_decomposed/commons-geometry/commons-geometry-spherical/src/test/java/org/apache/commons/geometry/spherical/oned/RegionBSPTree1STest_OE25Dev_geom_left_738_1.java:[330,9] cannot find symbol
[ERROR]   symbol:   method checkSimpleSplit(org.apache.commons.geometry.core.partitioning.Split<org.apache.commons.geometry.spherical.oned.RegionBSPTree1S>,org.apache.commons.geometry.spherical.oned.AngularInterval,org.apache.commons.geometry.spherical.oned.AngularInterval)
[ERROR]   location: class org.apache.commons.geometry.spherical.oned.RegionBSPTree1STest_OE25Dev_geom_left_738_1
[ERROR] /home/tasfia/Desktop/OE25-DEV/projects_decomposed/commons-geometry/commons-geometry-spherical/src/test/java/org/apache/commons/geometry/spherical/oned/RegionBSPTree1STest_OE25Dev_geom_left_738_1.java:[335,9] cannot find symbol
[ERROR]   symbol:   method checkSimpleSplit(org.apache.commons.geometry.core.partitioning.Split<org.apache.commons.geometry.spherical.oned.RegionBSPTree1S>,org.apache.commons.geometry.spherical.oned.AngularInterval,org.apache.commons.geometry.spherical.oned.AngularInterval)
[ERROR]   location: class org.apache.commons.geometry.spherical.oned.RegionBSPTree1STest_OE25Dev_geom_left_738_1
[ERROR] /home/tasfia/Desktop/OE25-DEV/projects_decomposed/commons-geometry/commons-geometry-spherical/src/test/java/org/apache/commons/geometry/spherical/oned/RegionBSPTree1STest_OE25Dev_geom_left_738_1.java:[340,9] cannot find symbol
[ERROR]   symbol:   method checkSimpleSplit(org.apache.commons.geometry.core.partitioning.Split<org.apache.commons.geometry.spherical.oned.RegionBSPTree1S>,org.apache.commons.geometry.spherical.oned.AngularInterval,org.apache.commons.geometry.spherical.oned.AngularInterval)
[ERROR]   location: class org.apache.commons.geometry.spherical.oned.RegionBSPTree1STest_OE25Dev_geom_left_738_1
[ERROR] /home/tasfia/Desktop/OE25-DEV/projects_decomposed/commons-geometry/commons-geometry-spherical/src/test/java/org/apache/commons/geometry/spherical/oned/RegionBSPTree1STest_OE25Dev_geom_left_738_1.java:[345,9] cannot find symbol
[ERROR]   symbol:   method checkSimpleSplit(org.apache.commons.geometry.core.partitioning.Split<org.apache.commons.geometry.spherical.oned.RegionBSPTree1S>,org.apache.commons.geometry.spherical.oned.AngularInterval,org.apache.commons.geometry.spherical.oned.AngularInterval)
[ERROR]   location: class org.apache.commons.geometry.spherical.oned.RegionBSPTree1STest_OE25Dev_geom_left_738_1
[ERROR] /home/tasfia/Desktop/OE25-DEV/projects_decomposed/commons-geometry/commons-geometry-spherical/src/test/java/org/apache/commons/geometry/spherical/oned/RegionBSPTree1STest_OE25Dev_geom_left_738_1.java:[350,9] cannot find symbol
[ERROR]   symbol:   method checkSimpleSplit(org.apache.commons.geometry.core.partitioning.Split<org.apache.commons.geometry.spherical.oned.RegionBSPTree1S>,org.apache.commons.geometry.spherical.oned.AngularInterval,org.apache.commons.geometry.spherical.oned.AngularInterval)
[ERROR]   location: class org.apache.commons.geometry.spherical.oned.RegionBSPTree1STest_OE25Dev_geom_left_738_1
[ERROR] /home/tasfia/Desktop/OE25-DEV/projects_decomposed/commons-geometry/commons-geometry-spherical/src/test/java/org/apache/commons/geometry/spherical/oned/RegionBSPTree1STest_OE25Dev_geom_left_738_1.java:[365,9] cannot find symbol
[ERROR]   symbol:   method checkSimpleSplit(org.apache.commons.geometry.core.partitioning.Split<org.apache.commons.geometry.spherical.oned.RegionBSPTree1S>,<nulltype>,org.apache.commons.geometry.spherical.oned.AngularInterval)
[ERROR]   location: class org.apache.commons.geometry.spherical.oned.RegionBSPTree1STest_OE25Dev_geom_left_738_1
[ERROR] /home/tasfia/Desktop/OE25-DEV/projects_decomposed/commons-geometry/commons-geometry-spherical/src/test/java/org/apache/commons/geometry/spherical/oned/RegionBSPTree1STest_OE25Dev_geom_left_738_1.java:[370,9] cannot find symbol
[ERROR]   symbol:   method checkSimpleSplit(org.apache.commons.geometry.core.partitioning.Split<org.apache.commons.geometry.spherical.oned.RegionBSPTree1S>,org.apache.commons.geometry.spherical.oned.AngularInterval,<nulltype>)
[ERROR]   location: class org.apache.commons.geometry.spherical.oned.RegionBSPTree1STest_OE25Dev_geom_left_738_1
[ERROR] /home/tasfia/Desktop/OE25-DEV/projects_decomposed/commons-geometry/commons-geometry-spherical/src/test/java/org/apache/commons/geometry/spherical/oned/RegionBSPTree1STest_OE25Dev_geom_left_738_1.java:[376,9] cannot find symbol
[ERROR]   symbol:   method checkSimpleSplit(org.apache.commons.geometry.core.partitioning.Split<org.apache.commons.geometry.spherical.oned.RegionBSPTree1S>,<nulltype>,org.apache.commons.geometry.spherical.oned.AngularInterval)
[ERROR]   location: class org.apache.commons.geometry.spherical.oned.RegionBSPTree1STest_OE25Dev_geom_left_738_1
[ERROR] /home/tasfia/Desktop/OE25-DEV/projects_decomposed/commons-geometry/commons-geometry-spherical/src/test/java/org/apache/commons/geometry/spherical/oned/RegionBSPTree1STest_OE25Dev_geom_left_738_1.java:[381,9] cannot find symbol
[ERROR]   symbol:   method checkSimpleSplit(org.apache.commons.geometry.core.partitioning.Split<org.apache.commons.geometry.spherical.oned.RegionBSPTree1S>,org.apache.commons.geometry.spherical.oned.AngularInterval,<nulltype>)
[ERROR]   location: class org.apache.commons.geometry.spherical.oned.RegionBSPTree1STest_OE25Dev_geom_left_738_1
[ERROR] /home/tasfia/Desktop/OE25-DEV/projects_decomposed/commons-geometry/commons-geometry-spherical/src/test/java/org/apache/commons/geometry/spherical/oned/RegionBSPTree1STest_OE25Dev_geom_left_738_1.java:[395,9] cannot find symbol
[ERROR]   symbol:   method checkSimpleSplit(org.apache.commons.geometry.core.partitioning.Split<org.apache.commons.geometry.spherical.oned.RegionBSPTree1S>,org.apache.commons.geometry.spherical.oned.AngularInterval,<nulltype>)
[ERROR]   location: class org.apache.commons.geometry.spherical.oned.RegionBSPTree1STest_OE25Dev_geom_left_738_1
[ERROR] /home/tasfia/Desktop/OE25-DEV/projects_decomposed/commons-geometry/commons-geometry-spherical/src/test/java/org/apache/commons/geometry/spherical/oned/RegionBSPTree1STest_OE25Dev_geom_left_738_1.java:[400,9] cannot find symbol
[ERROR]   symbol:   method checkSimpleSplit(org.apache.commons.geometry.core.partitioning.Split<org.apache.commons.geometry.spherical.oned.RegionBSPTree1S>,org.apache.commons.geometry.spherical.oned.AngularInterval,<nulltype>)
[ERROR]   location: class org.apache.commons.geometry.spherical.oned.RegionBSPTree1STest_OE25Dev_geom_left_738_1
[ERROR] /home/tasfia/Desktop/OE25-DEV/projects_decomposed/commons-geometry/commons-geometry-spherical/src/test/java/org/apache/commons/geometry/spherical/oned/RegionBSPTree1STest_OE25Dev_geom_left_738_1.java:[406,9] cannot find symbol
[ERROR]   symbol:   method checkSimpleSplit(org.apache.commons.geometry.core.partitioning.Split<org.apache.commons.geometry.spherical.oned.RegionBSPTree1S>,<nulltype>,org.apache.commons.geometry.spherical.oned.AngularInterval)
[ERROR]   location: class org.apache.commons.geometry.spherical.oned.RegionBSPTree1STest_OE25Dev_geom_left_738_1
[ERROR] /home/tasfia/Desktop/OE25-DEV/projects_decomposed/commons-geometry/commons-geometry-spherical/src/test/java/org/apache/commons/geometry/spherical/oned/RegionBSPTree1STest_OE25Dev_geom_left_738_1.java:[411,9] cannot find symbol
[ERROR]   symbol:   method checkSimpleSplit(org.apache.commons.geometry.core.partitioning.Split<org.apache.commons.geometry.spherical.oned.RegionBSPTree1S>,org.apache.commons.geometry.spherical.oned.AngularInterval,<nulltype>)
[ERROR]   location: class org.apache.commons.geometry.spherical.oned.RegionBSPTree1STest_OE25Dev_geom_left_738_1
[ERROR] /home/tasfia/Desktop/OE25-DEV/projects_decomposed/commons-geometry/commons-geometry-spherical/src/test/java/org/apache/commons/geometry/spherical/oned/RegionBSPTree1STest_OE25Dev_geom_left_738_1.java:[417,9] cannot find symbol
[ERROR]   symbol:   method checkSimpleSplit(org.apache.commons.geometry.core.partitioning.Split<org.apache.commons.geometry.spherical.oned.RegionBSPTree1S>,org.apache.commons.geometry.spherical.oned.AngularInterval,org.apache.commons.geometry.spherical.oned.AngularInterval)
[ERROR]   location: class org.apache.commons.geometry.spherical.oned.RegionBSPTree1STest_OE25Dev_geom_left_738_1
[ERROR] -> [Help 1]
[ERROR] 
[ERROR] To see the full stack trace of the errors, re-run Maven with the -e switch.
[ERROR] Re-run Maven using the -X switch to enable full debug logging.
[ERROR] 
[ERROR] For more information about the errors and possible solutions, please read the following articles:
[ERROR] [Help 1] http://cwiki.apache.org/confluence/display/MAVEN/MojoFailureException
