[ERROR] COMPILATION ERROR : 
[ERROR] /home/tasfia/Desktop/OE25-DEV/projects_decomposed/commons-geometry/commons-geometry-euclidean/src/test/java/org/apache/commons/geometry/euclidean/oned/RegionBSPTree1DTest_OE25Dev_geom_left_2156_1.java:[176,9] cannot find symbol
  symbol:   method checkBoundaryProjection(org.apache.commons.geometry.euclidean.oned.RegionBSPTree1D,int,int)
  location: class org.apache.commons.geometry.euclidean.oned.RegionBSPTree1DTest_OE25Dev_geom_left_2156_1
[ERROR] /home/tasfia/Desktop/OE25-DEV/projects_decomposed/commons-geometry/commons-geometry-euclidean/src/test/java/org/apache/commons/geometry/euclidean/oned/RegionBSPTree1DTest_OE25Dev_geom_left_2156_1.java:[177,9] cannot find symbol
  symbol:   method checkBoundaryProjection(org.apache.commons.geometry.euclidean.oned.RegionBSPTree1D,int,int)
  location: class org.apache.commons.geometry.euclidean.oned.RegionBSPTree1DTest_OE25Dev_geom_left_2156_1
[ERROR] /home/tasfia/Desktop/OE25-DEV/projects_decomposed/commons-geometry/commons-geometry-euclidean/src/test/java/org/apache/commons/geometry/euclidean/oned/RegionBSPTree1DTest_OE25Dev_geom_left_2156_1.java:[179,9] cannot find symbol
  symbol:   method checkBoundaryProjection(org.apache.commons.geometry.euclidean.oned.RegionBSPTree1D,int,int)
  location: class org.apache.commons.geometry.euclidean.oned.RegionBSPTree1DTest_OE25Dev_geom_left_2156_1
[ERROR] /home/tasfia/Desktop/OE25-DEV/projects_decomposed/commons-geometry/commons-geometry-euclidean/src/test/java/org/apache/commons/geometry/euclidean/oned/RegionBSPTree1DTest_OE25Dev_geom_left_2156_1.java:[181,9] cannot find symbol
  symbol:   method checkBoundaryProjection(org.apache.commons.geometry.euclidean.oned.RegionBSPTree1D,int,int)
  location: class org.apache.commons.geometry.euclidean.oned.RegionBSPTree1DTest_OE25Dev_geom_left_2156_1
[ERROR] /home/tasfia/Desktop/OE25-DEV/projects_decomposed/commons-geometry/commons-geometry-euclidean/src/test/java/org/apache/commons/geometry/euclidean/oned/RegionBSPTree1DTest_OE25Dev_geom_left_2156_1.java:[182,9] cannot find symbol
  symbol:   method checkBoundaryProjection(org.apache.commons.geometry.euclidean.oned.RegionBSPTree1D,int,int)
  location: class org.apache.commons.geometry.euclidean.oned.RegionBSPTree1DTest_OE25Dev_geom_left_2156_1
[ERROR] /home/tasfia/Desktop/OE25-DEV/projects_decomposed/commons-geometry/commons-geometry-euclidean/src/test/java/org/apache/commons/geometry/euclidean/oned/RegionBSPTree1DTest_OE25Dev_geom_left_2156_1.java:[184,9] cannot find symbol
  symbol:   method checkBoundaryProjection(org.apache.commons.geometry.euclidean.oned.RegionBSPTree1D,double,int)
  location: class org.apache.commons.geometry.euclidean.oned.RegionBSPTree1DTest_OE25Dev_geom_left_2156_1
[ERROR] /home/tasfia/Desktop/OE25-DEV/projects_decomposed/commons-geometry/commons-geometry-euclidean/src/test/java/org/apache/commons/geometry/euclidean/oned/RegionBSPTree1DTest_OE25Dev_geom_left_2156_1.java:[185,9] cannot find symbol
  symbol:   method checkBoundaryProjection(org.apache.commons.geometry.euclidean.oned.RegionBSPTree1D,double,int)
  location: class org.apache.commons.geometry.euclidean.oned.RegionBSPTree1DTest_OE25Dev_geom_left_2156_1
[ERROR] /home/tasfia/Desktop/OE25-DEV/projects_decomposed/commons-geometry/commons-geometry-euclidean/src/test/java/org/apache/commons/geometry/euclidean/oned/RegionBSPTree1DTest_OE25Dev_geom_left_2156_1.java:[194,9] cannot find symbol
  symbol:   method checkBoundaryProjection(org.apache.commons.geometry.euclidean.oned.RegionBSPTree1D,int,int)
  location: class org.apache.commons.geometry.euclidean.oned.RegionBSPTree1DTest_OE25Dev_geom_left_2156_1
[ERROR] /home/tasfia/Desktop/OE25-DEV/projects_decomposed/commons-geometry/commons-geometry-euclidean/src/test/java/org/apache/commons/geometry/euclidean/oned/RegionBSPTree1DTest_OE25Dev_geom_left_2156_1.java:[195,9] cannot find symbol
  symbol:   method checkBoundaryProjection(org.apache.commons.geometry.euclidean.oned.RegionBSPTree1D,int,int)
  location: class org.apache.commons.geometry.euclidean.oned.RegionBSPTree1DTest_OE25Dev_geom_left_2156_1
[ERROR] /home/tasfia/Desktop/OE25-DEV/projects_decomposed/commons-geometry/commons-geometry-euclidean/src/test/java/org/apache/commons/geometry/euclidean/oned/RegionBSPTree1DTest_OE25Dev_geom_left_2156_1.java:[196,9] cannot find symbol
  symbol:   method checkBoundaryProjection(org.apache.commons.geometry.euclidean.oned.RegionBSPTree1D,int,int)
  location: class org.apache.commons.geometry.euclidean.oned.RegionBSPTree1DTest_OE25Dev_geom_left_2156_1
[ERROR] /home/tasfia/Desktop/OE25-DEV/projects_decomposed/commons-geometry/commons-geometry-euclidean/src/test/java/org/apache/commons/geometry/euclidean/oned/RegionBSPTree1DTest_OE25Dev_geom_left_2156_1.java:[197,9] cannot find symbol
  symbol:   method checkBoundaryProjection(org.apache.commons.geometry.euclidean.oned.RegionBSPTree1D,int,int)
  location: class org.apache.commons.geometry.euclidean.oned.RegionBSPTree1DTest_OE25Dev_geom_left_2156_1
[ERROR] /home/tasfia/Desktop/OE25-DEV/projects_decomposed/commons-geometry/commons-geometry-euclidean/src/test/java/org/apache/commons/geometry/euclidean/oned/RegionBSPTree1DTest_OE25Dev_geom_left_2156_1.java:[198,9] cannot find symbol
  symbol:   method checkBoundaryProjection(org.apache.commons.geometry.euclidean.oned.RegionBSPTree1D,int,int)
  location: class org.apache.commons.geometry.euclidean.oned.RegionBSPTree1DTest_OE25Dev_geom_left_2156_1
[ERROR] /home/tasfia/Desktop/OE25-DEV/projects_decomposed/commons-geometry/commons-geometry-euclidean/src/test/java/org/apache/commons/geometry/euclidean/oned/RegionBSPTree1DTest_OE25Dev_geom_left_2156_1.java:[200,9] cannot find symbol
  symbol:   method checkBoundaryProjection(org.apache.commons.geometry.euclidean.oned.RegionBSPTree1D,double,int)
  location: class org.apache.commons.geometry.euclidean.oned.RegionBSPTree1DTest_OE25Dev_geom_left_2156_1
[ERROR] /home/tasfia/Desktop/OE25-DEV/projects_decomposed/commons-geometry/commons-geometry-euclidean/src/test/java/org/apache/commons/geometry/euclidean/oned/RegionBSPTree1DTest_OE25Dev_geom_left_2156_1.java:[201,9] cannot find symbol
  symbol:   method checkBoundaryProjection(org.apache.commons.geometry.euclidean.oned.RegionBSPTree1D,double,int)
  location: class org.apache.commons.geometry.euclidean.oned.RegionBSPTree1DTest_OE25Dev_geom_left_2156_1
[ERROR] /home/tasfia/Desktop/OE25-DEV/projects_decomposed/commons-geometry/commons-geometry-euclidean/src/test/java/org/apache/commons/geometry/euclidean/oned/RegionBSPTree1DTest_OE25Dev_geom_left_2156_1.java:[210,9] cannot find symbol
  symbol:   method checkBoundaryProjection(org.apache.commons.geometry.euclidean.oned.RegionBSPTree1D,int,int)
  location: class org.apache.commons.geometry.euclidean.oned.RegionBSPTree1DTest_OE25Dev_geom_left_2156_1
[ERROR] /home/tasfia/Desktop/OE25-DEV/projects_decomposed/commons-geometry/commons-geometry-euclidean/src/test/java/org/apache/commons/geometry/euclidean/oned/RegionBSPTree1DTest_OE25Dev_geom_left_2156_1.java:[211,9] cannot find symbol
  symbol:   method checkBoundaryProjection(org.apache.commons.geometry.euclidean.oned.RegionBSPTree1D,int,int)
  location: class org.apache.commons.geometry.euclidean.oned.RegionBSPTree1DTest_OE25Dev_geom_left_2156_1
[ERROR] /home/tasfia/Desktop/OE25-DEV/projects_decomposed/commons-geometry/commons-geometry-euclidean/src/test/java/org/apache/commons/geometry/euclidean/oned/RegionBSPTree1DTest_OE25Dev_geom_left_2156_1.java:[212,9] cannot find symbol
  symbol:   method checkBoundaryProjection(org.apache.commons.geometry.euclidean.oned.RegionBSPTree1D,int,int)
  location: class org.apache.commons.geometry.euclidean.oned.RegionBSPTree1DTest_OE25Dev_geom_left_2156_1
[ERROR] /home/tasfia/Desktop/OE25-DEV/projects_decomposed/commons-geometry/commons-geometry-euclidean/src/test/java/org/apache/commons/geometry/euclidean/oned/RegionBSPTree1DTest_OE25Dev_geom_left_2156_1.java:[213,9] cannot find symbol
  symbol:   method checkBoundaryProjection(org.apache.commons.geometry.euclidean.oned.RegionBSPTree1D,int,int)
  location: class org.apache.commons.geometry.euclidean.oned.RegionBSPTree1DTest_OE25Dev_geom_left_2156_1
[ERROR] /home/tasfia/Desktop/OE25-DEV/projects_decomposed/commons-geometry/commons-geometry-euclidean/src/test/java/org/apache/commons/geometry/euclidean/oned/RegionBSPTree1DTest_OE25Dev_geom_left_2156_1.java:[214,9] cannot find symbol
  symbol:   method checkBoundaryProjection(org.apache.commons.geometry.euclidean.oned.RegionBSPTree1D,int,int)
  location: class org.apache.commons.geometry.euclidean.oned.RegionBSPTree1DTest_OE25Dev_geom_left_2156_1
[ERROR] /home/tasfia/Desktop/OE25-DEV/projects_decomposed/commons-geometry/commons-geometry-euclidean/src/test/java/org/apache/commons/geometry/euclidean/oned/RegionBSPTree1DTest_OE25Dev_geom_left_2156_1.java:[216,9] cannot find symbol
  symbol:   method checkBoundaryProjection(org.apache.commons.geometry.euclidean.oned.RegionBSPTree1D,double,int)
  location: class org.apache.commons.geometry.euclidean.oned.RegionBSPTree1DTest_OE25Dev_geom_left_2156_1
[ERROR] /home/tasfia/Desktop/OE25-DEV/projects_decomposed/commons-geometry/commons-geometry-euclidean/src/test/java/org/apache/commons/geometry/euclidean/oned/RegionBSPTree1DTest_OE25Dev_geom_left_2156_1.java:[217,9] cannot find symbol
  symbol:   method checkBoundaryProjection(org.apache.commons.geometry.euclidean.oned.RegionBSPTree1D,double,int)
  location: class org.apache.commons.geometry.euclidean.oned.RegionBSPTree1DTest_OE25Dev_geom_left_2156_1
[ERROR] /home/tasfia/Desktop/OE25-DEV/projects_decomposed/commons-geometry/commons-geometry-euclidean/src/test/java/org/apache/commons/geometry/euclidean/oned/RegionBSPTree1DTest_OE25Dev_geom_left_2156_1.java:[226,9] cannot find symbol
  symbol:   method checkBoundaryProjection(org.apache.commons.geometry.euclidean.oned.RegionBSPTree1D,int,int)
  location: class org.apache.commons.geometry.euclidean.oned.RegionBSPTree1DTest_OE25Dev_geom_left_2156_1
[ERROR] /home/tasfia/Desktop/OE25-DEV/projects_decomposed/commons-geometry/commons-geometry-euclidean/src/test/java/org/apache/commons/geometry/euclidean/oned/RegionBSPTree1DTest_OE25Dev_geom_left_2156_1.java:[227,9] cannot find symbol
  symbol:   method checkBoundaryProjection(org.apache.commons.geometry.euclidean.oned.RegionBSPTree1D,int,int)
  location: class org.apache.commons.geometry.euclidean.oned.RegionBSPTree1DTest_OE25Dev_geom_left_2156_1
[ERROR] /home/tasfia/Desktop/OE25-DEV/projects_decomposed/commons-geometry/commons-geometry-euclidean/src/test/java/org/apache/commons/geometry/euclidean/oned/RegionBSPTree1DTest_OE25Dev_geom_left_2156_1.java:[228,9] cannot find symbol
  symbol:   method checkBoundaryProjection(org.apache.commons.geometry.euclidean.oned.RegionBSPTree1D,int,int)
  location: class org.apache.commons.geometry.euclidean.oned.RegionBSPTree1DTest_OE25Dev_geom_left_2156_1
[ERROR] /home/tasfia/Desktop/OE25-DEV/projects_decomposed/commons-geometry/commons-geometry-euclidean/src/test/java/org/apache/commons/geometry/euclidean/oned/RegionBSPTree1DTest_OE25Dev_geom_left_2156_1.java:[230,9] cannot find symbol
  symbol:   method checkBoundaryProjection(org.apache.commons.geometry.euclidean.oned.RegionBSPTree1D,double,int)
  location: class org.apache.commons.geometry.euclidean.oned.RegionBSPTree1DTest_OE25Dev_geom_left_2156_1
[ERROR] /home/tasfia/Desktop/OE25-DEV/projects_decomposed/commons-geometry/commons-geometry-euclidean/src/test/java/org/apache/commons/geometry/euclidean/oned/RegionBSPTree1DTest_OE25Dev_geom_left_2156_1.java:[231,9] cannot find symbol
  symbol:   method checkBoundaryProjection(org.apache.commons.geometry.euclidean.oned.RegionBSPTree1D,int,int)
  location: class org.apache.commons.geometry.euclidean.oned.RegionBSPTree1DTest_OE25Dev_geom_left_2156_1
[ERROR] /home/tasfia/Desktop/OE25-DEV/projects_decomposed/commons-geometry/commons-geometry-euclidean/src/test/java/org/apache/commons/geometry/euclidean/oned/RegionBSPTree1DTest_OE25Dev_geom_left_2156_1.java:[232,9] cannot find symbol
  symbol:   method checkBoundaryProjection(org.apache.commons.geometry.euclidean.oned.RegionBSPTree1D,double,int)
  location: class org.apache.commons.geometry.euclidean.oned.RegionBSPTree1DTest_OE25Dev_geom_left_2156_1
[ERROR] /home/tasfia/Desktop/OE25-DEV/projects_decomposed/commons-geometry/commons-geometry-euclidean/src/test/java/org/apache/commons/geometry/euclidean/oned/RegionBSPTree1DTest_OE25Dev_geom_left_2156_1.java:[234,9] cannot find symbol
  symbol:   method checkBoundaryProjection(org.apache.commons.geometry.euclidean.oned.RegionBSPTree1D,int,int)
  location: class org.apache.commons.geometry.euclidean.oned.RegionBSPTree1DTest_OE25Dev_geom_left_2156_1
[ERROR] /home/tasfia/Desktop/OE25-DEV/projects_decomposed/commons-geometry/commons-geometry-euclidean/src/test/java/org/apache/commons/geometry/euclidean/oned/RegionBSPTree1DTest_OE25Dev_geom_left_2156_1.java:[235,9] cannot find symbol
  symbol:   method checkBoundaryProjection(org.apache.commons.geometry.euclidean.oned.RegionBSPTree1D,int,int)
  location: class org.apache.commons.geometry.euclidean.oned.RegionBSPTree1DTest_OE25Dev_geom_left_2156_1
[ERROR] /home/tasfia/Desktop/OE25-DEV/projects_decomposed/commons-geometry/commons-geometry-euclidean/src/test/java/org/apache/commons/geometry/euclidean/oned/RegionBSPTree1DTest_OE25Dev_geom_left_2156_1.java:[236,9] cannot find symbol
  symbol:   method checkBoundaryProjection(org.apache.commons.geometry.euclidean.oned.RegionBSPTree1D,int,int)
  location: class org.apache.commons.geometry.euclidean.oned.RegionBSPTree1DTest_OE25Dev_geom_left_2156_1
[ERROR] /home/tasfia/Desktop/OE25-DEV/projects_decomposed/commons-geometry/commons-geometry-euclidean/src/test/java/org/apache/commons/geometry/euclidean/oned/RegionBSPTree1DTest_OE25Dev_geom_left_2156_1.java:[238,9] cannot find symbol
  symbol:   method checkBoundaryProjection(org.apache.commons.geometry.euclidean.oned.RegionBSPTree1D,double,int)
  location: class org.apache.commons.geometry.euclidean.oned.RegionBSPTree1DTest_OE25Dev_geom_left_2156_1
[ERROR] /home/tasfia/Desktop/OE25-DEV/projects_decomposed/commons-geometry/commons-geometry-euclidean/src/test/java/org/apache/commons/geometry/euclidean/oned/RegionBSPTree1DTest_OE25Dev_geom_left_2156_1.java:[239,9] cannot find symbol
  symbol:   method checkBoundaryProjection(org.apache.commons.geometry.euclidean.oned.RegionBSPTree1D,double,int)
  location: class org.apache.commons.geometry.euclidean.oned.RegionBSPTree1DTest_OE25Dev_geom_left_2156_1
[ERROR] /home/tasfia/Desktop/OE25-DEV/projects_decomposed/commons-geometry/commons-geometry-euclidean/src/test/java/org/apache/commons/geometry/euclidean/oned/RegionBSPTree1DTest_OE25Dev_geom_left_2156_1.java:[253,9] cannot find symbol
  symbol:   method checkBoundaryProjection(org.apache.commons.geometry.euclidean.oned.RegionBSPTree1D,double,int)
  location: class org.apache.commons.geometry.euclidean.oned.RegionBSPTree1DTest_OE25Dev_geom_left_2156_1
[ERROR] /home/tasfia/Desktop/OE25-DEV/projects_decomposed/commons-geometry/commons-geometry-euclidean/src/test/java/org/apache/commons/geometry/euclidean/oned/RegionBSPTree1DTest_OE25Dev_geom_left_2156_1.java:[254,9] cannot find symbol
  symbol:   method checkBoundaryProjection(org.apache.commons.geometry.euclidean.oned.RegionBSPTree1D,int,int)
  location: class org.apache.commons.geometry.euclidean.oned.RegionBSPTree1DTest_OE25Dev_geom_left_2156_1
[ERROR] /home/tasfia/Desktop/OE25-DEV/projects_decomposed/commons-geometry/commons-geometry-euclidean/src/test/java/org/apache/commons/geometry/euclidean/oned/RegionBSPTree1DTest_OE25Dev_geom_left_2156_1.java:[255,9] cannot find symbol
  symbol:   method checkBoundaryProjection(org.apache.commons.geometry.euclidean.oned.RegionBSPTree1D,int,int)
  location: class org.apache.commons.geometry.euclidean.oned.RegionBSPTree1DTest_OE25Dev_geom_left_2156_1
[ERROR] /home/tasfia/Desktop/OE25-DEV/projects_decomposed/commons-geometry/commons-geometry-euclidean/src/test/java/org/apache/commons/geometry/euclidean/oned/RegionBSPTree1DTest_OE25Dev_geom_left_2156_1.java:[257,9] cannot find symbol
  symbol:   method checkBoundaryProjection(org.apache.commons.geometry.euclidean.oned.RegionBSPTree1D,double,int)
  location: class org.apache.commons.geometry.euclidean.oned.RegionBSPTree1DTest_OE25Dev_geom_left_2156_1
[ERROR] /home/tasfia/Desktop/OE25-DEV/projects_decomposed/commons-geometry/commons-geometry-euclidean/src/test/java/org/apache/commons/geometry/euclidean/oned/RegionBSPTree1DTest_OE25Dev_geom_left_2156_1.java:[258,9] cannot find symbol
  symbol:   method checkBoundaryProjection(org.apache.commons.geometry.euclidean.oned.RegionBSPTree1D,int,int)
  location: class org.apache.commons.geometry.euclidean.oned.RegionBSPTree1DTest_OE25Dev_geom_left_2156_1
[ERROR] /home/tasfia/Desktop/OE25-DEV/projects_decomposed/commons-geometry/commons-geometry-euclidean/src/test/java/org/apache/commons/geometry/euclidean/oned/RegionBSPTree1DTest_OE25Dev_geom_left_2156_1.java:[259,9] cannot find symbol
  symbol:   method checkBoundaryProjection(org.apache.commons.geometry.euclidean.oned.RegionBSPTree1D,double,int)
  location: class org.apache.commons.geometry.euclidean.oned.RegionBSPTree1DTest_OE25Dev_geom_left_2156_1
[ERROR] /home/tasfia/Desktop/OE25-DEV/projects_decomposed/commons-geometry/commons-geometry-euclidean/src/test/java/org/apache/commons/geometry/euclidean/oned/RegionBSPTree1DTest_OE25Dev_geom_left_2156_1.java:[261,9] cannot find symbol
  symbol:   method checkBoundaryProjection(org.apache.commons.geometry.euclidean.oned.RegionBSPTree1D,double,int)
  location: class org.apache.commons.geometry.euclidean.oned.RegionBSPTree1DTest_OE25Dev_geom_left_2156_1
[ERROR] /home/tasfia/Desktop/OE25-DEV/projects_decomposed/commons-geometry/commons-geometry-euclidean/src/test/java/org/apache/commons/geometry/euclidean/oned/RegionBSPTree1DTest_OE25Dev_geom_left_2156_1.java:[262,9] cannot find symbol
  symbol:   method checkBoundaryProjection(org.apache.commons.geometry.euclidean.oned.RegionBSPTree1D,int,int)
  location: class org.apache.commons.geometry.euclidean.oned.RegionBSPTree1DTest_OE25Dev_geom_left_2156_1
[ERROR] /home/tasfia/Desktop/OE25-DEV/projects_decomposed/commons-geometry/commons-geometry-euclidean/src/test/java/org/apache/commons/geometry/euclidean/oned/RegionBSPTree1DTest_OE25Dev_geom_left_2156_1.java:[263,9] cannot find symbol
  symbol:   method checkBoundaryProjection(org.apache.commons.geometry.euclidean.oned.RegionBSPTree1D,double,int)
  location: class org.apache.commons.geometry.euclidean.oned.RegionBSPTree1DTest_OE25Dev_geom_left_2156_1
[ERROR] /home/tasfia/Desktop/OE25-DEV/projects_decomposed/commons-geometry/commons-geometry-euclidean/src/test/java/org/apache/commons/geometry/euclidean/oned/RegionBSPTree1DTest_OE25Dev_geom_left_2156_1.java:[265,9] cannot find symbol
  symbol:   method checkBoundaryProjection(org.apache.commons.geometry.euclidean.oned.RegionBSPTree1D,double,int)
  location: class org.apache.commons.geometry.euclidean.oned.RegionBSPTree1DTest_OE25Dev_geom_left_2156_1
[ERROR] /home/tasfia/Desktop/OE25-DEV/projects_decomposed/commons-geometry/commons-geometry-euclidean/src/test/java/org/apache/commons/geometry/euclidean/oned/RegionBSPTree1DTest_OE25Dev_geom_left_2156_1.java:[267,9] cannot find symbol
  symbol:   method checkBoundaryProjection(org.apache.commons.geometry.euclidean.oned.RegionBSPTree1D,double,int)
  location: class org.apache.commons.geometry.euclidean.oned.RegionBSPTree1DTest_OE25Dev_geom_left_2156_1
[ERROR] /home/tasfia/Desktop/OE25-DEV/projects_decomposed/commons-geometry/commons-geometry-euclidean/src/test/java/org/apache/commons/geometry/euclidean/oned/RegionBSPTree1DTest_OE25Dev_geom_left_2156_1.java:[268,9] cannot find symbol
  symbol:   method checkBoundaryProjection(org.apache.commons.geometry.euclidean.oned.RegionBSPTree1D,int,int)
  location: class org.apache.commons.geometry.euclidean.oned.RegionBSPTree1DTest_OE25Dev_geom_left_2156_1
[ERROR] /home/tasfia/Desktop/OE25-DEV/projects_decomposed/commons-geometry/commons-geometry-euclidean/src/test/java/org/apache/commons/geometry/euclidean/oned/RegionBSPTree1DTest_OE25Dev_geom_left_2156_1.java:[269,9] cannot find symbol
  symbol:   method checkBoundaryProjection(org.apache.commons.geometry.euclidean.oned.RegionBSPTree1D,double,int)
  location: class org.apache.commons.geometry.euclidean.oned.RegionBSPTree1DTest_OE25Dev_geom_left_2156_1
[ERROR] /home/tasfia/Desktop/OE25-DEV/projects_decomposed/commons-geometry/commons-geometry-euclidean/src/test/java/org/apache/commons/geometry/euclidean/oned/RegionBSPTree1DTest_OE25Dev_geom_left_2156_1.java:[270,9] cannot find symbol
  symbol:   method checkBoundaryProjection(org.apache.commons.geometry.euclidean.oned.RegionBSPTree1D,double,int)
  location: class org.apache.commons.geometry.euclidean.oned.RegionBSPTree1DTest_OE25Dev_geom_left_2156_1
[ERROR] /home/tasfia/Desktop/OE25-DEV/projects_decomposed/commons-geometry/commons-geometry-euclidean/src/test/java/org/apache/commons/geometry/euclidean/oned/RegionBSPTree1DTest_OE25Dev_geom_left_2156_1.java:[271,9] cannot find symbol
  symbol:   method checkBoundaryProjection(org.apache.commons.geometry.euclidean.oned.RegionBSPTree1D,double,int)
  location: class org.apache.commons.geometry.euclidean.oned.RegionBSPTree1DTest_OE25Dev_geom_left_2156_1
[ERROR] /home/tasfia/Desktop/OE25-DEV/projects_decomposed/commons-geometry/commons-geometry-euclidean/src/test/java/org/apache/commons/geometry/euclidean/oned/RegionBSPTree1DTest_OE25Dev_geom_left_2156_1.java:[272,9] cannot find symbol
  symbol:   method checkBoundaryProjection(org.apache.commons.geometry.euclidean.oned.RegionBSPTree1D,int,int)
  location: class org.apache.commons.geometry.euclidean.oned.RegionBSPTree1DTest_OE25Dev_geom_left_2156_1
[ERROR] /home/tasfia/Desktop/OE25-DEV/projects_decomposed/commons-geometry/commons-geometry-euclidean/src/test/java/org/apache/commons/geometry/euclidean/oned/RegionBSPTree1DTest_OE25Dev_geom_left_2156_1.java:[273,9] cannot find symbol
  symbol:   method checkBoundaryProjection(org.apache.commons.geometry.euclidean.oned.RegionBSPTree1D,double,int)
  location: class org.apache.commons.geometry.euclidean.oned.RegionBSPTree1DTest_OE25Dev_geom_left_2156_1
[ERROR] /home/tasfia/Desktop/OE25-DEV/projects_decomposed/commons-geometry/commons-geometry-euclidean/src/test/java/org/apache/commons/geometry/euclidean/oned/RegionBSPTree1DTest_OE25Dev_geom_left_2156_1.java:[275,9] cannot find symbol
  symbol:   method checkBoundaryProjection(org.apache.commons.geometry.euclidean.oned.RegionBSPTree1D,double,int)
  location: class org.apache.commons.geometry.euclidean.oned.RegionBSPTree1DTest_OE25Dev_geom_left_2156_1
[ERROR] /home/tasfia/Desktop/OE25-DEV/projects_decomposed/commons-geometry/commons-geometry-euclidean/src/test/java/org/apache/commons/geometry/euclidean/oned/RegionBSPTree1DTest_OE25Dev_geom_left_2156_1.java:[276,9] cannot find symbol
  symbol:   method checkBoundaryProjection(org.apache.commons.geometry.euclidean.oned.RegionBSPTree1D,int,int)
  location: class org.apache.commons.geometry.euclidean.oned.RegionBSPTree1DTest_OE25Dev_geom_left_2156_1
[ERROR] /home/tasfia/Desktop/OE25-DEV/projects_decomposed/commons-geometry/commons-geometry-euclidean/src/test/java/org/apache/commons/geometry/euclidean/oned/RegionBSPTree1DTest_OE25Dev_geom_left_2156_1.java:[277,9] cannot find symbol
  symbol:   method checkBoundaryProjection(org.apache.commons.geometry.euclidean.oned.RegionBSPTree1D,double,int)
  location: class org.apache.commons.geometry.euclidean.oned.RegionBSPTree1DTest_OE25Dev_geom_left_2156_1
[ERROR] /home/tasfia/Desktop/OE25-DEV/projects_decomposed/commons-geometry/commons-geometry-euclidean/src/test/java/org/apache/commons/geometry/euclidean/oned/RegionBSPTree1DTest_OE25Dev_geom_left_2156_1.java:[279,9] cannot find symbol
  symbol:   method checkBoundaryProjection(org.apache.commons.geometry.euclidean.oned.RegionBSPTree1D,double,int)
  location: class org.apache.commons.geometry.euclidean.oned.RegionBSPTree1DTest_OE25Dev_geom_left_2156_1
[ERROR] /home/tasfia/Desktop/OE25-DEV/projects_decomposed/commons-geometry/commons-geometry-euclidean/src/test/java/org/apache/commons/geometry/euclidean/oned/RegionBSPTree1DTest_OE25Dev_geom_left_2156_1.java:[280,9] cannot find symbol
  symbol:   method checkBoundaryProjection(org.apache.commons.geometry.euclidean.oned.RegionBSPTree1D,int,int)
  location: class org.apache.commons.geometry.euclidean.oned.RegionBSPTree1DTest_OE25Dev_geom_left_2156_1
[ERROR] /home/tasfia/Desktop/OE25-DEV/projects_decomposed/commons-geometry/commons-geometry-euclidean/src/test/java/org/apache/commons/geometry/euclidean/oned/RegionBSPTree1DTest_OE25Dev_geom_left_2156_1.java:[281,9] cannot find symbol
  symbol:   method checkBoundaryProjection(org.apache.commons.geometry.euclidean.oned.RegionBSPTree1D,double,int)
  location: class org.apache.commons.geometry.euclidean.oned.RegionBSPTree1DTest_OE25Dev_geom_left_2156_1
[ERROR] /home/tasfia/Desktop/OE25-DEV/projects_decomposed/commons-geometry/commons-geometry-euclidean/src/test/java/org/apache/commons/geometry/euclidean/oned/RegionBSPTree1DTest_OE25Dev_geom_left_2156_1.java:[282,9] cannot find symbol
  symbol:   method checkBoundaryProjection(org.apache.commons.geometry.euclidean.oned.RegionBSPTree1D,double,int)
  location: class org.apache.commons.geometry.euclidean.oned.RegionBSPTree1DTest_OE25Dev_geom_left_2156_1
[ERROR] /home/tasfia/Desktop/OE25-DEV/projects_decomposed/commons-geometry/commons-geometry-euclidean/src/test/java/org/apache/commons/geometry/euclidean/oned/RegionBSPTree1DTest_OE25Dev_geom_left_2156_1.java:[283,9] cannot find symbol
  symbol:   method checkBoundaryProjection(org.apache.commons.geometry.euclidean.oned.RegionBSPTree1D,double,int)
  location: class org.apache.commons.geometry.euclidean.oned.RegionBSPTree1DTest_OE25Dev_geom_left_2156_1
[ERROR] /home/tasfia/Desktop/OE25-DEV/projects_decomposed/commons-geometry/commons-geometry-euclidean/src/test/java/org/apache/commons/geometry/euclidean/oned/RegionBSPTree1DTest_OE25Dev_geom_left_2156_1.java:[284,9] cannot find symbol
  symbol:   method checkBoundaryProjection(org.apache.commons.geometry.euclidean.oned.RegionBSPTree1D,double,int)
  location: class org.apache.commons.geometry.euclidean.oned.RegionBSPTree1DTest_OE25Dev_geom_left_2156_1
[ERROR] /home/tasfia/Desktop/OE25-DEV/projects_decomposed/commons-geometry/commons-geometry-euclidean/src/test/java/org/apache/commons/geometry/euclidean/oned/RegionBSPTree1DTest_OE25Dev_geom_left_2156_1.java:[285,9] cannot find symbol
  symbol:   method checkBoundaryProjection(org.apache.commons.geometry.euclidean.oned.RegionBSPTree1D,double,int)
  location: class org.apache.commons.geometry.euclidean.oned.RegionBSPTree1DTest_OE25Dev_geom_left_2156_1
[ERROR] /home/tasfia/Desktop/OE25-DEV/projects_decomposed/commons-geometry/commons-geometry-euclidean/src/test/java/org/apache/commons/geometry/euclidean/oned/RegionBSPTree1DTest_OE25Dev_geom_left_2156_1.java:[286,9] cannot find symbol
  symbol:   method checkBoundaryProjection(org.apache.commons.geometry.euclidean.oned.RegionBSPTree1D,int,int)
  location: class org.apache.commons.geometry.euclidean.oned.RegionBSPTree1DTest_OE25Dev_geom_left_2156_1
[ERROR] /home/tasfia/Desktop/OE25-DEV/projects_decomposed/commons-geometry/commons-geometry-euclidean/src/test/java/org/apache/commons/geometry/euclidean/oned/RegionBSPTree1DTest_OE25Dev_geom_left_2156_1.java:[287,9] cannot find symbol
  symbol:   method checkBoundaryProjection(org.apache.commons.geometry.euclidean.oned.RegionBSPTree1D,double,int)
  location: class org.apache.commons.geometry.euclidean.oned.RegionBSPTree1DTest_OE25Dev_geom_left_2156_1
[ERROR] /home/tasfia/Desktop/OE25-DEV/projects_decomposed/commons-geometry/commons-geometry-euclidean/src/test/java/org/apache/commons/geometry/euclidean/oned/RegionBSPTree1DTest_OE25Dev_geom_left_2156_1.java:[289,9] cannot find symbol
  symbol:   method checkBoundaryProjection(org.apache.commons.geometry.euclidean.oned.RegionBSPTree1D,int,int)
  location: class org.apache.commons.geometry.euclidean.oned.RegionBSPTree1DTest_OE25Dev_geom_left_2156_1
[ERROR] /home/tasfia/Desktop/OE25-DEV/projects_decomposed/commons-geometry/commons-geometry-euclidean/src/test/java/org/apache/commons/geometry/euclidean/oned/RegionBSPTree1DTest_OE25Dev_geom_left_2156_1.java:[291,9] cannot find symbol
  symbol:   method checkBoundaryProjection(org.apache.commons.geometry.euclidean.oned.RegionBSPTree1D,double,int)
  location: class org.apache.commons.geometry.euclidean.oned.RegionBSPTree1DTest_OE25Dev_geom_left_2156_1
[ERROR] Failed to execute goal org.apache.maven.plugins:maven-compiler-plugin:3.8.1:testCompile (default-testCompile) on project commons-geometry-euclidean: Compilation failure: Compilation failure: 
[ERROR] /home/tasfia/Desktop/OE25-DEV/projects_decomposed/commons-geometry/commons-geometry-euclidean/src/test/java/org/apache/commons/geometry/euclidean/oned/RegionBSPTree1DTest_OE25Dev_geom_left_2156_1.java:[176,9] cannot find symbol
[ERROR]   symbol:   method checkBoundaryProjection(org.apache.commons.geometry.euclidean.oned.RegionBSPTree1D,int,int)
[ERROR]   location: class org.apache.commons.geometry.euclidean.oned.RegionBSPTree1DTest_OE25Dev_geom_left_2156_1
[ERROR] /home/tasfia/Desktop/OE25-DEV/projects_decomposed/commons-geometry/commons-geometry-euclidean/src/test/java/org/apache/commons/geometry/euclidean/oned/RegionBSPTree1DTest_OE25Dev_geom_left_2156_1.java:[177,9] cannot find symbol
[ERROR]   symbol:   method checkBoundaryProjection(org.apache.commons.geometry.euclidean.oned.RegionBSPTree1D,int,int)
[ERROR]   location: class org.apache.commons.geometry.euclidean.oned.RegionBSPTree1DTest_OE25Dev_geom_left_2156_1
[ERROR] /home/tasfia/Desktop/OE25-DEV/projects_decomposed/commons-geometry/commons-geometry-euclidean/src/test/java/org/apache/commons/geometry/euclidean/oned/RegionBSPTree1DTest_OE25Dev_geom_left_2156_1.java:[179,9] cannot find symbol
[ERROR]   symbol:   method checkBoundaryProjection(org.apache.commons.geometry.euclidean.oned.RegionBSPTree1D,int,int)
[ERROR]   location: class org.apache.commons.geometry.euclidean.oned.RegionBSPTree1DTest_OE25Dev_geom_left_2156_1
[ERROR] /home/tasfia/Desktop/OE25-DEV/projects_decomposed/commons-geometry/commons-geometry-euclidean/src/test/java/org/apache/commons/geometry/euclidean/oned/RegionBSPTree1DTest_OE25Dev_geom_left_2156_1.java:[181,9] cannot find symbol
[ERROR]   symbol:   method checkBoundaryProjection(org.apache.commons.geometry.euclidean.oned.RegionBSPTree1D,int,int)
[ERROR]   location: class org.apache.commons.geometry.euclidean.oned.RegionBSPTree1DTest_OE25Dev_geom_left_2156_1
[ERROR] /home/tasfia/Desktop/OE25-DEV/projects_decomposed/commons-geometry/commons-geometry-euclidean/src/test/java/org/apache/commons/geometry/euclidean/oned/RegionBSPTree1DTest_OE25Dev_geom_left_2156_1.java:[182,9] cannot find symbol
[ERROR]   symbol:   method checkBoundaryProjection(org.apache.commons.geometry.euclidean.oned.RegionBSPTree1D,int,int)
[ERROR]   location: class org.apache.commons.geometry.euclidean.oned.RegionBSPTree1DTest_OE25Dev_geom_left_2156_1
[ERROR] /home/tasfia/Desktop/OE25-DEV/projects_decomposed/commons-geometry/commons-geometry-euclidean/src/test/java/org/apache/commons/geometry/euclidean/oned/RegionBSPTree1DTest_OE25Dev_geom_left_2156_1.java:[184,9] cannot find symbol
[ERROR]   symbol:   method checkBoundaryProjection(org.apache.commons.geometry.euclidean.oned.RegionBSPTree1D,double,int)
[ERROR]   location: class org.apache.commons.geometry.euclidean.oned.RegionBSPTree1DTest_OE25Dev_geom_left_2156_1
[ERROR] /home/tasfia/Desktop/OE25-DEV/projects_decomposed/commons-geometry/commons-geometry-euclidean/src/test/java/org/apache/commons/geometry/euclidean/oned/RegionBSPTree1DTest_OE25Dev_geom_left_2156_1.java:[185,9] cannot find symbol
[ERROR]   symbol:   method checkBoundaryProjection(org.apache.commons.geometry.euclidean.oned.RegionBSPTree1D,double,int)
[ERROR]   location: class org.apache.commons.geometry.euclidean.oned.RegionBSPTree1DTest_OE25Dev_geom_left_2156_1
[ERROR] /home/tasfia/Desktop/OE25-DEV/projects_decomposed/commons-geometry/commons-geometry-euclidean/src/test/java/org/apache/commons/geometry/euclidean/oned/RegionBSPTree1DTest_OE25Dev_geom_left_2156_1.java:[194,9] cannot find symbol
[ERROR]   symbol:   method checkBoundaryProjection(org.apache.commons.geometry.euclidean.oned.RegionBSPTree1D,int,int)
[ERROR]   location: class org.apache.commons.geometry.euclidean.oned.RegionBSPTree1DTest_OE25Dev_geom_left_2156_1
[ERROR] /home/tasfia/Desktop/OE25-DEV/projects_decomposed/commons-geometry/commons-geometry-euclidean/src/test/java/org/apache/commons/geometry/euclidean/oned/RegionBSPTree1DTest_OE25Dev_geom_left_2156_1.java:[195,9] cannot find symbol
[ERROR]   symbol:   method checkBoundaryProjection(org.apache.commons.geometry.euclidean.oned.RegionBSPTree1D,int,int)
[ERROR]   location: class org.apache.commons.geometry.euclidean.oned.RegionBSPTree1DTest_OE25Dev_geom_left_2156_1
[ERROR] /home/tasfia/Desktop/OE25-DEV/projects_decomposed/commons-geometry/commons-geometry-euclidean/src/test/java/org/apache/commons/geometry/euclidean/oned/RegionBSPTree1DTest_OE25Dev_geom_left_2156_1.java:[196,9] cannot find symbol
[ERROR]   symbol:   method checkBoundaryProjection(org.apache.commons.geometry.euclidean.oned.RegionBSPTree1D,int,int)
[ERROR]   location: class org.apache.commons.geometry.euclidean.oned.RegionBSPTree1DTest_OE25Dev_geom_left_2156_1
[ERROR] /home/tasfia/Desktop/OE25-DEV/projects_decomposed/commons-geometry/commons-geometry-euclidean/src/test/java/org/apache/commons/geometry/euclidean/oned/RegionBSPTree1DTest_OE25Dev_geom_left_2156_1.java:[197,9] cannot find symbol
[ERROR]   symbol:   method checkBoundaryProjection(org.apache.commons.geometry.euclidean.oned.RegionBSPTree1D,int,int)
[ERROR]   location: class org.apache.commons.geometry.euclidean.oned.RegionBSPTree1DTest_OE25Dev_geom_left_2156_1
[ERROR] /home/tasfia/Desktop/OE25-DEV/projects_decomposed/commons-geometry/commons-geometry-euclidean/src/test/java/org/apache/commons/geometry/euclidean/oned/RegionBSPTree1DTest_OE25Dev_geom_left_2156_1.java:[198,9] cannot find symbol
[ERROR]   symbol:   method checkBoundaryProjection(org.apache.commons.geometry.euclidean.oned.RegionBSPTree1D,int,int)
[ERROR]   location: class org.apache.commons.geometry.euclidean.oned.RegionBSPTree1DTest_OE25Dev_geom_left_2156_1
[ERROR] /home/tasfia/Desktop/OE25-DEV/projects_decomposed/commons-geometry/commons-geometry-euclidean/src/test/java/org/apache/commons/geometry/euclidean/oned/RegionBSPTree1DTest_OE25Dev_geom_left_2156_1.java:[200,9] cannot find symbol
[ERROR]   symbol:   method checkBoundaryProjection(org.apache.commons.geometry.euclidean.oned.RegionBSPTree1D,double,int)
[ERROR]   location: class org.apache.commons.geometry.euclidean.oned.RegionBSPTree1DTest_OE25Dev_geom_left_2156_1
[ERROR] /home/tasfia/Desktop/OE25-DEV/projects_decomposed/commons-geometry/commons-geometry-euclidean/src/test/java/org/apache/commons/geometry/euclidean/oned/RegionBSPTree1DTest_OE25Dev_geom_left_2156_1.java:[201,9] cannot find symbol
[ERROR]   symbol:   method checkBoundaryProjection(org.apache.commons.geometry.euclidean.oned.RegionBSPTree1D,double,int)
[ERROR]   location: class org.apache.commons.geometry.euclidean.oned.RegionBSPTree1DTest_OE25Dev_geom_left_2156_1
[ERROR] /home/tasfia/Desktop/OE25-DEV/projects_decomposed/commons-geometry/commons-geometry-euclidean/src/test/java/org/apache/commons/geometry/euclidean/oned/RegionBSPTree1DTest_OE25Dev_geom_left_2156_1.java:[210,9] cannot find symbol
[ERROR]   symbol:   method checkBoundaryProjection(org.apache.commons.geometry.euclidean.oned.RegionBSPTree1D,int,int)
[ERROR]   location: class org.apache.commons.geometry.euclidean.oned.RegionBSPTree1DTest_OE25Dev_geom_left_2156_1
[ERROR] /home/tasfia/Desktop/OE25-DEV/projects_decomposed/commons-geometry/commons-geometry-euclidean/src/test/java/org/apache/commons/geometry/euclidean/oned/RegionBSPTree1DTest_OE25Dev_geom_left_2156_1.java:[211,9] cannot find symbol
[ERROR]   symbol:   method checkBoundaryProjection(org.apache.commons.geometry.euclidean.oned.RegionBSPTree1D,int,int)
[ERROR]   location: class org.apache.commons.geometry.euclidean.oned.RegionBSPTree1DTest_OE25Dev_geom_left_2156_1
[ERROR] /home/tasfia/Desktop/OE25-DEV/projects_decomposed/commons-geometry/commons-geometry-euclidean/src/test/java/org/apache/commons/geometry/euclidean/oned/RegionBSPTree1DTest_OE25Dev_geom_left_2156_1.java:[212,9] cannot find symbol
[ERROR]   symbol:   method checkBoundaryProjection(org.apache.commons.geometry.euclidean.oned.RegionBSPTree1D,int,int)
[ERROR]   location: class org.apache.commons.geometry.euclidean.oned.RegionBSPTree1DTest_OE25Dev_geom_left_2156_1
[ERROR] /home/tasfia/Desktop/OE25-DEV/projects_decomposed/commons-geometry/commons-geometry-euclidean/src/test/java/org/apache/commons/geometry/euclidean/oned/RegionBSPTree1DTest_OE25Dev_geom_left_2156_1.java:[213,9] cannot find symbol
[ERROR]   symbol:   method checkBoundaryProjection(org.apache.commons.geometry.euclidean.oned.RegionBSPTree1D,int,int)
[ERROR]   location: class org.apache.commons.geometry.euclidean.oned.RegionBSPTree1DTest_OE25Dev_geom_left_2156_1
[ERROR] /home/tasfia/Desktop/OE25-DEV/projects_decomposed/commons-geometry/commons-geometry-euclidean/src/test/java/org/apache/commons/geometry/euclidean/oned/RegionBSPTree1DTest_OE25Dev_geom_left_2156_1.java:[214,9] cannot find symbol
[ERROR]   symbol:   method checkBoundaryProjection(org.apache.commons.geometry.euclidean.oned.RegionBSPTree1D,int,int)
[ERROR]   location: class org.apache.commons.geometry.euclidean.oned.RegionBSPTree1DTest_OE25Dev_geom_left_2156_1
[ERROR] /home/tasfia/Desktop/OE25-DEV/projects_decomposed/commons-geometry/commons-geometry-euclidean/src/test/java/org/apache/commons/geometry/euclidean/oned/RegionBSPTree1DTest_OE25Dev_geom_left_2156_1.java:[216,9] cannot find symbol
[ERROR]   symbol:   method checkBoundaryProjection(org.apache.commons.geometry.euclidean.oned.RegionBSPTree1D,double,int)
[ERROR]   location: class org.apache.commons.geometry.euclidean.oned.RegionBSPTree1DTest_OE25Dev_geom_left_2156_1
[ERROR] /home/tasfia/Desktop/OE25-DEV/projects_decomposed/commons-geometry/commons-geometry-euclidean/src/test/java/org/apache/commons/geometry/euclidean/oned/RegionBSPTree1DTest_OE25Dev_geom_left_2156_1.java:[217,9] cannot find symbol
[ERROR]   symbol:   method checkBoundaryProjection(org.apache.commons.geometry.euclidean.oned.RegionBSPTree1D,double,int)
[ERROR]   location: class org.apache.commons.geometry.euclidean.oned.RegionBSPTree1DTest_OE25Dev_geom_left_2156_1
[ERROR] /home/tasfia/Desktop/OE25-DEV/projects_decomposed/commons-geometry/commons-geometry-euclidean/src/test/java/org/apache/commons/geometry/euclidean/oned/RegionBSPTree1DTest_OE25Dev_geom_left_2156_1.java:[226,9] cannot find symbol
[ERROR]   symbol:   method checkBoundaryProjection(org.apache.commons.geometry.euclidean.oned.RegionBSPTree1D,int,int)
[ERROR]   location: class org.apache.commons.geometry.euclidean.oned.RegionBSPTree1DTest_OE25Dev_geom_left_2156_1
[ERROR] /home/tasfia/Desktop/OE25-DEV/projects_decomposed/commons-geometry/commons-geometry-euclidean/src/test/java/org/apache/commons/geometry/euclidean/oned/RegionBSPTree1DTest_OE25Dev_geom_left_2156_1.java:[227,9] cannot find symbol
[ERROR]   symbol:   method checkBoundaryProjection(org.apache.commons.geometry.euclidean.oned.RegionBSPTree1D,int,int)
[ERROR]   location: class org.apache.commons.geometry.euclidean.oned.RegionBSPTree1DTest_OE25Dev_geom_left_2156_1
[ERROR] /home/tasfia/Desktop/OE25-DEV/projects_decomposed/commons-geometry/commons-geometry-euclidean/src/test/java/org/apache/commons/geometry/euclidean/oned/RegionBSPTree1DTest_OE25Dev_geom_left_2156_1.java:[228,9] cannot find symbol
[ERROR]   symbol:   method checkBoundaryProjection(org.apache.commons.geometry.euclidean.oned.RegionBSPTree1D,int,int)
[ERROR]   location: class org.apache.commons.geometry.euclidean.oned.RegionBSPTree1DTest_OE25Dev_geom_left_2156_1
[ERROR] /home/tasfia/Desktop/OE25-DEV/projects_decomposed/commons-geometry/commons-geometry-euclidean/src/test/java/org/apache/commons/geometry/euclidean/oned/RegionBSPTree1DTest_OE25Dev_geom_left_2156_1.java:[230,9] cannot find symbol
[ERROR]   symbol:   method checkBoundaryProjection(org.apache.commons.geometry.euclidean.oned.RegionBSPTree1D,double,int)
[ERROR]   location: class org.apache.commons.geometry.euclidean.oned.RegionBSPTree1DTest_OE25Dev_geom_left_2156_1
[ERROR] /home/tasfia/Desktop/OE25-DEV/projects_decomposed/commons-geometry/commons-geometry-euclidean/src/test/java/org/apache/commons/geometry/euclidean/oned/RegionBSPTree1DTest_OE25Dev_geom_left_2156_1.java:[231,9] cannot find symbol
[ERROR]   symbol:   method checkBoundaryProjection(org.apache.commons.geometry.euclidean.oned.RegionBSPTree1D,int,int)
[ERROR]   location: class org.apache.commons.geometry.euclidean.oned.RegionBSPTree1DTest_OE25Dev_geom_left_2156_1
[ERROR] /home/tasfia/Desktop/OE25-DEV/projects_decomposed/commons-geometry/commons-geometry-euclidean/src/test/java/org/apache/commons/geometry/euclidean/oned/RegionBSPTree1DTest_OE25Dev_geom_left_2156_1.java:[232,9] cannot find symbol
[ERROR]   symbol:   method checkBoundaryProjection(org.apache.commons.geometry.euclidean.oned.RegionBSPTree1D,double,int)
[ERROR]   location: class org.apache.commons.geometry.euclidean.oned.RegionBSPTree1DTest_OE25Dev_geom_left_2156_1
[ERROR] /home/tasfia/Desktop/OE25-DEV/projects_decomposed/commons-geometry/commons-geometry-euclidean/src/test/java/org/apache/commons/geometry/euclidean/oned/RegionBSPTree1DTest_OE25Dev_geom_left_2156_1.java:[234,9] cannot find symbol
[ERROR]   symbol:   method checkBoundaryProjection(org.apache.commons.geometry.euclidean.oned.RegionBSPTree1D,int,int)
[ERROR]   location: class org.apache.commons.geometry.euclidean.oned.RegionBSPTree1DTest_OE25Dev_geom_left_2156_1
[ERROR] /home/tasfia/Desktop/OE25-DEV/projects_decomposed/commons-geometry/commons-geometry-euclidean/src/test/java/org/apache/commons/geometry/euclidean/oned/RegionBSPTree1DTest_OE25Dev_geom_left_2156_1.java:[235,9] cannot find symbol
[ERROR]   symbol:   method checkBoundaryProjection(org.apache.commons.geometry.euclidean.oned.RegionBSPTree1D,int,int)
[ERROR]   location: class org.apache.commons.geometry.euclidean.oned.RegionBSPTree1DTest_OE25Dev_geom_left_2156_1
[ERROR] /home/tasfia/Desktop/OE25-DEV/projects_decomposed/commons-geometry/commons-geometry-euclidean/src/test/java/org/apache/commons/geometry/euclidean/oned/RegionBSPTree1DTest_OE25Dev_geom_left_2156_1.java:[236,9] cannot find symbol
[ERROR]   symbol:   method checkBoundaryProjection(org.apache.commons.geometry.euclidean.oned.RegionBSPTree1D,int,int)
[ERROR]   location: class org.apache.commons.geometry.euclidean.oned.RegionBSPTree1DTest_OE25Dev_geom_left_2156_1
[ERROR] /home/tasfia/Desktop/OE25-DEV/projects_decomposed/commons-geometry/commons-geometry-euclidean/src/test/java/org/apache/commons/geometry/euclidean/oned/RegionBSPTree1DTest_OE25Dev_geom_left_2156_1.java:[238,9] cannot find symbol
[ERROR]   symbol:   method checkBoundaryProjection(org.apache.commons.geometry.euclidean.oned.RegionBSPTree1D,double,int)
[ERROR]   location: class org.apache.commons.geometry.euclidean.oned.RegionBSPTree1DTest_OE25Dev_geom_left_2156_1
[ERROR] /home/tasfia/Desktop/OE25-DEV/projects_decomposed/commons-geometry/commons-geometry-euclidean/src/test/java/org/apache/commons/geometry/euclidean/oned/RegionBSPTree1DTest_OE25Dev_geom_left_2156_1.java:[239,9] cannot find symbol
[ERROR]   symbol:   method checkBoundaryProjection(org.apache.commons.geometry.euclidean.oned.RegionBSPTree1D,double,int)
[ERROR]   location: class org.apache.commons.geometry.euclidean.oned.RegionBSPTree1DTest_OE25Dev_geom_left_2156_1
[ERROR] /home/tasfia/Desktop/OE25-DEV/projects_decomposed/commons-geometry/commons-geometry-euclidean/src/test/java/org/apache/commons/geometry/euclidean/oned/RegionBSPTree1DTest_OE25Dev_geom_left_2156_1.java:[253,9] cannot find symbol
[ERROR]   symbol:   method checkBoundaryProjection(org.apache.commons.geometry.euclidean.oned.RegionBSPTree1D,double,int)
[ERROR]   location: class org.apache.commons.geometry.euclidean.oned.RegionBSPTree1DTest_OE25Dev_geom_left_2156_1
[ERROR] /home/tasfia/Desktop/OE25-DEV/projects_decomposed/commons-geometry/commons-geometry-euclidean/src/test/java/org/apache/commons/geometry/euclidean/oned/RegionBSPTree1DTest_OE25Dev_geom_left_2156_1.java:[254,9] cannot find symbol
[ERROR]   symbol:   method checkBoundaryProjection(org.apache.commons.geometry.euclidean.oned.RegionBSPTree1D,int,int)
[ERROR]   location: class org.apache.commons.geometry.euclidean.oned.RegionBSPTree1DTest_OE25Dev_geom_left_2156_1
[ERROR] /home/tasfia/Desktop/OE25-DEV/projects_decomposed/commons-geometry/commons-geometry-euclidean/src/test/java/org/apache/commons/geometry/euclidean/oned/RegionBSPTree1DTest_OE25Dev_geom_left_2156_1.java:[255,9] cannot find symbol
[ERROR]   symbol:   method checkBoundaryProjection(org.apache.commons.geometry.euclidean.oned.RegionBSPTree1D,int,int)
[ERROR]   location: class org.apache.commons.geometry.euclidean.oned.RegionBSPTree1DTest_OE25Dev_geom_left_2156_1
[ERROR] /home/tasfia/Desktop/OE25-DEV/projects_decomposed/commons-geometry/commons-geometry-euclidean/src/test/java/org/apache/commons/geometry/euclidean/oned/RegionBSPTree1DTest_OE25Dev_geom_left_2156_1.java:[257,9] cannot find symbol
[ERROR]   symbol:   method checkBoundaryProjection(org.apache.commons.geometry.euclidean.oned.RegionBSPTree1D,double,int)
[ERROR]   location: class org.apache.commons.geometry.euclidean.oned.RegionBSPTree1DTest_OE25Dev_geom_left_2156_1
[ERROR] /home/tasfia/Desktop/OE25-DEV/projects_decomposed/commons-geometry/commons-geometry-euclidean/src/test/java/org/apache/commons/geometry/euclidean/oned/RegionBSPTree1DTest_OE25Dev_geom_left_2156_1.java:[258,9] cannot find symbol
[ERROR]   symbol:   method checkBoundaryProjection(org.apache.commons.geometry.euclidean.oned.RegionBSPTree1D,int,int)
[ERROR]   location: class org.apache.commons.geometry.euclidean.oned.RegionBSPTree1DTest_OE25Dev_geom_left_2156_1
[ERROR] /home/tasfia/Desktop/OE25-DEV/projects_decomposed/commons-geometry/commons-geometry-euclidean/src/test/java/org/apache/commons/geometry/euclidean/oned/RegionBSPTree1DTest_OE25Dev_geom_left_2156_1.java:[259,9] cannot find symbol
[ERROR]   symbol:   method checkBoundaryProjection(org.apache.commons.geometry.euclidean.oned.RegionBSPTree1D,double,int)
[ERROR]   location: class org.apache.commons.geometry.euclidean.oned.RegionBSPTree1DTest_OE25Dev_geom_left_2156_1
[ERROR] /home/tasfia/Desktop/OE25-DEV/projects_decomposed/commons-geometry/commons-geometry-euclidean/src/test/java/org/apache/commons/geometry/euclidean/oned/RegionBSPTree1DTest_OE25Dev_geom_left_2156_1.java:[261,9] cannot find symbol
[ERROR]   symbol:   method checkBoundaryProjection(org.apache.commons.geometry.euclidean.oned.RegionBSPTree1D,double,int)
[ERROR]   location: class org.apache.commons.geometry.euclidean.oned.RegionBSPTree1DTest_OE25Dev_geom_left_2156_1
[ERROR] /home/tasfia/Desktop/OE25-DEV/projects_decomposed/commons-geometry/commons-geometry-euclidean/src/test/java/org/apache/commons/geometry/euclidean/oned/RegionBSPTree1DTest_OE25Dev_geom_left_2156_1.java:[262,9] cannot find symbol
[ERROR]   symbol:   method checkBoundaryProjection(org.apache.commons.geometry.euclidean.oned.RegionBSPTree1D,int,int)
[ERROR]   location: class org.apache.commons.geometry.euclidean.oned.RegionBSPTree1DTest_OE25Dev_geom_left_2156_1
[ERROR] /home/tasfia/Desktop/OE25-DEV/projects_decomposed/commons-geometry/commons-geometry-euclidean/src/test/java/org/apache/commons/geometry/euclidean/oned/RegionBSPTree1DTest_OE25Dev_geom_left_2156_1.java:[263,9] cannot find symbol
[ERROR]   symbol:   method checkBoundaryProjection(org.apache.commons.geometry.euclidean.oned.RegionBSPTree1D,double,int)
[ERROR]   location: class org.apache.commons.geometry.euclidean.oned.RegionBSPTree1DTest_OE25Dev_geom_left_2156_1
[ERROR] /home/tasfia/Desktop/OE25-DEV/projects_decomposed/commons-geometry/commons-geometry-euclidean/src/test/java/org/apache/commons/geometry/euclidean/oned/RegionBSPTree1DTest_OE25Dev_geom_left_2156_1.java:[265,9] cannot find symbol
[ERROR]   symbol:   method checkBoundaryProjection(org.apache.commons.geometry.euclidean.oned.RegionBSPTree1D,double,int)
[ERROR]   location: class org.apache.commons.geometry.euclidean.oned.RegionBSPTree1DTest_OE25Dev_geom_left_2156_1
[ERROR] /home/tasfia/Desktop/OE25-DEV/projects_decomposed/commons-geometry/commons-geometry-euclidean/src/test/java/org/apache/commons/geometry/euclidean/oned/RegionBSPTree1DTest_OE25Dev_geom_left_2156_1.java:[267,9] cannot find symbol
[ERROR]   symbol:   method checkBoundaryProjection(org.apache.commons.geometry.euclidean.oned.RegionBSPTree1D,double,int)
[ERROR]   location: class org.apache.commons.geometry.euclidean.oned.RegionBSPTree1DTest_OE25Dev_geom_left_2156_1
[ERROR] /home/tasfia/Desktop/OE25-DEV/projects_decomposed/commons-geometry/commons-geometry-euclidean/src/test/java/org/apache/commons/geometry/euclidean/oned/RegionBSPTree1DTest_OE25Dev_geom_left_2156_1.java:[268,9] cannot find symbol
[ERROR]   symbol:   method checkBoundaryProjection(org.apache.commons.geometry.euclidean.oned.RegionBSPTree1D,int,int)
[ERROR]   location: class org.apache.commons.geometry.euclidean.oned.RegionBSPTree1DTest_OE25Dev_geom_left_2156_1
[ERROR] /home/tasfia/Desktop/OE25-DEV/projects_decomposed/commons-geometry/commons-geometry-euclidean/src/test/java/org/apache/commons/geometry/euclidean/oned/RegionBSPTree1DTest_OE25Dev_geom_left_2156_1.java:[269,9] cannot find symbol
[ERROR]   symbol:   method checkBoundaryProjection(org.apache.commons.geometry.euclidean.oned.RegionBSPTree1D,double,int)
[ERROR]   location: class org.apache.commons.geometry.euclidean.oned.RegionBSPTree1DTest_OE25Dev_geom_left_2156_1
[ERROR] /home/tasfia/Desktop/OE25-DEV/projects_decomposed/commons-geometry/commons-geometry-euclidean/src/test/java/org/apache/commons/geometry/euclidean/oned/RegionBSPTree1DTest_OE25Dev_geom_left_2156_1.java:[270,9] cannot find symbol
[ERROR]   symbol:   method checkBoundaryProjection(org.apache.commons.geometry.euclidean.oned.RegionBSPTree1D,double,int)
[ERROR]   location: class org.apache.commons.geometry.euclidean.oned.RegionBSPTree1DTest_OE25Dev_geom_left_2156_1
[ERROR] /home/tasfia/Desktop/OE25-DEV/projects_decomposed/commons-geometry/commons-geometry-euclidean/src/test/java/org/apache/commons/geometry/euclidean/oned/RegionBSPTree1DTest_OE25Dev_geom_left_2156_1.java:[271,9] cannot find symbol
[ERROR]   symbol:   method checkBoundaryProjection(org.apache.commons.geometry.euclidean.oned.RegionBSPTree1D,double,int)
[ERROR]   location: class org.apache.commons.geometry.euclidean.oned.RegionBSPTree1DTest_OE25Dev_geom_left_2156_1
[ERROR] /home/tasfia/Desktop/OE25-DEV/projects_decomposed/commons-geometry/commons-geometry-euclidean/src/test/java/org/apache/commons/geometry/euclidean/oned/RegionBSPTree1DTest_OE25Dev_geom_left_2156_1.java:[272,9] cannot find symbol
[ERROR]   symbol:   method checkBoundaryProjection(org.apache.commons.geometry.euclidean.oned.RegionBSPTree1D,int,int)
[ERROR]   location: class org.apache.commons.geometry.euclidean.oned.RegionBSPTree1DTest_OE25Dev_geom_left_2156_1
[ERROR] /home/tasfia/Desktop/OE25-DEV/projects_decomposed/commons-geometry/commons-geometry-euclidean/src/test/java/org/apache/commons/geometry/euclidean/oned/RegionBSPTree1DTest_OE25Dev_geom_left_2156_1.java:[273,9] cannot find symbol
[ERROR]   symbol:   method checkBoundaryProjection(org.apache.commons.geometry.euclidean.oned.RegionBSPTree1D,double,int)
[ERROR]   location: class org.apache.commons.geometry.euclidean.oned.RegionBSPTree1DTest_OE25Dev_geom_left_2156_1
[ERROR] /home/tasfia/Desktop/OE25-DEV/projects_decomposed/commons-geometry/commons-geometry-euclidean/src/test/java/org/apache/commons/geometry/euclidean/oned/RegionBSPTree1DTest_OE25Dev_geom_left_2156_1.java:[275,9] cannot find symbol
[ERROR]   symbol:   method checkBoundaryProjection(org.apache.commons.geometry.euclidean.oned.RegionBSPTree1D,double,int)
[ERROR]   location: class org.apache.commons.geometry.euclidean.oned.RegionBSPTree1DTest_OE25Dev_geom_left_2156_1
[ERROR] /home/tasfia/Desktop/OE25-DEV/projects_decomposed/commons-geometry/commons-geometry-euclidean/src/test/java/org/apache/commons/geometry/euclidean/oned/RegionBSPTree1DTest_OE25Dev_geom_left_2156_1.java:[276,9] cannot find symbol
[ERROR]   symbol:   method checkBoundaryProjection(org.apache.commons.geometry.euclidean.oned.RegionBSPTree1D,int,int)
[ERROR]   location: class org.apache.commons.geometry.euclidean.oned.RegionBSPTree1DTest_OE25Dev_geom_left_2156_1
[ERROR] /home/tasfia/Desktop/OE25-DEV/projects_decomposed/commons-geometry/commons-geometry-euclidean/src/test/java/org/apache/commons/geometry/euclidean/oned/RegionBSPTree1DTest_OE25Dev_geom_left_2156_1.java:[277,9] cannot find symbol
[ERROR]   symbol:   method checkBoundaryProjection(org.apache.commons.geometry.euclidean.oned.RegionBSPTree1D,double,int)
[ERROR]   location: class org.apache.commons.geometry.euclidean.oned.RegionBSPTree1DTest_OE25Dev_geom_left_2156_1
[ERROR] /home/tasfia/Desktop/OE25-DEV/projects_decomposed/commons-geometry/commons-geometry-euclidean/src/test/java/org/apache/commons/geometry/euclidean/oned/RegionBSPTree1DTest_OE25Dev_geom_left_2156_1.java:[279,9] cannot find symbol
[ERROR]   symbol:   method checkBoundaryProjection(org.apache.commons.geometry.euclidean.oned.RegionBSPTree1D,double,int)
[ERROR]   location: class org.apache.commons.geometry.euclidean.oned.RegionBSPTree1DTest_OE25Dev_geom_left_2156_1
[ERROR] /home/tasfia/Desktop/OE25-DEV/projects_decomposed/commons-geometry/commons-geometry-euclidean/src/test/java/org/apache/commons/geometry/euclidean/oned/RegionBSPTree1DTest_OE25Dev_geom_left_2156_1.java:[280,9] cannot find symbol
[ERROR]   symbol:   method checkBoundaryProjection(org.apache.commons.geometry.euclidean.oned.RegionBSPTree1D,int,int)
[ERROR]   location: class org.apache.commons.geometry.euclidean.oned.RegionBSPTree1DTest_OE25Dev_geom_left_2156_1
[ERROR] /home/tasfia/Desktop/OE25-DEV/projects_decomposed/commons-geometry/commons-geometry-euclidean/src/test/java/org/apache/commons/geometry/euclidean/oned/RegionBSPTree1DTest_OE25Dev_geom_left_2156_1.java:[281,9] cannot find symbol
[ERROR]   symbol:   method checkBoundaryProjection(org.apache.commons.geometry.euclidean.oned.RegionBSPTree1D,double,int)
[ERROR]   location: class org.apache.commons.geometry.euclidean.oned.RegionBSPTree1DTest_OE25Dev_geom_left_2156_1
[ERROR] /home/tasfia/Desktop/OE25-DEV/projects_decomposed/commons-geometry/commons-geometry-euclidean/src/test/java/org/apache/commons/geometry/euclidean/oned/RegionBSPTree1DTest_OE25Dev_geom_left_2156_1.java:[282,9] cannot find symbol
[ERROR]   symbol:   method checkBoundaryProjection(org.apache.commons.geometry.euclidean.oned.RegionBSPTree1D,double,int)
[ERROR]   location: class org.apache.commons.geometry.euclidean.oned.RegionBSPTree1DTest_OE25Dev_geom_left_2156_1
[ERROR] /home/tasfia/Desktop/OE25-DEV/projects_decomposed/commons-geometry/commons-geometry-euclidean/src/test/java/org/apache/commons/geometry/euclidean/oned/RegionBSPTree1DTest_OE25Dev_geom_left_2156_1.java:[283,9] cannot find symbol
[ERROR]   symbol:   method checkBoundaryProjection(org.apache.commons.geometry.euclidean.oned.RegionBSPTree1D,double,int)
[ERROR]   location: class org.apache.commons.geometry.euclidean.oned.RegionBSPTree1DTest_OE25Dev_geom_left_2156_1
[ERROR] /home/tasfia/Desktop/OE25-DEV/projects_decomposed/commons-geometry/commons-geometry-euclidean/src/test/java/org/apache/commons/geometry/euclidean/oned/RegionBSPTree1DTest_OE25Dev_geom_left_2156_1.java:[284,9] cannot find symbol
[ERROR]   symbol:   method checkBoundaryProjection(org.apache.commons.geometry.euclidean.oned.RegionBSPTree1D,double,int)
[ERROR]   location: class org.apache.commons.geometry.euclidean.oned.RegionBSPTree1DTest_OE25Dev_geom_left_2156_1
[ERROR] /home/tasfia/Desktop/OE25-DEV/projects_decomposed/commons-geometry/commons-geometry-euclidean/src/test/java/org/apache/commons/geometry/euclidean/oned/RegionBSPTree1DTest_OE25Dev_geom_left_2156_1.java:[285,9] cannot find symbol
[ERROR]   symbol:   method checkBoundaryProjection(org.apache.commons.geometry.euclidean.oned.RegionBSPTree1D,double,int)
[ERROR]   location: class org.apache.commons.geometry.euclidean.oned.RegionBSPTree1DTest_OE25Dev_geom_left_2156_1
[ERROR] /home/tasfia/Desktop/OE25-DEV/projects_decomposed/commons-geometry/commons-geometry-euclidean/src/test/java/org/apache/commons/geometry/euclidean/oned/RegionBSPTree1DTest_OE25Dev_geom_left_2156_1.java:[286,9] cannot find symbol
[ERROR]   symbol:   method checkBoundaryProjection(org.apache.commons.geometry.euclidean.oned.RegionBSPTree1D,int,int)
[ERROR]   location: class org.apache.commons.geometry.euclidean.oned.RegionBSPTree1DTest_OE25Dev_geom_left_2156_1
[ERROR] /home/tasfia/Desktop/OE25-DEV/projects_decomposed/commons-geometry/commons-geometry-euclidean/src/test/java/org/apache/commons/geometry/euclidean/oned/RegionBSPTree1DTest_OE25Dev_geom_left_2156_1.java:[287,9] cannot find symbol
[ERROR]   symbol:   method checkBoundaryProjection(org.apache.commons.geometry.euclidean.oned.RegionBSPTree1D,double,int)
[ERROR]   location: class org.apache.commons.geometry.euclidean.oned.RegionBSPTree1DTest_OE25Dev_geom_left_2156_1
[ERROR] /home/tasfia/Desktop/OE25-DEV/projects_decomposed/commons-geometry/commons-geometry-euclidean/src/test/java/org/apache/commons/geometry/euclidean/oned/RegionBSPTree1DTest_OE25Dev_geom_left_2156_1.java:[289,9] cannot find symbol
[ERROR]   symbol:   method checkBoundaryProjection(org.apache.commons.geometry.euclidean.oned.RegionBSPTree1D,int,int)
[ERROR]   location: class org.apache.commons.geometry.euclidean.oned.RegionBSPTree1DTest_OE25Dev_geom_left_2156_1
[ERROR] /home/tasfia/Desktop/OE25-DEV/projects_decomposed/commons-geometry/commons-geometry-euclidean/src/test/java/org/apache/commons/geometry/euclidean/oned/RegionBSPTree1DTest_OE25Dev_geom_left_2156_1.java:[291,9] cannot find symbol
[ERROR]   symbol:   method checkBoundaryProjection(org.apache.commons.geometry.euclidean.oned.RegionBSPTree1D,double,int)
[ERROR]   location: class org.apache.commons.geometry.euclidean.oned.RegionBSPTree1DTest_OE25Dev_geom_left_2156_1
[ERROR] -> [Help 1]
[ERROR] 
[ERROR] To see the full stack trace of the errors, re-run Maven with the -e switch.
[ERROR] Re-run Maven using the -X switch to enable full debug logging.
[ERROR] 
[ERROR] For more information about the errors and possible solutions, please read the following articles:
[ERROR] [Help 1] http://cwiki.apache.org/confluence/display/MAVEN/MojoFailureException
