[ERROR] COMPILATION ERROR : 
[ERROR] /home/tasfia/Desktop/OE25-DEV/projects_decomposed/commons-geometry/commons-geometry-core/src/test/java/org/apache/commons/geometry/core/partitioning/bsp/AbstractBSPTreeTest_OE25Dev_geom_left_994_1.java:[1603,9] cannot find symbol
  symbol:   method checkTransformedPointNodeMap(org.apache.commons.geometry.core.partitioning.test.TestBSPTree,org.apache.commons.geometry.core.Transform<org.apache.commons.geometry.core.partitioning.test.TestPoint2D>,java.util.Map<org.apache.commons.geometry.core.partitioning.test.TestPoint2D,org.apache.commons.geometry.core.partitioning.test.TestBSPTree.TestNode>)
  location: class org.apache.commons.geometry.core.partitioning.bsp.AbstractBSPTreeTest_OE25Dev_geom_left_994_1
[ERROR] /home/tasfia/Desktop/OE25-DEV/projects_decomposed/commons-geometry/commons-geometry-core/src/test/java/org/apache/commons/geometry/core/partitioning/bsp/AbstractBSPTreeTest_OE25Dev_geom_left_994_1.java:[1627,9] cannot find symbol
  symbol:   method checkTransformedPointNodeMap(org.apache.commons.geometry.core.partitioning.test.TestBSPTree,org.apache.commons.geometry.core.Transform<org.apache.commons.geometry.core.partitioning.test.TestPoint2D>,java.util.Map<org.apache.commons.geometry.core.partitioning.test.TestPoint2D,org.apache.commons.geometry.core.partitioning.test.TestBSPTree.TestNode>)
  location: class org.apache.commons.geometry.core.partitioning.bsp.AbstractBSPTreeTest_OE25Dev_geom_left_994_1
[ERROR] /home/tasfia/Desktop/OE25-DEV/projects_decomposed/commons-geometry/commons-geometry-core/src/test/java/org/apache/commons/geometry/core/partitioning/bsp/AbstractBSPTreeTest_OE25Dev_geom_left_994_1.java:[1651,9] cannot find symbol
  symbol:   method checkTransformedPointNodeMap(org.apache.commons.geometry.core.partitioning.test.TestBSPTree,org.apache.commons.geometry.core.Transform<org.apache.commons.geometry.core.partitioning.test.TestPoint2D>,java.util.Map<org.apache.commons.geometry.core.partitioning.test.TestPoint2D,org.apache.commons.geometry.core.partitioning.test.TestBSPTree.TestNode>)
  location: class org.apache.commons.geometry.core.partitioning.bsp.AbstractBSPTreeTest_OE25Dev_geom_left_994_1
[ERROR] Failed to execute goal org.apache.maven.plugins:maven-compiler-plugin:3.8.1:testCompile (default-testCompile) on project commons-geometry-core: Compilation failure: Compilation failure: 
[ERROR] /home/tasfia/Desktop/OE25-DEV/projects_decomposed/commons-geometry/commons-geometry-core/src/test/java/org/apache/commons/geometry/core/partitioning/bsp/AbstractBSPTreeTest_OE25Dev_geom_left_994_1.java:[1603,9] cannot find symbol
[ERROR]   symbol:   method checkTransformedPointNodeMap(org.apache.commons.geometry.core.partitioning.test.TestBSPTree,org.apache.commons.geometry.core.Transform<org.apache.commons.geometry.core.partitioning.test.TestPoint2D>,java.util.Map<org.apache.commons.geometry.core.partitioning.test.TestPoint2D,org.apache.commons.geometry.core.partitioning.test.TestBSPTree.TestNode>)
[ERROR]   location: class org.apache.commons.geometry.core.partitioning.bsp.AbstractBSPTreeTest_OE25Dev_geom_left_994_1
[ERROR] /home/tasfia/Desktop/OE25-DEV/projects_decomposed/commons-geometry/commons-geometry-core/src/test/java/org/apache/commons/geometry/core/partitioning/bsp/AbstractBSPTreeTest_OE25Dev_geom_left_994_1.java:[1627,9] cannot find symbol
[ERROR]   symbol:   method checkTransformedPointNodeMap(org.apache.commons.geometry.core.partitioning.test.TestBSPTree,org.apache.commons.geometry.core.Transform<org.apache.commons.geometry.core.partitioning.test.TestPoint2D>,java.util.Map<org.apache.commons.geometry.core.partitioning.test.TestPoint2D,org.apache.commons.geometry.core.partitioning.test.TestBSPTree.TestNode>)
[ERROR]   location: class org.apache.commons.geometry.core.partitioning.bsp.AbstractBSPTreeTest_OE25Dev_geom_left_994_1
[ERROR] /home/tasfia/Desktop/OE25-DEV/projects_decomposed/commons-geometry/commons-geometry-core/src/test/java/org/apache/commons/geometry/core/partitioning/bsp/AbstractBSPTreeTest_OE25Dev_geom_left_994_1.java:[1651,9] cannot find symbol
[ERROR]   symbol:   method checkTransformedPointNodeMap(org.apache.commons.geometry.core.partitioning.test.TestBSPTree,org.apache.commons.geometry.core.Transform<org.apache.commons.geometry.core.partitioning.test.TestPoint2D>,java.util.Map<org.apache.commons.geometry.core.partitioning.test.TestPoint2D,org.apache.commons.geometry.core.partitioning.test.TestBSPTree.TestNode>)
[ERROR]   location: class org.apache.commons.geometry.core.partitioning.bsp.AbstractBSPTreeTest_OE25Dev_geom_left_994_1
[ERROR] -> [Help 1]
[ERROR] 
[ERROR] To see the full stack trace of the errors, re-run Maven with the -e switch.
[ERROR] Re-run Maven using the -X switch to enable full debug logging.
[ERROR] 
[ERROR] For more information about the errors and possible solutions, please read the following articles:
[ERROR] [Help 1] http://cwiki.apache.org/confluence/display/MAVEN/MojoFailureException
