[ERROR] COMPILATION ERROR : 
[ERROR] /home/tasfia/Desktop/OE25-DEV/projects_decomposed/commons-geometry/commons-geometry-euclidean/src/test/java/org/apache/commons/geometry/euclidean/twod/PolarCoordinatesTest_OE25Dev_geom_left_1089_1.java:[280,9] cannot find symbol
  symbol:   method checkVector(org.apache.commons.geometry.euclidean.twod.Vector2D,int,int)
  location: class org.apache.commons.geometry.euclidean.twod.PolarCoordinatesTest_OE25Dev_geom_left_1089_1
[ERROR] /home/tasfia/Desktop/OE25-DEV/projects_decomposed/commons-geometry/commons-geometry-euclidean/src/test/java/org/apache/commons/geometry/euclidean/twod/PolarCoordinatesTest_OE25Dev_geom_left_1089_1.java:[282,9] cannot find symbol
  symbol:   method checkVector(org.apache.commons.geometry.euclidean.twod.Vector2D,int,int)
  location: class org.apache.commons.geometry.euclidean.twod.PolarCoordinatesTest_OE25Dev_geom_left_1089_1
[ERROR] /home/tasfia/Desktop/OE25-DEV/projects_decomposed/commons-geometry/commons-geometry-euclidean/src/test/java/org/apache/commons/geometry/euclidean/twod/PolarCoordinatesTest_OE25Dev_geom_left_1089_1.java:[283,9] cannot find symbol
  symbol:   method checkVector(org.apache.commons.geometry.euclidean.twod.Vector2D,int,int)
  location: class org.apache.commons.geometry.euclidean.twod.PolarCoordinatesTest_OE25Dev_geom_left_1089_1
[ERROR] /home/tasfia/Desktop/OE25-DEV/projects_decomposed/commons-geometry/commons-geometry-euclidean/src/test/java/org/apache/commons/geometry/euclidean/twod/PolarCoordinatesTest_OE25Dev_geom_left_1089_1.java:[284,9] cannot find symbol
  symbol:   method checkVector(org.apache.commons.geometry.euclidean.twod.Vector2D,int,int)
  location: class org.apache.commons.geometry.euclidean.twod.PolarCoordinatesTest_OE25Dev_geom_left_1089_1
[ERROR] /home/tasfia/Desktop/OE25-DEV/projects_decomposed/commons-geometry/commons-geometry-euclidean/src/test/java/org/apache/commons/geometry/euclidean/twod/PolarCoordinatesTest_OE25Dev_geom_left_1089_1.java:[286,9] cannot find symbol
  symbol:   method checkVector(org.apache.commons.geometry.euclidean.twod.Vector2D,int,int)
  location: class org.apache.commons.geometry.euclidean.twod.PolarCoordinatesTest_OE25Dev_geom_left_1089_1
[ERROR] /home/tasfia/Desktop/OE25-DEV/projects_decomposed/commons-geometry/commons-geometry-euclidean/src/test/java/org/apache/commons/geometry/euclidean/twod/PolarCoordinatesTest_OE25Dev_geom_left_1089_1.java:[287,9] cannot find symbol
  symbol:   method checkVector(org.apache.commons.geometry.euclidean.twod.Vector2D,int,int)
  location: class org.apache.commons.geometry.euclidean.twod.PolarCoordinatesTest_OE25Dev_geom_left_1089_1
[ERROR] /home/tasfia/Desktop/OE25-DEV/projects_decomposed/commons-geometry/commons-geometry-euclidean/src/test/java/org/apache/commons/geometry/euclidean/twod/PolarCoordinatesTest_OE25Dev_geom_left_1089_1.java:[288,9] cannot find symbol
  symbol:   method checkVector(org.apache.commons.geometry.euclidean.twod.Vector2D,int,int)
  location: class org.apache.commons.geometry.euclidean.twod.PolarCoordinatesTest_OE25Dev_geom_left_1089_1
[ERROR] /home/tasfia/Desktop/OE25-DEV/projects_decomposed/commons-geometry/commons-geometry-euclidean/src/test/java/org/apache/commons/geometry/euclidean/twod/PolarCoordinatesTest_OE25Dev_geom_left_1089_1.java:[290,9] cannot find symbol
  symbol:   method checkVector(org.apache.commons.geometry.euclidean.twod.Vector2D,int,int)
  location: class org.apache.commons.geometry.euclidean.twod.PolarCoordinatesTest_OE25Dev_geom_left_1089_1
[ERROR] /home/tasfia/Desktop/OE25-DEV/projects_decomposed/commons-geometry/commons-geometry-euclidean/src/test/java/org/apache/commons/geometry/euclidean/twod/PolarCoordinatesTest_OE25Dev_geom_left_1089_1.java:[291,9] cannot find symbol
  symbol:   method checkVector(org.apache.commons.geometry.euclidean.twod.Vector2D,int,int)
  location: class org.apache.commons.geometry.euclidean.twod.PolarCoordinatesTest_OE25Dev_geom_left_1089_1
[ERROR] /home/tasfia/Desktop/OE25-DEV/projects_decomposed/commons-geometry/commons-geometry-euclidean/src/test/java/org/apache/commons/geometry/euclidean/twod/PolarCoordinatesTest_OE25Dev_geom_left_1089_1.java:[300,9] cannot find symbol
  symbol:   method checkVector(org.apache.commons.geometry.euclidean.twod.Vector2D,int,int)
  location: class org.apache.commons.geometry.euclidean.twod.PolarCoordinatesTest_OE25Dev_geom_left_1089_1
[ERROR] Failed to execute goal org.apache.maven.plugins:maven-compiler-plugin:3.8.1:testCompile (default-testCompile) on project commons-geometry-euclidean: Compilation failure: Compilation failure: 
[ERROR] /home/tasfia/Desktop/OE25-DEV/projects_decomposed/commons-geometry/commons-geometry-euclidean/src/test/java/org/apache/commons/geometry/euclidean/twod/PolarCoordinatesTest_OE25Dev_geom_left_1089_1.java:[280,9] cannot find symbol
[ERROR]   symbol:   method checkVector(org.apache.commons.geometry.euclidean.twod.Vector2D,int,int)
[ERROR]   location: class org.apache.commons.geometry.euclidean.twod.PolarCoordinatesTest_OE25Dev_geom_left_1089_1
[ERROR] /home/tasfia/Desktop/OE25-DEV/projects_decomposed/commons-geometry/commons-geometry-euclidean/src/test/java/org/apache/commons/geometry/euclidean/twod/PolarCoordinatesTest_OE25Dev_geom_left_1089_1.java:[282,9] cannot find symbol
[ERROR]   symbol:   method checkVector(org.apache.commons.geometry.euclidean.twod.Vector2D,int,int)
[ERROR]   location: class org.apache.commons.geometry.euclidean.twod.PolarCoordinatesTest_OE25Dev_geom_left_1089_1
[ERROR] /home/tasfia/Desktop/OE25-DEV/projects_decomposed/commons-geometry/commons-geometry-euclidean/src/test/java/org/apache/commons/geometry/euclidean/twod/PolarCoordinatesTest_OE25Dev_geom_left_1089_1.java:[283,9] cannot find symbol
[ERROR]   symbol:   method checkVector(org.apache.commons.geometry.euclidean.twod.Vector2D,int,int)
[ERROR]   location: class org.apache.commons.geometry.euclidean.twod.PolarCoordinatesTest_OE25Dev_geom_left_1089_1
[ERROR] /home/tasfia/Desktop/OE25-DEV/projects_decomposed/commons-geometry/commons-geometry-euclidean/src/test/java/org/apache/commons/geometry/euclidean/twod/PolarCoordinatesTest_OE25Dev_geom_left_1089_1.java:[284,9] cannot find symbol
[ERROR]   symbol:   method checkVector(org.apache.commons.geometry.euclidean.twod.Vector2D,int,int)
[ERROR]   location: class org.apache.commons.geometry.euclidean.twod.PolarCoordinatesTest_OE25Dev_geom_left_1089_1
[ERROR] /home/tasfia/Desktop/OE25-DEV/projects_decomposed/commons-geometry/commons-geometry-euclidean/src/test/java/org/apache/commons/geometry/euclidean/twod/PolarCoordinatesTest_OE25Dev_geom_left_1089_1.java:[286,9] cannot find symbol
[ERROR]   symbol:   method checkVector(org.apache.commons.geometry.euclidean.twod.Vector2D,int,int)
[ERROR]   location: class org.apache.commons.geometry.euclidean.twod.PolarCoordinatesTest_OE25Dev_geom_left_1089_1
[ERROR] /home/tasfia/Desktop/OE25-DEV/projects_decomposed/commons-geometry/commons-geometry-euclidean/src/test/java/org/apache/commons/geometry/euclidean/twod/PolarCoordinatesTest_OE25Dev_geom_left_1089_1.java:[287,9] cannot find symbol
[ERROR]   symbol:   method checkVector(org.apache.commons.geometry.euclidean.twod.Vector2D,int,int)
[ERROR]   location: class org.apache.commons.geometry.euclidean.twod.PolarCoordinatesTest_OE25Dev_geom_left_1089_1
[ERROR] /home/tasfia/Desktop/OE25-DEV/projects_decomposed/commons-geometry/commons-geometry-euclidean/src/test/java/org/apache/commons/geometry/euclidean/twod/PolarCoordinatesTest_OE25Dev_geom_left_1089_1.java:[288,9] cannot find symbol
[ERROR]   symbol:   method checkVector(org.apache.commons.geometry.euclidean.twod.Vector2D,int,int)
[ERROR]   location: class org.apache.commons.geometry.euclidean.twod.PolarCoordinatesTest_OE25Dev_geom_left_1089_1
[ERROR] /home/tasfia/Desktop/OE25-DEV/projects_decomposed/commons-geometry/commons-geometry-euclidean/src/test/java/org/apache/commons/geometry/euclidean/twod/PolarCoordinatesTest_OE25Dev_geom_left_1089_1.java:[290,9] cannot find symbol
[ERROR]   symbol:   method checkVector(org.apache.commons.geometry.euclidean.twod.Vector2D,int,int)
[ERROR]   location: class org.apache.commons.geometry.euclidean.twod.PolarCoordinatesTest_OE25Dev_geom_left_1089_1
[ERROR] /home/tasfia/Desktop/OE25-DEV/projects_decomposed/commons-geometry/commons-geometry-euclidean/src/test/java/org/apache/commons/geometry/euclidean/twod/PolarCoordinatesTest_OE25Dev_geom_left_1089_1.java:[291,9] cannot find symbol
[ERROR]   symbol:   method checkVector(org.apache.commons.geometry.euclidean.twod.Vector2D,int,int)
[ERROR]   location: class org.apache.commons.geometry.euclidean.twod.PolarCoordinatesTest_OE25Dev_geom_left_1089_1
[ERROR] /home/tasfia/Desktop/OE25-DEV/projects_decomposed/commons-geometry/commons-geometry-euclidean/src/test/java/org/apache/commons/geometry/euclidean/twod/PolarCoordinatesTest_OE25Dev_geom_left_1089_1.java:[300,9] cannot find symbol
[ERROR]   symbol:   method checkVector(org.apache.commons.geometry.euclidean.twod.Vector2D,int,int)
[ERROR]   location: class org.apache.commons.geometry.euclidean.twod.PolarCoordinatesTest_OE25Dev_geom_left_1089_1
[ERROR] -> [Help 1]
[ERROR] 
[ERROR] To see the full stack trace of the errors, re-run Maven with the -e switch.
[ERROR] Re-run Maven using the -X switch to enable full debug logging.
[ERROR] 
[ERROR] For more information about the errors and possible solutions, please read the following articles:
[ERROR] [Help 1] http://cwiki.apache.org/confluence/display/MAVEN/MojoFailureException
