[ERROR] COMPILATION ERROR : 
[ERROR] /home/tasfia/Desktop/OE25-DEV/projects_decomposed/commons-geometry/commons-geometry-euclidean/src/test/java/org/apache/commons/geometry/euclidean/threed/rotation/QuaternionRotationTest_OE25Dev_geom_left_2604_1.java:[704,9] cannot find symbol
  symbol:   method assertTransformEquals(java.util.function.UnaryOperator<org.apache.commons.geometry.euclidean.threed.Vector3D>,org.apache.commons.geometry.euclidean.threed.AffineTransformMatrix3D)
  location: class org.apache.commons.geometry.euclidean.threed.rotation.QuaternionRotationTest_OE25Dev_geom_left_2604_1
[ERROR] /home/tasfia/Desktop/OE25-DEV/projects_decomposed/commons-geometry/commons-geometry-euclidean/src/test/java/org/apache/commons/geometry/euclidean/threed/rotation/QuaternionRotationTest_OE25Dev_geom_left_2604_1.java:[706,9] cannot find symbol
  symbol:   method assertTransformEquals(java.util.function.UnaryOperator<org.apache.commons.geometry.euclidean.threed.Vector3D>,org.apache.commons.geometry.euclidean.threed.AffineTransformMatrix3D)
  location: class org.apache.commons.geometry.euclidean.threed.rotation.QuaternionRotationTest_OE25Dev_geom_left_2604_1
[ERROR] /home/tasfia/Desktop/OE25-DEV/projects_decomposed/commons-geometry/commons-geometry-euclidean/src/test/java/org/apache/commons/geometry/euclidean/threed/rotation/QuaternionRotationTest_OE25Dev_geom_left_2604_1.java:[707,9] cannot find symbol
  symbol:   method assertTransformEquals(java.util.function.UnaryOperator<org.apache.commons.geometry.euclidean.threed.Vector3D>,org.apache.commons.geometry.euclidean.threed.AffineTransformMatrix3D)
  location: class org.apache.commons.geometry.euclidean.threed.rotation.QuaternionRotationTest_OE25Dev_geom_left_2604_1
[ERROR] /home/tasfia/Desktop/OE25-DEV/projects_decomposed/commons-geometry/commons-geometry-euclidean/src/test/java/org/apache/commons/geometry/euclidean/threed/rotation/QuaternionRotationTest_OE25Dev_geom_left_2604_1.java:[709,9] cannot find symbol
  symbol:   method assertTransformEquals(java.util.function.UnaryOperator<org.apache.commons.geometry.euclidean.threed.Vector3D>,org.apache.commons.geometry.euclidean.threed.AffineTransformMatrix3D)
  location: class org.apache.commons.geometry.euclidean.threed.rotation.QuaternionRotationTest_OE25Dev_geom_left_2604_1
[ERROR] /home/tasfia/Desktop/OE25-DEV/projects_decomposed/commons-geometry/commons-geometry-euclidean/src/test/java/org/apache/commons/geometry/euclidean/threed/rotation/QuaternionRotationTest_OE25Dev_geom_left_2604_1.java:[710,9] cannot find symbol
  symbol:   method assertTransformEquals(java.util.function.UnaryOperator<org.apache.commons.geometry.euclidean.threed.Vector3D>,org.apache.commons.geometry.euclidean.threed.AffineTransformMatrix3D)
  location: class org.apache.commons.geometry.euclidean.threed.rotation.QuaternionRotationTest_OE25Dev_geom_left_2604_1
[ERROR] /home/tasfia/Desktop/OE25-DEV/projects_decomposed/commons-geometry/commons-geometry-euclidean/src/test/java/org/apache/commons/geometry/euclidean/threed/rotation/QuaternionRotationTest_OE25Dev_geom_left_2604_1.java:[712,9] cannot find symbol
  symbol:   method assertTransformEquals(java.util.function.UnaryOperator<org.apache.commons.geometry.euclidean.threed.Vector3D>,org.apache.commons.geometry.euclidean.threed.AffineTransformMatrix3D)
  location: class org.apache.commons.geometry.euclidean.threed.rotation.QuaternionRotationTest_OE25Dev_geom_left_2604_1
[ERROR] /home/tasfia/Desktop/OE25-DEV/projects_decomposed/commons-geometry/commons-geometry-euclidean/src/test/java/org/apache/commons/geometry/euclidean/threed/rotation/QuaternionRotationTest_OE25Dev_geom_left_2604_1.java:[713,9] cannot find symbol
  symbol:   method assertTransformEquals(java.util.function.UnaryOperator<org.apache.commons.geometry.euclidean.threed.Vector3D>,org.apache.commons.geometry.euclidean.threed.AffineTransformMatrix3D)
  location: class org.apache.commons.geometry.euclidean.threed.rotation.QuaternionRotationTest_OE25Dev_geom_left_2604_1
[ERROR] /home/tasfia/Desktop/OE25-DEV/projects_decomposed/commons-geometry/commons-geometry-euclidean/src/test/java/org/apache/commons/geometry/euclidean/threed/rotation/QuaternionRotationTest_OE25Dev_geom_left_2604_1.java:[716,9] cannot find symbol
  symbol:   method assertTransformEquals(java.util.function.UnaryOperator<org.apache.commons.geometry.euclidean.threed.Vector3D>,org.apache.commons.geometry.euclidean.threed.AffineTransformMatrix3D)
  location: class org.apache.commons.geometry.euclidean.threed.rotation.QuaternionRotationTest_OE25Dev_geom_left_2604_1
[ERROR] /home/tasfia/Desktop/OE25-DEV/projects_decomposed/commons-geometry/commons-geometry-euclidean/src/test/java/org/apache/commons/geometry/euclidean/threed/rotation/QuaternionRotationTest_OE25Dev_geom_left_2604_1.java:[718,9] cannot find symbol
  symbol:   method assertTransformEquals(java.util.function.UnaryOperator<org.apache.commons.geometry.euclidean.threed.Vector3D>,org.apache.commons.geometry.euclidean.threed.AffineTransformMatrix3D)
  location: class org.apache.commons.geometry.euclidean.threed.rotation.QuaternionRotationTest_OE25Dev_geom_left_2604_1
[ERROR] /home/tasfia/Desktop/OE25-DEV/projects_decomposed/commons-geometry/commons-geometry-euclidean/src/test/java/org/apache/commons/geometry/euclidean/threed/rotation/QuaternionRotationTest_OE25Dev_geom_left_2604_1.java:[719,9] cannot find symbol
  symbol:   method assertTransformEquals(java.util.function.UnaryOperator<org.apache.commons.geometry.euclidean.threed.Vector3D>,org.apache.commons.geometry.euclidean.threed.AffineTransformMatrix3D)
  location: class org.apache.commons.geometry.euclidean.threed.rotation.QuaternionRotationTest_OE25Dev_geom_left_2604_1
[ERROR] /home/tasfia/Desktop/OE25-DEV/projects_decomposed/commons-geometry/commons-geometry-euclidean/src/test/java/org/apache/commons/geometry/euclidean/threed/rotation/QuaternionRotationTest_OE25Dev_geom_left_2604_1.java:[721,9] cannot find symbol
  symbol:   method assertTransformEquals(java.util.function.UnaryOperator<org.apache.commons.geometry.euclidean.threed.Vector3D>,org.apache.commons.geometry.euclidean.threed.AffineTransformMatrix3D)
  location: class org.apache.commons.geometry.euclidean.threed.rotation.QuaternionRotationTest_OE25Dev_geom_left_2604_1
[ERROR] /home/tasfia/Desktop/OE25-DEV/projects_decomposed/commons-geometry/commons-geometry-euclidean/src/test/java/org/apache/commons/geometry/euclidean/threed/rotation/QuaternionRotationTest_OE25Dev_geom_left_2604_1.java:[722,9] cannot find symbol
  symbol:   method assertTransformEquals(java.util.function.UnaryOperator<org.apache.commons.geometry.euclidean.threed.Vector3D>,org.apache.commons.geometry.euclidean.threed.AffineTransformMatrix3D)
  location: class org.apache.commons.geometry.euclidean.threed.rotation.QuaternionRotationTest_OE25Dev_geom_left_2604_1
[ERROR] /home/tasfia/Desktop/OE25-DEV/projects_decomposed/commons-geometry/commons-geometry-euclidean/src/test/java/org/apache/commons/geometry/euclidean/threed/rotation/QuaternionRotationTest_OE25Dev_geom_left_2604_1.java:[724,9] cannot find symbol
  symbol:   method assertTransformEquals(java.util.function.UnaryOperator<org.apache.commons.geometry.euclidean.threed.Vector3D>,org.apache.commons.geometry.euclidean.threed.AffineTransformMatrix3D)
  location: class org.apache.commons.geometry.euclidean.threed.rotation.QuaternionRotationTest_OE25Dev_geom_left_2604_1
[ERROR] /home/tasfia/Desktop/OE25-DEV/projects_decomposed/commons-geometry/commons-geometry-euclidean/src/test/java/org/apache/commons/geometry/euclidean/threed/rotation/QuaternionRotationTest_OE25Dev_geom_left_2604_1.java:[725,9] cannot find symbol
  symbol:   method assertTransformEquals(java.util.function.UnaryOperator<org.apache.commons.geometry.euclidean.threed.Vector3D>,org.apache.commons.geometry.euclidean.threed.AffineTransformMatrix3D)
  location: class org.apache.commons.geometry.euclidean.threed.rotation.QuaternionRotationTest_OE25Dev_geom_left_2604_1
[ERROR] /home/tasfia/Desktop/OE25-DEV/projects_decomposed/commons-geometry/commons-geometry-euclidean/src/test/java/org/apache/commons/geometry/euclidean/threed/rotation/QuaternionRotationTest_OE25Dev_geom_left_2604_1.java:[728,9] cannot find symbol
  symbol:   method assertTransformEquals(java.util.function.UnaryOperator<org.apache.commons.geometry.euclidean.threed.Vector3D>,org.apache.commons.geometry.euclidean.threed.AffineTransformMatrix3D)
  location: class org.apache.commons.geometry.euclidean.threed.rotation.QuaternionRotationTest_OE25Dev_geom_left_2604_1
[ERROR] /home/tasfia/Desktop/OE25-DEV/projects_decomposed/commons-geometry/commons-geometry-euclidean/src/test/java/org/apache/commons/geometry/euclidean/threed/rotation/QuaternionRotationTest_OE25Dev_geom_left_2604_1.java:[730,9] cannot find symbol
  symbol:   method assertTransformEquals(java.util.function.UnaryOperator<org.apache.commons.geometry.euclidean.threed.Vector3D>,org.apache.commons.geometry.euclidean.threed.AffineTransformMatrix3D)
  location: class org.apache.commons.geometry.euclidean.threed.rotation.QuaternionRotationTest_OE25Dev_geom_left_2604_1
[ERROR] /home/tasfia/Desktop/OE25-DEV/projects_decomposed/commons-geometry/commons-geometry-euclidean/src/test/java/org/apache/commons/geometry/euclidean/threed/rotation/QuaternionRotationTest_OE25Dev_geom_left_2604_1.java:[731,9] cannot find symbol
  symbol:   method assertTransformEquals(java.util.function.UnaryOperator<org.apache.commons.geometry.euclidean.threed.Vector3D>,org.apache.commons.geometry.euclidean.threed.AffineTransformMatrix3D)
  location: class org.apache.commons.geometry.euclidean.threed.rotation.QuaternionRotationTest_OE25Dev_geom_left_2604_1
[ERROR] /home/tasfia/Desktop/OE25-DEV/projects_decomposed/commons-geometry/commons-geometry-euclidean/src/test/java/org/apache/commons/geometry/euclidean/threed/rotation/QuaternionRotationTest_OE25Dev_geom_left_2604_1.java:[733,9] cannot find symbol
  symbol:   method assertTransformEquals(java.util.function.UnaryOperator<org.apache.commons.geometry.euclidean.threed.Vector3D>,org.apache.commons.geometry.euclidean.threed.AffineTransformMatrix3D)
  location: class org.apache.commons.geometry.euclidean.threed.rotation.QuaternionRotationTest_OE25Dev_geom_left_2604_1
[ERROR] /home/tasfia/Desktop/OE25-DEV/projects_decomposed/commons-geometry/commons-geometry-euclidean/src/test/java/org/apache/commons/geometry/euclidean/threed/rotation/QuaternionRotationTest_OE25Dev_geom_left_2604_1.java:[734,9] cannot find symbol
  symbol:   method assertTransformEquals(java.util.function.UnaryOperator<org.apache.commons.geometry.euclidean.threed.Vector3D>,org.apache.commons.geometry.euclidean.threed.AffineTransformMatrix3D)
  location: class org.apache.commons.geometry.euclidean.threed.rotation.QuaternionRotationTest_OE25Dev_geom_left_2604_1
[ERROR] /home/tasfia/Desktop/OE25-DEV/projects_decomposed/commons-geometry/commons-geometry-euclidean/src/test/java/org/apache/commons/geometry/euclidean/threed/rotation/QuaternionRotationTest_OE25Dev_geom_left_2604_1.java:[736,9] cannot find symbol
  symbol:   method assertTransformEquals(java.util.function.UnaryOperator<org.apache.commons.geometry.euclidean.threed.Vector3D>,org.apache.commons.geometry.euclidean.threed.AffineTransformMatrix3D)
  location: class org.apache.commons.geometry.euclidean.threed.rotation.QuaternionRotationTest_OE25Dev_geom_left_2604_1
[ERROR] /home/tasfia/Desktop/OE25-DEV/projects_decomposed/commons-geometry/commons-geometry-euclidean/src/test/java/org/apache/commons/geometry/euclidean/threed/rotation/QuaternionRotationTest_OE25Dev_geom_left_2604_1.java:[737,9] cannot find symbol
  symbol:   method assertTransformEquals(java.util.function.UnaryOperator<org.apache.commons.geometry.euclidean.threed.Vector3D>,org.apache.commons.geometry.euclidean.threed.AffineTransformMatrix3D)
  location: class org.apache.commons.geometry.euclidean.threed.rotation.QuaternionRotationTest_OE25Dev_geom_left_2604_1
[ERROR] /home/tasfia/Desktop/OE25-DEV/projects_decomposed/commons-geometry/commons-geometry-euclidean/src/test/java/org/apache/commons/geometry/euclidean/threed/rotation/QuaternionRotationTest_OE25Dev_geom_left_2604_1.java:[740,9] cannot find symbol
  symbol:   method assertTransformEquals(java.util.function.UnaryOperator<org.apache.commons.geometry.euclidean.threed.Vector3D>,org.apache.commons.geometry.euclidean.threed.AffineTransformMatrix3D)
  location: class org.apache.commons.geometry.euclidean.threed.rotation.QuaternionRotationTest_OE25Dev_geom_left_2604_1
[ERROR] /home/tasfia/Desktop/OE25-DEV/projects_decomposed/commons-geometry/commons-geometry-euclidean/src/test/java/org/apache/commons/geometry/euclidean/threed/rotation/QuaternionRotationTest_OE25Dev_geom_left_2604_1.java:[741,9] cannot find symbol
  symbol:   method assertTransformEquals(java.util.function.UnaryOperator<org.apache.commons.geometry.euclidean.threed.Vector3D>,org.apache.commons.geometry.euclidean.threed.AffineTransformMatrix3D)
  location: class org.apache.commons.geometry.euclidean.threed.rotation.QuaternionRotationTest_OE25Dev_geom_left_2604_1
[ERROR] /home/tasfia/Desktop/OE25-DEV/projects_decomposed/commons-geometry/commons-geometry-euclidean/src/test/java/org/apache/commons/geometry/euclidean/threed/rotation/QuaternionRotationTest_OE25Dev_geom_left_2604_1.java:[743,9] cannot find symbol
  symbol:   method assertTransformEquals(java.util.function.UnaryOperator<org.apache.commons.geometry.euclidean.threed.Vector3D>,org.apache.commons.geometry.euclidean.threed.AffineTransformMatrix3D)
  location: class org.apache.commons.geometry.euclidean.threed.rotation.QuaternionRotationTest_OE25Dev_geom_left_2604_1
[ERROR] /home/tasfia/Desktop/OE25-DEV/projects_decomposed/commons-geometry/commons-geometry-euclidean/src/test/java/org/apache/commons/geometry/euclidean/threed/rotation/QuaternionRotationTest_OE25Dev_geom_left_2604_1.java:[744,9] cannot find symbol
  symbol:   method assertTransformEquals(java.util.function.UnaryOperator<org.apache.commons.geometry.euclidean.threed.Vector3D>,org.apache.commons.geometry.euclidean.threed.AffineTransformMatrix3D)
  location: class org.apache.commons.geometry.euclidean.threed.rotation.QuaternionRotationTest_OE25Dev_geom_left_2604_1
[ERROR] Failed to execute goal org.apache.maven.plugins:maven-compiler-plugin:3.8.1:testCompile (default-testCompile) on project commons-geometry-euclidean: Compilation failure: Compilation failure: 
[ERROR] /home/tasfia/Desktop/OE25-DEV/projects_decomposed/commons-geometry/commons-geometry-euclidean/src/test/java/org/apache/commons/geometry/euclidean/threed/rotation/QuaternionRotationTest_OE25Dev_geom_left_2604_1.java:[704,9] cannot find symbol
[ERROR]   symbol:   method assertTransformEquals(java.util.function.UnaryOperator<org.apache.commons.geometry.euclidean.threed.Vector3D>,org.apache.commons.geometry.euclidean.threed.AffineTransformMatrix3D)
[ERROR]   location: class org.apache.commons.geometry.euclidean.threed.rotation.QuaternionRotationTest_OE25Dev_geom_left_2604_1
[ERROR] /home/tasfia/Desktop/OE25-DEV/projects_decomposed/commons-geometry/commons-geometry-euclidean/src/test/java/org/apache/commons/geometry/euclidean/threed/rotation/QuaternionRotationTest_OE25Dev_geom_left_2604_1.java:[706,9] cannot find symbol
[ERROR]   symbol:   method assertTransformEquals(java.util.function.UnaryOperator<org.apache.commons.geometry.euclidean.threed.Vector3D>,org.apache.commons.geometry.euclidean.threed.AffineTransformMatrix3D)
[ERROR]   location: class org.apache.commons.geometry.euclidean.threed.rotation.QuaternionRotationTest_OE25Dev_geom_left_2604_1
[ERROR] /home/tasfia/Desktop/OE25-DEV/projects_decomposed/commons-geometry/commons-geometry-euclidean/src/test/java/org/apache/commons/geometry/euclidean/threed/rotation/QuaternionRotationTest_OE25Dev_geom_left_2604_1.java:[707,9] cannot find symbol
[ERROR]   symbol:   method assertTransformEquals(java.util.function.UnaryOperator<org.apache.commons.geometry.euclidean.threed.Vector3D>,org.apache.commons.geometry.euclidean.threed.AffineTransformMatrix3D)
[ERROR]   location: class org.apache.commons.geometry.euclidean.threed.rotation.QuaternionRotationTest_OE25Dev_geom_left_2604_1
[ERROR] /home/tasfia/Desktop/OE25-DEV/projects_decomposed/commons-geometry/commons-geometry-euclidean/src/test/java/org/apache/commons/geometry/euclidean/threed/rotation/QuaternionRotationTest_OE25Dev_geom_left_2604_1.java:[709,9] cannot find symbol
[ERROR]   symbol:   method assertTransformEquals(java.util.function.UnaryOperator<org.apache.commons.geometry.euclidean.threed.Vector3D>,org.apache.commons.geometry.euclidean.threed.AffineTransformMatrix3D)
[ERROR]   location: class org.apache.commons.geometry.euclidean.threed.rotation.QuaternionRotationTest_OE25Dev_geom_left_2604_1
[ERROR] /home/tasfia/Desktop/OE25-DEV/projects_decomposed/commons-geometry/commons-geometry-euclidean/src/test/java/org/apache/commons/geometry/euclidean/threed/rotation/QuaternionRotationTest_OE25Dev_geom_left_2604_1.java:[710,9] cannot find symbol
[ERROR]   symbol:   method assertTransformEquals(java.util.function.UnaryOperator<org.apache.commons.geometry.euclidean.threed.Vector3D>,org.apache.commons.geometry.euclidean.threed.AffineTransformMatrix3D)
[ERROR]   location: class org.apache.commons.geometry.euclidean.threed.rotation.QuaternionRotationTest_OE25Dev_geom_left_2604_1
[ERROR] /home/tasfia/Desktop/OE25-DEV/projects_decomposed/commons-geometry/commons-geometry-euclidean/src/test/java/org/apache/commons/geometry/euclidean/threed/rotation/QuaternionRotationTest_OE25Dev_geom_left_2604_1.java:[712,9] cannot find symbol
[ERROR]   symbol:   method assertTransformEquals(java.util.function.UnaryOperator<org.apache.commons.geometry.euclidean.threed.Vector3D>,org.apache.commons.geometry.euclidean.threed.AffineTransformMatrix3D)
[ERROR]   location: class org.apache.commons.geometry.euclidean.threed.rotation.QuaternionRotationTest_OE25Dev_geom_left_2604_1
[ERROR] /home/tasfia/Desktop/OE25-DEV/projects_decomposed/commons-geometry/commons-geometry-euclidean/src/test/java/org/apache/commons/geometry/euclidean/threed/rotation/QuaternionRotationTest_OE25Dev_geom_left_2604_1.java:[713,9] cannot find symbol
[ERROR]   symbol:   method assertTransformEquals(java.util.function.UnaryOperator<org.apache.commons.geometry.euclidean.threed.Vector3D>,org.apache.commons.geometry.euclidean.threed.AffineTransformMatrix3D)
[ERROR]   location: class org.apache.commons.geometry.euclidean.threed.rotation.QuaternionRotationTest_OE25Dev_geom_left_2604_1
[ERROR] /home/tasfia/Desktop/OE25-DEV/projects_decomposed/commons-geometry/commons-geometry-euclidean/src/test/java/org/apache/commons/geometry/euclidean/threed/rotation/QuaternionRotationTest_OE25Dev_geom_left_2604_1.java:[716,9] cannot find symbol
[ERROR]   symbol:   method assertTransformEquals(java.util.function.UnaryOperator<org.apache.commons.geometry.euclidean.threed.Vector3D>,org.apache.commons.geometry.euclidean.threed.AffineTransformMatrix3D)
[ERROR]   location: class org.apache.commons.geometry.euclidean.threed.rotation.QuaternionRotationTest_OE25Dev_geom_left_2604_1
[ERROR] /home/tasfia/Desktop/OE25-DEV/projects_decomposed/commons-geometry/commons-geometry-euclidean/src/test/java/org/apache/commons/geometry/euclidean/threed/rotation/QuaternionRotationTest_OE25Dev_geom_left_2604_1.java:[718,9] cannot find symbol
[ERROR]   symbol:   method assertTransformEquals(java.util.function.UnaryOperator<org.apache.commons.geometry.euclidean.threed.Vector3D>,org.apache.commons.geometry.euclidean.threed.AffineTransformMatrix3D)
[ERROR]   location: class org.apache.commons.geometry.euclidean.threed.rotation.QuaternionRotationTest_OE25Dev_geom_left_2604_1
[ERROR] /home/tasfia/Desktop/OE25-DEV/projects_decomposed/commons-geometry/commons-geometry-euclidean/src/test/java/org/apache/commons/geometry/euclidean/threed/rotation/QuaternionRotationTest_OE25Dev_geom_left_2604_1.java:[719,9] cannot find symbol
[ERROR]   symbol:   method assertTransformEquals(java.util.function.UnaryOperator<org.apache.commons.geometry.euclidean.threed.Vector3D>,org.apache.commons.geometry.euclidean.threed.AffineTransformMatrix3D)
[ERROR]   location: class org.apache.commons.geometry.euclidean.threed.rotation.QuaternionRotationTest_OE25Dev_geom_left_2604_1
[ERROR] /home/tasfia/Desktop/OE25-DEV/projects_decomposed/commons-geometry/commons-geometry-euclidean/src/test/java/org/apache/commons/geometry/euclidean/threed/rotation/QuaternionRotationTest_OE25Dev_geom_left_2604_1.java:[721,9] cannot find symbol
[ERROR]   symbol:   method assertTransformEquals(java.util.function.UnaryOperator<org.apache.commons.geometry.euclidean.threed.Vector3D>,org.apache.commons.geometry.euclidean.threed.AffineTransformMatrix3D)
[ERROR]   location: class org.apache.commons.geometry.euclidean.threed.rotation.QuaternionRotationTest_OE25Dev_geom_left_2604_1
[ERROR] /home/tasfia/Desktop/OE25-DEV/projects_decomposed/commons-geometry/commons-geometry-euclidean/src/test/java/org/apache/commons/geometry/euclidean/threed/rotation/QuaternionRotationTest_OE25Dev_geom_left_2604_1.java:[722,9] cannot find symbol
[ERROR]   symbol:   method assertTransformEquals(java.util.function.UnaryOperator<org.apache.commons.geometry.euclidean.threed.Vector3D>,org.apache.commons.geometry.euclidean.threed.AffineTransformMatrix3D)
[ERROR]   location: class org.apache.commons.geometry.euclidean.threed.rotation.QuaternionRotationTest_OE25Dev_geom_left_2604_1
[ERROR] /home/tasfia/Desktop/OE25-DEV/projects_decomposed/commons-geometry/commons-geometry-euclidean/src/test/java/org/apache/commons/geometry/euclidean/threed/rotation/QuaternionRotationTest_OE25Dev_geom_left_2604_1.java:[724,9] cannot find symbol
[ERROR]   symbol:   method assertTransformEquals(java.util.function.UnaryOperator<org.apache.commons.geometry.euclidean.threed.Vector3D>,org.apache.commons.geometry.euclidean.threed.AffineTransformMatrix3D)
[ERROR]   location: class org.apache.commons.geometry.euclidean.threed.rotation.QuaternionRotationTest_OE25Dev_geom_left_2604_1
[ERROR] /home/tasfia/Desktop/OE25-DEV/projects_decomposed/commons-geometry/commons-geometry-euclidean/src/test/java/org/apache/commons/geometry/euclidean/threed/rotation/QuaternionRotationTest_OE25Dev_geom_left_2604_1.java:[725,9] cannot find symbol
[ERROR]   symbol:   method assertTransformEquals(java.util.function.UnaryOperator<org.apache.commons.geometry.euclidean.threed.Vector3D>,org.apache.commons.geometry.euclidean.threed.AffineTransformMatrix3D)
[ERROR]   location: class org.apache.commons.geometry.euclidean.threed.rotation.QuaternionRotationTest_OE25Dev_geom_left_2604_1
[ERROR] /home/tasfia/Desktop/OE25-DEV/projects_decomposed/commons-geometry/commons-geometry-euclidean/src/test/java/org/apache/commons/geometry/euclidean/threed/rotation/QuaternionRotationTest_OE25Dev_geom_left_2604_1.java:[728,9] cannot find symbol
[ERROR]   symbol:   method assertTransformEquals(java.util.function.UnaryOperator<org.apache.commons.geometry.euclidean.threed.Vector3D>,org.apache.commons.geometry.euclidean.threed.AffineTransformMatrix3D)
[ERROR]   location: class org.apache.commons.geometry.euclidean.threed.rotation.QuaternionRotationTest_OE25Dev_geom_left_2604_1
[ERROR] /home/tasfia/Desktop/OE25-DEV/projects_decomposed/commons-geometry/commons-geometry-euclidean/src/test/java/org/apache/commons/geometry/euclidean/threed/rotation/QuaternionRotationTest_OE25Dev_geom_left_2604_1.java:[730,9] cannot find symbol
[ERROR]   symbol:   method assertTransformEquals(java.util.function.UnaryOperator<org.apache.commons.geometry.euclidean.threed.Vector3D>,org.apache.commons.geometry.euclidean.threed.AffineTransformMatrix3D)
[ERROR]   location: class org.apache.commons.geometry.euclidean.threed.rotation.QuaternionRotationTest_OE25Dev_geom_left_2604_1
[ERROR] /home/tasfia/Desktop/OE25-DEV/projects_decomposed/commons-geometry/commons-geometry-euclidean/src/test/java/org/apache/commons/geometry/euclidean/threed/rotation/QuaternionRotationTest_OE25Dev_geom_left_2604_1.java:[731,9] cannot find symbol
[ERROR]   symbol:   method assertTransformEquals(java.util.function.UnaryOperator<org.apache.commons.geometry.euclidean.threed.Vector3D>,org.apache.commons.geometry.euclidean.threed.AffineTransformMatrix3D)
[ERROR]   location: class org.apache.commons.geometry.euclidean.threed.rotation.QuaternionRotationTest_OE25Dev_geom_left_2604_1
[ERROR] /home/tasfia/Desktop/OE25-DEV/projects_decomposed/commons-geometry/commons-geometry-euclidean/src/test/java/org/apache/commons/geometry/euclidean/threed/rotation/QuaternionRotationTest_OE25Dev_geom_left_2604_1.java:[733,9] cannot find symbol
[ERROR]   symbol:   method assertTransformEquals(java.util.function.UnaryOperator<org.apache.commons.geometry.euclidean.threed.Vector3D>,org.apache.commons.geometry.euclidean.threed.AffineTransformMatrix3D)
[ERROR]   location: class org.apache.commons.geometry.euclidean.threed.rotation.QuaternionRotationTest_OE25Dev_geom_left_2604_1
[ERROR] /home/tasfia/Desktop/OE25-DEV/projects_decomposed/commons-geometry/commons-geometry-euclidean/src/test/java/org/apache/commons/geometry/euclidean/threed/rotation/QuaternionRotationTest_OE25Dev_geom_left_2604_1.java:[734,9] cannot find symbol
[ERROR]   symbol:   method assertTransformEquals(java.util.function.UnaryOperator<org.apache.commons.geometry.euclidean.threed.Vector3D>,org.apache.commons.geometry.euclidean.threed.AffineTransformMatrix3D)
[ERROR]   location: class org.apache.commons.geometry.euclidean.threed.rotation.QuaternionRotationTest_OE25Dev_geom_left_2604_1
[ERROR] /home/tasfia/Desktop/OE25-DEV/projects_decomposed/commons-geometry/commons-geometry-euclidean/src/test/java/org/apache/commons/geometry/euclidean/threed/rotation/QuaternionRotationTest_OE25Dev_geom_left_2604_1.java:[736,9] cannot find symbol
[ERROR]   symbol:   method assertTransformEquals(java.util.function.UnaryOperator<org.apache.commons.geometry.euclidean.threed.Vector3D>,org.apache.commons.geometry.euclidean.threed.AffineTransformMatrix3D)
[ERROR]   location: class org.apache.commons.geometry.euclidean.threed.rotation.QuaternionRotationTest_OE25Dev_geom_left_2604_1
[ERROR] /home/tasfia/Desktop/OE25-DEV/projects_decomposed/commons-geometry/commons-geometry-euclidean/src/test/java/org/apache/commons/geometry/euclidean/threed/rotation/QuaternionRotationTest_OE25Dev_geom_left_2604_1.java:[737,9] cannot find symbol
[ERROR]   symbol:   method assertTransformEquals(java.util.function.UnaryOperator<org.apache.commons.geometry.euclidean.threed.Vector3D>,org.apache.commons.geometry.euclidean.threed.AffineTransformMatrix3D)
[ERROR]   location: class org.apache.commons.geometry.euclidean.threed.rotation.QuaternionRotationTest_OE25Dev_geom_left_2604_1
[ERROR] /home/tasfia/Desktop/OE25-DEV/projects_decomposed/commons-geometry/commons-geometry-euclidean/src/test/java/org/apache/commons/geometry/euclidean/threed/rotation/QuaternionRotationTest_OE25Dev_geom_left_2604_1.java:[740,9] cannot find symbol
[ERROR]   symbol:   method assertTransformEquals(java.util.function.UnaryOperator<org.apache.commons.geometry.euclidean.threed.Vector3D>,org.apache.commons.geometry.euclidean.threed.AffineTransformMatrix3D)
[ERROR]   location: class org.apache.commons.geometry.euclidean.threed.rotation.QuaternionRotationTest_OE25Dev_geom_left_2604_1
[ERROR] /home/tasfia/Desktop/OE25-DEV/projects_decomposed/commons-geometry/commons-geometry-euclidean/src/test/java/org/apache/commons/geometry/euclidean/threed/rotation/QuaternionRotationTest_OE25Dev_geom_left_2604_1.java:[741,9] cannot find symbol
[ERROR]   symbol:   method assertTransformEquals(java.util.function.UnaryOperator<org.apache.commons.geometry.euclidean.threed.Vector3D>,org.apache.commons.geometry.euclidean.threed.AffineTransformMatrix3D)
[ERROR]   location: class org.apache.commons.geometry.euclidean.threed.rotation.QuaternionRotationTest_OE25Dev_geom_left_2604_1
[ERROR] /home/tasfia/Desktop/OE25-DEV/projects_decomposed/commons-geometry/commons-geometry-euclidean/src/test/java/org/apache/commons/geometry/euclidean/threed/rotation/QuaternionRotationTest_OE25Dev_geom_left_2604_1.java:[743,9] cannot find symbol
[ERROR]   symbol:   method assertTransformEquals(java.util.function.UnaryOperator<org.apache.commons.geometry.euclidean.threed.Vector3D>,org.apache.commons.geometry.euclidean.threed.AffineTransformMatrix3D)
[ERROR]   location: class org.apache.commons.geometry.euclidean.threed.rotation.QuaternionRotationTest_OE25Dev_geom_left_2604_1
[ERROR] /home/tasfia/Desktop/OE25-DEV/projects_decomposed/commons-geometry/commons-geometry-euclidean/src/test/java/org/apache/commons/geometry/euclidean/threed/rotation/QuaternionRotationTest_OE25Dev_geom_left_2604_1.java:[744,9] cannot find symbol
[ERROR]   symbol:   method assertTransformEquals(java.util.function.UnaryOperator<org.apache.commons.geometry.euclidean.threed.Vector3D>,org.apache.commons.geometry.euclidean.threed.AffineTransformMatrix3D)
[ERROR]   location: class org.apache.commons.geometry.euclidean.threed.rotation.QuaternionRotationTest_OE25Dev_geom_left_2604_1
[ERROR] -> [Help 1]
[ERROR] 
[ERROR] To see the full stack trace of the errors, re-run Maven with the -e switch.
[ERROR] Re-run Maven using the -X switch to enable full debug logging.
[ERROR] 
[ERROR] For more information about the errors and possible solutions, please read the following articles:
[ERROR] [Help 1] http://cwiki.apache.org/confluence/display/MAVEN/MojoFailureException
