[ERROR] COMPILATION ERROR : 
[ERROR] /home/tasfia/Desktop/OE25-DEV/projects_decomposed/commons-geometry/commons-geometry-io-core/src/test/java/org/apache/commons/geometry/io/core/internal/SimpleTextParserTest_OE25Dev_geom_left_354_1.java:[71,9] cannot find symbol
  symbol:   method assertChar(char,int)
  location: class org.apache.commons.geometry.io.core.internal.SimpleTextParserTest_OE25Dev_geom_left_354_1
[ERROR] /home/tasfia/Desktop/OE25-DEV/projects_decomposed/commons-geometry/commons-geometry-io-core/src/test/java/org/apache/commons/geometry/io/core/internal/SimpleTextParserTest_OE25Dev_geom_left_354_1.java:[74,9] cannot find symbol
  symbol:   method assertChar(char,int)
  location: class org.apache.commons.geometry.io.core.internal.SimpleTextParserTest_OE25Dev_geom_left_354_1
[ERROR] /home/tasfia/Desktop/OE25-DEV/projects_decomposed/commons-geometry/commons-geometry-io-core/src/test/java/org/apache/commons/geometry/io/core/internal/SimpleTextParserTest_OE25Dev_geom_left_354_1.java:[77,9] cannot find symbol
  symbol:   method assertChar(char,int)
  location: class org.apache.commons.geometry.io.core.internal.SimpleTextParserTest_OE25Dev_geom_left_354_1
[ERROR] /home/tasfia/Desktop/OE25-DEV/projects_decomposed/commons-geometry/commons-geometry-io-core/src/test/java/org/apache/commons/geometry/io/core/internal/SimpleTextParserTest_OE25Dev_geom_left_354_1.java:[80,9] cannot find symbol
  symbol:   method assertChar(char,int)
  location: class org.apache.commons.geometry.io.core.internal.SimpleTextParserTest_OE25Dev_geom_left_354_1
[ERROR] /home/tasfia/Desktop/OE25-DEV/projects_decomposed/commons-geometry/commons-geometry-io-core/src/test/java/org/apache/commons/geometry/io/core/internal/SimpleTextParserTest_OE25Dev_geom_left_354_1.java:[83,9] cannot find symbol
  symbol:   method assertChar(char,int)
  location: class org.apache.commons.geometry.io.core.internal.SimpleTextParserTest_OE25Dev_geom_left_354_1
[ERROR] /home/tasfia/Desktop/OE25-DEV/projects_decomposed/commons-geometry/commons-geometry-io-core/src/test/java/org/apache/commons/geometry/io/core/internal/SimpleTextParserTest_OE25Dev_geom_left_354_1.java:[86,9] cannot find symbol
  symbol:   method assertChar(char,int)
  location: class org.apache.commons.geometry.io.core.internal.SimpleTextParserTest_OE25Dev_geom_left_354_1
[ERROR] /home/tasfia/Desktop/OE25-DEV/projects_decomposed/commons-geometry/commons-geometry-io-core/src/test/java/org/apache/commons/geometry/io/core/internal/SimpleTextParserTest_OE25Dev_geom_left_354_1.java:[89,9] cannot find symbol
  symbol:   method assertChar(char,int)
  location: class org.apache.commons.geometry.io.core.internal.SimpleTextParserTest_OE25Dev_geom_left_354_1
[ERROR] /home/tasfia/Desktop/OE25-DEV/projects_decomposed/commons-geometry/commons-geometry-io-core/src/test/java/org/apache/commons/geometry/io/core/internal/SimpleTextParserTest_OE25Dev_geom_left_354_1.java:[92,9] cannot find symbol
  symbol:   method assertChar(char,int)
  location: class org.apache.commons.geometry.io.core.internal.SimpleTextParserTest_OE25Dev_geom_left_354_1
[ERROR] /home/tasfia/Desktop/OE25-DEV/projects_decomposed/commons-geometry/commons-geometry-io-core/src/test/java/org/apache/commons/geometry/io/core/internal/SimpleTextParserTest_OE25Dev_geom_left_354_1.java:[95,9] cannot find symbol
  symbol:   method assertChar(char,int)
  location: class org.apache.commons.geometry.io.core.internal.SimpleTextParserTest_OE25Dev_geom_left_354_1
[ERROR] /home/tasfia/Desktop/OE25-DEV/projects_decomposed/commons-geometry/commons-geometry-io-core/src/test/java/org/apache/commons/geometry/io/core/internal/SimpleTextParserTest_OE25Dev_geom_left_354_1.java:[98,9] cannot find symbol
  symbol:   method assertChar(char,int)
  location: class org.apache.commons.geometry.io.core.internal.SimpleTextParserTest_OE25Dev_geom_left_354_1
[ERROR] /home/tasfia/Desktop/OE25-DEV/projects_decomposed/commons-geometry/commons-geometry-io-core/src/test/java/org/apache/commons/geometry/io/core/internal/SimpleTextParserTest_OE25Dev_geom_left_354_1.java:[101,9] cannot find symbol
  symbol:   method assertChar(int,int)
  location: class org.apache.commons.geometry.io.core.internal.SimpleTextParserTest_OE25Dev_geom_left_354_1
[ERROR] /home/tasfia/Desktop/OE25-DEV/projects_decomposed/commons-geometry/commons-geometry-io-core/src/test/java/org/apache/commons/geometry/io/core/internal/SimpleTextParserTest_OE25Dev_geom_left_354_1.java:[136,9] cannot find symbol
  symbol:   method assertChar(char,int)
  location: class org.apache.commons.geometry.io.core.internal.SimpleTextParserTest_OE25Dev_geom_left_354_1
[ERROR] /home/tasfia/Desktop/OE25-DEV/projects_decomposed/commons-geometry/commons-geometry-io-core/src/test/java/org/apache/commons/geometry/io/core/internal/SimpleTextParserTest_OE25Dev_geom_left_354_1.java:[151,9] cannot find symbol
  symbol:   method assertChar(char,int)
  location: class org.apache.commons.geometry.io.core.internal.SimpleTextParserTest_OE25Dev_geom_left_354_1
[ERROR] /home/tasfia/Desktop/OE25-DEV/projects_decomposed/commons-geometry/commons-geometry-io-core/src/test/java/org/apache/commons/geometry/io/core/internal/SimpleTextParserTest_OE25Dev_geom_left_354_1.java:[155,9] cannot find symbol
  symbol:   method assertChar(char,int)
  location: class org.apache.commons.geometry.io.core.internal.SimpleTextParserTest_OE25Dev_geom_left_354_1
[ERROR] /home/tasfia/Desktop/OE25-DEV/projects_decomposed/commons-geometry/commons-geometry-io-core/src/test/java/org/apache/commons/geometry/io/core/internal/SimpleTextParserTest_OE25Dev_geom_left_354_1.java:[158,9] cannot find symbol
  symbol:   method assertChar(char,int)
  location: class org.apache.commons.geometry.io.core.internal.SimpleTextParserTest_OE25Dev_geom_left_354_1
[ERROR] /home/tasfia/Desktop/OE25-DEV/projects_decomposed/commons-geometry/commons-geometry-io-core/src/test/java/org/apache/commons/geometry/io/core/internal/SimpleTextParserTest_OE25Dev_geom_left_354_1.java:[161,9] cannot find symbol
  symbol:   method assertChar(char,int)
  location: class org.apache.commons.geometry.io.core.internal.SimpleTextParserTest_OE25Dev_geom_left_354_1
[ERROR] /home/tasfia/Desktop/OE25-DEV/projects_decomposed/commons-geometry/commons-geometry-io-core/src/test/java/org/apache/commons/geometry/io/core/internal/SimpleTextParserTest_OE25Dev_geom_left_354_1.java:[164,9] cannot find symbol
  symbol:   method assertChar(char,int)
  location: class org.apache.commons.geometry.io.core.internal.SimpleTextParserTest_OE25Dev_geom_left_354_1
[ERROR] /home/tasfia/Desktop/OE25-DEV/projects_decomposed/commons-geometry/commons-geometry-io-core/src/test/java/org/apache/commons/geometry/io/core/internal/SimpleTextParserTest_OE25Dev_geom_left_354_1.java:[167,9] cannot find symbol
  symbol:   method assertChar(char,int)
  location: class org.apache.commons.geometry.io.core.internal.SimpleTextParserTest_OE25Dev_geom_left_354_1
[ERROR] /home/tasfia/Desktop/OE25-DEV/projects_decomposed/commons-geometry/commons-geometry-io-core/src/test/java/org/apache/commons/geometry/io/core/internal/SimpleTextParserTest_OE25Dev_geom_left_354_1.java:[170,9] cannot find symbol
  symbol:   method assertChar(char,int)
  location: class org.apache.commons.geometry.io.core.internal.SimpleTextParserTest_OE25Dev_geom_left_354_1
[ERROR] /home/tasfia/Desktop/OE25-DEV/projects_decomposed/commons-geometry/commons-geometry-io-core/src/test/java/org/apache/commons/geometry/io/core/internal/SimpleTextParserTest_OE25Dev_geom_left_354_1.java:[173,9] cannot find symbol
  symbol:   method assertChar(char,int)
  location: class org.apache.commons.geometry.io.core.internal.SimpleTextParserTest_OE25Dev_geom_left_354_1
[ERROR] /home/tasfia/Desktop/OE25-DEV/projects_decomposed/commons-geometry/commons-geometry-io-core/src/test/java/org/apache/commons/geometry/io/core/internal/SimpleTextParserTest_OE25Dev_geom_left_354_1.java:[176,9] cannot find symbol
  symbol:   method assertChar(char,int)
  location: class org.apache.commons.geometry.io.core.internal.SimpleTextParserTest_OE25Dev_geom_left_354_1
[ERROR] /home/tasfia/Desktop/OE25-DEV/projects_decomposed/commons-geometry/commons-geometry-io-core/src/test/java/org/apache/commons/geometry/io/core/internal/SimpleTextParserTest_OE25Dev_geom_left_354_1.java:[179,9] cannot find symbol
  symbol:   method assertChar(int,int)
  location: class org.apache.commons.geometry.io.core.internal.SimpleTextParserTest_OE25Dev_geom_left_354_1
[ERROR] /home/tasfia/Desktop/OE25-DEV/projects_decomposed/commons-geometry/commons-geometry-io-core/src/test/java/org/apache/commons/geometry/io/core/internal/SimpleTextParserTest_OE25Dev_geom_left_354_1.java:[498,9] cannot find symbol
  symbol:   method assertChar(char,int)
  location: class org.apache.commons.geometry.io.core.internal.SimpleTextParserTest_OE25Dev_geom_left_354_1
[ERROR] /home/tasfia/Desktop/OE25-DEV/projects_decomposed/commons-geometry/commons-geometry-io-core/src/test/java/org/apache/commons/geometry/io/core/internal/SimpleTextParserTest_OE25Dev_geom_left_354_1.java:[501,9] cannot find symbol
  symbol:   method assertChar(char,int)
  location: class org.apache.commons.geometry.io.core.internal.SimpleTextParserTest_OE25Dev_geom_left_354_1
[ERROR] /home/tasfia/Desktop/OE25-DEV/projects_decomposed/commons-geometry/commons-geometry-io-core/src/test/java/org/apache/commons/geometry/io/core/internal/SimpleTextParserTest_OE25Dev_geom_left_354_1.java:[506,9] cannot find symbol
  symbol:   method assertChar(char,int)
  location: class org.apache.commons.geometry.io.core.internal.SimpleTextParserTest_OE25Dev_geom_left_354_1
[ERROR] /home/tasfia/Desktop/OE25-DEV/projects_decomposed/commons-geometry/commons-geometry-io-core/src/test/java/org/apache/commons/geometry/io/core/internal/SimpleTextParserTest_OE25Dev_geom_left_354_1.java:[519,9] cannot find symbol
  symbol:   method assertChar(char,int)
  location: class org.apache.commons.geometry.io.core.internal.SimpleTextParserTest_OE25Dev_geom_left_354_1
[ERROR] /home/tasfia/Desktop/OE25-DEV/projects_decomposed/commons-geometry/commons-geometry-io-core/src/test/java/org/apache/commons/geometry/io/core/internal/SimpleTextParserTest_OE25Dev_geom_left_354_1.java:[523,9] cannot find symbol
  symbol:   method assertChar(char,int)
  location: class org.apache.commons.geometry.io.core.internal.SimpleTextParserTest_OE25Dev_geom_left_354_1
[ERROR] /home/tasfia/Desktop/OE25-DEV/projects_decomposed/commons-geometry/commons-geometry-io-core/src/test/java/org/apache/commons/geometry/io/core/internal/SimpleTextParserTest_OE25Dev_geom_left_354_1.java:[527,9] cannot find symbol
  symbol:   method assertChar(char,int)
  location: class org.apache.commons.geometry.io.core.internal.SimpleTextParserTest_OE25Dev_geom_left_354_1
[ERROR] /home/tasfia/Desktop/OE25-DEV/projects_decomposed/commons-geometry/commons-geometry-io-core/src/test/java/org/apache/commons/geometry/io/core/internal/SimpleTextParserTest_OE25Dev_geom_left_354_1.java:[531,9] cannot find symbol
  symbol:   method assertChar(int,int)
  location: class org.apache.commons.geometry.io.core.internal.SimpleTextParserTest_OE25Dev_geom_left_354_1
[ERROR] /home/tasfia/Desktop/OE25-DEV/projects_decomposed/commons-geometry/commons-geometry-io-core/src/test/java/org/apache/commons/geometry/io/core/internal/SimpleTextParserTest_OE25Dev_geom_left_354_1.java:[535,9] cannot find symbol
  symbol:   method assertChar(int,int)
  location: class org.apache.commons.geometry.io.core.internal.SimpleTextParserTest_OE25Dev_geom_left_354_1
[ERROR] /home/tasfia/Desktop/OE25-DEV/projects_decomposed/commons-geometry/commons-geometry-io-core/src/test/java/org/apache/commons/geometry/io/core/internal/SimpleTextParserTest_OE25Dev_geom_left_354_1.java:[539,9] cannot find symbol
  symbol:   method assertChar(int,int)
  location: class org.apache.commons.geometry.io.core.internal.SimpleTextParserTest_OE25Dev_geom_left_354_1
[ERROR] /home/tasfia/Desktop/OE25-DEV/projects_decomposed/commons-geometry/commons-geometry-io-core/src/test/java/org/apache/commons/geometry/io/core/internal/SimpleTextParserTest_OE25Dev_geom_left_354_1.java:[551,9] cannot find symbol
  symbol:   method assertChar(char,int)
  location: class org.apache.commons.geometry.io.core.internal.SimpleTextParserTest_OE25Dev_geom_left_354_1
[ERROR] /home/tasfia/Desktop/OE25-DEV/projects_decomposed/commons-geometry/commons-geometry-io-core/src/test/java/org/apache/commons/geometry/io/core/internal/SimpleTextParserTest_OE25Dev_geom_left_354_1.java:[555,9] cannot find symbol
  symbol:   method assertChar(char,int)
  location: class org.apache.commons.geometry.io.core.internal.SimpleTextParserTest_OE25Dev_geom_left_354_1
[ERROR] /home/tasfia/Desktop/OE25-DEV/projects_decomposed/commons-geometry/commons-geometry-io-core/src/test/java/org/apache/commons/geometry/io/core/internal/SimpleTextParserTest_OE25Dev_geom_left_354_1.java:[559,9] cannot find symbol
  symbol:   method assertChar(char,int)
  location: class org.apache.commons.geometry.io.core.internal.SimpleTextParserTest_OE25Dev_geom_left_354_1
[ERROR] /home/tasfia/Desktop/OE25-DEV/projects_decomposed/commons-geometry/commons-geometry-io-core/src/test/java/org/apache/commons/geometry/io/core/internal/SimpleTextParserTest_OE25Dev_geom_left_354_1.java:[563,9] cannot find symbol
  symbol:   method assertChar(int,int)
  location: class org.apache.commons.geometry.io.core.internal.SimpleTextParserTest_OE25Dev_geom_left_354_1
[ERROR] /home/tasfia/Desktop/OE25-DEV/projects_decomposed/commons-geometry/commons-geometry-io-core/src/test/java/org/apache/commons/geometry/io/core/internal/SimpleTextParserTest_OE25Dev_geom_left_354_1.java:[567,9] cannot find symbol
  symbol:   method assertChar(int,int)
  location: class org.apache.commons.geometry.io.core.internal.SimpleTextParserTest_OE25Dev_geom_left_354_1
[ERROR] /home/tasfia/Desktop/OE25-DEV/projects_decomposed/commons-geometry/commons-geometry-io-core/src/test/java/org/apache/commons/geometry/io/core/internal/SimpleTextParserTest_OE25Dev_geom_left_354_1.java:[571,9] cannot find symbol
  symbol:   method assertChar(int,int)
  location: class org.apache.commons.geometry.io.core.internal.SimpleTextParserTest_OE25Dev_geom_left_354_1
[ERROR] /home/tasfia/Desktop/OE25-DEV/projects_decomposed/commons-geometry/commons-geometry-io-core/src/test/java/org/apache/commons/geometry/io/core/internal/SimpleTextParserTest_OE25Dev_geom_left_354_1.java:[582,9] cannot find symbol
  symbol:   method assertChar(char,int)
  location: class org.apache.commons.geometry.io.core.internal.SimpleTextParserTest_OE25Dev_geom_left_354_1
[ERROR] /home/tasfia/Desktop/OE25-DEV/projects_decomposed/commons-geometry/commons-geometry-io-core/src/test/java/org/apache/commons/geometry/io/core/internal/SimpleTextParserTest_OE25Dev_geom_left_354_1.java:[586,9] cannot find symbol
  symbol:   method assertChar(char,int)
  location: class org.apache.commons.geometry.io.core.internal.SimpleTextParserTest_OE25Dev_geom_left_354_1
[ERROR] /home/tasfia/Desktop/OE25-DEV/projects_decomposed/commons-geometry/commons-geometry-io-core/src/test/java/org/apache/commons/geometry/io/core/internal/SimpleTextParserTest_OE25Dev_geom_left_354_1.java:[590,9] cannot find symbol
  symbol:   method assertChar(char,int)
  location: class org.apache.commons.geometry.io.core.internal.SimpleTextParserTest_OE25Dev_geom_left_354_1
[ERROR] /home/tasfia/Desktop/OE25-DEV/projects_decomposed/commons-geometry/commons-geometry-io-core/src/test/java/org/apache/commons/geometry/io/core/internal/SimpleTextParserTest_OE25Dev_geom_left_354_1.java:[594,9] cannot find symbol
  symbol:   method assertChar(char,int)
  location: class org.apache.commons.geometry.io.core.internal.SimpleTextParserTest_OE25Dev_geom_left_354_1
[ERROR] /home/tasfia/Desktop/OE25-DEV/projects_decomposed/commons-geometry/commons-geometry-io-core/src/test/java/org/apache/commons/geometry/io/core/internal/SimpleTextParserTest_OE25Dev_geom_left_354_1.java:[598,9] cannot find symbol
  symbol:   method assertChar(char,int)
  location: class org.apache.commons.geometry.io.core.internal.SimpleTextParserTest_OE25Dev_geom_left_354_1
[ERROR] /home/tasfia/Desktop/OE25-DEV/projects_decomposed/commons-geometry/commons-geometry-io-core/src/test/java/org/apache/commons/geometry/io/core/internal/SimpleTextParserTest_OE25Dev_geom_left_354_1.java:[602,9] cannot find symbol
  symbol:   method assertChar(int,int)
  location: class org.apache.commons.geometry.io.core.internal.SimpleTextParserTest_OE25Dev_geom_left_354_1
[ERROR] /home/tasfia/Desktop/OE25-DEV/projects_decomposed/commons-geometry/commons-geometry-io-core/src/test/java/org/apache/commons/geometry/io/core/internal/SimpleTextParserTest_OE25Dev_geom_left_354_1.java:[606,9] cannot find symbol
  symbol:   method assertChar(int,int)
  location: class org.apache.commons.geometry.io.core.internal.SimpleTextParserTest_OE25Dev_geom_left_354_1
[ERROR] /home/tasfia/Desktop/OE25-DEV/projects_decomposed/commons-geometry/commons-geometry-io-core/src/test/java/org/apache/commons/geometry/io/core/internal/SimpleTextParserTest_OE25Dev_geom_left_354_1.java:[618,9] cannot find symbol
  symbol:   method assertChar(char,int)
  location: class org.apache.commons.geometry.io.core.internal.SimpleTextParserTest_OE25Dev_geom_left_354_1
[ERROR] /home/tasfia/Desktop/OE25-DEV/projects_decomposed/commons-geometry/commons-geometry-io-core/src/test/java/org/apache/commons/geometry/io/core/internal/SimpleTextParserTest_OE25Dev_geom_left_354_1.java:[622,9] cannot find symbol
  symbol:   method assertChar(char,int)
  location: class org.apache.commons.geometry.io.core.internal.SimpleTextParserTest_OE25Dev_geom_left_354_1
[ERROR] /home/tasfia/Desktop/OE25-DEV/projects_decomposed/commons-geometry/commons-geometry-io-core/src/test/java/org/apache/commons/geometry/io/core/internal/SimpleTextParserTest_OE25Dev_geom_left_354_1.java:[626,9] cannot find symbol
  symbol:   method assertChar(char,int)
  location: class org.apache.commons.geometry.io.core.internal.SimpleTextParserTest_OE25Dev_geom_left_354_1
[ERROR] /home/tasfia/Desktop/OE25-DEV/projects_decomposed/commons-geometry/commons-geometry-io-core/src/test/java/org/apache/commons/geometry/io/core/internal/SimpleTextParserTest_OE25Dev_geom_left_354_1.java:[630,9] cannot find symbol
  symbol:   method assertChar(char,int)
  location: class org.apache.commons.geometry.io.core.internal.SimpleTextParserTest_OE25Dev_geom_left_354_1
[ERROR] /home/tasfia/Desktop/OE25-DEV/projects_decomposed/commons-geometry/commons-geometry-io-core/src/test/java/org/apache/commons/geometry/io/core/internal/SimpleTextParserTest_OE25Dev_geom_left_354_1.java:[634,9] cannot find symbol
  symbol:   method assertChar(char,int)
  location: class org.apache.commons.geometry.io.core.internal.SimpleTextParserTest_OE25Dev_geom_left_354_1
[ERROR] /home/tasfia/Desktop/OE25-DEV/projects_decomposed/commons-geometry/commons-geometry-io-core/src/test/java/org/apache/commons/geometry/io/core/internal/SimpleTextParserTest_OE25Dev_geom_left_354_1.java:[638,9] cannot find symbol
  symbol:   method assertChar(int,int)
  location: class org.apache.commons.geometry.io.core.internal.SimpleTextParserTest_OE25Dev_geom_left_354_1
[ERROR] /home/tasfia/Desktop/OE25-DEV/projects_decomposed/commons-geometry/commons-geometry-io-core/src/test/java/org/apache/commons/geometry/io/core/internal/SimpleTextParserTest_OE25Dev_geom_left_354_1.java:[642,9] cannot find symbol
  symbol:   method assertChar(int,int)
  location: class org.apache.commons.geometry.io.core.internal.SimpleTextParserTest_OE25Dev_geom_left_354_1
[ERROR] /home/tasfia/Desktop/OE25-DEV/projects_decomposed/commons-geometry/commons-geometry-io-core/src/test/java/org/apache/commons/geometry/io/core/internal/SimpleTextParserTest_OE25Dev_geom_left_354_1.java:[654,9] cannot find symbol
  symbol:   method assertChar(char,int)
  location: class org.apache.commons.geometry.io.core.internal.SimpleTextParserTest_OE25Dev_geom_left_354_1
[ERROR] /home/tasfia/Desktop/OE25-DEV/projects_decomposed/commons-geometry/commons-geometry-io-core/src/test/java/org/apache/commons/geometry/io/core/internal/SimpleTextParserTest_OE25Dev_geom_left_354_1.java:[658,9] cannot find symbol
  symbol:   method assertChar(char,int)
  location: class org.apache.commons.geometry.io.core.internal.SimpleTextParserTest_OE25Dev_geom_left_354_1
[ERROR] /home/tasfia/Desktop/OE25-DEV/projects_decomposed/commons-geometry/commons-geometry-io-core/src/test/java/org/apache/commons/geometry/io/core/internal/SimpleTextParserTest_OE25Dev_geom_left_354_1.java:[662,9] cannot find symbol
  symbol:   method assertChar(char,int)
  location: class org.apache.commons.geometry.io.core.internal.SimpleTextParserTest_OE25Dev_geom_left_354_1
[ERROR] /home/tasfia/Desktop/OE25-DEV/projects_decomposed/commons-geometry/commons-geometry-io-core/src/test/java/org/apache/commons/geometry/io/core/internal/SimpleTextParserTest_OE25Dev_geom_left_354_1.java:[666,9] cannot find symbol
  symbol:   method assertChar(int,int)
  location: class org.apache.commons.geometry.io.core.internal.SimpleTextParserTest_OE25Dev_geom_left_354_1
[ERROR] /home/tasfia/Desktop/OE25-DEV/projects_decomposed/commons-geometry/commons-geometry-io-core/src/test/java/org/apache/commons/geometry/io/core/internal/SimpleTextParserTest_OE25Dev_geom_left_354_1.java:[677,9] cannot find symbol
  symbol:   method assertChar(char,int)
  location: class org.apache.commons.geometry.io.core.internal.SimpleTextParserTest_OE25Dev_geom_left_354_1
[ERROR] /home/tasfia/Desktop/OE25-DEV/projects_decomposed/commons-geometry/commons-geometry-io-core/src/test/java/org/apache/commons/geometry/io/core/internal/SimpleTextParserTest_OE25Dev_geom_left_354_1.java:[681,9] cannot find symbol
  symbol:   method assertChar(char,int)
  location: class org.apache.commons.geometry.io.core.internal.SimpleTextParserTest_OE25Dev_geom_left_354_1
[ERROR] /home/tasfia/Desktop/OE25-DEV/projects_decomposed/commons-geometry/commons-geometry-io-core/src/test/java/org/apache/commons/geometry/io/core/internal/SimpleTextParserTest_OE25Dev_geom_left_354_1.java:[685,9] cannot find symbol
  symbol:   method assertChar(char,int)
  location: class org.apache.commons.geometry.io.core.internal.SimpleTextParserTest_OE25Dev_geom_left_354_1
[ERROR] /home/tasfia/Desktop/OE25-DEV/projects_decomposed/commons-geometry/commons-geometry-io-core/src/test/java/org/apache/commons/geometry/io/core/internal/SimpleTextParserTest_OE25Dev_geom_left_354_1.java:[689,9] cannot find symbol
  symbol:   method assertChar(char,int)
  location: class org.apache.commons.geometry.io.core.internal.SimpleTextParserTest_OE25Dev_geom_left_354_1
[ERROR] /home/tasfia/Desktop/OE25-DEV/projects_decomposed/commons-geometry/commons-geometry-io-core/src/test/java/org/apache/commons/geometry/io/core/internal/SimpleTextParserTest_OE25Dev_geom_left_354_1.java:[693,9] cannot find symbol
  symbol:   method assertChar(char,int)
  location: class org.apache.commons.geometry.io.core.internal.SimpleTextParserTest_OE25Dev_geom_left_354_1
[ERROR] /home/tasfia/Desktop/OE25-DEV/projects_decomposed/commons-geometry/commons-geometry-io-core/src/test/java/org/apache/commons/geometry/io/core/internal/SimpleTextParserTest_OE25Dev_geom_left_354_1.java:[697,9] cannot find symbol
  symbol:   method assertChar(char,int)
  location: class org.apache.commons.geometry.io.core.internal.SimpleTextParserTest_OE25Dev_geom_left_354_1
[ERROR] /home/tasfia/Desktop/OE25-DEV/projects_decomposed/commons-geometry/commons-geometry-io-core/src/test/java/org/apache/commons/geometry/io/core/internal/SimpleTextParserTest_OE25Dev_geom_left_354_1.java:[701,9] cannot find symbol
  symbol:   method assertChar(char,int)
  location: class org.apache.commons.geometry.io.core.internal.SimpleTextParserTest_OE25Dev_geom_left_354_1
[ERROR] /home/tasfia/Desktop/OE25-DEV/projects_decomposed/commons-geometry/commons-geometry-io-core/src/test/java/org/apache/commons/geometry/io/core/internal/SimpleTextParserTest_OE25Dev_geom_left_354_1.java:[705,9] cannot find symbol
  symbol:   method assertChar(int,int)
  location: class org.apache.commons.geometry.io.core.internal.SimpleTextParserTest_OE25Dev_geom_left_354_1
[ERROR] /home/tasfia/Desktop/OE25-DEV/projects_decomposed/commons-geometry/commons-geometry-io-core/src/test/java/org/apache/commons/geometry/io/core/internal/SimpleTextParserTest_OE25Dev_geom_left_354_1.java:[716,9] cannot find symbol
  symbol:   method assertChar(char,int)
  location: class org.apache.commons.geometry.io.core.internal.SimpleTextParserTest_OE25Dev_geom_left_354_1
[ERROR] /home/tasfia/Desktop/OE25-DEV/projects_decomposed/commons-geometry/commons-geometry-io-core/src/test/java/org/apache/commons/geometry/io/core/internal/SimpleTextParserTest_OE25Dev_geom_left_354_1.java:[722,9] cannot find symbol
  symbol:   method assertChar(char,int)
  location: class org.apache.commons.geometry.io.core.internal.SimpleTextParserTest_OE25Dev_geom_left_354_1
[ERROR] /home/tasfia/Desktop/OE25-DEV/projects_decomposed/commons-geometry/commons-geometry-io-core/src/test/java/org/apache/commons/geometry/io/core/internal/SimpleTextParserTest_OE25Dev_geom_left_354_1.java:[726,9] cannot find symbol
  symbol:   method assertChar(char,int)
  location: class org.apache.commons.geometry.io.core.internal.SimpleTextParserTest_OE25Dev_geom_left_354_1
[ERROR] /home/tasfia/Desktop/OE25-DEV/projects_decomposed/commons-geometry/commons-geometry-io-core/src/test/java/org/apache/commons/geometry/io/core/internal/SimpleTextParserTest_OE25Dev_geom_left_354_1.java:[732,9] cannot find symbol
  symbol:   method assertChar(char,int)
  location: class org.apache.commons.geometry.io.core.internal.SimpleTextParserTest_OE25Dev_geom_left_354_1
[ERROR] /home/tasfia/Desktop/OE25-DEV/projects_decomposed/commons-geometry/commons-geometry-io-core/src/test/java/org/apache/commons/geometry/io/core/internal/SimpleTextParserTest_OE25Dev_geom_left_354_1.java:[736,9] cannot find symbol
  symbol:   method assertChar(char,int)
  location: class org.apache.commons.geometry.io.core.internal.SimpleTextParserTest_OE25Dev_geom_left_354_1
[ERROR] /home/tasfia/Desktop/OE25-DEV/projects_decomposed/commons-geometry/commons-geometry-io-core/src/test/java/org/apache/commons/geometry/io/core/internal/SimpleTextParserTest_OE25Dev_geom_left_354_1.java:[740,9] cannot find symbol
  symbol:   method assertChar(int,int)
  location: class org.apache.commons.geometry.io.core.internal.SimpleTextParserTest_OE25Dev_geom_left_354_1
[ERROR] /home/tasfia/Desktop/OE25-DEV/projects_decomposed/commons-geometry/commons-geometry-io-core/src/test/java/org/apache/commons/geometry/io/core/internal/SimpleTextParserTest_OE25Dev_geom_left_354_1.java:[750,9] cannot find symbol
  symbol:   method assertChar(char,int)
  location: class org.apache.commons.geometry.io.core.internal.SimpleTextParserTest_OE25Dev_geom_left_354_1
[ERROR] /home/tasfia/Desktop/OE25-DEV/projects_decomposed/commons-geometry/commons-geometry-io-core/src/test/java/org/apache/commons/geometry/io/core/internal/SimpleTextParserTest_OE25Dev_geom_left_354_1.java:[754,9] cannot find symbol
  symbol:   method assertChar(char,int)
  location: class org.apache.commons.geometry.io.core.internal.SimpleTextParserTest_OE25Dev_geom_left_354_1
[ERROR] /home/tasfia/Desktop/OE25-DEV/projects_decomposed/commons-geometry/commons-geometry-io-core/src/test/java/org/apache/commons/geometry/io/core/internal/SimpleTextParserTest_OE25Dev_geom_left_354_1.java:[759,9] cannot find symbol
  symbol:   method assertChar(int,int)
  location: class org.apache.commons.geometry.io.core.internal.SimpleTextParserTest_OE25Dev_geom_left_354_1
[ERROR] /home/tasfia/Desktop/OE25-DEV/projects_decomposed/commons-geometry/commons-geometry-io-core/src/test/java/org/apache/commons/geometry/io/core/internal/SimpleTextParserTest_OE25Dev_geom_left_354_1.java:[763,9] cannot find symbol
  symbol:   method assertChar(int,int)
  location: class org.apache.commons.geometry.io.core.internal.SimpleTextParserTest_OE25Dev_geom_left_354_1
[ERROR] /home/tasfia/Desktop/OE25-DEV/projects_decomposed/commons-geometry/commons-geometry-io-core/src/test/java/org/apache/commons/geometry/io/core/internal/SimpleTextParserTest_OE25Dev_geom_left_354_1.java:[789,9] cannot find symbol
  symbol:   method assertChar(char,int)
  location: class org.apache.commons.geometry.io.core.internal.SimpleTextParserTest_OE25Dev_geom_left_354_1
[ERROR] /home/tasfia/Desktop/OE25-DEV/projects_decomposed/commons-geometry/commons-geometry-io-core/src/test/java/org/apache/commons/geometry/io/core/internal/SimpleTextParserTest_OE25Dev_geom_left_354_1.java:[830,9] cannot find symbol
  symbol:   method assertChar(char,int)
  location: class org.apache.commons.geometry.io.core.internal.SimpleTextParserTest_OE25Dev_geom_left_354_1
[ERROR] Failed to execute goal org.apache.maven.plugins:maven-compiler-plugin:3.8.1:testCompile (default-testCompile) on project commons-geometry-io-core: Compilation failure: Compilation failure: 
[ERROR] /home/tasfia/Desktop/OE25-DEV/projects_decomposed/commons-geometry/commons-geometry-io-core/src/test/java/org/apache/commons/geometry/io/core/internal/SimpleTextParserTest_OE25Dev_geom_left_354_1.java:[71,9] cannot find symbol
[ERROR]   symbol:   method assertChar(char,int)
[ERROR]   location: class org.apache.commons.geometry.io.core.internal.SimpleTextParserTest_OE25Dev_geom_left_354_1
[ERROR] /home/tasfia/Desktop/OE25-DEV/projects_decomposed/commons-geometry/commons-geometry-io-core/src/test/java/org/apache/commons/geometry/io/core/internal/SimpleTextParserTest_OE25Dev_geom_left_354_1.java:[74,9] cannot find symbol
[ERROR]   symbol:   method assertChar(char,int)
[ERROR]   location: class org.apache.commons.geometry.io.core.internal.SimpleTextParserTest_OE25Dev_geom_left_354_1
[ERROR] /home/tasfia/Desktop/OE25-DEV/projects_decomposed/commons-geometry/commons-geometry-io-core/src/test/java/org/apache/commons/geometry/io/core/internal/SimpleTextParserTest_OE25Dev_geom_left_354_1.java:[77,9] cannot find symbol
[ERROR]   symbol:   method assertChar(char,int)
[ERROR]   location: class org.apache.commons.geometry.io.core.internal.SimpleTextParserTest_OE25Dev_geom_left_354_1
[ERROR] /home/tasfia/Desktop/OE25-DEV/projects_decomposed/commons-geometry/commons-geometry-io-core/src/test/java/org/apache/commons/geometry/io/core/internal/SimpleTextParserTest_OE25Dev_geom_left_354_1.java:[80,9] cannot find symbol
[ERROR]   symbol:   method assertChar(char,int)
[ERROR]   location: class org.apache.commons.geometry.io.core.internal.SimpleTextParserTest_OE25Dev_geom_left_354_1
[ERROR] /home/tasfia/Desktop/OE25-DEV/projects_decomposed/commons-geometry/commons-geometry-io-core/src/test/java/org/apache/commons/geometry/io/core/internal/SimpleTextParserTest_OE25Dev_geom_left_354_1.java:[83,9] cannot find symbol
[ERROR]   symbol:   method assertChar(char,int)
[ERROR]   location: class org.apache.commons.geometry.io.core.internal.SimpleTextParserTest_OE25Dev_geom_left_354_1
[ERROR] /home/tasfia/Desktop/OE25-DEV/projects_decomposed/commons-geometry/commons-geometry-io-core/src/test/java/org/apache/commons/geometry/io/core/internal/SimpleTextParserTest_OE25Dev_geom_left_354_1.java:[86,9] cannot find symbol
[ERROR]   symbol:   method assertChar(char,int)
[ERROR]   location: class org.apache.commons.geometry.io.core.internal.SimpleTextParserTest_OE25Dev_geom_left_354_1
[ERROR] /home/tasfia/Desktop/OE25-DEV/projects_decomposed/commons-geometry/commons-geometry-io-core/src/test/java/org/apache/commons/geometry/io/core/internal/SimpleTextParserTest_OE25Dev_geom_left_354_1.java:[89,9] cannot find symbol
[ERROR]   symbol:   method assertChar(char,int)
[ERROR]   location: class org.apache.commons.geometry.io.core.internal.SimpleTextParserTest_OE25Dev_geom_left_354_1
[ERROR] /home/tasfia/Desktop/OE25-DEV/projects_decomposed/commons-geometry/commons-geometry-io-core/src/test/java/org/apache/commons/geometry/io/core/internal/SimpleTextParserTest_OE25Dev_geom_left_354_1.java:[92,9] cannot find symbol
[ERROR]   symbol:   method assertChar(char,int)
[ERROR]   location: class org.apache.commons.geometry.io.core.internal.SimpleTextParserTest_OE25Dev_geom_left_354_1
[ERROR] /home/tasfia/Desktop/OE25-DEV/projects_decomposed/commons-geometry/commons-geometry-io-core/src/test/java/org/apache/commons/geometry/io/core/internal/SimpleTextParserTest_OE25Dev_geom_left_354_1.java:[95,9] cannot find symbol
[ERROR]   symbol:   method assertChar(char,int)
[ERROR]   location: class org.apache.commons.geometry.io.core.internal.SimpleTextParserTest_OE25Dev_geom_left_354_1
[ERROR] /home/tasfia/Desktop/OE25-DEV/projects_decomposed/commons-geometry/commons-geometry-io-core/src/test/java/org/apache/commons/geometry/io/core/internal/SimpleTextParserTest_OE25Dev_geom_left_354_1.java:[98,9] cannot find symbol
[ERROR]   symbol:   method assertChar(char,int)
[ERROR]   location: class org.apache.commons.geometry.io.core.internal.SimpleTextParserTest_OE25Dev_geom_left_354_1
[ERROR] /home/tasfia/Desktop/OE25-DEV/projects_decomposed/commons-geometry/commons-geometry-io-core/src/test/java/org/apache/commons/geometry/io/core/internal/SimpleTextParserTest_OE25Dev_geom_left_354_1.java:[101,9] cannot find symbol
[ERROR]   symbol:   method assertChar(int,int)
[ERROR]   location: class org.apache.commons.geometry.io.core.internal.SimpleTextParserTest_OE25Dev_geom_left_354_1
[ERROR] /home/tasfia/Desktop/OE25-DEV/projects_decomposed/commons-geometry/commons-geometry-io-core/src/test/java/org/apache/commons/geometry/io/core/internal/SimpleTextParserTest_OE25Dev_geom_left_354_1.java:[136,9] cannot find symbol
[ERROR]   symbol:   method assertChar(char,int)
[ERROR]   location: class org.apache.commons.geometry.io.core.internal.SimpleTextParserTest_OE25Dev_geom_left_354_1
[ERROR] /home/tasfia/Desktop/OE25-DEV/projects_decomposed/commons-geometry/commons-geometry-io-core/src/test/java/org/apache/commons/geometry/io/core/internal/SimpleTextParserTest_OE25Dev_geom_left_354_1.java:[151,9] cannot find symbol
[ERROR]   symbol:   method assertChar(char,int)
[ERROR]   location: class org.apache.commons.geometry.io.core.internal.SimpleTextParserTest_OE25Dev_geom_left_354_1
[ERROR] /home/tasfia/Desktop/OE25-DEV/projects_decomposed/commons-geometry/commons-geometry-io-core/src/test/java/org/apache/commons/geometry/io/core/internal/SimpleTextParserTest_OE25Dev_geom_left_354_1.java:[155,9] cannot find symbol
[ERROR]   symbol:   method assertChar(char,int)
[ERROR]   location: class org.apache.commons.geometry.io.core.internal.SimpleTextParserTest_OE25Dev_geom_left_354_1
[ERROR] /home/tasfia/Desktop/OE25-DEV/projects_decomposed/commons-geometry/commons-geometry-io-core/src/test/java/org/apache/commons/geometry/io/core/internal/SimpleTextParserTest_OE25Dev_geom_left_354_1.java:[158,9] cannot find symbol
[ERROR]   symbol:   method assertChar(char,int)
[ERROR]   location: class org.apache.commons.geometry.io.core.internal.SimpleTextParserTest_OE25Dev_geom_left_354_1
[ERROR] /home/tasfia/Desktop/OE25-DEV/projects_decomposed/commons-geometry/commons-geometry-io-core/src/test/java/org/apache/commons/geometry/io/core/internal/SimpleTextParserTest_OE25Dev_geom_left_354_1.java:[161,9] cannot find symbol
[ERROR]   symbol:   method assertChar(char,int)
[ERROR]   location: class org.apache.commons.geometry.io.core.internal.SimpleTextParserTest_OE25Dev_geom_left_354_1
[ERROR] /home/tasfia/Desktop/OE25-DEV/projects_decomposed/commons-geometry/commons-geometry-io-core/src/test/java/org/apache/commons/geometry/io/core/internal/SimpleTextParserTest_OE25Dev_geom_left_354_1.java:[164,9] cannot find symbol
[ERROR]   symbol:   method assertChar(char,int)
[ERROR]   location: class org.apache.commons.geometry.io.core.internal.SimpleTextParserTest_OE25Dev_geom_left_354_1
[ERROR] /home/tasfia/Desktop/OE25-DEV/projects_decomposed/commons-geometry/commons-geometry-io-core/src/test/java/org/apache/commons/geometry/io/core/internal/SimpleTextParserTest_OE25Dev_geom_left_354_1.java:[167,9] cannot find symbol
[ERROR]   symbol:   method assertChar(char,int)
[ERROR]   location: class org.apache.commons.geometry.io.core.internal.SimpleTextParserTest_OE25Dev_geom_left_354_1
[ERROR] /home/tasfia/Desktop/OE25-DEV/projects_decomposed/commons-geometry/commons-geometry-io-core/src/test/java/org/apache/commons/geometry/io/core/internal/SimpleTextParserTest_OE25Dev_geom_left_354_1.java:[170,9] cannot find symbol
[ERROR]   symbol:   method assertChar(char,int)
[ERROR]   location: class org.apache.commons.geometry.io.core.internal.SimpleTextParserTest_OE25Dev_geom_left_354_1
[ERROR] /home/tasfia/Desktop/OE25-DEV/projects_decomposed/commons-geometry/commons-geometry-io-core/src/test/java/org/apache/commons/geometry/io/core/internal/SimpleTextParserTest_OE25Dev_geom_left_354_1.java:[173,9] cannot find symbol
[ERROR]   symbol:   method assertChar(char,int)
[ERROR]   location: class org.apache.commons.geometry.io.core.internal.SimpleTextParserTest_OE25Dev_geom_left_354_1
[ERROR] /home/tasfia/Desktop/OE25-DEV/projects_decomposed/commons-geometry/commons-geometry-io-core/src/test/java/org/apache/commons/geometry/io/core/internal/SimpleTextParserTest_OE25Dev_geom_left_354_1.java:[176,9] cannot find symbol
[ERROR]   symbol:   method assertChar(char,int)
[ERROR]   location: class org.apache.commons.geometry.io.core.internal.SimpleTextParserTest_OE25Dev_geom_left_354_1
[ERROR] /home/tasfia/Desktop/OE25-DEV/projects_decomposed/commons-geometry/commons-geometry-io-core/src/test/java/org/apache/commons/geometry/io/core/internal/SimpleTextParserTest_OE25Dev_geom_left_354_1.java:[179,9] cannot find symbol
[ERROR]   symbol:   method assertChar(int,int)
[ERROR]   location: class org.apache.commons.geometry.io.core.internal.SimpleTextParserTest_OE25Dev_geom_left_354_1
[ERROR] /home/tasfia/Desktop/OE25-DEV/projects_decomposed/commons-geometry/commons-geometry-io-core/src/test/java/org/apache/commons/geometry/io/core/internal/SimpleTextParserTest_OE25Dev_geom_left_354_1.java:[498,9] cannot find symbol
[ERROR]   symbol:   method assertChar(char,int)
[ERROR]   location: class org.apache.commons.geometry.io.core.internal.SimpleTextParserTest_OE25Dev_geom_left_354_1
[ERROR] /home/tasfia/Desktop/OE25-DEV/projects_decomposed/commons-geometry/commons-geometry-io-core/src/test/java/org/apache/commons/geometry/io/core/internal/SimpleTextParserTest_OE25Dev_geom_left_354_1.java:[501,9] cannot find symbol
[ERROR]   symbol:   method assertChar(char,int)
[ERROR]   location: class org.apache.commons.geometry.io.core.internal.SimpleTextParserTest_OE25Dev_geom_left_354_1
[ERROR] /home/tasfia/Desktop/OE25-DEV/projects_decomposed/commons-geometry/commons-geometry-io-core/src/test/java/org/apache/commons/geometry/io/core/internal/SimpleTextParserTest_OE25Dev_geom_left_354_1.java:[506,9] cannot find symbol
[ERROR]   symbol:   method assertChar(char,int)
[ERROR]   location: class org.apache.commons.geometry.io.core.internal.SimpleTextParserTest_OE25Dev_geom_left_354_1
[ERROR] /home/tasfia/Desktop/OE25-DEV/projects_decomposed/commons-geometry/commons-geometry-io-core/src/test/java/org/apache/commons/geometry/io/core/internal/SimpleTextParserTest_OE25Dev_geom_left_354_1.java:[519,9] cannot find symbol
[ERROR]   symbol:   method assertChar(char,int)
[ERROR]   location: class org.apache.commons.geometry.io.core.internal.SimpleTextParserTest_OE25Dev_geom_left_354_1
[ERROR] /home/tasfia/Desktop/OE25-DEV/projects_decomposed/commons-geometry/commons-geometry-io-core/src/test/java/org/apache/commons/geometry/io/core/internal/SimpleTextParserTest_OE25Dev_geom_left_354_1.java:[523,9] cannot find symbol
[ERROR]   symbol:   method assertChar(char,int)
[ERROR]   location: class org.apache.commons.geometry.io.core.internal.SimpleTextParserTest_OE25Dev_geom_left_354_1
[ERROR] /home/tasfia/Desktop/OE25-DEV/projects_decomposed/commons-geometry/commons-geometry-io-core/src/test/java/org/apache/commons/geometry/io/core/internal/SimpleTextParserTest_OE25Dev_geom_left_354_1.java:[527,9] cannot find symbol
[ERROR]   symbol:   method assertChar(char,int)
[ERROR]   location: class org.apache.commons.geometry.io.core.internal.SimpleTextParserTest_OE25Dev_geom_left_354_1
[ERROR] /home/tasfia/Desktop/OE25-DEV/projects_decomposed/commons-geometry/commons-geometry-io-core/src/test/java/org/apache/commons/geometry/io/core/internal/SimpleTextParserTest_OE25Dev_geom_left_354_1.java:[531,9] cannot find symbol
[ERROR]   symbol:   method assertChar(int,int)
[ERROR]   location: class org.apache.commons.geometry.io.core.internal.SimpleTextParserTest_OE25Dev_geom_left_354_1
[ERROR] /home/tasfia/Desktop/OE25-DEV/projects_decomposed/commons-geometry/commons-geometry-io-core/src/test/java/org/apache/commons/geometry/io/core/internal/SimpleTextParserTest_OE25Dev_geom_left_354_1.java:[535,9] cannot find symbol
[ERROR]   symbol:   method assertChar(int,int)
[ERROR]   location: class org.apache.commons.geometry.io.core.internal.SimpleTextParserTest_OE25Dev_geom_left_354_1
[ERROR] /home/tasfia/Desktop/OE25-DEV/projects_decomposed/commons-geometry/commons-geometry-io-core/src/test/java/org/apache/commons/geometry/io/core/internal/SimpleTextParserTest_OE25Dev_geom_left_354_1.java:[539,9] cannot find symbol
[ERROR]   symbol:   method assertChar(int,int)
[ERROR]   location: class org.apache.commons.geometry.io.core.internal.SimpleTextParserTest_OE25Dev_geom_left_354_1
[ERROR] /home/tasfia/Desktop/OE25-DEV/projects_decomposed/commons-geometry/commons-geometry-io-core/src/test/java/org/apache/commons/geometry/io/core/internal/SimpleTextParserTest_OE25Dev_geom_left_354_1.java:[551,9] cannot find symbol
[ERROR]   symbol:   method assertChar(char,int)
[ERROR]   location: class org.apache.commons.geometry.io.core.internal.SimpleTextParserTest_OE25Dev_geom_left_354_1
[ERROR] /home/tasfia/Desktop/OE25-DEV/projects_decomposed/commons-geometry/commons-geometry-io-core/src/test/java/org/apache/commons/geometry/io/core/internal/SimpleTextParserTest_OE25Dev_geom_left_354_1.java:[555,9] cannot find symbol
[ERROR]   symbol:   method assertChar(char,int)
[ERROR]   location: class org.apache.commons.geometry.io.core.internal.SimpleTextParserTest_OE25Dev_geom_left_354_1
[ERROR] /home/tasfia/Desktop/OE25-DEV/projects_decomposed/commons-geometry/commons-geometry-io-core/src/test/java/org/apache/commons/geometry/io/core/internal/SimpleTextParserTest_OE25Dev_geom_left_354_1.java:[559,9] cannot find symbol
[ERROR]   symbol:   method assertChar(char,int)
[ERROR]   location: class org.apache.commons.geometry.io.core.internal.SimpleTextParserTest_OE25Dev_geom_left_354_1
[ERROR] /home/tasfia/Desktop/OE25-DEV/projects_decomposed/commons-geometry/commons-geometry-io-core/src/test/java/org/apache/commons/geometry/io/core/internal/SimpleTextParserTest_OE25Dev_geom_left_354_1.java:[563,9] cannot find symbol
[ERROR]   symbol:   method assertChar(int,int)
[ERROR]   location: class org.apache.commons.geometry.io.core.internal.SimpleTextParserTest_OE25Dev_geom_left_354_1
[ERROR] /home/tasfia/Desktop/OE25-DEV/projects_decomposed/commons-geometry/commons-geometry-io-core/src/test/java/org/apache/commons/geometry/io/core/internal/SimpleTextParserTest_OE25Dev_geom_left_354_1.java:[567,9] cannot find symbol
[ERROR]   symbol:   method assertChar(int,int)
[ERROR]   location: class org.apache.commons.geometry.io.core.internal.SimpleTextParserTest_OE25Dev_geom_left_354_1
[ERROR] /home/tasfia/Desktop/OE25-DEV/projects_decomposed/commons-geometry/commons-geometry-io-core/src/test/java/org/apache/commons/geometry/io/core/internal/SimpleTextParserTest_OE25Dev_geom_left_354_1.java:[571,9] cannot find symbol
[ERROR]   symbol:   method assertChar(int,int)
[ERROR]   location: class org.apache.commons.geometry.io.core.internal.SimpleTextParserTest_OE25Dev_geom_left_354_1
[ERROR] /home/tasfia/Desktop/OE25-DEV/projects_decomposed/commons-geometry/commons-geometry-io-core/src/test/java/org/apache/commons/geometry/io/core/internal/SimpleTextParserTest_OE25Dev_geom_left_354_1.java:[582,9] cannot find symbol
[ERROR]   symbol:   method assertChar(char,int)
[ERROR]   location: class org.apache.commons.geometry.io.core.internal.SimpleTextParserTest_OE25Dev_geom_left_354_1
[ERROR] /home/tasfia/Desktop/OE25-DEV/projects_decomposed/commons-geometry/commons-geometry-io-core/src/test/java/org/apache/commons/geometry/io/core/internal/SimpleTextParserTest_OE25Dev_geom_left_354_1.java:[586,9] cannot find symbol
[ERROR]   symbol:   method assertChar(char,int)
[ERROR]   location: class org.apache.commons.geometry.io.core.internal.SimpleTextParserTest_OE25Dev_geom_left_354_1
[ERROR] /home/tasfia/Desktop/OE25-DEV/projects_decomposed/commons-geometry/commons-geometry-io-core/src/test/java/org/apache/commons/geometry/io/core/internal/SimpleTextParserTest_OE25Dev_geom_left_354_1.java:[590,9] cannot find symbol
[ERROR]   symbol:   method assertChar(char,int)
[ERROR]   location: class org.apache.commons.geometry.io.core.internal.SimpleTextParserTest_OE25Dev_geom_left_354_1
[ERROR] /home/tasfia/Desktop/OE25-DEV/projects_decomposed/commons-geometry/commons-geometry-io-core/src/test/java/org/apache/commons/geometry/io/core/internal/SimpleTextParserTest_OE25Dev_geom_left_354_1.java:[594,9] cannot find symbol
[ERROR]   symbol:   method assertChar(char,int)
[ERROR]   location: class org.apache.commons.geometry.io.core.internal.SimpleTextParserTest_OE25Dev_geom_left_354_1
[ERROR] /home/tasfia/Desktop/OE25-DEV/projects_decomposed/commons-geometry/commons-geometry-io-core/src/test/java/org/apache/commons/geometry/io/core/internal/SimpleTextParserTest_OE25Dev_geom_left_354_1.java:[598,9] cannot find symbol
[ERROR]   symbol:   method assertChar(char,int)
[ERROR]   location: class org.apache.commons.geometry.io.core.internal.SimpleTextParserTest_OE25Dev_geom_left_354_1
[ERROR] /home/tasfia/Desktop/OE25-DEV/projects_decomposed/commons-geometry/commons-geometry-io-core/src/test/java/org/apache/commons/geometry/io/core/internal/SimpleTextParserTest_OE25Dev_geom_left_354_1.java:[602,9] cannot find symbol
[ERROR]   symbol:   method assertChar(int,int)
[ERROR]   location: class org.apache.commons.geometry.io.core.internal.SimpleTextParserTest_OE25Dev_geom_left_354_1
[ERROR] /home/tasfia/Desktop/OE25-DEV/projects_decomposed/commons-geometry/commons-geometry-io-core/src/test/java/org/apache/commons/geometry/io/core/internal/SimpleTextParserTest_OE25Dev_geom_left_354_1.java:[606,9] cannot find symbol
[ERROR]   symbol:   method assertChar(int,int)
[ERROR]   location: class org.apache.commons.geometry.io.core.internal.SimpleTextParserTest_OE25Dev_geom_left_354_1
[ERROR] /home/tasfia/Desktop/OE25-DEV/projects_decomposed/commons-geometry/commons-geometry-io-core/src/test/java/org/apache/commons/geometry/io/core/internal/SimpleTextParserTest_OE25Dev_geom_left_354_1.java:[618,9] cannot find symbol
[ERROR]   symbol:   method assertChar(char,int)
[ERROR]   location: class org.apache.commons.geometry.io.core.internal.SimpleTextParserTest_OE25Dev_geom_left_354_1
[ERROR] /home/tasfia/Desktop/OE25-DEV/projects_decomposed/commons-geometry/commons-geometry-io-core/src/test/java/org/apache/commons/geometry/io/core/internal/SimpleTextParserTest_OE25Dev_geom_left_354_1.java:[622,9] cannot find symbol
[ERROR]   symbol:   method assertChar(char,int)
[ERROR]   location: class org.apache.commons.geometry.io.core.internal.SimpleTextParserTest_OE25Dev_geom_left_354_1
[ERROR] /home/tasfia/Desktop/OE25-DEV/projects_decomposed/commons-geometry/commons-geometry-io-core/src/test/java/org/apache/commons/geometry/io/core/internal/SimpleTextParserTest_OE25Dev_geom_left_354_1.java:[626,9] cannot find symbol
[ERROR]   symbol:   method assertChar(char,int)
[ERROR]   location: class org.apache.commons.geometry.io.core.internal.SimpleTextParserTest_OE25Dev_geom_left_354_1
[ERROR] /home/tasfia/Desktop/OE25-DEV/projects_decomposed/commons-geometry/commons-geometry-io-core/src/test/java/org/apache/commons/geometry/io/core/internal/SimpleTextParserTest_OE25Dev_geom_left_354_1.java:[630,9] cannot find symbol
[ERROR]   symbol:   method assertChar(char,int)
[ERROR]   location: class org.apache.commons.geometry.io.core.internal.SimpleTextParserTest_OE25Dev_geom_left_354_1
[ERROR] /home/tasfia/Desktop/OE25-DEV/projects_decomposed/commons-geometry/commons-geometry-io-core/src/test/java/org/apache/commons/geometry/io/core/internal/SimpleTextParserTest_OE25Dev_geom_left_354_1.java:[634,9] cannot find symbol
[ERROR]   symbol:   method assertChar(char,int)
[ERROR]   location: class org.apache.commons.geometry.io.core.internal.SimpleTextParserTest_OE25Dev_geom_left_354_1
[ERROR] /home/tasfia/Desktop/OE25-DEV/projects_decomposed/commons-geometry/commons-geometry-io-core/src/test/java/org/apache/commons/geometry/io/core/internal/SimpleTextParserTest_OE25Dev_geom_left_354_1.java:[638,9] cannot find symbol
[ERROR]   symbol:   method assertChar(int,int)
[ERROR]   location: class org.apache.commons.geometry.io.core.internal.SimpleTextParserTest_OE25Dev_geom_left_354_1
[ERROR] /home/tasfia/Desktop/OE25-DEV/projects_decomposed/commons-geometry/commons-geometry-io-core/src/test/java/org/apache/commons/geometry/io/core/internal/SimpleTextParserTest_OE25Dev_geom_left_354_1.java:[642,9] cannot find symbol
[ERROR]   symbol:   method assertChar(int,int)
[ERROR]   location: class org.apache.commons.geometry.io.core.internal.SimpleTextParserTest_OE25Dev_geom_left_354_1
[ERROR] /home/tasfia/Desktop/OE25-DEV/projects_decomposed/commons-geometry/commons-geometry-io-core/src/test/java/org/apache/commons/geometry/io/core/internal/SimpleTextParserTest_OE25Dev_geom_left_354_1.java:[654,9] cannot find symbol
[ERROR]   symbol:   method assertChar(char,int)
[ERROR]   location: class org.apache.commons.geometry.io.core.internal.SimpleTextParserTest_OE25Dev_geom_left_354_1
[ERROR] /home/tasfia/Desktop/OE25-DEV/projects_decomposed/commons-geometry/commons-geometry-io-core/src/test/java/org/apache/commons/geometry/io/core/internal/SimpleTextParserTest_OE25Dev_geom_left_354_1.java:[658,9] cannot find symbol
[ERROR]   symbol:   method assertChar(char,int)
[ERROR]   location: class org.apache.commons.geometry.io.core.internal.SimpleTextParserTest_OE25Dev_geom_left_354_1
[ERROR] /home/tasfia/Desktop/OE25-DEV/projects_decomposed/commons-geometry/commons-geometry-io-core/src/test/java/org/apache/commons/geometry/io/core/internal/SimpleTextParserTest_OE25Dev_geom_left_354_1.java:[662,9] cannot find symbol
[ERROR]   symbol:   method assertChar(char,int)
[ERROR]   location: class org.apache.commons.geometry.io.core.internal.SimpleTextParserTest_OE25Dev_geom_left_354_1
[ERROR] /home/tasfia/Desktop/OE25-DEV/projects_decomposed/commons-geometry/commons-geometry-io-core/src/test/java/org/apache/commons/geometry/io/core/internal/SimpleTextParserTest_OE25Dev_geom_left_354_1.java:[666,9] cannot find symbol
[ERROR]   symbol:   method assertChar(int,int)
[ERROR]   location: class org.apache.commons.geometry.io.core.internal.SimpleTextParserTest_OE25Dev_geom_left_354_1
[ERROR] /home/tasfia/Desktop/OE25-DEV/projects_decomposed/commons-geometry/commons-geometry-io-core/src/test/java/org/apache/commons/geometry/io/core/internal/SimpleTextParserTest_OE25Dev_geom_left_354_1.java:[677,9] cannot find symbol
[ERROR]   symbol:   method assertChar(char,int)
[ERROR]   location: class org.apache.commons.geometry.io.core.internal.SimpleTextParserTest_OE25Dev_geom_left_354_1
[ERROR] /home/tasfia/Desktop/OE25-DEV/projects_decomposed/commons-geometry/commons-geometry-io-core/src/test/java/org/apache/commons/geometry/io/core/internal/SimpleTextParserTest_OE25Dev_geom_left_354_1.java:[681,9] cannot find symbol
[ERROR]   symbol:   method assertChar(char,int)
[ERROR]   location: class org.apache.commons.geometry.io.core.internal.SimpleTextParserTest_OE25Dev_geom_left_354_1
[ERROR] /home/tasfia/Desktop/OE25-DEV/projects_decomposed/commons-geometry/commons-geometry-io-core/src/test/java/org/apache/commons/geometry/io/core/internal/SimpleTextParserTest_OE25Dev_geom_left_354_1.java:[685,9] cannot find symbol
[ERROR]   symbol:   method assertChar(char,int)
[ERROR]   location: class org.apache.commons.geometry.io.core.internal.SimpleTextParserTest_OE25Dev_geom_left_354_1
[ERROR] /home/tasfia/Desktop/OE25-DEV/projects_decomposed/commons-geometry/commons-geometry-io-core/src/test/java/org/apache/commons/geometry/io/core/internal/SimpleTextParserTest_OE25Dev_geom_left_354_1.java:[689,9] cannot find symbol
[ERROR]   symbol:   method assertChar(char,int)
[ERROR]   location: class org.apache.commons.geometry.io.core.internal.SimpleTextParserTest_OE25Dev_geom_left_354_1
[ERROR] /home/tasfia/Desktop/OE25-DEV/projects_decomposed/commons-geometry/commons-geometry-io-core/src/test/java/org/apache/commons/geometry/io/core/internal/SimpleTextParserTest_OE25Dev_geom_left_354_1.java:[693,9] cannot find symbol
[ERROR]   symbol:   method assertChar(char,int)
[ERROR]   location: class org.apache.commons.geometry.io.core.internal.SimpleTextParserTest_OE25Dev_geom_left_354_1
[ERROR] /home/tasfia/Desktop/OE25-DEV/projects_decomposed/commons-geometry/commons-geometry-io-core/src/test/java/org/apache/commons/geometry/io/core/internal/SimpleTextParserTest_OE25Dev_geom_left_354_1.java:[697,9] cannot find symbol
[ERROR]   symbol:   method assertChar(char,int)
[ERROR]   location: class org.apache.commons.geometry.io.core.internal.SimpleTextParserTest_OE25Dev_geom_left_354_1
[ERROR] /home/tasfia/Desktop/OE25-DEV/projects_decomposed/commons-geometry/commons-geometry-io-core/src/test/java/org/apache/commons/geometry/io/core/internal/SimpleTextParserTest_OE25Dev_geom_left_354_1.java:[701,9] cannot find symbol
[ERROR]   symbol:   method assertChar(char,int)
[ERROR]   location: class org.apache.commons.geometry.io.core.internal.SimpleTextParserTest_OE25Dev_geom_left_354_1
[ERROR] /home/tasfia/Desktop/OE25-DEV/projects_decomposed/commons-geometry/commons-geometry-io-core/src/test/java/org/apache/commons/geometry/io/core/internal/SimpleTextParserTest_OE25Dev_geom_left_354_1.java:[705,9] cannot find symbol
[ERROR]   symbol:   method assertChar(int,int)
[ERROR]   location: class org.apache.commons.geometry.io.core.internal.SimpleTextParserTest_OE25Dev_geom_left_354_1
[ERROR] /home/tasfia/Desktop/OE25-DEV/projects_decomposed/commons-geometry/commons-geometry-io-core/src/test/java/org/apache/commons/geometry/io/core/internal/SimpleTextParserTest_OE25Dev_geom_left_354_1.java:[716,9] cannot find symbol
[ERROR]   symbol:   method assertChar(char,int)
[ERROR]   location: class org.apache.commons.geometry.io.core.internal.SimpleTextParserTest_OE25Dev_geom_left_354_1
[ERROR] /home/tasfia/Desktop/OE25-DEV/projects_decomposed/commons-geometry/commons-geometry-io-core/src/test/java/org/apache/commons/geometry/io/core/internal/SimpleTextParserTest_OE25Dev_geom_left_354_1.java:[722,9] cannot find symbol
[ERROR]   symbol:   method assertChar(char,int)
[ERROR]   location: class org.apache.commons.geometry.io.core.internal.SimpleTextParserTest_OE25Dev_geom_left_354_1
[ERROR] /home/tasfia/Desktop/OE25-DEV/projects_decomposed/commons-geometry/commons-geometry-io-core/src/test/java/org/apache/commons/geometry/io/core/internal/SimpleTextParserTest_OE25Dev_geom_left_354_1.java:[726,9] cannot find symbol
[ERROR]   symbol:   method assertChar(char,int)
[ERROR]   location: class org.apache.commons.geometry.io.core.internal.SimpleTextParserTest_OE25Dev_geom_left_354_1
[ERROR] /home/tasfia/Desktop/OE25-DEV/projects_decomposed/commons-geometry/commons-geometry-io-core/src/test/java/org/apache/commons/geometry/io/core/internal/SimpleTextParserTest_OE25Dev_geom_left_354_1.java:[732,9] cannot find symbol
[ERROR]   symbol:   method assertChar(char,int)
[ERROR]   location: class org.apache.commons.geometry.io.core.internal.SimpleTextParserTest_OE25Dev_geom_left_354_1
[ERROR] /home/tasfia/Desktop/OE25-DEV/projects_decomposed/commons-geometry/commons-geometry-io-core/src/test/java/org/apache/commons/geometry/io/core/internal/SimpleTextParserTest_OE25Dev_geom_left_354_1.java:[736,9] cannot find symbol
[ERROR]   symbol:   method assertChar(char,int)
[ERROR]   location: class org.apache.commons.geometry.io.core.internal.SimpleTextParserTest_OE25Dev_geom_left_354_1
[ERROR] /home/tasfia/Desktop/OE25-DEV/projects_decomposed/commons-geometry/commons-geometry-io-core/src/test/java/org/apache/commons/geometry/io/core/internal/SimpleTextParserTest_OE25Dev_geom_left_354_1.java:[740,9] cannot find symbol
[ERROR]   symbol:   method assertChar(int,int)
[ERROR]   location: class org.apache.commons.geometry.io.core.internal.SimpleTextParserTest_OE25Dev_geom_left_354_1
[ERROR] /home/tasfia/Desktop/OE25-DEV/projects_decomposed/commons-geometry/commons-geometry-io-core/src/test/java/org/apache/commons/geometry/io/core/internal/SimpleTextParserTest_OE25Dev_geom_left_354_1.java:[750,9] cannot find symbol
[ERROR]   symbol:   method assertChar(char,int)
[ERROR]   location: class org.apache.commons.geometry.io.core.internal.SimpleTextParserTest_OE25Dev_geom_left_354_1
[ERROR] /home/tasfia/Desktop/OE25-DEV/projects_decomposed/commons-geometry/commons-geometry-io-core/src/test/java/org/apache/commons/geometry/io/core/internal/SimpleTextParserTest_OE25Dev_geom_left_354_1.java:[754,9] cannot find symbol
[ERROR]   symbol:   method assertChar(char,int)
[ERROR]   location: class org.apache.commons.geometry.io.core.internal.SimpleTextParserTest_OE25Dev_geom_left_354_1
[ERROR] /home/tasfia/Desktop/OE25-DEV/projects_decomposed/commons-geometry/commons-geometry-io-core/src/test/java/org/apache/commons/geometry/io/core/internal/SimpleTextParserTest_OE25Dev_geom_left_354_1.java:[759,9] cannot find symbol
[ERROR]   symbol:   method assertChar(int,int)
[ERROR]   location: class org.apache.commons.geometry.io.core.internal.SimpleTextParserTest_OE25Dev_geom_left_354_1
[ERROR] /home/tasfia/Desktop/OE25-DEV/projects_decomposed/commons-geometry/commons-geometry-io-core/src/test/java/org/apache/commons/geometry/io/core/internal/SimpleTextParserTest_OE25Dev_geom_left_354_1.java:[763,9] cannot find symbol
[ERROR]   symbol:   method assertChar(int,int)
[ERROR]   location: class org.apache.commons.geometry.io.core.internal.SimpleTextParserTest_OE25Dev_geom_left_354_1
[ERROR] /home/tasfia/Desktop/OE25-DEV/projects_decomposed/commons-geometry/commons-geometry-io-core/src/test/java/org/apache/commons/geometry/io/core/internal/SimpleTextParserTest_OE25Dev_geom_left_354_1.java:[789,9] cannot find symbol
[ERROR]   symbol:   method assertChar(char,int)
[ERROR]   location: class org.apache.commons.geometry.io.core.internal.SimpleTextParserTest_OE25Dev_geom_left_354_1
[ERROR] /home/tasfia/Desktop/OE25-DEV/projects_decomposed/commons-geometry/commons-geometry-io-core/src/test/java/org/apache/commons/geometry/io/core/internal/SimpleTextParserTest_OE25Dev_geom_left_354_1.java:[830,9] cannot find symbol
[ERROR]   symbol:   method assertChar(char,int)
[ERROR]   location: class org.apache.commons.geometry.io.core.internal.SimpleTextParserTest_OE25Dev_geom_left_354_1
[ERROR] -> [Help 1]
[ERROR] 
[ERROR] To see the full stack trace of the errors, re-run Maven with the -e switch.
[ERROR] Re-run Maven using the -X switch to enable full debug logging.
[ERROR] 
[ERROR] For more information about the errors and possible solutions, please read the following articles:
[ERROR] [Help 1] http://cwiki.apache.org/confluence/display/MAVEN/MojoFailureException
