[ERROR] COMPILATION ERROR : 
[ERROR] /home/tasfia/Desktop/OE25-DEV/projects_decomposed/commons-geometry/commons-geometry-core/src/test/java/org/apache/commons/geometry/core/partitioning/bsp/BSPTreeVisitorTest_OE25Dev_geom_left_1008_2.java:[80,9] cannot find symbol
  symbol:   method checkFarthestFirst(org.apache.commons.geometry.core.partitioning.test.TestPoint2D,org.apache.commons.geometry.core.partitioning.test.TestBSPTree.TestNode,org.apache.commons.geometry.core.partitioning.bsp.BSPTreeVisitor.Order)
  location: class org.apache.commons.geometry.core.partitioning.bsp.BSPTreeVisitorTest_OE25Dev_geom_left_1008_2
[ERROR] /home/tasfia/Desktop/OE25-DEV/projects_decomposed/commons-geometry/commons-geometry-core/src/test/java/org/apache/commons/geometry/core/partitioning/bsp/BSPTreeVisitorTest_OE25Dev_geom_left_1008_2.java:[81,9] cannot find symbol
  symbol:   method checkFarthestFirst(org.apache.commons.geometry.core.partitioning.test.TestPoint2D,org.apache.commons.geometry.core.partitioning.test.TestBSPTree.TestNode,org.apache.commons.geometry.core.partitioning.bsp.BSPTreeVisitor.Order)
  location: class org.apache.commons.geometry.core.partitioning.bsp.BSPTreeVisitorTest_OE25Dev_geom_left_1008_2
[ERROR] /home/tasfia/Desktop/OE25-DEV/projects_decomposed/commons-geometry/commons-geometry-core/src/test/java/org/apache/commons/geometry/core/partitioning/bsp/BSPTreeVisitorTest_OE25Dev_geom_left_1008_2.java:[82,9] cannot find symbol
  symbol:   method checkFarthestFirst(org.apache.commons.geometry.core.partitioning.test.TestPoint2D,org.apache.commons.geometry.core.partitioning.test.TestBSPTree.TestNode,org.apache.commons.geometry.core.partitioning.bsp.BSPTreeVisitor.Order)
  location: class org.apache.commons.geometry.core.partitioning.bsp.BSPTreeVisitorTest_OE25Dev_geom_left_1008_2
[ERROR] /home/tasfia/Desktop/OE25-DEV/projects_decomposed/commons-geometry/commons-geometry-core/src/test/java/org/apache/commons/geometry/core/partitioning/bsp/BSPTreeVisitorTest_OE25Dev_geom_left_1008_2.java:[84,9] cannot find symbol
  symbol:   method checkFarthestFirst(org.apache.commons.geometry.core.partitioning.test.TestPoint2D,org.apache.commons.geometry.core.partitioning.test.TestBSPTree.TestNode,org.apache.commons.geometry.core.partitioning.bsp.BSPTreeVisitor.Order)
  location: class org.apache.commons.geometry.core.partitioning.bsp.BSPTreeVisitorTest_OE25Dev_geom_left_1008_2
[ERROR] /home/tasfia/Desktop/OE25-DEV/projects_decomposed/commons-geometry/commons-geometry-core/src/test/java/org/apache/commons/geometry/core/partitioning/bsp/BSPTreeVisitorTest_OE25Dev_geom_left_1008_2.java:[85,9] cannot find symbol
  symbol:   method checkFarthestFirst(org.apache.commons.geometry.core.partitioning.test.TestPoint2D,org.apache.commons.geometry.core.partitioning.test.TestBSPTree.TestNode,org.apache.commons.geometry.core.partitioning.bsp.BSPTreeVisitor.Order)
  location: class org.apache.commons.geometry.core.partitioning.bsp.BSPTreeVisitorTest_OE25Dev_geom_left_1008_2
[ERROR] /home/tasfia/Desktop/OE25-DEV/projects_decomposed/commons-geometry/commons-geometry-core/src/test/java/org/apache/commons/geometry/core/partitioning/bsp/BSPTreeVisitorTest_OE25Dev_geom_left_1008_2.java:[86,9] cannot find symbol
  symbol:   method checkFarthestFirst(org.apache.commons.geometry.core.partitioning.test.TestPoint2D,org.apache.commons.geometry.core.partitioning.test.TestBSPTree.TestNode,org.apache.commons.geometry.core.partitioning.bsp.BSPTreeVisitor.Order)
  location: class org.apache.commons.geometry.core.partitioning.bsp.BSPTreeVisitorTest_OE25Dev_geom_left_1008_2
[ERROR] /home/tasfia/Desktop/OE25-DEV/projects_decomposed/commons-geometry/commons-geometry-core/src/test/java/org/apache/commons/geometry/core/partitioning/bsp/BSPTreeVisitorTest_OE25Dev_geom_left_1008_2.java:[88,9] cannot find symbol
  symbol:   method checkFarthestFirst(org.apache.commons.geometry.core.partitioning.test.TestPoint2D,org.apache.commons.geometry.core.partitioning.test.TestBSPTree.TestNode,org.apache.commons.geometry.core.partitioning.bsp.BSPTreeVisitor.Order)
  location: class org.apache.commons.geometry.core.partitioning.bsp.BSPTreeVisitorTest_OE25Dev_geom_left_1008_2
[ERROR] /home/tasfia/Desktop/OE25-DEV/projects_decomposed/commons-geometry/commons-geometry-core/src/test/java/org/apache/commons/geometry/core/partitioning/bsp/BSPTreeVisitorTest_OE25Dev_geom_left_1008_2.java:[89,9] cannot find symbol
  symbol:   method checkFarthestFirst(org.apache.commons.geometry.core.partitioning.test.TestPoint2D,org.apache.commons.geometry.core.partitioning.test.TestBSPTree.TestNode,org.apache.commons.geometry.core.partitioning.bsp.BSPTreeVisitor.Order)
  location: class org.apache.commons.geometry.core.partitioning.bsp.BSPTreeVisitorTest_OE25Dev_geom_left_1008_2
[ERROR] /home/tasfia/Desktop/OE25-DEV/projects_decomposed/commons-geometry/commons-geometry-core/src/test/java/org/apache/commons/geometry/core/partitioning/bsp/BSPTreeVisitorTest_OE25Dev_geom_left_1008_2.java:[90,9] cannot find symbol
  symbol:   method checkFarthestFirst(org.apache.commons.geometry.core.partitioning.test.TestPoint2D,org.apache.commons.geometry.core.partitioning.test.TestBSPTree.TestNode,org.apache.commons.geometry.core.partitioning.bsp.BSPTreeVisitor.Order)
  location: class org.apache.commons.geometry.core.partitioning.bsp.BSPTreeVisitorTest_OE25Dev_geom_left_1008_2
[ERROR] /home/tasfia/Desktop/OE25-DEV/projects_decomposed/commons-geometry/commons-geometry-core/src/test/java/org/apache/commons/geometry/core/partitioning/bsp/BSPTreeVisitorTest_OE25Dev_geom_left_1008_2.java:[92,9] cannot find symbol
  symbol:   method checkFarthestFirst(org.apache.commons.geometry.core.partitioning.test.TestPoint2D,org.apache.commons.geometry.core.partitioning.test.TestBSPTree.TestNode,org.apache.commons.geometry.core.partitioning.bsp.BSPTreeVisitor.Order)
  location: class org.apache.commons.geometry.core.partitioning.bsp.BSPTreeVisitorTest_OE25Dev_geom_left_1008_2
[ERROR] /home/tasfia/Desktop/OE25-DEV/projects_decomposed/commons-geometry/commons-geometry-core/src/test/java/org/apache/commons/geometry/core/partitioning/bsp/BSPTreeVisitorTest_OE25Dev_geom_left_1008_2.java:[93,9] cannot find symbol
  symbol:   method checkFarthestFirst(org.apache.commons.geometry.core.partitioning.test.TestPoint2D,org.apache.commons.geometry.core.partitioning.test.TestBSPTree.TestNode,org.apache.commons.geometry.core.partitioning.bsp.BSPTreeVisitor.Order)
  location: class org.apache.commons.geometry.core.partitioning.bsp.BSPTreeVisitorTest_OE25Dev_geom_left_1008_2
[ERROR] /home/tasfia/Desktop/OE25-DEV/projects_decomposed/commons-geometry/commons-geometry-core/src/test/java/org/apache/commons/geometry/core/partitioning/bsp/BSPTreeVisitorTest_OE25Dev_geom_left_1008_2.java:[94,9] cannot find symbol
  symbol:   method checkFarthestFirst(org.apache.commons.geometry.core.partitioning.test.TestPoint2D,org.apache.commons.geometry.core.partitioning.test.TestBSPTree.TestNode,org.apache.commons.geometry.core.partitioning.bsp.BSPTreeVisitor.Order)
  location: class org.apache.commons.geometry.core.partitioning.bsp.BSPTreeVisitorTest_OE25Dev_geom_left_1008_2
[ERROR] /home/tasfia/Desktop/OE25-DEV/projects_decomposed/commons-geometry/commons-geometry-core/src/test/java/org/apache/commons/geometry/core/partitioning/bsp/BSPTreeVisitorTest_OE25Dev_geom_left_1008_2.java:[96,9] cannot find symbol
  symbol:   method checkFarthestFirst(org.apache.commons.geometry.core.partitioning.test.TestPoint2D,org.apache.commons.geometry.core.partitioning.test.TestBSPTree.TestNode,org.apache.commons.geometry.core.partitioning.bsp.BSPTreeVisitor.Order)
  location: class org.apache.commons.geometry.core.partitioning.bsp.BSPTreeVisitorTest_OE25Dev_geom_left_1008_2
[ERROR] /home/tasfia/Desktop/OE25-DEV/projects_decomposed/commons-geometry/commons-geometry-core/src/test/java/org/apache/commons/geometry/core/partitioning/bsp/BSPTreeVisitorTest_OE25Dev_geom_left_1008_2.java:[97,9] cannot find symbol
  symbol:   method checkFarthestFirst(org.apache.commons.geometry.core.partitioning.test.TestPoint2D,org.apache.commons.geometry.core.partitioning.test.TestBSPTree.TestNode,org.apache.commons.geometry.core.partitioning.bsp.BSPTreeVisitor.Order)
  location: class org.apache.commons.geometry.core.partitioning.bsp.BSPTreeVisitorTest_OE25Dev_geom_left_1008_2
[ERROR] /home/tasfia/Desktop/OE25-DEV/projects_decomposed/commons-geometry/commons-geometry-core/src/test/java/org/apache/commons/geometry/core/partitioning/bsp/BSPTreeVisitorTest_OE25Dev_geom_left_1008_2.java:[98,9] cannot find symbol
  symbol:   method checkFarthestFirst(org.apache.commons.geometry.core.partitioning.test.TestPoint2D,org.apache.commons.geometry.core.partitioning.test.TestBSPTree.TestNode,org.apache.commons.geometry.core.partitioning.bsp.BSPTreeVisitor.Order)
  location: class org.apache.commons.geometry.core.partitioning.bsp.BSPTreeVisitorTest_OE25Dev_geom_left_1008_2
[ERROR] Failed to execute goal org.apache.maven.plugins:maven-compiler-plugin:3.8.1:testCompile (default-testCompile) on project commons-geometry-core: Compilation failure: Compilation failure: 
[ERROR] /home/tasfia/Desktop/OE25-DEV/projects_decomposed/commons-geometry/commons-geometry-core/src/test/java/org/apache/commons/geometry/core/partitioning/bsp/BSPTreeVisitorTest_OE25Dev_geom_left_1008_2.java:[80,9] cannot find symbol
[ERROR]   symbol:   method checkFarthestFirst(org.apache.commons.geometry.core.partitioning.test.TestPoint2D,org.apache.commons.geometry.core.partitioning.test.TestBSPTree.TestNode,org.apache.commons.geometry.core.partitioning.bsp.BSPTreeVisitor.Order)
[ERROR]   location: class org.apache.commons.geometry.core.partitioning.bsp.BSPTreeVisitorTest_OE25Dev_geom_left_1008_2
[ERROR] /home/tasfia/Desktop/OE25-DEV/projects_decomposed/commons-geometry/commons-geometry-core/src/test/java/org/apache/commons/geometry/core/partitioning/bsp/BSPTreeVisitorTest_OE25Dev_geom_left_1008_2.java:[81,9] cannot find symbol
[ERROR]   symbol:   method checkFarthestFirst(org.apache.commons.geometry.core.partitioning.test.TestPoint2D,org.apache.commons.geometry.core.partitioning.test.TestBSPTree.TestNode,org.apache.commons.geometry.core.partitioning.bsp.BSPTreeVisitor.Order)
[ERROR]   location: class org.apache.commons.geometry.core.partitioning.bsp.BSPTreeVisitorTest_OE25Dev_geom_left_1008_2
[ERROR] /home/tasfia/Desktop/OE25-DEV/projects_decomposed/commons-geometry/commons-geometry-core/src/test/java/org/apache/commons/geometry/core/partitioning/bsp/BSPTreeVisitorTest_OE25Dev_geom_left_1008_2.java:[82,9] cannot find symbol
[ERROR]   symbol:   method checkFarthestFirst(org.apache.commons.geometry.core.partitioning.test.TestPoint2D,org.apache.commons.geometry.core.partitioning.test.TestBSPTree.TestNode,org.apache.commons.geometry.core.partitioning.bsp.BSPTreeVisitor.Order)
[ERROR]   location: class org.apache.commons.geometry.core.partitioning.bsp.BSPTreeVisitorTest_OE25Dev_geom_left_1008_2
[ERROR] /home/tasfia/Desktop/OE25-DEV/projects_decomposed/commons-geometry/commons-geometry-core/src/test/java/org/apache/commons/geometry/core/partitioning/bsp/BSPTreeVisitorTest_OE25Dev_geom_left_1008_2.java:[84,9] cannot find symbol
[ERROR]   symbol:   method checkFarthestFirst(org.apache.commons.geometry.core.partitioning.test.TestPoint2D,org.apache.commons.geometry.core.partitioning.test.TestBSPTree.TestNode,org.apache.commons.geometry.core.partitioning.bsp.BSPTreeVisitor.Order)
[ERROR]   location: class org.apache.commons.geometry.core.partitioning.bsp.BSPTreeVisitorTest_OE25Dev_geom_left_1008_2
[ERROR] /home/tasfia/Desktop/OE25-DEV/projects_decomposed/commons-geometry/commons-geometry-core/src/test/java/org/apache/commons/geometry/core/partitioning/bsp/BSPTreeVisitorTest_OE25Dev_geom_left_1008_2.java:[85,9] cannot find symbol
[ERROR]   symbol:   method checkFarthestFirst(org.apache.commons.geometry.core.partitioning.test.TestPoint2D,org.apache.commons.geometry.core.partitioning.test.TestBSPTree.TestNode,org.apache.commons.geometry.core.partitioning.bsp.BSPTreeVisitor.Order)
[ERROR]   location: class org.apache.commons.geometry.core.partitioning.bsp.BSPTreeVisitorTest_OE25Dev_geom_left_1008_2
[ERROR] /home/tasfia/Desktop/OE25-DEV/projects_decomposed/commons-geometry/commons-geometry-core/src/test/java/org/apache/commons/geometry/core/partitioning/bsp/BSPTreeVisitorTest_OE25Dev_geom_left_1008_2.java:[86,9] cannot find symbol
[ERROR]   symbol:   method checkFarthestFirst(org.apache.commons.geometry.core.partitioning.test.TestPoint2D,org.apache.commons.geometry.core.partitioning.test.TestBSPTree.TestNode,org.apache.commons.geometry.core.partitioning.bsp.BSPTreeVisitor.Order)
[ERROR]   location: class org.apache.commons.geometry.core.partitioning.bsp.BSPTreeVisitorTest_OE25Dev_geom_left_1008_2
[ERROR] /home/tasfia/Desktop/OE25-DEV/projects_decomposed/commons-geometry/commons-geometry-core/src/test/java/org/apache/commons/geometry/core/partitioning/bsp/BSPTreeVisitorTest_OE25Dev_geom_left_1008_2.java:[88,9] cannot find symbol
[ERROR]   symbol:   method checkFarthestFirst(org.apache.commons.geometry.core.partitioning.test.TestPoint2D,org.apache.commons.geometry.core.partitioning.test.TestBSPTree.TestNode,org.apache.commons.geometry.core.partitioning.bsp.BSPTreeVisitor.Order)
[ERROR]   location: class org.apache.commons.geometry.core.partitioning.bsp.BSPTreeVisitorTest_OE25Dev_geom_left_1008_2
[ERROR] /home/tasfia/Desktop/OE25-DEV/projects_decomposed/commons-geometry/commons-geometry-core/src/test/java/org/apache/commons/geometry/core/partitioning/bsp/BSPTreeVisitorTest_OE25Dev_geom_left_1008_2.java:[89,9] cannot find symbol
[ERROR]   symbol:   method checkFarthestFirst(org.apache.commons.geometry.core.partitioning.test.TestPoint2D,org.apache.commons.geometry.core.partitioning.test.TestBSPTree.TestNode,org.apache.commons.geometry.core.partitioning.bsp.BSPTreeVisitor.Order)
[ERROR]   location: class org.apache.commons.geometry.core.partitioning.bsp.BSPTreeVisitorTest_OE25Dev_geom_left_1008_2
[ERROR] /home/tasfia/Desktop/OE25-DEV/projects_decomposed/commons-geometry/commons-geometry-core/src/test/java/org/apache/commons/geometry/core/partitioning/bsp/BSPTreeVisitorTest_OE25Dev_geom_left_1008_2.java:[90,9] cannot find symbol
[ERROR]   symbol:   method checkFarthestFirst(org.apache.commons.geometry.core.partitioning.test.TestPoint2D,org.apache.commons.geometry.core.partitioning.test.TestBSPTree.TestNode,org.apache.commons.geometry.core.partitioning.bsp.BSPTreeVisitor.Order)
[ERROR]   location: class org.apache.commons.geometry.core.partitioning.bsp.BSPTreeVisitorTest_OE25Dev_geom_left_1008_2
[ERROR] /home/tasfia/Desktop/OE25-DEV/projects_decomposed/commons-geometry/commons-geometry-core/src/test/java/org/apache/commons/geometry/core/partitioning/bsp/BSPTreeVisitorTest_OE25Dev_geom_left_1008_2.java:[92,9] cannot find symbol
[ERROR]   symbol:   method checkFarthestFirst(org.apache.commons.geometry.core.partitioning.test.TestPoint2D,org.apache.commons.geometry.core.partitioning.test.TestBSPTree.TestNode,org.apache.commons.geometry.core.partitioning.bsp.BSPTreeVisitor.Order)
[ERROR]   location: class org.apache.commons.geometry.core.partitioning.bsp.BSPTreeVisitorTest_OE25Dev_geom_left_1008_2
[ERROR] /home/tasfia/Desktop/OE25-DEV/projects_decomposed/commons-geometry/commons-geometry-core/src/test/java/org/apache/commons/geometry/core/partitioning/bsp/BSPTreeVisitorTest_OE25Dev_geom_left_1008_2.java:[93,9] cannot find symbol
[ERROR]   symbol:   method checkFarthestFirst(org.apache.commons.geometry.core.partitioning.test.TestPoint2D,org.apache.commons.geometry.core.partitioning.test.TestBSPTree.TestNode,org.apache.commons.geometry.core.partitioning.bsp.BSPTreeVisitor.Order)
[ERROR]   location: class org.apache.commons.geometry.core.partitioning.bsp.BSPTreeVisitorTest_OE25Dev_geom_left_1008_2
[ERROR] /home/tasfia/Desktop/OE25-DEV/projects_decomposed/commons-geometry/commons-geometry-core/src/test/java/org/apache/commons/geometry/core/partitioning/bsp/BSPTreeVisitorTest_OE25Dev_geom_left_1008_2.java:[94,9] cannot find symbol
[ERROR]   symbol:   method checkFarthestFirst(org.apache.commons.geometry.core.partitioning.test.TestPoint2D,org.apache.commons.geometry.core.partitioning.test.TestBSPTree.TestNode,org.apache.commons.geometry.core.partitioning.bsp.BSPTreeVisitor.Order)
[ERROR]   location: class org.apache.commons.geometry.core.partitioning.bsp.BSPTreeVisitorTest_OE25Dev_geom_left_1008_2
[ERROR] /home/tasfia/Desktop/OE25-DEV/projects_decomposed/commons-geometry/commons-geometry-core/src/test/java/org/apache/commons/geometry/core/partitioning/bsp/BSPTreeVisitorTest_OE25Dev_geom_left_1008_2.java:[96,9] cannot find symbol
[ERROR]   symbol:   method checkFarthestFirst(org.apache.commons.geometry.core.partitioning.test.TestPoint2D,org.apache.commons.geometry.core.partitioning.test.TestBSPTree.TestNode,org.apache.commons.geometry.core.partitioning.bsp.BSPTreeVisitor.Order)
[ERROR]   location: class org.apache.commons.geometry.core.partitioning.bsp.BSPTreeVisitorTest_OE25Dev_geom_left_1008_2
[ERROR] /home/tasfia/Desktop/OE25-DEV/projects_decomposed/commons-geometry/commons-geometry-core/src/test/java/org/apache/commons/geometry/core/partitioning/bsp/BSPTreeVisitorTest_OE25Dev_geom_left_1008_2.java:[97,9] cannot find symbol
[ERROR]   symbol:   method checkFarthestFirst(org.apache.commons.geometry.core.partitioning.test.TestPoint2D,org.apache.commons.geometry.core.partitioning.test.TestBSPTree.TestNode,org.apache.commons.geometry.core.partitioning.bsp.BSPTreeVisitor.Order)
[ERROR]   location: class org.apache.commons.geometry.core.partitioning.bsp.BSPTreeVisitorTest_OE25Dev_geom_left_1008_2
[ERROR] /home/tasfia/Desktop/OE25-DEV/projects_decomposed/commons-geometry/commons-geometry-core/src/test/java/org/apache/commons/geometry/core/partitioning/bsp/BSPTreeVisitorTest_OE25Dev_geom_left_1008_2.java:[98,9] cannot find symbol
[ERROR]   symbol:   method checkFarthestFirst(org.apache.commons.geometry.core.partitioning.test.TestPoint2D,org.apache.commons.geometry.core.partitioning.test.TestBSPTree.TestNode,org.apache.commons.geometry.core.partitioning.bsp.BSPTreeVisitor.Order)
[ERROR]   location: class org.apache.commons.geometry.core.partitioning.bsp.BSPTreeVisitorTest_OE25Dev_geom_left_1008_2
[ERROR] -> [Help 1]
[ERROR] 
[ERROR] To see the full stack trace of the errors, re-run Maven with the -e switch.
[ERROR] Re-run Maven using the -X switch to enable full debug logging.
[ERROR] 
[ERROR] For more information about the errors and possible solutions, please read the following articles:
[ERROR] [Help 1] http://cwiki.apache.org/confluence/display/MAVEN/MojoFailureException
