[ERROR] COMPILATION ERROR : 
[ERROR] /home/tasfia/Desktop/OE25-DEV/projects_decomposed/commons-geometry/commons-geometry-core/src/test/java/org/apache/commons/geometry/core/internal/SimpleTupleFormatTest_OE25Dev_geom_left_844_2.java:[360,9] cannot find symbol
  symbol:   method checkParse3DFailure(org.apache.commons.geometry.core.internal.SimpleTupleFormat,java.lang.String,java.lang.String)
  location: class org.apache.commons.geometry.core.internal.SimpleTupleFormatTest_OE25Dev_geom_left_844_2
[ERROR] /home/tasfia/Desktop/OE25-DEV/projects_decomposed/commons-geometry/commons-geometry-core/src/test/java/org/apache/commons/geometry/core/internal/SimpleTupleFormatTest_OE25Dev_geom_left_844_2.java:[361,9] cannot find symbol
  symbol:   method checkParse3DFailure(org.apache.commons.geometry.core.internal.SimpleTupleFormat,java.lang.String,java.lang.String)
  location: class org.apache.commons.geometry.core.internal.SimpleTupleFormatTest_OE25Dev_geom_left_844_2
[ERROR] /home/tasfia/Desktop/OE25-DEV/projects_decomposed/commons-geometry/commons-geometry-core/src/test/java/org/apache/commons/geometry/core/internal/SimpleTupleFormatTest_OE25Dev_geom_left_844_2.java:[363,9] cannot find symbol
  symbol:   method checkParse3DFailure(org.apache.commons.geometry.core.internal.SimpleTupleFormat,java.lang.String,java.lang.String)
  location: class org.apache.commons.geometry.core.internal.SimpleTupleFormatTest_OE25Dev_geom_left_844_2
[ERROR] /home/tasfia/Desktop/OE25-DEV/projects_decomposed/commons-geometry/commons-geometry-core/src/test/java/org/apache/commons/geometry/core/internal/SimpleTupleFormatTest_OE25Dev_geom_left_844_2.java:[365,9] cannot find symbol
  symbol:   method checkParse3DFailure(org.apache.commons.geometry.core.internal.SimpleTupleFormat,java.lang.String,java.lang.String)
  location: class org.apache.commons.geometry.core.internal.SimpleTupleFormatTest_OE25Dev_geom_left_844_2
[ERROR] /home/tasfia/Desktop/OE25-DEV/projects_decomposed/commons-geometry/commons-geometry-core/src/test/java/org/apache/commons/geometry/core/internal/SimpleTupleFormatTest_OE25Dev_geom_left_844_2.java:[388,9] cannot find symbol
  symbol:   method checkParse3DFailure(org.apache.commons.geometry.core.internal.SimpleTupleFormat,java.lang.String,java.lang.String)
  location: class org.apache.commons.geometry.core.internal.SimpleTupleFormatTest_OE25Dev_geom_left_844_2
[ERROR] Failed to execute goal org.apache.maven.plugins:maven-compiler-plugin:3.8.1:testCompile (default-testCompile) on project commons-geometry-core: Compilation failure: Compilation failure: 
[ERROR] /home/tasfia/Desktop/OE25-DEV/projects_decomposed/commons-geometry/commons-geometry-core/src/test/java/org/apache/commons/geometry/core/internal/SimpleTupleFormatTest_OE25Dev_geom_left_844_2.java:[360,9] cannot find symbol
[ERROR]   symbol:   method checkParse3DFailure(org.apache.commons.geometry.core.internal.SimpleTupleFormat,java.lang.String,java.lang.String)
[ERROR]   location: class org.apache.commons.geometry.core.internal.SimpleTupleFormatTest_OE25Dev_geom_left_844_2
[ERROR] /home/tasfia/Desktop/OE25-DEV/projects_decomposed/commons-geometry/commons-geometry-core/src/test/java/org/apache/commons/geometry/core/internal/SimpleTupleFormatTest_OE25Dev_geom_left_844_2.java:[361,9] cannot find symbol
[ERROR]   symbol:   method checkParse3DFailure(org.apache.commons.geometry.core.internal.SimpleTupleFormat,java.lang.String,java.lang.String)
[ERROR]   location: class org.apache.commons.geometry.core.internal.SimpleTupleFormatTest_OE25Dev_geom_left_844_2
[ERROR] /home/tasfia/Desktop/OE25-DEV/projects_decomposed/commons-geometry/commons-geometry-core/src/test/java/org/apache/commons/geometry/core/internal/SimpleTupleFormatTest_OE25Dev_geom_left_844_2.java:[363,9] cannot find symbol
[ERROR]   symbol:   method checkParse3DFailure(org.apache.commons.geometry.core.internal.SimpleTupleFormat,java.lang.String,java.lang.String)
[ERROR]   location: class org.apache.commons.geometry.core.internal.SimpleTupleFormatTest_OE25Dev_geom_left_844_2
[ERROR] /home/tasfia/Desktop/OE25-DEV/projects_decomposed/commons-geometry/commons-geometry-core/src/test/java/org/apache/commons/geometry/core/internal/SimpleTupleFormatTest_OE25Dev_geom_left_844_2.java:[365,9] cannot find symbol
[ERROR]   symbol:   method checkParse3DFailure(org.apache.commons.geometry.core.internal.SimpleTupleFormat,java.lang.String,java.lang.String)
[ERROR]   location: class org.apache.commons.geometry.core.internal.SimpleTupleFormatTest_OE25Dev_geom_left_844_2
[ERROR] /home/tasfia/Desktop/OE25-DEV/projects_decomposed/commons-geometry/commons-geometry-core/src/test/java/org/apache/commons/geometry/core/internal/SimpleTupleFormatTest_OE25Dev_geom_left_844_2.java:[388,9] cannot find symbol
[ERROR]   symbol:   method checkParse3DFailure(org.apache.commons.geometry.core.internal.SimpleTupleFormat,java.lang.String,java.lang.String)
[ERROR]   location: class org.apache.commons.geometry.core.internal.SimpleTupleFormatTest_OE25Dev_geom_left_844_2
[ERROR] -> [Help 1]
[ERROR] 
[ERROR] To see the full stack trace of the errors, re-run Maven with the -e switch.
[ERROR] Re-run Maven using the -X switch to enable full debug logging.
[ERROR] 
[ERROR] For more information about the errors and possible solutions, please read the following articles:
[ERROR] [Help 1] http://cwiki.apache.org/confluence/display/MAVEN/MojoFailureException
