[ERROR] COMPILATION ERROR : 
[ERROR] /home/tasfia/Desktop/OE25-DEV/projects_decomposed/commons-geometry/commons-geometry-euclidean/src/test/java/org/apache/commons/geometry/euclidean/threed/shape/SphereTest_OE25Dev_geom_left_2433_4.java:[248,9] cannot find symbol
  symbol:   method checkLinecast(org.apache.commons.geometry.euclidean.threed.shape.Sphere,org.apache.commons.geometry.euclidean.threed.line.Segment3D,org.apache.commons.geometry.euclidean.threed.Vector3D,org.apache.commons.geometry.euclidean.threed.Vector3D)
  location: class org.apache.commons.geometry.euclidean.threed.shape.SphereTest_OE25Dev_geom_left_2433_4
[ERROR] /home/tasfia/Desktop/OE25-DEV/projects_decomposed/commons-geometry/commons-geometry-euclidean/src/test/java/org/apache/commons/geometry/euclidean/threed/shape/SphereTest_OE25Dev_geom_left_2433_4.java:[250,9] cannot find symbol
  symbol:   method checkLinecast(org.apache.commons.geometry.euclidean.threed.shape.Sphere,org.apache.commons.geometry.euclidean.threed.line.Segment3D,org.apache.commons.geometry.euclidean.threed.Vector3D)
  location: class org.apache.commons.geometry.euclidean.threed.shape.SphereTest_OE25Dev_geom_left_2433_4
[ERROR] /home/tasfia/Desktop/OE25-DEV/projects_decomposed/commons-geometry/commons-geometry-euclidean/src/test/java/org/apache/commons/geometry/euclidean/threed/shape/SphereTest_OE25Dev_geom_left_2433_4.java:[252,9] cannot find symbol
  symbol:   method checkLinecast(org.apache.commons.geometry.euclidean.threed.shape.Sphere,org.apache.commons.geometry.euclidean.threed.line.Segment3D)
  location: class org.apache.commons.geometry.euclidean.threed.shape.SphereTest_OE25Dev_geom_left_2433_4
[ERROR] /home/tasfia/Desktop/OE25-DEV/projects_decomposed/commons-geometry/commons-geometry-euclidean/src/test/java/org/apache/commons/geometry/euclidean/threed/shape/SphereTest_OE25Dev_geom_left_2433_4.java:[262,9] cannot find symbol
  symbol:   method checkLinecast(org.apache.commons.geometry.euclidean.threed.shape.Sphere,org.apache.commons.geometry.euclidean.threed.line.Segment3D)
  location: class org.apache.commons.geometry.euclidean.threed.shape.SphereTest_OE25Dev_geom_left_2433_4
[ERROR] /home/tasfia/Desktop/OE25-DEV/projects_decomposed/commons-geometry/commons-geometry-euclidean/src/test/java/org/apache/commons/geometry/euclidean/threed/shape/SphereTest_OE25Dev_geom_left_2433_4.java:[263,9] cannot find symbol
  symbol:   method checkLinecast(org.apache.commons.geometry.euclidean.threed.shape.Sphere,org.apache.commons.geometry.euclidean.threed.line.Segment3D)
  location: class org.apache.commons.geometry.euclidean.threed.shape.SphereTest_OE25Dev_geom_left_2433_4
[ERROR] /home/tasfia/Desktop/OE25-DEV/projects_decomposed/commons-geometry/commons-geometry-euclidean/src/test/java/org/apache/commons/geometry/euclidean/threed/shape/SphereTest_OE25Dev_geom_left_2433_4.java:[264,9] cannot find symbol
  symbol:   method checkLinecast(org.apache.commons.geometry.euclidean.threed.shape.Sphere,org.apache.commons.geometry.euclidean.threed.line.Segment3D)
  location: class org.apache.commons.geometry.euclidean.threed.shape.SphereTest_OE25Dev_geom_left_2433_4
[ERROR] /home/tasfia/Desktop/OE25-DEV/projects_decomposed/commons-geometry/commons-geometry-euclidean/src/test/java/org/apache/commons/geometry/euclidean/threed/shape/SphereTest_OE25Dev_geom_left_2433_4.java:[265,9] cannot find symbol
  symbol:   method checkLinecast(org.apache.commons.geometry.euclidean.threed.shape.Sphere,org.apache.commons.geometry.euclidean.threed.line.Segment3D)
  location: class org.apache.commons.geometry.euclidean.threed.shape.SphereTest_OE25Dev_geom_left_2433_4
[ERROR] /home/tasfia/Desktop/OE25-DEV/projects_decomposed/commons-geometry/commons-geometry-euclidean/src/test/java/org/apache/commons/geometry/euclidean/threed/shape/SphereTest_OE25Dev_geom_left_2433_4.java:[278,9] cannot find symbol
  symbol:   method checkLinecast(org.apache.commons.geometry.euclidean.threed.shape.Sphere,org.apache.commons.geometry.euclidean.threed.line.Segment3D,org.apache.commons.geometry.euclidean.threed.Vector3D)
  location: class org.apache.commons.geometry.euclidean.threed.shape.SphereTest_OE25Dev_geom_left_2433_4
[ERROR] /home/tasfia/Desktop/OE25-DEV/projects_decomposed/commons-geometry/commons-geometry-euclidean/src/test/java/org/apache/commons/geometry/euclidean/threed/shape/SphereTest_OE25Dev_geom_left_2433_4.java:[279,9] cannot find symbol
  symbol:   method checkLinecast(org.apache.commons.geometry.euclidean.threed.shape.Sphere,org.apache.commons.geometry.euclidean.threed.line.Segment3D,org.apache.commons.geometry.euclidean.threed.Vector3D,org.apache.commons.geometry.euclidean.threed.Vector3D)
  location: class org.apache.commons.geometry.euclidean.threed.shape.SphereTest_OE25Dev_geom_left_2433_4
[ERROR] /home/tasfia/Desktop/OE25-DEV/projects_decomposed/commons-geometry/commons-geometry-euclidean/src/test/java/org/apache/commons/geometry/euclidean/threed/shape/SphereTest_OE25Dev_geom_left_2433_4.java:[280,9] cannot find symbol
  symbol:   method checkLinecast(org.apache.commons.geometry.euclidean.threed.shape.Sphere,org.apache.commons.geometry.euclidean.threed.line.Segment3D,org.apache.commons.geometry.euclidean.threed.Vector3D)
  location: class org.apache.commons.geometry.euclidean.threed.shape.SphereTest_OE25Dev_geom_left_2433_4
[ERROR] Failed to execute goal org.apache.maven.plugins:maven-compiler-plugin:3.8.1:testCompile (default-testCompile) on project commons-geometry-euclidean: Compilation failure: Compilation failure: 
[ERROR] /home/tasfia/Desktop/OE25-DEV/projects_decomposed/commons-geometry/commons-geometry-euclidean/src/test/java/org/apache/commons/geometry/euclidean/threed/shape/SphereTest_OE25Dev_geom_left_2433_4.java:[248,9] cannot find symbol
[ERROR]   symbol:   method checkLinecast(org.apache.commons.geometry.euclidean.threed.shape.Sphere,org.apache.commons.geometry.euclidean.threed.line.Segment3D,org.apache.commons.geometry.euclidean.threed.Vector3D,org.apache.commons.geometry.euclidean.threed.Vector3D)
[ERROR]   location: class org.apache.commons.geometry.euclidean.threed.shape.SphereTest_OE25Dev_geom_left_2433_4
[ERROR] /home/tasfia/Desktop/OE25-DEV/projects_decomposed/commons-geometry/commons-geometry-euclidean/src/test/java/org/apache/commons/geometry/euclidean/threed/shape/SphereTest_OE25Dev_geom_left_2433_4.java:[250,9] cannot find symbol
[ERROR]   symbol:   method checkLinecast(org.apache.commons.geometry.euclidean.threed.shape.Sphere,org.apache.commons.geometry.euclidean.threed.line.Segment3D,org.apache.commons.geometry.euclidean.threed.Vector3D)
[ERROR]   location: class org.apache.commons.geometry.euclidean.threed.shape.SphereTest_OE25Dev_geom_left_2433_4
[ERROR] /home/tasfia/Desktop/OE25-DEV/projects_decomposed/commons-geometry/commons-geometry-euclidean/src/test/java/org/apache/commons/geometry/euclidean/threed/shape/SphereTest_OE25Dev_geom_left_2433_4.java:[252,9] cannot find symbol
[ERROR]   symbol:   method checkLinecast(org.apache.commons.geometry.euclidean.threed.shape.Sphere,org.apache.commons.geometry.euclidean.threed.line.Segment3D)
[ERROR]   location: class org.apache.commons.geometry.euclidean.threed.shape.SphereTest_OE25Dev_geom_left_2433_4
[ERROR] /home/tasfia/Desktop/OE25-DEV/projects_decomposed/commons-geometry/commons-geometry-euclidean/src/test/java/org/apache/commons/geometry/euclidean/threed/shape/SphereTest_OE25Dev_geom_left_2433_4.java:[262,9] cannot find symbol
[ERROR]   symbol:   method checkLinecast(org.apache.commons.geometry.euclidean.threed.shape.Sphere,org.apache.commons.geometry.euclidean.threed.line.Segment3D)
[ERROR]   location: class org.apache.commons.geometry.euclidean.threed.shape.SphereTest_OE25Dev_geom_left_2433_4
[ERROR] /home/tasfia/Desktop/OE25-DEV/projects_decomposed/commons-geometry/commons-geometry-euclidean/src/test/java/org/apache/commons/geometry/euclidean/threed/shape/SphereTest_OE25Dev_geom_left_2433_4.java:[263,9] cannot find symbol
[ERROR]   symbol:   method checkLinecast(org.apache.commons.geometry.euclidean.threed.shape.Sphere,org.apache.commons.geometry.euclidean.threed.line.Segment3D)
[ERROR]   location: class org.apache.commons.geometry.euclidean.threed.shape.SphereTest_OE25Dev_geom_left_2433_4
[ERROR] /home/tasfia/Desktop/OE25-DEV/projects_decomposed/commons-geometry/commons-geometry-euclidean/src/test/java/org/apache/commons/geometry/euclidean/threed/shape/SphereTest_OE25Dev_geom_left_2433_4.java:[264,9] cannot find symbol
[ERROR]   symbol:   method checkLinecast(org.apache.commons.geometry.euclidean.threed.shape.Sphere,org.apache.commons.geometry.euclidean.threed.line.Segment3D)
[ERROR]   location: class org.apache.commons.geometry.euclidean.threed.shape.SphereTest_OE25Dev_geom_left_2433_4
[ERROR] /home/tasfia/Desktop/OE25-DEV/projects_decomposed/commons-geometry/commons-geometry-euclidean/src/test/java/org/apache/commons/geometry/euclidean/threed/shape/SphereTest_OE25Dev_geom_left_2433_4.java:[265,9] cannot find symbol
[ERROR]   symbol:   method checkLinecast(org.apache.commons.geometry.euclidean.threed.shape.Sphere,org.apache.commons.geometry.euclidean.threed.line.Segment3D)
[ERROR]   location: class org.apache.commons.geometry.euclidean.threed.shape.SphereTest_OE25Dev_geom_left_2433_4
[ERROR] /home/tasfia/Desktop/OE25-DEV/projects_decomposed/commons-geometry/commons-geometry-euclidean/src/test/java/org/apache/commons/geometry/euclidean/threed/shape/SphereTest_OE25Dev_geom_left_2433_4.java:[278,9] cannot find symbol
[ERROR]   symbol:   method checkLinecast(org.apache.commons.geometry.euclidean.threed.shape.Sphere,org.apache.commons.geometry.euclidean.threed.line.Segment3D,org.apache.commons.geometry.euclidean.threed.Vector3D)
[ERROR]   location: class org.apache.commons.geometry.euclidean.threed.shape.SphereTest_OE25Dev_geom_left_2433_4
[ERROR] /home/tasfia/Desktop/OE25-DEV/projects_decomposed/commons-geometry/commons-geometry-euclidean/src/test/java/org/apache/commons/geometry/euclidean/threed/shape/SphereTest_OE25Dev_geom_left_2433_4.java:[279,9] cannot find symbol
[ERROR]   symbol:   method checkLinecast(org.apache.commons.geometry.euclidean.threed.shape.Sphere,org.apache.commons.geometry.euclidean.threed.line.Segment3D,org.apache.commons.geometry.euclidean.threed.Vector3D,org.apache.commons.geometry.euclidean.threed.Vector3D)
[ERROR]   location: class org.apache.commons.geometry.euclidean.threed.shape.SphereTest_OE25Dev_geom_left_2433_4
[ERROR] /home/tasfia/Desktop/OE25-DEV/projects_decomposed/commons-geometry/commons-geometry-euclidean/src/test/java/org/apache/commons/geometry/euclidean/threed/shape/SphereTest_OE25Dev_geom_left_2433_4.java:[280,9] cannot find symbol
[ERROR]   symbol:   method checkLinecast(org.apache.commons.geometry.euclidean.threed.shape.Sphere,org.apache.commons.geometry.euclidean.threed.line.Segment3D,org.apache.commons.geometry.euclidean.threed.Vector3D)
[ERROR]   location: class org.apache.commons.geometry.euclidean.threed.shape.SphereTest_OE25Dev_geom_left_2433_4
[ERROR] -> [Help 1]
[ERROR] 
[ERROR] To see the full stack trace of the errors, re-run Maven with the -e switch.
[ERROR] Re-run Maven using the -X switch to enable full debug logging.
[ERROR] 
[ERROR] For more information about the errors and possible solutions, please read the following articles:
[ERROR] [Help 1] http://cwiki.apache.org/confluence/display/MAVEN/MojoFailureException
