[ERROR] COMPILATION ERROR : 
[ERROR] /home/tasfia/Desktop/OE25-DEV/projects_decomposed/commons-geometry/commons-geometry-euclidean/src/test/java/org/apache/commons/geometry/euclidean/twod/path/InteriorAngleLinePathConnectorTest_OE25Dev_geom_left_2285_1.java:[74,13] cannot find symbol
  symbol:   method assertFinitePath(org.apache.commons.geometry.euclidean.twod.path.LinePath,org.apache.commons.geometry.euclidean.twod.Vector2D,org.apache.commons.geometry.euclidean.twod.Vector2D.Unit)
  location: class org.apache.commons.geometry.euclidean.twod.path.InteriorAngleLinePathConnectorTest_OE25Dev_geom_left_2285_1
[ERROR] /home/tasfia/Desktop/OE25-DEV/projects_decomposed/commons-geometry/commons-geometry-euclidean/src/test/java/org/apache/commons/geometry/euclidean/twod/path/InteriorAngleLinePathConnectorTest_OE25Dev_geom_left_2285_1.java:[94,13] cannot find symbol
  symbol:   method assertFinitePath(org.apache.commons.geometry.euclidean.twod.path.LinePath,org.apache.commons.geometry.euclidean.twod.Vector2D,org.apache.commons.geometry.euclidean.twod.Vector2D.Unit,org.apache.commons.geometry.euclidean.twod.Vector2D)
  location: class org.apache.commons.geometry.euclidean.twod.path.InteriorAngleLinePathConnectorTest_OE25Dev_geom_left_2285_1
[ERROR] /home/tasfia/Desktop/OE25-DEV/projects_decomposed/commons-geometry/commons-geometry-euclidean/src/test/java/org/apache/commons/geometry/euclidean/twod/path/InteriorAngleLinePathConnectorTest_OE25Dev_geom_left_2285_1.java:[110,13] cannot find symbol
  symbol:   method assertFinitePath(org.apache.commons.geometry.euclidean.twod.path.LinePath,org.apache.commons.geometry.euclidean.twod.Vector2D,org.apache.commons.geometry.euclidean.twod.Vector2D.Unit,org.apache.commons.geometry.euclidean.twod.Vector2D,org.apache.commons.geometry.euclidean.twod.Vector2D,org.apache.commons.geometry.euclidean.twod.Vector2D)
  location: class org.apache.commons.geometry.euclidean.twod.path.InteriorAngleLinePathConnectorTest_OE25Dev_geom_left_2285_1
[ERROR] /home/tasfia/Desktop/OE25-DEV/projects_decomposed/commons-geometry/commons-geometry-euclidean/src/test/java/org/apache/commons/geometry/euclidean/twod/path/InteriorAngleLinePathConnectorTest_OE25Dev_geom_left_2285_1.java:[137,13] cannot find symbol
  symbol:   method assertFinitePath(org.apache.commons.geometry.euclidean.twod.path.LinePath,org.apache.commons.geometry.euclidean.twod.Vector2D,org.apache.commons.geometry.euclidean.twod.Vector2D.Unit,org.apache.commons.geometry.euclidean.twod.Vector2D,org.apache.commons.geometry.euclidean.twod.Vector2D,org.apache.commons.geometry.euclidean.twod.Vector2D)
  location: class org.apache.commons.geometry.euclidean.twod.path.InteriorAngleLinePathConnectorTest_OE25Dev_geom_left_2285_1
[ERROR] /home/tasfia/Desktop/OE25-DEV/projects_decomposed/commons-geometry/commons-geometry-euclidean/src/test/java/org/apache/commons/geometry/euclidean/twod/path/InteriorAngleLinePathConnectorTest_OE25Dev_geom_left_2285_1.java:[162,9] cannot find symbol
  symbol:   method assertFinitePath(org.apache.commons.geometry.euclidean.twod.path.LinePath,org.apache.commons.geometry.euclidean.twod.Vector2D,org.apache.commons.geometry.euclidean.twod.Vector2D.Unit,org.apache.commons.geometry.euclidean.twod.Vector2D,org.apache.commons.geometry.euclidean.twod.Vector2D,org.apache.commons.geometry.euclidean.twod.Vector2D,org.apache.commons.geometry.euclidean.twod.Vector2D,org.apache.commons.geometry.euclidean.twod.Vector2D,org.apache.commons.geometry.euclidean.twod.Vector2D,org.apache.commons.geometry.euclidean.twod.Vector2D)
  location: class org.apache.commons.geometry.euclidean.twod.path.InteriorAngleLinePathConnectorTest_OE25Dev_geom_left_2285_1
[ERROR] /home/tasfia/Desktop/OE25-DEV/projects_decomposed/commons-geometry/commons-geometry-euclidean/src/test/java/org/apache/commons/geometry/euclidean/twod/path/InteriorAngleLinePathConnectorTest_OE25Dev_geom_left_2285_1.java:[186,9] cannot find symbol
  symbol:   method assertFinitePath(org.apache.commons.geometry.euclidean.twod.path.LinePath,org.apache.commons.geometry.euclidean.twod.Vector2D,org.apache.commons.geometry.euclidean.twod.Vector2D,org.apache.commons.geometry.euclidean.twod.Vector2D)
  location: class org.apache.commons.geometry.euclidean.twod.path.InteriorAngleLinePathConnectorTest_OE25Dev_geom_left_2285_1
[ERROR] /home/tasfia/Desktop/OE25-DEV/projects_decomposed/commons-geometry/commons-geometry-euclidean/src/test/java/org/apache/commons/geometry/euclidean/twod/path/InteriorAngleLinePathConnectorTest_OE25Dev_geom_left_2285_1.java:[189,9] cannot find symbol
  symbol:   method assertFinitePath(org.apache.commons.geometry.euclidean.twod.path.LinePath,org.apache.commons.geometry.euclidean.twod.Vector2D,org.apache.commons.geometry.euclidean.twod.Vector2D)
  location: class org.apache.commons.geometry.euclidean.twod.path.InteriorAngleLinePathConnectorTest_OE25Dev_geom_left_2285_1
[ERROR] /home/tasfia/Desktop/OE25-DEV/projects_decomposed/commons-geometry/commons-geometry-euclidean/src/test/java/org/apache/commons/geometry/euclidean/twod/path/InteriorAngleLinePathConnectorTest_OE25Dev_geom_left_2285_1.java:[209,9] cannot find symbol
  symbol:   method assertFinitePath(org.apache.commons.geometry.euclidean.twod.path.LinePath,org.apache.commons.geometry.euclidean.twod.Vector2D,org.apache.commons.geometry.euclidean.twod.Vector2D.Unit,org.apache.commons.geometry.euclidean.twod.Vector2D,org.apache.commons.geometry.euclidean.twod.Vector2D,org.apache.commons.geometry.euclidean.twod.Vector2D)
  location: class org.apache.commons.geometry.euclidean.twod.path.InteriorAngleLinePathConnectorTest_OE25Dev_geom_left_2285_1
[ERROR] /home/tasfia/Desktop/OE25-DEV/projects_decomposed/commons-geometry/commons-geometry-euclidean/src/test/java/org/apache/commons/geometry/euclidean/twod/path/InteriorAngleLinePathConnectorTest_OE25Dev_geom_left_2285_1.java:[213,9] cannot find symbol
  symbol:   method assertFinitePath(org.apache.commons.geometry.euclidean.twod.path.LinePath,org.apache.commons.geometry.euclidean.twod.Vector2D,org.apache.commons.geometry.euclidean.twod.Vector2D,org.apache.commons.geometry.euclidean.twod.Vector2D,org.apache.commons.geometry.euclidean.twod.Vector2D,org.apache.commons.geometry.euclidean.twod.Vector2D)
  location: class org.apache.commons.geometry.euclidean.twod.path.InteriorAngleLinePathConnectorTest_OE25Dev_geom_left_2285_1
[ERROR] /home/tasfia/Desktop/OE25-DEV/projects_decomposed/commons-geometry/commons-geometry-euclidean/src/test/java/org/apache/commons/geometry/euclidean/twod/path/InteriorAngleLinePathConnectorTest_OE25Dev_geom_left_2285_1.java:[235,9] cannot find symbol
  symbol:   method assertFinitePath(org.apache.commons.geometry.euclidean.twod.path.LinePath,org.apache.commons.geometry.euclidean.twod.Vector2D,org.apache.commons.geometry.euclidean.twod.Vector2D,org.apache.commons.geometry.euclidean.twod.Vector2D)
  location: class org.apache.commons.geometry.euclidean.twod.path.InteriorAngleLinePathConnectorTest_OE25Dev_geom_left_2285_1
[ERROR] /home/tasfia/Desktop/OE25-DEV/projects_decomposed/commons-geometry/commons-geometry-euclidean/src/test/java/org/apache/commons/geometry/euclidean/twod/path/InteriorAngleLinePathConnectorTest_OE25Dev_geom_left_2285_1.java:[238,9] cannot find symbol
  symbol:   method assertFinitePath(org.apache.commons.geometry.euclidean.twod.path.LinePath,org.apache.commons.geometry.euclidean.twod.Vector2D,org.apache.commons.geometry.euclidean.twod.Vector2D)
  location: class org.apache.commons.geometry.euclidean.twod.path.InteriorAngleLinePathConnectorTest_OE25Dev_geom_left_2285_1
[ERROR] /home/tasfia/Desktop/OE25-DEV/projects_decomposed/commons-geometry/commons-geometry-euclidean/src/test/java/org/apache/commons/geometry/euclidean/twod/path/InteriorAngleLinePathConnectorTest_OE25Dev_geom_left_2285_1.java:[256,9] cannot find symbol
  symbol:   method assertFinitePath(org.apache.commons.geometry.euclidean.twod.path.LinePath,org.apache.commons.geometry.euclidean.twod.Vector2D,org.apache.commons.geometry.euclidean.twod.Vector2D,org.apache.commons.geometry.euclidean.twod.Vector2D)
  location: class org.apache.commons.geometry.euclidean.twod.path.InteriorAngleLinePathConnectorTest_OE25Dev_geom_left_2285_1
[ERROR] /home/tasfia/Desktop/OE25-DEV/projects_decomposed/commons-geometry/commons-geometry-euclidean/src/test/java/org/apache/commons/geometry/euclidean/twod/path/InteriorAngleLinePathConnectorTest_OE25Dev_geom_left_2285_1.java:[259,9] cannot find symbol
  symbol:   method assertFinitePath(org.apache.commons.geometry.euclidean.twod.path.LinePath,org.apache.commons.geometry.euclidean.twod.Vector2D,org.apache.commons.geometry.euclidean.twod.Vector2D)
  location: class org.apache.commons.geometry.euclidean.twod.path.InteriorAngleLinePathConnectorTest_OE25Dev_geom_left_2285_1
[ERROR] /home/tasfia/Desktop/OE25-DEV/projects_decomposed/commons-geometry/commons-geometry-euclidean/src/test/java/org/apache/commons/geometry/euclidean/twod/path/InteriorAngleLinePathConnectorTest_OE25Dev_geom_left_2285_1.java:[277,9] cannot find symbol
  symbol:   method assertFinitePath(org.apache.commons.geometry.euclidean.twod.path.LinePath,org.apache.commons.geometry.euclidean.twod.Vector2D,org.apache.commons.geometry.euclidean.twod.Vector2D,org.apache.commons.geometry.euclidean.twod.Vector2D)
  location: class org.apache.commons.geometry.euclidean.twod.path.InteriorAngleLinePathConnectorTest_OE25Dev_geom_left_2285_1
[ERROR] /home/tasfia/Desktop/OE25-DEV/projects_decomposed/commons-geometry/commons-geometry-euclidean/src/test/java/org/apache/commons/geometry/euclidean/twod/path/InteriorAngleLinePathConnectorTest_OE25Dev_geom_left_2285_1.java:[280,9] cannot find symbol
  symbol:   method assertFinitePath(org.apache.commons.geometry.euclidean.twod.path.LinePath,org.apache.commons.geometry.euclidean.twod.Vector2D,org.apache.commons.geometry.euclidean.twod.Vector2D)
  location: class org.apache.commons.geometry.euclidean.twod.path.InteriorAngleLinePathConnectorTest_OE25Dev_geom_left_2285_1
[ERROR] Failed to execute goal org.apache.maven.plugins:maven-compiler-plugin:3.8.1:testCompile (default-testCompile) on project commons-geometry-euclidean: Compilation failure: Compilation failure: 
[ERROR] /home/tasfia/Desktop/OE25-DEV/projects_decomposed/commons-geometry/commons-geometry-euclidean/src/test/java/org/apache/commons/geometry/euclidean/twod/path/InteriorAngleLinePathConnectorTest_OE25Dev_geom_left_2285_1.java:[74,13] cannot find symbol
[ERROR]   symbol:   method assertFinitePath(org.apache.commons.geometry.euclidean.twod.path.LinePath,org.apache.commons.geometry.euclidean.twod.Vector2D,org.apache.commons.geometry.euclidean.twod.Vector2D.Unit)
[ERROR]   location: class org.apache.commons.geometry.euclidean.twod.path.InteriorAngleLinePathConnectorTest_OE25Dev_geom_left_2285_1
[ERROR] /home/tasfia/Desktop/OE25-DEV/projects_decomposed/commons-geometry/commons-geometry-euclidean/src/test/java/org/apache/commons/geometry/euclidean/twod/path/InteriorAngleLinePathConnectorTest_OE25Dev_geom_left_2285_1.java:[94,13] cannot find symbol
[ERROR]   symbol:   method assertFinitePath(org.apache.commons.geometry.euclidean.twod.path.LinePath,org.apache.commons.geometry.euclidean.twod.Vector2D,org.apache.commons.geometry.euclidean.twod.Vector2D.Unit,org.apache.commons.geometry.euclidean.twod.Vector2D)
[ERROR]   location: class org.apache.commons.geometry.euclidean.twod.path.InteriorAngleLinePathConnectorTest_OE25Dev_geom_left_2285_1
[ERROR] /home/tasfia/Desktop/OE25-DEV/projects_decomposed/commons-geometry/commons-geometry-euclidean/src/test/java/org/apache/commons/geometry/euclidean/twod/path/InteriorAngleLinePathConnectorTest_OE25Dev_geom_left_2285_1.java:[110,13] cannot find symbol
[ERROR]   symbol:   method assertFinitePath(org.apache.commons.geometry.euclidean.twod.path.LinePath,org.apache.commons.geometry.euclidean.twod.Vector2D,org.apache.commons.geometry.euclidean.twod.Vector2D.Unit,org.apache.commons.geometry.euclidean.twod.Vector2D,org.apache.commons.geometry.euclidean.twod.Vector2D,org.apache.commons.geometry.euclidean.twod.Vector2D)
[ERROR]   location: class org.apache.commons.geometry.euclidean.twod.path.InteriorAngleLinePathConnectorTest_OE25Dev_geom_left_2285_1
[ERROR] /home/tasfia/Desktop/OE25-DEV/projects_decomposed/commons-geometry/commons-geometry-euclidean/src/test/java/org/apache/commons/geometry/euclidean/twod/path/InteriorAngleLinePathConnectorTest_OE25Dev_geom_left_2285_1.java:[137,13] cannot find symbol
[ERROR]   symbol:   method assertFinitePath(org.apache.commons.geometry.euclidean.twod.path.LinePath,org.apache.commons.geometry.euclidean.twod.Vector2D,org.apache.commons.geometry.euclidean.twod.Vector2D.Unit,org.apache.commons.geometry.euclidean.twod.Vector2D,org.apache.commons.geometry.euclidean.twod.Vector2D,org.apache.commons.geometry.euclidean.twod.Vector2D)
[ERROR]   location: class org.apache.commons.geometry.euclidean.twod.path.InteriorAngleLinePathConnectorTest_OE25Dev_geom_left_2285_1
[ERROR] /home/tasfia/Desktop/OE25-DEV/projects_decomposed/commons-geometry/commons-geometry-euclidean/src/test/java/org/apache/commons/geometry/euclidean/twod/path/InteriorAngleLinePathConnectorTest_OE25Dev_geom_left_2285_1.java:[162,9] cannot find symbol
[ERROR]   symbol:   method assertFinitePath(org.apache.commons.geometry.euclidean.twod.path.LinePath,org.apache.commons.geometry.euclidean.twod.Vector2D,org.apache.commons.geometry.euclidean.twod.Vector2D.Unit,org.apache.commons.geometry.euclidean.twod.Vector2D,org.apache.commons.geometry.euclidean.twod.Vector2D,org.apache.commons.geometry.euclidean.twod.Vector2D,org.apache.commons.geometry.euclidean.twod.Vector2D,org.apache.commons.geometry.euclidean.twod.Vector2D,org.apache.commons.geometry.euclidean.twod.Vector2D,org.apache.commons.geometry.euclidean.twod.Vector2D)
[ERROR]   location: class org.apache.commons.geometry.euclidean.twod.path.InteriorAngleLinePathConnectorTest_OE25Dev_geom_left_2285_1
[ERROR] /home/tasfia/Desktop/OE25-DEV/projects_decomposed/commons-geometry/commons-geometry-euclidean/src/test/java/org/apache/commons/geometry/euclidean/twod/path/InteriorAngleLinePathConnectorTest_OE25Dev_geom_left_2285_1.java:[186,9] cannot find symbol
[ERROR]   symbol:   method assertFinitePath(org.apache.commons.geometry.euclidean.twod.path.LinePath,org.apache.commons.geometry.euclidean.twod.Vector2D,org.apache.commons.geometry.euclidean.twod.Vector2D,org.apache.commons.geometry.euclidean.twod.Vector2D)
[ERROR]   location: class org.apache.commons.geometry.euclidean.twod.path.InteriorAngleLinePathConnectorTest_OE25Dev_geom_left_2285_1
[ERROR] /home/tasfia/Desktop/OE25-DEV/projects_decomposed/commons-geometry/commons-geometry-euclidean/src/test/java/org/apache/commons/geometry/euclidean/twod/path/InteriorAngleLinePathConnectorTest_OE25Dev_geom_left_2285_1.java:[189,9] cannot find symbol
[ERROR]   symbol:   method assertFinitePath(org.apache.commons.geometry.euclidean.twod.path.LinePath,org.apache.commons.geometry.euclidean.twod.Vector2D,org.apache.commons.geometry.euclidean.twod.Vector2D)
[ERROR]   location: class org.apache.commons.geometry.euclidean.twod.path.InteriorAngleLinePathConnectorTest_OE25Dev_geom_left_2285_1
[ERROR] /home/tasfia/Desktop/OE25-DEV/projects_decomposed/commons-geometry/commons-geometry-euclidean/src/test/java/org/apache/commons/geometry/euclidean/twod/path/InteriorAngleLinePathConnectorTest_OE25Dev_geom_left_2285_1.java:[209,9] cannot find symbol
[ERROR]   symbol:   method assertFinitePath(org.apache.commons.geometry.euclidean.twod.path.LinePath,org.apache.commons.geometry.euclidean.twod.Vector2D,org.apache.commons.geometry.euclidean.twod.Vector2D.Unit,org.apache.commons.geometry.euclidean.twod.Vector2D,org.apache.commons.geometry.euclidean.twod.Vector2D,org.apache.commons.geometry.euclidean.twod.Vector2D)
[ERROR]   location: class org.apache.commons.geometry.euclidean.twod.path.InteriorAngleLinePathConnectorTest_OE25Dev_geom_left_2285_1
[ERROR] /home/tasfia/Desktop/OE25-DEV/projects_decomposed/commons-geometry/commons-geometry-euclidean/src/test/java/org/apache/commons/geometry/euclidean/twod/path/InteriorAngleLinePathConnectorTest_OE25Dev_geom_left_2285_1.java:[213,9] cannot find symbol
[ERROR]   symbol:   method assertFinitePath(org.apache.commons.geometry.euclidean.twod.path.LinePath,org.apache.commons.geometry.euclidean.twod.Vector2D,org.apache.commons.geometry.euclidean.twod.Vector2D,org.apache.commons.geometry.euclidean.twod.Vector2D,org.apache.commons.geometry.euclidean.twod.Vector2D,org.apache.commons.geometry.euclidean.twod.Vector2D)
[ERROR]   location: class org.apache.commons.geometry.euclidean.twod.path.InteriorAngleLinePathConnectorTest_OE25Dev_geom_left_2285_1
[ERROR] /home/tasfia/Desktop/OE25-DEV/projects_decomposed/commons-geometry/commons-geometry-euclidean/src/test/java/org/apache/commons/geometry/euclidean/twod/path/InteriorAngleLinePathConnectorTest_OE25Dev_geom_left_2285_1.java:[235,9] cannot find symbol
[ERROR]   symbol:   method assertFinitePath(org.apache.commons.geometry.euclidean.twod.path.LinePath,org.apache.commons.geometry.euclidean.twod.Vector2D,org.apache.commons.geometry.euclidean.twod.Vector2D,org.apache.commons.geometry.euclidean.twod.Vector2D)
[ERROR]   location: class org.apache.commons.geometry.euclidean.twod.path.InteriorAngleLinePathConnectorTest_OE25Dev_geom_left_2285_1
[ERROR] /home/tasfia/Desktop/OE25-DEV/projects_decomposed/commons-geometry/commons-geometry-euclidean/src/test/java/org/apache/commons/geometry/euclidean/twod/path/InteriorAngleLinePathConnectorTest_OE25Dev_geom_left_2285_1.java:[238,9] cannot find symbol
[ERROR]   symbol:   method assertFinitePath(org.apache.commons.geometry.euclidean.twod.path.LinePath,org.apache.commons.geometry.euclidean.twod.Vector2D,org.apache.commons.geometry.euclidean.twod.Vector2D)
[ERROR]   location: class org.apache.commons.geometry.euclidean.twod.path.InteriorAngleLinePathConnectorTest_OE25Dev_geom_left_2285_1
[ERROR] /home/tasfia/Desktop/OE25-DEV/projects_decomposed/commons-geometry/commons-geometry-euclidean/src/test/java/org/apache/commons/geometry/euclidean/twod/path/InteriorAngleLinePathConnectorTest_OE25Dev_geom_left_2285_1.java:[256,9] cannot find symbol
[ERROR]   symbol:   method assertFinitePath(org.apache.commons.geometry.euclidean.twod.path.LinePath,org.apache.commons.geometry.euclidean.twod.Vector2D,org.apache.commons.geometry.euclidean.twod.Vector2D,org.apache.commons.geometry.euclidean.twod.Vector2D)
[ERROR]   location: class org.apache.commons.geometry.euclidean.twod.path.InteriorAngleLinePathConnectorTest_OE25Dev_geom_left_2285_1
[ERROR] /home/tasfia/Desktop/OE25-DEV/projects_decomposed/commons-geometry/commons-geometry-euclidean/src/test/java/org/apache/commons/geometry/euclidean/twod/path/InteriorAngleLinePathConnectorTest_OE25Dev_geom_left_2285_1.java:[259,9] cannot find symbol
[ERROR]   symbol:   method assertFinitePath(org.apache.commons.geometry.euclidean.twod.path.LinePath,org.apache.commons.geometry.euclidean.twod.Vector2D,org.apache.commons.geometry.euclidean.twod.Vector2D)
[ERROR]   location: class org.apache.commons.geometry.euclidean.twod.path.InteriorAngleLinePathConnectorTest_OE25Dev_geom_left_2285_1
[ERROR] /home/tasfia/Desktop/OE25-DEV/projects_decomposed/commons-geometry/commons-geometry-euclidean/src/test/java/org/apache/commons/geometry/euclidean/twod/path/InteriorAngleLinePathConnectorTest_OE25Dev_geom_left_2285_1.java:[277,9] cannot find symbol
[ERROR]   symbol:   method assertFinitePath(org.apache.commons.geometry.euclidean.twod.path.LinePath,org.apache.commons.geometry.euclidean.twod.Vector2D,org.apache.commons.geometry.euclidean.twod.Vector2D,org.apache.commons.geometry.euclidean.twod.Vector2D)
[ERROR]   location: class org.apache.commons.geometry.euclidean.twod.path.InteriorAngleLinePathConnectorTest_OE25Dev_geom_left_2285_1
[ERROR] /home/tasfia/Desktop/OE25-DEV/projects_decomposed/commons-geometry/commons-geometry-euclidean/src/test/java/org/apache/commons/geometry/euclidean/twod/path/InteriorAngleLinePathConnectorTest_OE25Dev_geom_left_2285_1.java:[280,9] cannot find symbol
[ERROR]   symbol:   method assertFinitePath(org.apache.commons.geometry.euclidean.twod.path.LinePath,org.apache.commons.geometry.euclidean.twod.Vector2D,org.apache.commons.geometry.euclidean.twod.Vector2D)
[ERROR]   location: class org.apache.commons.geometry.euclidean.twod.path.InteriorAngleLinePathConnectorTest_OE25Dev_geom_left_2285_1
[ERROR] -> [Help 1]
[ERROR] 
[ERROR] To see the full stack trace of the errors, re-run Maven with the -e switch.
[ERROR] Re-run Maven using the -X switch to enable full debug logging.
[ERROR] 
[ERROR] For more information about the errors and possible solutions, please read the following articles:
[ERROR] [Help 1] http://cwiki.apache.org/confluence/display/MAVEN/MojoFailureException
