[ERROR] COMPILATION ERROR : 
[ERROR] /home/tasfia/Desktop/OE25-DEV/projects_decomposed/commons-geometry/commons-geometry-euclidean/src/test/java/org/apache/commons/geometry/euclidean/twod/ReverseRayTest_OE25Dev_geom_left_1548_2.java:[281,9] cannot find symbol
  symbol:   method checkSplit(org.apache.commons.geometry.core.partitioning.Split<org.apache.commons.geometry.euclidean.twod.LineConvexSubset>,<nulltype>,<nulltype>,<nulltype>,org.apache.commons.geometry.euclidean.twod.Vector2D)
  location: class org.apache.commons.geometry.euclidean.twod.ReverseRayTest_OE25Dev_geom_left_1548_2
[ERROR] /home/tasfia/Desktop/OE25-DEV/projects_decomposed/commons-geometry/commons-geometry-euclidean/src/test/java/org/apache/commons/geometry/euclidean/twod/ReverseRayTest_OE25Dev_geom_left_1548_2.java:[284,9] cannot find symbol
  symbol:   method checkSplit(org.apache.commons.geometry.core.partitioning.Split<org.apache.commons.geometry.euclidean.twod.LineConvexSubset>,<nulltype>,org.apache.commons.geometry.euclidean.twod.Vector2D,<nulltype>,<nulltype>)
  location: class org.apache.commons.geometry.euclidean.twod.ReverseRayTest_OE25Dev_geom_left_1548_2
[ERROR] /home/tasfia/Desktop/OE25-DEV/projects_decomposed/commons-geometry/commons-geometry-euclidean/src/test/java/org/apache/commons/geometry/euclidean/twod/ReverseRayTest_OE25Dev_geom_left_1548_2.java:[289,9] cannot find symbol
  symbol:   method checkSplit(org.apache.commons.geometry.core.partitioning.Split<org.apache.commons.geometry.euclidean.twod.LineConvexSubset>,<nulltype>,<nulltype>,<nulltype>,<nulltype>)
  location: class org.apache.commons.geometry.euclidean.twod.ReverseRayTest_OE25Dev_geom_left_1548_2
[ERROR] /home/tasfia/Desktop/OE25-DEV/projects_decomposed/commons-geometry/commons-geometry-euclidean/src/test/java/org/apache/commons/geometry/euclidean/twod/ReverseRayTest_OE25Dev_geom_left_1548_2.java:[294,9] cannot find symbol
  symbol:   method checkSplit(org.apache.commons.geometry.core.partitioning.Split<org.apache.commons.geometry.euclidean.twod.LineConvexSubset>,<nulltype>,org.apache.commons.geometry.euclidean.twod.Vector2D,org.apache.commons.geometry.euclidean.twod.Vector2D,org.apache.commons.geometry.euclidean.twod.Vector2D)
  location: class org.apache.commons.geometry.euclidean.twod.ReverseRayTest_OE25Dev_geom_left_1548_2
[ERROR] /home/tasfia/Desktop/OE25-DEV/projects_decomposed/commons-geometry/commons-geometry-euclidean/src/test/java/org/apache/commons/geometry/euclidean/twod/ReverseRayTest_OE25Dev_geom_left_1548_2.java:[297,9] cannot find symbol
  symbol:   method checkSplit(org.apache.commons.geometry.core.partitioning.Split<org.apache.commons.geometry.euclidean.twod.LineConvexSubset>,org.apache.commons.geometry.euclidean.twod.Vector2D,org.apache.commons.geometry.euclidean.twod.Vector2D,<nulltype>,org.apache.commons.geometry.euclidean.twod.Vector2D)
  location: class org.apache.commons.geometry.euclidean.twod.ReverseRayTest_OE25Dev_geom_left_1548_2
[ERROR] /home/tasfia/Desktop/OE25-DEV/projects_decomposed/commons-geometry/commons-geometry-euclidean/src/test/java/org/apache/commons/geometry/euclidean/twod/ReverseRayTest_OE25Dev_geom_left_1548_2.java:[302,9] cannot find symbol
  symbol:   method checkSplit(org.apache.commons.geometry.core.partitioning.Split<org.apache.commons.geometry.euclidean.twod.LineConvexSubset>,<nulltype>,org.apache.commons.geometry.euclidean.twod.Vector2D,<nulltype>,<nulltype>)
  location: class org.apache.commons.geometry.euclidean.twod.ReverseRayTest_OE25Dev_geom_left_1548_2
[ERROR] /home/tasfia/Desktop/OE25-DEV/projects_decomposed/commons-geometry/commons-geometry-euclidean/src/test/java/org/apache/commons/geometry/euclidean/twod/ReverseRayTest_OE25Dev_geom_left_1548_2.java:[305,9] cannot find symbol
  symbol:   method checkSplit(org.apache.commons.geometry.core.partitioning.Split<org.apache.commons.geometry.euclidean.twod.LineConvexSubset>,<nulltype>,<nulltype>,<nulltype>,org.apache.commons.geometry.euclidean.twod.Vector2D)
  location: class org.apache.commons.geometry.euclidean.twod.ReverseRayTest_OE25Dev_geom_left_1548_2
[ERROR] /home/tasfia/Desktop/OE25-DEV/projects_decomposed/commons-geometry/commons-geometry-euclidean/src/test/java/org/apache/commons/geometry/euclidean/twod/ReverseRayTest_OE25Dev_geom_left_1548_2.java:[310,9] cannot find symbol
  symbol:   method checkSplit(org.apache.commons.geometry.core.partitioning.Split<org.apache.commons.geometry.euclidean.twod.LineConvexSubset>,<nulltype>,org.apache.commons.geometry.euclidean.twod.Vector2D,<nulltype>,<nulltype>)
  location: class org.apache.commons.geometry.euclidean.twod.ReverseRayTest_OE25Dev_geom_left_1548_2
[ERROR] /home/tasfia/Desktop/OE25-DEV/projects_decomposed/commons-geometry/commons-geometry-euclidean/src/test/java/org/apache/commons/geometry/euclidean/twod/ReverseRayTest_OE25Dev_geom_left_1548_2.java:[313,9] cannot find symbol
  symbol:   method checkSplit(org.apache.commons.geometry.core.partitioning.Split<org.apache.commons.geometry.euclidean.twod.LineConvexSubset>,<nulltype>,<nulltype>,<nulltype>,org.apache.commons.geometry.euclidean.twod.Vector2D)
  location: class org.apache.commons.geometry.euclidean.twod.ReverseRayTest_OE25Dev_geom_left_1548_2
[ERROR] Failed to execute goal org.apache.maven.plugins:maven-compiler-plugin:3.8.1:testCompile (default-testCompile) on project commons-geometry-euclidean: Compilation failure: Compilation failure: 
[ERROR] /home/tasfia/Desktop/OE25-DEV/projects_decomposed/commons-geometry/commons-geometry-euclidean/src/test/java/org/apache/commons/geometry/euclidean/twod/ReverseRayTest_OE25Dev_geom_left_1548_2.java:[281,9] cannot find symbol
[ERROR]   symbol:   method checkSplit(org.apache.commons.geometry.core.partitioning.Split<org.apache.commons.geometry.euclidean.twod.LineConvexSubset>,<nulltype>,<nulltype>,<nulltype>,org.apache.commons.geometry.euclidean.twod.Vector2D)
[ERROR]   location: class org.apache.commons.geometry.euclidean.twod.ReverseRayTest_OE25Dev_geom_left_1548_2
[ERROR] /home/tasfia/Desktop/OE25-DEV/projects_decomposed/commons-geometry/commons-geometry-euclidean/src/test/java/org/apache/commons/geometry/euclidean/twod/ReverseRayTest_OE25Dev_geom_left_1548_2.java:[284,9] cannot find symbol
[ERROR]   symbol:   method checkSplit(org.apache.commons.geometry.core.partitioning.Split<org.apache.commons.geometry.euclidean.twod.LineConvexSubset>,<nulltype>,org.apache.commons.geometry.euclidean.twod.Vector2D,<nulltype>,<nulltype>)
[ERROR]   location: class org.apache.commons.geometry.euclidean.twod.ReverseRayTest_OE25Dev_geom_left_1548_2
[ERROR] /home/tasfia/Desktop/OE25-DEV/projects_decomposed/commons-geometry/commons-geometry-euclidean/src/test/java/org/apache/commons/geometry/euclidean/twod/ReverseRayTest_OE25Dev_geom_left_1548_2.java:[289,9] cannot find symbol
[ERROR]   symbol:   method checkSplit(org.apache.commons.geometry.core.partitioning.Split<org.apache.commons.geometry.euclidean.twod.LineConvexSubset>,<nulltype>,<nulltype>,<nulltype>,<nulltype>)
[ERROR]   location: class org.apache.commons.geometry.euclidean.twod.ReverseRayTest_OE25Dev_geom_left_1548_2
[ERROR] /home/tasfia/Desktop/OE25-DEV/projects_decomposed/commons-geometry/commons-geometry-euclidean/src/test/java/org/apache/commons/geometry/euclidean/twod/ReverseRayTest_OE25Dev_geom_left_1548_2.java:[294,9] cannot find symbol
[ERROR]   symbol:   method checkSplit(org.apache.commons.geometry.core.partitioning.Split<org.apache.commons.geometry.euclidean.twod.LineConvexSubset>,<nulltype>,org.apache.commons.geometry.euclidean.twod.Vector2D,org.apache.commons.geometry.euclidean.twod.Vector2D,org.apache.commons.geometry.euclidean.twod.Vector2D)
[ERROR]   location: class org.apache.commons.geometry.euclidean.twod.ReverseRayTest_OE25Dev_geom_left_1548_2
[ERROR] /home/tasfia/Desktop/OE25-DEV/projects_decomposed/commons-geometry/commons-geometry-euclidean/src/test/java/org/apache/commons/geometry/euclidean/twod/ReverseRayTest_OE25Dev_geom_left_1548_2.java:[297,9] cannot find symbol
[ERROR]   symbol:   method checkSplit(org.apache.commons.geometry.core.partitioning.Split<org.apache.commons.geometry.euclidean.twod.LineConvexSubset>,org.apache.commons.geometry.euclidean.twod.Vector2D,org.apache.commons.geometry.euclidean.twod.Vector2D,<nulltype>,org.apache.commons.geometry.euclidean.twod.Vector2D)
[ERROR]   location: class org.apache.commons.geometry.euclidean.twod.ReverseRayTest_OE25Dev_geom_left_1548_2
[ERROR] /home/tasfia/Desktop/OE25-DEV/projects_decomposed/commons-geometry/commons-geometry-euclidean/src/test/java/org/apache/commons/geometry/euclidean/twod/ReverseRayTest_OE25Dev_geom_left_1548_2.java:[302,9] cannot find symbol
[ERROR]   symbol:   method checkSplit(org.apache.commons.geometry.core.partitioning.Split<org.apache.commons.geometry.euclidean.twod.LineConvexSubset>,<nulltype>,org.apache.commons.geometry.euclidean.twod.Vector2D,<nulltype>,<nulltype>)
[ERROR]   location: class org.apache.commons.geometry.euclidean.twod.ReverseRayTest_OE25Dev_geom_left_1548_2
[ERROR] /home/tasfia/Desktop/OE25-DEV/projects_decomposed/commons-geometry/commons-geometry-euclidean/src/test/java/org/apache/commons/geometry/euclidean/twod/ReverseRayTest_OE25Dev_geom_left_1548_2.java:[305,9] cannot find symbol
[ERROR]   symbol:   method checkSplit(org.apache.commons.geometry.core.partitioning.Split<org.apache.commons.geometry.euclidean.twod.LineConvexSubset>,<nulltype>,<nulltype>,<nulltype>,org.apache.commons.geometry.euclidean.twod.Vector2D)
[ERROR]   location: class org.apache.commons.geometry.euclidean.twod.ReverseRayTest_OE25Dev_geom_left_1548_2
[ERROR] /home/tasfia/Desktop/OE25-DEV/projects_decomposed/commons-geometry/commons-geometry-euclidean/src/test/java/org/apache/commons/geometry/euclidean/twod/ReverseRayTest_OE25Dev_geom_left_1548_2.java:[310,9] cannot find symbol
[ERROR]   symbol:   method checkSplit(org.apache.commons.geometry.core.partitioning.Split<org.apache.commons.geometry.euclidean.twod.LineConvexSubset>,<nulltype>,org.apache.commons.geometry.euclidean.twod.Vector2D,<nulltype>,<nulltype>)
[ERROR]   location: class org.apache.commons.geometry.euclidean.twod.ReverseRayTest_OE25Dev_geom_left_1548_2
[ERROR] /home/tasfia/Desktop/OE25-DEV/projects_decomposed/commons-geometry/commons-geometry-euclidean/src/test/java/org/apache/commons/geometry/euclidean/twod/ReverseRayTest_OE25Dev_geom_left_1548_2.java:[313,9] cannot find symbol
[ERROR]   symbol:   method checkSplit(org.apache.commons.geometry.core.partitioning.Split<org.apache.commons.geometry.euclidean.twod.LineConvexSubset>,<nulltype>,<nulltype>,<nulltype>,org.apache.commons.geometry.euclidean.twod.Vector2D)
[ERROR]   location: class org.apache.commons.geometry.euclidean.twod.ReverseRayTest_OE25Dev_geom_left_1548_2
[ERROR] -> [Help 1]
[ERROR] 
[ERROR] To see the full stack trace of the errors, re-run Maven with the -e switch.
[ERROR] Re-run Maven using the -X switch to enable full debug logging.
[ERROR] 
[ERROR] For more information about the errors and possible solutions, please read the following articles:
[ERROR] [Help 1] http://cwiki.apache.org/confluence/display/MAVEN/MojoFailureException
