[ERROR] COMPILATION ERROR : 
[ERROR] /home/tasfia/Desktop/OE25-DEV/projects_decomposed/commons-geometry/commons-geometry-euclidean/src/test/java/org/apache/commons/geometry/euclidean/threed/Vector3DTest_OE25Dev_geom_left_1789_3.java:[43,9] cannot find symbol
  symbol:   method checkVector(org.apache.commons.geometry.euclidean.threed.Vector3D,int,int,int)
  location: class org.apache.commons.geometry.euclidean.threed.Vector3DTest_OE25Dev_geom_left_1789_3
[ERROR] /home/tasfia/Desktop/OE25-DEV/projects_decomposed/commons-geometry/commons-geometry-euclidean/src/test/java/org/apache/commons/geometry/euclidean/threed/Vector3DTest_OE25Dev_geom_left_1789_3.java:[45,9] cannot find symbol
  symbol:   method checkVector(org.apache.commons.geometry.euclidean.threed.Vector3D.Unit,int,int,int)
  location: class org.apache.commons.geometry.euclidean.threed.Vector3DTest_OE25Dev_geom_left_1789_3
[ERROR] /home/tasfia/Desktop/OE25-DEV/projects_decomposed/commons-geometry/commons-geometry-euclidean/src/test/java/org/apache/commons/geometry/euclidean/threed/Vector3DTest_OE25Dev_geom_left_1789_3.java:[46,9] cannot find symbol
  symbol:   method checkVector(org.apache.commons.geometry.euclidean.threed.Vector3D.Unit,int,int,int)
  location: class org.apache.commons.geometry.euclidean.threed.Vector3DTest_OE25Dev_geom_left_1789_3
[ERROR] /home/tasfia/Desktop/OE25-DEV/projects_decomposed/commons-geometry/commons-geometry-euclidean/src/test/java/org/apache/commons/geometry/euclidean/threed/Vector3DTest_OE25Dev_geom_left_1789_3.java:[48,9] cannot find symbol
  symbol:   method checkVector(org.apache.commons.geometry.euclidean.threed.Vector3D.Unit,int,int,int)
  location: class org.apache.commons.geometry.euclidean.threed.Vector3DTest_OE25Dev_geom_left_1789_3
[ERROR] /home/tasfia/Desktop/OE25-DEV/projects_decomposed/commons-geometry/commons-geometry-euclidean/src/test/java/org/apache/commons/geometry/euclidean/threed/Vector3DTest_OE25Dev_geom_left_1789_3.java:[49,9] cannot find symbol
  symbol:   method checkVector(org.apache.commons.geometry.euclidean.threed.Vector3D.Unit,int,int,int)
  location: class org.apache.commons.geometry.euclidean.threed.Vector3DTest_OE25Dev_geom_left_1789_3
[ERROR] /home/tasfia/Desktop/OE25-DEV/projects_decomposed/commons-geometry/commons-geometry-euclidean/src/test/java/org/apache/commons/geometry/euclidean/threed/Vector3DTest_OE25Dev_geom_left_1789_3.java:[51,9] cannot find symbol
  symbol:   method checkVector(org.apache.commons.geometry.euclidean.threed.Vector3D.Unit,int,int,int)
  location: class org.apache.commons.geometry.euclidean.threed.Vector3DTest_OE25Dev_geom_left_1789_3
[ERROR] /home/tasfia/Desktop/OE25-DEV/projects_decomposed/commons-geometry/commons-geometry-euclidean/src/test/java/org/apache/commons/geometry/euclidean/threed/Vector3DTest_OE25Dev_geom_left_1789_3.java:[52,9] cannot find symbol
  symbol:   method checkVector(org.apache.commons.geometry.euclidean.threed.Vector3D.Unit,int,int,int)
  location: class org.apache.commons.geometry.euclidean.threed.Vector3DTest_OE25Dev_geom_left_1789_3
[ERROR] /home/tasfia/Desktop/OE25-DEV/projects_decomposed/commons-geometry/commons-geometry-euclidean/src/test/java/org/apache/commons/geometry/euclidean/threed/Vector3DTest_OE25Dev_geom_left_1789_3.java:[54,9] cannot find symbol
  symbol:   method checkVector(org.apache.commons.geometry.euclidean.threed.Vector3D,double,double,double)
  location: class org.apache.commons.geometry.euclidean.threed.Vector3DTest_OE25Dev_geom_left_1789_3
[ERROR] /home/tasfia/Desktop/OE25-DEV/projects_decomposed/commons-geometry/commons-geometry-euclidean/src/test/java/org/apache/commons/geometry/euclidean/threed/Vector3DTest_OE25Dev_geom_left_1789_3.java:[55,9] cannot find symbol
  symbol:   method checkVector(org.apache.commons.geometry.euclidean.threed.Vector3D,double,double,double)
  location: class org.apache.commons.geometry.euclidean.threed.Vector3DTest_OE25Dev_geom_left_1789_3
[ERROR] /home/tasfia/Desktop/OE25-DEV/projects_decomposed/commons-geometry/commons-geometry-euclidean/src/test/java/org/apache/commons/geometry/euclidean/threed/Vector3DTest_OE25Dev_geom_left_1789_3.java:[56,9] cannot find symbol
  symbol:   method checkVector(org.apache.commons.geometry.euclidean.threed.Vector3D,double,double,double)
  location: class org.apache.commons.geometry.euclidean.threed.Vector3DTest_OE25Dev_geom_left_1789_3
[ERROR] /home/tasfia/Desktop/OE25-DEV/projects_decomposed/commons-geometry/commons-geometry-euclidean/src/test/java/org/apache/commons/geometry/euclidean/threed/Vector3DTest_OE25Dev_geom_left_1789_3.java:[190,9] cannot find symbol
  symbol:   method checkVector(org.apache.commons.geometry.euclidean.threed.Vector3D,int,int,int)
  location: class org.apache.commons.geometry.euclidean.threed.Vector3DTest_OE25Dev_geom_left_1789_3
[ERROR] /home/tasfia/Desktop/OE25-DEV/projects_decomposed/commons-geometry/commons-geometry-euclidean/src/test/java/org/apache/commons/geometry/euclidean/threed/Vector3DTest_OE25Dev_geom_left_1789_3.java:[242,9] cannot find symbol
  symbol:   method checkVector(org.apache.commons.geometry.euclidean.threed.Vector3D,double,double,double)
  location: class org.apache.commons.geometry.euclidean.threed.Vector3DTest_OE25Dev_geom_left_1789_3
[ERROR] /home/tasfia/Desktop/OE25-DEV/projects_decomposed/commons-geometry/commons-geometry-euclidean/src/test/java/org/apache/commons/geometry/euclidean/threed/Vector3DTest_OE25Dev_geom_left_1789_3.java:[244,9] cannot find symbol
  symbol:   method checkVector(org.apache.commons.geometry.euclidean.threed.Vector3D,double,double,double)
  location: class org.apache.commons.geometry.euclidean.threed.Vector3DTest_OE25Dev_geom_left_1789_3
[ERROR] /home/tasfia/Desktop/OE25-DEV/projects_decomposed/commons-geometry/commons-geometry-euclidean/src/test/java/org/apache/commons/geometry/euclidean/threed/Vector3DTest_OE25Dev_geom_left_1789_3.java:[245,9] cannot find symbol
  symbol:   method checkVector(org.apache.commons.geometry.euclidean.threed.Vector3D,double,double,double)
  location: class org.apache.commons.geometry.euclidean.threed.Vector3DTest_OE25Dev_geom_left_1789_3
[ERROR] /home/tasfia/Desktop/OE25-DEV/projects_decomposed/commons-geometry/commons-geometry-euclidean/src/test/java/org/apache/commons/geometry/euclidean/threed/Vector3DTest_OE25Dev_geom_left_1789_3.java:[246,9] cannot find symbol
  symbol:   method checkVector(org.apache.commons.geometry.euclidean.threed.Vector3D,double,double,double)
  location: class org.apache.commons.geometry.euclidean.threed.Vector3DTest_OE25Dev_geom_left_1789_3
[ERROR] /home/tasfia/Desktop/OE25-DEV/projects_decomposed/commons-geometry/commons-geometry-euclidean/src/test/java/org/apache/commons/geometry/euclidean/threed/Vector3DTest_OE25Dev_geom_left_1789_3.java:[247,9] cannot find symbol
  symbol:   method checkVector(org.apache.commons.geometry.euclidean.threed.Vector3D,double,double,double)
  location: class org.apache.commons.geometry.euclidean.threed.Vector3DTest_OE25Dev_geom_left_1789_3
[ERROR] /home/tasfia/Desktop/OE25-DEV/projects_decomposed/commons-geometry/commons-geometry-euclidean/src/test/java/org/apache/commons/geometry/euclidean/threed/Vector3DTest_OE25Dev_geom_left_1789_3.java:[248,9] cannot find symbol
  symbol:   method checkVector(org.apache.commons.geometry.euclidean.threed.Vector3D,double,double,double)
  location: class org.apache.commons.geometry.euclidean.threed.Vector3DTest_OE25Dev_geom_left_1789_3
[ERROR] /home/tasfia/Desktop/OE25-DEV/projects_decomposed/commons-geometry/commons-geometry-euclidean/src/test/java/org/apache/commons/geometry/euclidean/threed/Vector3DTest_OE25Dev_geom_left_1789_3.java:[249,9] cannot find symbol
  symbol:   method checkVector(org.apache.commons.geometry.euclidean.threed.Vector3D,double,double,double)
  location: class org.apache.commons.geometry.euclidean.threed.Vector3DTest_OE25Dev_geom_left_1789_3
[ERROR] /home/tasfia/Desktop/OE25-DEV/projects_decomposed/commons-geometry/commons-geometry-euclidean/src/test/java/org/apache/commons/geometry/euclidean/threed/Vector3DTest_OE25Dev_geom_left_1789_3.java:[250,9] cannot find symbol
  symbol:   method checkVector(org.apache.commons.geometry.euclidean.threed.Vector3D,double,double,double)
  location: class org.apache.commons.geometry.euclidean.threed.Vector3DTest_OE25Dev_geom_left_1789_3
[ERROR] /home/tasfia/Desktop/OE25-DEV/projects_decomposed/commons-geometry/commons-geometry-euclidean/src/test/java/org/apache/commons/geometry/euclidean/threed/Vector3DTest_OE25Dev_geom_left_1789_3.java:[251,9] cannot find symbol
  symbol:   method checkVector(org.apache.commons.geometry.euclidean.threed.Vector3D,double,double,double)
  location: class org.apache.commons.geometry.euclidean.threed.Vector3DTest_OE25Dev_geom_left_1789_3
[ERROR] /home/tasfia/Desktop/OE25-DEV/projects_decomposed/commons-geometry/commons-geometry-euclidean/src/test/java/org/apache/commons/geometry/euclidean/threed/Vector3DTest_OE25Dev_geom_left_1789_3.java:[253,9] cannot find symbol
  symbol:   method checkVector(org.apache.commons.geometry.euclidean.threed.Vector3D,double,double,double)
  location: class org.apache.commons.geometry.euclidean.threed.Vector3DTest_OE25Dev_geom_left_1789_3
[ERROR] /home/tasfia/Desktop/OE25-DEV/projects_decomposed/commons-geometry/commons-geometry-euclidean/src/test/java/org/apache/commons/geometry/euclidean/threed/Vector3DTest_OE25Dev_geom_left_1789_3.java:[254,9] cannot find symbol
  symbol:   method checkVector(org.apache.commons.geometry.euclidean.threed.Vector3D,double,double,double)
  location: class org.apache.commons.geometry.euclidean.threed.Vector3DTest_OE25Dev_geom_left_1789_3
[ERROR] /home/tasfia/Desktop/OE25-DEV/projects_decomposed/commons-geometry/commons-geometry-euclidean/src/test/java/org/apache/commons/geometry/euclidean/threed/Vector3DTest_OE25Dev_geom_left_1789_3.java:[256,9] cannot find symbol
  symbol:   method checkVector(org.apache.commons.geometry.euclidean.threed.Vector3D,double,double,double)
  location: class org.apache.commons.geometry.euclidean.threed.Vector3DTest_OE25Dev_geom_left_1789_3
[ERROR] /home/tasfia/Desktop/OE25-DEV/projects_decomposed/commons-geometry/commons-geometry-euclidean/src/test/java/org/apache/commons/geometry/euclidean/threed/Vector3DTest_OE25Dev_geom_left_1789_3.java:[257,9] cannot find symbol
  symbol:   method checkVector(org.apache.commons.geometry.euclidean.threed.Vector3D,double,double,double)
  location: class org.apache.commons.geometry.euclidean.threed.Vector3DTest_OE25Dev_geom_left_1789_3
[ERROR] /home/tasfia/Desktop/OE25-DEV/projects_decomposed/commons-geometry/commons-geometry-euclidean/src/test/java/org/apache/commons/geometry/euclidean/threed/Vector3DTest_OE25Dev_geom_left_1789_3.java:[280,9] cannot find symbol
  symbol:   method checkVector(org.apache.commons.geometry.euclidean.threed.Vector3D,double,double,double)
  location: class org.apache.commons.geometry.euclidean.threed.Vector3DTest_OE25Dev_geom_left_1789_3
[ERROR] /home/tasfia/Desktop/OE25-DEV/projects_decomposed/commons-geometry/commons-geometry-euclidean/src/test/java/org/apache/commons/geometry/euclidean/threed/Vector3DTest_OE25Dev_geom_left_1789_3.java:[281,9] cannot find symbol
  symbol:   method checkVector(org.apache.commons.geometry.euclidean.threed.Vector3D,double,double,double)
  location: class org.apache.commons.geometry.euclidean.threed.Vector3DTest_OE25Dev_geom_left_1789_3
[ERROR] /home/tasfia/Desktop/OE25-DEV/projects_decomposed/commons-geometry/commons-geometry-euclidean/src/test/java/org/apache/commons/geometry/euclidean/threed/Vector3DTest_OE25Dev_geom_left_1789_3.java:[282,9] cannot find symbol
  symbol:   method checkVector(org.apache.commons.geometry.euclidean.threed.Vector3D,double,double,double)
  location: class org.apache.commons.geometry.euclidean.threed.Vector3DTest_OE25Dev_geom_left_1789_3
[ERROR] /home/tasfia/Desktop/OE25-DEV/projects_decomposed/commons-geometry/commons-geometry-euclidean/src/test/java/org/apache/commons/geometry/euclidean/threed/Vector3DTest_OE25Dev_geom_left_1789_3.java:[297,9] cannot find symbol
  symbol:   method checkVector(org.apache.commons.geometry.euclidean.threed.Vector3D,int,int,int)
  location: class org.apache.commons.geometry.euclidean.threed.Vector3DTest_OE25Dev_geom_left_1789_3
[ERROR] /home/tasfia/Desktop/OE25-DEV/projects_decomposed/commons-geometry/commons-geometry-euclidean/src/test/java/org/apache/commons/geometry/euclidean/threed/Vector3DTest_OE25Dev_geom_left_1789_3.java:[299,9] cannot find symbol
  symbol:   method checkVector(org.apache.commons.geometry.euclidean.threed.Vector3D,int,int,int)
  location: class org.apache.commons.geometry.euclidean.threed.Vector3DTest_OE25Dev_geom_left_1789_3
[ERROR] /home/tasfia/Desktop/OE25-DEV/projects_decomposed/commons-geometry/commons-geometry-euclidean/src/test/java/org/apache/commons/geometry/euclidean/threed/Vector3DTest_OE25Dev_geom_left_1789_3.java:[300,9] cannot find symbol
  symbol:   method checkVector(org.apache.commons.geometry.euclidean.threed.Vector3D,int,int,int)
  location: class org.apache.commons.geometry.euclidean.threed.Vector3DTest_OE25Dev_geom_left_1789_3
[ERROR] /home/tasfia/Desktop/OE25-DEV/projects_decomposed/commons-geometry/commons-geometry-euclidean/src/test/java/org/apache/commons/geometry/euclidean/threed/Vector3DTest_OE25Dev_geom_left_1789_3.java:[302,9] cannot find symbol
  symbol:   method checkVector(org.apache.commons.geometry.euclidean.threed.Vector3D,int,int,int)
  location: class org.apache.commons.geometry.euclidean.threed.Vector3DTest_OE25Dev_geom_left_1789_3
[ERROR] /home/tasfia/Desktop/OE25-DEV/projects_decomposed/commons-geometry/commons-geometry-euclidean/src/test/java/org/apache/commons/geometry/euclidean/threed/Vector3DTest_OE25Dev_geom_left_1789_3.java:[303,9] cannot find symbol
  symbol:   method checkVector(org.apache.commons.geometry.euclidean.threed.Vector3D,int,int,int)
  location: class org.apache.commons.geometry.euclidean.threed.Vector3DTest_OE25Dev_geom_left_1789_3
[ERROR] /home/tasfia/Desktop/OE25-DEV/projects_decomposed/commons-geometry/commons-geometry-euclidean/src/test/java/org/apache/commons/geometry/euclidean/threed/Vector3DTest_OE25Dev_geom_left_1789_3.java:[314,9] cannot find symbol
  symbol:   method checkVector(org.apache.commons.geometry.euclidean.threed.Vector3D,int,int,int)
  location: class org.apache.commons.geometry.euclidean.threed.Vector3DTest_OE25Dev_geom_left_1789_3
[ERROR] /home/tasfia/Desktop/OE25-DEV/projects_decomposed/commons-geometry/commons-geometry-euclidean/src/test/java/org/apache/commons/geometry/euclidean/threed/Vector3DTest_OE25Dev_geom_left_1789_3.java:[315,9] cannot find symbol
  symbol:   method checkVector(org.apache.commons.geometry.euclidean.threed.Vector3D,double,int,double)
  location: class org.apache.commons.geometry.euclidean.threed.Vector3DTest_OE25Dev_geom_left_1789_3
[ERROR] /home/tasfia/Desktop/OE25-DEV/projects_decomposed/commons-geometry/commons-geometry-euclidean/src/test/java/org/apache/commons/geometry/euclidean/threed/Vector3DTest_OE25Dev_geom_left_1789_3.java:[316,9] cannot find symbol
  symbol:   method checkVector(org.apache.commons.geometry.euclidean.threed.Vector3D,int,int,int)
  location: class org.apache.commons.geometry.euclidean.threed.Vector3DTest_OE25Dev_geom_left_1789_3
[ERROR] /home/tasfia/Desktop/OE25-DEV/projects_decomposed/commons-geometry/commons-geometry-euclidean/src/test/java/org/apache/commons/geometry/euclidean/threed/Vector3DTest_OE25Dev_geom_left_1789_3.java:[318,9] cannot find symbol
  symbol:   method checkVector(org.apache.commons.geometry.euclidean.threed.Vector3D,int,int,int)
  location: class org.apache.commons.geometry.euclidean.threed.Vector3DTest_OE25Dev_geom_left_1789_3
[ERROR] /home/tasfia/Desktop/OE25-DEV/projects_decomposed/commons-geometry/commons-geometry-euclidean/src/test/java/org/apache/commons/geometry/euclidean/threed/Vector3DTest_OE25Dev_geom_left_1789_3.java:[319,9] cannot find symbol
  symbol:   method checkVector(org.apache.commons.geometry.euclidean.threed.Vector3D,int,int,int)
  location: class org.apache.commons.geometry.euclidean.threed.Vector3DTest_OE25Dev_geom_left_1789_3
[ERROR] /home/tasfia/Desktop/OE25-DEV/projects_decomposed/commons-geometry/commons-geometry-euclidean/src/test/java/org/apache/commons/geometry/euclidean/threed/Vector3DTest_OE25Dev_geom_left_1789_3.java:[321,9] cannot find symbol
  symbol:   method checkVector(org.apache.commons.geometry.euclidean.threed.Vector3D,int,int,int)
  location: class org.apache.commons.geometry.euclidean.threed.Vector3DTest_OE25Dev_geom_left_1789_3
[ERROR] /home/tasfia/Desktop/OE25-DEV/projects_decomposed/commons-geometry/commons-geometry-euclidean/src/test/java/org/apache/commons/geometry/euclidean/threed/Vector3DTest_OE25Dev_geom_left_1789_3.java:[322,9] cannot find symbol
  symbol:   method checkVector(org.apache.commons.geometry.euclidean.threed.Vector3D,int,int,int)
  location: class org.apache.commons.geometry.euclidean.threed.Vector3DTest_OE25Dev_geom_left_1789_3
[ERROR] /home/tasfia/Desktop/OE25-DEV/projects_decomposed/commons-geometry/commons-geometry-euclidean/src/test/java/org/apache/commons/geometry/euclidean/threed/Vector3DTest_OE25Dev_geom_left_1789_3.java:[333,9] cannot find symbol
  symbol:   method checkVector(org.apache.commons.geometry.euclidean.threed.Vector3D,int,int,int)
  location: class org.apache.commons.geometry.euclidean.threed.Vector3DTest_OE25Dev_geom_left_1789_3
[ERROR] /home/tasfia/Desktop/OE25-DEV/projects_decomposed/commons-geometry/commons-geometry-euclidean/src/test/java/org/apache/commons/geometry/euclidean/threed/Vector3DTest_OE25Dev_geom_left_1789_3.java:[335,9] cannot find symbol
  symbol:   method checkVector(org.apache.commons.geometry.euclidean.threed.Vector3D,int,int,int)
  location: class org.apache.commons.geometry.euclidean.threed.Vector3DTest_OE25Dev_geom_left_1789_3
[ERROR] /home/tasfia/Desktop/OE25-DEV/projects_decomposed/commons-geometry/commons-geometry-euclidean/src/test/java/org/apache/commons/geometry/euclidean/threed/Vector3DTest_OE25Dev_geom_left_1789_3.java:[336,9] cannot find symbol
  symbol:   method checkVector(org.apache.commons.geometry.euclidean.threed.Vector3D,int,int,int)
  location: class org.apache.commons.geometry.euclidean.threed.Vector3DTest_OE25Dev_geom_left_1789_3
[ERROR] /home/tasfia/Desktop/OE25-DEV/projects_decomposed/commons-geometry/commons-geometry-euclidean/src/test/java/org/apache/commons/geometry/euclidean/threed/Vector3DTest_OE25Dev_geom_left_1789_3.java:[338,9] cannot find symbol
  symbol:   method checkVector(org.apache.commons.geometry.euclidean.threed.Vector3D,int,int,int)
  location: class org.apache.commons.geometry.euclidean.threed.Vector3DTest_OE25Dev_geom_left_1789_3
[ERROR] /home/tasfia/Desktop/OE25-DEV/projects_decomposed/commons-geometry/commons-geometry-euclidean/src/test/java/org/apache/commons/geometry/euclidean/threed/Vector3DTest_OE25Dev_geom_left_1789_3.java:[339,9] cannot find symbol
  symbol:   method checkVector(org.apache.commons.geometry.euclidean.threed.Vector3D,int,int,int)
  location: class org.apache.commons.geometry.euclidean.threed.Vector3DTest_OE25Dev_geom_left_1789_3
[ERROR] /home/tasfia/Desktop/OE25-DEV/projects_decomposed/commons-geometry/commons-geometry-euclidean/src/test/java/org/apache/commons/geometry/euclidean/threed/Vector3DTest_OE25Dev_geom_left_1789_3.java:[350,9] cannot find symbol
  symbol:   method checkVector(org.apache.commons.geometry.euclidean.threed.Vector3D,int,int,int)
  location: class org.apache.commons.geometry.euclidean.threed.Vector3DTest_OE25Dev_geom_left_1789_3
[ERROR] /home/tasfia/Desktop/OE25-DEV/projects_decomposed/commons-geometry/commons-geometry-euclidean/src/test/java/org/apache/commons/geometry/euclidean/threed/Vector3DTest_OE25Dev_geom_left_1789_3.java:[351,9] cannot find symbol
  symbol:   method checkVector(org.apache.commons.geometry.euclidean.threed.Vector3D,double,int,double)
  location: class org.apache.commons.geometry.euclidean.threed.Vector3DTest_OE25Dev_geom_left_1789_3
[ERROR] /home/tasfia/Desktop/OE25-DEV/projects_decomposed/commons-geometry/commons-geometry-euclidean/src/test/java/org/apache/commons/geometry/euclidean/threed/Vector3DTest_OE25Dev_geom_left_1789_3.java:[352,9] cannot find symbol
  symbol:   method checkVector(org.apache.commons.geometry.euclidean.threed.Vector3D,int,int,int)
  location: class org.apache.commons.geometry.euclidean.threed.Vector3DTest_OE25Dev_geom_left_1789_3
[ERROR] /home/tasfia/Desktop/OE25-DEV/projects_decomposed/commons-geometry/commons-geometry-euclidean/src/test/java/org/apache/commons/geometry/euclidean/threed/Vector3DTest_OE25Dev_geom_left_1789_3.java:[354,9] cannot find symbol
  symbol:   method checkVector(org.apache.commons.geometry.euclidean.threed.Vector3D,int,int,int)
  location: class org.apache.commons.geometry.euclidean.threed.Vector3DTest_OE25Dev_geom_left_1789_3
[ERROR] /home/tasfia/Desktop/OE25-DEV/projects_decomposed/commons-geometry/commons-geometry-euclidean/src/test/java/org/apache/commons/geometry/euclidean/threed/Vector3DTest_OE25Dev_geom_left_1789_3.java:[355,9] cannot find symbol
  symbol:   method checkVector(org.apache.commons.geometry.euclidean.threed.Vector3D,int,int,int)
  location: class org.apache.commons.geometry.euclidean.threed.Vector3DTest_OE25Dev_geom_left_1789_3
[ERROR] /home/tasfia/Desktop/OE25-DEV/projects_decomposed/commons-geometry/commons-geometry-euclidean/src/test/java/org/apache/commons/geometry/euclidean/threed/Vector3DTest_OE25Dev_geom_left_1789_3.java:[357,9] cannot find symbol
  symbol:   method checkVector(org.apache.commons.geometry.euclidean.threed.Vector3D,int,int,int)
  location: class org.apache.commons.geometry.euclidean.threed.Vector3DTest_OE25Dev_geom_left_1789_3
[ERROR] /home/tasfia/Desktop/OE25-DEV/projects_decomposed/commons-geometry/commons-geometry-euclidean/src/test/java/org/apache/commons/geometry/euclidean/threed/Vector3DTest_OE25Dev_geom_left_1789_3.java:[358,9] cannot find symbol
  symbol:   method checkVector(org.apache.commons.geometry.euclidean.threed.Vector3D,int,int,int)
  location: class org.apache.commons.geometry.euclidean.threed.Vector3DTest_OE25Dev_geom_left_1789_3
[ERROR] /home/tasfia/Desktop/OE25-DEV/projects_decomposed/commons-geometry/commons-geometry-euclidean/src/test/java/org/apache/commons/geometry/euclidean/threed/Vector3DTest_OE25Dev_geom_left_1789_3.java:[364,9] cannot find symbol
  symbol:   method checkVector(org.apache.commons.geometry.euclidean.threed.Vector3D,double,double,double)
  location: class org.apache.commons.geometry.euclidean.threed.Vector3DTest_OE25Dev_geom_left_1789_3
[ERROR] /home/tasfia/Desktop/OE25-DEV/projects_decomposed/commons-geometry/commons-geometry-euclidean/src/test/java/org/apache/commons/geometry/euclidean/threed/Vector3DTest_OE25Dev_geom_left_1789_3.java:[365,9] cannot find symbol
  symbol:   method checkVector(org.apache.commons.geometry.euclidean.threed.Vector3D,double,double,double)
  location: class org.apache.commons.geometry.euclidean.threed.Vector3DTest_OE25Dev_geom_left_1789_3
[ERROR] /home/tasfia/Desktop/OE25-DEV/projects_decomposed/commons-geometry/commons-geometry-euclidean/src/test/java/org/apache/commons/geometry/euclidean/threed/Vector3DTest_OE25Dev_geom_left_1789_3.java:[375,9] cannot find symbol
  symbol:   method checkVector(org.apache.commons.geometry.euclidean.threed.Vector3D,double,double,double)
  location: class org.apache.commons.geometry.euclidean.threed.Vector3DTest_OE25Dev_geom_left_1789_3
[ERROR] /home/tasfia/Desktop/OE25-DEV/projects_decomposed/commons-geometry/commons-geometry-euclidean/src/test/java/org/apache/commons/geometry/euclidean/threed/Vector3DTest_OE25Dev_geom_left_1789_3.java:[376,9] cannot find symbol
  symbol:   method checkVector(org.apache.commons.geometry.euclidean.threed.Vector3D,double,double,double)
  location: class org.apache.commons.geometry.euclidean.threed.Vector3DTest_OE25Dev_geom_left_1789_3
[ERROR] /home/tasfia/Desktop/OE25-DEV/projects_decomposed/commons-geometry/commons-geometry-euclidean/src/test/java/org/apache/commons/geometry/euclidean/threed/Vector3DTest_OE25Dev_geom_left_1789_3.java:[385,9] cannot find symbol
  symbol:   method checkVector(org.apache.commons.geometry.euclidean.threed.Vector3D.Unit,int,int,int)
  location: class org.apache.commons.geometry.euclidean.threed.Vector3DTest_OE25Dev_geom_left_1789_3
[ERROR] /home/tasfia/Desktop/OE25-DEV/projects_decomposed/commons-geometry/commons-geometry-euclidean/src/test/java/org/apache/commons/geometry/euclidean/threed/Vector3DTest_OE25Dev_geom_left_1789_3.java:[386,9] cannot find symbol
  symbol:   method checkVector(org.apache.commons.geometry.euclidean.threed.Vector3D.Unit,int,int,int)
  location: class org.apache.commons.geometry.euclidean.threed.Vector3DTest_OE25Dev_geom_left_1789_3
[ERROR] /home/tasfia/Desktop/OE25-DEV/projects_decomposed/commons-geometry/commons-geometry-euclidean/src/test/java/org/apache/commons/geometry/euclidean/threed/Vector3DTest_OE25Dev_geom_left_1789_3.java:[388,9] cannot find symbol
  symbol:   method checkVector(org.apache.commons.geometry.euclidean.threed.Vector3D.Unit,int,int,int)
  location: class org.apache.commons.geometry.euclidean.threed.Vector3DTest_OE25Dev_geom_left_1789_3
[ERROR] /home/tasfia/Desktop/OE25-DEV/projects_decomposed/commons-geometry/commons-geometry-euclidean/src/test/java/org/apache/commons/geometry/euclidean/threed/Vector3DTest_OE25Dev_geom_left_1789_3.java:[389,9] cannot find symbol
  symbol:   method checkVector(org.apache.commons.geometry.euclidean.threed.Vector3D.Unit,int,int,int)
  location: class org.apache.commons.geometry.euclidean.threed.Vector3DTest_OE25Dev_geom_left_1789_3
[ERROR] /home/tasfia/Desktop/OE25-DEV/projects_decomposed/commons-geometry/commons-geometry-euclidean/src/test/java/org/apache/commons/geometry/euclidean/threed/Vector3DTest_OE25Dev_geom_left_1789_3.java:[391,9] cannot find symbol
  symbol:   method checkVector(org.apache.commons.geometry.euclidean.threed.Vector3D.Unit,int,int,int)
  location: class org.apache.commons.geometry.euclidean.threed.Vector3DTest_OE25Dev_geom_left_1789_3
[ERROR] /home/tasfia/Desktop/OE25-DEV/projects_decomposed/commons-geometry/commons-geometry-euclidean/src/test/java/org/apache/commons/geometry/euclidean/threed/Vector3DTest_OE25Dev_geom_left_1789_3.java:[392,9] cannot find symbol
  symbol:   method checkVector(org.apache.commons.geometry.euclidean.threed.Vector3D.Unit,int,int,int)
  location: class org.apache.commons.geometry.euclidean.threed.Vector3DTest_OE25Dev_geom_left_1789_3
[ERROR] /home/tasfia/Desktop/OE25-DEV/projects_decomposed/commons-geometry/commons-geometry-euclidean/src/test/java/org/apache/commons/geometry/euclidean/threed/Vector3DTest_OE25Dev_geom_left_1789_3.java:[394,9] cannot find symbol
  symbol:   method checkVector(org.apache.commons.geometry.euclidean.threed.Vector3D.Unit,double,double,double)
  location: class org.apache.commons.geometry.euclidean.threed.Vector3DTest_OE25Dev_geom_left_1789_3
[ERROR] /home/tasfia/Desktop/OE25-DEV/projects_decomposed/commons-geometry/commons-geometry-euclidean/src/test/java/org/apache/commons/geometry/euclidean/threed/Vector3DTest_OE25Dev_geom_left_1789_3.java:[395,9] cannot find symbol
  symbol:   method checkVector(org.apache.commons.geometry.euclidean.threed.Vector3D.Unit,double,double,double)
  location: class org.apache.commons.geometry.euclidean.threed.Vector3DTest_OE25Dev_geom_left_1789_3
[ERROR] /home/tasfia/Desktop/OE25-DEV/projects_decomposed/commons-geometry/commons-geometry-euclidean/src/test/java/org/apache/commons/geometry/euclidean/threed/Vector3DTest_OE25Dev_geom_left_1789_3.java:[397,9] cannot find symbol
  symbol:   method checkVector(org.apache.commons.geometry.euclidean.threed.Vector3D.Unit,int,int,int)
  location: class org.apache.commons.geometry.euclidean.threed.Vector3DTest_OE25Dev_geom_left_1789_3
[ERROR] /home/tasfia/Desktop/OE25-DEV/projects_decomposed/commons-geometry/commons-geometry-euclidean/src/test/java/org/apache/commons/geometry/euclidean/threed/Vector3DTest_OE25Dev_geom_left_1789_3.java:[398,9] cannot find symbol
  symbol:   method checkVector(org.apache.commons.geometry.euclidean.threed.Vector3D.Unit,int,int,int)
  location: class org.apache.commons.geometry.euclidean.threed.Vector3DTest_OE25Dev_geom_left_1789_3
[ERROR] /home/tasfia/Desktop/OE25-DEV/projects_decomposed/commons-geometry/commons-geometry-euclidean/src/test/java/org/apache/commons/geometry/euclidean/threed/Vector3DTest_OE25Dev_geom_left_1789_3.java:[399,9] cannot find symbol
  symbol:   method checkVector(org.apache.commons.geometry.euclidean.threed.Vector3D.Unit,int,int,int)
  location: class org.apache.commons.geometry.euclidean.threed.Vector3DTest_OE25Dev_geom_left_1789_3
[ERROR] /home/tasfia/Desktop/OE25-DEV/projects_decomposed/commons-geometry/commons-geometry-euclidean/src/test/java/org/apache/commons/geometry/euclidean/threed/Vector3DTest_OE25Dev_geom_left_1789_3.java:[401,9] cannot find symbol
  symbol:   method checkVector(org.apache.commons.geometry.euclidean.threed.Vector3D.Unit,double,double,double)
  location: class org.apache.commons.geometry.euclidean.threed.Vector3DTest_OE25Dev_geom_left_1789_3
[ERROR] /home/tasfia/Desktop/OE25-DEV/projects_decomposed/commons-geometry/commons-geometry-euclidean/src/test/java/org/apache/commons/geometry/euclidean/threed/Vector3DTest_OE25Dev_geom_left_1789_3.java:[404,9] cannot find symbol
  symbol:   method checkVector(org.apache.commons.geometry.euclidean.threed.Vector3D.Unit,int,int,int)
  location: class org.apache.commons.geometry.euclidean.threed.Vector3DTest_OE25Dev_geom_left_1789_3
[ERROR] /home/tasfia/Desktop/OE25-DEV/projects_decomposed/commons-geometry/commons-geometry-euclidean/src/test/java/org/apache/commons/geometry/euclidean/threed/Vector3DTest_OE25Dev_geom_left_1789_3.java:[405,9] cannot find symbol
  symbol:   method checkVector(org.apache.commons.geometry.euclidean.threed.Vector3D.Unit,int,int,int)
  location: class org.apache.commons.geometry.euclidean.threed.Vector3DTest_OE25Dev_geom_left_1789_3
[ERROR] /home/tasfia/Desktop/OE25-DEV/projects_decomposed/commons-geometry/commons-geometry-euclidean/src/test/java/org/apache/commons/geometry/euclidean/threed/Vector3DTest_OE25Dev_geom_left_1789_3.java:[406,9] cannot find symbol
  symbol:   method checkVector(org.apache.commons.geometry.euclidean.threed.Vector3D.Unit,int,int,int)
  location: class org.apache.commons.geometry.euclidean.threed.Vector3DTest_OE25Dev_geom_left_1789_3
[ERROR] /home/tasfia/Desktop/OE25-DEV/projects_decomposed/commons-geometry/commons-geometry-euclidean/src/test/java/org/apache/commons/geometry/euclidean/threed/Vector3DTest_OE25Dev_geom_left_1789_3.java:[408,9] cannot find symbol
  symbol:   method checkVector(org.apache.commons.geometry.euclidean.threed.Vector3D.Unit,double,double,double)
  location: class org.apache.commons.geometry.euclidean.threed.Vector3DTest_OE25Dev_geom_left_1789_3
[ERROR] /home/tasfia/Desktop/OE25-DEV/projects_decomposed/commons-geometry/commons-geometry-euclidean/src/test/java/org/apache/commons/geometry/euclidean/threed/Vector3DTest_OE25Dev_geom_left_1789_3.java:[411,9] cannot find symbol
  symbol:   method checkVector(org.apache.commons.geometry.euclidean.threed.Vector3D.Unit,double,double,double)
  location: class org.apache.commons.geometry.euclidean.threed.Vector3DTest_OE25Dev_geom_left_1789_3
[ERROR] /home/tasfia/Desktop/OE25-DEV/projects_decomposed/commons-geometry/commons-geometry-euclidean/src/test/java/org/apache/commons/geometry/euclidean/threed/Vector3DTest_OE25Dev_geom_left_1789_3.java:[441,9] cannot find symbol
  symbol:   method checkVector(org.apache.commons.geometry.euclidean.threed.Vector3D.Unit,double,double,double)
  location: class org.apache.commons.geometry.euclidean.threed.Vector3DTest_OE25Dev_geom_left_1789_3
[ERROR] /home/tasfia/Desktop/OE25-DEV/projects_decomposed/commons-geometry/commons-geometry-euclidean/src/test/java/org/apache/commons/geometry/euclidean/threed/Vector3DTest_OE25Dev_geom_left_1789_3.java:[450,9] cannot find symbol
  symbol:   method checkVector(org.apache.commons.geometry.euclidean.threed.Vector3D.Unit,int,int,int)
  location: class org.apache.commons.geometry.euclidean.threed.Vector3DTest_OE25Dev_geom_left_1789_3
[ERROR] /home/tasfia/Desktop/OE25-DEV/projects_decomposed/commons-geometry/commons-geometry-euclidean/src/test/java/org/apache/commons/geometry/euclidean/threed/Vector3DTest_OE25Dev_geom_left_1789_3.java:[451,9] cannot find symbol
  symbol:   method checkVector(org.apache.commons.geometry.euclidean.threed.Vector3D.Unit,int,int,int)
  location: class org.apache.commons.geometry.euclidean.threed.Vector3DTest_OE25Dev_geom_left_1789_3
[ERROR] /home/tasfia/Desktop/OE25-DEV/projects_decomposed/commons-geometry/commons-geometry-euclidean/src/test/java/org/apache/commons/geometry/euclidean/threed/Vector3DTest_OE25Dev_geom_left_1789_3.java:[453,9] cannot find symbol
  symbol:   method checkVector(org.apache.commons.geometry.euclidean.threed.Vector3D.Unit,double,double,double)
  location: class org.apache.commons.geometry.euclidean.threed.Vector3DTest_OE25Dev_geom_left_1789_3
[ERROR] /home/tasfia/Desktop/OE25-DEV/projects_decomposed/commons-geometry/commons-geometry-euclidean/src/test/java/org/apache/commons/geometry/euclidean/threed/Vector3DTest_OE25Dev_geom_left_1789_3.java:[454,9] cannot find symbol
  symbol:   method checkVector(org.apache.commons.geometry.euclidean.threed.Vector3D.Unit,double,double,double)
  location: class org.apache.commons.geometry.euclidean.threed.Vector3DTest_OE25Dev_geom_left_1789_3
[ERROR] /home/tasfia/Desktop/OE25-DEV/projects_decomposed/commons-geometry/commons-geometry-euclidean/src/test/java/org/apache/commons/geometry/euclidean/threed/Vector3DTest_OE25Dev_geom_left_1789_3.java:[456,9] cannot find symbol
  symbol:   method checkVector(org.apache.commons.geometry.euclidean.threed.Vector3D.Unit,int,int,int)
  location: class org.apache.commons.geometry.euclidean.threed.Vector3DTest_OE25Dev_geom_left_1789_3
[ERROR] /home/tasfia/Desktop/OE25-DEV/projects_decomposed/commons-geometry/commons-geometry-euclidean/src/test/java/org/apache/commons/geometry/euclidean/threed/Vector3DTest_OE25Dev_geom_left_1789_3.java:[457,9] cannot find symbol
  symbol:   method checkVector(org.apache.commons.geometry.euclidean.threed.Vector3D.Unit,int,int,int)
  location: class org.apache.commons.geometry.euclidean.threed.Vector3DTest_OE25Dev_geom_left_1789_3
[ERROR] /home/tasfia/Desktop/OE25-DEV/projects_decomposed/commons-geometry/commons-geometry-euclidean/src/test/java/org/apache/commons/geometry/euclidean/threed/Vector3DTest_OE25Dev_geom_left_1789_3.java:[458,9] cannot find symbol
  symbol:   method checkVector(org.apache.commons.geometry.euclidean.threed.Vector3D.Unit,int,int,int)
  location: class org.apache.commons.geometry.euclidean.threed.Vector3DTest_OE25Dev_geom_left_1789_3
[ERROR] /home/tasfia/Desktop/OE25-DEV/projects_decomposed/commons-geometry/commons-geometry-euclidean/src/test/java/org/apache/commons/geometry/euclidean/threed/Vector3DTest_OE25Dev_geom_left_1789_3.java:[460,9] cannot find symbol
  symbol:   method checkVector(org.apache.commons.geometry.euclidean.threed.Vector3D.Unit,double,double,double)
  location: class org.apache.commons.geometry.euclidean.threed.Vector3DTest_OE25Dev_geom_left_1789_3
[ERROR] /home/tasfia/Desktop/OE25-DEV/projects_decomposed/commons-geometry/commons-geometry-euclidean/src/test/java/org/apache/commons/geometry/euclidean/threed/Vector3DTest_OE25Dev_geom_left_1789_3.java:[463,9] cannot find symbol
  symbol:   method checkVector(org.apache.commons.geometry.euclidean.threed.Vector3D.Unit,double,double,double)
  location: class org.apache.commons.geometry.euclidean.threed.Vector3DTest_OE25Dev_geom_left_1789_3
[ERROR] /home/tasfia/Desktop/OE25-DEV/projects_decomposed/commons-geometry/commons-geometry-euclidean/src/test/java/org/apache/commons/geometry/euclidean/threed/Vector3DTest_OE25Dev_geom_left_1789_3.java:[466,9] cannot find symbol
  symbol:   method checkVector(org.apache.commons.geometry.euclidean.threed.Vector3D.Unit,double,double,double)
  location: class org.apache.commons.geometry.euclidean.threed.Vector3DTest_OE25Dev_geom_left_1789_3
[ERROR] /home/tasfia/Desktop/OE25-DEV/projects_decomposed/commons-geometry/commons-geometry-euclidean/src/test/java/org/apache/commons/geometry/euclidean/threed/Vector3DTest_OE25Dev_geom_left_1789_3.java:[483,9] cannot find symbol
  symbol:   method checkVector(org.apache.commons.geometry.euclidean.threed.Vector3D.Unit,double,double,double)
  location: class org.apache.commons.geometry.euclidean.threed.Vector3DTest_OE25Dev_geom_left_1789_3
[ERROR] /home/tasfia/Desktop/OE25-DEV/projects_decomposed/commons-geometry/commons-geometry-euclidean/src/test/java/org/apache/commons/geometry/euclidean/threed/Vector3DTest_OE25Dev_geom_left_1789_3.java:[516,9] cannot find symbol
  symbol:   method checkVector(org.apache.commons.geometry.euclidean.threed.Vector3D.Unit,double,double,double)
  location: class org.apache.commons.geometry.euclidean.threed.Vector3DTest_OE25Dev_geom_left_1789_3
[ERROR] /home/tasfia/Desktop/OE25-DEV/projects_decomposed/commons-geometry/commons-geometry-euclidean/src/test/java/org/apache/commons/geometry/euclidean/threed/Vector3DTest_OE25Dev_geom_left_1789_3.java:[517,9] cannot find symbol
  symbol:   method checkVector(org.apache.commons.geometry.euclidean.threed.Vector3D.Unit,double,double,double)
  location: class org.apache.commons.geometry.euclidean.threed.Vector3DTest_OE25Dev_geom_left_1789_3
[ERROR] /home/tasfia/Desktop/OE25-DEV/projects_decomposed/commons-geometry/commons-geometry-euclidean/src/test/java/org/apache/commons/geometry/euclidean/threed/Vector3DTest_OE25Dev_geom_left_1789_3.java:[518,9] cannot find symbol
  symbol:   method checkVector(org.apache.commons.geometry.euclidean.threed.Vector3D.Unit,double,double,double)
  location: class org.apache.commons.geometry.euclidean.threed.Vector3DTest_OE25Dev_geom_left_1789_3
[ERROR] /home/tasfia/Desktop/OE25-DEV/projects_decomposed/commons-geometry/commons-geometry-euclidean/src/test/java/org/apache/commons/geometry/euclidean/threed/Vector3DTest_OE25Dev_geom_left_1789_3.java:[520,9] cannot find symbol
  symbol:   method checkVector(org.apache.commons.geometry.euclidean.threed.Vector3D.Unit,double,double,double)
  location: class org.apache.commons.geometry.euclidean.threed.Vector3DTest_OE25Dev_geom_left_1789_3
[ERROR] /home/tasfia/Desktop/OE25-DEV/projects_decomposed/commons-geometry/commons-geometry-euclidean/src/test/java/org/apache/commons/geometry/euclidean/threed/Vector3DTest_OE25Dev_geom_left_1789_3.java:[601,9] cannot find symbol
  symbol:   method checkVector(org.apache.commons.geometry.euclidean.threed.Vector3D,int,int,int)
  location: class org.apache.commons.geometry.euclidean.threed.Vector3DTest_OE25Dev_geom_left_1789_3
[ERROR] /home/tasfia/Desktop/OE25-DEV/projects_decomposed/commons-geometry/commons-geometry-euclidean/src/test/java/org/apache/commons/geometry/euclidean/threed/Vector3DTest_OE25Dev_geom_left_1789_3.java:[602,9] cannot find symbol
  symbol:   method checkVector(org.apache.commons.geometry.euclidean.threed.Vector3D,int,int,int)
  location: class org.apache.commons.geometry.euclidean.threed.Vector3DTest_OE25Dev_geom_left_1789_3
[ERROR] /home/tasfia/Desktop/OE25-DEV/projects_decomposed/commons-geometry/commons-geometry-euclidean/src/test/java/org/apache/commons/geometry/euclidean/threed/Vector3DTest_OE25Dev_geom_left_1789_3.java:[604,9] cannot find symbol
  symbol:   method checkVector(org.apache.commons.geometry.euclidean.threed.Vector3D,int,int,int)
  location: class org.apache.commons.geometry.euclidean.threed.Vector3DTest_OE25Dev_geom_left_1789_3
[ERROR] /home/tasfia/Desktop/OE25-DEV/projects_decomposed/commons-geometry/commons-geometry-euclidean/src/test/java/org/apache/commons/geometry/euclidean/threed/Vector3DTest_OE25Dev_geom_left_1789_3.java:[605,9] cannot find symbol
  symbol:   method checkVector(org.apache.commons.geometry.euclidean.threed.Vector3D,int,int,int)
  location: class org.apache.commons.geometry.euclidean.threed.Vector3DTest_OE25Dev_geom_left_1789_3
[ERROR] /home/tasfia/Desktop/OE25-DEV/projects_decomposed/commons-geometry/commons-geometry-euclidean/src/test/java/org/apache/commons/geometry/euclidean/threed/Vector3DTest_OE25Dev_geom_left_1789_3.java:[607,9] cannot find symbol
  symbol:   method checkVector(org.apache.commons.geometry.euclidean.threed.Vector3D,int,int,int)
  location: class org.apache.commons.geometry.euclidean.threed.Vector3DTest_OE25Dev_geom_left_1789_3
[ERROR] /home/tasfia/Desktop/OE25-DEV/projects_decomposed/commons-geometry/commons-geometry-euclidean/src/test/java/org/apache/commons/geometry/euclidean/threed/Vector3DTest_OE25Dev_geom_left_1789_3.java:[610,9] cannot find symbol
  symbol:   method checkVector(org.apache.commons.geometry.euclidean.threed.Vector3D.Unit,double,double,double)
  location: class org.apache.commons.geometry.euclidean.threed.Vector3DTest_OE25Dev_geom_left_1789_3
[ERROR] /home/tasfia/Desktop/OE25-DEV/projects_decomposed/commons-geometry/commons-geometry-euclidean/src/test/java/org/apache/commons/geometry/euclidean/threed/Vector3DTest_OE25Dev_geom_left_1789_3.java:[671,9] cannot find symbol
  symbol:   method checkVector(org.apache.commons.geometry.euclidean.threed.Vector3D,int,int,int)
  location: class org.apache.commons.geometry.euclidean.threed.Vector3DTest_OE25Dev_geom_left_1789_3
[ERROR] /home/tasfia/Desktop/OE25-DEV/projects_decomposed/commons-geometry/commons-geometry-euclidean/src/test/java/org/apache/commons/geometry/euclidean/threed/Vector3DTest_OE25Dev_geom_left_1789_3.java:[676,9] cannot find symbol
  symbol:   method checkVector(org.apache.commons.geometry.euclidean.threed.Vector3D,int,int,int)
  location: class org.apache.commons.geometry.euclidean.threed.Vector3DTest_OE25Dev_geom_left_1789_3
[ERROR] /home/tasfia/Desktop/OE25-DEV/projects_decomposed/commons-geometry/commons-geometry-euclidean/src/test/java/org/apache/commons/geometry/euclidean/threed/Vector3DTest_OE25Dev_geom_left_1789_3.java:[686,9] cannot find symbol
  symbol:   method checkVector(org.apache.commons.geometry.euclidean.threed.Vector3D,int,int,int)
  location: class org.apache.commons.geometry.euclidean.threed.Vector3DTest_OE25Dev_geom_left_1789_3
[ERROR] /home/tasfia/Desktop/OE25-DEV/projects_decomposed/commons-geometry/commons-geometry-euclidean/src/test/java/org/apache/commons/geometry/euclidean/threed/Vector3DTest_OE25Dev_geom_left_1789_3.java:[687,9] cannot find symbol
  symbol:   method checkVector(org.apache.commons.geometry.euclidean.threed.Vector3D,int,double,int)
  location: class org.apache.commons.geometry.euclidean.threed.Vector3DTest_OE25Dev_geom_left_1789_3
[ERROR] /home/tasfia/Desktop/OE25-DEV/projects_decomposed/commons-geometry/commons-geometry-euclidean/src/test/java/org/apache/commons/geometry/euclidean/threed/Vector3DTest_OE25Dev_geom_left_1789_3.java:[688,9] cannot find symbol
  symbol:   method checkVector(org.apache.commons.geometry.euclidean.threed.Vector3D,int,int,int)
  location: class org.apache.commons.geometry.euclidean.threed.Vector3DTest_OE25Dev_geom_left_1789_3
[ERROR] /home/tasfia/Desktop/OE25-DEV/projects_decomposed/commons-geometry/commons-geometry-euclidean/src/test/java/org/apache/commons/geometry/euclidean/threed/Vector3DTest_OE25Dev_geom_left_1789_3.java:[689,9] cannot find symbol
  symbol:   method checkVector(org.apache.commons.geometry.euclidean.threed.Vector3D,int,int,int)
  location: class org.apache.commons.geometry.euclidean.threed.Vector3DTest_OE25Dev_geom_left_1789_3
[ERROR] Failed to execute goal org.apache.maven.plugins:maven-compiler-plugin:3.8.1:testCompile (default-testCompile) on project commons-geometry-euclidean: Compilation failure: Compilation failure: 
[ERROR] /home/tasfia/Desktop/OE25-DEV/projects_decomposed/commons-geometry/commons-geometry-euclidean/src/test/java/org/apache/commons/geometry/euclidean/threed/Vector3DTest_OE25Dev_geom_left_1789_3.java:[43,9] cannot find symbol
[ERROR]   symbol:   method checkVector(org.apache.commons.geometry.euclidean.threed.Vector3D,int,int,int)
[ERROR]   location: class org.apache.commons.geometry.euclidean.threed.Vector3DTest_OE25Dev_geom_left_1789_3
[ERROR] /home/tasfia/Desktop/OE25-DEV/projects_decomposed/commons-geometry/commons-geometry-euclidean/src/test/java/org/apache/commons/geometry/euclidean/threed/Vector3DTest_OE25Dev_geom_left_1789_3.java:[45,9] cannot find symbol
[ERROR]   symbol:   method checkVector(org.apache.commons.geometry.euclidean.threed.Vector3D.Unit,int,int,int)
[ERROR]   location: class org.apache.commons.geometry.euclidean.threed.Vector3DTest_OE25Dev_geom_left_1789_3
[ERROR] /home/tasfia/Desktop/OE25-DEV/projects_decomposed/commons-geometry/commons-geometry-euclidean/src/test/java/org/apache/commons/geometry/euclidean/threed/Vector3DTest_OE25Dev_geom_left_1789_3.java:[46,9] cannot find symbol
[ERROR]   symbol:   method checkVector(org.apache.commons.geometry.euclidean.threed.Vector3D.Unit,int,int,int)
[ERROR]   location: class org.apache.commons.geometry.euclidean.threed.Vector3DTest_OE25Dev_geom_left_1789_3
[ERROR] /home/tasfia/Desktop/OE25-DEV/projects_decomposed/commons-geometry/commons-geometry-euclidean/src/test/java/org/apache/commons/geometry/euclidean/threed/Vector3DTest_OE25Dev_geom_left_1789_3.java:[48,9] cannot find symbol
[ERROR]   symbol:   method checkVector(org.apache.commons.geometry.euclidean.threed.Vector3D.Unit,int,int,int)
[ERROR]   location: class org.apache.commons.geometry.euclidean.threed.Vector3DTest_OE25Dev_geom_left_1789_3
[ERROR] /home/tasfia/Desktop/OE25-DEV/projects_decomposed/commons-geometry/commons-geometry-euclidean/src/test/java/org/apache/commons/geometry/euclidean/threed/Vector3DTest_OE25Dev_geom_left_1789_3.java:[49,9] cannot find symbol
[ERROR]   symbol:   method checkVector(org.apache.commons.geometry.euclidean.threed.Vector3D.Unit,int,int,int)
[ERROR]   location: class org.apache.commons.geometry.euclidean.threed.Vector3DTest_OE25Dev_geom_left_1789_3
[ERROR] /home/tasfia/Desktop/OE25-DEV/projects_decomposed/commons-geometry/commons-geometry-euclidean/src/test/java/org/apache/commons/geometry/euclidean/threed/Vector3DTest_OE25Dev_geom_left_1789_3.java:[51,9] cannot find symbol
[ERROR]   symbol:   method checkVector(org.apache.commons.geometry.euclidean.threed.Vector3D.Unit,int,int,int)
[ERROR]   location: class org.apache.commons.geometry.euclidean.threed.Vector3DTest_OE25Dev_geom_left_1789_3
[ERROR] /home/tasfia/Desktop/OE25-DEV/projects_decomposed/commons-geometry/commons-geometry-euclidean/src/test/java/org/apache/commons/geometry/euclidean/threed/Vector3DTest_OE25Dev_geom_left_1789_3.java:[52,9] cannot find symbol
[ERROR]   symbol:   method checkVector(org.apache.commons.geometry.euclidean.threed.Vector3D.Unit,int,int,int)
[ERROR]   location: class org.apache.commons.geometry.euclidean.threed.Vector3DTest_OE25Dev_geom_left_1789_3
[ERROR] /home/tasfia/Desktop/OE25-DEV/projects_decomposed/commons-geometry/commons-geometry-euclidean/src/test/java/org/apache/commons/geometry/euclidean/threed/Vector3DTest_OE25Dev_geom_left_1789_3.java:[54,9] cannot find symbol
[ERROR]   symbol:   method checkVector(org.apache.commons.geometry.euclidean.threed.Vector3D,double,double,double)
[ERROR]   location: class org.apache.commons.geometry.euclidean.threed.Vector3DTest_OE25Dev_geom_left_1789_3
[ERROR] /home/tasfia/Desktop/OE25-DEV/projects_decomposed/commons-geometry/commons-geometry-euclidean/src/test/java/org/apache/commons/geometry/euclidean/threed/Vector3DTest_OE25Dev_geom_left_1789_3.java:[55,9] cannot find symbol
[ERROR]   symbol:   method checkVector(org.apache.commons.geometry.euclidean.threed.Vector3D,double,double,double)
[ERROR]   location: class org.apache.commons.geometry.euclidean.threed.Vector3DTest_OE25Dev_geom_left_1789_3
[ERROR] /home/tasfia/Desktop/OE25-DEV/projects_decomposed/commons-geometry/commons-geometry-euclidean/src/test/java/org/apache/commons/geometry/euclidean/threed/Vector3DTest_OE25Dev_geom_left_1789_3.java:[56,9] cannot find symbol
[ERROR]   symbol:   method checkVector(org.apache.commons.geometry.euclidean.threed.Vector3D,double,double,double)
[ERROR]   location: class org.apache.commons.geometry.euclidean.threed.Vector3DTest_OE25Dev_geom_left_1789_3
[ERROR] /home/tasfia/Desktop/OE25-DEV/projects_decomposed/commons-geometry/commons-geometry-euclidean/src/test/java/org/apache/commons/geometry/euclidean/threed/Vector3DTest_OE25Dev_geom_left_1789_3.java:[190,9] cannot find symbol
[ERROR]   symbol:   method checkVector(org.apache.commons.geometry.euclidean.threed.Vector3D,int,int,int)
[ERROR]   location: class org.apache.commons.geometry.euclidean.threed.Vector3DTest_OE25Dev_geom_left_1789_3
[ERROR] /home/tasfia/Desktop/OE25-DEV/projects_decomposed/commons-geometry/commons-geometry-euclidean/src/test/java/org/apache/commons/geometry/euclidean/threed/Vector3DTest_OE25Dev_geom_left_1789_3.java:[242,9] cannot find symbol
[ERROR]   symbol:   method checkVector(org.apache.commons.geometry.euclidean.threed.Vector3D,double,double,double)
[ERROR]   location: class org.apache.commons.geometry.euclidean.threed.Vector3DTest_OE25Dev_geom_left_1789_3
[ERROR] /home/tasfia/Desktop/OE25-DEV/projects_decomposed/commons-geometry/commons-geometry-euclidean/src/test/java/org/apache/commons/geometry/euclidean/threed/Vector3DTest_OE25Dev_geom_left_1789_3.java:[244,9] cannot find symbol
[ERROR]   symbol:   method checkVector(org.apache.commons.geometry.euclidean.threed.Vector3D,double,double,double)
[ERROR]   location: class org.apache.commons.geometry.euclidean.threed.Vector3DTest_OE25Dev_geom_left_1789_3
[ERROR] /home/tasfia/Desktop/OE25-DEV/projects_decomposed/commons-geometry/commons-geometry-euclidean/src/test/java/org/apache/commons/geometry/euclidean/threed/Vector3DTest_OE25Dev_geom_left_1789_3.java:[245,9] cannot find symbol
[ERROR]   symbol:   method checkVector(org.apache.commons.geometry.euclidean.threed.Vector3D,double,double,double)
[ERROR]   location: class org.apache.commons.geometry.euclidean.threed.Vector3DTest_OE25Dev_geom_left_1789_3
[ERROR] /home/tasfia/Desktop/OE25-DEV/projects_decomposed/commons-geometry/commons-geometry-euclidean/src/test/java/org/apache/commons/geometry/euclidean/threed/Vector3DTest_OE25Dev_geom_left_1789_3.java:[246,9] cannot find symbol
[ERROR]   symbol:   method checkVector(org.apache.commons.geometry.euclidean.threed.Vector3D,double,double,double)
[ERROR]   location: class org.apache.commons.geometry.euclidean.threed.Vector3DTest_OE25Dev_geom_left_1789_3
[ERROR] /home/tasfia/Desktop/OE25-DEV/projects_decomposed/commons-geometry/commons-geometry-euclidean/src/test/java/org/apache/commons/geometry/euclidean/threed/Vector3DTest_OE25Dev_geom_left_1789_3.java:[247,9] cannot find symbol
[ERROR]   symbol:   method checkVector(org.apache.commons.geometry.euclidean.threed.Vector3D,double,double,double)
[ERROR]   location: class org.apache.commons.geometry.euclidean.threed.Vector3DTest_OE25Dev_geom_left_1789_3
[ERROR] /home/tasfia/Desktop/OE25-DEV/projects_decomposed/commons-geometry/commons-geometry-euclidean/src/test/java/org/apache/commons/geometry/euclidean/threed/Vector3DTest_OE25Dev_geom_left_1789_3.java:[248,9] cannot find symbol
[ERROR]   symbol:   method checkVector(org.apache.commons.geometry.euclidean.threed.Vector3D,double,double,double)
[ERROR]   location: class org.apache.commons.geometry.euclidean.threed.Vector3DTest_OE25Dev_geom_left_1789_3
[ERROR] /home/tasfia/Desktop/OE25-DEV/projects_decomposed/commons-geometry/commons-geometry-euclidean/src/test/java/org/apache/commons/geometry/euclidean/threed/Vector3DTest_OE25Dev_geom_left_1789_3.java:[249,9] cannot find symbol
[ERROR]   symbol:   method checkVector(org.apache.commons.geometry.euclidean.threed.Vector3D,double,double,double)
[ERROR]   location: class org.apache.commons.geometry.euclidean.threed.Vector3DTest_OE25Dev_geom_left_1789_3
[ERROR] /home/tasfia/Desktop/OE25-DEV/projects_decomposed/commons-geometry/commons-geometry-euclidean/src/test/java/org/apache/commons/geometry/euclidean/threed/Vector3DTest_OE25Dev_geom_left_1789_3.java:[250,9] cannot find symbol
[ERROR]   symbol:   method checkVector(org.apache.commons.geometry.euclidean.threed.Vector3D,double,double,double)
[ERROR]   location: class org.apache.commons.geometry.euclidean.threed.Vector3DTest_OE25Dev_geom_left_1789_3
[ERROR] /home/tasfia/Desktop/OE25-DEV/projects_decomposed/commons-geometry/commons-geometry-euclidean/src/test/java/org/apache/commons/geometry/euclidean/threed/Vector3DTest_OE25Dev_geom_left_1789_3.java:[251,9] cannot find symbol
[ERROR]   symbol:   method checkVector(org.apache.commons.geometry.euclidean.threed.Vector3D,double,double,double)
[ERROR]   location: class org.apache.commons.geometry.euclidean.threed.Vector3DTest_OE25Dev_geom_left_1789_3
[ERROR] /home/tasfia/Desktop/OE25-DEV/projects_decomposed/commons-geometry/commons-geometry-euclidean/src/test/java/org/apache/commons/geometry/euclidean/threed/Vector3DTest_OE25Dev_geom_left_1789_3.java:[253,9] cannot find symbol
[ERROR]   symbol:   method checkVector(org.apache.commons.geometry.euclidean.threed.Vector3D,double,double,double)
[ERROR]   location: class org.apache.commons.geometry.euclidean.threed.Vector3DTest_OE25Dev_geom_left_1789_3
[ERROR] /home/tasfia/Desktop/OE25-DEV/projects_decomposed/commons-geometry/commons-geometry-euclidean/src/test/java/org/apache/commons/geometry/euclidean/threed/Vector3DTest_OE25Dev_geom_left_1789_3.java:[254,9] cannot find symbol
[ERROR]   symbol:   method checkVector(org.apache.commons.geometry.euclidean.threed.Vector3D,double,double,double)
[ERROR]   location: class org.apache.commons.geometry.euclidean.threed.Vector3DTest_OE25Dev_geom_left_1789_3
[ERROR] /home/tasfia/Desktop/OE25-DEV/projects_decomposed/commons-geometry/commons-geometry-euclidean/src/test/java/org/apache/commons/geometry/euclidean/threed/Vector3DTest_OE25Dev_geom_left_1789_3.java:[256,9] cannot find symbol
[ERROR]   symbol:   method checkVector(org.apache.commons.geometry.euclidean.threed.Vector3D,double,double,double)
[ERROR]   location: class org.apache.commons.geometry.euclidean.threed.Vector3DTest_OE25Dev_geom_left_1789_3
[ERROR] /home/tasfia/Desktop/OE25-DEV/projects_decomposed/commons-geometry/commons-geometry-euclidean/src/test/java/org/apache/commons/geometry/euclidean/threed/Vector3DTest_OE25Dev_geom_left_1789_3.java:[257,9] cannot find symbol
[ERROR]   symbol:   method checkVector(org.apache.commons.geometry.euclidean.threed.Vector3D,double,double,double)
[ERROR]   location: class org.apache.commons.geometry.euclidean.threed.Vector3DTest_OE25Dev_geom_left_1789_3
[ERROR] /home/tasfia/Desktop/OE25-DEV/projects_decomposed/commons-geometry/commons-geometry-euclidean/src/test/java/org/apache/commons/geometry/euclidean/threed/Vector3DTest_OE25Dev_geom_left_1789_3.java:[280,9] cannot find symbol
[ERROR]   symbol:   method checkVector(org.apache.commons.geometry.euclidean.threed.Vector3D,double,double,double)
[ERROR]   location: class org.apache.commons.geometry.euclidean.threed.Vector3DTest_OE25Dev_geom_left_1789_3
[ERROR] /home/tasfia/Desktop/OE25-DEV/projects_decomposed/commons-geometry/commons-geometry-euclidean/src/test/java/org/apache/commons/geometry/euclidean/threed/Vector3DTest_OE25Dev_geom_left_1789_3.java:[281,9] cannot find symbol
[ERROR]   symbol:   method checkVector(org.apache.commons.geometry.euclidean.threed.Vector3D,double,double,double)
[ERROR]   location: class org.apache.commons.geometry.euclidean.threed.Vector3DTest_OE25Dev_geom_left_1789_3
[ERROR] /home/tasfia/Desktop/OE25-DEV/projects_decomposed/commons-geometry/commons-geometry-euclidean/src/test/java/org/apache/commons/geometry/euclidean/threed/Vector3DTest_OE25Dev_geom_left_1789_3.java:[282,9] cannot find symbol
[ERROR]   symbol:   method checkVector(org.apache.commons.geometry.euclidean.threed.Vector3D,double,double,double)
[ERROR]   location: class org.apache.commons.geometry.euclidean.threed.Vector3DTest_OE25Dev_geom_left_1789_3
[ERROR] /home/tasfia/Desktop/OE25-DEV/projects_decomposed/commons-geometry/commons-geometry-euclidean/src/test/java/org/apache/commons/geometry/euclidean/threed/Vector3DTest_OE25Dev_geom_left_1789_3.java:[297,9] cannot find symbol
[ERROR]   symbol:   method checkVector(org.apache.commons.geometry.euclidean.threed.Vector3D,int,int,int)
[ERROR]   location: class org.apache.commons.geometry.euclidean.threed.Vector3DTest_OE25Dev_geom_left_1789_3
[ERROR] /home/tasfia/Desktop/OE25-DEV/projects_decomposed/commons-geometry/commons-geometry-euclidean/src/test/java/org/apache/commons/geometry/euclidean/threed/Vector3DTest_OE25Dev_geom_left_1789_3.java:[299,9] cannot find symbol
[ERROR]   symbol:   method checkVector(org.apache.commons.geometry.euclidean.threed.Vector3D,int,int,int)
[ERROR]   location: class org.apache.commons.geometry.euclidean.threed.Vector3DTest_OE25Dev_geom_left_1789_3
[ERROR] /home/tasfia/Desktop/OE25-DEV/projects_decomposed/commons-geometry/commons-geometry-euclidean/src/test/java/org/apache/commons/geometry/euclidean/threed/Vector3DTest_OE25Dev_geom_left_1789_3.java:[300,9] cannot find symbol
[ERROR]   symbol:   method checkVector(org.apache.commons.geometry.euclidean.threed.Vector3D,int,int,int)
[ERROR]   location: class org.apache.commons.geometry.euclidean.threed.Vector3DTest_OE25Dev_geom_left_1789_3
[ERROR] /home/tasfia/Desktop/OE25-DEV/projects_decomposed/commons-geometry/commons-geometry-euclidean/src/test/java/org/apache/commons/geometry/euclidean/threed/Vector3DTest_OE25Dev_geom_left_1789_3.java:[302,9] cannot find symbol
[ERROR]   symbol:   method checkVector(org.apache.commons.geometry.euclidean.threed.Vector3D,int,int,int)
[ERROR]   location: class org.apache.commons.geometry.euclidean.threed.Vector3DTest_OE25Dev_geom_left_1789_3
[ERROR] /home/tasfia/Desktop/OE25-DEV/projects_decomposed/commons-geometry/commons-geometry-euclidean/src/test/java/org/apache/commons/geometry/euclidean/threed/Vector3DTest_OE25Dev_geom_left_1789_3.java:[303,9] cannot find symbol
[ERROR]   symbol:   method checkVector(org.apache.commons.geometry.euclidean.threed.Vector3D,int,int,int)
[ERROR]   location: class org.apache.commons.geometry.euclidean.threed.Vector3DTest_OE25Dev_geom_left_1789_3
[ERROR] /home/tasfia/Desktop/OE25-DEV/projects_decomposed/commons-geometry/commons-geometry-euclidean/src/test/java/org/apache/commons/geometry/euclidean/threed/Vector3DTest_OE25Dev_geom_left_1789_3.java:[314,9] cannot find symbol
[ERROR]   symbol:   method checkVector(org.apache.commons.geometry.euclidean.threed.Vector3D,int,int,int)
[ERROR]   location: class org.apache.commons.geometry.euclidean.threed.Vector3DTest_OE25Dev_geom_left_1789_3
[ERROR] /home/tasfia/Desktop/OE25-DEV/projects_decomposed/commons-geometry/commons-geometry-euclidean/src/test/java/org/apache/commons/geometry/euclidean/threed/Vector3DTest_OE25Dev_geom_left_1789_3.java:[315,9] cannot find symbol
[ERROR]   symbol:   method checkVector(org.apache.commons.geometry.euclidean.threed.Vector3D,double,int,double)
[ERROR]   location: class org.apache.commons.geometry.euclidean.threed.Vector3DTest_OE25Dev_geom_left_1789_3
[ERROR] /home/tasfia/Desktop/OE25-DEV/projects_decomposed/commons-geometry/commons-geometry-euclidean/src/test/java/org/apache/commons/geometry/euclidean/threed/Vector3DTest_OE25Dev_geom_left_1789_3.java:[316,9] cannot find symbol
[ERROR]   symbol:   method checkVector(org.apache.commons.geometry.euclidean.threed.Vector3D,int,int,int)
[ERROR]   location: class org.apache.commons.geometry.euclidean.threed.Vector3DTest_OE25Dev_geom_left_1789_3
[ERROR] /home/tasfia/Desktop/OE25-DEV/projects_decomposed/commons-geometry/commons-geometry-euclidean/src/test/java/org/apache/commons/geometry/euclidean/threed/Vector3DTest_OE25Dev_geom_left_1789_3.java:[318,9] cannot find symbol
[ERROR]   symbol:   method checkVector(org.apache.commons.geometry.euclidean.threed.Vector3D,int,int,int)
[ERROR]   location: class org.apache.commons.geometry.euclidean.threed.Vector3DTest_OE25Dev_geom_left_1789_3
[ERROR] /home/tasfia/Desktop/OE25-DEV/projects_decomposed/commons-geometry/commons-geometry-euclidean/src/test/java/org/apache/commons/geometry/euclidean/threed/Vector3DTest_OE25Dev_geom_left_1789_3.java:[319,9] cannot find symbol
[ERROR]   symbol:   method checkVector(org.apache.commons.geometry.euclidean.threed.Vector3D,int,int,int)
[ERROR]   location: class org.apache.commons.geometry.euclidean.threed.Vector3DTest_OE25Dev_geom_left_1789_3
[ERROR] /home/tasfia/Desktop/OE25-DEV/projects_decomposed/commons-geometry/commons-geometry-euclidean/src/test/java/org/apache/commons/geometry/euclidean/threed/Vector3DTest_OE25Dev_geom_left_1789_3.java:[321,9] cannot find symbol
[ERROR]   symbol:   method checkVector(org.apache.commons.geometry.euclidean.threed.Vector3D,int,int,int)
[ERROR]   location: class org.apache.commons.geometry.euclidean.threed.Vector3DTest_OE25Dev_geom_left_1789_3
[ERROR] /home/tasfia/Desktop/OE25-DEV/projects_decomposed/commons-geometry/commons-geometry-euclidean/src/test/java/org/apache/commons/geometry/euclidean/threed/Vector3DTest_OE25Dev_geom_left_1789_3.java:[322,9] cannot find symbol
[ERROR]   symbol:   method checkVector(org.apache.commons.geometry.euclidean.threed.Vector3D,int,int,int)
[ERROR]   location: class org.apache.commons.geometry.euclidean.threed.Vector3DTest_OE25Dev_geom_left_1789_3
[ERROR] /home/tasfia/Desktop/OE25-DEV/projects_decomposed/commons-geometry/commons-geometry-euclidean/src/test/java/org/apache/commons/geometry/euclidean/threed/Vector3DTest_OE25Dev_geom_left_1789_3.java:[333,9] cannot find symbol
[ERROR]   symbol:   method checkVector(org.apache.commons.geometry.euclidean.threed.Vector3D,int,int,int)
[ERROR]   location: class org.apache.commons.geometry.euclidean.threed.Vector3DTest_OE25Dev_geom_left_1789_3
[ERROR] /home/tasfia/Desktop/OE25-DEV/projects_decomposed/commons-geometry/commons-geometry-euclidean/src/test/java/org/apache/commons/geometry/euclidean/threed/Vector3DTest_OE25Dev_geom_left_1789_3.java:[335,9] cannot find symbol
[ERROR]   symbol:   method checkVector(org.apache.commons.geometry.euclidean.threed.Vector3D,int,int,int)
[ERROR]   location: class org.apache.commons.geometry.euclidean.threed.Vector3DTest_OE25Dev_geom_left_1789_3
[ERROR] /home/tasfia/Desktop/OE25-DEV/projects_decomposed/commons-geometry/commons-geometry-euclidean/src/test/java/org/apache/commons/geometry/euclidean/threed/Vector3DTest_OE25Dev_geom_left_1789_3.java:[336,9] cannot find symbol
[ERROR]   symbol:   method checkVector(org.apache.commons.geometry.euclidean.threed.Vector3D,int,int,int)
[ERROR]   location: class org.apache.commons.geometry.euclidean.threed.Vector3DTest_OE25Dev_geom_left_1789_3
[ERROR] /home/tasfia/Desktop/OE25-DEV/projects_decomposed/commons-geometry/commons-geometry-euclidean/src/test/java/org/apache/commons/geometry/euclidean/threed/Vector3DTest_OE25Dev_geom_left_1789_3.java:[338,9] cannot find symbol
[ERROR]   symbol:   method checkVector(org.apache.commons.geometry.euclidean.threed.Vector3D,int,int,int)
[ERROR]   location: class org.apache.commons.geometry.euclidean.threed.Vector3DTest_OE25Dev_geom_left_1789_3
[ERROR] /home/tasfia/Desktop/OE25-DEV/projects_decomposed/commons-geometry/commons-geometry-euclidean/src/test/java/org/apache/commons/geometry/euclidean/threed/Vector3DTest_OE25Dev_geom_left_1789_3.java:[339,9] cannot find symbol
[ERROR]   symbol:   method checkVector(org.apache.commons.geometry.euclidean.threed.Vector3D,int,int,int)
[ERROR]   location: class org.apache.commons.geometry.euclidean.threed.Vector3DTest_OE25Dev_geom_left_1789_3
[ERROR] /home/tasfia/Desktop/OE25-DEV/projects_decomposed/commons-geometry/commons-geometry-euclidean/src/test/java/org/apache/commons/geometry/euclidean/threed/Vector3DTest_OE25Dev_geom_left_1789_3.java:[350,9] cannot find symbol
[ERROR]   symbol:   method checkVector(org.apache.commons.geometry.euclidean.threed.Vector3D,int,int,int)
[ERROR]   location: class org.apache.commons.geometry.euclidean.threed.Vector3DTest_OE25Dev_geom_left_1789_3
[ERROR] /home/tasfia/Desktop/OE25-DEV/projects_decomposed/commons-geometry/commons-geometry-euclidean/src/test/java/org/apache/commons/geometry/euclidean/threed/Vector3DTest_OE25Dev_geom_left_1789_3.java:[351,9] cannot find symbol
[ERROR]   symbol:   method checkVector(org.apache.commons.geometry.euclidean.threed.Vector3D,double,int,double)
[ERROR]   location: class org.apache.commons.geometry.euclidean.threed.Vector3DTest_OE25Dev_geom_left_1789_3
[ERROR] /home/tasfia/Desktop/OE25-DEV/projects_decomposed/commons-geometry/commons-geometry-euclidean/src/test/java/org/apache/commons/geometry/euclidean/threed/Vector3DTest_OE25Dev_geom_left_1789_3.java:[352,9] cannot find symbol
[ERROR]   symbol:   method checkVector(org.apache.commons.geometry.euclidean.threed.Vector3D,int,int,int)
[ERROR]   location: class org.apache.commons.geometry.euclidean.threed.Vector3DTest_OE25Dev_geom_left_1789_3
[ERROR] /home/tasfia/Desktop/OE25-DEV/projects_decomposed/commons-geometry/commons-geometry-euclidean/src/test/java/org/apache/commons/geometry/euclidean/threed/Vector3DTest_OE25Dev_geom_left_1789_3.java:[354,9] cannot find symbol
[ERROR]   symbol:   method checkVector(org.apache.commons.geometry.euclidean.threed.Vector3D,int,int,int)
[ERROR]   location: class org.apache.commons.geometry.euclidean.threed.Vector3DTest_OE25Dev_geom_left_1789_3
[ERROR] /home/tasfia/Desktop/OE25-DEV/projects_decomposed/commons-geometry/commons-geometry-euclidean/src/test/java/org/apache/commons/geometry/euclidean/threed/Vector3DTest_OE25Dev_geom_left_1789_3.java:[355,9] cannot find symbol
[ERROR]   symbol:   method checkVector(org.apache.commons.geometry.euclidean.threed.Vector3D,int,int,int)
[ERROR]   location: class org.apache.commons.geometry.euclidean.threed.Vector3DTest_OE25Dev_geom_left_1789_3
[ERROR] /home/tasfia/Desktop/OE25-DEV/projects_decomposed/commons-geometry/commons-geometry-euclidean/src/test/java/org/apache/commons/geometry/euclidean/threed/Vector3DTest_OE25Dev_geom_left_1789_3.java:[357,9] cannot find symbol
[ERROR]   symbol:   method checkVector(org.apache.commons.geometry.euclidean.threed.Vector3D,int,int,int)
[ERROR]   location: class org.apache.commons.geometry.euclidean.threed.Vector3DTest_OE25Dev_geom_left_1789_3
[ERROR] /home/tasfia/Desktop/OE25-DEV/projects_decomposed/commons-geometry/commons-geometry-euclidean/src/test/java/org/apache/commons/geometry/euclidean/threed/Vector3DTest_OE25Dev_geom_left_1789_3.java:[358,9] cannot find symbol
[ERROR]   symbol:   method checkVector(org.apache.commons.geometry.euclidean.threed.Vector3D,int,int,int)
[ERROR]   location: class org.apache.commons.geometry.euclidean.threed.Vector3DTest_OE25Dev_geom_left_1789_3
[ERROR] /home/tasfia/Desktop/OE25-DEV/projects_decomposed/commons-geometry/commons-geometry-euclidean/src/test/java/org/apache/commons/geometry/euclidean/threed/Vector3DTest_OE25Dev_geom_left_1789_3.java:[364,9] cannot find symbol
[ERROR]   symbol:   method checkVector(org.apache.commons.geometry.euclidean.threed.Vector3D,double,double,double)
[ERROR]   location: class org.apache.commons.geometry.euclidean.threed.Vector3DTest_OE25Dev_geom_left_1789_3
[ERROR] /home/tasfia/Desktop/OE25-DEV/projects_decomposed/commons-geometry/commons-geometry-euclidean/src/test/java/org/apache/commons/geometry/euclidean/threed/Vector3DTest_OE25Dev_geom_left_1789_3.java:[365,9] cannot find symbol
[ERROR]   symbol:   method checkVector(org.apache.commons.geometry.euclidean.threed.Vector3D,double,double,double)
[ERROR]   location: class org.apache.commons.geometry.euclidean.threed.Vector3DTest_OE25Dev_geom_left_1789_3
[ERROR] /home/tasfia/Desktop/OE25-DEV/projects_decomposed/commons-geometry/commons-geometry-euclidean/src/test/java/org/apache/commons/geometry/euclidean/threed/Vector3DTest_OE25Dev_geom_left_1789_3.java:[375,9] cannot find symbol
[ERROR]   symbol:   method checkVector(org.apache.commons.geometry.euclidean.threed.Vector3D,double,double,double)
[ERROR]   location: class org.apache.commons.geometry.euclidean.threed.Vector3DTest_OE25Dev_geom_left_1789_3
[ERROR] /home/tasfia/Desktop/OE25-DEV/projects_decomposed/commons-geometry/commons-geometry-euclidean/src/test/java/org/apache/commons/geometry/euclidean/threed/Vector3DTest_OE25Dev_geom_left_1789_3.java:[376,9] cannot find symbol
[ERROR]   symbol:   method checkVector(org.apache.commons.geometry.euclidean.threed.Vector3D,double,double,double)
[ERROR]   location: class org.apache.commons.geometry.euclidean.threed.Vector3DTest_OE25Dev_geom_left_1789_3
[ERROR] /home/tasfia/Desktop/OE25-DEV/projects_decomposed/commons-geometry/commons-geometry-euclidean/src/test/java/org/apache/commons/geometry/euclidean/threed/Vector3DTest_OE25Dev_geom_left_1789_3.java:[385,9] cannot find symbol
[ERROR]   symbol:   method checkVector(org.apache.commons.geometry.euclidean.threed.Vector3D.Unit,int,int,int)
[ERROR]   location: class org.apache.commons.geometry.euclidean.threed.Vector3DTest_OE25Dev_geom_left_1789_3
[ERROR] /home/tasfia/Desktop/OE25-DEV/projects_decomposed/commons-geometry/commons-geometry-euclidean/src/test/java/org/apache/commons/geometry/euclidean/threed/Vector3DTest_OE25Dev_geom_left_1789_3.java:[386,9] cannot find symbol
[ERROR]   symbol:   method checkVector(org.apache.commons.geometry.euclidean.threed.Vector3D.Unit,int,int,int)
[ERROR]   location: class org.apache.commons.geometry.euclidean.threed.Vector3DTest_OE25Dev_geom_left_1789_3
[ERROR] /home/tasfia/Desktop/OE25-DEV/projects_decomposed/commons-geometry/commons-geometry-euclidean/src/test/java/org/apache/commons/geometry/euclidean/threed/Vector3DTest_OE25Dev_geom_left_1789_3.java:[388,9] cannot find symbol
[ERROR]   symbol:   method checkVector(org.apache.commons.geometry.euclidean.threed.Vector3D.Unit,int,int,int)
[ERROR]   location: class org.apache.commons.geometry.euclidean.threed.Vector3DTest_OE25Dev_geom_left_1789_3
[ERROR] /home/tasfia/Desktop/OE25-DEV/projects_decomposed/commons-geometry/commons-geometry-euclidean/src/test/java/org/apache/commons/geometry/euclidean/threed/Vector3DTest_OE25Dev_geom_left_1789_3.java:[389,9] cannot find symbol
[ERROR]   symbol:   method checkVector(org.apache.commons.geometry.euclidean.threed.Vector3D.Unit,int,int,int)
[ERROR]   location: class org.apache.commons.geometry.euclidean.threed.Vector3DTest_OE25Dev_geom_left_1789_3
[ERROR] /home/tasfia/Desktop/OE25-DEV/projects_decomposed/commons-geometry/commons-geometry-euclidean/src/test/java/org/apache/commons/geometry/euclidean/threed/Vector3DTest_OE25Dev_geom_left_1789_3.java:[391,9] cannot find symbol
[ERROR]   symbol:   method checkVector(org.apache.commons.geometry.euclidean.threed.Vector3D.Unit,int,int,int)
[ERROR]   location: class org.apache.commons.geometry.euclidean.threed.Vector3DTest_OE25Dev_geom_left_1789_3
[ERROR] /home/tasfia/Desktop/OE25-DEV/projects_decomposed/commons-geometry/commons-geometry-euclidean/src/test/java/org/apache/commons/geometry/euclidean/threed/Vector3DTest_OE25Dev_geom_left_1789_3.java:[392,9] cannot find symbol
[ERROR]   symbol:   method checkVector(org.apache.commons.geometry.euclidean.threed.Vector3D.Unit,int,int,int)
[ERROR]   location: class org.apache.commons.geometry.euclidean.threed.Vector3DTest_OE25Dev_geom_left_1789_3
[ERROR] /home/tasfia/Desktop/OE25-DEV/projects_decomposed/commons-geometry/commons-geometry-euclidean/src/test/java/org/apache/commons/geometry/euclidean/threed/Vector3DTest_OE25Dev_geom_left_1789_3.java:[394,9] cannot find symbol
[ERROR]   symbol:   method checkVector(org.apache.commons.geometry.euclidean.threed.Vector3D.Unit,double,double,double)
[ERROR]   location: class org.apache.commons.geometry.euclidean.threed.Vector3DTest_OE25Dev_geom_left_1789_3
[ERROR] /home/tasfia/Desktop/OE25-DEV/projects_decomposed/commons-geometry/commons-geometry-euclidean/src/test/java/org/apache/commons/geometry/euclidean/threed/Vector3DTest_OE25Dev_geom_left_1789_3.java:[395,9] cannot find symbol
[ERROR]   symbol:   method checkVector(org.apache.commons.geometry.euclidean.threed.Vector3D.Unit,double,double,double)
[ERROR]   location: class org.apache.commons.geometry.euclidean.threed.Vector3DTest_OE25Dev_geom_left_1789_3
[ERROR] /home/tasfia/Desktop/OE25-DEV/projects_decomposed/commons-geometry/commons-geometry-euclidean/src/test/java/org/apache/commons/geometry/euclidean/threed/Vector3DTest_OE25Dev_geom_left_1789_3.java:[397,9] cannot find symbol
[ERROR]   symbol:   method checkVector(org.apache.commons.geometry.euclidean.threed.Vector3D.Unit,int,int,int)
[ERROR]   location: class org.apache.commons.geometry.euclidean.threed.Vector3DTest_OE25Dev_geom_left_1789_3
[ERROR] /home/tasfia/Desktop/OE25-DEV/projects_decomposed/commons-geometry/commons-geometry-euclidean/src/test/java/org/apache/commons/geometry/euclidean/threed/Vector3DTest_OE25Dev_geom_left_1789_3.java:[398,9] cannot find symbol
[ERROR]   symbol:   method checkVector(org.apache.commons.geometry.euclidean.threed.Vector3D.Unit,int,int,int)
[ERROR]   location: class org.apache.commons.geometry.euclidean.threed.Vector3DTest_OE25Dev_geom_left_1789_3
[ERROR] /home/tasfia/Desktop/OE25-DEV/projects_decomposed/commons-geometry/commons-geometry-euclidean/src/test/java/org/apache/commons/geometry/euclidean/threed/Vector3DTest_OE25Dev_geom_left_1789_3.java:[399,9] cannot find symbol
[ERROR]   symbol:   method checkVector(org.apache.commons.geometry.euclidean.threed.Vector3D.Unit,int,int,int)
[ERROR]   location: class org.apache.commons.geometry.euclidean.threed.Vector3DTest_OE25Dev_geom_left_1789_3
[ERROR] /home/tasfia/Desktop/OE25-DEV/projects_decomposed/commons-geometry/commons-geometry-euclidean/src/test/java/org/apache/commons/geometry/euclidean/threed/Vector3DTest_OE25Dev_geom_left_1789_3.java:[401,9] cannot find symbol
[ERROR]   symbol:   method checkVector(org.apache.commons.geometry.euclidean.threed.Vector3D.Unit,double,double,double)
[ERROR]   location: class org.apache.commons.geometry.euclidean.threed.Vector3DTest_OE25Dev_geom_left_1789_3
[ERROR] /home/tasfia/Desktop/OE25-DEV/projects_decomposed/commons-geometry/commons-geometry-euclidean/src/test/java/org/apache/commons/geometry/euclidean/threed/Vector3DTest_OE25Dev_geom_left_1789_3.java:[404,9] cannot find symbol
[ERROR]   symbol:   method checkVector(org.apache.commons.geometry.euclidean.threed.Vector3D.Unit,int,int,int)
[ERROR]   location: class org.apache.commons.geometry.euclidean.threed.Vector3DTest_OE25Dev_geom_left_1789_3
[ERROR] /home/tasfia/Desktop/OE25-DEV/projects_decomposed/commons-geometry/commons-geometry-euclidean/src/test/java/org/apache/commons/geometry/euclidean/threed/Vector3DTest_OE25Dev_geom_left_1789_3.java:[405,9] cannot find symbol
[ERROR]   symbol:   method checkVector(org.apache.commons.geometry.euclidean.threed.Vector3D.Unit,int,int,int)
[ERROR]   location: class org.apache.commons.geometry.euclidean.threed.Vector3DTest_OE25Dev_geom_left_1789_3
[ERROR] /home/tasfia/Desktop/OE25-DEV/projects_decomposed/commons-geometry/commons-geometry-euclidean/src/test/java/org/apache/commons/geometry/euclidean/threed/Vector3DTest_OE25Dev_geom_left_1789_3.java:[406,9] cannot find symbol
[ERROR]   symbol:   method checkVector(org.apache.commons.geometry.euclidean.threed.Vector3D.Unit,int,int,int)
[ERROR]   location: class org.apache.commons.geometry.euclidean.threed.Vector3DTest_OE25Dev_geom_left_1789_3
[ERROR] /home/tasfia/Desktop/OE25-DEV/projects_decomposed/commons-geometry/commons-geometry-euclidean/src/test/java/org/apache/commons/geometry/euclidean/threed/Vector3DTest_OE25Dev_geom_left_1789_3.java:[408,9] cannot find symbol
[ERROR]   symbol:   method checkVector(org.apache.commons.geometry.euclidean.threed.Vector3D.Unit,double,double,double)
[ERROR]   location: class org.apache.commons.geometry.euclidean.threed.Vector3DTest_OE25Dev_geom_left_1789_3
[ERROR] /home/tasfia/Desktop/OE25-DEV/projects_decomposed/commons-geometry/commons-geometry-euclidean/src/test/java/org/apache/commons/geometry/euclidean/threed/Vector3DTest_OE25Dev_geom_left_1789_3.java:[411,9] cannot find symbol
[ERROR]   symbol:   method checkVector(org.apache.commons.geometry.euclidean.threed.Vector3D.Unit,double,double,double)
[ERROR]   location: class org.apache.commons.geometry.euclidean.threed.Vector3DTest_OE25Dev_geom_left_1789_3
[ERROR] /home/tasfia/Desktop/OE25-DEV/projects_decomposed/commons-geometry/commons-geometry-euclidean/src/test/java/org/apache/commons/geometry/euclidean/threed/Vector3DTest_OE25Dev_geom_left_1789_3.java:[441,9] cannot find symbol
[ERROR]   symbol:   method checkVector(org.apache.commons.geometry.euclidean.threed.Vector3D.Unit,double,double,double)
[ERROR]   location: class org.apache.commons.geometry.euclidean.threed.Vector3DTest_OE25Dev_geom_left_1789_3
[ERROR] /home/tasfia/Desktop/OE25-DEV/projects_decomposed/commons-geometry/commons-geometry-euclidean/src/test/java/org/apache/commons/geometry/euclidean/threed/Vector3DTest_OE25Dev_geom_left_1789_3.java:[450,9] cannot find symbol
[ERROR]   symbol:   method checkVector(org.apache.commons.geometry.euclidean.threed.Vector3D.Unit,int,int,int)
[ERROR]   location: class org.apache.commons.geometry.euclidean.threed.Vector3DTest_OE25Dev_geom_left_1789_3
[ERROR] /home/tasfia/Desktop/OE25-DEV/projects_decomposed/commons-geometry/commons-geometry-euclidean/src/test/java/org/apache/commons/geometry/euclidean/threed/Vector3DTest_OE25Dev_geom_left_1789_3.java:[451,9] cannot find symbol
[ERROR]   symbol:   method checkVector(org.apache.commons.geometry.euclidean.threed.Vector3D.Unit,int,int,int)
[ERROR]   location: class org.apache.commons.geometry.euclidean.threed.Vector3DTest_OE25Dev_geom_left_1789_3
[ERROR] /home/tasfia/Desktop/OE25-DEV/projects_decomposed/commons-geometry/commons-geometry-euclidean/src/test/java/org/apache/commons/geometry/euclidean/threed/Vector3DTest_OE25Dev_geom_left_1789_3.java:[453,9] cannot find symbol
[ERROR]   symbol:   method checkVector(org.apache.commons.geometry.euclidean.threed.Vector3D.Unit,double,double,double)
[ERROR]   location: class org.apache.commons.geometry.euclidean.threed.Vector3DTest_OE25Dev_geom_left_1789_3
[ERROR] /home/tasfia/Desktop/OE25-DEV/projects_decomposed/commons-geometry/commons-geometry-euclidean/src/test/java/org/apache/commons/geometry/euclidean/threed/Vector3DTest_OE25Dev_geom_left_1789_3.java:[454,9] cannot find symbol
[ERROR]   symbol:   method checkVector(org.apache.commons.geometry.euclidean.threed.Vector3D.Unit,double,double,double)
[ERROR]   location: class org.apache.commons.geometry.euclidean.threed.Vector3DTest_OE25Dev_geom_left_1789_3
[ERROR] /home/tasfia/Desktop/OE25-DEV/projects_decomposed/commons-geometry/commons-geometry-euclidean/src/test/java/org/apache/commons/geometry/euclidean/threed/Vector3DTest_OE25Dev_geom_left_1789_3.java:[456,9] cannot find symbol
[ERROR]   symbol:   method checkVector(org.apache.commons.geometry.euclidean.threed.Vector3D.Unit,int,int,int)
[ERROR]   location: class org.apache.commons.geometry.euclidean.threed.Vector3DTest_OE25Dev_geom_left_1789_3
[ERROR] /home/tasfia/Desktop/OE25-DEV/projects_decomposed/commons-geometry/commons-geometry-euclidean/src/test/java/org/apache/commons/geometry/euclidean/threed/Vector3DTest_OE25Dev_geom_left_1789_3.java:[457,9] cannot find symbol
[ERROR]   symbol:   method checkVector(org.apache.commons.geometry.euclidean.threed.Vector3D.Unit,int,int,int)
[ERROR]   location: class org.apache.commons.geometry.euclidean.threed.Vector3DTest_OE25Dev_geom_left_1789_3
[ERROR] /home/tasfia/Desktop/OE25-DEV/projects_decomposed/commons-geometry/commons-geometry-euclidean/src/test/java/org/apache/commons/geometry/euclidean/threed/Vector3DTest_OE25Dev_geom_left_1789_3.java:[458,9] cannot find symbol
[ERROR]   symbol:   method checkVector(org.apache.commons.geometry.euclidean.threed.Vector3D.Unit,int,int,int)
[ERROR]   location: class org.apache.commons.geometry.euclidean.threed.Vector3DTest_OE25Dev_geom_left_1789_3
[ERROR] /home/tasfia/Desktop/OE25-DEV/projects_decomposed/commons-geometry/commons-geometry-euclidean/src/test/java/org/apache/commons/geometry/euclidean/threed/Vector3DTest_OE25Dev_geom_left_1789_3.java:[460,9] cannot find symbol
[ERROR]   symbol:   method checkVector(org.apache.commons.geometry.euclidean.threed.Vector3D.Unit,double,double,double)
[ERROR]   location: class org.apache.commons.geometry.euclidean.threed.Vector3DTest_OE25Dev_geom_left_1789_3
[ERROR] /home/tasfia/Desktop/OE25-DEV/projects_decomposed/commons-geometry/commons-geometry-euclidean/src/test/java/org/apache/commons/geometry/euclidean/threed/Vector3DTest_OE25Dev_geom_left_1789_3.java:[463,9] cannot find symbol
[ERROR]   symbol:   method checkVector(org.apache.commons.geometry.euclidean.threed.Vector3D.Unit,double,double,double)
[ERROR]   location: class org.apache.commons.geometry.euclidean.threed.Vector3DTest_OE25Dev_geom_left_1789_3
[ERROR] /home/tasfia/Desktop/OE25-DEV/projects_decomposed/commons-geometry/commons-geometry-euclidean/src/test/java/org/apache/commons/geometry/euclidean/threed/Vector3DTest_OE25Dev_geom_left_1789_3.java:[466,9] cannot find symbol
[ERROR]   symbol:   method checkVector(org.apache.commons.geometry.euclidean.threed.Vector3D.Unit,double,double,double)
[ERROR]   location: class org.apache.commons.geometry.euclidean.threed.Vector3DTest_OE25Dev_geom_left_1789_3
[ERROR] /home/tasfia/Desktop/OE25-DEV/projects_decomposed/commons-geometry/commons-geometry-euclidean/src/test/java/org/apache/commons/geometry/euclidean/threed/Vector3DTest_OE25Dev_geom_left_1789_3.java:[483,9] cannot find symbol
[ERROR]   symbol:   method checkVector(org.apache.commons.geometry.euclidean.threed.Vector3D.Unit,double,double,double)
[ERROR]   location: class org.apache.commons.geometry.euclidean.threed.Vector3DTest_OE25Dev_geom_left_1789_3
[ERROR] /home/tasfia/Desktop/OE25-DEV/projects_decomposed/commons-geometry/commons-geometry-euclidean/src/test/java/org/apache/commons/geometry/euclidean/threed/Vector3DTest_OE25Dev_geom_left_1789_3.java:[516,9] cannot find symbol
[ERROR]   symbol:   method checkVector(org.apache.commons.geometry.euclidean.threed.Vector3D.Unit,double,double,double)
[ERROR]   location: class org.apache.commons.geometry.euclidean.threed.Vector3DTest_OE25Dev_geom_left_1789_3
[ERROR] /home/tasfia/Desktop/OE25-DEV/projects_decomposed/commons-geometry/commons-geometry-euclidean/src/test/java/org/apache/commons/geometry/euclidean/threed/Vector3DTest_OE25Dev_geom_left_1789_3.java:[517,9] cannot find symbol
[ERROR]   symbol:   method checkVector(org.apache.commons.geometry.euclidean.threed.Vector3D.Unit,double,double,double)
[ERROR]   location: class org.apache.commons.geometry.euclidean.threed.Vector3DTest_OE25Dev_geom_left_1789_3
[ERROR] /home/tasfia/Desktop/OE25-DEV/projects_decomposed/commons-geometry/commons-geometry-euclidean/src/test/java/org/apache/commons/geometry/euclidean/threed/Vector3DTest_OE25Dev_geom_left_1789_3.java:[518,9] cannot find symbol
[ERROR]   symbol:   method checkVector(org.apache.commons.geometry.euclidean.threed.Vector3D.Unit,double,double,double)
[ERROR]   location: class org.apache.commons.geometry.euclidean.threed.Vector3DTest_OE25Dev_geom_left_1789_3
[ERROR] /home/tasfia/Desktop/OE25-DEV/projects_decomposed/commons-geometry/commons-geometry-euclidean/src/test/java/org/apache/commons/geometry/euclidean/threed/Vector3DTest_OE25Dev_geom_left_1789_3.java:[520,9] cannot find symbol
[ERROR]   symbol:   method checkVector(org.apache.commons.geometry.euclidean.threed.Vector3D.Unit,double,double,double)
[ERROR]   location: class org.apache.commons.geometry.euclidean.threed.Vector3DTest_OE25Dev_geom_left_1789_3
[ERROR] /home/tasfia/Desktop/OE25-DEV/projects_decomposed/commons-geometry/commons-geometry-euclidean/src/test/java/org/apache/commons/geometry/euclidean/threed/Vector3DTest_OE25Dev_geom_left_1789_3.java:[601,9] cannot find symbol
[ERROR]   symbol:   method checkVector(org.apache.commons.geometry.euclidean.threed.Vector3D,int,int,int)
[ERROR]   location: class org.apache.commons.geometry.euclidean.threed.Vector3DTest_OE25Dev_geom_left_1789_3
[ERROR] /home/tasfia/Desktop/OE25-DEV/projects_decomposed/commons-geometry/commons-geometry-euclidean/src/test/java/org/apache/commons/geometry/euclidean/threed/Vector3DTest_OE25Dev_geom_left_1789_3.java:[602,9] cannot find symbol
[ERROR]   symbol:   method checkVector(org.apache.commons.geometry.euclidean.threed.Vector3D,int,int,int)
[ERROR]   location: class org.apache.commons.geometry.euclidean.threed.Vector3DTest_OE25Dev_geom_left_1789_3
[ERROR] /home/tasfia/Desktop/OE25-DEV/projects_decomposed/commons-geometry/commons-geometry-euclidean/src/test/java/org/apache/commons/geometry/euclidean/threed/Vector3DTest_OE25Dev_geom_left_1789_3.java:[604,9] cannot find symbol
[ERROR]   symbol:   method checkVector(org.apache.commons.geometry.euclidean.threed.Vector3D,int,int,int)
[ERROR]   location: class org.apache.commons.geometry.euclidean.threed.Vector3DTest_OE25Dev_geom_left_1789_3
[ERROR] /home/tasfia/Desktop/OE25-DEV/projects_decomposed/commons-geometry/commons-geometry-euclidean/src/test/java/org/apache/commons/geometry/euclidean/threed/Vector3DTest_OE25Dev_geom_left_1789_3.java:[605,9] cannot find symbol
[ERROR]   symbol:   method checkVector(org.apache.commons.geometry.euclidean.threed.Vector3D,int,int,int)
[ERROR]   location: class org.apache.commons.geometry.euclidean.threed.Vector3DTest_OE25Dev_geom_left_1789_3
[ERROR] /home/tasfia/Desktop/OE25-DEV/projects_decomposed/commons-geometry/commons-geometry-euclidean/src/test/java/org/apache/commons/geometry/euclidean/threed/Vector3DTest_OE25Dev_geom_left_1789_3.java:[607,9] cannot find symbol
[ERROR]   symbol:   method checkVector(org.apache.commons.geometry.euclidean.threed.Vector3D,int,int,int)
[ERROR]   location: class org.apache.commons.geometry.euclidean.threed.Vector3DTest_OE25Dev_geom_left_1789_3
[ERROR] /home/tasfia/Desktop/OE25-DEV/projects_decomposed/commons-geometry/commons-geometry-euclidean/src/test/java/org/apache/commons/geometry/euclidean/threed/Vector3DTest_OE25Dev_geom_left_1789_3.java:[610,9] cannot find symbol
[ERROR]   symbol:   method checkVector(org.apache.commons.geometry.euclidean.threed.Vector3D.Unit,double,double,double)
[ERROR]   location: class org.apache.commons.geometry.euclidean.threed.Vector3DTest_OE25Dev_geom_left_1789_3
[ERROR] /home/tasfia/Desktop/OE25-DEV/projects_decomposed/commons-geometry/commons-geometry-euclidean/src/test/java/org/apache/commons/geometry/euclidean/threed/Vector3DTest_OE25Dev_geom_left_1789_3.java:[671,9] cannot find symbol
[ERROR]   symbol:   method checkVector(org.apache.commons.geometry.euclidean.threed.Vector3D,int,int,int)
[ERROR]   location: class org.apache.commons.geometry.euclidean.threed.Vector3DTest_OE25Dev_geom_left_1789_3
[ERROR] /home/tasfia/Desktop/OE25-DEV/projects_decomposed/commons-geometry/commons-geometry-euclidean/src/test/java/org/apache/commons/geometry/euclidean/threed/Vector3DTest_OE25Dev_geom_left_1789_3.java:[676,9] cannot find symbol
[ERROR]   symbol:   method checkVector(org.apache.commons.geometry.euclidean.threed.Vector3D,int,int,int)
[ERROR]   location: class org.apache.commons.geometry.euclidean.threed.Vector3DTest_OE25Dev_geom_left_1789_3
[ERROR] /home/tasfia/Desktop/OE25-DEV/projects_decomposed/commons-geometry/commons-geometry-euclidean/src/test/java/org/apache/commons/geometry/euclidean/threed/Vector3DTest_OE25Dev_geom_left_1789_3.java:[686,9] cannot find symbol
[ERROR]   symbol:   method checkVector(org.apache.commons.geometry.euclidean.threed.Vector3D,int,int,int)
[ERROR]   location: class org.apache.commons.geometry.euclidean.threed.Vector3DTest_OE25Dev_geom_left_1789_3
[ERROR] /home/tasfia/Desktop/OE25-DEV/projects_decomposed/commons-geometry/commons-geometry-euclidean/src/test/java/org/apache/commons/geometry/euclidean/threed/Vector3DTest_OE25Dev_geom_left_1789_3.java:[687,9] cannot find symbol
[ERROR]   symbol:   method checkVector(org.apache.commons.geometry.euclidean.threed.Vector3D,int,double,int)
[ERROR]   location: class org.apache.commons.geometry.euclidean.threed.Vector3DTest_OE25Dev_geom_left_1789_3
[ERROR] /home/tasfia/Desktop/OE25-DEV/projects_decomposed/commons-geometry/commons-geometry-euclidean/src/test/java/org/apache/commons/geometry/euclidean/threed/Vector3DTest_OE25Dev_geom_left_1789_3.java:[688,9] cannot find symbol
[ERROR]   symbol:   method checkVector(org.apache.commons.geometry.euclidean.threed.Vector3D,int,int,int)
[ERROR]   location: class org.apache.commons.geometry.euclidean.threed.Vector3DTest_OE25Dev_geom_left_1789_3
[ERROR] /home/tasfia/Desktop/OE25-DEV/projects_decomposed/commons-geometry/commons-geometry-euclidean/src/test/java/org/apache/commons/geometry/euclidean/threed/Vector3DTest_OE25Dev_geom_left_1789_3.java:[689,9] cannot find symbol
[ERROR]   symbol:   method checkVector(org.apache.commons.geometry.euclidean.threed.Vector3D,int,int,int)
[ERROR]   location: class org.apache.commons.geometry.euclidean.threed.Vector3DTest_OE25Dev_geom_left_1789_3
[ERROR] -> [Help 1]
[ERROR] 
[ERROR] To see the full stack trace of the errors, re-run Maven with the -e switch.
[ERROR] Re-run Maven using the -X switch to enable full debug logging.
[ERROR] 
[ERROR] For more information about the errors and possible solutions, please read the following articles:
[ERROR] [Help 1] http://cwiki.apache.org/confluence/display/MAVEN/MojoFailureException
