[ERROR] COMPILATION ERROR : 
[ERROR] /home/tasfia/Desktop/OE25-DEV/projects_decomposed/commons-geometry/commons-geometry-euclidean/src/test/java/org/apache/commons/geometry/euclidean/twod/EmbeddedTreeLineSubsetTest_OE25Dev_geom_left_1533_3.java:[290,9] cannot find symbol
  symbol:   method checkFiniteSegment(org.apache.commons.geometry.euclidean.twod.LineConvexSubset,org.apache.commons.geometry.euclidean.twod.Vector2D,org.apache.commons.geometry.euclidean.twod.Vector2D)
  location: class org.apache.commons.geometry.euclidean.twod.EmbeddedTreeLineSubsetTest_OE25Dev_geom_left_1533_3
[ERROR] /home/tasfia/Desktop/OE25-DEV/projects_decomposed/commons-geometry/commons-geometry-euclidean/src/test/java/org/apache/commons/geometry/euclidean/twod/EmbeddedTreeLineSubsetTest_OE25Dev_geom_left_1533_3.java:[294,9] cannot find symbol
  symbol:   method checkFiniteSegment(org.apache.commons.geometry.euclidean.twod.LineConvexSubset,org.apache.commons.geometry.euclidean.twod.Vector2D,org.apache.commons.geometry.euclidean.twod.Vector2D)
  location: class org.apache.commons.geometry.euclidean.twod.EmbeddedTreeLineSubsetTest_OE25Dev_geom_left_1533_3
[ERROR] /home/tasfia/Desktop/OE25-DEV/projects_decomposed/commons-geometry/commons-geometry-euclidean/src/test/java/org/apache/commons/geometry/euclidean/twod/EmbeddedTreeLineSubsetTest_OE25Dev_geom_left_1533_3.java:[295,9] cannot find symbol
  symbol:   method checkFiniteSegment(org.apache.commons.geometry.euclidean.twod.LineConvexSubset,org.apache.commons.geometry.euclidean.twod.Vector2D,org.apache.commons.geometry.euclidean.twod.Vector2D)
  location: class org.apache.commons.geometry.euclidean.twod.EmbeddedTreeLineSubsetTest_OE25Dev_geom_left_1533_3
[ERROR] /home/tasfia/Desktop/OE25-DEV/projects_decomposed/commons-geometry/commons-geometry-euclidean/src/test/java/org/apache/commons/geometry/euclidean/twod/EmbeddedTreeLineSubsetTest_OE25Dev_geom_left_1533_3.java:[318,9] cannot find symbol
  symbol:   method checkFiniteSegment(org.apache.commons.geometry.euclidean.twod.LineConvexSubset,org.apache.commons.geometry.euclidean.twod.Vector2D,org.apache.commons.geometry.euclidean.twod.Vector2D)
  location: class org.apache.commons.geometry.euclidean.twod.EmbeddedTreeLineSubsetTest_OE25Dev_geom_left_1533_3
[ERROR] /home/tasfia/Desktop/OE25-DEV/projects_decomposed/commons-geometry/commons-geometry-euclidean/src/test/java/org/apache/commons/geometry/euclidean/twod/EmbeddedTreeLineSubsetTest_OE25Dev_geom_left_1533_3.java:[319,9] cannot find symbol
  symbol:   method checkFiniteSegment(org.apache.commons.geometry.euclidean.twod.LineConvexSubset,org.apache.commons.geometry.euclidean.twod.Vector2D,org.apache.commons.geometry.euclidean.twod.Vector2D)
  location: class org.apache.commons.geometry.euclidean.twod.EmbeddedTreeLineSubsetTest_OE25Dev_geom_left_1533_3
[ERROR] /home/tasfia/Desktop/OE25-DEV/projects_decomposed/commons-geometry/commons-geometry-euclidean/src/test/java/org/apache/commons/geometry/euclidean/twod/EmbeddedTreeLineSubsetTest_OE25Dev_geom_left_1533_3.java:[323,9] cannot find symbol
  symbol:   method checkFiniteSegment(org.apache.commons.geometry.euclidean.twod.LineConvexSubset,org.apache.commons.geometry.euclidean.twod.Vector2D,org.apache.commons.geometry.euclidean.twod.Vector2D)
  location: class org.apache.commons.geometry.euclidean.twod.EmbeddedTreeLineSubsetTest_OE25Dev_geom_left_1533_3
[ERROR] /home/tasfia/Desktop/OE25-DEV/projects_decomposed/commons-geometry/commons-geometry-euclidean/src/test/java/org/apache/commons/geometry/euclidean/twod/EmbeddedTreeLineSubsetTest_OE25Dev_geom_left_1533_3.java:[477,9] cannot find symbol
  symbol:   method checkFiniteSegment(org.apache.commons.geometry.euclidean.twod.LineConvexSubset,org.apache.commons.geometry.euclidean.twod.Vector2D,org.apache.commons.geometry.euclidean.twod.Vector2D.Unit)
  location: class org.apache.commons.geometry.euclidean.twod.EmbeddedTreeLineSubsetTest_OE25Dev_geom_left_1533_3
[ERROR] /home/tasfia/Desktop/OE25-DEV/projects_decomposed/commons-geometry/commons-geometry-euclidean/src/test/java/org/apache/commons/geometry/euclidean/twod/EmbeddedTreeLineSubsetTest_OE25Dev_geom_left_1533_3.java:[483,9] cannot find symbol
  symbol:   method checkFiniteSegment(org.apache.commons.geometry.euclidean.twod.LineConvexSubset,org.apache.commons.geometry.euclidean.twod.Vector2D,org.apache.commons.geometry.euclidean.twod.Vector2D)
  location: class org.apache.commons.geometry.euclidean.twod.EmbeddedTreeLineSubsetTest_OE25Dev_geom_left_1533_3
[ERROR] /home/tasfia/Desktop/OE25-DEV/projects_decomposed/commons-geometry/commons-geometry-euclidean/src/test/java/org/apache/commons/geometry/euclidean/twod/EmbeddedTreeLineSubsetTest_OE25Dev_geom_left_1533_3.java:[505,9] cannot find symbol
  symbol:   method checkFiniteSegment(org.apache.commons.geometry.euclidean.twod.LineConvexSubset,org.apache.commons.geometry.euclidean.twod.Vector2D,org.apache.commons.geometry.euclidean.twod.Vector2D)
  location: class org.apache.commons.geometry.euclidean.twod.EmbeddedTreeLineSubsetTest_OE25Dev_geom_left_1533_3
[ERROR] /home/tasfia/Desktop/OE25-DEV/projects_decomposed/commons-geometry/commons-geometry-euclidean/src/test/java/org/apache/commons/geometry/euclidean/twod/EmbeddedTreeLineSubsetTest_OE25Dev_geom_left_1533_3.java:[509,9] cannot find symbol
  symbol:   method checkFiniteSegment(org.apache.commons.geometry.euclidean.twod.LineConvexSubset,org.apache.commons.geometry.euclidean.twod.Vector2D,org.apache.commons.geometry.euclidean.twod.Vector2D)
  location: class org.apache.commons.geometry.euclidean.twod.EmbeddedTreeLineSubsetTest_OE25Dev_geom_left_1533_3
[ERROR] Failed to execute goal org.apache.maven.plugins:maven-compiler-plugin:3.8.1:testCompile (default-testCompile) on project commons-geometry-euclidean: Compilation failure: Compilation failure: 
[ERROR] /home/tasfia/Desktop/OE25-DEV/projects_decomposed/commons-geometry/commons-geometry-euclidean/src/test/java/org/apache/commons/geometry/euclidean/twod/EmbeddedTreeLineSubsetTest_OE25Dev_geom_left_1533_3.java:[290,9] cannot find symbol
[ERROR]   symbol:   method checkFiniteSegment(org.apache.commons.geometry.euclidean.twod.LineConvexSubset,org.apache.commons.geometry.euclidean.twod.Vector2D,org.apache.commons.geometry.euclidean.twod.Vector2D)
[ERROR]   location: class org.apache.commons.geometry.euclidean.twod.EmbeddedTreeLineSubsetTest_OE25Dev_geom_left_1533_3
[ERROR] /home/tasfia/Desktop/OE25-DEV/projects_decomposed/commons-geometry/commons-geometry-euclidean/src/test/java/org/apache/commons/geometry/euclidean/twod/EmbeddedTreeLineSubsetTest_OE25Dev_geom_left_1533_3.java:[294,9] cannot find symbol
[ERROR]   symbol:   method checkFiniteSegment(org.apache.commons.geometry.euclidean.twod.LineConvexSubset,org.apache.commons.geometry.euclidean.twod.Vector2D,org.apache.commons.geometry.euclidean.twod.Vector2D)
[ERROR]   location: class org.apache.commons.geometry.euclidean.twod.EmbeddedTreeLineSubsetTest_OE25Dev_geom_left_1533_3
[ERROR] /home/tasfia/Desktop/OE25-DEV/projects_decomposed/commons-geometry/commons-geometry-euclidean/src/test/java/org/apache/commons/geometry/euclidean/twod/EmbeddedTreeLineSubsetTest_OE25Dev_geom_left_1533_3.java:[295,9] cannot find symbol
[ERROR]   symbol:   method checkFiniteSegment(org.apache.commons.geometry.euclidean.twod.LineConvexSubset,org.apache.commons.geometry.euclidean.twod.Vector2D,org.apache.commons.geometry.euclidean.twod.Vector2D)
[ERROR]   location: class org.apache.commons.geometry.euclidean.twod.EmbeddedTreeLineSubsetTest_OE25Dev_geom_left_1533_3
[ERROR] /home/tasfia/Desktop/OE25-DEV/projects_decomposed/commons-geometry/commons-geometry-euclidean/src/test/java/org/apache/commons/geometry/euclidean/twod/EmbeddedTreeLineSubsetTest_OE25Dev_geom_left_1533_3.java:[318,9] cannot find symbol
[ERROR]   symbol:   method checkFiniteSegment(org.apache.commons.geometry.euclidean.twod.LineConvexSubset,org.apache.commons.geometry.euclidean.twod.Vector2D,org.apache.commons.geometry.euclidean.twod.Vector2D)
[ERROR]   location: class org.apache.commons.geometry.euclidean.twod.EmbeddedTreeLineSubsetTest_OE25Dev_geom_left_1533_3
[ERROR] /home/tasfia/Desktop/OE25-DEV/projects_decomposed/commons-geometry/commons-geometry-euclidean/src/test/java/org/apache/commons/geometry/euclidean/twod/EmbeddedTreeLineSubsetTest_OE25Dev_geom_left_1533_3.java:[319,9] cannot find symbol
[ERROR]   symbol:   method checkFiniteSegment(org.apache.commons.geometry.euclidean.twod.LineConvexSubset,org.apache.commons.geometry.euclidean.twod.Vector2D,org.apache.commons.geometry.euclidean.twod.Vector2D)
[ERROR]   location: class org.apache.commons.geometry.euclidean.twod.EmbeddedTreeLineSubsetTest_OE25Dev_geom_left_1533_3
[ERROR] /home/tasfia/Desktop/OE25-DEV/projects_decomposed/commons-geometry/commons-geometry-euclidean/src/test/java/org/apache/commons/geometry/euclidean/twod/EmbeddedTreeLineSubsetTest_OE25Dev_geom_left_1533_3.java:[323,9] cannot find symbol
[ERROR]   symbol:   method checkFiniteSegment(org.apache.commons.geometry.euclidean.twod.LineConvexSubset,org.apache.commons.geometry.euclidean.twod.Vector2D,org.apache.commons.geometry.euclidean.twod.Vector2D)
[ERROR]   location: class org.apache.commons.geometry.euclidean.twod.EmbeddedTreeLineSubsetTest_OE25Dev_geom_left_1533_3
[ERROR] /home/tasfia/Desktop/OE25-DEV/projects_decomposed/commons-geometry/commons-geometry-euclidean/src/test/java/org/apache/commons/geometry/euclidean/twod/EmbeddedTreeLineSubsetTest_OE25Dev_geom_left_1533_3.java:[477,9] cannot find symbol
[ERROR]   symbol:   method checkFiniteSegment(org.apache.commons.geometry.euclidean.twod.LineConvexSubset,org.apache.commons.geometry.euclidean.twod.Vector2D,org.apache.commons.geometry.euclidean.twod.Vector2D.Unit)
[ERROR]   location: class org.apache.commons.geometry.euclidean.twod.EmbeddedTreeLineSubsetTest_OE25Dev_geom_left_1533_3
[ERROR] /home/tasfia/Desktop/OE25-DEV/projects_decomposed/commons-geometry/commons-geometry-euclidean/src/test/java/org/apache/commons/geometry/euclidean/twod/EmbeddedTreeLineSubsetTest_OE25Dev_geom_left_1533_3.java:[483,9] cannot find symbol
[ERROR]   symbol:   method checkFiniteSegment(org.apache.commons.geometry.euclidean.twod.LineConvexSubset,org.apache.commons.geometry.euclidean.twod.Vector2D,org.apache.commons.geometry.euclidean.twod.Vector2D)
[ERROR]   location: class org.apache.commons.geometry.euclidean.twod.EmbeddedTreeLineSubsetTest_OE25Dev_geom_left_1533_3
[ERROR] /home/tasfia/Desktop/OE25-DEV/projects_decomposed/commons-geometry/commons-geometry-euclidean/src/test/java/org/apache/commons/geometry/euclidean/twod/EmbeddedTreeLineSubsetTest_OE25Dev_geom_left_1533_3.java:[505,9] cannot find symbol
[ERROR]   symbol:   method checkFiniteSegment(org.apache.commons.geometry.euclidean.twod.LineConvexSubset,org.apache.commons.geometry.euclidean.twod.Vector2D,org.apache.commons.geometry.euclidean.twod.Vector2D)
[ERROR]   location: class org.apache.commons.geometry.euclidean.twod.EmbeddedTreeLineSubsetTest_OE25Dev_geom_left_1533_3
[ERROR] /home/tasfia/Desktop/OE25-DEV/projects_decomposed/commons-geometry/commons-geometry-euclidean/src/test/java/org/apache/commons/geometry/euclidean/twod/EmbeddedTreeLineSubsetTest_OE25Dev_geom_left_1533_3.java:[509,9] cannot find symbol
[ERROR]   symbol:   method checkFiniteSegment(org.apache.commons.geometry.euclidean.twod.LineConvexSubset,org.apache.commons.geometry.euclidean.twod.Vector2D,org.apache.commons.geometry.euclidean.twod.Vector2D)
[ERROR]   location: class org.apache.commons.geometry.euclidean.twod.EmbeddedTreeLineSubsetTest_OE25Dev_geom_left_1533_3
[ERROR] -> [Help 1]
[ERROR] 
[ERROR] To see the full stack trace of the errors, re-run Maven with the -e switch.
[ERROR] Re-run Maven using the -X switch to enable full debug logging.
[ERROR] 
[ERROR] For more information about the errors and possible solutions, please read the following articles:
[ERROR] [Help 1] http://cwiki.apache.org/confluence/display/MAVEN/MojoFailureException
