[ERROR] COMPILATION ERROR : 
[ERROR] /home/tasfia/Desktop/OE25-DEV/projects_decomposed/commons-geometry/commons-geometry-io-euclidean/src/test/java/org/apache/commons/geometry/io/euclidean/threed/obj/PolygonObjParserTest_OE25Dev_geom_left_181_1.java:[71,9] cannot find symbol
  symbol:   method assertNextKeyword(java.lang.String,org.apache.commons.geometry.io.euclidean.threed.obj.PolygonObjParser)
  location: class org.apache.commons.geometry.io.euclidean.threed.obj.PolygonObjParserTest_OE25Dev_geom_left_181_1
[ERROR] /home/tasfia/Desktop/OE25-DEV/projects_decomposed/commons-geometry/commons-geometry-io-euclidean/src/test/java/org/apache/commons/geometry/io/euclidean/threed/obj/PolygonObjParserTest_OE25Dev_geom_left_181_1.java:[72,9] cannot find symbol
  symbol:   method assertNextKeyword(java.lang.String,org.apache.commons.geometry.io.euclidean.threed.obj.PolygonObjParser)
  location: class org.apache.commons.geometry.io.euclidean.threed.obj.PolygonObjParserTest_OE25Dev_geom_left_181_1
[ERROR] /home/tasfia/Desktop/OE25-DEV/projects_decomposed/commons-geometry/commons-geometry-io-euclidean/src/test/java/org/apache/commons/geometry/io/euclidean/threed/obj/PolygonObjParserTest_OE25Dev_geom_left_181_1.java:[73,9] cannot find symbol
  symbol:   method assertNextKeyword(java.lang.String,org.apache.commons.geometry.io.euclidean.threed.obj.PolygonObjParser)
  location: class org.apache.commons.geometry.io.euclidean.threed.obj.PolygonObjParserTest_OE25Dev_geom_left_181_1
[ERROR] /home/tasfia/Desktop/OE25-DEV/projects_decomposed/commons-geometry/commons-geometry-io-euclidean/src/test/java/org/apache/commons/geometry/io/euclidean/threed/obj/PolygonObjParserTest_OE25Dev_geom_left_181_1.java:[74,9] cannot find symbol
  symbol:   method assertNextKeyword(java.lang.String,org.apache.commons.geometry.io.euclidean.threed.obj.PolygonObjParser)
  location: class org.apache.commons.geometry.io.euclidean.threed.obj.PolygonObjParserTest_OE25Dev_geom_left_181_1
[ERROR] /home/tasfia/Desktop/OE25-DEV/projects_decomposed/commons-geometry/commons-geometry-io-euclidean/src/test/java/org/apache/commons/geometry/io/euclidean/threed/obj/PolygonObjParserTest_OE25Dev_geom_left_181_1.java:[75,9] cannot find symbol
  symbol:   method assertNextKeyword(java.lang.String,org.apache.commons.geometry.io.euclidean.threed.obj.PolygonObjParser)
  location: class org.apache.commons.geometry.io.euclidean.threed.obj.PolygonObjParserTest_OE25Dev_geom_left_181_1
[ERROR] /home/tasfia/Desktop/OE25-DEV/projects_decomposed/commons-geometry/commons-geometry-io-euclidean/src/test/java/org/apache/commons/geometry/io/euclidean/threed/obj/PolygonObjParserTest_OE25Dev_geom_left_181_1.java:[76,9] cannot find symbol
  symbol:   method assertNextKeyword(java.lang.String,org.apache.commons.geometry.io.euclidean.threed.obj.PolygonObjParser)
  location: class org.apache.commons.geometry.io.euclidean.threed.obj.PolygonObjParserTest_OE25Dev_geom_left_181_1
[ERROR] /home/tasfia/Desktop/OE25-DEV/projects_decomposed/commons-geometry/commons-geometry-io-euclidean/src/test/java/org/apache/commons/geometry/io/euclidean/threed/obj/PolygonObjParserTest_OE25Dev_geom_left_181_1.java:[77,9] cannot find symbol
  symbol:   method assertNextKeyword(java.lang.String,org.apache.commons.geometry.io.euclidean.threed.obj.PolygonObjParser)
  location: class org.apache.commons.geometry.io.euclidean.threed.obj.PolygonObjParserTest_OE25Dev_geom_left_181_1
[ERROR] /home/tasfia/Desktop/OE25-DEV/projects_decomposed/commons-geometry/commons-geometry-io-euclidean/src/test/java/org/apache/commons/geometry/io/euclidean/threed/obj/PolygonObjParserTest_OE25Dev_geom_left_181_1.java:[79,9] cannot find symbol
  symbol:   method assertNextKeyword(<nulltype>,org.apache.commons.geometry.io.euclidean.threed.obj.PolygonObjParser)
  location: class org.apache.commons.geometry.io.euclidean.threed.obj.PolygonObjParserTest_OE25Dev_geom_left_181_1
[ERROR] /home/tasfia/Desktop/OE25-DEV/projects_decomposed/commons-geometry/commons-geometry-io-euclidean/src/test/java/org/apache/commons/geometry/io/euclidean/threed/obj/PolygonObjParserTest_OE25Dev_geom_left_181_1.java:[99,9] cannot find symbol
  symbol:   method assertNextKeyword(java.lang.String,org.apache.commons.geometry.io.euclidean.threed.obj.PolygonObjParser)
  location: class org.apache.commons.geometry.io.euclidean.threed.obj.PolygonObjParserTest_OE25Dev_geom_left_181_1
[ERROR] /home/tasfia/Desktop/OE25-DEV/projects_decomposed/commons-geometry/commons-geometry-io-euclidean/src/test/java/org/apache/commons/geometry/io/euclidean/threed/obj/PolygonObjParserTest_OE25Dev_geom_left_181_1.java:[100,9] cannot find symbol
  symbol:   method assertNextKeyword(java.lang.String,org.apache.commons.geometry.io.euclidean.threed.obj.PolygonObjParser)
  location: class org.apache.commons.geometry.io.euclidean.threed.obj.PolygonObjParserTest_OE25Dev_geom_left_181_1
[ERROR] /home/tasfia/Desktop/OE25-DEV/projects_decomposed/commons-geometry/commons-geometry-io-euclidean/src/test/java/org/apache/commons/geometry/io/euclidean/threed/obj/PolygonObjParserTest_OE25Dev_geom_left_181_1.java:[101,9] cannot find symbol
  symbol:   method assertNextKeyword(java.lang.String,org.apache.commons.geometry.io.euclidean.threed.obj.PolygonObjParser)
  location: class org.apache.commons.geometry.io.euclidean.threed.obj.PolygonObjParserTest_OE25Dev_geom_left_181_1
[ERROR] /home/tasfia/Desktop/OE25-DEV/projects_decomposed/commons-geometry/commons-geometry-io-euclidean/src/test/java/org/apache/commons/geometry/io/euclidean/threed/obj/PolygonObjParserTest_OE25Dev_geom_left_181_1.java:[102,9] cannot find symbol
  symbol:   method assertNextKeyword(java.lang.String,org.apache.commons.geometry.io.euclidean.threed.obj.PolygonObjParser)
  location: class org.apache.commons.geometry.io.euclidean.threed.obj.PolygonObjParserTest_OE25Dev_geom_left_181_1
[ERROR] /home/tasfia/Desktop/OE25-DEV/projects_decomposed/commons-geometry/commons-geometry-io-euclidean/src/test/java/org/apache/commons/geometry/io/euclidean/threed/obj/PolygonObjParserTest_OE25Dev_geom_left_181_1.java:[103,9] cannot find symbol
  symbol:   method assertNextKeyword(java.lang.String,org.apache.commons.geometry.io.euclidean.threed.obj.PolygonObjParser)
  location: class org.apache.commons.geometry.io.euclidean.threed.obj.PolygonObjParserTest_OE25Dev_geom_left_181_1
[ERROR] /home/tasfia/Desktop/OE25-DEV/projects_decomposed/commons-geometry/commons-geometry-io-euclidean/src/test/java/org/apache/commons/geometry/io/euclidean/threed/obj/PolygonObjParserTest_OE25Dev_geom_left_181_1.java:[104,9] cannot find symbol
  symbol:   method assertNextKeyword(java.lang.String,org.apache.commons.geometry.io.euclidean.threed.obj.PolygonObjParser)
  location: class org.apache.commons.geometry.io.euclidean.threed.obj.PolygonObjParserTest_OE25Dev_geom_left_181_1
[ERROR] /home/tasfia/Desktop/OE25-DEV/projects_decomposed/commons-geometry/commons-geometry-io-euclidean/src/test/java/org/apache/commons/geometry/io/euclidean/threed/obj/PolygonObjParserTest_OE25Dev_geom_left_181_1.java:[105,9] cannot find symbol
  symbol:   method assertNextKeyword(java.lang.String,org.apache.commons.geometry.io.euclidean.threed.obj.PolygonObjParser)
  location: class org.apache.commons.geometry.io.euclidean.threed.obj.PolygonObjParserTest_OE25Dev_geom_left_181_1
[ERROR] /home/tasfia/Desktop/OE25-DEV/projects_decomposed/commons-geometry/commons-geometry-io-euclidean/src/test/java/org/apache/commons/geometry/io/euclidean/threed/obj/PolygonObjParserTest_OE25Dev_geom_left_181_1.java:[106,9] cannot find symbol
  symbol:   method assertNextKeyword(java.lang.String,org.apache.commons.geometry.io.euclidean.threed.obj.PolygonObjParser)
  location: class org.apache.commons.geometry.io.euclidean.threed.obj.PolygonObjParserTest_OE25Dev_geom_left_181_1
[ERROR] /home/tasfia/Desktop/OE25-DEV/projects_decomposed/commons-geometry/commons-geometry-io-euclidean/src/test/java/org/apache/commons/geometry/io/euclidean/threed/obj/PolygonObjParserTest_OE25Dev_geom_left_181_1.java:[107,9] cannot find symbol
  symbol:   method assertNextKeyword(java.lang.String,org.apache.commons.geometry.io.euclidean.threed.obj.PolygonObjParser)
  location: class org.apache.commons.geometry.io.euclidean.threed.obj.PolygonObjParserTest_OE25Dev_geom_left_181_1
[ERROR] /home/tasfia/Desktop/OE25-DEV/projects_decomposed/commons-geometry/commons-geometry-io-euclidean/src/test/java/org/apache/commons/geometry/io/euclidean/threed/obj/PolygonObjParserTest_OE25Dev_geom_left_181_1.java:[109,9] cannot find symbol
  symbol:   method assertNextKeyword(<nulltype>,org.apache.commons.geometry.io.euclidean.threed.obj.PolygonObjParser)
  location: class org.apache.commons.geometry.io.euclidean.threed.obj.PolygonObjParserTest_OE25Dev_geom_left_181_1
[ERROR] /home/tasfia/Desktop/OE25-DEV/projects_decomposed/commons-geometry/commons-geometry-io-euclidean/src/test/java/org/apache/commons/geometry/io/euclidean/threed/obj/PolygonObjParserTest_OE25Dev_geom_left_181_1.java:[135,9] cannot find symbol
  symbol:   method assertNextKeyword(<nulltype>,org.apache.commons.geometry.io.euclidean.threed.obj.PolygonObjParser)
  location: class org.apache.commons.geometry.io.euclidean.threed.obj.PolygonObjParserTest_OE25Dev_geom_left_181_1
[ERROR] /home/tasfia/Desktop/OE25-DEV/projects_decomposed/commons-geometry/commons-geometry-io-euclidean/src/test/java/org/apache/commons/geometry/io/euclidean/threed/obj/PolygonObjParserTest_OE25Dev_geom_left_181_1.java:[570,9] cannot find symbol
  symbol:   method assertNextKeyword(java.lang.String,org.apache.commons.geometry.io.euclidean.threed.obj.PolygonObjParser)
  location: class org.apache.commons.geometry.io.euclidean.threed.obj.PolygonObjParserTest_OE25Dev_geom_left_181_1
[ERROR] /home/tasfia/Desktop/OE25-DEV/projects_decomposed/commons-geometry/commons-geometry-io-euclidean/src/test/java/org/apache/commons/geometry/io/euclidean/threed/obj/PolygonObjParserTest_OE25Dev_geom_left_181_1.java:[573,9] cannot find symbol
  symbol:   method assertNextKeyword(java.lang.String,org.apache.commons.geometry.io.euclidean.threed.obj.PolygonObjParser)
  location: class org.apache.commons.geometry.io.euclidean.threed.obj.PolygonObjParserTest_OE25Dev_geom_left_181_1
[ERROR] /home/tasfia/Desktop/OE25-DEV/projects_decomposed/commons-geometry/commons-geometry-io-euclidean/src/test/java/org/apache/commons/geometry/io/euclidean/threed/obj/PolygonObjParserTest_OE25Dev_geom_left_181_1.java:[576,9] cannot find symbol
  symbol:   method assertNextKeyword(java.lang.String,org.apache.commons.geometry.io.euclidean.threed.obj.PolygonObjParser)
  location: class org.apache.commons.geometry.io.euclidean.threed.obj.PolygonObjParserTest_OE25Dev_geom_left_181_1
[ERROR] /home/tasfia/Desktop/OE25-DEV/projects_decomposed/commons-geometry/commons-geometry-io-euclidean/src/test/java/org/apache/commons/geometry/io/euclidean/threed/obj/PolygonObjParserTest_OE25Dev_geom_left_181_1.java:[579,9] cannot find symbol
  symbol:   method assertNextKeyword(java.lang.String,org.apache.commons.geometry.io.euclidean.threed.obj.PolygonObjParser)
  location: class org.apache.commons.geometry.io.euclidean.threed.obj.PolygonObjParserTest_OE25Dev_geom_left_181_1
[ERROR] /home/tasfia/Desktop/OE25-DEV/projects_decomposed/commons-geometry/commons-geometry-io-euclidean/src/test/java/org/apache/commons/geometry/io/euclidean/threed/obj/PolygonObjParserTest_OE25Dev_geom_left_181_1.java:[582,9] cannot find symbol
  symbol:   method assertNextKeyword(java.lang.String,org.apache.commons.geometry.io.euclidean.threed.obj.PolygonObjParser)
  location: class org.apache.commons.geometry.io.euclidean.threed.obj.PolygonObjParserTest_OE25Dev_geom_left_181_1
[ERROR] /home/tasfia/Desktop/OE25-DEV/projects_decomposed/commons-geometry/commons-geometry-io-euclidean/src/test/java/org/apache/commons/geometry/io/euclidean/threed/obj/PolygonObjParserTest_OE25Dev_geom_left_181_1.java:[585,9] cannot find symbol
  symbol:   method assertNextKeyword(java.lang.String,org.apache.commons.geometry.io.euclidean.threed.obj.PolygonObjParser)
  location: class org.apache.commons.geometry.io.euclidean.threed.obj.PolygonObjParserTest_OE25Dev_geom_left_181_1
[ERROR] /home/tasfia/Desktop/OE25-DEV/projects_decomposed/commons-geometry/commons-geometry-io-euclidean/src/test/java/org/apache/commons/geometry/io/euclidean/threed/obj/PolygonObjParserTest_OE25Dev_geom_left_181_1.java:[588,9] cannot find symbol
  symbol:   method assertNextKeyword(java.lang.String,org.apache.commons.geometry.io.euclidean.threed.obj.PolygonObjParser)
  location: class org.apache.commons.geometry.io.euclidean.threed.obj.PolygonObjParserTest_OE25Dev_geom_left_181_1
[ERROR] /home/tasfia/Desktop/OE25-DEV/projects_decomposed/commons-geometry/commons-geometry-io-euclidean/src/test/java/org/apache/commons/geometry/io/euclidean/threed/obj/PolygonObjParserTest_OE25Dev_geom_left_181_1.java:[591,9] cannot find symbol
  symbol:   method assertNextKeyword(java.lang.String,org.apache.commons.geometry.io.euclidean.threed.obj.PolygonObjParser)
  location: class org.apache.commons.geometry.io.euclidean.threed.obj.PolygonObjParserTest_OE25Dev_geom_left_181_1
[ERROR] /home/tasfia/Desktop/OE25-DEV/projects_decomposed/commons-geometry/commons-geometry-io-euclidean/src/test/java/org/apache/commons/geometry/io/euclidean/threed/obj/PolygonObjParserTest_OE25Dev_geom_left_181_1.java:[594,9] cannot find symbol
  symbol:   method assertNextKeyword(java.lang.String,org.apache.commons.geometry.io.euclidean.threed.obj.PolygonObjParser)
  location: class org.apache.commons.geometry.io.euclidean.threed.obj.PolygonObjParserTest_OE25Dev_geom_left_181_1
[ERROR] /home/tasfia/Desktop/OE25-DEV/projects_decomposed/commons-geometry/commons-geometry-io-euclidean/src/test/java/org/apache/commons/geometry/io/euclidean/threed/obj/PolygonObjParserTest_OE25Dev_geom_left_181_1.java:[597,9] cannot find symbol
  symbol:   method assertNextKeyword(java.lang.String,org.apache.commons.geometry.io.euclidean.threed.obj.PolygonObjParser)
  location: class org.apache.commons.geometry.io.euclidean.threed.obj.PolygonObjParserTest_OE25Dev_geom_left_181_1
[ERROR] /home/tasfia/Desktop/OE25-DEV/projects_decomposed/commons-geometry/commons-geometry-io-euclidean/src/test/java/org/apache/commons/geometry/io/euclidean/threed/obj/PolygonObjParserTest_OE25Dev_geom_left_181_1.java:[600,9] cannot find symbol
  symbol:   method assertNextKeyword(java.lang.String,org.apache.commons.geometry.io.euclidean.threed.obj.PolygonObjParser)
  location: class org.apache.commons.geometry.io.euclidean.threed.obj.PolygonObjParserTest_OE25Dev_geom_left_181_1
[ERROR] /home/tasfia/Desktop/OE25-DEV/projects_decomposed/commons-geometry/commons-geometry-io-euclidean/src/test/java/org/apache/commons/geometry/io/euclidean/threed/obj/PolygonObjParserTest_OE25Dev_geom_left_181_1.java:[603,9] cannot find symbol
  symbol:   method assertNextKeyword(java.lang.String,org.apache.commons.geometry.io.euclidean.threed.obj.PolygonObjParser)
  location: class org.apache.commons.geometry.io.euclidean.threed.obj.PolygonObjParserTest_OE25Dev_geom_left_181_1
[ERROR] /home/tasfia/Desktop/OE25-DEV/projects_decomposed/commons-geometry/commons-geometry-io-euclidean/src/test/java/org/apache/commons/geometry/io/euclidean/threed/obj/PolygonObjParserTest_OE25Dev_geom_left_181_1.java:[606,9] cannot find symbol
  symbol:   method assertNextKeyword(java.lang.String,org.apache.commons.geometry.io.euclidean.threed.obj.PolygonObjParser)
  location: class org.apache.commons.geometry.io.euclidean.threed.obj.PolygonObjParserTest_OE25Dev_geom_left_181_1
[ERROR] /home/tasfia/Desktop/OE25-DEV/projects_decomposed/commons-geometry/commons-geometry-io-euclidean/src/test/java/org/apache/commons/geometry/io/euclidean/threed/obj/PolygonObjParserTest_OE25Dev_geom_left_181_1.java:[609,9] cannot find symbol
  symbol:   method assertNextKeyword(java.lang.String,org.apache.commons.geometry.io.euclidean.threed.obj.PolygonObjParser)
  location: class org.apache.commons.geometry.io.euclidean.threed.obj.PolygonObjParserTest_OE25Dev_geom_left_181_1
[ERROR] /home/tasfia/Desktop/OE25-DEV/projects_decomposed/commons-geometry/commons-geometry-io-euclidean/src/test/java/org/apache/commons/geometry/io/euclidean/threed/obj/PolygonObjParserTest_OE25Dev_geom_left_181_1.java:[616,9] cannot find symbol
  symbol:   method assertNextKeyword(java.lang.String,org.apache.commons.geometry.io.euclidean.threed.obj.PolygonObjParser)
  location: class org.apache.commons.geometry.io.euclidean.threed.obj.PolygonObjParserTest_OE25Dev_geom_left_181_1
[ERROR] Failed to execute goal org.apache.maven.plugins:maven-compiler-plugin:3.8.1:testCompile (default-testCompile) on project commons-geometry-io-euclidean: Compilation failure: Compilation failure: 
[ERROR] /home/tasfia/Desktop/OE25-DEV/projects_decomposed/commons-geometry/commons-geometry-io-euclidean/src/test/java/org/apache/commons/geometry/io/euclidean/threed/obj/PolygonObjParserTest_OE25Dev_geom_left_181_1.java:[71,9] cannot find symbol
[ERROR]   symbol:   method assertNextKeyword(java.lang.String,org.apache.commons.geometry.io.euclidean.threed.obj.PolygonObjParser)
[ERROR]   location: class org.apache.commons.geometry.io.euclidean.threed.obj.PolygonObjParserTest_OE25Dev_geom_left_181_1
[ERROR] /home/tasfia/Desktop/OE25-DEV/projects_decomposed/commons-geometry/commons-geometry-io-euclidean/src/test/java/org/apache/commons/geometry/io/euclidean/threed/obj/PolygonObjParserTest_OE25Dev_geom_left_181_1.java:[72,9] cannot find symbol
[ERROR]   symbol:   method assertNextKeyword(java.lang.String,org.apache.commons.geometry.io.euclidean.threed.obj.PolygonObjParser)
[ERROR]   location: class org.apache.commons.geometry.io.euclidean.threed.obj.PolygonObjParserTest_OE25Dev_geom_left_181_1
[ERROR] /home/tasfia/Desktop/OE25-DEV/projects_decomposed/commons-geometry/commons-geometry-io-euclidean/src/test/java/org/apache/commons/geometry/io/euclidean/threed/obj/PolygonObjParserTest_OE25Dev_geom_left_181_1.java:[73,9] cannot find symbol
[ERROR]   symbol:   method assertNextKeyword(java.lang.String,org.apache.commons.geometry.io.euclidean.threed.obj.PolygonObjParser)
[ERROR]   location: class org.apache.commons.geometry.io.euclidean.threed.obj.PolygonObjParserTest_OE25Dev_geom_left_181_1
[ERROR] /home/tasfia/Desktop/OE25-DEV/projects_decomposed/commons-geometry/commons-geometry-io-euclidean/src/test/java/org/apache/commons/geometry/io/euclidean/threed/obj/PolygonObjParserTest_OE25Dev_geom_left_181_1.java:[74,9] cannot find symbol
[ERROR]   symbol:   method assertNextKeyword(java.lang.String,org.apache.commons.geometry.io.euclidean.threed.obj.PolygonObjParser)
[ERROR]   location: class org.apache.commons.geometry.io.euclidean.threed.obj.PolygonObjParserTest_OE25Dev_geom_left_181_1
[ERROR] /home/tasfia/Desktop/OE25-DEV/projects_decomposed/commons-geometry/commons-geometry-io-euclidean/src/test/java/org/apache/commons/geometry/io/euclidean/threed/obj/PolygonObjParserTest_OE25Dev_geom_left_181_1.java:[75,9] cannot find symbol
[ERROR]   symbol:   method assertNextKeyword(java.lang.String,org.apache.commons.geometry.io.euclidean.threed.obj.PolygonObjParser)
[ERROR]   location: class org.apache.commons.geometry.io.euclidean.threed.obj.PolygonObjParserTest_OE25Dev_geom_left_181_1
[ERROR] /home/tasfia/Desktop/OE25-DEV/projects_decomposed/commons-geometry/commons-geometry-io-euclidean/src/test/java/org/apache/commons/geometry/io/euclidean/threed/obj/PolygonObjParserTest_OE25Dev_geom_left_181_1.java:[76,9] cannot find symbol
[ERROR]   symbol:   method assertNextKeyword(java.lang.String,org.apache.commons.geometry.io.euclidean.threed.obj.PolygonObjParser)
[ERROR]   location: class org.apache.commons.geometry.io.euclidean.threed.obj.PolygonObjParserTest_OE25Dev_geom_left_181_1
[ERROR] /home/tasfia/Desktop/OE25-DEV/projects_decomposed/commons-geometry/commons-geometry-io-euclidean/src/test/java/org/apache/commons/geometry/io/euclidean/threed/obj/PolygonObjParserTest_OE25Dev_geom_left_181_1.java:[77,9] cannot find symbol
[ERROR]   symbol:   method assertNextKeyword(java.lang.String,org.apache.commons.geometry.io.euclidean.threed.obj.PolygonObjParser)
[ERROR]   location: class org.apache.commons.geometry.io.euclidean.threed.obj.PolygonObjParserTest_OE25Dev_geom_left_181_1
[ERROR] /home/tasfia/Desktop/OE25-DEV/projects_decomposed/commons-geometry/commons-geometry-io-euclidean/src/test/java/org/apache/commons/geometry/io/euclidean/threed/obj/PolygonObjParserTest_OE25Dev_geom_left_181_1.java:[79,9] cannot find symbol
[ERROR]   symbol:   method assertNextKeyword(<nulltype>,org.apache.commons.geometry.io.euclidean.threed.obj.PolygonObjParser)
[ERROR]   location: class org.apache.commons.geometry.io.euclidean.threed.obj.PolygonObjParserTest_OE25Dev_geom_left_181_1
[ERROR] /home/tasfia/Desktop/OE25-DEV/projects_decomposed/commons-geometry/commons-geometry-io-euclidean/src/test/java/org/apache/commons/geometry/io/euclidean/threed/obj/PolygonObjParserTest_OE25Dev_geom_left_181_1.java:[99,9] cannot find symbol
[ERROR]   symbol:   method assertNextKeyword(java.lang.String,org.apache.commons.geometry.io.euclidean.threed.obj.PolygonObjParser)
[ERROR]   location: class org.apache.commons.geometry.io.euclidean.threed.obj.PolygonObjParserTest_OE25Dev_geom_left_181_1
[ERROR] /home/tasfia/Desktop/OE25-DEV/projects_decomposed/commons-geometry/commons-geometry-io-euclidean/src/test/java/org/apache/commons/geometry/io/euclidean/threed/obj/PolygonObjParserTest_OE25Dev_geom_left_181_1.java:[100,9] cannot find symbol
[ERROR]   symbol:   method assertNextKeyword(java.lang.String,org.apache.commons.geometry.io.euclidean.threed.obj.PolygonObjParser)
[ERROR]   location: class org.apache.commons.geometry.io.euclidean.threed.obj.PolygonObjParserTest_OE25Dev_geom_left_181_1
[ERROR] /home/tasfia/Desktop/OE25-DEV/projects_decomposed/commons-geometry/commons-geometry-io-euclidean/src/test/java/org/apache/commons/geometry/io/euclidean/threed/obj/PolygonObjParserTest_OE25Dev_geom_left_181_1.java:[101,9] cannot find symbol
[ERROR]   symbol:   method assertNextKeyword(java.lang.String,org.apache.commons.geometry.io.euclidean.threed.obj.PolygonObjParser)
[ERROR]   location: class org.apache.commons.geometry.io.euclidean.threed.obj.PolygonObjParserTest_OE25Dev_geom_left_181_1
[ERROR] /home/tasfia/Desktop/OE25-DEV/projects_decomposed/commons-geometry/commons-geometry-io-euclidean/src/test/java/org/apache/commons/geometry/io/euclidean/threed/obj/PolygonObjParserTest_OE25Dev_geom_left_181_1.java:[102,9] cannot find symbol
[ERROR]   symbol:   method assertNextKeyword(java.lang.String,org.apache.commons.geometry.io.euclidean.threed.obj.PolygonObjParser)
[ERROR]   location: class org.apache.commons.geometry.io.euclidean.threed.obj.PolygonObjParserTest_OE25Dev_geom_left_181_1
[ERROR] /home/tasfia/Desktop/OE25-DEV/projects_decomposed/commons-geometry/commons-geometry-io-euclidean/src/test/java/org/apache/commons/geometry/io/euclidean/threed/obj/PolygonObjParserTest_OE25Dev_geom_left_181_1.java:[103,9] cannot find symbol
[ERROR]   symbol:   method assertNextKeyword(java.lang.String,org.apache.commons.geometry.io.euclidean.threed.obj.PolygonObjParser)
[ERROR]   location: class org.apache.commons.geometry.io.euclidean.threed.obj.PolygonObjParserTest_OE25Dev_geom_left_181_1
[ERROR] /home/tasfia/Desktop/OE25-DEV/projects_decomposed/commons-geometry/commons-geometry-io-euclidean/src/test/java/org/apache/commons/geometry/io/euclidean/threed/obj/PolygonObjParserTest_OE25Dev_geom_left_181_1.java:[104,9] cannot find symbol
[ERROR]   symbol:   method assertNextKeyword(java.lang.String,org.apache.commons.geometry.io.euclidean.threed.obj.PolygonObjParser)
[ERROR]   location: class org.apache.commons.geometry.io.euclidean.threed.obj.PolygonObjParserTest_OE25Dev_geom_left_181_1
[ERROR] /home/tasfia/Desktop/OE25-DEV/projects_decomposed/commons-geometry/commons-geometry-io-euclidean/src/test/java/org/apache/commons/geometry/io/euclidean/threed/obj/PolygonObjParserTest_OE25Dev_geom_left_181_1.java:[105,9] cannot find symbol
[ERROR]   symbol:   method assertNextKeyword(java.lang.String,org.apache.commons.geometry.io.euclidean.threed.obj.PolygonObjParser)
[ERROR]   location: class org.apache.commons.geometry.io.euclidean.threed.obj.PolygonObjParserTest_OE25Dev_geom_left_181_1
[ERROR] /home/tasfia/Desktop/OE25-DEV/projects_decomposed/commons-geometry/commons-geometry-io-euclidean/src/test/java/org/apache/commons/geometry/io/euclidean/threed/obj/PolygonObjParserTest_OE25Dev_geom_left_181_1.java:[106,9] cannot find symbol
[ERROR]   symbol:   method assertNextKeyword(java.lang.String,org.apache.commons.geometry.io.euclidean.threed.obj.PolygonObjParser)
[ERROR]   location: class org.apache.commons.geometry.io.euclidean.threed.obj.PolygonObjParserTest_OE25Dev_geom_left_181_1
[ERROR] /home/tasfia/Desktop/OE25-DEV/projects_decomposed/commons-geometry/commons-geometry-io-euclidean/src/test/java/org/apache/commons/geometry/io/euclidean/threed/obj/PolygonObjParserTest_OE25Dev_geom_left_181_1.java:[107,9] cannot find symbol
[ERROR]   symbol:   method assertNextKeyword(java.lang.String,org.apache.commons.geometry.io.euclidean.threed.obj.PolygonObjParser)
[ERROR]   location: class org.apache.commons.geometry.io.euclidean.threed.obj.PolygonObjParserTest_OE25Dev_geom_left_181_1
[ERROR] /home/tasfia/Desktop/OE25-DEV/projects_decomposed/commons-geometry/commons-geometry-io-euclidean/src/test/java/org/apache/commons/geometry/io/euclidean/threed/obj/PolygonObjParserTest_OE25Dev_geom_left_181_1.java:[109,9] cannot find symbol
[ERROR]   symbol:   method assertNextKeyword(<nulltype>,org.apache.commons.geometry.io.euclidean.threed.obj.PolygonObjParser)
[ERROR]   location: class org.apache.commons.geometry.io.euclidean.threed.obj.PolygonObjParserTest_OE25Dev_geom_left_181_1
[ERROR] /home/tasfia/Desktop/OE25-DEV/projects_decomposed/commons-geometry/commons-geometry-io-euclidean/src/test/java/org/apache/commons/geometry/io/euclidean/threed/obj/PolygonObjParserTest_OE25Dev_geom_left_181_1.java:[135,9] cannot find symbol
[ERROR]   symbol:   method assertNextKeyword(<nulltype>,org.apache.commons.geometry.io.euclidean.threed.obj.PolygonObjParser)
[ERROR]   location: class org.apache.commons.geometry.io.euclidean.threed.obj.PolygonObjParserTest_OE25Dev_geom_left_181_1
[ERROR] /home/tasfia/Desktop/OE25-DEV/projects_decomposed/commons-geometry/commons-geometry-io-euclidean/src/test/java/org/apache/commons/geometry/io/euclidean/threed/obj/PolygonObjParserTest_OE25Dev_geom_left_181_1.java:[570,9] cannot find symbol
[ERROR]   symbol:   method assertNextKeyword(java.lang.String,org.apache.commons.geometry.io.euclidean.threed.obj.PolygonObjParser)
[ERROR]   location: class org.apache.commons.geometry.io.euclidean.threed.obj.PolygonObjParserTest_OE25Dev_geom_left_181_1
[ERROR] /home/tasfia/Desktop/OE25-DEV/projects_decomposed/commons-geometry/commons-geometry-io-euclidean/src/test/java/org/apache/commons/geometry/io/euclidean/threed/obj/PolygonObjParserTest_OE25Dev_geom_left_181_1.java:[573,9] cannot find symbol
[ERROR]   symbol:   method assertNextKeyword(java.lang.String,org.apache.commons.geometry.io.euclidean.threed.obj.PolygonObjParser)
[ERROR]   location: class org.apache.commons.geometry.io.euclidean.threed.obj.PolygonObjParserTest_OE25Dev_geom_left_181_1
[ERROR] /home/tasfia/Desktop/OE25-DEV/projects_decomposed/commons-geometry/commons-geometry-io-euclidean/src/test/java/org/apache/commons/geometry/io/euclidean/threed/obj/PolygonObjParserTest_OE25Dev_geom_left_181_1.java:[576,9] cannot find symbol
[ERROR]   symbol:   method assertNextKeyword(java.lang.String,org.apache.commons.geometry.io.euclidean.threed.obj.PolygonObjParser)
[ERROR]   location: class org.apache.commons.geometry.io.euclidean.threed.obj.PolygonObjParserTest_OE25Dev_geom_left_181_1
[ERROR] /home/tasfia/Desktop/OE25-DEV/projects_decomposed/commons-geometry/commons-geometry-io-euclidean/src/test/java/org/apache/commons/geometry/io/euclidean/threed/obj/PolygonObjParserTest_OE25Dev_geom_left_181_1.java:[579,9] cannot find symbol
[ERROR]   symbol:   method assertNextKeyword(java.lang.String,org.apache.commons.geometry.io.euclidean.threed.obj.PolygonObjParser)
[ERROR]   location: class org.apache.commons.geometry.io.euclidean.threed.obj.PolygonObjParserTest_OE25Dev_geom_left_181_1
[ERROR] /home/tasfia/Desktop/OE25-DEV/projects_decomposed/commons-geometry/commons-geometry-io-euclidean/src/test/java/org/apache/commons/geometry/io/euclidean/threed/obj/PolygonObjParserTest_OE25Dev_geom_left_181_1.java:[582,9] cannot find symbol
[ERROR]   symbol:   method assertNextKeyword(java.lang.String,org.apache.commons.geometry.io.euclidean.threed.obj.PolygonObjParser)
[ERROR]   location: class org.apache.commons.geometry.io.euclidean.threed.obj.PolygonObjParserTest_OE25Dev_geom_left_181_1
[ERROR] /home/tasfia/Desktop/OE25-DEV/projects_decomposed/commons-geometry/commons-geometry-io-euclidean/src/test/java/org/apache/commons/geometry/io/euclidean/threed/obj/PolygonObjParserTest_OE25Dev_geom_left_181_1.java:[585,9] cannot find symbol
[ERROR]   symbol:   method assertNextKeyword(java.lang.String,org.apache.commons.geometry.io.euclidean.threed.obj.PolygonObjParser)
[ERROR]   location: class org.apache.commons.geometry.io.euclidean.threed.obj.PolygonObjParserTest_OE25Dev_geom_left_181_1
[ERROR] /home/tasfia/Desktop/OE25-DEV/projects_decomposed/commons-geometry/commons-geometry-io-euclidean/src/test/java/org/apache/commons/geometry/io/euclidean/threed/obj/PolygonObjParserTest_OE25Dev_geom_left_181_1.java:[588,9] cannot find symbol
[ERROR]   symbol:   method assertNextKeyword(java.lang.String,org.apache.commons.geometry.io.euclidean.threed.obj.PolygonObjParser)
[ERROR]   location: class org.apache.commons.geometry.io.euclidean.threed.obj.PolygonObjParserTest_OE25Dev_geom_left_181_1
[ERROR] /home/tasfia/Desktop/OE25-DEV/projects_decomposed/commons-geometry/commons-geometry-io-euclidean/src/test/java/org/apache/commons/geometry/io/euclidean/threed/obj/PolygonObjParserTest_OE25Dev_geom_left_181_1.java:[591,9] cannot find symbol
[ERROR]   symbol:   method assertNextKeyword(java.lang.String,org.apache.commons.geometry.io.euclidean.threed.obj.PolygonObjParser)
[ERROR]   location: class org.apache.commons.geometry.io.euclidean.threed.obj.PolygonObjParserTest_OE25Dev_geom_left_181_1
[ERROR] /home/tasfia/Desktop/OE25-DEV/projects_decomposed/commons-geometry/commons-geometry-io-euclidean/src/test/java/org/apache/commons/geometry/io/euclidean/threed/obj/PolygonObjParserTest_OE25Dev_geom_left_181_1.java:[594,9] cannot find symbol
[ERROR]   symbol:   method assertNextKeyword(java.lang.String,org.apache.commons.geometry.io.euclidean.threed.obj.PolygonObjParser)
[ERROR]   location: class org.apache.commons.geometry.io.euclidean.threed.obj.PolygonObjParserTest_OE25Dev_geom_left_181_1
[ERROR] /home/tasfia/Desktop/OE25-DEV/projects_decomposed/commons-geometry/commons-geometry-io-euclidean/src/test/java/org/apache/commons/geometry/io/euclidean/threed/obj/PolygonObjParserTest_OE25Dev_geom_left_181_1.java:[597,9] cannot find symbol
[ERROR]   symbol:   method assertNextKeyword(java.lang.String,org.apache.commons.geometry.io.euclidean.threed.obj.PolygonObjParser)
[ERROR]   location: class org.apache.commons.geometry.io.euclidean.threed.obj.PolygonObjParserTest_OE25Dev_geom_left_181_1
[ERROR] /home/tasfia/Desktop/OE25-DEV/projects_decomposed/commons-geometry/commons-geometry-io-euclidean/src/test/java/org/apache/commons/geometry/io/euclidean/threed/obj/PolygonObjParserTest_OE25Dev_geom_left_181_1.java:[600,9] cannot find symbol
[ERROR]   symbol:   method assertNextKeyword(java.lang.String,org.apache.commons.geometry.io.euclidean.threed.obj.PolygonObjParser)
[ERROR]   location: class org.apache.commons.geometry.io.euclidean.threed.obj.PolygonObjParserTest_OE25Dev_geom_left_181_1
[ERROR] /home/tasfia/Desktop/OE25-DEV/projects_decomposed/commons-geometry/commons-geometry-io-euclidean/src/test/java/org/apache/commons/geometry/io/euclidean/threed/obj/PolygonObjParserTest_OE25Dev_geom_left_181_1.java:[603,9] cannot find symbol
[ERROR]   symbol:   method assertNextKeyword(java.lang.String,org.apache.commons.geometry.io.euclidean.threed.obj.PolygonObjParser)
[ERROR]   location: class org.apache.commons.geometry.io.euclidean.threed.obj.PolygonObjParserTest_OE25Dev_geom_left_181_1
[ERROR] /home/tasfia/Desktop/OE25-DEV/projects_decomposed/commons-geometry/commons-geometry-io-euclidean/src/test/java/org/apache/commons/geometry/io/euclidean/threed/obj/PolygonObjParserTest_OE25Dev_geom_left_181_1.java:[606,9] cannot find symbol
[ERROR]   symbol:   method assertNextKeyword(java.lang.String,org.apache.commons.geometry.io.euclidean.threed.obj.PolygonObjParser)
[ERROR]   location: class org.apache.commons.geometry.io.euclidean.threed.obj.PolygonObjParserTest_OE25Dev_geom_left_181_1
[ERROR] /home/tasfia/Desktop/OE25-DEV/projects_decomposed/commons-geometry/commons-geometry-io-euclidean/src/test/java/org/apache/commons/geometry/io/euclidean/threed/obj/PolygonObjParserTest_OE25Dev_geom_left_181_1.java:[609,9] cannot find symbol
[ERROR]   symbol:   method assertNextKeyword(java.lang.String,org.apache.commons.geometry.io.euclidean.threed.obj.PolygonObjParser)
[ERROR]   location: class org.apache.commons.geometry.io.euclidean.threed.obj.PolygonObjParserTest_OE25Dev_geom_left_181_1
[ERROR] /home/tasfia/Desktop/OE25-DEV/projects_decomposed/commons-geometry/commons-geometry-io-euclidean/src/test/java/org/apache/commons/geometry/io/euclidean/threed/obj/PolygonObjParserTest_OE25Dev_geom_left_181_1.java:[616,9] cannot find symbol
[ERROR]   symbol:   method assertNextKeyword(java.lang.String,org.apache.commons.geometry.io.euclidean.threed.obj.PolygonObjParser)
[ERROR]   location: class org.apache.commons.geometry.io.euclidean.threed.obj.PolygonObjParserTest_OE25Dev_geom_left_181_1
[ERROR] -> [Help 1]
[ERROR] 
[ERROR] To see the full stack trace of the errors, re-run Maven with the -e switch.
[ERROR] Re-run Maven using the -X switch to enable full debug logging.
[ERROR] 
[ERROR] For more information about the errors and possible solutions, please read the following articles:
[ERROR] [Help 1] http://cwiki.apache.org/confluence/display/MAVEN/MojoFailureException
