[ERROR] COMPILATION ERROR : 
[ERROR] /home/tasfia/Desktop/OE25-DEV/projects_decomposed/commons-geometry/commons-geometry-core/src/test/java/org/apache/commons/geometry/core/partitioning/bsp/AbstractRegionBSPTreeTest_OE25Dev_geom_left_920_1.java:[760,9] cannot find symbol
  symbol:   method assertCutBoundarySegment(java.util.List<org.apache.commons.geometry.core.partitioning.HyperplaneConvexSubset<org.apache.commons.geometry.core.partitioning.test.TestPoint2D>>,org.apache.commons.geometry.core.partitioning.test.TestPoint2D,org.apache.commons.geometry.core.partitioning.test.TestPoint2D)
  location: class org.apache.commons.geometry.core.partitioning.bsp.AbstractRegionBSPTreeTest_OE25Dev_geom_left_920_1
[ERROR] /home/tasfia/Desktop/OE25-DEV/projects_decomposed/commons-geometry/commons-geometry-core/src/test/java/org/apache/commons/geometry/core/partitioning/bsp/AbstractRegionBSPTreeTest_OE25Dev_geom_left_920_1.java:[786,9] cannot find symbol
  symbol:   method assertCutBoundarySegment(java.util.List<org.apache.commons.geometry.core.partitioning.HyperplaneConvexSubset<org.apache.commons.geometry.core.partitioning.test.TestPoint2D>>,org.apache.commons.geometry.core.partitioning.test.TestPoint2D,org.apache.commons.geometry.core.partitioning.test.TestPoint2D)
  location: class org.apache.commons.geometry.core.partitioning.bsp.AbstractRegionBSPTreeTest_OE25Dev_geom_left_920_1
[ERROR] /home/tasfia/Desktop/OE25-DEV/projects_decomposed/commons-geometry/commons-geometry-core/src/test/java/org/apache/commons/geometry/core/partitioning/bsp/AbstractRegionBSPTreeTest_OE25Dev_geom_left_920_1.java:[791,9] cannot find symbol
  symbol:   method assertCutBoundarySegment(java.util.List<org.apache.commons.geometry.core.partitioning.HyperplaneConvexSubset<org.apache.commons.geometry.core.partitioning.test.TestPoint2D>>,org.apache.commons.geometry.core.partitioning.test.TestPoint2D,org.apache.commons.geometry.core.partitioning.test.TestPoint2D)
  location: class org.apache.commons.geometry.core.partitioning.bsp.AbstractRegionBSPTreeTest_OE25Dev_geom_left_920_1
[ERROR] /home/tasfia/Desktop/OE25-DEV/projects_decomposed/commons-geometry/commons-geometry-core/src/test/java/org/apache/commons/geometry/core/partitioning/bsp/AbstractRegionBSPTreeTest_OE25Dev_geom_left_920_1.java:[983,9] cannot find symbol
  symbol:   method assertCutBoundarySegment(java.util.List<org.apache.commons.geometry.core.partitioning.HyperplaneConvexSubset<org.apache.commons.geometry.core.partitioning.test.TestPoint2D>>,org.apache.commons.geometry.core.partitioning.test.TestPoint2D,org.apache.commons.geometry.core.partitioning.test.TestPoint2D)
  location: class org.apache.commons.geometry.core.partitioning.bsp.AbstractRegionBSPTreeTest_OE25Dev_geom_left_920_1
[ERROR] /home/tasfia/Desktop/OE25-DEV/projects_decomposed/commons-geometry/commons-geometry-core/src/test/java/org/apache/commons/geometry/core/partitioning/bsp/AbstractRegionBSPTreeTest_OE25Dev_geom_left_920_1.java:[985,9] cannot find symbol
  symbol:   method assertCutBoundarySegment(java.util.List<org.apache.commons.geometry.core.partitioning.HyperplaneConvexSubset<org.apache.commons.geometry.core.partitioning.test.TestPoint2D>>,org.apache.commons.geometry.core.partitioning.test.TestPoint2D,org.apache.commons.geometry.core.partitioning.test.TestPoint2D)
  location: class org.apache.commons.geometry.core.partitioning.bsp.AbstractRegionBSPTreeTest_OE25Dev_geom_left_920_1
[ERROR] Failed to execute goal org.apache.maven.plugins:maven-compiler-plugin:3.8.1:testCompile (default-testCompile) on project commons-geometry-core: Compilation failure: Compilation failure: 
[ERROR] /home/tasfia/Desktop/OE25-DEV/projects_decomposed/commons-geometry/commons-geometry-core/src/test/java/org/apache/commons/geometry/core/partitioning/bsp/AbstractRegionBSPTreeTest_OE25Dev_geom_left_920_1.java:[760,9] cannot find symbol
[ERROR]   symbol:   method assertCutBoundarySegment(java.util.List<org.apache.commons.geometry.core.partitioning.HyperplaneConvexSubset<org.apache.commons.geometry.core.partitioning.test.TestPoint2D>>,org.apache.commons.geometry.core.partitioning.test.TestPoint2D,org.apache.commons.geometry.core.partitioning.test.TestPoint2D)
[ERROR]   location: class org.apache.commons.geometry.core.partitioning.bsp.AbstractRegionBSPTreeTest_OE25Dev_geom_left_920_1
[ERROR] /home/tasfia/Desktop/OE25-DEV/projects_decomposed/commons-geometry/commons-geometry-core/src/test/java/org/apache/commons/geometry/core/partitioning/bsp/AbstractRegionBSPTreeTest_OE25Dev_geom_left_920_1.java:[786,9] cannot find symbol
[ERROR]   symbol:   method assertCutBoundarySegment(java.util.List<org.apache.commons.geometry.core.partitioning.HyperplaneConvexSubset<org.apache.commons.geometry.core.partitioning.test.TestPoint2D>>,org.apache.commons.geometry.core.partitioning.test.TestPoint2D,org.apache.commons.geometry.core.partitioning.test.TestPoint2D)
[ERROR]   location: class org.apache.commons.geometry.core.partitioning.bsp.AbstractRegionBSPTreeTest_OE25Dev_geom_left_920_1
[ERROR] /home/tasfia/Desktop/OE25-DEV/projects_decomposed/commons-geometry/commons-geometry-core/src/test/java/org/apache/commons/geometry/core/partitioning/bsp/AbstractRegionBSPTreeTest_OE25Dev_geom_left_920_1.java:[791,9] cannot find symbol
[ERROR]   symbol:   method assertCutBoundarySegment(java.util.List<org.apache.commons.geometry.core.partitioning.HyperplaneConvexSubset<org.apache.commons.geometry.core.partitioning.test.TestPoint2D>>,org.apache.commons.geometry.core.partitioning.test.TestPoint2D,org.apache.commons.geometry.core.partitioning.test.TestPoint2D)
[ERROR]   location: class org.apache.commons.geometry.core.partitioning.bsp.AbstractRegionBSPTreeTest_OE25Dev_geom_left_920_1
[ERROR] /home/tasfia/Desktop/OE25-DEV/projects_decomposed/commons-geometry/commons-geometry-core/src/test/java/org/apache/commons/geometry/core/partitioning/bsp/AbstractRegionBSPTreeTest_OE25Dev_geom_left_920_1.java:[983,9] cannot find symbol
[ERROR]   symbol:   method assertCutBoundarySegment(java.util.List<org.apache.commons.geometry.core.partitioning.HyperplaneConvexSubset<org.apache.commons.geometry.core.partitioning.test.TestPoint2D>>,org.apache.commons.geometry.core.partitioning.test.TestPoint2D,org.apache.commons.geometry.core.partitioning.test.TestPoint2D)
[ERROR]   location: class org.apache.commons.geometry.core.partitioning.bsp.AbstractRegionBSPTreeTest_OE25Dev_geom_left_920_1
[ERROR] /home/tasfia/Desktop/OE25-DEV/projects_decomposed/commons-geometry/commons-geometry-core/src/test/java/org/apache/commons/geometry/core/partitioning/bsp/AbstractRegionBSPTreeTest_OE25Dev_geom_left_920_1.java:[985,9] cannot find symbol
[ERROR]   symbol:   method assertCutBoundarySegment(java.util.List<org.apache.commons.geometry.core.partitioning.HyperplaneConvexSubset<org.apache.commons.geometry.core.partitioning.test.TestPoint2D>>,org.apache.commons.geometry.core.partitioning.test.TestPoint2D,org.apache.commons.geometry.core.partitioning.test.TestPoint2D)
[ERROR]   location: class org.apache.commons.geometry.core.partitioning.bsp.AbstractRegionBSPTreeTest_OE25Dev_geom_left_920_1
[ERROR] -> [Help 1]
[ERROR] 
[ERROR] To see the full stack trace of the errors, re-run Maven with the -e switch.
[ERROR] Re-run Maven using the -X switch to enable full debug logging.
[ERROR] 
[ERROR] For more information about the errors and possible solutions, please read the following articles:
[ERROR] [Help 1] http://cwiki.apache.org/confluence/display/MAVEN/MojoFailureException
