[ERROR] COMPILATION ERROR : 
[ERROR] /home/tasfia/Desktop/OE25-DEV/projects_decomposed/commons-geometry/commons-geometry-io-euclidean/src/test/java/org/apache/commons/geometry/io/euclidean/threed/obj/PolygonObjParserTest_OE25Dev_geom_left_182_3.java:[849,9] illegal start of type
[ERROR] /home/tasfia/Desktop/OE25-DEV/projects_decomposed/commons-geometry/commons-geometry-io-euclidean/src/test/java/org/apache/commons/geometry/io/euclidean/threed/obj/PolygonObjParserTest_OE25Dev_geom_left_182_3.java:[849,52] > expected
[ERROR] /home/tasfia/Desktop/OE25-DEV/projects_decomposed/commons-geometry/commons-geometry-io-euclidean/src/test/java/org/apache/commons/geometry/io/euclidean/threed/obj/PolygonObjParserTest_OE25Dev_geom_left_182_3.java:[849,54] illegal start of type
[ERROR] /home/tasfia/Desktop/OE25-DEV/projects_decomposed/commons-geometry/commons-geometry-io-euclidean/src/test/java/org/apache/commons/geometry/io/euclidean/threed/obj/PolygonObjParserTest_OE25Dev_geom_left_182_3.java:[849,57] <identifier> expected
[ERROR] /home/tasfia/Desktop/OE25-DEV/projects_decomposed/commons-geometry/commons-geometry-io-euclidean/src/test/java/org/apache/commons/geometry/io/euclidean/threed/obj/PolygonObjParserTest_OE25Dev_geom_left_182_3.java:[861,37] <identifier> expected
[ERROR] /home/tasfia/Desktop/OE25-DEV/projects_decomposed/commons-geometry/commons-geometry-io-euclidean/src/test/java/org/apache/commons/geometry/io/euclidean/threed/obj/PolygonObjParserTest_OE25Dev_geom_left_182_3.java:[861,59] <identifier> expected
[ERROR] /home/tasfia/Desktop/OE25-DEV/projects_decomposed/commons-geometry/commons-geometry-io-euclidean/src/test/java/org/apache/commons/geometry/io/euclidean/threed/obj/PolygonObjParserTest_OE25Dev_geom_left_182_3.java:[861,82] <identifier> expected
[ERROR] Failed to execute goal org.apache.maven.plugins:maven-compiler-plugin:3.8.1:testCompile (default-testCompile) on project commons-geometry-io-euclidean: Compilation failure: Compilation failure: 
[ERROR] /home/tasfia/Desktop/OE25-DEV/projects_decomposed/commons-geometry/commons-geometry-io-euclidean/src/test/java/org/apache/commons/geometry/io/euclidean/threed/obj/PolygonObjParserTest_OE25Dev_geom_left_182_3.java:[849,9] illegal start of type
[ERROR] /home/tasfia/Desktop/OE25-DEV/projects_decomposed/commons-geometry/commons-geometry-io-euclidean/src/test/java/org/apache/commons/geometry/io/euclidean/threed/obj/PolygonObjParserTest_OE25Dev_geom_left_182_3.java:[849,52] > expected
[ERROR] /home/tasfia/Desktop/OE25-DEV/projects_decomposed/commons-geometry/commons-geometry-io-euclidean/src/test/java/org/apache/commons/geometry/io/euclidean/threed/obj/PolygonObjParserTest_OE25Dev_geom_left_182_3.java:[849,54] illegal start of type
[ERROR] /home/tasfia/Desktop/OE25-DEV/projects_decomposed/commons-geometry/commons-geometry-io-euclidean/src/test/java/org/apache/commons/geometry/io/euclidean/threed/obj/PolygonObjParserTest_OE25Dev_geom_left_182_3.java:[849,57] <identifier> expected
[ERROR] /home/tasfia/Desktop/OE25-DEV/projects_decomposed/commons-geometry/commons-geometry-io-euclidean/src/test/java/org/apache/commons/geometry/io/euclidean/threed/obj/PolygonObjParserTest_OE25Dev_geom_left_182_3.java:[861,37] <identifier> expected
[ERROR] /home/tasfia/Desktop/OE25-DEV/projects_decomposed/commons-geometry/commons-geometry-io-euclidean/src/test/java/org/apache/commons/geometry/io/euclidean/threed/obj/PolygonObjParserTest_OE25Dev_geom_left_182_3.java:[861,59] <identifier> expected
[ERROR] /home/tasfia/Desktop/OE25-DEV/projects_decomposed/commons-geometry/commons-geometry-io-euclidean/src/test/java/org/apache/commons/geometry/io/euclidean/threed/obj/PolygonObjParserTest_OE25Dev_geom_left_182_3.java:[861,82] <identifier> expected
[ERROR] -> [Help 1]
[ERROR] 
[ERROR] To see the full stack trace of the errors, re-run Maven with the -e switch.
[ERROR] Re-run Maven using the -X switch to enable full debug logging.
[ERROR] 
[ERROR] For more information about the errors and possible solutions, please read the following articles:
[ERROR] [Help 1] http://cwiki.apache.org/confluence/display/MAVEN/MojoFailureException
