[ERROR] COMPILATION ERROR : 
[ERROR] /home/tasfia/Desktop/OE25-DEV/projects_decomposed/commons-geometry/commons-geometry-spherical/src/test/java/org/apache/commons/geometry/spherical/oned/RegionBSPTree1STest_OE25Dev_geom_left_740_3.java:[254,9] cannot find symbol
  symbol:   method checkInterval(org.apache.commons.geometry.spherical.oned.AngularInterval,double,double)
  location: class org.apache.commons.geometry.spherical.oned.RegionBSPTree1STest_OE25Dev_geom_left_740_3
[ERROR] /home/tasfia/Desktop/OE25-DEV/projects_decomposed/commons-geometry/commons-geometry-spherical/src/test/java/org/apache/commons/geometry/spherical/oned/RegionBSPTree1STest_OE25Dev_geom_left_740_3.java:[270,9] cannot find symbol
  symbol:   method checkInterval(org.apache.commons.geometry.spherical.oned.AngularInterval,double,double)
  location: class org.apache.commons.geometry.spherical.oned.RegionBSPTree1STest_OE25Dev_geom_left_740_3
[ERROR] /home/tasfia/Desktop/OE25-DEV/projects_decomposed/commons-geometry/commons-geometry-spherical/src/test/java/org/apache/commons/geometry/spherical/oned/RegionBSPTree1STest_OE25Dev_geom_left_740_3.java:[287,9] cannot find symbol
  symbol:   method checkInterval(org.apache.commons.geometry.spherical.oned.AngularInterval,double,double)
  location: class org.apache.commons.geometry.spherical.oned.RegionBSPTree1STest_OE25Dev_geom_left_740_3
[ERROR] /home/tasfia/Desktop/OE25-DEV/projects_decomposed/commons-geometry/commons-geometry-spherical/src/test/java/org/apache/commons/geometry/spherical/oned/RegionBSPTree1STest_OE25Dev_geom_left_740_3.java:[288,9] cannot find symbol
  symbol:   method checkInterval(org.apache.commons.geometry.spherical.oned.AngularInterval,double,double)
  location: class org.apache.commons.geometry.spherical.oned.RegionBSPTree1STest_OE25Dev_geom_left_740_3
[ERROR] /home/tasfia/Desktop/OE25-DEV/projects_decomposed/commons-geometry/commons-geometry-spherical/src/test/java/org/apache/commons/geometry/spherical/oned/RegionBSPTree1STest_OE25Dev_geom_left_740_3.java:[307,9] cannot find symbol
  symbol:   method checkInterval(org.apache.commons.geometry.spherical.oned.AngularInterval,double,double)
  location: class org.apache.commons.geometry.spherical.oned.RegionBSPTree1STest_OE25Dev_geom_left_740_3
[ERROR] /home/tasfia/Desktop/OE25-DEV/projects_decomposed/commons-geometry/commons-geometry-spherical/src/test/java/org/apache/commons/geometry/spherical/oned/RegionBSPTree1STest_OE25Dev_geom_left_740_3.java:[308,9] cannot find symbol
  symbol:   method checkInterval(org.apache.commons.geometry.spherical.oned.AngularInterval,double,double)
  location: class org.apache.commons.geometry.spherical.oned.RegionBSPTree1STest_OE25Dev_geom_left_740_3
[ERROR] /home/tasfia/Desktop/OE25-DEV/projects_decomposed/commons-geometry/commons-geometry-spherical/src/test/java/org/apache/commons/geometry/spherical/oned/RegionBSPTree1STest_OE25Dev_geom_left_740_3.java:[443,9] cannot find symbol
  symbol:   method checkInterval(org.apache.commons.geometry.spherical.oned.AngularInterval,double,double)
  location: class org.apache.commons.geometry.spherical.oned.RegionBSPTree1STest_OE25Dev_geom_left_740_3
[ERROR] /home/tasfia/Desktop/OE25-DEV/projects_decomposed/commons-geometry/commons-geometry-spherical/src/test/java/org/apache/commons/geometry/spherical/oned/RegionBSPTree1STest_OE25Dev_geom_left_740_3.java:[464,9] cannot find symbol
  symbol:   method checkInterval(org.apache.commons.geometry.spherical.oned.AngularInterval,int,double)
  location: class org.apache.commons.geometry.spherical.oned.RegionBSPTree1STest_OE25Dev_geom_left_740_3
[ERROR] /home/tasfia/Desktop/OE25-DEV/projects_decomposed/commons-geometry/commons-geometry-spherical/src/test/java/org/apache/commons/geometry/spherical/oned/RegionBSPTree1STest_OE25Dev_geom_left_740_3.java:[465,9] cannot find symbol
  symbol:   method checkInterval(org.apache.commons.geometry.spherical.oned.AngularInterval,double,double)
  location: class org.apache.commons.geometry.spherical.oned.RegionBSPTree1STest_OE25Dev_geom_left_740_3
[ERROR] /home/tasfia/Desktop/OE25-DEV/projects_decomposed/commons-geometry/commons-geometry-spherical/src/test/java/org/apache/commons/geometry/spherical/oned/RegionBSPTree1STest_OE25Dev_geom_left_740_3.java:[466,9] cannot find symbol
  symbol:   method checkInterval(org.apache.commons.geometry.spherical.oned.AngularInterval,double,int)
  location: class org.apache.commons.geometry.spherical.oned.RegionBSPTree1STest_OE25Dev_geom_left_740_3
[ERROR] /home/tasfia/Desktop/OE25-DEV/projects_decomposed/commons-geometry/commons-geometry-spherical/src/test/java/org/apache/commons/geometry/spherical/oned/RegionBSPTree1STest_OE25Dev_geom_left_740_3.java:[471,9] cannot find symbol
  symbol:   method checkInterval(org.apache.commons.geometry.spherical.oned.AngularInterval,int,int)
  location: class org.apache.commons.geometry.spherical.oned.RegionBSPTree1STest_OE25Dev_geom_left_740_3
[ERROR] /home/tasfia/Desktop/OE25-DEV/projects_decomposed/commons-geometry/commons-geometry-spherical/src/test/java/org/apache/commons/geometry/spherical/oned/RegionBSPTree1STest_OE25Dev_geom_left_740_3.java:[489,9] cannot find symbol
  symbol:   method checkInterval(org.apache.commons.geometry.spherical.oned.AngularInterval,double,double)
  location: class org.apache.commons.geometry.spherical.oned.RegionBSPTree1STest_OE25Dev_geom_left_740_3
[ERROR] /home/tasfia/Desktop/OE25-DEV/projects_decomposed/commons-geometry/commons-geometry-spherical/src/test/java/org/apache/commons/geometry/spherical/oned/RegionBSPTree1STest_OE25Dev_geom_left_740_3.java:[494,9] cannot find symbol
  symbol:   method checkInterval(org.apache.commons.geometry.spherical.oned.AngularInterval,double,double)
  location: class org.apache.commons.geometry.spherical.oned.RegionBSPTree1STest_OE25Dev_geom_left_740_3
[ERROR] /home/tasfia/Desktop/OE25-DEV/projects_decomposed/commons-geometry/commons-geometry-spherical/src/test/java/org/apache/commons/geometry/spherical/oned/RegionBSPTree1STest_OE25Dev_geom_left_740_3.java:[531,9] cannot find symbol
  symbol:   method checkInterval(org.apache.commons.geometry.spherical.oned.AngularInterval,int,int)
  location: class org.apache.commons.geometry.spherical.oned.RegionBSPTree1STest_OE25Dev_geom_left_740_3
[ERROR] /home/tasfia/Desktop/OE25-DEV/projects_decomposed/commons-geometry/commons-geometry-spherical/src/test/java/org/apache/commons/geometry/spherical/oned/RegionBSPTree1STest_OE25Dev_geom_left_740_3.java:[552,9] cannot find symbol
  symbol:   method checkInterval(org.apache.commons.geometry.spherical.oned.AngularInterval,int,int)
  location: class org.apache.commons.geometry.spherical.oned.RegionBSPTree1STest_OE25Dev_geom_left_740_3
[ERROR] /home/tasfia/Desktop/OE25-DEV/projects_decomposed/commons-geometry/commons-geometry-spherical/src/test/java/org/apache/commons/geometry/spherical/oned/RegionBSPTree1STest_OE25Dev_geom_left_740_3.java:[579,9] cannot find symbol
  symbol:   method checkInterval(org.apache.commons.geometry.spherical.oned.AngularInterval,int,double)
  location: class org.apache.commons.geometry.spherical.oned.RegionBSPTree1STest_OE25Dev_geom_left_740_3
[ERROR] /home/tasfia/Desktop/OE25-DEV/projects_decomposed/commons-geometry/commons-geometry-spherical/src/test/java/org/apache/commons/geometry/spherical/oned/RegionBSPTree1STest_OE25Dev_geom_left_740_3.java:[580,9] cannot find symbol
  symbol:   method checkInterval(org.apache.commons.geometry.spherical.oned.AngularInterval,int,double)
  location: class org.apache.commons.geometry.spherical.oned.RegionBSPTree1STest_OE25Dev_geom_left_740_3
[ERROR] /home/tasfia/Desktop/OE25-DEV/projects_decomposed/commons-geometry/commons-geometry-spherical/src/test/java/org/apache/commons/geometry/spherical/oned/RegionBSPTree1STest_OE25Dev_geom_left_740_3.java:[604,9] cannot find symbol
  symbol:   method checkInterval(org.apache.commons.geometry.spherical.oned.AngularInterval,int,double)
  location: class org.apache.commons.geometry.spherical.oned.RegionBSPTree1STest_OE25Dev_geom_left_740_3
[ERROR] /home/tasfia/Desktop/OE25-DEV/projects_decomposed/commons-geometry/commons-geometry-spherical/src/test/java/org/apache/commons/geometry/spherical/oned/RegionBSPTree1STest_OE25Dev_geom_left_740_3.java:[605,9] cannot find symbol
  symbol:   method checkInterval(org.apache.commons.geometry.spherical.oned.AngularInterval,int,double)
  location: class org.apache.commons.geometry.spherical.oned.RegionBSPTree1STest_OE25Dev_geom_left_740_3
[ERROR] /home/tasfia/Desktop/OE25-DEV/projects_decomposed/commons-geometry/commons-geometry-spherical/src/test/java/org/apache/commons/geometry/spherical/oned/RegionBSPTree1STest_OE25Dev_geom_left_740_3.java:[626,9] cannot find symbol
  symbol:   method checkInterval(org.apache.commons.geometry.spherical.oned.AngularInterval,int,double)
  location: class org.apache.commons.geometry.spherical.oned.RegionBSPTree1STest_OE25Dev_geom_left_740_3
[ERROR] /home/tasfia/Desktop/OE25-DEV/projects_decomposed/commons-geometry/commons-geometry-spherical/src/test/java/org/apache/commons/geometry/spherical/oned/RegionBSPTree1STest_OE25Dev_geom_left_740_3.java:[627,9] cannot find symbol
  symbol:   method checkInterval(org.apache.commons.geometry.spherical.oned.AngularInterval,int,double)
  location: class org.apache.commons.geometry.spherical.oned.RegionBSPTree1STest_OE25Dev_geom_left_740_3
[ERROR] /home/tasfia/Desktop/OE25-DEV/projects_decomposed/commons-geometry/commons-geometry-spherical/src/test/java/org/apache/commons/geometry/spherical/oned/RegionBSPTree1STest_OE25Dev_geom_left_740_3.java:[632,9] cannot find symbol
  symbol:   method checkInterval(org.apache.commons.geometry.spherical.oned.AngularInterval,double,int)
  location: class org.apache.commons.geometry.spherical.oned.RegionBSPTree1STest_OE25Dev_geom_left_740_3
[ERROR] /home/tasfia/Desktop/OE25-DEV/projects_decomposed/commons-geometry/commons-geometry-spherical/src/test/java/org/apache/commons/geometry/spherical/oned/RegionBSPTree1STest_OE25Dev_geom_left_740_3.java:[653,9] cannot find symbol
  symbol:   method checkInterval(org.apache.commons.geometry.spherical.oned.AngularInterval,double,int)
  location: class org.apache.commons.geometry.spherical.oned.RegionBSPTree1STest_OE25Dev_geom_left_740_3
[ERROR] /home/tasfia/Desktop/OE25-DEV/projects_decomposed/commons-geometry/commons-geometry-spherical/src/test/java/org/apache/commons/geometry/spherical/oned/RegionBSPTree1STest_OE25Dev_geom_left_740_3.java:[658,9] cannot find symbol
  symbol:   method checkInterval(org.apache.commons.geometry.spherical.oned.AngularInterval,int,double)
  location: class org.apache.commons.geometry.spherical.oned.RegionBSPTree1STest_OE25Dev_geom_left_740_3
[ERROR] /home/tasfia/Desktop/OE25-DEV/projects_decomposed/commons-geometry/commons-geometry-spherical/src/test/java/org/apache/commons/geometry/spherical/oned/RegionBSPTree1STest_OE25Dev_geom_left_740_3.java:[659,9] cannot find symbol
  symbol:   method checkInterval(org.apache.commons.geometry.spherical.oned.AngularInterval,int,double)
  location: class org.apache.commons.geometry.spherical.oned.RegionBSPTree1STest_OE25Dev_geom_left_740_3
[ERROR] /home/tasfia/Desktop/OE25-DEV/projects_decomposed/commons-geometry/commons-geometry-spherical/src/test/java/org/apache/commons/geometry/spherical/oned/RegionBSPTree1STest_OE25Dev_geom_left_740_3.java:[762,9] cannot find symbol
  symbol:   method checkInterval(org.apache.commons.geometry.spherical.oned.AngularInterval,double,double)
  location: class org.apache.commons.geometry.spherical.oned.RegionBSPTree1STest_OE25Dev_geom_left_740_3
[ERROR] /home/tasfia/Desktop/OE25-DEV/projects_decomposed/commons-geometry/commons-geometry-spherical/src/test/java/org/apache/commons/geometry/spherical/oned/RegionBSPTree1STest_OE25Dev_geom_left_740_3.java:[763,9] cannot find symbol
  symbol:   method checkInterval(org.apache.commons.geometry.spherical.oned.AngularInterval,double,double)
  location: class org.apache.commons.geometry.spherical.oned.RegionBSPTree1STest_OE25Dev_geom_left_740_3
[ERROR] /home/tasfia/Desktop/OE25-DEV/projects_decomposed/commons-geometry/commons-geometry-spherical/src/test/java/org/apache/commons/geometry/spherical/oned/RegionBSPTree1STest_OE25Dev_geom_left_740_3.java:[782,9] cannot find symbol
  symbol:   method checkInterval(org.apache.commons.geometry.spherical.oned.AngularInterval,double,double)
  location: class org.apache.commons.geometry.spherical.oned.RegionBSPTree1STest_OE25Dev_geom_left_740_3
[ERROR] /home/tasfia/Desktop/OE25-DEV/projects_decomposed/commons-geometry/commons-geometry-spherical/src/test/java/org/apache/commons/geometry/spherical/oned/RegionBSPTree1STest_OE25Dev_geom_left_740_3.java:[783,9] cannot find symbol
  symbol:   method checkInterval(org.apache.commons.geometry.spherical.oned.AngularInterval,double,double)
  location: class org.apache.commons.geometry.spherical.oned.RegionBSPTree1STest_OE25Dev_geom_left_740_3
[ERROR] /home/tasfia/Desktop/OE25-DEV/projects_decomposed/commons-geometry/commons-geometry-spherical/src/test/java/org/apache/commons/geometry/spherical/oned/RegionBSPTree1STest_OE25Dev_geom_left_740_3.java:[901,9] cannot find symbol
  symbol:   method checkInterval(org.apache.commons.geometry.spherical.oned.AngularInterval,double,double)
  location: class org.apache.commons.geometry.spherical.oned.RegionBSPTree1STest_OE25Dev_geom_left_740_3
[ERROR] Failed to execute goal org.apache.maven.plugins:maven-compiler-plugin:3.8.1:testCompile (default-testCompile) on project commons-geometry-spherical: Compilation failure: Compilation failure: 
[ERROR] /home/tasfia/Desktop/OE25-DEV/projects_decomposed/commons-geometry/commons-geometry-spherical/src/test/java/org/apache/commons/geometry/spherical/oned/RegionBSPTree1STest_OE25Dev_geom_left_740_3.java:[254,9] cannot find symbol
[ERROR]   symbol:   method checkInterval(org.apache.commons.geometry.spherical.oned.AngularInterval,double,double)
[ERROR]   location: class org.apache.commons.geometry.spherical.oned.RegionBSPTree1STest_OE25Dev_geom_left_740_3
[ERROR] /home/tasfia/Desktop/OE25-DEV/projects_decomposed/commons-geometry/commons-geometry-spherical/src/test/java/org/apache/commons/geometry/spherical/oned/RegionBSPTree1STest_OE25Dev_geom_left_740_3.java:[270,9] cannot find symbol
[ERROR]   symbol:   method checkInterval(org.apache.commons.geometry.spherical.oned.AngularInterval,double,double)
[ERROR]   location: class org.apache.commons.geometry.spherical.oned.RegionBSPTree1STest_OE25Dev_geom_left_740_3
[ERROR] /home/tasfia/Desktop/OE25-DEV/projects_decomposed/commons-geometry/commons-geometry-spherical/src/test/java/org/apache/commons/geometry/spherical/oned/RegionBSPTree1STest_OE25Dev_geom_left_740_3.java:[287,9] cannot find symbol
[ERROR]   symbol:   method checkInterval(org.apache.commons.geometry.spherical.oned.AngularInterval,double,double)
[ERROR]   location: class org.apache.commons.geometry.spherical.oned.RegionBSPTree1STest_OE25Dev_geom_left_740_3
[ERROR] /home/tasfia/Desktop/OE25-DEV/projects_decomposed/commons-geometry/commons-geometry-spherical/src/test/java/org/apache/commons/geometry/spherical/oned/RegionBSPTree1STest_OE25Dev_geom_left_740_3.java:[288,9] cannot find symbol
[ERROR]   symbol:   method checkInterval(org.apache.commons.geometry.spherical.oned.AngularInterval,double,double)
[ERROR]   location: class org.apache.commons.geometry.spherical.oned.RegionBSPTree1STest_OE25Dev_geom_left_740_3
[ERROR] /home/tasfia/Desktop/OE25-DEV/projects_decomposed/commons-geometry/commons-geometry-spherical/src/test/java/org/apache/commons/geometry/spherical/oned/RegionBSPTree1STest_OE25Dev_geom_left_740_3.java:[307,9] cannot find symbol
[ERROR]   symbol:   method checkInterval(org.apache.commons.geometry.spherical.oned.AngularInterval,double,double)
[ERROR]   location: class org.apache.commons.geometry.spherical.oned.RegionBSPTree1STest_OE25Dev_geom_left_740_3
[ERROR] /home/tasfia/Desktop/OE25-DEV/projects_decomposed/commons-geometry/commons-geometry-spherical/src/test/java/org/apache/commons/geometry/spherical/oned/RegionBSPTree1STest_OE25Dev_geom_left_740_3.java:[308,9] cannot find symbol
[ERROR]   symbol:   method checkInterval(org.apache.commons.geometry.spherical.oned.AngularInterval,double,double)
[ERROR]   location: class org.apache.commons.geometry.spherical.oned.RegionBSPTree1STest_OE25Dev_geom_left_740_3
[ERROR] /home/tasfia/Desktop/OE25-DEV/projects_decomposed/commons-geometry/commons-geometry-spherical/src/test/java/org/apache/commons/geometry/spherical/oned/RegionBSPTree1STest_OE25Dev_geom_left_740_3.java:[443,9] cannot find symbol
[ERROR]   symbol:   method checkInterval(org.apache.commons.geometry.spherical.oned.AngularInterval,double,double)
[ERROR]   location: class org.apache.commons.geometry.spherical.oned.RegionBSPTree1STest_OE25Dev_geom_left_740_3
[ERROR] /home/tasfia/Desktop/OE25-DEV/projects_decomposed/commons-geometry/commons-geometry-spherical/src/test/java/org/apache/commons/geometry/spherical/oned/RegionBSPTree1STest_OE25Dev_geom_left_740_3.java:[464,9] cannot find symbol
[ERROR]   symbol:   method checkInterval(org.apache.commons.geometry.spherical.oned.AngularInterval,int,double)
[ERROR]   location: class org.apache.commons.geometry.spherical.oned.RegionBSPTree1STest_OE25Dev_geom_left_740_3
[ERROR] /home/tasfia/Desktop/OE25-DEV/projects_decomposed/commons-geometry/commons-geometry-spherical/src/test/java/org/apache/commons/geometry/spherical/oned/RegionBSPTree1STest_OE25Dev_geom_left_740_3.java:[465,9] cannot find symbol
[ERROR]   symbol:   method checkInterval(org.apache.commons.geometry.spherical.oned.AngularInterval,double,double)
[ERROR]   location: class org.apache.commons.geometry.spherical.oned.RegionBSPTree1STest_OE25Dev_geom_left_740_3
[ERROR] /home/tasfia/Desktop/OE25-DEV/projects_decomposed/commons-geometry/commons-geometry-spherical/src/test/java/org/apache/commons/geometry/spherical/oned/RegionBSPTree1STest_OE25Dev_geom_left_740_3.java:[466,9] cannot find symbol
[ERROR]   symbol:   method checkInterval(org.apache.commons.geometry.spherical.oned.AngularInterval,double,int)
[ERROR]   location: class org.apache.commons.geometry.spherical.oned.RegionBSPTree1STest_OE25Dev_geom_left_740_3
[ERROR] /home/tasfia/Desktop/OE25-DEV/projects_decomposed/commons-geometry/commons-geometry-spherical/src/test/java/org/apache/commons/geometry/spherical/oned/RegionBSPTree1STest_OE25Dev_geom_left_740_3.java:[471,9] cannot find symbol
[ERROR]   symbol:   method checkInterval(org.apache.commons.geometry.spherical.oned.AngularInterval,int,int)
[ERROR]   location: class org.apache.commons.geometry.spherical.oned.RegionBSPTree1STest_OE25Dev_geom_left_740_3
[ERROR] /home/tasfia/Desktop/OE25-DEV/projects_decomposed/commons-geometry/commons-geometry-spherical/src/test/java/org/apache/commons/geometry/spherical/oned/RegionBSPTree1STest_OE25Dev_geom_left_740_3.java:[489,9] cannot find symbol
[ERROR]   symbol:   method checkInterval(org.apache.commons.geometry.spherical.oned.AngularInterval,double,double)
[ERROR]   location: class org.apache.commons.geometry.spherical.oned.RegionBSPTree1STest_OE25Dev_geom_left_740_3
[ERROR] /home/tasfia/Desktop/OE25-DEV/projects_decomposed/commons-geometry/commons-geometry-spherical/src/test/java/org/apache/commons/geometry/spherical/oned/RegionBSPTree1STest_OE25Dev_geom_left_740_3.java:[494,9] cannot find symbol
[ERROR]   symbol:   method checkInterval(org.apache.commons.geometry.spherical.oned.AngularInterval,double,double)
[ERROR]   location: class org.apache.commons.geometry.spherical.oned.RegionBSPTree1STest_OE25Dev_geom_left_740_3
[ERROR] /home/tasfia/Desktop/OE25-DEV/projects_decomposed/commons-geometry/commons-geometry-spherical/src/test/java/org/apache/commons/geometry/spherical/oned/RegionBSPTree1STest_OE25Dev_geom_left_740_3.java:[531,9] cannot find symbol
[ERROR]   symbol:   method checkInterval(org.apache.commons.geometry.spherical.oned.AngularInterval,int,int)
[ERROR]   location: class org.apache.commons.geometry.spherical.oned.RegionBSPTree1STest_OE25Dev_geom_left_740_3
[ERROR] /home/tasfia/Desktop/OE25-DEV/projects_decomposed/commons-geometry/commons-geometry-spherical/src/test/java/org/apache/commons/geometry/spherical/oned/RegionBSPTree1STest_OE25Dev_geom_left_740_3.java:[552,9] cannot find symbol
[ERROR]   symbol:   method checkInterval(org.apache.commons.geometry.spherical.oned.AngularInterval,int,int)
[ERROR]   location: class org.apache.commons.geometry.spherical.oned.RegionBSPTree1STest_OE25Dev_geom_left_740_3
[ERROR] /home/tasfia/Desktop/OE25-DEV/projects_decomposed/commons-geometry/commons-geometry-spherical/src/test/java/org/apache/commons/geometry/spherical/oned/RegionBSPTree1STest_OE25Dev_geom_left_740_3.java:[579,9] cannot find symbol
[ERROR]   symbol:   method checkInterval(org.apache.commons.geometry.spherical.oned.AngularInterval,int,double)
[ERROR]   location: class org.apache.commons.geometry.spherical.oned.RegionBSPTree1STest_OE25Dev_geom_left_740_3
[ERROR] /home/tasfia/Desktop/OE25-DEV/projects_decomposed/commons-geometry/commons-geometry-spherical/src/test/java/org/apache/commons/geometry/spherical/oned/RegionBSPTree1STest_OE25Dev_geom_left_740_3.java:[580,9] cannot find symbol
[ERROR]   symbol:   method checkInterval(org.apache.commons.geometry.spherical.oned.AngularInterval,int,double)
[ERROR]   location: class org.apache.commons.geometry.spherical.oned.RegionBSPTree1STest_OE25Dev_geom_left_740_3
[ERROR] /home/tasfia/Desktop/OE25-DEV/projects_decomposed/commons-geometry/commons-geometry-spherical/src/test/java/org/apache/commons/geometry/spherical/oned/RegionBSPTree1STest_OE25Dev_geom_left_740_3.java:[604,9] cannot find symbol
[ERROR]   symbol:   method checkInterval(org.apache.commons.geometry.spherical.oned.AngularInterval,int,double)
[ERROR]   location: class org.apache.commons.geometry.spherical.oned.RegionBSPTree1STest_OE25Dev_geom_left_740_3
[ERROR] /home/tasfia/Desktop/OE25-DEV/projects_decomposed/commons-geometry/commons-geometry-spherical/src/test/java/org/apache/commons/geometry/spherical/oned/RegionBSPTree1STest_OE25Dev_geom_left_740_3.java:[605,9] cannot find symbol
[ERROR]   symbol:   method checkInterval(org.apache.commons.geometry.spherical.oned.AngularInterval,int,double)
[ERROR]   location: class org.apache.commons.geometry.spherical.oned.RegionBSPTree1STest_OE25Dev_geom_left_740_3
[ERROR] /home/tasfia/Desktop/OE25-DEV/projects_decomposed/commons-geometry/commons-geometry-spherical/src/test/java/org/apache/commons/geometry/spherical/oned/RegionBSPTree1STest_OE25Dev_geom_left_740_3.java:[626,9] cannot find symbol
[ERROR]   symbol:   method checkInterval(org.apache.commons.geometry.spherical.oned.AngularInterval,int,double)
[ERROR]   location: class org.apache.commons.geometry.spherical.oned.RegionBSPTree1STest_OE25Dev_geom_left_740_3
[ERROR] /home/tasfia/Desktop/OE25-DEV/projects_decomposed/commons-geometry/commons-geometry-spherical/src/test/java/org/apache/commons/geometry/spherical/oned/RegionBSPTree1STest_OE25Dev_geom_left_740_3.java:[627,9] cannot find symbol
[ERROR]   symbol:   method checkInterval(org.apache.commons.geometry.spherical.oned.AngularInterval,int,double)
[ERROR]   location: class org.apache.commons.geometry.spherical.oned.RegionBSPTree1STest_OE25Dev_geom_left_740_3
[ERROR] /home/tasfia/Desktop/OE25-DEV/projects_decomposed/commons-geometry/commons-geometry-spherical/src/test/java/org/apache/commons/geometry/spherical/oned/RegionBSPTree1STest_OE25Dev_geom_left_740_3.java:[632,9] cannot find symbol
[ERROR]   symbol:   method checkInterval(org.apache.commons.geometry.spherical.oned.AngularInterval,double,int)
[ERROR]   location: class org.apache.commons.geometry.spherical.oned.RegionBSPTree1STest_OE25Dev_geom_left_740_3
[ERROR] /home/tasfia/Desktop/OE25-DEV/projects_decomposed/commons-geometry/commons-geometry-spherical/src/test/java/org/apache/commons/geometry/spherical/oned/RegionBSPTree1STest_OE25Dev_geom_left_740_3.java:[653,9] cannot find symbol
[ERROR]   symbol:   method checkInterval(org.apache.commons.geometry.spherical.oned.AngularInterval,double,int)
[ERROR]   location: class org.apache.commons.geometry.spherical.oned.RegionBSPTree1STest_OE25Dev_geom_left_740_3
[ERROR] /home/tasfia/Desktop/OE25-DEV/projects_decomposed/commons-geometry/commons-geometry-spherical/src/test/java/org/apache/commons/geometry/spherical/oned/RegionBSPTree1STest_OE25Dev_geom_left_740_3.java:[658,9] cannot find symbol
[ERROR]   symbol:   method checkInterval(org.apache.commons.geometry.spherical.oned.AngularInterval,int,double)
[ERROR]   location: class org.apache.commons.geometry.spherical.oned.RegionBSPTree1STest_OE25Dev_geom_left_740_3
[ERROR] /home/tasfia/Desktop/OE25-DEV/projects_decomposed/commons-geometry/commons-geometry-spherical/src/test/java/org/apache/commons/geometry/spherical/oned/RegionBSPTree1STest_OE25Dev_geom_left_740_3.java:[659,9] cannot find symbol
[ERROR]   symbol:   method checkInterval(org.apache.commons.geometry.spherical.oned.AngularInterval,int,double)
[ERROR]   location: class org.apache.commons.geometry.spherical.oned.RegionBSPTree1STest_OE25Dev_geom_left_740_3
[ERROR] /home/tasfia/Desktop/OE25-DEV/projects_decomposed/commons-geometry/commons-geometry-spherical/src/test/java/org/apache/commons/geometry/spherical/oned/RegionBSPTree1STest_OE25Dev_geom_left_740_3.java:[762,9] cannot find symbol
[ERROR]   symbol:   method checkInterval(org.apache.commons.geometry.spherical.oned.AngularInterval,double,double)
[ERROR]   location: class org.apache.commons.geometry.spherical.oned.RegionBSPTree1STest_OE25Dev_geom_left_740_3
[ERROR] /home/tasfia/Desktop/OE25-DEV/projects_decomposed/commons-geometry/commons-geometry-spherical/src/test/java/org/apache/commons/geometry/spherical/oned/RegionBSPTree1STest_OE25Dev_geom_left_740_3.java:[763,9] cannot find symbol
[ERROR]   symbol:   method checkInterval(org.apache.commons.geometry.spherical.oned.AngularInterval,double,double)
[ERROR]   location: class org.apache.commons.geometry.spherical.oned.RegionBSPTree1STest_OE25Dev_geom_left_740_3
[ERROR] /home/tasfia/Desktop/OE25-DEV/projects_decomposed/commons-geometry/commons-geometry-spherical/src/test/java/org/apache/commons/geometry/spherical/oned/RegionBSPTree1STest_OE25Dev_geom_left_740_3.java:[782,9] cannot find symbol
[ERROR]   symbol:   method checkInterval(org.apache.commons.geometry.spherical.oned.AngularInterval,double,double)
[ERROR]   location: class org.apache.commons.geometry.spherical.oned.RegionBSPTree1STest_OE25Dev_geom_left_740_3
[ERROR] /home/tasfia/Desktop/OE25-DEV/projects_decomposed/commons-geometry/commons-geometry-spherical/src/test/java/org/apache/commons/geometry/spherical/oned/RegionBSPTree1STest_OE25Dev_geom_left_740_3.java:[783,9] cannot find symbol
[ERROR]   symbol:   method checkInterval(org.apache.commons.geometry.spherical.oned.AngularInterval,double,double)
[ERROR]   location: class org.apache.commons.geometry.spherical.oned.RegionBSPTree1STest_OE25Dev_geom_left_740_3
[ERROR] /home/tasfia/Desktop/OE25-DEV/projects_decomposed/commons-geometry/commons-geometry-spherical/src/test/java/org/apache/commons/geometry/spherical/oned/RegionBSPTree1STest_OE25Dev_geom_left_740_3.java:[901,9] cannot find symbol
[ERROR]   symbol:   method checkInterval(org.apache.commons.geometry.spherical.oned.AngularInterval,double,double)
[ERROR]   location: class org.apache.commons.geometry.spherical.oned.RegionBSPTree1STest_OE25Dev_geom_left_740_3
[ERROR] -> [Help 1]
[ERROR] 
[ERROR] To see the full stack trace of the errors, re-run Maven with the -e switch.
[ERROR] Re-run Maven using the -X switch to enable full debug logging.
[ERROR] 
[ERROR] For more information about the errors and possible solutions, please read the following articles:
[ERROR] [Help 1] http://cwiki.apache.org/confluence/display/MAVEN/MojoFailureException
