[ERROR] COMPILATION ERROR : 
[ERROR] /home/tasfia/Desktop/OE25-DEV/projects_decomposed/commons-geometry/commons-geometry-core/src/test/java/org/apache/commons/geometry/core/partitioning/AbstractConvexHyperplaneBoundedRegionTest_OE25Dev_geom_left_821_1.java:[89,9] cannot find symbol
  symbol:   method checkClassify(org.apache.commons.geometry.core.partitioning.AbstractConvexHyperplaneBoundedRegionTest_OE25Dev_geom_left_821_1.StubRegion,org.apache.commons.geometry.core.RegionLocation,org.apache.commons.geometry.core.partitioning.test.TestPoint2D,org.apache.commons.geometry.core.partitioning.test.TestPoint2D,org.apache.commons.geometry.core.partitioning.test.TestPoint2D,org.apache.commons.geometry.core.partitioning.test.TestPoint2D)
  location: class org.apache.commons.geometry.core.partitioning.AbstractConvexHyperplaneBoundedRegionTest_OE25Dev_geom_left_821_1
[ERROR] /home/tasfia/Desktop/OE25-DEV/projects_decomposed/commons-geometry/commons-geometry-core/src/test/java/org/apache/commons/geometry/core/partitioning/AbstractConvexHyperplaneBoundedRegionTest_OE25Dev_geom_left_821_1.java:[91,9] cannot find symbol
  symbol:   method checkClassify(org.apache.commons.geometry.core.partitioning.AbstractConvexHyperplaneBoundedRegionTest_OE25Dev_geom_left_821_1.StubRegion,org.apache.commons.geometry.core.RegionLocation,org.apache.commons.geometry.core.partitioning.test.TestPoint2D)
  location: class org.apache.commons.geometry.core.partitioning.AbstractConvexHyperplaneBoundedRegionTest_OE25Dev_geom_left_821_1
[ERROR] /home/tasfia/Desktop/OE25-DEV/projects_decomposed/commons-geometry/commons-geometry-core/src/test/java/org/apache/commons/geometry/core/partitioning/AbstractConvexHyperplaneBoundedRegionTest_OE25Dev_geom_left_821_1.java:[92,9] cannot find symbol
  symbol:   method checkClassify(org.apache.commons.geometry.core.partitioning.AbstractConvexHyperplaneBoundedRegionTest_OE25Dev_geom_left_821_1.StubRegion,org.apache.commons.geometry.core.RegionLocation,org.apache.commons.geometry.core.partitioning.test.TestPoint2D)
  location: class org.apache.commons.geometry.core.partitioning.AbstractConvexHyperplaneBoundedRegionTest_OE25Dev_geom_left_821_1
[ERROR] /home/tasfia/Desktop/OE25-DEV/projects_decomposed/commons-geometry/commons-geometry-core/src/test/java/org/apache/commons/geometry/core/partitioning/AbstractConvexHyperplaneBoundedRegionTest_OE25Dev_geom_left_821_1.java:[93,9] cannot find symbol
  symbol:   method checkClassify(org.apache.commons.geometry.core.partitioning.AbstractConvexHyperplaneBoundedRegionTest_OE25Dev_geom_left_821_1.StubRegion,org.apache.commons.geometry.core.RegionLocation,org.apache.commons.geometry.core.partitioning.test.TestPoint2D,org.apache.commons.geometry.core.partitioning.test.TestPoint2D,org.apache.commons.geometry.core.partitioning.test.TestPoint2D)
  location: class org.apache.commons.geometry.core.partitioning.AbstractConvexHyperplaneBoundedRegionTest_OE25Dev_geom_left_821_1
[ERROR] /home/tasfia/Desktop/OE25-DEV/projects_decomposed/commons-geometry/commons-geometry-core/src/test/java/org/apache/commons/geometry/core/partitioning/AbstractConvexHyperplaneBoundedRegionTest_OE25Dev_geom_left_821_1.java:[96,9] cannot find symbol
  symbol:   method checkClassify(org.apache.commons.geometry.core.partitioning.AbstractConvexHyperplaneBoundedRegionTest_OE25Dev_geom_left_821_1.StubRegion,org.apache.commons.geometry.core.RegionLocation,org.apache.commons.geometry.core.partitioning.test.TestPoint2D)
  location: class org.apache.commons.geometry.core.partitioning.AbstractConvexHyperplaneBoundedRegionTest_OE25Dev_geom_left_821_1
[ERROR] /home/tasfia/Desktop/OE25-DEV/projects_decomposed/commons-geometry/commons-geometry-core/src/test/java/org/apache/commons/geometry/core/partitioning/AbstractConvexHyperplaneBoundedRegionTest_OE25Dev_geom_left_821_1.java:[97,9] cannot find symbol
  symbol:   method checkClassify(org.apache.commons.geometry.core.partitioning.AbstractConvexHyperplaneBoundedRegionTest_OE25Dev_geom_left_821_1.StubRegion,org.apache.commons.geometry.core.RegionLocation,org.apache.commons.geometry.core.partitioning.test.TestPoint2D,org.apache.commons.geometry.core.partitioning.test.TestPoint2D,org.apache.commons.geometry.core.partitioning.test.TestPoint2D)
  location: class org.apache.commons.geometry.core.partitioning.AbstractConvexHyperplaneBoundedRegionTest_OE25Dev_geom_left_821_1
[ERROR] /home/tasfia/Desktop/OE25-DEV/projects_decomposed/commons-geometry/commons-geometry-core/src/test/java/org/apache/commons/geometry/core/partitioning/AbstractConvexHyperplaneBoundedRegionTest_OE25Dev_geom_left_821_1.java:[98,9] cannot find symbol
  symbol:   method checkClassify(org.apache.commons.geometry.core.partitioning.AbstractConvexHyperplaneBoundedRegionTest_OE25Dev_geom_left_821_1.StubRegion,org.apache.commons.geometry.core.RegionLocation,org.apache.commons.geometry.core.partitioning.test.TestPoint2D,org.apache.commons.geometry.core.partitioning.test.TestPoint2D,org.apache.commons.geometry.core.partitioning.test.TestPoint2D)
  location: class org.apache.commons.geometry.core.partitioning.AbstractConvexHyperplaneBoundedRegionTest_OE25Dev_geom_left_821_1
[ERROR] /home/tasfia/Desktop/OE25-DEV/projects_decomposed/commons-geometry/commons-geometry-core/src/test/java/org/apache/commons/geometry/core/partitioning/AbstractConvexHyperplaneBoundedRegionTest_OE25Dev_geom_left_821_1.java:[175,9] cannot find symbol
  symbol:   method checkClassify(org.apache.commons.geometry.core.partitioning.AbstractConvexHyperplaneBoundedRegionTest_OE25Dev_geom_left_821_1.StubRegion,org.apache.commons.geometry.core.RegionLocation,org.apache.commons.geometry.core.partitioning.test.TestPoint2D)
  location: class org.apache.commons.geometry.core.partitioning.AbstractConvexHyperplaneBoundedRegionTest_OE25Dev_geom_left_821_1
[ERROR] /home/tasfia/Desktop/OE25-DEV/projects_decomposed/commons-geometry/commons-geometry-core/src/test/java/org/apache/commons/geometry/core/partitioning/AbstractConvexHyperplaneBoundedRegionTest_OE25Dev_geom_left_821_1.java:[176,9] cannot find symbol
  symbol:   method checkClassify(org.apache.commons.geometry.core.partitioning.AbstractConvexHyperplaneBoundedRegionTest_OE25Dev_geom_left_821_1.StubRegion,org.apache.commons.geometry.core.RegionLocation,org.apache.commons.geometry.core.partitioning.test.TestPoint2D)
  location: class org.apache.commons.geometry.core.partitioning.AbstractConvexHyperplaneBoundedRegionTest_OE25Dev_geom_left_821_1
[ERROR] /home/tasfia/Desktop/OE25-DEV/projects_decomposed/commons-geometry/commons-geometry-core/src/test/java/org/apache/commons/geometry/core/partitioning/AbstractConvexHyperplaneBoundedRegionTest_OE25Dev_geom_left_821_1.java:[177,9] cannot find symbol
  symbol:   method checkClassify(org.apache.commons.geometry.core.partitioning.AbstractConvexHyperplaneBoundedRegionTest_OE25Dev_geom_left_821_1.StubRegion,org.apache.commons.geometry.core.RegionLocation,org.apache.commons.geometry.core.partitioning.test.TestPoint2D)
  location: class org.apache.commons.geometry.core.partitioning.AbstractConvexHyperplaneBoundedRegionTest_OE25Dev_geom_left_821_1
[ERROR] /home/tasfia/Desktop/OE25-DEV/projects_decomposed/commons-geometry/commons-geometry-core/src/test/java/org/apache/commons/geometry/core/partitioning/AbstractConvexHyperplaneBoundedRegionTest_OE25Dev_geom_left_821_1.java:[181,9] cannot find symbol
  symbol:   method checkClassify(org.apache.commons.geometry.core.partitioning.AbstractConvexHyperplaneBoundedRegionTest_OE25Dev_geom_left_821_1.StubRegion,org.apache.commons.geometry.core.RegionLocation,org.apache.commons.geometry.core.partitioning.test.TestPoint2D)
  location: class org.apache.commons.geometry.core.partitioning.AbstractConvexHyperplaneBoundedRegionTest_OE25Dev_geom_left_821_1
[ERROR] /home/tasfia/Desktop/OE25-DEV/projects_decomposed/commons-geometry/commons-geometry-core/src/test/java/org/apache/commons/geometry/core/partitioning/AbstractConvexHyperplaneBoundedRegionTest_OE25Dev_geom_left_821_1.java:[182,9] cannot find symbol
  symbol:   method checkClassify(org.apache.commons.geometry.core.partitioning.AbstractConvexHyperplaneBoundedRegionTest_OE25Dev_geom_left_821_1.StubRegion,org.apache.commons.geometry.core.RegionLocation,org.apache.commons.geometry.core.partitioning.test.TestPoint2D)
  location: class org.apache.commons.geometry.core.partitioning.AbstractConvexHyperplaneBoundedRegionTest_OE25Dev_geom_left_821_1
[ERROR] /home/tasfia/Desktop/OE25-DEV/projects_decomposed/commons-geometry/commons-geometry-core/src/test/java/org/apache/commons/geometry/core/partitioning/AbstractConvexHyperplaneBoundedRegionTest_OE25Dev_geom_left_821_1.java:[183,9] cannot find symbol
  symbol:   method checkClassify(org.apache.commons.geometry.core.partitioning.AbstractConvexHyperplaneBoundedRegionTest_OE25Dev_geom_left_821_1.StubRegion,org.apache.commons.geometry.core.RegionLocation,org.apache.commons.geometry.core.partitioning.test.TestPoint2D)
  location: class org.apache.commons.geometry.core.partitioning.AbstractConvexHyperplaneBoundedRegionTest_OE25Dev_geom_left_821_1
[ERROR] /home/tasfia/Desktop/OE25-DEV/projects_decomposed/commons-geometry/commons-geometry-core/src/test/java/org/apache/commons/geometry/core/partitioning/AbstractConvexHyperplaneBoundedRegionTest_OE25Dev_geom_left_821_1.java:[242,9] cannot find symbol
  symbol:   method checkClassify(org.apache.commons.geometry.core.partitioning.AbstractConvexHyperplaneBoundedRegionTest_OE25Dev_geom_left_821_1.StubRegion,org.apache.commons.geometry.core.RegionLocation,org.apache.commons.geometry.core.partitioning.test.TestPoint2D)
  location: class org.apache.commons.geometry.core.partitioning.AbstractConvexHyperplaneBoundedRegionTest_OE25Dev_geom_left_821_1
[ERROR] /home/tasfia/Desktop/OE25-DEV/projects_decomposed/commons-geometry/commons-geometry-core/src/test/java/org/apache/commons/geometry/core/partitioning/AbstractConvexHyperplaneBoundedRegionTest_OE25Dev_geom_left_821_1.java:[243,9] cannot find symbol
  symbol:   method checkClassify(org.apache.commons.geometry.core.partitioning.AbstractConvexHyperplaneBoundedRegionTest_OE25Dev_geom_left_821_1.StubRegion,org.apache.commons.geometry.core.RegionLocation,org.apache.commons.geometry.core.partitioning.test.TestPoint2D,org.apache.commons.geometry.core.partitioning.test.TestPoint2D)
  location: class org.apache.commons.geometry.core.partitioning.AbstractConvexHyperplaneBoundedRegionTest_OE25Dev_geom_left_821_1
[ERROR] /home/tasfia/Desktop/OE25-DEV/projects_decomposed/commons-geometry/commons-geometry-core/src/test/java/org/apache/commons/geometry/core/partitioning/AbstractConvexHyperplaneBoundedRegionTest_OE25Dev_geom_left_821_1.java:[247,9] cannot find symbol
  symbol:   method checkClassify(org.apache.commons.geometry.core.partitioning.AbstractConvexHyperplaneBoundedRegionTest_OE25Dev_geom_left_821_1.StubRegion,org.apache.commons.geometry.core.RegionLocation,org.apache.commons.geometry.core.partitioning.test.TestPoint2D)
  location: class org.apache.commons.geometry.core.partitioning.AbstractConvexHyperplaneBoundedRegionTest_OE25Dev_geom_left_821_1
[ERROR] /home/tasfia/Desktop/OE25-DEV/projects_decomposed/commons-geometry/commons-geometry-core/src/test/java/org/apache/commons/geometry/core/partitioning/AbstractConvexHyperplaneBoundedRegionTest_OE25Dev_geom_left_821_1.java:[248,9] cannot find symbol
  symbol:   method checkClassify(org.apache.commons.geometry.core.partitioning.AbstractConvexHyperplaneBoundedRegionTest_OE25Dev_geom_left_821_1.StubRegion,org.apache.commons.geometry.core.RegionLocation,org.apache.commons.geometry.core.partitioning.test.TestPoint2D,org.apache.commons.geometry.core.partitioning.test.TestPoint2D)
  location: class org.apache.commons.geometry.core.partitioning.AbstractConvexHyperplaneBoundedRegionTest_OE25Dev_geom_left_821_1
[ERROR] /home/tasfia/Desktop/OE25-DEV/projects_decomposed/commons-geometry/commons-geometry-core/src/test/java/org/apache/commons/geometry/core/partitioning/AbstractConvexHyperplaneBoundedRegionTest_OE25Dev_geom_left_821_1.java:[310,9] cannot find symbol
  symbol:   method checkClassify(org.apache.commons.geometry.core.partitioning.AbstractConvexHyperplaneBoundedRegionTest_OE25Dev_geom_left_821_1.StubRegion,org.apache.commons.geometry.core.RegionLocation,org.apache.commons.geometry.core.partitioning.test.TestPoint2D)
  location: class org.apache.commons.geometry.core.partitioning.AbstractConvexHyperplaneBoundedRegionTest_OE25Dev_geom_left_821_1
[ERROR] /home/tasfia/Desktop/OE25-DEV/projects_decomposed/commons-geometry/commons-geometry-core/src/test/java/org/apache/commons/geometry/core/partitioning/AbstractConvexHyperplaneBoundedRegionTest_OE25Dev_geom_left_821_1.java:[311,9] cannot find symbol
  symbol:   method checkClassify(org.apache.commons.geometry.core.partitioning.AbstractConvexHyperplaneBoundedRegionTest_OE25Dev_geom_left_821_1.StubRegion,org.apache.commons.geometry.core.RegionLocation,org.apache.commons.geometry.core.partitioning.test.TestPoint2D)
  location: class org.apache.commons.geometry.core.partitioning.AbstractConvexHyperplaneBoundedRegionTest_OE25Dev_geom_left_821_1
[ERROR] /home/tasfia/Desktop/OE25-DEV/projects_decomposed/commons-geometry/commons-geometry-core/src/test/java/org/apache/commons/geometry/core/partitioning/AbstractConvexHyperplaneBoundedRegionTest_OE25Dev_geom_left_821_1.java:[312,9] cannot find symbol
  symbol:   method checkClassify(org.apache.commons.geometry.core.partitioning.AbstractConvexHyperplaneBoundedRegionTest_OE25Dev_geom_left_821_1.StubRegion,org.apache.commons.geometry.core.RegionLocation,org.apache.commons.geometry.core.partitioning.test.TestPoint2D)
  location: class org.apache.commons.geometry.core.partitioning.AbstractConvexHyperplaneBoundedRegionTest_OE25Dev_geom_left_821_1
[ERROR] /home/tasfia/Desktop/OE25-DEV/projects_decomposed/commons-geometry/commons-geometry-core/src/test/java/org/apache/commons/geometry/core/partitioning/AbstractConvexHyperplaneBoundedRegionTest_OE25Dev_geom_left_821_1.java:[316,9] cannot find symbol
  symbol:   method checkClassify(org.apache.commons.geometry.core.partitioning.AbstractConvexHyperplaneBoundedRegionTest_OE25Dev_geom_left_821_1.StubRegion,org.apache.commons.geometry.core.RegionLocation,org.apache.commons.geometry.core.partitioning.test.TestPoint2D)
  location: class org.apache.commons.geometry.core.partitioning.AbstractConvexHyperplaneBoundedRegionTest_OE25Dev_geom_left_821_1
[ERROR] /home/tasfia/Desktop/OE25-DEV/projects_decomposed/commons-geometry/commons-geometry-core/src/test/java/org/apache/commons/geometry/core/partitioning/AbstractConvexHyperplaneBoundedRegionTest_OE25Dev_geom_left_821_1.java:[317,9] cannot find symbol
  symbol:   method checkClassify(org.apache.commons.geometry.core.partitioning.AbstractConvexHyperplaneBoundedRegionTest_OE25Dev_geom_left_821_1.StubRegion,org.apache.commons.geometry.core.RegionLocation,org.apache.commons.geometry.core.partitioning.test.TestPoint2D)
  location: class org.apache.commons.geometry.core.partitioning.AbstractConvexHyperplaneBoundedRegionTest_OE25Dev_geom_left_821_1
[ERROR] /home/tasfia/Desktop/OE25-DEV/projects_decomposed/commons-geometry/commons-geometry-core/src/test/java/org/apache/commons/geometry/core/partitioning/AbstractConvexHyperplaneBoundedRegionTest_OE25Dev_geom_left_821_1.java:[318,9] cannot find symbol
  symbol:   method checkClassify(org.apache.commons.geometry.core.partitioning.AbstractConvexHyperplaneBoundedRegionTest_OE25Dev_geom_left_821_1.StubRegion,org.apache.commons.geometry.core.RegionLocation,org.apache.commons.geometry.core.partitioning.test.TestPoint2D)
  location: class org.apache.commons.geometry.core.partitioning.AbstractConvexHyperplaneBoundedRegionTest_OE25Dev_geom_left_821_1
[ERROR] /home/tasfia/Desktop/OE25-DEV/projects_decomposed/commons-geometry/commons-geometry-core/src/test/java/org/apache/commons/geometry/core/partitioning/AbstractConvexHyperplaneBoundedRegionTest_OE25Dev_geom_left_821_1.java:[584,9] cannot find symbol
  symbol:   method checkClassify(org.apache.commons.geometry.core.partitioning.AbstractConvexHyperplaneBoundedRegionTest_OE25Dev_geom_left_821_1.StubRegion,org.apache.commons.geometry.core.RegionLocation,org.apache.commons.geometry.core.partitioning.test.TestPoint2D)
  location: class org.apache.commons.geometry.core.partitioning.AbstractConvexHyperplaneBoundedRegionTest_OE25Dev_geom_left_821_1
[ERROR] /home/tasfia/Desktop/OE25-DEV/projects_decomposed/commons-geometry/commons-geometry-core/src/test/java/org/apache/commons/geometry/core/partitioning/AbstractConvexHyperplaneBoundedRegionTest_OE25Dev_geom_left_821_1.java:[585,9] cannot find symbol
  symbol:   method checkClassify(org.apache.commons.geometry.core.partitioning.AbstractConvexHyperplaneBoundedRegionTest_OE25Dev_geom_left_821_1.StubRegion,org.apache.commons.geometry.core.RegionLocation,org.apache.commons.geometry.core.partitioning.test.TestPoint2D)
  location: class org.apache.commons.geometry.core.partitioning.AbstractConvexHyperplaneBoundedRegionTest_OE25Dev_geom_left_821_1
[ERROR] /home/tasfia/Desktop/OE25-DEV/projects_decomposed/commons-geometry/commons-geometry-core/src/test/java/org/apache/commons/geometry/core/partitioning/AbstractConvexHyperplaneBoundedRegionTest_OE25Dev_geom_left_821_1.java:[586,9] cannot find symbol
  symbol:   method checkClassify(org.apache.commons.geometry.core.partitioning.AbstractConvexHyperplaneBoundedRegionTest_OE25Dev_geom_left_821_1.StubRegion,org.apache.commons.geometry.core.RegionLocation,org.apache.commons.geometry.core.partitioning.test.TestPoint2D)
  location: class org.apache.commons.geometry.core.partitioning.AbstractConvexHyperplaneBoundedRegionTest_OE25Dev_geom_left_821_1
[ERROR] /home/tasfia/Desktop/OE25-DEV/projects_decomposed/commons-geometry/commons-geometry-core/src/test/java/org/apache/commons/geometry/core/partitioning/AbstractConvexHyperplaneBoundedRegionTest_OE25Dev_geom_left_821_1.java:[601,9] cannot find symbol
  symbol:   method checkClassify(org.apache.commons.geometry.core.partitioning.AbstractConvexHyperplaneBoundedRegionTest_OE25Dev_geom_left_821_1.StubRegion,org.apache.commons.geometry.core.RegionLocation,org.apache.commons.geometry.core.partitioning.test.TestPoint2D)
  location: class org.apache.commons.geometry.core.partitioning.AbstractConvexHyperplaneBoundedRegionTest_OE25Dev_geom_left_821_1
[ERROR] /home/tasfia/Desktop/OE25-DEV/projects_decomposed/commons-geometry/commons-geometry-core/src/test/java/org/apache/commons/geometry/core/partitioning/AbstractConvexHyperplaneBoundedRegionTest_OE25Dev_geom_left_821_1.java:[603,9] cannot find symbol
  symbol:   method checkClassify(org.apache.commons.geometry.core.partitioning.AbstractConvexHyperplaneBoundedRegionTest_OE25Dev_geom_left_821_1.StubRegion,org.apache.commons.geometry.core.RegionLocation,org.apache.commons.geometry.core.partitioning.test.TestPoint2D,org.apache.commons.geometry.core.partitioning.test.TestPoint2D,org.apache.commons.geometry.core.partitioning.test.TestPoint2D,org.apache.commons.geometry.core.partitioning.test.TestPoint2D)
  location: class org.apache.commons.geometry.core.partitioning.AbstractConvexHyperplaneBoundedRegionTest_OE25Dev_geom_left_821_1
[ERROR] /home/tasfia/Desktop/OE25-DEV/projects_decomposed/commons-geometry/commons-geometry-core/src/test/java/org/apache/commons/geometry/core/partitioning/AbstractConvexHyperplaneBoundedRegionTest_OE25Dev_geom_left_821_1.java:[606,9] cannot find symbol
  symbol:   method checkClassify(org.apache.commons.geometry.core.partitioning.AbstractConvexHyperplaneBoundedRegionTest_OE25Dev_geom_left_821_1.StubRegion,org.apache.commons.geometry.core.RegionLocation,org.apache.commons.geometry.core.partitioning.test.TestPoint2D,org.apache.commons.geometry.core.partitioning.test.TestPoint2D,org.apache.commons.geometry.core.partitioning.test.TestPoint2D,org.apache.commons.geometry.core.partitioning.test.TestPoint2D)
  location: class org.apache.commons.geometry.core.partitioning.AbstractConvexHyperplaneBoundedRegionTest_OE25Dev_geom_left_821_1
[ERROR] /home/tasfia/Desktop/OE25-DEV/projects_decomposed/commons-geometry/commons-geometry-core/src/test/java/org/apache/commons/geometry/core/partitioning/AbstractConvexHyperplaneBoundedRegionTest_OE25Dev_geom_left_821_1.java:[623,9] cannot find symbol
  symbol:   method checkClassify(org.apache.commons.geometry.core.partitioning.AbstractConvexHyperplaneBoundedRegionTest_OE25Dev_geom_left_821_1.StubRegion,org.apache.commons.geometry.core.RegionLocation,org.apache.commons.geometry.core.partitioning.test.TestPoint2D)
  location: class org.apache.commons.geometry.core.partitioning.AbstractConvexHyperplaneBoundedRegionTest_OE25Dev_geom_left_821_1
[ERROR] /home/tasfia/Desktop/OE25-DEV/projects_decomposed/commons-geometry/commons-geometry-core/src/test/java/org/apache/commons/geometry/core/partitioning/AbstractConvexHyperplaneBoundedRegionTest_OE25Dev_geom_left_821_1.java:[624,9] cannot find symbol
  symbol:   method checkClassify(org.apache.commons.geometry.core.partitioning.AbstractConvexHyperplaneBoundedRegionTest_OE25Dev_geom_left_821_1.StubRegion,org.apache.commons.geometry.core.RegionLocation,org.apache.commons.geometry.core.partitioning.test.TestPoint2D)
  location: class org.apache.commons.geometry.core.partitioning.AbstractConvexHyperplaneBoundedRegionTest_OE25Dev_geom_left_821_1
[ERROR] /home/tasfia/Desktop/OE25-DEV/projects_decomposed/commons-geometry/commons-geometry-core/src/test/java/org/apache/commons/geometry/core/partitioning/AbstractConvexHyperplaneBoundedRegionTest_OE25Dev_geom_left_821_1.java:[625,9] cannot find symbol
  symbol:   method checkClassify(org.apache.commons.geometry.core.partitioning.AbstractConvexHyperplaneBoundedRegionTest_OE25Dev_geom_left_821_1.StubRegion,org.apache.commons.geometry.core.RegionLocation,org.apache.commons.geometry.core.partitioning.test.TestPoint2D)
  location: class org.apache.commons.geometry.core.partitioning.AbstractConvexHyperplaneBoundedRegionTest_OE25Dev_geom_left_821_1
[ERROR] Failed to execute goal org.apache.maven.plugins:maven-compiler-plugin:3.8.1:testCompile (default-testCompile) on project commons-geometry-core: Compilation failure: Compilation failure: 
[ERROR] /home/tasfia/Desktop/OE25-DEV/projects_decomposed/commons-geometry/commons-geometry-core/src/test/java/org/apache/commons/geometry/core/partitioning/AbstractConvexHyperplaneBoundedRegionTest_OE25Dev_geom_left_821_1.java:[89,9] cannot find symbol
[ERROR]   symbol:   method checkClassify(org.apache.commons.geometry.core.partitioning.AbstractConvexHyperplaneBoundedRegionTest_OE25Dev_geom_left_821_1.StubRegion,org.apache.commons.geometry.core.RegionLocation,org.apache.commons.geometry.core.partitioning.test.TestPoint2D,org.apache.commons.geometry.core.partitioning.test.TestPoint2D,org.apache.commons.geometry.core.partitioning.test.TestPoint2D,org.apache.commons.geometry.core.partitioning.test.TestPoint2D)
[ERROR]   location: class org.apache.commons.geometry.core.partitioning.AbstractConvexHyperplaneBoundedRegionTest_OE25Dev_geom_left_821_1
[ERROR] /home/tasfia/Desktop/OE25-DEV/projects_decomposed/commons-geometry/commons-geometry-core/src/test/java/org/apache/commons/geometry/core/partitioning/AbstractConvexHyperplaneBoundedRegionTest_OE25Dev_geom_left_821_1.java:[91,9] cannot find symbol
[ERROR]   symbol:   method checkClassify(org.apache.commons.geometry.core.partitioning.AbstractConvexHyperplaneBoundedRegionTest_OE25Dev_geom_left_821_1.StubRegion,org.apache.commons.geometry.core.RegionLocation,org.apache.commons.geometry.core.partitioning.test.TestPoint2D)
[ERROR]   location: class org.apache.commons.geometry.core.partitioning.AbstractConvexHyperplaneBoundedRegionTest_OE25Dev_geom_left_821_1
[ERROR] /home/tasfia/Desktop/OE25-DEV/projects_decomposed/commons-geometry/commons-geometry-core/src/test/java/org/apache/commons/geometry/core/partitioning/AbstractConvexHyperplaneBoundedRegionTest_OE25Dev_geom_left_821_1.java:[92,9] cannot find symbol
[ERROR]   symbol:   method checkClassify(org.apache.commons.geometry.core.partitioning.AbstractConvexHyperplaneBoundedRegionTest_OE25Dev_geom_left_821_1.StubRegion,org.apache.commons.geometry.core.RegionLocation,org.apache.commons.geometry.core.partitioning.test.TestPoint2D)
[ERROR]   location: class org.apache.commons.geometry.core.partitioning.AbstractConvexHyperplaneBoundedRegionTest_OE25Dev_geom_left_821_1
[ERROR] /home/tasfia/Desktop/OE25-DEV/projects_decomposed/commons-geometry/commons-geometry-core/src/test/java/org/apache/commons/geometry/core/partitioning/AbstractConvexHyperplaneBoundedRegionTest_OE25Dev_geom_left_821_1.java:[93,9] cannot find symbol
[ERROR]   symbol:   method checkClassify(org.apache.commons.geometry.core.partitioning.AbstractConvexHyperplaneBoundedRegionTest_OE25Dev_geom_left_821_1.StubRegion,org.apache.commons.geometry.core.RegionLocation,org.apache.commons.geometry.core.partitioning.test.TestPoint2D,org.apache.commons.geometry.core.partitioning.test.TestPoint2D,org.apache.commons.geometry.core.partitioning.test.TestPoint2D)
[ERROR]   location: class org.apache.commons.geometry.core.partitioning.AbstractConvexHyperplaneBoundedRegionTest_OE25Dev_geom_left_821_1
[ERROR] /home/tasfia/Desktop/OE25-DEV/projects_decomposed/commons-geometry/commons-geometry-core/src/test/java/org/apache/commons/geometry/core/partitioning/AbstractConvexHyperplaneBoundedRegionTest_OE25Dev_geom_left_821_1.java:[96,9] cannot find symbol
[ERROR]   symbol:   method checkClassify(org.apache.commons.geometry.core.partitioning.AbstractConvexHyperplaneBoundedRegionTest_OE25Dev_geom_left_821_1.StubRegion,org.apache.commons.geometry.core.RegionLocation,org.apache.commons.geometry.core.partitioning.test.TestPoint2D)
[ERROR]   location: class org.apache.commons.geometry.core.partitioning.AbstractConvexHyperplaneBoundedRegionTest_OE25Dev_geom_left_821_1
[ERROR] /home/tasfia/Desktop/OE25-DEV/projects_decomposed/commons-geometry/commons-geometry-core/src/test/java/org/apache/commons/geometry/core/partitioning/AbstractConvexHyperplaneBoundedRegionTest_OE25Dev_geom_left_821_1.java:[97,9] cannot find symbol
[ERROR]   symbol:   method checkClassify(org.apache.commons.geometry.core.partitioning.AbstractConvexHyperplaneBoundedRegionTest_OE25Dev_geom_left_821_1.StubRegion,org.apache.commons.geometry.core.RegionLocation,org.apache.commons.geometry.core.partitioning.test.TestPoint2D,org.apache.commons.geometry.core.partitioning.test.TestPoint2D,org.apache.commons.geometry.core.partitioning.test.TestPoint2D)
[ERROR]   location: class org.apache.commons.geometry.core.partitioning.AbstractConvexHyperplaneBoundedRegionTest_OE25Dev_geom_left_821_1
[ERROR] /home/tasfia/Desktop/OE25-DEV/projects_decomposed/commons-geometry/commons-geometry-core/src/test/java/org/apache/commons/geometry/core/partitioning/AbstractConvexHyperplaneBoundedRegionTest_OE25Dev_geom_left_821_1.java:[98,9] cannot find symbol
[ERROR]   symbol:   method checkClassify(org.apache.commons.geometry.core.partitioning.AbstractConvexHyperplaneBoundedRegionTest_OE25Dev_geom_left_821_1.StubRegion,org.apache.commons.geometry.core.RegionLocation,org.apache.commons.geometry.core.partitioning.test.TestPoint2D,org.apache.commons.geometry.core.partitioning.test.TestPoint2D,org.apache.commons.geometry.core.partitioning.test.TestPoint2D)
[ERROR]   location: class org.apache.commons.geometry.core.partitioning.AbstractConvexHyperplaneBoundedRegionTest_OE25Dev_geom_left_821_1
[ERROR] /home/tasfia/Desktop/OE25-DEV/projects_decomposed/commons-geometry/commons-geometry-core/src/test/java/org/apache/commons/geometry/core/partitioning/AbstractConvexHyperplaneBoundedRegionTest_OE25Dev_geom_left_821_1.java:[175,9] cannot find symbol
[ERROR]   symbol:   method checkClassify(org.apache.commons.geometry.core.partitioning.AbstractConvexHyperplaneBoundedRegionTest_OE25Dev_geom_left_821_1.StubRegion,org.apache.commons.geometry.core.RegionLocation,org.apache.commons.geometry.core.partitioning.test.TestPoint2D)
[ERROR]   location: class org.apache.commons.geometry.core.partitioning.AbstractConvexHyperplaneBoundedRegionTest_OE25Dev_geom_left_821_1
[ERROR] /home/tasfia/Desktop/OE25-DEV/projects_decomposed/commons-geometry/commons-geometry-core/src/test/java/org/apache/commons/geometry/core/partitioning/AbstractConvexHyperplaneBoundedRegionTest_OE25Dev_geom_left_821_1.java:[176,9] cannot find symbol
[ERROR]   symbol:   method checkClassify(org.apache.commons.geometry.core.partitioning.AbstractConvexHyperplaneBoundedRegionTest_OE25Dev_geom_left_821_1.StubRegion,org.apache.commons.geometry.core.RegionLocation,org.apache.commons.geometry.core.partitioning.test.TestPoint2D)
[ERROR]   location: class org.apache.commons.geometry.core.partitioning.AbstractConvexHyperplaneBoundedRegionTest_OE25Dev_geom_left_821_1
[ERROR] /home/tasfia/Desktop/OE25-DEV/projects_decomposed/commons-geometry/commons-geometry-core/src/test/java/org/apache/commons/geometry/core/partitioning/AbstractConvexHyperplaneBoundedRegionTest_OE25Dev_geom_left_821_1.java:[177,9] cannot find symbol
[ERROR]   symbol:   method checkClassify(org.apache.commons.geometry.core.partitioning.AbstractConvexHyperplaneBoundedRegionTest_OE25Dev_geom_left_821_1.StubRegion,org.apache.commons.geometry.core.RegionLocation,org.apache.commons.geometry.core.partitioning.test.TestPoint2D)
[ERROR]   location: class org.apache.commons.geometry.core.partitioning.AbstractConvexHyperplaneBoundedRegionTest_OE25Dev_geom_left_821_1
[ERROR] /home/tasfia/Desktop/OE25-DEV/projects_decomposed/commons-geometry/commons-geometry-core/src/test/java/org/apache/commons/geometry/core/partitioning/AbstractConvexHyperplaneBoundedRegionTest_OE25Dev_geom_left_821_1.java:[181,9] cannot find symbol
[ERROR]   symbol:   method checkClassify(org.apache.commons.geometry.core.partitioning.AbstractConvexHyperplaneBoundedRegionTest_OE25Dev_geom_left_821_1.StubRegion,org.apache.commons.geometry.core.RegionLocation,org.apache.commons.geometry.core.partitioning.test.TestPoint2D)
[ERROR]   location: class org.apache.commons.geometry.core.partitioning.AbstractConvexHyperplaneBoundedRegionTest_OE25Dev_geom_left_821_1
[ERROR] /home/tasfia/Desktop/OE25-DEV/projects_decomposed/commons-geometry/commons-geometry-core/src/test/java/org/apache/commons/geometry/core/partitioning/AbstractConvexHyperplaneBoundedRegionTest_OE25Dev_geom_left_821_1.java:[182,9] cannot find symbol
[ERROR]   symbol:   method checkClassify(org.apache.commons.geometry.core.partitioning.AbstractConvexHyperplaneBoundedRegionTest_OE25Dev_geom_left_821_1.StubRegion,org.apache.commons.geometry.core.RegionLocation,org.apache.commons.geometry.core.partitioning.test.TestPoint2D)
[ERROR]   location: class org.apache.commons.geometry.core.partitioning.AbstractConvexHyperplaneBoundedRegionTest_OE25Dev_geom_left_821_1
[ERROR] /home/tasfia/Desktop/OE25-DEV/projects_decomposed/commons-geometry/commons-geometry-core/src/test/java/org/apache/commons/geometry/core/partitioning/AbstractConvexHyperplaneBoundedRegionTest_OE25Dev_geom_left_821_1.java:[183,9] cannot find symbol
[ERROR]   symbol:   method checkClassify(org.apache.commons.geometry.core.partitioning.AbstractConvexHyperplaneBoundedRegionTest_OE25Dev_geom_left_821_1.StubRegion,org.apache.commons.geometry.core.RegionLocation,org.apache.commons.geometry.core.partitioning.test.TestPoint2D)
[ERROR]   location: class org.apache.commons.geometry.core.partitioning.AbstractConvexHyperplaneBoundedRegionTest_OE25Dev_geom_left_821_1
[ERROR] /home/tasfia/Desktop/OE25-DEV/projects_decomposed/commons-geometry/commons-geometry-core/src/test/java/org/apache/commons/geometry/core/partitioning/AbstractConvexHyperplaneBoundedRegionTest_OE25Dev_geom_left_821_1.java:[242,9] cannot find symbol
[ERROR]   symbol:   method checkClassify(org.apache.commons.geometry.core.partitioning.AbstractConvexHyperplaneBoundedRegionTest_OE25Dev_geom_left_821_1.StubRegion,org.apache.commons.geometry.core.RegionLocation,org.apache.commons.geometry.core.partitioning.test.TestPoint2D)
[ERROR]   location: class org.apache.commons.geometry.core.partitioning.AbstractConvexHyperplaneBoundedRegionTest_OE25Dev_geom_left_821_1
[ERROR] /home/tasfia/Desktop/OE25-DEV/projects_decomposed/commons-geometry/commons-geometry-core/src/test/java/org/apache/commons/geometry/core/partitioning/AbstractConvexHyperplaneBoundedRegionTest_OE25Dev_geom_left_821_1.java:[243,9] cannot find symbol
[ERROR]   symbol:   method checkClassify(org.apache.commons.geometry.core.partitioning.AbstractConvexHyperplaneBoundedRegionTest_OE25Dev_geom_left_821_1.StubRegion,org.apache.commons.geometry.core.RegionLocation,org.apache.commons.geometry.core.partitioning.test.TestPoint2D,org.apache.commons.geometry.core.partitioning.test.TestPoint2D)
[ERROR]   location: class org.apache.commons.geometry.core.partitioning.AbstractConvexHyperplaneBoundedRegionTest_OE25Dev_geom_left_821_1
[ERROR] /home/tasfia/Desktop/OE25-DEV/projects_decomposed/commons-geometry/commons-geometry-core/src/test/java/org/apache/commons/geometry/core/partitioning/AbstractConvexHyperplaneBoundedRegionTest_OE25Dev_geom_left_821_1.java:[247,9] cannot find symbol
[ERROR]   symbol:   method checkClassify(org.apache.commons.geometry.core.partitioning.AbstractConvexHyperplaneBoundedRegionTest_OE25Dev_geom_left_821_1.StubRegion,org.apache.commons.geometry.core.RegionLocation,org.apache.commons.geometry.core.partitioning.test.TestPoint2D)
[ERROR]   location: class org.apache.commons.geometry.core.partitioning.AbstractConvexHyperplaneBoundedRegionTest_OE25Dev_geom_left_821_1
[ERROR] /home/tasfia/Desktop/OE25-DEV/projects_decomposed/commons-geometry/commons-geometry-core/src/test/java/org/apache/commons/geometry/core/partitioning/AbstractConvexHyperplaneBoundedRegionTest_OE25Dev_geom_left_821_1.java:[248,9] cannot find symbol
[ERROR]   symbol:   method checkClassify(org.apache.commons.geometry.core.partitioning.AbstractConvexHyperplaneBoundedRegionTest_OE25Dev_geom_left_821_1.StubRegion,org.apache.commons.geometry.core.RegionLocation,org.apache.commons.geometry.core.partitioning.test.TestPoint2D,org.apache.commons.geometry.core.partitioning.test.TestPoint2D)
[ERROR]   location: class org.apache.commons.geometry.core.partitioning.AbstractConvexHyperplaneBoundedRegionTest_OE25Dev_geom_left_821_1
[ERROR] /home/tasfia/Desktop/OE25-DEV/projects_decomposed/commons-geometry/commons-geometry-core/src/test/java/org/apache/commons/geometry/core/partitioning/AbstractConvexHyperplaneBoundedRegionTest_OE25Dev_geom_left_821_1.java:[310,9] cannot find symbol
[ERROR]   symbol:   method checkClassify(org.apache.commons.geometry.core.partitioning.AbstractConvexHyperplaneBoundedRegionTest_OE25Dev_geom_left_821_1.StubRegion,org.apache.commons.geometry.core.RegionLocation,org.apache.commons.geometry.core.partitioning.test.TestPoint2D)
[ERROR]   location: class org.apache.commons.geometry.core.partitioning.AbstractConvexHyperplaneBoundedRegionTest_OE25Dev_geom_left_821_1
[ERROR] /home/tasfia/Desktop/OE25-DEV/projects_decomposed/commons-geometry/commons-geometry-core/src/test/java/org/apache/commons/geometry/core/partitioning/AbstractConvexHyperplaneBoundedRegionTest_OE25Dev_geom_left_821_1.java:[311,9] cannot find symbol
[ERROR]   symbol:   method checkClassify(org.apache.commons.geometry.core.partitioning.AbstractConvexHyperplaneBoundedRegionTest_OE25Dev_geom_left_821_1.StubRegion,org.apache.commons.geometry.core.RegionLocation,org.apache.commons.geometry.core.partitioning.test.TestPoint2D)
[ERROR]   location: class org.apache.commons.geometry.core.partitioning.AbstractConvexHyperplaneBoundedRegionTest_OE25Dev_geom_left_821_1
[ERROR] /home/tasfia/Desktop/OE25-DEV/projects_decomposed/commons-geometry/commons-geometry-core/src/test/java/org/apache/commons/geometry/core/partitioning/AbstractConvexHyperplaneBoundedRegionTest_OE25Dev_geom_left_821_1.java:[312,9] cannot find symbol
[ERROR]   symbol:   method checkClassify(org.apache.commons.geometry.core.partitioning.AbstractConvexHyperplaneBoundedRegionTest_OE25Dev_geom_left_821_1.StubRegion,org.apache.commons.geometry.core.RegionLocation,org.apache.commons.geometry.core.partitioning.test.TestPoint2D)
[ERROR]   location: class org.apache.commons.geometry.core.partitioning.AbstractConvexHyperplaneBoundedRegionTest_OE25Dev_geom_left_821_1
[ERROR] /home/tasfia/Desktop/OE25-DEV/projects_decomposed/commons-geometry/commons-geometry-core/src/test/java/org/apache/commons/geometry/core/partitioning/AbstractConvexHyperplaneBoundedRegionTest_OE25Dev_geom_left_821_1.java:[316,9] cannot find symbol
[ERROR]   symbol:   method checkClassify(org.apache.commons.geometry.core.partitioning.AbstractConvexHyperplaneBoundedRegionTest_OE25Dev_geom_left_821_1.StubRegion,org.apache.commons.geometry.core.RegionLocation,org.apache.commons.geometry.core.partitioning.test.TestPoint2D)
[ERROR]   location: class org.apache.commons.geometry.core.partitioning.AbstractConvexHyperplaneBoundedRegionTest_OE25Dev_geom_left_821_1
[ERROR] /home/tasfia/Desktop/OE25-DEV/projects_decomposed/commons-geometry/commons-geometry-core/src/test/java/org/apache/commons/geometry/core/partitioning/AbstractConvexHyperplaneBoundedRegionTest_OE25Dev_geom_left_821_1.java:[317,9] cannot find symbol
[ERROR]   symbol:   method checkClassify(org.apache.commons.geometry.core.partitioning.AbstractConvexHyperplaneBoundedRegionTest_OE25Dev_geom_left_821_1.StubRegion,org.apache.commons.geometry.core.RegionLocation,org.apache.commons.geometry.core.partitioning.test.TestPoint2D)
[ERROR]   location: class org.apache.commons.geometry.core.partitioning.AbstractConvexHyperplaneBoundedRegionTest_OE25Dev_geom_left_821_1
[ERROR] /home/tasfia/Desktop/OE25-DEV/projects_decomposed/commons-geometry/commons-geometry-core/src/test/java/org/apache/commons/geometry/core/partitioning/AbstractConvexHyperplaneBoundedRegionTest_OE25Dev_geom_left_821_1.java:[318,9] cannot find symbol
[ERROR]   symbol:   method checkClassify(org.apache.commons.geometry.core.partitioning.AbstractConvexHyperplaneBoundedRegionTest_OE25Dev_geom_left_821_1.StubRegion,org.apache.commons.geometry.core.RegionLocation,org.apache.commons.geometry.core.partitioning.test.TestPoint2D)
[ERROR]   location: class org.apache.commons.geometry.core.partitioning.AbstractConvexHyperplaneBoundedRegionTest_OE25Dev_geom_left_821_1
[ERROR] /home/tasfia/Desktop/OE25-DEV/projects_decomposed/commons-geometry/commons-geometry-core/src/test/java/org/apache/commons/geometry/core/partitioning/AbstractConvexHyperplaneBoundedRegionTest_OE25Dev_geom_left_821_1.java:[584,9] cannot find symbol
[ERROR]   symbol:   method checkClassify(org.apache.commons.geometry.core.partitioning.AbstractConvexHyperplaneBoundedRegionTest_OE25Dev_geom_left_821_1.StubRegion,org.apache.commons.geometry.core.RegionLocation,org.apache.commons.geometry.core.partitioning.test.TestPoint2D)
[ERROR]   location: class org.apache.commons.geometry.core.partitioning.AbstractConvexHyperplaneBoundedRegionTest_OE25Dev_geom_left_821_1
[ERROR] /home/tasfia/Desktop/OE25-DEV/projects_decomposed/commons-geometry/commons-geometry-core/src/test/java/org/apache/commons/geometry/core/partitioning/AbstractConvexHyperplaneBoundedRegionTest_OE25Dev_geom_left_821_1.java:[585,9] cannot find symbol
[ERROR]   symbol:   method checkClassify(org.apache.commons.geometry.core.partitioning.AbstractConvexHyperplaneBoundedRegionTest_OE25Dev_geom_left_821_1.StubRegion,org.apache.commons.geometry.core.RegionLocation,org.apache.commons.geometry.core.partitioning.test.TestPoint2D)
[ERROR]   location: class org.apache.commons.geometry.core.partitioning.AbstractConvexHyperplaneBoundedRegionTest_OE25Dev_geom_left_821_1
[ERROR] /home/tasfia/Desktop/OE25-DEV/projects_decomposed/commons-geometry/commons-geometry-core/src/test/java/org/apache/commons/geometry/core/partitioning/AbstractConvexHyperplaneBoundedRegionTest_OE25Dev_geom_left_821_1.java:[586,9] cannot find symbol
[ERROR]   symbol:   method checkClassify(org.apache.commons.geometry.core.partitioning.AbstractConvexHyperplaneBoundedRegionTest_OE25Dev_geom_left_821_1.StubRegion,org.apache.commons.geometry.core.RegionLocation,org.apache.commons.geometry.core.partitioning.test.TestPoint2D)
[ERROR]   location: class org.apache.commons.geometry.core.partitioning.AbstractConvexHyperplaneBoundedRegionTest_OE25Dev_geom_left_821_1
[ERROR] /home/tasfia/Desktop/OE25-DEV/projects_decomposed/commons-geometry/commons-geometry-core/src/test/java/org/apache/commons/geometry/core/partitioning/AbstractConvexHyperplaneBoundedRegionTest_OE25Dev_geom_left_821_1.java:[601,9] cannot find symbol
[ERROR]   symbol:   method checkClassify(org.apache.commons.geometry.core.partitioning.AbstractConvexHyperplaneBoundedRegionTest_OE25Dev_geom_left_821_1.StubRegion,org.apache.commons.geometry.core.RegionLocation,org.apache.commons.geometry.core.partitioning.test.TestPoint2D)
[ERROR]   location: class org.apache.commons.geometry.core.partitioning.AbstractConvexHyperplaneBoundedRegionTest_OE25Dev_geom_left_821_1
[ERROR] /home/tasfia/Desktop/OE25-DEV/projects_decomposed/commons-geometry/commons-geometry-core/src/test/java/org/apache/commons/geometry/core/partitioning/AbstractConvexHyperplaneBoundedRegionTest_OE25Dev_geom_left_821_1.java:[603,9] cannot find symbol
[ERROR]   symbol:   method checkClassify(org.apache.commons.geometry.core.partitioning.AbstractConvexHyperplaneBoundedRegionTest_OE25Dev_geom_left_821_1.StubRegion,org.apache.commons.geometry.core.RegionLocation,org.apache.commons.geometry.core.partitioning.test.TestPoint2D,org.apache.commons.geometry.core.partitioning.test.TestPoint2D,org.apache.commons.geometry.core.partitioning.test.TestPoint2D,org.apache.commons.geometry.core.partitioning.test.TestPoint2D)
[ERROR]   location: class org.apache.commons.geometry.core.partitioning.AbstractConvexHyperplaneBoundedRegionTest_OE25Dev_geom_left_821_1
[ERROR] /home/tasfia/Desktop/OE25-DEV/projects_decomposed/commons-geometry/commons-geometry-core/src/test/java/org/apache/commons/geometry/core/partitioning/AbstractConvexHyperplaneBoundedRegionTest_OE25Dev_geom_left_821_1.java:[606,9] cannot find symbol
[ERROR]   symbol:   method checkClassify(org.apache.commons.geometry.core.partitioning.AbstractConvexHyperplaneBoundedRegionTest_OE25Dev_geom_left_821_1.StubRegion,org.apache.commons.geometry.core.RegionLocation,org.apache.commons.geometry.core.partitioning.test.TestPoint2D,org.apache.commons.geometry.core.partitioning.test.TestPoint2D,org.apache.commons.geometry.core.partitioning.test.TestPoint2D,org.apache.commons.geometry.core.partitioning.test.TestPoint2D)
[ERROR]   location: class org.apache.commons.geometry.core.partitioning.AbstractConvexHyperplaneBoundedRegionTest_OE25Dev_geom_left_821_1
[ERROR] /home/tasfia/Desktop/OE25-DEV/projects_decomposed/commons-geometry/commons-geometry-core/src/test/java/org/apache/commons/geometry/core/partitioning/AbstractConvexHyperplaneBoundedRegionTest_OE25Dev_geom_left_821_1.java:[623,9] cannot find symbol
[ERROR]   symbol:   method checkClassify(org.apache.commons.geometry.core.partitioning.AbstractConvexHyperplaneBoundedRegionTest_OE25Dev_geom_left_821_1.StubRegion,org.apache.commons.geometry.core.RegionLocation,org.apache.commons.geometry.core.partitioning.test.TestPoint2D)
[ERROR]   location: class org.apache.commons.geometry.core.partitioning.AbstractConvexHyperplaneBoundedRegionTest_OE25Dev_geom_left_821_1
[ERROR] /home/tasfia/Desktop/OE25-DEV/projects_decomposed/commons-geometry/commons-geometry-core/src/test/java/org/apache/commons/geometry/core/partitioning/AbstractConvexHyperplaneBoundedRegionTest_OE25Dev_geom_left_821_1.java:[624,9] cannot find symbol
[ERROR]   symbol:   method checkClassify(org.apache.commons.geometry.core.partitioning.AbstractConvexHyperplaneBoundedRegionTest_OE25Dev_geom_left_821_1.StubRegion,org.apache.commons.geometry.core.RegionLocation,org.apache.commons.geometry.core.partitioning.test.TestPoint2D)
[ERROR]   location: class org.apache.commons.geometry.core.partitioning.AbstractConvexHyperplaneBoundedRegionTest_OE25Dev_geom_left_821_1
[ERROR] /home/tasfia/Desktop/OE25-DEV/projects_decomposed/commons-geometry/commons-geometry-core/src/test/java/org/apache/commons/geometry/core/partitioning/AbstractConvexHyperplaneBoundedRegionTest_OE25Dev_geom_left_821_1.java:[625,9] cannot find symbol
[ERROR]   symbol:   method checkClassify(org.apache.commons.geometry.core.partitioning.AbstractConvexHyperplaneBoundedRegionTest_OE25Dev_geom_left_821_1.StubRegion,org.apache.commons.geometry.core.RegionLocation,org.apache.commons.geometry.core.partitioning.test.TestPoint2D)
[ERROR]   location: class org.apache.commons.geometry.core.partitioning.AbstractConvexHyperplaneBoundedRegionTest_OE25Dev_geom_left_821_1
[ERROR] -> [Help 1]
[ERROR] 
[ERROR] To see the full stack trace of the errors, re-run Maven with the -e switch.
[ERROR] Re-run Maven using the -X switch to enable full debug logging.
[ERROR] 
[ERROR] For more information about the errors and possible solutions, please read the following articles:
[ERROR] [Help 1] http://cwiki.apache.org/confluence/display/MAVEN/MojoFailureException
