[ERROR] COMPILATION ERROR : 
[ERROR] /home/tasfia/Desktop/OE25-DEV/projects_decomposed/commons-geometry/commons-geometry-euclidean/src/test/java/org/apache/commons/geometry/euclidean/threed/EmbeddingPlaneTest_OE25Dev_geom_left_1927_3.java:[308,9] cannot find symbol
  symbol:   method checkSubspaceTransform(org.apache.commons.geometry.euclidean.threed.EmbeddingPlane.SubspaceTransform,org.apache.commons.geometry.euclidean.threed.Vector3D,org.apache.commons.geometry.euclidean.threed.Vector3D.Unit,org.apache.commons.geometry.euclidean.threed.Vector3D.Unit,org.apache.commons.geometry.euclidean.threed.Vector3D,org.apache.commons.geometry.euclidean.threed.Vector3D,org.apache.commons.geometry.euclidean.threed.Vector3D)
  location: class org.apache.commons.geometry.euclidean.threed.EmbeddingPlaneTest_OE25Dev_geom_left_1927_3
[ERROR] /home/tasfia/Desktop/OE25-DEV/projects_decomposed/commons-geometry/commons-geometry-euclidean/src/test/java/org/apache/commons/geometry/euclidean/threed/EmbeddingPlaneTest_OE25Dev_geom_left_1927_3.java:[312,9] cannot find symbol
  symbol:   method checkSubspaceTransform(org.apache.commons.geometry.euclidean.threed.EmbeddingPlane.SubspaceTransform,org.apache.commons.geometry.euclidean.threed.Vector3D,org.apache.commons.geometry.euclidean.threed.Vector3D.Unit,org.apache.commons.geometry.euclidean.threed.Vector3D.Unit,org.apache.commons.geometry.euclidean.threed.Vector3D,org.apache.commons.geometry.euclidean.threed.Vector3D,org.apache.commons.geometry.euclidean.threed.Vector3D)
  location: class org.apache.commons.geometry.euclidean.threed.EmbeddingPlaneTest_OE25Dev_geom_left_1927_3
[ERROR] /home/tasfia/Desktop/OE25-DEV/projects_decomposed/commons-geometry/commons-geometry-euclidean/src/test/java/org/apache/commons/geometry/euclidean/threed/EmbeddingPlaneTest_OE25Dev_geom_left_1927_3.java:[316,9] cannot find symbol
  symbol:   method checkSubspaceTransform(org.apache.commons.geometry.euclidean.threed.EmbeddingPlane.SubspaceTransform,org.apache.commons.geometry.euclidean.threed.Vector3D,org.apache.commons.geometry.euclidean.threed.Vector3D.Unit,org.apache.commons.geometry.euclidean.threed.Vector3D.Unit,org.apache.commons.geometry.euclidean.threed.Vector3D,org.apache.commons.geometry.euclidean.threed.Vector3D,org.apache.commons.geometry.euclidean.threed.Vector3D)
  location: class org.apache.commons.geometry.euclidean.threed.EmbeddingPlaneTest_OE25Dev_geom_left_1927_3
[ERROR] Failed to execute goal org.apache.maven.plugins:maven-compiler-plugin:3.8.1:testCompile (default-testCompile) on project commons-geometry-euclidean: Compilation failure: Compilation failure: 
[ERROR] /home/tasfia/Desktop/OE25-DEV/projects_decomposed/commons-geometry/commons-geometry-euclidean/src/test/java/org/apache/commons/geometry/euclidean/threed/EmbeddingPlaneTest_OE25Dev_geom_left_1927_3.java:[308,9] cannot find symbol
[ERROR]   symbol:   method checkSubspaceTransform(org.apache.commons.geometry.euclidean.threed.EmbeddingPlane.SubspaceTransform,org.apache.commons.geometry.euclidean.threed.Vector3D,org.apache.commons.geometry.euclidean.threed.Vector3D.Unit,org.apache.commons.geometry.euclidean.threed.Vector3D.Unit,org.apache.commons.geometry.euclidean.threed.Vector3D,org.apache.commons.geometry.euclidean.threed.Vector3D,org.apache.commons.geometry.euclidean.threed.Vector3D)
[ERROR]   location: class org.apache.commons.geometry.euclidean.threed.EmbeddingPlaneTest_OE25Dev_geom_left_1927_3
[ERROR] /home/tasfia/Desktop/OE25-DEV/projects_decomposed/commons-geometry/commons-geometry-euclidean/src/test/java/org/apache/commons/geometry/euclidean/threed/EmbeddingPlaneTest_OE25Dev_geom_left_1927_3.java:[312,9] cannot find symbol
[ERROR]   symbol:   method checkSubspaceTransform(org.apache.commons.geometry.euclidean.threed.EmbeddingPlane.SubspaceTransform,org.apache.commons.geometry.euclidean.threed.Vector3D,org.apache.commons.geometry.euclidean.threed.Vector3D.Unit,org.apache.commons.geometry.euclidean.threed.Vector3D.Unit,org.apache.commons.geometry.euclidean.threed.Vector3D,org.apache.commons.geometry.euclidean.threed.Vector3D,org.apache.commons.geometry.euclidean.threed.Vector3D)
[ERROR]   location: class org.apache.commons.geometry.euclidean.threed.EmbeddingPlaneTest_OE25Dev_geom_left_1927_3
[ERROR] /home/tasfia/Desktop/OE25-DEV/projects_decomposed/commons-geometry/commons-geometry-euclidean/src/test/java/org/apache/commons/geometry/euclidean/threed/EmbeddingPlaneTest_OE25Dev_geom_left_1927_3.java:[316,9] cannot find symbol
[ERROR]   symbol:   method checkSubspaceTransform(org.apache.commons.geometry.euclidean.threed.EmbeddingPlane.SubspaceTransform,org.apache.commons.geometry.euclidean.threed.Vector3D,org.apache.commons.geometry.euclidean.threed.Vector3D.Unit,org.apache.commons.geometry.euclidean.threed.Vector3D.Unit,org.apache.commons.geometry.euclidean.threed.Vector3D,org.apache.commons.geometry.euclidean.threed.Vector3D,org.apache.commons.geometry.euclidean.threed.Vector3D)
[ERROR]   location: class org.apache.commons.geometry.euclidean.threed.EmbeddingPlaneTest_OE25Dev_geom_left_1927_3
[ERROR] -> [Help 1]
[ERROR] 
[ERROR] To see the full stack trace of the errors, re-run Maven with the -e switch.
[ERROR] Re-run Maven using the -X switch to enable full debug logging.
[ERROR] 
[ERROR] For more information about the errors and possible solutions, please read the following articles:
[ERROR] [Help 1] http://cwiki.apache.org/confluence/display/MAVEN/MojoFailureException
