[ERROR] COMPILATION ERROR : 
[ERROR] /home/tasfia/Desktop/OE25-DEV/projects_decomposed/commons-geometry/commons-geometry-spherical/src/test/java/org/apache/commons/geometry/spherical/twod/RegionBSPTree2STest_OE25Dev_geom_left_483_3.java:[437,9] cannot find symbol
  symbol:   method checkCentroidConsistency(org.apache.commons.geometry.spherical.twod.RegionBSPTree2S)
  location: class org.apache.commons.geometry.spherical.twod.RegionBSPTree2STest_OE25Dev_geom_left_483_3
[ERROR] /home/tasfia/Desktop/OE25-DEV/projects_decomposed/commons-geometry/commons-geometry-spherical/src/test/java/org/apache/commons/geometry/spherical/twod/RegionBSPTree2STest_OE25Dev_geom_left_483_3.java:[503,9] cannot find symbol
  symbol:   method checkCentroidConsistency(org.apache.commons.geometry.spherical.twod.RegionBSPTree2S)
  location: class org.apache.commons.geometry.spherical.twod.RegionBSPTree2STest_OE25Dev_geom_left_483_3
[ERROR] /home/tasfia/Desktop/OE25-DEV/projects_decomposed/commons-geometry/commons-geometry-spherical/src/test/java/org/apache/commons/geometry/spherical/twod/RegionBSPTree2STest_OE25Dev_geom_left_483_3.java:[537,9] cannot find symbol
  symbol:   method checkCentroidConsistency(org.apache.commons.geometry.spherical.twod.RegionBSPTree2S)
  location: class org.apache.commons.geometry.spherical.twod.RegionBSPTree2STest_OE25Dev_geom_left_483_3
[ERROR] /home/tasfia/Desktop/OE25-DEV/projects_decomposed/commons-geometry/commons-geometry-spherical/src/test/java/org/apache/commons/geometry/spherical/twod/RegionBSPTree2STest_OE25Dev_geom_left_483_3.java:[579,9] cannot find symbol
  symbol:   method checkCentroidConsistency(org.apache.commons.geometry.spherical.twod.RegionBSPTree2S)
  location: class org.apache.commons.geometry.spherical.twod.RegionBSPTree2STest_OE25Dev_geom_left_483_3
[ERROR] /home/tasfia/Desktop/OE25-DEV/projects_decomposed/commons-geometry/commons-geometry-spherical/src/test/java/org/apache/commons/geometry/spherical/twod/RegionBSPTree2STest_OE25Dev_geom_left_483_3.java:[615,9] cannot find symbol
  symbol:   method checkCentroidConsistency(org.apache.commons.geometry.spherical.twod.RegionBSPTree2S)
  location: class org.apache.commons.geometry.spherical.twod.RegionBSPTree2STest_OE25Dev_geom_left_483_3
[ERROR] /home/tasfia/Desktop/OE25-DEV/projects_decomposed/commons-geometry/commons-geometry-spherical/src/test/java/org/apache/commons/geometry/spherical/twod/RegionBSPTree2STest_OE25Dev_geom_left_483_3.java:[657,9] cannot find symbol
  symbol:   method checkCentroidConsistency(org.apache.commons.geometry.spherical.twod.RegionBSPTree2S)
  location: class org.apache.commons.geometry.spherical.twod.RegionBSPTree2STest_OE25Dev_geom_left_483_3
[ERROR] /home/tasfia/Desktop/OE25-DEV/projects_decomposed/commons-geometry/commons-geometry-spherical/src/test/java/org/apache/commons/geometry/spherical/twod/RegionBSPTree2STest_OE25Dev_geom_left_483_3.java:[692,9] cannot find symbol
  symbol:   method checkCentroidConsistency(org.apache.commons.geometry.spherical.twod.RegionBSPTree2S)
  location: class org.apache.commons.geometry.spherical.twod.RegionBSPTree2STest_OE25Dev_geom_left_483_3
[ERROR] /home/tasfia/Desktop/OE25-DEV/projects_decomposed/commons-geometry/commons-geometry-spherical/src/test/java/org/apache/commons/geometry/spherical/twod/RegionBSPTree2STest_OE25Dev_geom_left_483_3.java:[834,9] cannot find symbol
  symbol:   method checkCentroidConsistency(org.apache.commons.geometry.spherical.twod.RegionBSPTree2S)
  location: class org.apache.commons.geometry.spherical.twod.RegionBSPTree2STest_OE25Dev_geom_left_483_3
[ERROR] /home/tasfia/Desktop/OE25-DEV/projects_decomposed/commons-geometry/commons-geometry-spherical/src/test/java/org/apache/commons/geometry/spherical/twod/RegionBSPTree2STest_OE25Dev_geom_left_483_3.java:[901,9] cannot find symbol
  symbol:   method checkCentroidConsistency(org.apache.commons.geometry.spherical.twod.RegionBSPTree2S)
  location: class org.apache.commons.geometry.spherical.twod.RegionBSPTree2STest_OE25Dev_geom_left_483_3
[ERROR] Failed to execute goal org.apache.maven.plugins:maven-compiler-plugin:3.8.1:testCompile (default-testCompile) on project commons-geometry-spherical: Compilation failure: Compilation failure: 
[ERROR] /home/tasfia/Desktop/OE25-DEV/projects_decomposed/commons-geometry/commons-geometry-spherical/src/test/java/org/apache/commons/geometry/spherical/twod/RegionBSPTree2STest_OE25Dev_geom_left_483_3.java:[437,9] cannot find symbol
[ERROR]   symbol:   method checkCentroidConsistency(org.apache.commons.geometry.spherical.twod.RegionBSPTree2S)
[ERROR]   location: class org.apache.commons.geometry.spherical.twod.RegionBSPTree2STest_OE25Dev_geom_left_483_3
[ERROR] /home/tasfia/Desktop/OE25-DEV/projects_decomposed/commons-geometry/commons-geometry-spherical/src/test/java/org/apache/commons/geometry/spherical/twod/RegionBSPTree2STest_OE25Dev_geom_left_483_3.java:[503,9] cannot find symbol
[ERROR]   symbol:   method checkCentroidConsistency(org.apache.commons.geometry.spherical.twod.RegionBSPTree2S)
[ERROR]   location: class org.apache.commons.geometry.spherical.twod.RegionBSPTree2STest_OE25Dev_geom_left_483_3
[ERROR] /home/tasfia/Desktop/OE25-DEV/projects_decomposed/commons-geometry/commons-geometry-spherical/src/test/java/org/apache/commons/geometry/spherical/twod/RegionBSPTree2STest_OE25Dev_geom_left_483_3.java:[537,9] cannot find symbol
[ERROR]   symbol:   method checkCentroidConsistency(org.apache.commons.geometry.spherical.twod.RegionBSPTree2S)
[ERROR]   location: class org.apache.commons.geometry.spherical.twod.RegionBSPTree2STest_OE25Dev_geom_left_483_3
[ERROR] /home/tasfia/Desktop/OE25-DEV/projects_decomposed/commons-geometry/commons-geometry-spherical/src/test/java/org/apache/commons/geometry/spherical/twod/RegionBSPTree2STest_OE25Dev_geom_left_483_3.java:[579,9] cannot find symbol
[ERROR]   symbol:   method checkCentroidConsistency(org.apache.commons.geometry.spherical.twod.RegionBSPTree2S)
[ERROR]   location: class org.apache.commons.geometry.spherical.twod.RegionBSPTree2STest_OE25Dev_geom_left_483_3
[ERROR] /home/tasfia/Desktop/OE25-DEV/projects_decomposed/commons-geometry/commons-geometry-spherical/src/test/java/org/apache/commons/geometry/spherical/twod/RegionBSPTree2STest_OE25Dev_geom_left_483_3.java:[615,9] cannot find symbol
[ERROR]   symbol:   method checkCentroidConsistency(org.apache.commons.geometry.spherical.twod.RegionBSPTree2S)
[ERROR]   location: class org.apache.commons.geometry.spherical.twod.RegionBSPTree2STest_OE25Dev_geom_left_483_3
[ERROR] /home/tasfia/Desktop/OE25-DEV/projects_decomposed/commons-geometry/commons-geometry-spherical/src/test/java/org/apache/commons/geometry/spherical/twod/RegionBSPTree2STest_OE25Dev_geom_left_483_3.java:[657,9] cannot find symbol
[ERROR]   symbol:   method checkCentroidConsistency(org.apache.commons.geometry.spherical.twod.RegionBSPTree2S)
[ERROR]   location: class org.apache.commons.geometry.spherical.twod.RegionBSPTree2STest_OE25Dev_geom_left_483_3
[ERROR] /home/tasfia/Desktop/OE25-DEV/projects_decomposed/commons-geometry/commons-geometry-spherical/src/test/java/org/apache/commons/geometry/spherical/twod/RegionBSPTree2STest_OE25Dev_geom_left_483_3.java:[692,9] cannot find symbol
[ERROR]   symbol:   method checkCentroidConsistency(org.apache.commons.geometry.spherical.twod.RegionBSPTree2S)
[ERROR]   location: class org.apache.commons.geometry.spherical.twod.RegionBSPTree2STest_OE25Dev_geom_left_483_3
[ERROR] /home/tasfia/Desktop/OE25-DEV/projects_decomposed/commons-geometry/commons-geometry-spherical/src/test/java/org/apache/commons/geometry/spherical/twod/RegionBSPTree2STest_OE25Dev_geom_left_483_3.java:[834,9] cannot find symbol
[ERROR]   symbol:   method checkCentroidConsistency(org.apache.commons.geometry.spherical.twod.RegionBSPTree2S)
[ERROR]   location: class org.apache.commons.geometry.spherical.twod.RegionBSPTree2STest_OE25Dev_geom_left_483_3
[ERROR] /home/tasfia/Desktop/OE25-DEV/projects_decomposed/commons-geometry/commons-geometry-spherical/src/test/java/org/apache/commons/geometry/spherical/twod/RegionBSPTree2STest_OE25Dev_geom_left_483_3.java:[901,9] cannot find symbol
[ERROR]   symbol:   method checkCentroidConsistency(org.apache.commons.geometry.spherical.twod.RegionBSPTree2S)
[ERROR]   location: class org.apache.commons.geometry.spherical.twod.RegionBSPTree2STest_OE25Dev_geom_left_483_3
[ERROR] -> [Help 1]
[ERROR] 
[ERROR] To see the full stack trace of the errors, re-run Maven with the -e switch.
[ERROR] Re-run Maven using the -X switch to enable full debug logging.
[ERROR] 
[ERROR] For more information about the errors and possible solutions, please read the following articles:
[ERROR] [Help 1] http://cwiki.apache.org/confluence/display/MAVEN/MojoFailureException
