[ERROR] COMPILATION ERROR : 
[ERROR] /home/tasfia/Desktop/OE25-DEV/projects_decomposed/commons-geometry/commons-geometry-core/src/test/java/org/apache/commons/geometry/core/partitioning/bsp/AbstractRegionBSPTreeTest_OE25Dev_geom_left_921_1.java:[449,9] cannot find symbol
  symbol:   method assertContainsSegment(java.util.List<org.apache.commons.geometry.core.partitioning.test.TestLineSegment>,org.apache.commons.geometry.core.partitioning.test.TestPoint2D,org.apache.commons.geometry.core.partitioning.test.TestPoint2D)
  location: class org.apache.commons.geometry.core.partitioning.bsp.AbstractRegionBSPTreeTest_OE25Dev_geom_left_921_1
[ERROR] /home/tasfia/Desktop/OE25-DEV/projects_decomposed/commons-geometry/commons-geometry-core/src/test/java/org/apache/commons/geometry/core/partitioning/bsp/AbstractRegionBSPTreeTest_OE25Dev_geom_left_921_1.java:[450,9] cannot find symbol
  symbol:   method assertContainsSegment(java.util.List<org.apache.commons.geometry.core.partitioning.test.TestLineSegment>,org.apache.commons.geometry.core.partitioning.test.TestPoint2D,org.apache.commons.geometry.core.partitioning.test.TestPoint2D)
  location: class org.apache.commons.geometry.core.partitioning.bsp.AbstractRegionBSPTreeTest_OE25Dev_geom_left_921_1
[ERROR] /home/tasfia/Desktop/OE25-DEV/projects_decomposed/commons-geometry/commons-geometry-core/src/test/java/org/apache/commons/geometry/core/partitioning/bsp/AbstractRegionBSPTreeTest_OE25Dev_geom_left_921_1.java:[451,9] cannot find symbol
  symbol:   method assertContainsSegment(java.util.List<org.apache.commons.geometry.core.partitioning.test.TestLineSegment>,org.apache.commons.geometry.core.partitioning.test.TestPoint2D,org.apache.commons.geometry.core.partitioning.test.TestPoint2D)
  location: class org.apache.commons.geometry.core.partitioning.bsp.AbstractRegionBSPTreeTest_OE25Dev_geom_left_921_1
[ERROR] /home/tasfia/Desktop/OE25-DEV/projects_decomposed/commons-geometry/commons-geometry-core/src/test/java/org/apache/commons/geometry/core/partitioning/bsp/AbstractRegionBSPTreeTest_OE25Dev_geom_left_921_1.java:[452,9] cannot find symbol
  symbol:   method assertContainsSegment(java.util.List<org.apache.commons.geometry.core.partitioning.test.TestLineSegment>,org.apache.commons.geometry.core.partitioning.test.TestPoint2D,org.apache.commons.geometry.core.partitioning.test.TestPoint2D)
  location: class org.apache.commons.geometry.core.partitioning.bsp.AbstractRegionBSPTreeTest_OE25Dev_geom_left_921_1
[ERROR] /home/tasfia/Desktop/OE25-DEV/projects_decomposed/commons-geometry/commons-geometry-core/src/test/java/org/apache/commons/geometry/core/partitioning/bsp/AbstractRegionBSPTreeTest_OE25Dev_geom_left_921_1.java:[470,9] cannot find symbol
  symbol:   method assertContainsSegment(java.util.List<org.apache.commons.geometry.core.partitioning.test.TestLineSegment>,org.apache.commons.geometry.core.partitioning.test.TestPoint2D,org.apache.commons.geometry.core.partitioning.test.TestPoint2D)
  location: class org.apache.commons.geometry.core.partitioning.bsp.AbstractRegionBSPTreeTest_OE25Dev_geom_left_921_1
[ERROR] /home/tasfia/Desktop/OE25-DEV/projects_decomposed/commons-geometry/commons-geometry-core/src/test/java/org/apache/commons/geometry/core/partitioning/bsp/AbstractRegionBSPTreeTest_OE25Dev_geom_left_921_1.java:[471,9] cannot find symbol
  symbol:   method assertContainsSegment(java.util.List<org.apache.commons.geometry.core.partitioning.test.TestLineSegment>,org.apache.commons.geometry.core.partitioning.test.TestPoint2D,org.apache.commons.geometry.core.partitioning.test.TestPoint2D)
  location: class org.apache.commons.geometry.core.partitioning.bsp.AbstractRegionBSPTreeTest_OE25Dev_geom_left_921_1
[ERROR] /home/tasfia/Desktop/OE25-DEV/projects_decomposed/commons-geometry/commons-geometry-core/src/test/java/org/apache/commons/geometry/core/partitioning/bsp/AbstractRegionBSPTreeTest_OE25Dev_geom_left_921_1.java:[472,9] cannot find symbol
  symbol:   method assertContainsSegment(java.util.List<org.apache.commons.geometry.core.partitioning.test.TestLineSegment>,org.apache.commons.geometry.core.partitioning.test.TestPoint2D,org.apache.commons.geometry.core.partitioning.test.TestPoint2D)
  location: class org.apache.commons.geometry.core.partitioning.bsp.AbstractRegionBSPTreeTest_OE25Dev_geom_left_921_1
[ERROR] /home/tasfia/Desktop/OE25-DEV/projects_decomposed/commons-geometry/commons-geometry-core/src/test/java/org/apache/commons/geometry/core/partitioning/bsp/AbstractRegionBSPTreeTest_OE25Dev_geom_left_921_1.java:[473,9] cannot find symbol
  symbol:   method assertContainsSegment(java.util.List<org.apache.commons.geometry.core.partitioning.test.TestLineSegment>,org.apache.commons.geometry.core.partitioning.test.TestPoint2D,org.apache.commons.geometry.core.partitioning.test.TestPoint2D)
  location: class org.apache.commons.geometry.core.partitioning.bsp.AbstractRegionBSPTreeTest_OE25Dev_geom_left_921_1
[ERROR] /home/tasfia/Desktop/OE25-DEV/projects_decomposed/commons-geometry/commons-geometry-core/src/test/java/org/apache/commons/geometry/core/partitioning/bsp/AbstractRegionBSPTreeTest_OE25Dev_geom_left_921_1.java:[500,9] cannot find symbol
  symbol:   method assertContainsSegment(java.util.List<org.apache.commons.geometry.core.partitioning.test.TestLineSegment>,org.apache.commons.geometry.core.partitioning.test.TestPoint2D,org.apache.commons.geometry.core.partitioning.test.TestPoint2D)
  location: class org.apache.commons.geometry.core.partitioning.bsp.AbstractRegionBSPTreeTest_OE25Dev_geom_left_921_1
[ERROR] /home/tasfia/Desktop/OE25-DEV/projects_decomposed/commons-geometry/commons-geometry-core/src/test/java/org/apache/commons/geometry/core/partitioning/bsp/AbstractRegionBSPTreeTest_OE25Dev_geom_left_921_1.java:[501,9] cannot find symbol
  symbol:   method assertContainsSegment(java.util.List<org.apache.commons.geometry.core.partitioning.test.TestLineSegment>,org.apache.commons.geometry.core.partitioning.test.TestPoint2D,org.apache.commons.geometry.core.partitioning.test.TestPoint2D)
  location: class org.apache.commons.geometry.core.partitioning.bsp.AbstractRegionBSPTreeTest_OE25Dev_geom_left_921_1
[ERROR] /home/tasfia/Desktop/OE25-DEV/projects_decomposed/commons-geometry/commons-geometry-core/src/test/java/org/apache/commons/geometry/core/partitioning/bsp/AbstractRegionBSPTreeTest_OE25Dev_geom_left_921_1.java:[502,9] cannot find symbol
  symbol:   method assertContainsSegment(java.util.List<org.apache.commons.geometry.core.partitioning.test.TestLineSegment>,org.apache.commons.geometry.core.partitioning.test.TestPoint2D,org.apache.commons.geometry.core.partitioning.test.TestPoint2D)
  location: class org.apache.commons.geometry.core.partitioning.bsp.AbstractRegionBSPTreeTest_OE25Dev_geom_left_921_1
[ERROR] /home/tasfia/Desktop/OE25-DEV/projects_decomposed/commons-geometry/commons-geometry-core/src/test/java/org/apache/commons/geometry/core/partitioning/bsp/AbstractRegionBSPTreeTest_OE25Dev_geom_left_921_1.java:[503,9] cannot find symbol
  symbol:   method assertContainsSegment(java.util.List<org.apache.commons.geometry.core.partitioning.test.TestLineSegment>,org.apache.commons.geometry.core.partitioning.test.TestPoint2D,org.apache.commons.geometry.core.partitioning.test.TestPoint2D)
  location: class org.apache.commons.geometry.core.partitioning.bsp.AbstractRegionBSPTreeTest_OE25Dev_geom_left_921_1
[ERROR] /home/tasfia/Desktop/OE25-DEV/projects_decomposed/commons-geometry/commons-geometry-core/src/test/java/org/apache/commons/geometry/core/partitioning/bsp/AbstractRegionBSPTreeTest_OE25Dev_geom_left_921_1.java:[521,9] cannot find symbol
  symbol:   method assertContainsSegment(java.util.List<org.apache.commons.geometry.core.partitioning.test.TestLineSegment>,org.apache.commons.geometry.core.partitioning.test.TestPoint2D,org.apache.commons.geometry.core.partitioning.test.TestPoint2D)
  location: class org.apache.commons.geometry.core.partitioning.bsp.AbstractRegionBSPTreeTest_OE25Dev_geom_left_921_1
[ERROR] /home/tasfia/Desktop/OE25-DEV/projects_decomposed/commons-geometry/commons-geometry-core/src/test/java/org/apache/commons/geometry/core/partitioning/bsp/AbstractRegionBSPTreeTest_OE25Dev_geom_left_921_1.java:[522,9] cannot find symbol
  symbol:   method assertContainsSegment(java.util.List<org.apache.commons.geometry.core.partitioning.test.TestLineSegment>,org.apache.commons.geometry.core.partitioning.test.TestPoint2D,org.apache.commons.geometry.core.partitioning.test.TestPoint2D)
  location: class org.apache.commons.geometry.core.partitioning.bsp.AbstractRegionBSPTreeTest_OE25Dev_geom_left_921_1
[ERROR] /home/tasfia/Desktop/OE25-DEV/projects_decomposed/commons-geometry/commons-geometry-core/src/test/java/org/apache/commons/geometry/core/partitioning/bsp/AbstractRegionBSPTreeTest_OE25Dev_geom_left_921_1.java:[523,9] cannot find symbol
  symbol:   method assertContainsSegment(java.util.List<org.apache.commons.geometry.core.partitioning.test.TestLineSegment>,org.apache.commons.geometry.core.partitioning.test.TestPoint2D,org.apache.commons.geometry.core.partitioning.test.TestPoint2D)
  location: class org.apache.commons.geometry.core.partitioning.bsp.AbstractRegionBSPTreeTest_OE25Dev_geom_left_921_1
[ERROR] /home/tasfia/Desktop/OE25-DEV/projects_decomposed/commons-geometry/commons-geometry-core/src/test/java/org/apache/commons/geometry/core/partitioning/bsp/AbstractRegionBSPTreeTest_OE25Dev_geom_left_921_1.java:[524,9] cannot find symbol
  symbol:   method assertContainsSegment(java.util.List<org.apache.commons.geometry.core.partitioning.test.TestLineSegment>,org.apache.commons.geometry.core.partitioning.test.TestPoint2D,org.apache.commons.geometry.core.partitioning.test.TestPoint2D)
  location: class org.apache.commons.geometry.core.partitioning.bsp.AbstractRegionBSPTreeTest_OE25Dev_geom_left_921_1
[ERROR] Failed to execute goal org.apache.maven.plugins:maven-compiler-plugin:3.8.1:testCompile (default-testCompile) on project commons-geometry-core: Compilation failure: Compilation failure: 
[ERROR] /home/tasfia/Desktop/OE25-DEV/projects_decomposed/commons-geometry/commons-geometry-core/src/test/java/org/apache/commons/geometry/core/partitioning/bsp/AbstractRegionBSPTreeTest_OE25Dev_geom_left_921_1.java:[449,9] cannot find symbol
[ERROR]   symbol:   method assertContainsSegment(java.util.List<org.apache.commons.geometry.core.partitioning.test.TestLineSegment>,org.apache.commons.geometry.core.partitioning.test.TestPoint2D,org.apache.commons.geometry.core.partitioning.test.TestPoint2D)
[ERROR]   location: class org.apache.commons.geometry.core.partitioning.bsp.AbstractRegionBSPTreeTest_OE25Dev_geom_left_921_1
[ERROR] /home/tasfia/Desktop/OE25-DEV/projects_decomposed/commons-geometry/commons-geometry-core/src/test/java/org/apache/commons/geometry/core/partitioning/bsp/AbstractRegionBSPTreeTest_OE25Dev_geom_left_921_1.java:[450,9] cannot find symbol
[ERROR]   symbol:   method assertContainsSegment(java.util.List<org.apache.commons.geometry.core.partitioning.test.TestLineSegment>,org.apache.commons.geometry.core.partitioning.test.TestPoint2D,org.apache.commons.geometry.core.partitioning.test.TestPoint2D)
[ERROR]   location: class org.apache.commons.geometry.core.partitioning.bsp.AbstractRegionBSPTreeTest_OE25Dev_geom_left_921_1
[ERROR] /home/tasfia/Desktop/OE25-DEV/projects_decomposed/commons-geometry/commons-geometry-core/src/test/java/org/apache/commons/geometry/core/partitioning/bsp/AbstractRegionBSPTreeTest_OE25Dev_geom_left_921_1.java:[451,9] cannot find symbol
[ERROR]   symbol:   method assertContainsSegment(java.util.List<org.apache.commons.geometry.core.partitioning.test.TestLineSegment>,org.apache.commons.geometry.core.partitioning.test.TestPoint2D,org.apache.commons.geometry.core.partitioning.test.TestPoint2D)
[ERROR]   location: class org.apache.commons.geometry.core.partitioning.bsp.AbstractRegionBSPTreeTest_OE25Dev_geom_left_921_1
[ERROR] /home/tasfia/Desktop/OE25-DEV/projects_decomposed/commons-geometry/commons-geometry-core/src/test/java/org/apache/commons/geometry/core/partitioning/bsp/AbstractRegionBSPTreeTest_OE25Dev_geom_left_921_1.java:[452,9] cannot find symbol
[ERROR]   symbol:   method assertContainsSegment(java.util.List<org.apache.commons.geometry.core.partitioning.test.TestLineSegment>,org.apache.commons.geometry.core.partitioning.test.TestPoint2D,org.apache.commons.geometry.core.partitioning.test.TestPoint2D)
[ERROR]   location: class org.apache.commons.geometry.core.partitioning.bsp.AbstractRegionBSPTreeTest_OE25Dev_geom_left_921_1
[ERROR] /home/tasfia/Desktop/OE25-DEV/projects_decomposed/commons-geometry/commons-geometry-core/src/test/java/org/apache/commons/geometry/core/partitioning/bsp/AbstractRegionBSPTreeTest_OE25Dev_geom_left_921_1.java:[470,9] cannot find symbol
[ERROR]   symbol:   method assertContainsSegment(java.util.List<org.apache.commons.geometry.core.partitioning.test.TestLineSegment>,org.apache.commons.geometry.core.partitioning.test.TestPoint2D,org.apache.commons.geometry.core.partitioning.test.TestPoint2D)
[ERROR]   location: class org.apache.commons.geometry.core.partitioning.bsp.AbstractRegionBSPTreeTest_OE25Dev_geom_left_921_1
[ERROR] /home/tasfia/Desktop/OE25-DEV/projects_decomposed/commons-geometry/commons-geometry-core/src/test/java/org/apache/commons/geometry/core/partitioning/bsp/AbstractRegionBSPTreeTest_OE25Dev_geom_left_921_1.java:[471,9] cannot find symbol
[ERROR]   symbol:   method assertContainsSegment(java.util.List<org.apache.commons.geometry.core.partitioning.test.TestLineSegment>,org.apache.commons.geometry.core.partitioning.test.TestPoint2D,org.apache.commons.geometry.core.partitioning.test.TestPoint2D)
[ERROR]   location: class org.apache.commons.geometry.core.partitioning.bsp.AbstractRegionBSPTreeTest_OE25Dev_geom_left_921_1
[ERROR] /home/tasfia/Desktop/OE25-DEV/projects_decomposed/commons-geometry/commons-geometry-core/src/test/java/org/apache/commons/geometry/core/partitioning/bsp/AbstractRegionBSPTreeTest_OE25Dev_geom_left_921_1.java:[472,9] cannot find symbol
[ERROR]   symbol:   method assertContainsSegment(java.util.List<org.apache.commons.geometry.core.partitioning.test.TestLineSegment>,org.apache.commons.geometry.core.partitioning.test.TestPoint2D,org.apache.commons.geometry.core.partitioning.test.TestPoint2D)
[ERROR]   location: class org.apache.commons.geometry.core.partitioning.bsp.AbstractRegionBSPTreeTest_OE25Dev_geom_left_921_1
[ERROR] /home/tasfia/Desktop/OE25-DEV/projects_decomposed/commons-geometry/commons-geometry-core/src/test/java/org/apache/commons/geometry/core/partitioning/bsp/AbstractRegionBSPTreeTest_OE25Dev_geom_left_921_1.java:[473,9] cannot find symbol
[ERROR]   symbol:   method assertContainsSegment(java.util.List<org.apache.commons.geometry.core.partitioning.test.TestLineSegment>,org.apache.commons.geometry.core.partitioning.test.TestPoint2D,org.apache.commons.geometry.core.partitioning.test.TestPoint2D)
[ERROR]   location: class org.apache.commons.geometry.core.partitioning.bsp.AbstractRegionBSPTreeTest_OE25Dev_geom_left_921_1
[ERROR] /home/tasfia/Desktop/OE25-DEV/projects_decomposed/commons-geometry/commons-geometry-core/src/test/java/org/apache/commons/geometry/core/partitioning/bsp/AbstractRegionBSPTreeTest_OE25Dev_geom_left_921_1.java:[500,9] cannot find symbol
[ERROR]   symbol:   method assertContainsSegment(java.util.List<org.apache.commons.geometry.core.partitioning.test.TestLineSegment>,org.apache.commons.geometry.core.partitioning.test.TestPoint2D,org.apache.commons.geometry.core.partitioning.test.TestPoint2D)
[ERROR]   location: class org.apache.commons.geometry.core.partitioning.bsp.AbstractRegionBSPTreeTest_OE25Dev_geom_left_921_1
[ERROR] /home/tasfia/Desktop/OE25-DEV/projects_decomposed/commons-geometry/commons-geometry-core/src/test/java/org/apache/commons/geometry/core/partitioning/bsp/AbstractRegionBSPTreeTest_OE25Dev_geom_left_921_1.java:[501,9] cannot find symbol
[ERROR]   symbol:   method assertContainsSegment(java.util.List<org.apache.commons.geometry.core.partitioning.test.TestLineSegment>,org.apache.commons.geometry.core.partitioning.test.TestPoint2D,org.apache.commons.geometry.core.partitioning.test.TestPoint2D)
[ERROR]   location: class org.apache.commons.geometry.core.partitioning.bsp.AbstractRegionBSPTreeTest_OE25Dev_geom_left_921_1
[ERROR] /home/tasfia/Desktop/OE25-DEV/projects_decomposed/commons-geometry/commons-geometry-core/src/test/java/org/apache/commons/geometry/core/partitioning/bsp/AbstractRegionBSPTreeTest_OE25Dev_geom_left_921_1.java:[502,9] cannot find symbol
[ERROR]   symbol:   method assertContainsSegment(java.util.List<org.apache.commons.geometry.core.partitioning.test.TestLineSegment>,org.apache.commons.geometry.core.partitioning.test.TestPoint2D,org.apache.commons.geometry.core.partitioning.test.TestPoint2D)
[ERROR]   location: class org.apache.commons.geometry.core.partitioning.bsp.AbstractRegionBSPTreeTest_OE25Dev_geom_left_921_1
[ERROR] /home/tasfia/Desktop/OE25-DEV/projects_decomposed/commons-geometry/commons-geometry-core/src/test/java/org/apache/commons/geometry/core/partitioning/bsp/AbstractRegionBSPTreeTest_OE25Dev_geom_left_921_1.java:[503,9] cannot find symbol
[ERROR]   symbol:   method assertContainsSegment(java.util.List<org.apache.commons.geometry.core.partitioning.test.TestLineSegment>,org.apache.commons.geometry.core.partitioning.test.TestPoint2D,org.apache.commons.geometry.core.partitioning.test.TestPoint2D)
[ERROR]   location: class org.apache.commons.geometry.core.partitioning.bsp.AbstractRegionBSPTreeTest_OE25Dev_geom_left_921_1
[ERROR] /home/tasfia/Desktop/OE25-DEV/projects_decomposed/commons-geometry/commons-geometry-core/src/test/java/org/apache/commons/geometry/core/partitioning/bsp/AbstractRegionBSPTreeTest_OE25Dev_geom_left_921_1.java:[521,9] cannot find symbol
[ERROR]   symbol:   method assertContainsSegment(java.util.List<org.apache.commons.geometry.core.partitioning.test.TestLineSegment>,org.apache.commons.geometry.core.partitioning.test.TestPoint2D,org.apache.commons.geometry.core.partitioning.test.TestPoint2D)
[ERROR]   location: class org.apache.commons.geometry.core.partitioning.bsp.AbstractRegionBSPTreeTest_OE25Dev_geom_left_921_1
[ERROR] /home/tasfia/Desktop/OE25-DEV/projects_decomposed/commons-geometry/commons-geometry-core/src/test/java/org/apache/commons/geometry/core/partitioning/bsp/AbstractRegionBSPTreeTest_OE25Dev_geom_left_921_1.java:[522,9] cannot find symbol
[ERROR]   symbol:   method assertContainsSegment(java.util.List<org.apache.commons.geometry.core.partitioning.test.TestLineSegment>,org.apache.commons.geometry.core.partitioning.test.TestPoint2D,org.apache.commons.geometry.core.partitioning.test.TestPoint2D)
[ERROR]   location: class org.apache.commons.geometry.core.partitioning.bsp.AbstractRegionBSPTreeTest_OE25Dev_geom_left_921_1
[ERROR] /home/tasfia/Desktop/OE25-DEV/projects_decomposed/commons-geometry/commons-geometry-core/src/test/java/org/apache/commons/geometry/core/partitioning/bsp/AbstractRegionBSPTreeTest_OE25Dev_geom_left_921_1.java:[523,9] cannot find symbol
[ERROR]   symbol:   method assertContainsSegment(java.util.List<org.apache.commons.geometry.core.partitioning.test.TestLineSegment>,org.apache.commons.geometry.core.partitioning.test.TestPoint2D,org.apache.commons.geometry.core.partitioning.test.TestPoint2D)
[ERROR]   location: class org.apache.commons.geometry.core.partitioning.bsp.AbstractRegionBSPTreeTest_OE25Dev_geom_left_921_1
[ERROR] /home/tasfia/Desktop/OE25-DEV/projects_decomposed/commons-geometry/commons-geometry-core/src/test/java/org/apache/commons/geometry/core/partitioning/bsp/AbstractRegionBSPTreeTest_OE25Dev_geom_left_921_1.java:[524,9] cannot find symbol
[ERROR]   symbol:   method assertContainsSegment(java.util.List<org.apache.commons.geometry.core.partitioning.test.TestLineSegment>,org.apache.commons.geometry.core.partitioning.test.TestPoint2D,org.apache.commons.geometry.core.partitioning.test.TestPoint2D)
[ERROR]   location: class org.apache.commons.geometry.core.partitioning.bsp.AbstractRegionBSPTreeTest_OE25Dev_geom_left_921_1
[ERROR] -> [Help 1]
[ERROR] 
[ERROR] To see the full stack trace of the errors, re-run Maven with the -e switch.
[ERROR] Re-run Maven using the -X switch to enable full debug logging.
[ERROR] 
[ERROR] For more information about the errors and possible solutions, please read the following articles:
[ERROR] [Help 1] http://cwiki.apache.org/confluence/display/MAVEN/MojoFailureException
