[ERROR] COMPILATION ERROR : 
[ERROR] /home/tasfia/Desktop/OE25-DEV/projects_decomposed/commons-geometry/commons-geometry-spherical/src/test/java/org/apache/commons/geometry/spherical/twod/GreatArcTest_OE25Dev_geom_left_518_1.java:[60,13] cannot find symbol
  symbol:   method checkClassify(org.apache.commons.geometry.spherical.twod.GreatArc,org.apache.commons.geometry.core.RegionLocation,org.apache.commons.geometry.spherical.twod.Point2S)
  location: class org.apache.commons.geometry.spherical.twod.GreatArcTest_OE25Dev_geom_left_518_1
[ERROR] /home/tasfia/Desktop/OE25-DEV/projects_decomposed/commons-geometry/commons-geometry-spherical/src/test/java/org/apache/commons/geometry/spherical/twod/GreatArcTest_OE25Dev_geom_left_518_1.java:[63,9] cannot find symbol
  symbol:   method checkClassify(org.apache.commons.geometry.spherical.twod.GreatArc,org.apache.commons.geometry.core.RegionLocation,org.apache.commons.geometry.spherical.twod.Point2S,org.apache.commons.geometry.spherical.twod.Point2S,org.apache.commons.geometry.spherical.twod.Point2S,org.apache.commons.geometry.spherical.twod.Point2S)
  location: class org.apache.commons.geometry.spherical.twod.GreatArcTest_OE25Dev_geom_left_518_1
[ERROR] /home/tasfia/Desktop/OE25-DEV/projects_decomposed/commons-geometry/commons-geometry-spherical/src/test/java/org/apache/commons/geometry/spherical/twod/GreatArcTest_OE25Dev_geom_left_518_1.java:[103,9] cannot find symbol
  symbol:   method checkClassify(org.apache.commons.geometry.spherical.twod.GreatArc,org.apache.commons.geometry.core.RegionLocation,org.apache.commons.geometry.spherical.twod.Point2S)
  location: class org.apache.commons.geometry.spherical.twod.GreatArcTest_OE25Dev_geom_left_518_1
[ERROR] /home/tasfia/Desktop/OE25-DEV/projects_decomposed/commons-geometry/commons-geometry-spherical/src/test/java/org/apache/commons/geometry/spherical/twod/GreatArcTest_OE25Dev_geom_left_518_1.java:[104,9] cannot find symbol
  symbol:   method checkClassify(org.apache.commons.geometry.spherical.twod.GreatArc,org.apache.commons.geometry.core.RegionLocation,org.apache.commons.geometry.spherical.twod.Point2S,org.apache.commons.geometry.spherical.twod.Point2S)
  location: class org.apache.commons.geometry.spherical.twod.GreatArcTest_OE25Dev_geom_left_518_1
[ERROR] /home/tasfia/Desktop/OE25-DEV/projects_decomposed/commons-geometry/commons-geometry-spherical/src/test/java/org/apache/commons/geometry/spherical/twod/GreatArcTest_OE25Dev_geom_left_518_1.java:[105,9] cannot find symbol
  symbol:   method checkClassify(org.apache.commons.geometry.spherical.twod.GreatArc,org.apache.commons.geometry.core.RegionLocation,org.apache.commons.geometry.spherical.twod.Point2S,org.apache.commons.geometry.spherical.twod.Point2S,org.apache.commons.geometry.spherical.twod.Point2S)
  location: class org.apache.commons.geometry.spherical.twod.GreatArcTest_OE25Dev_geom_left_518_1
[ERROR] /home/tasfia/Desktop/OE25-DEV/projects_decomposed/commons-geometry/commons-geometry-spherical/src/test/java/org/apache/commons/geometry/spherical/twod/GreatArcTest_OE25Dev_geom_left_518_1.java:[129,9] cannot find symbol
  symbol:   method checkClassify(org.apache.commons.geometry.spherical.twod.GreatArc,org.apache.commons.geometry.core.RegionLocation,org.apache.commons.geometry.spherical.twod.Point2S)
  location: class org.apache.commons.geometry.spherical.twod.GreatArcTest_OE25Dev_geom_left_518_1
[ERROR] /home/tasfia/Desktop/OE25-DEV/projects_decomposed/commons-geometry/commons-geometry-spherical/src/test/java/org/apache/commons/geometry/spherical/twod/GreatArcTest_OE25Dev_geom_left_518_1.java:[130,9] cannot find symbol
  symbol:   method checkClassify(org.apache.commons.geometry.spherical.twod.GreatArc,org.apache.commons.geometry.core.RegionLocation,org.apache.commons.geometry.spherical.twod.Point2S,org.apache.commons.geometry.spherical.twod.Point2S)
  location: class org.apache.commons.geometry.spherical.twod.GreatArcTest_OE25Dev_geom_left_518_1
[ERROR] /home/tasfia/Desktop/OE25-DEV/projects_decomposed/commons-geometry/commons-geometry-spherical/src/test/java/org/apache/commons/geometry/spherical/twod/GreatArcTest_OE25Dev_geom_left_518_1.java:[131,9] cannot find symbol
  symbol:   method checkClassify(org.apache.commons.geometry.spherical.twod.GreatArc,org.apache.commons.geometry.core.RegionLocation,org.apache.commons.geometry.spherical.twod.Point2S)
  location: class org.apache.commons.geometry.spherical.twod.GreatArcTest_OE25Dev_geom_left_518_1
[ERROR] /home/tasfia/Desktop/OE25-DEV/projects_decomposed/commons-geometry/commons-geometry-spherical/src/test/java/org/apache/commons/geometry/spherical/twod/GreatArcTest_OE25Dev_geom_left_518_1.java:[259,9] cannot find symbol
  symbol:   method checkClassify(org.apache.commons.geometry.spherical.twod.GreatArc,org.apache.commons.geometry.core.RegionLocation,org.apache.commons.geometry.spherical.twod.Point2S)
  location: class org.apache.commons.geometry.spherical.twod.GreatArcTest_OE25Dev_geom_left_518_1
[ERROR] /home/tasfia/Desktop/OE25-DEV/projects_decomposed/commons-geometry/commons-geometry-spherical/src/test/java/org/apache/commons/geometry/spherical/twod/GreatArcTest_OE25Dev_geom_left_518_1.java:[260,9] cannot find symbol
  symbol:   method checkClassify(org.apache.commons.geometry.spherical.twod.GreatArc,org.apache.commons.geometry.core.RegionLocation,org.apache.commons.geometry.spherical.twod.Point2S)
  location: class org.apache.commons.geometry.spherical.twod.GreatArcTest_OE25Dev_geom_left_518_1
[ERROR] /home/tasfia/Desktop/OE25-DEV/projects_decomposed/commons-geometry/commons-geometry-spherical/src/test/java/org/apache/commons/geometry/spherical/twod/GreatArcTest_OE25Dev_geom_left_518_1.java:[265,9] cannot find symbol
  symbol:   method checkClassify(org.apache.commons.geometry.spherical.twod.GreatArc,org.apache.commons.geometry.core.RegionLocation,org.apache.commons.geometry.spherical.twod.Point2S)
  location: class org.apache.commons.geometry.spherical.twod.GreatArcTest_OE25Dev_geom_left_518_1
[ERROR] /home/tasfia/Desktop/OE25-DEV/projects_decomposed/commons-geometry/commons-geometry-spherical/src/test/java/org/apache/commons/geometry/spherical/twod/GreatArcTest_OE25Dev_geom_left_518_1.java:[266,9] cannot find symbol
  symbol:   method checkClassify(org.apache.commons.geometry.spherical.twod.GreatArc,org.apache.commons.geometry.core.RegionLocation,org.apache.commons.geometry.spherical.twod.Point2S)
  location: class org.apache.commons.geometry.spherical.twod.GreatArcTest_OE25Dev_geom_left_518_1
[ERROR] /home/tasfia/Desktop/OE25-DEV/projects_decomposed/commons-geometry/commons-geometry-spherical/src/test/java/org/apache/commons/geometry/spherical/twod/GreatArcTest_OE25Dev_geom_left_518_1.java:[376,9] cannot find symbol
  symbol:   method checkClassify(org.apache.commons.geometry.spherical.twod.GreatArc,org.apache.commons.geometry.core.RegionLocation,org.apache.commons.geometry.spherical.twod.Point2S,org.apache.commons.geometry.spherical.twod.Point2S)
  location: class org.apache.commons.geometry.spherical.twod.GreatArcTest_OE25Dev_geom_left_518_1
[ERROR] /home/tasfia/Desktop/OE25-DEV/projects_decomposed/commons-geometry/commons-geometry-spherical/src/test/java/org/apache/commons/geometry/spherical/twod/GreatArcTest_OE25Dev_geom_left_518_1.java:[380,9] cannot find symbol
  symbol:   method checkClassify(org.apache.commons.geometry.spherical.twod.GreatArc,org.apache.commons.geometry.core.RegionLocation,org.apache.commons.geometry.spherical.twod.Point2S)
  location: class org.apache.commons.geometry.spherical.twod.GreatArcTest_OE25Dev_geom_left_518_1
[ERROR] /home/tasfia/Desktop/OE25-DEV/projects_decomposed/commons-geometry/commons-geometry-spherical/src/test/java/org/apache/commons/geometry/spherical/twod/GreatArcTest_OE25Dev_geom_left_518_1.java:[381,9] cannot find symbol
  symbol:   method checkClassify(org.apache.commons.geometry.spherical.twod.GreatArc,org.apache.commons.geometry.core.RegionLocation,org.apache.commons.geometry.spherical.twod.Point2S)
  location: class org.apache.commons.geometry.spherical.twod.GreatArcTest_OE25Dev_geom_left_518_1
[ERROR] Failed to execute goal org.apache.maven.plugins:maven-compiler-plugin:3.8.1:testCompile (default-testCompile) on project commons-geometry-spherical: Compilation failure: Compilation failure: 
[ERROR] /home/tasfia/Desktop/OE25-DEV/projects_decomposed/commons-geometry/commons-geometry-spherical/src/test/java/org/apache/commons/geometry/spherical/twod/GreatArcTest_OE25Dev_geom_left_518_1.java:[60,13] cannot find symbol
[ERROR]   symbol:   method checkClassify(org.apache.commons.geometry.spherical.twod.GreatArc,org.apache.commons.geometry.core.RegionLocation,org.apache.commons.geometry.spherical.twod.Point2S)
[ERROR]   location: class org.apache.commons.geometry.spherical.twod.GreatArcTest_OE25Dev_geom_left_518_1
[ERROR] /home/tasfia/Desktop/OE25-DEV/projects_decomposed/commons-geometry/commons-geometry-spherical/src/test/java/org/apache/commons/geometry/spherical/twod/GreatArcTest_OE25Dev_geom_left_518_1.java:[63,9] cannot find symbol
[ERROR]   symbol:   method checkClassify(org.apache.commons.geometry.spherical.twod.GreatArc,org.apache.commons.geometry.core.RegionLocation,org.apache.commons.geometry.spherical.twod.Point2S,org.apache.commons.geometry.spherical.twod.Point2S,org.apache.commons.geometry.spherical.twod.Point2S,org.apache.commons.geometry.spherical.twod.Point2S)
[ERROR]   location: class org.apache.commons.geometry.spherical.twod.GreatArcTest_OE25Dev_geom_left_518_1
[ERROR] /home/tasfia/Desktop/OE25-DEV/projects_decomposed/commons-geometry/commons-geometry-spherical/src/test/java/org/apache/commons/geometry/spherical/twod/GreatArcTest_OE25Dev_geom_left_518_1.java:[103,9] cannot find symbol
[ERROR]   symbol:   method checkClassify(org.apache.commons.geometry.spherical.twod.GreatArc,org.apache.commons.geometry.core.RegionLocation,org.apache.commons.geometry.spherical.twod.Point2S)
[ERROR]   location: class org.apache.commons.geometry.spherical.twod.GreatArcTest_OE25Dev_geom_left_518_1
[ERROR] /home/tasfia/Desktop/OE25-DEV/projects_decomposed/commons-geometry/commons-geometry-spherical/src/test/java/org/apache/commons/geometry/spherical/twod/GreatArcTest_OE25Dev_geom_left_518_1.java:[104,9] cannot find symbol
[ERROR]   symbol:   method checkClassify(org.apache.commons.geometry.spherical.twod.GreatArc,org.apache.commons.geometry.core.RegionLocation,org.apache.commons.geometry.spherical.twod.Point2S,org.apache.commons.geometry.spherical.twod.Point2S)
[ERROR]   location: class org.apache.commons.geometry.spherical.twod.GreatArcTest_OE25Dev_geom_left_518_1
[ERROR] /home/tasfia/Desktop/OE25-DEV/projects_decomposed/commons-geometry/commons-geometry-spherical/src/test/java/org/apache/commons/geometry/spherical/twod/GreatArcTest_OE25Dev_geom_left_518_1.java:[105,9] cannot find symbol
[ERROR]   symbol:   method checkClassify(org.apache.commons.geometry.spherical.twod.GreatArc,org.apache.commons.geometry.core.RegionLocation,org.apache.commons.geometry.spherical.twod.Point2S,org.apache.commons.geometry.spherical.twod.Point2S,org.apache.commons.geometry.spherical.twod.Point2S)
[ERROR]   location: class org.apache.commons.geometry.spherical.twod.GreatArcTest_OE25Dev_geom_left_518_1
[ERROR] /home/tasfia/Desktop/OE25-DEV/projects_decomposed/commons-geometry/commons-geometry-spherical/src/test/java/org/apache/commons/geometry/spherical/twod/GreatArcTest_OE25Dev_geom_left_518_1.java:[129,9] cannot find symbol
[ERROR]   symbol:   method checkClassify(org.apache.commons.geometry.spherical.twod.GreatArc,org.apache.commons.geometry.core.RegionLocation,org.apache.commons.geometry.spherical.twod.Point2S)
[ERROR]   location: class org.apache.commons.geometry.spherical.twod.GreatArcTest_OE25Dev_geom_left_518_1
[ERROR] /home/tasfia/Desktop/OE25-DEV/projects_decomposed/commons-geometry/commons-geometry-spherical/src/test/java/org/apache/commons/geometry/spherical/twod/GreatArcTest_OE25Dev_geom_left_518_1.java:[130,9] cannot find symbol
[ERROR]   symbol:   method checkClassify(org.apache.commons.geometry.spherical.twod.GreatArc,org.apache.commons.geometry.core.RegionLocation,org.apache.commons.geometry.spherical.twod.Point2S,org.apache.commons.geometry.spherical.twod.Point2S)
[ERROR]   location: class org.apache.commons.geometry.spherical.twod.GreatArcTest_OE25Dev_geom_left_518_1
[ERROR] /home/tasfia/Desktop/OE25-DEV/projects_decomposed/commons-geometry/commons-geometry-spherical/src/test/java/org/apache/commons/geometry/spherical/twod/GreatArcTest_OE25Dev_geom_left_518_1.java:[131,9] cannot find symbol
[ERROR]   symbol:   method checkClassify(org.apache.commons.geometry.spherical.twod.GreatArc,org.apache.commons.geometry.core.RegionLocation,org.apache.commons.geometry.spherical.twod.Point2S)
[ERROR]   location: class org.apache.commons.geometry.spherical.twod.GreatArcTest_OE25Dev_geom_left_518_1
[ERROR] /home/tasfia/Desktop/OE25-DEV/projects_decomposed/commons-geometry/commons-geometry-spherical/src/test/java/org/apache/commons/geometry/spherical/twod/GreatArcTest_OE25Dev_geom_left_518_1.java:[259,9] cannot find symbol
[ERROR]   symbol:   method checkClassify(org.apache.commons.geometry.spherical.twod.GreatArc,org.apache.commons.geometry.core.RegionLocation,org.apache.commons.geometry.spherical.twod.Point2S)
[ERROR]   location: class org.apache.commons.geometry.spherical.twod.GreatArcTest_OE25Dev_geom_left_518_1
[ERROR] /home/tasfia/Desktop/OE25-DEV/projects_decomposed/commons-geometry/commons-geometry-spherical/src/test/java/org/apache/commons/geometry/spherical/twod/GreatArcTest_OE25Dev_geom_left_518_1.java:[260,9] cannot find symbol
[ERROR]   symbol:   method checkClassify(org.apache.commons.geometry.spherical.twod.GreatArc,org.apache.commons.geometry.core.RegionLocation,org.apache.commons.geometry.spherical.twod.Point2S)
[ERROR]   location: class org.apache.commons.geometry.spherical.twod.GreatArcTest_OE25Dev_geom_left_518_1
[ERROR] /home/tasfia/Desktop/OE25-DEV/projects_decomposed/commons-geometry/commons-geometry-spherical/src/test/java/org/apache/commons/geometry/spherical/twod/GreatArcTest_OE25Dev_geom_left_518_1.java:[265,9] cannot find symbol
[ERROR]   symbol:   method checkClassify(org.apache.commons.geometry.spherical.twod.GreatArc,org.apache.commons.geometry.core.RegionLocation,org.apache.commons.geometry.spherical.twod.Point2S)
[ERROR]   location: class org.apache.commons.geometry.spherical.twod.GreatArcTest_OE25Dev_geom_left_518_1
[ERROR] /home/tasfia/Desktop/OE25-DEV/projects_decomposed/commons-geometry/commons-geometry-spherical/src/test/java/org/apache/commons/geometry/spherical/twod/GreatArcTest_OE25Dev_geom_left_518_1.java:[266,9] cannot find symbol
[ERROR]   symbol:   method checkClassify(org.apache.commons.geometry.spherical.twod.GreatArc,org.apache.commons.geometry.core.RegionLocation,org.apache.commons.geometry.spherical.twod.Point2S)
[ERROR]   location: class org.apache.commons.geometry.spherical.twod.GreatArcTest_OE25Dev_geom_left_518_1
[ERROR] /home/tasfia/Desktop/OE25-DEV/projects_decomposed/commons-geometry/commons-geometry-spherical/src/test/java/org/apache/commons/geometry/spherical/twod/GreatArcTest_OE25Dev_geom_left_518_1.java:[376,9] cannot find symbol
[ERROR]   symbol:   method checkClassify(org.apache.commons.geometry.spherical.twod.GreatArc,org.apache.commons.geometry.core.RegionLocation,org.apache.commons.geometry.spherical.twod.Point2S,org.apache.commons.geometry.spherical.twod.Point2S)
[ERROR]   location: class org.apache.commons.geometry.spherical.twod.GreatArcTest_OE25Dev_geom_left_518_1
[ERROR] /home/tasfia/Desktop/OE25-DEV/projects_decomposed/commons-geometry/commons-geometry-spherical/src/test/java/org/apache/commons/geometry/spherical/twod/GreatArcTest_OE25Dev_geom_left_518_1.java:[380,9] cannot find symbol
[ERROR]   symbol:   method checkClassify(org.apache.commons.geometry.spherical.twod.GreatArc,org.apache.commons.geometry.core.RegionLocation,org.apache.commons.geometry.spherical.twod.Point2S)
[ERROR]   location: class org.apache.commons.geometry.spherical.twod.GreatArcTest_OE25Dev_geom_left_518_1
[ERROR] /home/tasfia/Desktop/OE25-DEV/projects_decomposed/commons-geometry/commons-geometry-spherical/src/test/java/org/apache/commons/geometry/spherical/twod/GreatArcTest_OE25Dev_geom_left_518_1.java:[381,9] cannot find symbol
[ERROR]   symbol:   method checkClassify(org.apache.commons.geometry.spherical.twod.GreatArc,org.apache.commons.geometry.core.RegionLocation,org.apache.commons.geometry.spherical.twod.Point2S)
[ERROR]   location: class org.apache.commons.geometry.spherical.twod.GreatArcTest_OE25Dev_geom_left_518_1
[ERROR] -> [Help 1]
[ERROR] 
[ERROR] To see the full stack trace of the errors, re-run Maven with the -e switch.
[ERROR] Re-run Maven using the -X switch to enable full debug logging.
[ERROR] 
[ERROR] For more information about the errors and possible solutions, please read the following articles:
[ERROR] [Help 1] http://cwiki.apache.org/confluence/display/MAVEN/MojoFailureException
