[ERROR] COMPILATION ERROR : 
[ERROR] /home/tasfia/Desktop/OE25-DEV/projects_decomposed/commons-geometry/commons-geometry-euclidean/src/test/java/org/apache/commons/geometry/euclidean/twod/shape/CircleTest_OE25Dev_geom_left_2272_1.java:[292,9] cannot find symbol
  symbol:   method assertFiniteSegment(org.apache.commons.geometry.euclidean.twod.LineConvexSubset,org.apache.commons.geometry.euclidean.twod.Vector2D,org.apache.commons.geometry.euclidean.twod.Vector2D)
  location: class org.apache.commons.geometry.euclidean.twod.shape.CircleTest_OE25Dev_geom_left_2272_1
[ERROR] /home/tasfia/Desktop/OE25-DEV/projects_decomposed/commons-geometry/commons-geometry-euclidean/src/test/java/org/apache/commons/geometry/euclidean/twod/shape/CircleTest_OE25Dev_geom_left_2272_1.java:[293,9] cannot find symbol
  symbol:   method assertFiniteSegment(org.apache.commons.geometry.euclidean.twod.LineConvexSubset,org.apache.commons.geometry.euclidean.twod.Vector2D,org.apache.commons.geometry.euclidean.twod.Vector2D)
  location: class org.apache.commons.geometry.euclidean.twod.shape.CircleTest_OE25Dev_geom_left_2272_1
[ERROR] /home/tasfia/Desktop/OE25-DEV/projects_decomposed/commons-geometry/commons-geometry-euclidean/src/test/java/org/apache/commons/geometry/euclidean/twod/shape/CircleTest_OE25Dev_geom_left_2272_1.java:[294,9] cannot find symbol
  symbol:   method assertFiniteSegment(org.apache.commons.geometry.euclidean.twod.LineConvexSubset,org.apache.commons.geometry.euclidean.twod.Vector2D,org.apache.commons.geometry.euclidean.twod.Vector2D)
  location: class org.apache.commons.geometry.euclidean.twod.shape.CircleTest_OE25Dev_geom_left_2272_1
[ERROR] /home/tasfia/Desktop/OE25-DEV/projects_decomposed/commons-geometry/commons-geometry-euclidean/src/test/java/org/apache/commons/geometry/euclidean/twod/shape/CircleTest_OE25Dev_geom_left_2272_1.java:[318,9] cannot find symbol
  symbol:   method assertFiniteSegment(org.apache.commons.geometry.euclidean.twod.LineConvexSubset,org.apache.commons.geometry.euclidean.twod.Vector2D,org.apache.commons.geometry.euclidean.twod.Vector2D)
  location: class org.apache.commons.geometry.euclidean.twod.shape.CircleTest_OE25Dev_geom_left_2272_1
[ERROR] /home/tasfia/Desktop/OE25-DEV/projects_decomposed/commons-geometry/commons-geometry-euclidean/src/test/java/org/apache/commons/geometry/euclidean/twod/shape/CircleTest_OE25Dev_geom_left_2272_1.java:[319,9] cannot find symbol
  symbol:   method assertFiniteSegment(org.apache.commons.geometry.euclidean.twod.LineConvexSubset,org.apache.commons.geometry.euclidean.twod.Vector2D,org.apache.commons.geometry.euclidean.twod.Vector2D)
  location: class org.apache.commons.geometry.euclidean.twod.shape.CircleTest_OE25Dev_geom_left_2272_1
[ERROR] /home/tasfia/Desktop/OE25-DEV/projects_decomposed/commons-geometry/commons-geometry-euclidean/src/test/java/org/apache/commons/geometry/euclidean/twod/shape/CircleTest_OE25Dev_geom_left_2272_1.java:[320,9] cannot find symbol
  symbol:   method assertFiniteSegment(org.apache.commons.geometry.euclidean.twod.LineConvexSubset,org.apache.commons.geometry.euclidean.twod.Vector2D,org.apache.commons.geometry.euclidean.twod.Vector2D)
  location: class org.apache.commons.geometry.euclidean.twod.shape.CircleTest_OE25Dev_geom_left_2272_1
[ERROR] /home/tasfia/Desktop/OE25-DEV/projects_decomposed/commons-geometry/commons-geometry-euclidean/src/test/java/org/apache/commons/geometry/euclidean/twod/shape/CircleTest_OE25Dev_geom_left_2272_1.java:[321,9] cannot find symbol
  symbol:   method assertFiniteSegment(org.apache.commons.geometry.euclidean.twod.LineConvexSubset,org.apache.commons.geometry.euclidean.twod.Vector2D,org.apache.commons.geometry.euclidean.twod.Vector2D)
  location: class org.apache.commons.geometry.euclidean.twod.shape.CircleTest_OE25Dev_geom_left_2272_1
[ERROR] Failed to execute goal org.apache.maven.plugins:maven-compiler-plugin:3.8.1:testCompile (default-testCompile) on project commons-geometry-euclidean: Compilation failure: Compilation failure: 
[ERROR] /home/tasfia/Desktop/OE25-DEV/projects_decomposed/commons-geometry/commons-geometry-euclidean/src/test/java/org/apache/commons/geometry/euclidean/twod/shape/CircleTest_OE25Dev_geom_left_2272_1.java:[292,9] cannot find symbol
[ERROR]   symbol:   method assertFiniteSegment(org.apache.commons.geometry.euclidean.twod.LineConvexSubset,org.apache.commons.geometry.euclidean.twod.Vector2D,org.apache.commons.geometry.euclidean.twod.Vector2D)
[ERROR]   location: class org.apache.commons.geometry.euclidean.twod.shape.CircleTest_OE25Dev_geom_left_2272_1
[ERROR] /home/tasfia/Desktop/OE25-DEV/projects_decomposed/commons-geometry/commons-geometry-euclidean/src/test/java/org/apache/commons/geometry/euclidean/twod/shape/CircleTest_OE25Dev_geom_left_2272_1.java:[293,9] cannot find symbol
[ERROR]   symbol:   method assertFiniteSegment(org.apache.commons.geometry.euclidean.twod.LineConvexSubset,org.apache.commons.geometry.euclidean.twod.Vector2D,org.apache.commons.geometry.euclidean.twod.Vector2D)
[ERROR]   location: class org.apache.commons.geometry.euclidean.twod.shape.CircleTest_OE25Dev_geom_left_2272_1
[ERROR] /home/tasfia/Desktop/OE25-DEV/projects_decomposed/commons-geometry/commons-geometry-euclidean/src/test/java/org/apache/commons/geometry/euclidean/twod/shape/CircleTest_OE25Dev_geom_left_2272_1.java:[294,9] cannot find symbol
[ERROR]   symbol:   method assertFiniteSegment(org.apache.commons.geometry.euclidean.twod.LineConvexSubset,org.apache.commons.geometry.euclidean.twod.Vector2D,org.apache.commons.geometry.euclidean.twod.Vector2D)
[ERROR]   location: class org.apache.commons.geometry.euclidean.twod.shape.CircleTest_OE25Dev_geom_left_2272_1
[ERROR] /home/tasfia/Desktop/OE25-DEV/projects_decomposed/commons-geometry/commons-geometry-euclidean/src/test/java/org/apache/commons/geometry/euclidean/twod/shape/CircleTest_OE25Dev_geom_left_2272_1.java:[318,9] cannot find symbol
[ERROR]   symbol:   method assertFiniteSegment(org.apache.commons.geometry.euclidean.twod.LineConvexSubset,org.apache.commons.geometry.euclidean.twod.Vector2D,org.apache.commons.geometry.euclidean.twod.Vector2D)
[ERROR]   location: class org.apache.commons.geometry.euclidean.twod.shape.CircleTest_OE25Dev_geom_left_2272_1
[ERROR] /home/tasfia/Desktop/OE25-DEV/projects_decomposed/commons-geometry/commons-geometry-euclidean/src/test/java/org/apache/commons/geometry/euclidean/twod/shape/CircleTest_OE25Dev_geom_left_2272_1.java:[319,9] cannot find symbol
[ERROR]   symbol:   method assertFiniteSegment(org.apache.commons.geometry.euclidean.twod.LineConvexSubset,org.apache.commons.geometry.euclidean.twod.Vector2D,org.apache.commons.geometry.euclidean.twod.Vector2D)
[ERROR]   location: class org.apache.commons.geometry.euclidean.twod.shape.CircleTest_OE25Dev_geom_left_2272_1
[ERROR] /home/tasfia/Desktop/OE25-DEV/projects_decomposed/commons-geometry/commons-geometry-euclidean/src/test/java/org/apache/commons/geometry/euclidean/twod/shape/CircleTest_OE25Dev_geom_left_2272_1.java:[320,9] cannot find symbol
[ERROR]   symbol:   method assertFiniteSegment(org.apache.commons.geometry.euclidean.twod.LineConvexSubset,org.apache.commons.geometry.euclidean.twod.Vector2D,org.apache.commons.geometry.euclidean.twod.Vector2D)
[ERROR]   location: class org.apache.commons.geometry.euclidean.twod.shape.CircleTest_OE25Dev_geom_left_2272_1
[ERROR] /home/tasfia/Desktop/OE25-DEV/projects_decomposed/commons-geometry/commons-geometry-euclidean/src/test/java/org/apache/commons/geometry/euclidean/twod/shape/CircleTest_OE25Dev_geom_left_2272_1.java:[321,9] cannot find symbol
[ERROR]   symbol:   method assertFiniteSegment(org.apache.commons.geometry.euclidean.twod.LineConvexSubset,org.apache.commons.geometry.euclidean.twod.Vector2D,org.apache.commons.geometry.euclidean.twod.Vector2D)
[ERROR]   location: class org.apache.commons.geometry.euclidean.twod.shape.CircleTest_OE25Dev_geom_left_2272_1
[ERROR] -> [Help 1]
[ERROR] 
[ERROR] To see the full stack trace of the errors, re-run Maven with the -e switch.
[ERROR] Re-run Maven using the -X switch to enable full debug logging.
[ERROR] 
[ERROR] For more information about the errors and possible solutions, please read the following articles:
[ERROR] [Help 1] http://cwiki.apache.org/confluence/display/MAVEN/MojoFailureException
