[ERROR] COMPILATION ERROR : 
[ERROR] /home/tasfia/Desktop/OE25-DEV/projects_decomposed/commons-geometry/commons-geometry-euclidean/src/test/java/org/apache/commons/geometry/euclidean/threed/SphericalCoordinatesTest_OE25Dev_geom_left_1609_2.java:[166,9] cannot find symbol
  symbol:   method checkVector(org.apache.commons.geometry.euclidean.threed.Vector3D,int,int,int)
  location: class org.apache.commons.geometry.euclidean.threed.SphericalCoordinatesTest_OE25Dev_geom_left_1609_2
[ERROR] /home/tasfia/Desktop/OE25-DEV/projects_decomposed/commons-geometry/commons-geometry-euclidean/src/test/java/org/apache/commons/geometry/euclidean/threed/SphericalCoordinatesTest_OE25Dev_geom_left_1609_2.java:[168,9] cannot find symbol
  symbol:   method checkVector(org.apache.commons.geometry.euclidean.threed.Vector3D,int,int,int)
  location: class org.apache.commons.geometry.euclidean.threed.SphericalCoordinatesTest_OE25Dev_geom_left_1609_2
[ERROR] /home/tasfia/Desktop/OE25-DEV/projects_decomposed/commons-geometry/commons-geometry-euclidean/src/test/java/org/apache/commons/geometry/euclidean/threed/SphericalCoordinatesTest_OE25Dev_geom_left_1609_2.java:[169,9] cannot find symbol
  symbol:   method checkVector(org.apache.commons.geometry.euclidean.threed.Vector3D,int,int,int)
  location: class org.apache.commons.geometry.euclidean.threed.SphericalCoordinatesTest_OE25Dev_geom_left_1609_2
[ERROR] /home/tasfia/Desktop/OE25-DEV/projects_decomposed/commons-geometry/commons-geometry-euclidean/src/test/java/org/apache/commons/geometry/euclidean/threed/SphericalCoordinatesTest_OE25Dev_geom_left_1609_2.java:[171,9] cannot find symbol
  symbol:   method checkVector(org.apache.commons.geometry.euclidean.threed.Vector3D,int,int,int)
  location: class org.apache.commons.geometry.euclidean.threed.SphericalCoordinatesTest_OE25Dev_geom_left_1609_2
[ERROR] /home/tasfia/Desktop/OE25-DEV/projects_decomposed/commons-geometry/commons-geometry-euclidean/src/test/java/org/apache/commons/geometry/euclidean/threed/SphericalCoordinatesTest_OE25Dev_geom_left_1609_2.java:[172,9] cannot find symbol
  symbol:   method checkVector(org.apache.commons.geometry.euclidean.threed.Vector3D,int,int,int)
  location: class org.apache.commons.geometry.euclidean.threed.SphericalCoordinatesTest_OE25Dev_geom_left_1609_2
[ERROR] /home/tasfia/Desktop/OE25-DEV/projects_decomposed/commons-geometry/commons-geometry-euclidean/src/test/java/org/apache/commons/geometry/euclidean/threed/SphericalCoordinatesTest_OE25Dev_geom_left_1609_2.java:[174,9] cannot find symbol
  symbol:   method checkVector(org.apache.commons.geometry.euclidean.threed.Vector3D,int,int,int)
  location: class org.apache.commons.geometry.euclidean.threed.SphericalCoordinatesTest_OE25Dev_geom_left_1609_2
[ERROR] /home/tasfia/Desktop/OE25-DEV/projects_decomposed/commons-geometry/commons-geometry-euclidean/src/test/java/org/apache/commons/geometry/euclidean/threed/SphericalCoordinatesTest_OE25Dev_geom_left_1609_2.java:[175,9] cannot find symbol
  symbol:   method checkVector(org.apache.commons.geometry.euclidean.threed.Vector3D,int,int,int)
  location: class org.apache.commons.geometry.euclidean.threed.SphericalCoordinatesTest_OE25Dev_geom_left_1609_2
[ERROR] /home/tasfia/Desktop/OE25-DEV/projects_decomposed/commons-geometry/commons-geometry-euclidean/src/test/java/org/apache/commons/geometry/euclidean/threed/SphericalCoordinatesTest_OE25Dev_geom_left_1609_2.java:[177,9] cannot find symbol
  symbol:   method checkVector(org.apache.commons.geometry.euclidean.threed.Vector3D,int,int,int)
  location: class org.apache.commons.geometry.euclidean.threed.SphericalCoordinatesTest_OE25Dev_geom_left_1609_2
[ERROR] /home/tasfia/Desktop/OE25-DEV/projects_decomposed/commons-geometry/commons-geometry-euclidean/src/test/java/org/apache/commons/geometry/euclidean/threed/SphericalCoordinatesTest_OE25Dev_geom_left_1609_2.java:[178,9] cannot find symbol
  symbol:   method checkVector(org.apache.commons.geometry.euclidean.threed.Vector3D,int,int,int)
  location: class org.apache.commons.geometry.euclidean.threed.SphericalCoordinatesTest_OE25Dev_geom_left_1609_2
[ERROR] /home/tasfia/Desktop/OE25-DEV/projects_decomposed/commons-geometry/commons-geometry-euclidean/src/test/java/org/apache/commons/geometry/euclidean/threed/SphericalCoordinatesTest_OE25Dev_geom_left_1609_2.java:[187,9] cannot find symbol
  symbol:   method checkVector(org.apache.commons.geometry.euclidean.threed.Vector3D,int,int,int)
  location: class org.apache.commons.geometry.euclidean.threed.SphericalCoordinatesTest_OE25Dev_geom_left_1609_2
[ERROR] /home/tasfia/Desktop/OE25-DEV/projects_decomposed/commons-geometry/commons-geometry-euclidean/src/test/java/org/apache/commons/geometry/euclidean/threed/SphericalCoordinatesTest_OE25Dev_geom_left_1609_2.java:[189,9] cannot find symbol
  symbol:   method checkVector(org.apache.commons.geometry.euclidean.threed.Vector3D,int,int,int)
  location: class org.apache.commons.geometry.euclidean.threed.SphericalCoordinatesTest_OE25Dev_geom_left_1609_2
[ERROR] /home/tasfia/Desktop/OE25-DEV/projects_decomposed/commons-geometry/commons-geometry-euclidean/src/test/java/org/apache/commons/geometry/euclidean/threed/SphericalCoordinatesTest_OE25Dev_geom_left_1609_2.java:[190,9] cannot find symbol
  symbol:   method checkVector(org.apache.commons.geometry.euclidean.threed.Vector3D,int,int,int)
  location: class org.apache.commons.geometry.euclidean.threed.SphericalCoordinatesTest_OE25Dev_geom_left_1609_2
[ERROR] /home/tasfia/Desktop/OE25-DEV/projects_decomposed/commons-geometry/commons-geometry-euclidean/src/test/java/org/apache/commons/geometry/euclidean/threed/SphericalCoordinatesTest_OE25Dev_geom_left_1609_2.java:[192,9] cannot find symbol
  symbol:   method checkVector(org.apache.commons.geometry.euclidean.threed.Vector3D,int,int,int)
  location: class org.apache.commons.geometry.euclidean.threed.SphericalCoordinatesTest_OE25Dev_geom_left_1609_2
[ERROR] /home/tasfia/Desktop/OE25-DEV/projects_decomposed/commons-geometry/commons-geometry-euclidean/src/test/java/org/apache/commons/geometry/euclidean/threed/SphericalCoordinatesTest_OE25Dev_geom_left_1609_2.java:[193,9] cannot find symbol
  symbol:   method checkVector(org.apache.commons.geometry.euclidean.threed.Vector3D,int,int,int)
  location: class org.apache.commons.geometry.euclidean.threed.SphericalCoordinatesTest_OE25Dev_geom_left_1609_2
[ERROR] /home/tasfia/Desktop/OE25-DEV/projects_decomposed/commons-geometry/commons-geometry-euclidean/src/test/java/org/apache/commons/geometry/euclidean/threed/SphericalCoordinatesTest_OE25Dev_geom_left_1609_2.java:[195,9] cannot find symbol
  symbol:   method checkVector(org.apache.commons.geometry.euclidean.threed.Vector3D,int,int,int)
  location: class org.apache.commons.geometry.euclidean.threed.SphericalCoordinatesTest_OE25Dev_geom_left_1609_2
[ERROR] /home/tasfia/Desktop/OE25-DEV/projects_decomposed/commons-geometry/commons-geometry-euclidean/src/test/java/org/apache/commons/geometry/euclidean/threed/SphericalCoordinatesTest_OE25Dev_geom_left_1609_2.java:[196,9] cannot find symbol
  symbol:   method checkVector(org.apache.commons.geometry.euclidean.threed.Vector3D,int,int,int)
  location: class org.apache.commons.geometry.euclidean.threed.SphericalCoordinatesTest_OE25Dev_geom_left_1609_2
[ERROR] /home/tasfia/Desktop/OE25-DEV/projects_decomposed/commons-geometry/commons-geometry-euclidean/src/test/java/org/apache/commons/geometry/euclidean/threed/SphericalCoordinatesTest_OE25Dev_geom_left_1609_2.java:[198,9] cannot find symbol
  symbol:   method checkVector(org.apache.commons.geometry.euclidean.threed.Vector3D,int,int,int)
  location: class org.apache.commons.geometry.euclidean.threed.SphericalCoordinatesTest_OE25Dev_geom_left_1609_2
[ERROR] /home/tasfia/Desktop/OE25-DEV/projects_decomposed/commons-geometry/commons-geometry-euclidean/src/test/java/org/apache/commons/geometry/euclidean/threed/SphericalCoordinatesTest_OE25Dev_geom_left_1609_2.java:[199,9] cannot find symbol
  symbol:   method checkVector(org.apache.commons.geometry.euclidean.threed.Vector3D,int,int,int)
  location: class org.apache.commons.geometry.euclidean.threed.SphericalCoordinatesTest_OE25Dev_geom_left_1609_2
[ERROR] Failed to execute goal org.apache.maven.plugins:maven-compiler-plugin:3.8.1:testCompile (default-testCompile) on project commons-geometry-euclidean: Compilation failure: Compilation failure: 
[ERROR] /home/tasfia/Desktop/OE25-DEV/projects_decomposed/commons-geometry/commons-geometry-euclidean/src/test/java/org/apache/commons/geometry/euclidean/threed/SphericalCoordinatesTest_OE25Dev_geom_left_1609_2.java:[166,9] cannot find symbol
[ERROR]   symbol:   method checkVector(org.apache.commons.geometry.euclidean.threed.Vector3D,int,int,int)
[ERROR]   location: class org.apache.commons.geometry.euclidean.threed.SphericalCoordinatesTest_OE25Dev_geom_left_1609_2
[ERROR] /home/tasfia/Desktop/OE25-DEV/projects_decomposed/commons-geometry/commons-geometry-euclidean/src/test/java/org/apache/commons/geometry/euclidean/threed/SphericalCoordinatesTest_OE25Dev_geom_left_1609_2.java:[168,9] cannot find symbol
[ERROR]   symbol:   method checkVector(org.apache.commons.geometry.euclidean.threed.Vector3D,int,int,int)
[ERROR]   location: class org.apache.commons.geometry.euclidean.threed.SphericalCoordinatesTest_OE25Dev_geom_left_1609_2
[ERROR] /home/tasfia/Desktop/OE25-DEV/projects_decomposed/commons-geometry/commons-geometry-euclidean/src/test/java/org/apache/commons/geometry/euclidean/threed/SphericalCoordinatesTest_OE25Dev_geom_left_1609_2.java:[169,9] cannot find symbol
[ERROR]   symbol:   method checkVector(org.apache.commons.geometry.euclidean.threed.Vector3D,int,int,int)
[ERROR]   location: class org.apache.commons.geometry.euclidean.threed.SphericalCoordinatesTest_OE25Dev_geom_left_1609_2
[ERROR] /home/tasfia/Desktop/OE25-DEV/projects_decomposed/commons-geometry/commons-geometry-euclidean/src/test/java/org/apache/commons/geometry/euclidean/threed/SphericalCoordinatesTest_OE25Dev_geom_left_1609_2.java:[171,9] cannot find symbol
[ERROR]   symbol:   method checkVector(org.apache.commons.geometry.euclidean.threed.Vector3D,int,int,int)
[ERROR]   location: class org.apache.commons.geometry.euclidean.threed.SphericalCoordinatesTest_OE25Dev_geom_left_1609_2
[ERROR] /home/tasfia/Desktop/OE25-DEV/projects_decomposed/commons-geometry/commons-geometry-euclidean/src/test/java/org/apache/commons/geometry/euclidean/threed/SphericalCoordinatesTest_OE25Dev_geom_left_1609_2.java:[172,9] cannot find symbol
[ERROR]   symbol:   method checkVector(org.apache.commons.geometry.euclidean.threed.Vector3D,int,int,int)
[ERROR]   location: class org.apache.commons.geometry.euclidean.threed.SphericalCoordinatesTest_OE25Dev_geom_left_1609_2
[ERROR] /home/tasfia/Desktop/OE25-DEV/projects_decomposed/commons-geometry/commons-geometry-euclidean/src/test/java/org/apache/commons/geometry/euclidean/threed/SphericalCoordinatesTest_OE25Dev_geom_left_1609_2.java:[174,9] cannot find symbol
[ERROR]   symbol:   method checkVector(org.apache.commons.geometry.euclidean.threed.Vector3D,int,int,int)
[ERROR]   location: class org.apache.commons.geometry.euclidean.threed.SphericalCoordinatesTest_OE25Dev_geom_left_1609_2
[ERROR] /home/tasfia/Desktop/OE25-DEV/projects_decomposed/commons-geometry/commons-geometry-euclidean/src/test/java/org/apache/commons/geometry/euclidean/threed/SphericalCoordinatesTest_OE25Dev_geom_left_1609_2.java:[175,9] cannot find symbol
[ERROR]   symbol:   method checkVector(org.apache.commons.geometry.euclidean.threed.Vector3D,int,int,int)
[ERROR]   location: class org.apache.commons.geometry.euclidean.threed.SphericalCoordinatesTest_OE25Dev_geom_left_1609_2
[ERROR] /home/tasfia/Desktop/OE25-DEV/projects_decomposed/commons-geometry/commons-geometry-euclidean/src/test/java/org/apache/commons/geometry/euclidean/threed/SphericalCoordinatesTest_OE25Dev_geom_left_1609_2.java:[177,9] cannot find symbol
[ERROR]   symbol:   method checkVector(org.apache.commons.geometry.euclidean.threed.Vector3D,int,int,int)
[ERROR]   location: class org.apache.commons.geometry.euclidean.threed.SphericalCoordinatesTest_OE25Dev_geom_left_1609_2
[ERROR] /home/tasfia/Desktop/OE25-DEV/projects_decomposed/commons-geometry/commons-geometry-euclidean/src/test/java/org/apache/commons/geometry/euclidean/threed/SphericalCoordinatesTest_OE25Dev_geom_left_1609_2.java:[178,9] cannot find symbol
[ERROR]   symbol:   method checkVector(org.apache.commons.geometry.euclidean.threed.Vector3D,int,int,int)
[ERROR]   location: class org.apache.commons.geometry.euclidean.threed.SphericalCoordinatesTest_OE25Dev_geom_left_1609_2
[ERROR] /home/tasfia/Desktop/OE25-DEV/projects_decomposed/commons-geometry/commons-geometry-euclidean/src/test/java/org/apache/commons/geometry/euclidean/threed/SphericalCoordinatesTest_OE25Dev_geom_left_1609_2.java:[187,9] cannot find symbol
[ERROR]   symbol:   method checkVector(org.apache.commons.geometry.euclidean.threed.Vector3D,int,int,int)
[ERROR]   location: class org.apache.commons.geometry.euclidean.threed.SphericalCoordinatesTest_OE25Dev_geom_left_1609_2
[ERROR] /home/tasfia/Desktop/OE25-DEV/projects_decomposed/commons-geometry/commons-geometry-euclidean/src/test/java/org/apache/commons/geometry/euclidean/threed/SphericalCoordinatesTest_OE25Dev_geom_left_1609_2.java:[189,9] cannot find symbol
[ERROR]   symbol:   method checkVector(org.apache.commons.geometry.euclidean.threed.Vector3D,int,int,int)
[ERROR]   location: class org.apache.commons.geometry.euclidean.threed.SphericalCoordinatesTest_OE25Dev_geom_left_1609_2
[ERROR] /home/tasfia/Desktop/OE25-DEV/projects_decomposed/commons-geometry/commons-geometry-euclidean/src/test/java/org/apache/commons/geometry/euclidean/threed/SphericalCoordinatesTest_OE25Dev_geom_left_1609_2.java:[190,9] cannot find symbol
[ERROR]   symbol:   method checkVector(org.apache.commons.geometry.euclidean.threed.Vector3D,int,int,int)
[ERROR]   location: class org.apache.commons.geometry.euclidean.threed.SphericalCoordinatesTest_OE25Dev_geom_left_1609_2
[ERROR] /home/tasfia/Desktop/OE25-DEV/projects_decomposed/commons-geometry/commons-geometry-euclidean/src/test/java/org/apache/commons/geometry/euclidean/threed/SphericalCoordinatesTest_OE25Dev_geom_left_1609_2.java:[192,9] cannot find symbol
[ERROR]   symbol:   method checkVector(org.apache.commons.geometry.euclidean.threed.Vector3D,int,int,int)
[ERROR]   location: class org.apache.commons.geometry.euclidean.threed.SphericalCoordinatesTest_OE25Dev_geom_left_1609_2
[ERROR] /home/tasfia/Desktop/OE25-DEV/projects_decomposed/commons-geometry/commons-geometry-euclidean/src/test/java/org/apache/commons/geometry/euclidean/threed/SphericalCoordinatesTest_OE25Dev_geom_left_1609_2.java:[193,9] cannot find symbol
[ERROR]   symbol:   method checkVector(org.apache.commons.geometry.euclidean.threed.Vector3D,int,int,int)
[ERROR]   location: class org.apache.commons.geometry.euclidean.threed.SphericalCoordinatesTest_OE25Dev_geom_left_1609_2
[ERROR] /home/tasfia/Desktop/OE25-DEV/projects_decomposed/commons-geometry/commons-geometry-euclidean/src/test/java/org/apache/commons/geometry/euclidean/threed/SphericalCoordinatesTest_OE25Dev_geom_left_1609_2.java:[195,9] cannot find symbol
[ERROR]   symbol:   method checkVector(org.apache.commons.geometry.euclidean.threed.Vector3D,int,int,int)
[ERROR]   location: class org.apache.commons.geometry.euclidean.threed.SphericalCoordinatesTest_OE25Dev_geom_left_1609_2
[ERROR] /home/tasfia/Desktop/OE25-DEV/projects_decomposed/commons-geometry/commons-geometry-euclidean/src/test/java/org/apache/commons/geometry/euclidean/threed/SphericalCoordinatesTest_OE25Dev_geom_left_1609_2.java:[196,9] cannot find symbol
[ERROR]   symbol:   method checkVector(org.apache.commons.geometry.euclidean.threed.Vector3D,int,int,int)
[ERROR]   location: class org.apache.commons.geometry.euclidean.threed.SphericalCoordinatesTest_OE25Dev_geom_left_1609_2
[ERROR] /home/tasfia/Desktop/OE25-DEV/projects_decomposed/commons-geometry/commons-geometry-euclidean/src/test/java/org/apache/commons/geometry/euclidean/threed/SphericalCoordinatesTest_OE25Dev_geom_left_1609_2.java:[198,9] cannot find symbol
[ERROR]   symbol:   method checkVector(org.apache.commons.geometry.euclidean.threed.Vector3D,int,int,int)
[ERROR]   location: class org.apache.commons.geometry.euclidean.threed.SphericalCoordinatesTest_OE25Dev_geom_left_1609_2
[ERROR] /home/tasfia/Desktop/OE25-DEV/projects_decomposed/commons-geometry/commons-geometry-euclidean/src/test/java/org/apache/commons/geometry/euclidean/threed/SphericalCoordinatesTest_OE25Dev_geom_left_1609_2.java:[199,9] cannot find symbol
[ERROR]   symbol:   method checkVector(org.apache.commons.geometry.euclidean.threed.Vector3D,int,int,int)
[ERROR]   location: class org.apache.commons.geometry.euclidean.threed.SphericalCoordinatesTest_OE25Dev_geom_left_1609_2
[ERROR] -> [Help 1]
[ERROR] 
[ERROR] To see the full stack trace of the errors, re-run Maven with the -e switch.
[ERROR] Re-run Maven using the -X switch to enable full debug logging.
[ERROR] 
[ERROR] For more information about the errors and possible solutions, please read the following articles:
[ERROR] [Help 1] http://cwiki.apache.org/confluence/display/MAVEN/MojoFailureException
