[ERROR] COMPILATION ERROR : 
[ERROR] /home/tasfia/Desktop/OE25-DEV/projects_decomposed/commons-rng/commons-rng-core/src/test/java/org/apache/commons/rng/core/RandomAssert_OE25Dev_rng_left_24_9.java:[408,9] class, interface, or enum expected
[ERROR] /home/tasfia/Desktop/OE25-DEV/projects_decomposed/commons-rng/commons-rng-core/src/test/java/org/apache/commons/rng/core/RandomAssert_OE25Dev_rng_left_24_9.java:[408,25] class, interface, or enum expected
[ERROR] /home/tasfia/Desktop/OE25-DEV/projects_decomposed/commons-rng/commons-rng-core/src/test/java/org/apache/commons/rng/core/RandomAssert_OE25Dev_rng_left_24_9.java:[408,33] class, interface, or enum expected
[ERROR] /home/tasfia/Desktop/OE25-DEV/projects_decomposed/commons-rng/commons-rng-core/src/test/java/org/apache/commons/rng/core/RandomAssert_OE25Dev_rng_left_24_9.java:[411,25] class, interface, or enum expected
[ERROR] /home/tasfia/Desktop/OE25-DEV/projects_decomposed/commons-rng/commons-rng-core/src/test/java/org/apache/commons/rng/core/RandomAssert_OE25Dev_rng_left_24_9.java:[411,32] class, interface, or enum expected
[ERROR] /home/tasfia/Desktop/OE25-DEV/projects_decomposed/commons-rng/commons-rng-core/src/test/java/org/apache/commons/rng/core/RandomAssert_OE25Dev_rng_left_24_9.java:[412,29] class, interface, or enum expected
[ERROR] /home/tasfia/Desktop/OE25-DEV/projects_decomposed/commons-rng/commons-rng-core/src/test/java/org/apache/commons/rng/core/RandomAssert_OE25Dev_rng_left_24_9.java:[412,36] class, interface, or enum expected
[ERROR] /home/tasfia/Desktop/OE25-DEV/projects_decomposed/commons-rng/commons-rng-core/src/test/java/org/apache/commons/rng/core/RandomAssert_OE25Dev_rng_left_24_9.java:[413,23] class, interface, or enum expected
[ERROR] /home/tasfia/Desktop/OE25-DEV/projects_decomposed/commons-rng/commons-rng-core/src/test/java/org/apache/commons/rng/core/RandomAssert_OE25Dev_rng_left_24_9.java:[415,13] class, interface, or enum expected
[ERROR] /home/tasfia/Desktop/OE25-DEV/projects_decomposed/commons-rng/commons-rng-core/src/test/java/org/apache/commons/rng/core/RandomAssert_OE25Dev_rng_left_24_9.java:[417,25] class, interface, or enum expected
[ERROR] /home/tasfia/Desktop/OE25-DEV/projects_decomposed/commons-rng/commons-rng-core/src/test/java/org/apache/commons/rng/core/RandomAssert_OE25Dev_rng_left_24_9.java:[417,33] class, interface, or enum expected
[ERROR] /home/tasfia/Desktop/OE25-DEV/projects_decomposed/commons-rng/commons-rng-core/src/test/java/org/apache/commons/rng/core/RandomAssert_OE25Dev_rng_left_24_9.java:[420,25] class, interface, or enum expected
[ERROR] /home/tasfia/Desktop/OE25-DEV/projects_decomposed/commons-rng/commons-rng-core/src/test/java/org/apache/commons/rng/core/RandomAssert_OE25Dev_rng_left_24_9.java:[420,32] class, interface, or enum expected
[ERROR] /home/tasfia/Desktop/OE25-DEV/projects_decomposed/commons-rng/commons-rng-core/src/test/java/org/apache/commons/rng/core/RandomAssert_OE25Dev_rng_left_24_9.java:[421,29] class, interface, or enum expected
[ERROR] /home/tasfia/Desktop/OE25-DEV/projects_decomposed/commons-rng/commons-rng-core/src/test/java/org/apache/commons/rng/core/RandomAssert_OE25Dev_rng_left_24_9.java:[421,36] class, interface, or enum expected
[ERROR] /home/tasfia/Desktop/OE25-DEV/projects_decomposed/commons-rng/commons-rng-core/src/test/java/org/apache/commons/rng/core/RandomAssert_OE25Dev_rng_left_24_9.java:[422,23] class, interface, or enum expected
[ERROR] /home/tasfia/Desktop/OE25-DEV/projects_decomposed/commons-rng/commons-rng-core/src/test/java/org/apache/commons/rng/core/RandomAssert_OE25Dev_rng_left_24_9.java:[424,13] class, interface, or enum expected
[ERROR] /home/tasfia/Desktop/OE25-DEV/projects_decomposed/commons-rng/commons-rng-core/src/test/java/org/apache/commons/rng/core/RandomAssert_OE25Dev_rng_left_24_9.java:[426,25] class, interface, or enum expected
[ERROR] /home/tasfia/Desktop/OE25-DEV/projects_decomposed/commons-rng/commons-rng-core/src/test/java/org/apache/commons/rng/core/RandomAssert_OE25Dev_rng_left_24_9.java:[426,34] class, interface, or enum expected
[ERROR] /home/tasfia/Desktop/OE25-DEV/projects_decomposed/commons-rng/commons-rng-core/src/test/java/org/apache/commons/rng/core/RandomAssert_OE25Dev_rng_left_24_9.java:[429,25] class, interface, or enum expected
[ERROR] /home/tasfia/Desktop/OE25-DEV/projects_decomposed/commons-rng/commons-rng-core/src/test/java/org/apache/commons/rng/core/RandomAssert_OE25Dev_rng_left_24_9.java:[429,33] class, interface, or enum expected
[ERROR] /home/tasfia/Desktop/OE25-DEV/projects_decomposed/commons-rng/commons-rng-core/src/test/java/org/apache/commons/rng/core/RandomAssert_OE25Dev_rng_left_24_9.java:[433,15] class, interface, or enum expected
[ERROR] /home/tasfia/Desktop/OE25-DEV/projects_decomposed/commons-rng/commons-rng-core/src/test/java/org/apache/commons/rng/core/RandomAssert_OE25Dev_rng_left_24_9.java:[434,15] class, interface, or enum expected
[ERROR] /home/tasfia/Desktop/OE25-DEV/projects_decomposed/commons-rng/commons-rng-core/src/test/java/org/apache/commons/rng/core/RandomAssert_OE25Dev_rng_left_24_9.java:[435,15] class, interface, or enum expected
[ERROR] /home/tasfia/Desktop/OE25-DEV/projects_decomposed/commons-rng/commons-rng-core/src/test/java/org/apache/commons/rng/core/RandomAssert_OE25Dev_rng_left_24_9.java:[437,9] class, interface, or enum expected
[ERROR] /home/tasfia/Desktop/OE25-DEV/projects_decomposed/commons-rng/commons-rng-core/src/test/java/org/apache/commons/rng/core/RandomAssert_OE25Dev_rng_left_24_9.java:[437,25] class, interface, or enum expected
[ERROR] /home/tasfia/Desktop/OE25-DEV/projects_decomposed/commons-rng/commons-rng-core/src/test/java/org/apache/commons/rng/core/RandomAssert_OE25Dev_rng_left_24_9.java:[437,32] class, interface, or enum expected
[ERROR] /home/tasfia/Desktop/OE25-DEV/projects_decomposed/commons-rng/commons-rng-core/src/test/java/org/apache/commons/rng/core/RandomAssert_OE25Dev_rng_left_24_9.java:[439,13] class, interface, or enum expected
[ERROR] /home/tasfia/Desktop/OE25-DEV/projects_decomposed/commons-rng/commons-rng-core/src/test/java/org/apache/commons/rng/core/RandomAssert_OE25Dev_rng_left_24_9.java:[440,13] class, interface, or enum expected
[ERROR] /home/tasfia/Desktop/OE25-DEV/projects_decomposed/commons-rng/commons-rng-core/src/test/java/org/apache/commons/rng/core/RandomAssert_OE25Dev_rng_left_24_9.java:[442,1] class, interface, or enum expected
[ERROR] Failed to execute goal org.apache.maven.plugins:maven-compiler-plugin:3.8.1:testCompile (default-testCompile) on project commons-rng-core: Compilation failure: Compilation failure: 
[ERROR] /home/tasfia/Desktop/OE25-DEV/projects_decomposed/commons-rng/commons-rng-core/src/test/java/org/apache/commons/rng/core/RandomAssert_OE25Dev_rng_left_24_9.java:[408,9] class, interface, or enum expected
[ERROR] /home/tasfia/Desktop/OE25-DEV/projects_decomposed/commons-rng/commons-rng-core/src/test/java/org/apache/commons/rng/core/RandomAssert_OE25Dev_rng_left_24_9.java:[408,25] class, interface, or enum expected
[ERROR] /home/tasfia/Desktop/OE25-DEV/projects_decomposed/commons-rng/commons-rng-core/src/test/java/org/apache/commons/rng/core/RandomAssert_OE25Dev_rng_left_24_9.java:[408,33] class, interface, or enum expected
[ERROR] /home/tasfia/Desktop/OE25-DEV/projects_decomposed/commons-rng/commons-rng-core/src/test/java/org/apache/commons/rng/core/RandomAssert_OE25Dev_rng_left_24_9.java:[411,25] class, interface, or enum expected
[ERROR] /home/tasfia/Desktop/OE25-DEV/projects_decomposed/commons-rng/commons-rng-core/src/test/java/org/apache/commons/rng/core/RandomAssert_OE25Dev_rng_left_24_9.java:[411,32] class, interface, or enum expected
[ERROR] /home/tasfia/Desktop/OE25-DEV/projects_decomposed/commons-rng/commons-rng-core/src/test/java/org/apache/commons/rng/core/RandomAssert_OE25Dev_rng_left_24_9.java:[412,29] class, interface, or enum expected
[ERROR] /home/tasfia/Desktop/OE25-DEV/projects_decomposed/commons-rng/commons-rng-core/src/test/java/org/apache/commons/rng/core/RandomAssert_OE25Dev_rng_left_24_9.java:[412,36] class, interface, or enum expected
[ERROR] /home/tasfia/Desktop/OE25-DEV/projects_decomposed/commons-rng/commons-rng-core/src/test/java/org/apache/commons/rng/core/RandomAssert_OE25Dev_rng_left_24_9.java:[413,23] class, interface, or enum expected
[ERROR] /home/tasfia/Desktop/OE25-DEV/projects_decomposed/commons-rng/commons-rng-core/src/test/java/org/apache/commons/rng/core/RandomAssert_OE25Dev_rng_left_24_9.java:[415,13] class, interface, or enum expected
[ERROR] /home/tasfia/Desktop/OE25-DEV/projects_decomposed/commons-rng/commons-rng-core/src/test/java/org/apache/commons/rng/core/RandomAssert_OE25Dev_rng_left_24_9.java:[417,25] class, interface, or enum expected
[ERROR] /home/tasfia/Desktop/OE25-DEV/projects_decomposed/commons-rng/commons-rng-core/src/test/java/org/apache/commons/rng/core/RandomAssert_OE25Dev_rng_left_24_9.java:[417,33] class, interface, or enum expected
[ERROR] /home/tasfia/Desktop/OE25-DEV/projects_decomposed/commons-rng/commons-rng-core/src/test/java/org/apache/commons/rng/core/RandomAssert_OE25Dev_rng_left_24_9.java:[420,25] class, interface, or enum expected
[ERROR] /home/tasfia/Desktop/OE25-DEV/projects_decomposed/commons-rng/commons-rng-core/src/test/java/org/apache/commons/rng/core/RandomAssert_OE25Dev_rng_left_24_9.java:[420,32] class, interface, or enum expected
[ERROR] /home/tasfia/Desktop/OE25-DEV/projects_decomposed/commons-rng/commons-rng-core/src/test/java/org/apache/commons/rng/core/RandomAssert_OE25Dev_rng_left_24_9.java:[421,29] class, interface, or enum expected
[ERROR] /home/tasfia/Desktop/OE25-DEV/projects_decomposed/commons-rng/commons-rng-core/src/test/java/org/apache/commons/rng/core/RandomAssert_OE25Dev_rng_left_24_9.java:[421,36] class, interface, or enum expected
[ERROR] /home/tasfia/Desktop/OE25-DEV/projects_decomposed/commons-rng/commons-rng-core/src/test/java/org/apache/commons/rng/core/RandomAssert_OE25Dev_rng_left_24_9.java:[422,23] class, interface, or enum expected
[ERROR] /home/tasfia/Desktop/OE25-DEV/projects_decomposed/commons-rng/commons-rng-core/src/test/java/org/apache/commons/rng/core/RandomAssert_OE25Dev_rng_left_24_9.java:[424,13] class, interface, or enum expected
[ERROR] /home/tasfia/Desktop/OE25-DEV/projects_decomposed/commons-rng/commons-rng-core/src/test/java/org/apache/commons/rng/core/RandomAssert_OE25Dev_rng_left_24_9.java:[426,25] class, interface, or enum expected
[ERROR] /home/tasfia/Desktop/OE25-DEV/projects_decomposed/commons-rng/commons-rng-core/src/test/java/org/apache/commons/rng/core/RandomAssert_OE25Dev_rng_left_24_9.java:[426,34] class, interface, or enum expected
[ERROR] /home/tasfia/Desktop/OE25-DEV/projects_decomposed/commons-rng/commons-rng-core/src/test/java/org/apache/commons/rng/core/RandomAssert_OE25Dev_rng_left_24_9.java:[429,25] class, interface, or enum expected
[ERROR] /home/tasfia/Desktop/OE25-DEV/projects_decomposed/commons-rng/commons-rng-core/src/test/java/org/apache/commons/rng/core/RandomAssert_OE25Dev_rng_left_24_9.java:[429,33] class, interface, or enum expected
[ERROR] /home/tasfia/Desktop/OE25-DEV/projects_decomposed/commons-rng/commons-rng-core/src/test/java/org/apache/commons/rng/core/RandomAssert_OE25Dev_rng_left_24_9.java:[433,15] class, interface, or enum expected
[ERROR] /home/tasfia/Desktop/OE25-DEV/projects_decomposed/commons-rng/commons-rng-core/src/test/java/org/apache/commons/rng/core/RandomAssert_OE25Dev_rng_left_24_9.java:[434,15] class, interface, or enum expected
[ERROR] /home/tasfia/Desktop/OE25-DEV/projects_decomposed/commons-rng/commons-rng-core/src/test/java/org/apache/commons/rng/core/RandomAssert_OE25Dev_rng_left_24_9.java:[435,15] class, interface, or enum expected
[ERROR] /home/tasfia/Desktop/OE25-DEV/projects_decomposed/commons-rng/commons-rng-core/src/test/java/org/apache/commons/rng/core/RandomAssert_OE25Dev_rng_left_24_9.java:[437,9] class, interface, or enum expected
[ERROR] /home/tasfia/Desktop/OE25-DEV/projects_decomposed/commons-rng/commons-rng-core/src/test/java/org/apache/commons/rng/core/RandomAssert_OE25Dev_rng_left_24_9.java:[437,25] class, interface, or enum expected
[ERROR] /home/tasfia/Desktop/OE25-DEV/projects_decomposed/commons-rng/commons-rng-core/src/test/java/org/apache/commons/rng/core/RandomAssert_OE25Dev_rng_left_24_9.java:[437,32] class, interface, or enum expected
[ERROR] /home/tasfia/Desktop/OE25-DEV/projects_decomposed/commons-rng/commons-rng-core/src/test/java/org/apache/commons/rng/core/RandomAssert_OE25Dev_rng_left_24_9.java:[439,13] class, interface, or enum expected
[ERROR] /home/tasfia/Desktop/OE25-DEV/projects_decomposed/commons-rng/commons-rng-core/src/test/java/org/apache/commons/rng/core/RandomAssert_OE25Dev_rng_left_24_9.java:[440,13] class, interface, or enum expected
[ERROR] /home/tasfia/Desktop/OE25-DEV/projects_decomposed/commons-rng/commons-rng-core/src/test/java/org/apache/commons/rng/core/RandomAssert_OE25Dev_rng_left_24_9.java:[442,1] class, interface, or enum expected
[ERROR] -> [Help 1]
[ERROR] 
[ERROR] To see the full stack trace of the errors, re-run Maven with the -e switch.
[ERROR] Re-run Maven using the -X switch to enable full debug logging.
[ERROR] 
[ERROR] For more information about the errors and possible solutions, please read the following articles:
[ERROR] [Help 1] http://cwiki.apache.org/confluence/display/MAVEN/MojoFailureException
