[ERROR] COMPILATION ERROR : 
[ERROR] /home/tasfia/Desktop/OE25-DEV/projects_decomposed/commons-rng/commons-rng-examples/examples-stress/src/test/java/org/apache/commons/rng/examples/stress/HexTest_OE25Dev_rng_left_739_1.java:[45,13] cannot find symbol
  symbol:   method assertHexEncodeAndDecode(byte[])
  location: class org.apache.commons.rng.examples.stress.HexTest_OE25Dev_rng_left_739_1
[ERROR] /home/tasfia/Desktop/OE25-DEV/projects_decomposed/commons-rng/commons-rng-examples/examples-stress/src/test/java/org/apache/commons/rng/examples/stress/HexTest_OE25Dev_rng_left_739_1.java:[52,17] cannot find symbol
  symbol:   method assertHexEncodeAndDecode(byte[])
  location: class org.apache.commons.rng.examples.stress.HexTest_OE25Dev_rng_left_739_1
[ERROR] Failed to execute goal org.apache.maven.plugins:maven-compiler-plugin:3.8.1:testCompile (default-testCompile) on project commons-rng-examples-stress: Compilation failure: Compilation failure: 
[ERROR] /home/tasfia/Desktop/OE25-DEV/projects_decomposed/commons-rng/commons-rng-examples/examples-stress/src/test/java/org/apache/commons/rng/examples/stress/HexTest_OE25Dev_rng_left_739_1.java:[45,13] cannot find symbol
[ERROR]   symbol:   method assertHexEncodeAndDecode(byte[])
[ERROR]   location: class org.apache.commons.rng.examples.stress.HexTest_OE25Dev_rng_left_739_1
[ERROR] /home/tasfia/Desktop/OE25-DEV/projects_decomposed/commons-rng/commons-rng-examples/examples-stress/src/test/java/org/apache/commons/rng/examples/stress/HexTest_OE25Dev_rng_left_739_1.java:[52,17] cannot find symbol
[ERROR]   symbol:   method assertHexEncodeAndDecode(byte[])
[ERROR]   location: class org.apache.commons.rng.examples.stress.HexTest_OE25Dev_rng_left_739_1
[ERROR] -> [Help 1]
[ERROR] 
[ERROR] To see the full stack trace of the errors, re-run Maven with the -e switch.
[ERROR] Re-run Maven using the -X switch to enable full debug logging.
[ERROR] 
[ERROR] For more information about the errors and possible solutions, please read the following articles:
[ERROR] [Help 1] http://cwiki.apache.org/confluence/display/MAVEN/MojoFailureException
