[ERROR] COMPILATION ERROR : 
[ERROR] /home/tasfia/Desktop/OE25-DEV/projects_decomposed/commons-rng/commons-rng-examples/examples-stress/src/test/java/org/apache/commons/rng/examples/stress/RngDataOutputTest_OE25Dev_rng_left_752_1.java:[56,9] cannot find symbol
  symbol:   method assertRngOutput(org.apache.commons.rng.simple.RandomSource,java.util.function.UnaryOperator<java.lang.Object>,RngDataOut[...]teInt,RngDataOut[...]ofInt,java.nio.ByteOrder)
  location: class org.apache.commons.rng.examples.stress.RngDataOutputTest_OE25Dev_rng_left_752_1
[ERROR] /home/tasfia/Desktop/OE25-DEV/projects_decomposed/commons-rng/commons-rng-examples/examples-stress/src/test/java/org/apache/commons/rng/examples/stress/RngDataOutputTest_OE25Dev_rng_left_752_1.java:[64,9] cannot find symbol
  symbol:   method assertRngOutput(org.apache.commons.rng.simple.RandomSource,RNGUtils::[...]vider,RngDataOut[...]teInt,RngDataOut[...]ofInt,java.nio.ByteOrder)
  location: class org.apache.commons.rng.examples.stress.RngDataOutputTest_OE25Dev_rng_left_752_1
[ERROR] /home/tasfia/Desktop/OE25-DEV/projects_decomposed/commons-rng/commons-rng-examples/examples-stress/src/test/java/org/apache/commons/rng/examples/stress/RngDataOutputTest_OE25Dev_rng_left_752_1.java:[72,9] cannot find symbol
  symbol:   method assertRngOutput(org.apache.commons.rng.simple.RandomSource,java.util.function.UnaryOperator<java.lang.Object>,RngDataOut[...]eLong,RngDataOut[...]fLong,java.nio.ByteOrder)
  location: class org.apache.commons.rng.examples.stress.RngDataOutputTest_OE25Dev_rng_left_752_1
[ERROR] /home/tasfia/Desktop/OE25-DEV/projects_decomposed/commons-rng/commons-rng-examples/examples-stress/src/test/java/org/apache/commons/rng/examples/stress/RngDataOutputTest_OE25Dev_rng_left_752_1.java:[80,9] cannot find symbol
  symbol:   method assertRngOutput(org.apache.commons.rng.simple.RandomSource,RNGUtils::[...]vider,RngDataOut[...]eLong,RngDataOut[...]fLong,java.nio.ByteOrder)
  location: class org.apache.commons.rng.examples.stress.RngDataOutputTest_OE25Dev_rng_left_752_1
[ERROR] /home/tasfia/Desktop/OE25-DEV/projects_decomposed/commons-rng/commons-rng-examples/examples-stress/src/test/java/org/apache/commons/rng/examples/stress/RngDataOutputTest_OE25Dev_rng_left_752_1.java:[88,9] cannot find symbol
  symbol:   method assertRngOutput(org.apache.commons.rng.simple.RandomSource,(rng)->new[...]; } },RngDataOut[...]teInt,RngDataOut[...]AsInt,java.nio.ByteOrder)
  location: class org.apache.commons.rng.examples.stress.RngDataOutputTest_OE25Dev_rng_left_752_1
[ERROR] /home/tasfia/Desktop/OE25-DEV/projects_decomposed/commons-rng/commons-rng-examples/examples-stress/src/test/java/org/apache/commons/rng/examples/stress/RngDataOutputTest_OE25Dev_rng_left_752_1.java:[103,9] cannot find symbol
  symbol:   method assertRngOutput(org.apache.commons.rng.simple.RandomSource,(rng)->new[...]; } },RngDataOut[...]teInt,RngDataOut[...]AsInt,java.nio.ByteOrder)
  location: class org.apache.commons.rng.examples.stress.RngDataOutputTest_OE25Dev_rng_left_752_1
[ERROR] Failed to execute goal org.apache.maven.plugins:maven-compiler-plugin:3.8.1:testCompile (default-testCompile) on project commons-rng-examples-stress: Compilation failure: Compilation failure: 
[ERROR] /home/tasfia/Desktop/OE25-DEV/projects_decomposed/commons-rng/commons-rng-examples/examples-stress/src/test/java/org/apache/commons/rng/examples/stress/RngDataOutputTest_OE25Dev_rng_left_752_1.java:[56,9] cannot find symbol
[ERROR]   symbol:   method assertRngOutput(org.apache.commons.rng.simple.RandomSource,java.util.function.UnaryOperator<java.lang.Object>,RngDataOut[...]teInt,RngDataOut[...]ofInt,java.nio.ByteOrder)
[ERROR]   location: class org.apache.commons.rng.examples.stress.RngDataOutputTest_OE25Dev_rng_left_752_1
[ERROR] /home/tasfia/Desktop/OE25-DEV/projects_decomposed/commons-rng/commons-rng-examples/examples-stress/src/test/java/org/apache/commons/rng/examples/stress/RngDataOutputTest_OE25Dev_rng_left_752_1.java:[64,9] cannot find symbol
[ERROR]   symbol:   method assertRngOutput(org.apache.commons.rng.simple.RandomSource,RNGUtils::[...]vider,RngDataOut[...]teInt,RngDataOut[...]ofInt,java.nio.ByteOrder)
[ERROR]   location: class org.apache.commons.rng.examples.stress.RngDataOutputTest_OE25Dev_rng_left_752_1
[ERROR] /home/tasfia/Desktop/OE25-DEV/projects_decomposed/commons-rng/commons-rng-examples/examples-stress/src/test/java/org/apache/commons/rng/examples/stress/RngDataOutputTest_OE25Dev_rng_left_752_1.java:[72,9] cannot find symbol
[ERROR]   symbol:   method assertRngOutput(org.apache.commons.rng.simple.RandomSource,java.util.function.UnaryOperator<java.lang.Object>,RngDataOut[...]eLong,RngDataOut[...]fLong,java.nio.ByteOrder)
[ERROR]   location: class org.apache.commons.rng.examples.stress.RngDataOutputTest_OE25Dev_rng_left_752_1
[ERROR] /home/tasfia/Desktop/OE25-DEV/projects_decomposed/commons-rng/commons-rng-examples/examples-stress/src/test/java/org/apache/commons/rng/examples/stress/RngDataOutputTest_OE25Dev_rng_left_752_1.java:[80,9] cannot find symbol
[ERROR]   symbol:   method assertRngOutput(org.apache.commons.rng.simple.RandomSource,RNGUtils::[...]vider,RngDataOut[...]eLong,RngDataOut[...]fLong,java.nio.ByteOrder)
[ERROR]   location: class org.apache.commons.rng.examples.stress.RngDataOutputTest_OE25Dev_rng_left_752_1
[ERROR] /home/tasfia/Desktop/OE25-DEV/projects_decomposed/commons-rng/commons-rng-examples/examples-stress/src/test/java/org/apache/commons/rng/examples/stress/RngDataOutputTest_OE25Dev_rng_left_752_1.java:[88,9] cannot find symbol
[ERROR]   symbol:   method assertRngOutput(org.apache.commons.rng.simple.RandomSource,(rng)->new[...]; } },RngDataOut[...]teInt,RngDataOut[...]AsInt,java.nio.ByteOrder)
[ERROR]   location: class org.apache.commons.rng.examples.stress.RngDataOutputTest_OE25Dev_rng_left_752_1
[ERROR] /home/tasfia/Desktop/OE25-DEV/projects_decomposed/commons-rng/commons-rng-examples/examples-stress/src/test/java/org/apache/commons/rng/examples/stress/RngDataOutputTest_OE25Dev_rng_left_752_1.java:[103,9] cannot find symbol
[ERROR]   symbol:   method assertRngOutput(org.apache.commons.rng.simple.RandomSource,(rng)->new[...]; } },RngDataOut[...]teInt,RngDataOut[...]AsInt,java.nio.ByteOrder)
[ERROR]   location: class org.apache.commons.rng.examples.stress.RngDataOutputTest_OE25Dev_rng_left_752_1
[ERROR] -> [Help 1]
[ERROR] 
[ERROR] To see the full stack trace of the errors, re-run Maven with the -e switch.
[ERROR] Re-run Maven using the -X switch to enable full debug logging.
[ERROR] 
[ERROR] For more information about the errors and possible solutions, please read the following articles:
[ERROR] [Help 1] http://cwiki.apache.org/confluence/display/MAVEN/MojoFailureException
