[ERROR] COMPILATION ERROR : 
[ERROR] /home/tasfia/Desktop/OE25-DEV/projects_decomposed/commons-rng/commons-rng-core/src/test/java/org/apache/commons/rng/core/RandomAssert_OE25Dev_rng_left_102_2.java:[398,13] illegal start of type
[ERROR] /home/tasfia/Desktop/OE25-DEV/projects_decomposed/commons-rng/commons-rng-core/src/test/java/org/apache/commons/rng/core/RandomAssert_OE25Dev_rng_left_102_2.java:[398,26] ']' expected
[ERROR] /home/tasfia/Desktop/OE25-DEV/projects_decomposed/commons-rng/commons-rng-core/src/test/java/org/apache/commons/rng/core/RandomAssert_OE25Dev_rng_left_102_2.java:[398,27] ';' expected
[ERROR] /home/tasfia/Desktop/OE25-DEV/projects_decomposed/commons-rng/commons-rng-core/src/test/java/org/apache/commons/rng/core/RandomAssert_OE25Dev_rng_left_102_2.java:[398,44] <identifier> expected
[ERROR] /home/tasfia/Desktop/OE25-DEV/projects_decomposed/commons-rng/commons-rng-core/src/test/java/org/apache/commons/rng/core/RandomAssert_OE25Dev_rng_left_102_2.java:[398,46] ';' expected
[ERROR] /home/tasfia/Desktop/OE25-DEV/projects_decomposed/commons-rng/commons-rng-core/src/test/java/org/apache/commons/rng/core/RandomAssert_OE25Dev_rng_left_102_2.java:[402,9] class, interface, or enum expected
[ERROR] /home/tasfia/Desktop/OE25-DEV/projects_decomposed/commons-rng/commons-rng-core/src/test/java/org/apache/commons/rng/core/RandomAssert_OE25Dev_rng_left_102_2.java:[404,1] class, interface, or enum expected
[ERROR] Failed to execute goal org.apache.maven.plugins:maven-compiler-plugin:3.8.1:testCompile (default-testCompile) on project commons-rng-core: Compilation failure: Compilation failure: 
[ERROR] /home/tasfia/Desktop/OE25-DEV/projects_decomposed/commons-rng/commons-rng-core/src/test/java/org/apache/commons/rng/core/RandomAssert_OE25Dev_rng_left_102_2.java:[398,13] illegal start of type
[ERROR] /home/tasfia/Desktop/OE25-DEV/projects_decomposed/commons-rng/commons-rng-core/src/test/java/org/apache/commons/rng/core/RandomAssert_OE25Dev_rng_left_102_2.java:[398,26] ']' expected
[ERROR] /home/tasfia/Desktop/OE25-DEV/projects_decomposed/commons-rng/commons-rng-core/src/test/java/org/apache/commons/rng/core/RandomAssert_OE25Dev_rng_left_102_2.java:[398,27] ';' expected
[ERROR] /home/tasfia/Desktop/OE25-DEV/projects_decomposed/commons-rng/commons-rng-core/src/test/java/org/apache/commons/rng/core/RandomAssert_OE25Dev_rng_left_102_2.java:[398,44] <identifier> expected
[ERROR] /home/tasfia/Desktop/OE25-DEV/projects_decomposed/commons-rng/commons-rng-core/src/test/java/org/apache/commons/rng/core/RandomAssert_OE25Dev_rng_left_102_2.java:[398,46] ';' expected
[ERROR] /home/tasfia/Desktop/OE25-DEV/projects_decomposed/commons-rng/commons-rng-core/src/test/java/org/apache/commons/rng/core/RandomAssert_OE25Dev_rng_left_102_2.java:[402,9] class, interface, or enum expected
[ERROR] /home/tasfia/Desktop/OE25-DEV/projects_decomposed/commons-rng/commons-rng-core/src/test/java/org/apache/commons/rng/core/RandomAssert_OE25Dev_rng_left_102_2.java:[404,1] class, interface, or enum expected
[ERROR] -> [Help 1]
[ERROR] 
[ERROR] To see the full stack trace of the errors, re-run Maven with the -e switch.
[ERROR] Re-run Maven using the -X switch to enable full debug logging.
[ERROR] 
[ERROR] For more information about the errors and possible solutions, please read the following articles:
[ERROR] [Help 1] http://cwiki.apache.org/confluence/display/MAVEN/MojoFailureException
