[ERROR] COMPILATION ERROR : 
[ERROR] /home/tasfia/Desktop/OE25-DEV/projects_decomposed/commons-rng/commons-rng-sampling/src/test/java/org/apache/commons/rng/sampling/CompositeSamplersTest_OE25Dev_rng_left_384_1.java:[135,9] cannot find symbol
  symbol:   method assertObjectSamplerSamples(org.apache.commons.rng.sampling.ObjectSampler<java.lang.Integer>,int,int)
  location: class org.apache.commons.rng.sampling.CompositeSamplersTest_OE25Dev_rng_left_384_1
[ERROR] /home/tasfia/Desktop/OE25-DEV/projects_decomposed/commons-rng/commons-rng-sampling/src/test/java/org/apache/commons/rng/sampling/CompositeSamplersTest_OE25Dev_rng_left_384_1.java:[152,9] cannot find symbol
  symbol:   method assertObjectSamplerSamples(org.apache.commons.rng.sampling.SharedStateObjectSampler<java.lang.Integer>,int,int)
  location: class org.apache.commons.rng.sampling.CompositeSamplersTest_OE25Dev_rng_left_384_1
[ERROR] /home/tasfia/Desktop/OE25-DEV/projects_decomposed/commons-rng/commons-rng-sampling/src/test/java/org/apache/commons/rng/sampling/CompositeSamplersTest_OE25Dev_rng_left_384_1.java:[180,9] cannot find symbol
  symbol:   method assertObjectSamplerSamples(org.apache.commons.rng.sampling.SharedStateObjectSampler<java.lang.Integer>,int,int)
  location: class org.apache.commons.rng.sampling.CompositeSamplersTest_OE25Dev_rng_left_384_1
[ERROR] /home/tasfia/Desktop/OE25-DEV/projects_decomposed/commons-rng/commons-rng-sampling/src/test/java/org/apache/commons/rng/sampling/CompositeSamplersTest_OE25Dev_rng_left_384_1.java:[219,9] cannot find symbol
  symbol:   method assertObjectSamplerSamples(org.apache.commons.rng.sampling.SharedStateObjectSampler<java.lang.Integer>,int,int)
  location: class org.apache.commons.rng.sampling.CompositeSamplersTest_OE25Dev_rng_left_384_1
[ERROR] /home/tasfia/Desktop/OE25-DEV/projects_decomposed/commons-rng/commons-rng-sampling/src/test/java/org/apache/commons/rng/sampling/CompositeSamplersTest_OE25Dev_rng_left_384_1.java:[239,9] cannot find symbol
  symbol:   method assertObjectSamplerSamples(org.apache.commons.rng.sampling.ObjectSampler<java.lang.Integer>,int,int)
  location: class org.apache.commons.rng.sampling.CompositeSamplersTest_OE25Dev_rng_left_384_1
[ERROR] /home/tasfia/Desktop/OE25-DEV/projects_decomposed/commons-rng/commons-rng-sampling/src/test/java/org/apache/commons/rng/sampling/CompositeSamplersTest_OE25Dev_rng_left_384_1.java:[261,9] cannot find symbol
  symbol:   method assertObjectSamplerSamples(org.apache.commons.rng.sampling.ObjectSampler<java.lang.Integer>,int,int)
  location: class org.apache.commons.rng.sampling.CompositeSamplersTest_OE25Dev_rng_left_384_1
[ERROR] /home/tasfia/Desktop/OE25-DEV/projects_decomposed/commons-rng/commons-rng-sampling/src/test/java/org/apache/commons/rng/sampling/CompositeSamplersTest_OE25Dev_rng_left_384_1.java:[290,9] cannot find symbol
  symbol:   method assertObjectSamplerSamples(org.apache.commons.rng.sampling.ObjectSampler<java.lang.Integer>,int,int)
  location: class org.apache.commons.rng.sampling.CompositeSamplersTest_OE25Dev_rng_left_384_1
[ERROR] Failed to execute goal org.apache.maven.plugins:maven-compiler-plugin:3.8.1:testCompile (default-testCompile) on project commons-rng-sampling: Compilation failure: Compilation failure: 
[ERROR] /home/tasfia/Desktop/OE25-DEV/projects_decomposed/commons-rng/commons-rng-sampling/src/test/java/org/apache/commons/rng/sampling/CompositeSamplersTest_OE25Dev_rng_left_384_1.java:[135,9] cannot find symbol
[ERROR]   symbol:   method assertObjectSamplerSamples(org.apache.commons.rng.sampling.ObjectSampler<java.lang.Integer>,int,int)
[ERROR]   location: class org.apache.commons.rng.sampling.CompositeSamplersTest_OE25Dev_rng_left_384_1
[ERROR] /home/tasfia/Desktop/OE25-DEV/projects_decomposed/commons-rng/commons-rng-sampling/src/test/java/org/apache/commons/rng/sampling/CompositeSamplersTest_OE25Dev_rng_left_384_1.java:[152,9] cannot find symbol
[ERROR]   symbol:   method assertObjectSamplerSamples(org.apache.commons.rng.sampling.SharedStateObjectSampler<java.lang.Integer>,int,int)
[ERROR]   location: class org.apache.commons.rng.sampling.CompositeSamplersTest_OE25Dev_rng_left_384_1
[ERROR] /home/tasfia/Desktop/OE25-DEV/projects_decomposed/commons-rng/commons-rng-sampling/src/test/java/org/apache/commons/rng/sampling/CompositeSamplersTest_OE25Dev_rng_left_384_1.java:[180,9] cannot find symbol
[ERROR]   symbol:   method assertObjectSamplerSamples(org.apache.commons.rng.sampling.SharedStateObjectSampler<java.lang.Integer>,int,int)
[ERROR]   location: class org.apache.commons.rng.sampling.CompositeSamplersTest_OE25Dev_rng_left_384_1
[ERROR] /home/tasfia/Desktop/OE25-DEV/projects_decomposed/commons-rng/commons-rng-sampling/src/test/java/org/apache/commons/rng/sampling/CompositeSamplersTest_OE25Dev_rng_left_384_1.java:[219,9] cannot find symbol
[ERROR]   symbol:   method assertObjectSamplerSamples(org.apache.commons.rng.sampling.SharedStateObjectSampler<java.lang.Integer>,int,int)
[ERROR]   location: class org.apache.commons.rng.sampling.CompositeSamplersTest_OE25Dev_rng_left_384_1
[ERROR] /home/tasfia/Desktop/OE25-DEV/projects_decomposed/commons-rng/commons-rng-sampling/src/test/java/org/apache/commons/rng/sampling/CompositeSamplersTest_OE25Dev_rng_left_384_1.java:[239,9] cannot find symbol
[ERROR]   symbol:   method assertObjectSamplerSamples(org.apache.commons.rng.sampling.ObjectSampler<java.lang.Integer>,int,int)
[ERROR]   location: class org.apache.commons.rng.sampling.CompositeSamplersTest_OE25Dev_rng_left_384_1
[ERROR] /home/tasfia/Desktop/OE25-DEV/projects_decomposed/commons-rng/commons-rng-sampling/src/test/java/org/apache/commons/rng/sampling/CompositeSamplersTest_OE25Dev_rng_left_384_1.java:[261,9] cannot find symbol
[ERROR]   symbol:   method assertObjectSamplerSamples(org.apache.commons.rng.sampling.ObjectSampler<java.lang.Integer>,int,int)
[ERROR]   location: class org.apache.commons.rng.sampling.CompositeSamplersTest_OE25Dev_rng_left_384_1
[ERROR] /home/tasfia/Desktop/OE25-DEV/projects_decomposed/commons-rng/commons-rng-sampling/src/test/java/org/apache/commons/rng/sampling/CompositeSamplersTest_OE25Dev_rng_left_384_1.java:[290,9] cannot find symbol
[ERROR]   symbol:   method assertObjectSamplerSamples(org.apache.commons.rng.sampling.ObjectSampler<java.lang.Integer>,int,int)
[ERROR]   location: class org.apache.commons.rng.sampling.CompositeSamplersTest_OE25Dev_rng_left_384_1
[ERROR] -> [Help 1]
[ERROR] 
[ERROR] To see the full stack trace of the errors, re-run Maven with the -e switch.
[ERROR] Re-run Maven using the -X switch to enable full debug logging.
[ERROR] 
[ERROR] For more information about the errors and possible solutions, please read the following articles:
[ERROR] [Help 1] http://cwiki.apache.org/confluence/display/MAVEN/MojoFailureException
