[ERROR] COMPILATION ERROR : 
[ERROR] /home/tasfia/Desktop/OE25-DEV/projects_decomposed/commons-rng/commons-rng-sampling/src/test/java/org/apache/commons/rng/sampling/distribution/AliasMethodDiscreteSamplerTest_OE25Dev_rng_left_461_1.java:[102,9] cannot find symbol
  symbol:   method checkSamples(double[])
  location: class org.apache.commons.rng.sampling.distribution.AliasMethodDiscreteSamplerTest_OE25Dev_rng_left_461_1
[ERROR] /home/tasfia/Desktop/OE25-DEV/projects_decomposed/commons-rng/commons-rng-sampling/src/test/java/org/apache/commons/rng/sampling/distribution/AliasMethodDiscreteSamplerTest_OE25Dev_rng_left_461_1.java:[118,9] cannot find symbol
  symbol:   method checkSamples(double[])
  location: class org.apache.commons.rng.sampling.distribution.AliasMethodDiscreteSamplerTest_OE25Dev_rng_left_461_1
[ERROR] /home/tasfia/Desktop/OE25-DEV/projects_decomposed/commons-rng/commons-rng-sampling/src/test/java/org/apache/commons/rng/sampling/distribution/AliasMethodDiscreteSamplerTest_OE25Dev_rng_left_461_1.java:[127,9] cannot find symbol
  symbol:   method checkSamples(double[])
  location: class org.apache.commons.rng.sampling.distribution.AliasMethodDiscreteSamplerTest_OE25Dev_rng_left_461_1
[ERROR] /home/tasfia/Desktop/OE25-DEV/projects_decomposed/commons-rng/commons-rng-sampling/src/test/java/org/apache/commons/rng/sampling/distribution/AliasMethodDiscreteSamplerTest_OE25Dev_rng_left_461_1.java:[137,9] cannot find symbol
  symbol:   method checkSamples(org.apache.commons.rng.sampling.distribution.SharedStateDiscreteSampler,double[])
  location: class org.apache.commons.rng.sampling.distribution.AliasMethodDiscreteSamplerTest_OE25Dev_rng_left_461_1
[ERROR] /home/tasfia/Desktop/OE25-DEV/projects_decomposed/commons-rng/commons-rng-sampling/src/test/java/org/apache/commons/rng/sampling/distribution/AliasMethodDiscreteSamplerTest_OE25Dev_rng_left_461_1.java:[147,9] cannot find symbol
  symbol:   method checkSamples(double[])
  location: class org.apache.commons.rng.sampling.distribution.AliasMethodDiscreteSamplerTest_OE25Dev_rng_left_461_1
[ERROR] /home/tasfia/Desktop/OE25-DEV/projects_decomposed/commons-rng/commons-rng-sampling/src/test/java/org/apache/commons/rng/sampling/distribution/AliasMethodDiscreteSamplerTest_OE25Dev_rng_left_461_1.java:[157,9] cannot find symbol
  symbol:   method checkSamples(double[])
  location: class org.apache.commons.rng.sampling.distribution.AliasMethodDiscreteSamplerTest_OE25Dev_rng_left_461_1
[ERROR] /home/tasfia/Desktop/OE25-DEV/projects_decomposed/commons-rng/commons-rng-sampling/src/test/java/org/apache/commons/rng/sampling/distribution/AliasMethodDiscreteSamplerTest_OE25Dev_rng_left_461_1.java:[167,9] cannot find symbol
  symbol:   method checkSamples(double[])
  location: class org.apache.commons.rng.sampling.distribution.AliasMethodDiscreteSamplerTest_OE25Dev_rng_left_461_1
[ERROR] /home/tasfia/Desktop/OE25-DEV/projects_decomposed/commons-rng/commons-rng-sampling/src/test/java/org/apache/commons/rng/sampling/distribution/AliasMethodDiscreteSamplerTest_OE25Dev_rng_left_461_1.java:[177,9] cannot find symbol
  symbol:   method checkSamples(double[])
  location: class org.apache.commons.rng.sampling.distribution.AliasMethodDiscreteSamplerTest_OE25Dev_rng_left_461_1
[ERROR] /home/tasfia/Desktop/OE25-DEV/projects_decomposed/commons-rng/commons-rng-sampling/src/test/java/org/apache/commons/rng/sampling/distribution/AliasMethodDiscreteSamplerTest_OE25Dev_rng_left_461_1.java:[187,9] cannot find symbol
  symbol:   method checkSamples(double[])
  location: class org.apache.commons.rng.sampling.distribution.AliasMethodDiscreteSamplerTest_OE25Dev_rng_left_461_1
[ERROR] /home/tasfia/Desktop/OE25-DEV/projects_decomposed/commons-rng/commons-rng-sampling/src/test/java/org/apache/commons/rng/sampling/distribution/AliasMethodDiscreteSamplerTest_OE25Dev_rng_left_461_1.java:[197,9] cannot find symbol
  symbol:   method checkSamples(double[])
  location: class org.apache.commons.rng.sampling.distribution.AliasMethodDiscreteSamplerTest_OE25Dev_rng_left_461_1
[ERROR] /home/tasfia/Desktop/OE25-DEV/projects_decomposed/commons-rng/commons-rng-sampling/src/test/java/org/apache/commons/rng/sampling/distribution/AliasMethodDiscreteSamplerTest_OE25Dev_rng_left_461_1.java:[208,9] cannot find symbol
  symbol:   method checkSamples(double[])
  location: class org.apache.commons.rng.sampling.distribution.AliasMethodDiscreteSamplerTest_OE25Dev_rng_left_461_1
[ERROR] Failed to execute goal org.apache.maven.plugins:maven-compiler-plugin:3.8.1:testCompile (default-testCompile) on project commons-rng-sampling: Compilation failure: Compilation failure: 
[ERROR] /home/tasfia/Desktop/OE25-DEV/projects_decomposed/commons-rng/commons-rng-sampling/src/test/java/org/apache/commons/rng/sampling/distribution/AliasMethodDiscreteSamplerTest_OE25Dev_rng_left_461_1.java:[102,9] cannot find symbol
[ERROR]   symbol:   method checkSamples(double[])
[ERROR]   location: class org.apache.commons.rng.sampling.distribution.AliasMethodDiscreteSamplerTest_OE25Dev_rng_left_461_1
[ERROR] /home/tasfia/Desktop/OE25-DEV/projects_decomposed/commons-rng/commons-rng-sampling/src/test/java/org/apache/commons/rng/sampling/distribution/AliasMethodDiscreteSamplerTest_OE25Dev_rng_left_461_1.java:[118,9] cannot find symbol
[ERROR]   symbol:   method checkSamples(double[])
[ERROR]   location: class org.apache.commons.rng.sampling.distribution.AliasMethodDiscreteSamplerTest_OE25Dev_rng_left_461_1
[ERROR] /home/tasfia/Desktop/OE25-DEV/projects_decomposed/commons-rng/commons-rng-sampling/src/test/java/org/apache/commons/rng/sampling/distribution/AliasMethodDiscreteSamplerTest_OE25Dev_rng_left_461_1.java:[127,9] cannot find symbol
[ERROR]   symbol:   method checkSamples(double[])
[ERROR]   location: class org.apache.commons.rng.sampling.distribution.AliasMethodDiscreteSamplerTest_OE25Dev_rng_left_461_1
[ERROR] /home/tasfia/Desktop/OE25-DEV/projects_decomposed/commons-rng/commons-rng-sampling/src/test/java/org/apache/commons/rng/sampling/distribution/AliasMethodDiscreteSamplerTest_OE25Dev_rng_left_461_1.java:[137,9] cannot find symbol
[ERROR]   symbol:   method checkSamples(org.apache.commons.rng.sampling.distribution.SharedStateDiscreteSampler,double[])
[ERROR]   location: class org.apache.commons.rng.sampling.distribution.AliasMethodDiscreteSamplerTest_OE25Dev_rng_left_461_1
[ERROR] /home/tasfia/Desktop/OE25-DEV/projects_decomposed/commons-rng/commons-rng-sampling/src/test/java/org/apache/commons/rng/sampling/distribution/AliasMethodDiscreteSamplerTest_OE25Dev_rng_left_461_1.java:[147,9] cannot find symbol
[ERROR]   symbol:   method checkSamples(double[])
[ERROR]   location: class org.apache.commons.rng.sampling.distribution.AliasMethodDiscreteSamplerTest_OE25Dev_rng_left_461_1
[ERROR] /home/tasfia/Desktop/OE25-DEV/projects_decomposed/commons-rng/commons-rng-sampling/src/test/java/org/apache/commons/rng/sampling/distribution/AliasMethodDiscreteSamplerTest_OE25Dev_rng_left_461_1.java:[157,9] cannot find symbol
[ERROR]   symbol:   method checkSamples(double[])
[ERROR]   location: class org.apache.commons.rng.sampling.distribution.AliasMethodDiscreteSamplerTest_OE25Dev_rng_left_461_1
[ERROR] /home/tasfia/Desktop/OE25-DEV/projects_decomposed/commons-rng/commons-rng-sampling/src/test/java/org/apache/commons/rng/sampling/distribution/AliasMethodDiscreteSamplerTest_OE25Dev_rng_left_461_1.java:[167,9] cannot find symbol
[ERROR]   symbol:   method checkSamples(double[])
[ERROR]   location: class org.apache.commons.rng.sampling.distribution.AliasMethodDiscreteSamplerTest_OE25Dev_rng_left_461_1
[ERROR] /home/tasfia/Desktop/OE25-DEV/projects_decomposed/commons-rng/commons-rng-sampling/src/test/java/org/apache/commons/rng/sampling/distribution/AliasMethodDiscreteSamplerTest_OE25Dev_rng_left_461_1.java:[177,9] cannot find symbol
[ERROR]   symbol:   method checkSamples(double[])
[ERROR]   location: class org.apache.commons.rng.sampling.distribution.AliasMethodDiscreteSamplerTest_OE25Dev_rng_left_461_1
[ERROR] /home/tasfia/Desktop/OE25-DEV/projects_decomposed/commons-rng/commons-rng-sampling/src/test/java/org/apache/commons/rng/sampling/distribution/AliasMethodDiscreteSamplerTest_OE25Dev_rng_left_461_1.java:[187,9] cannot find symbol
[ERROR]   symbol:   method checkSamples(double[])
[ERROR]   location: class org.apache.commons.rng.sampling.distribution.AliasMethodDiscreteSamplerTest_OE25Dev_rng_left_461_1
[ERROR] /home/tasfia/Desktop/OE25-DEV/projects_decomposed/commons-rng/commons-rng-sampling/src/test/java/org/apache/commons/rng/sampling/distribution/AliasMethodDiscreteSamplerTest_OE25Dev_rng_left_461_1.java:[197,9] cannot find symbol
[ERROR]   symbol:   method checkSamples(double[])
[ERROR]   location: class org.apache.commons.rng.sampling.distribution.AliasMethodDiscreteSamplerTest_OE25Dev_rng_left_461_1
[ERROR] /home/tasfia/Desktop/OE25-DEV/projects_decomposed/commons-rng/commons-rng-sampling/src/test/java/org/apache/commons/rng/sampling/distribution/AliasMethodDiscreteSamplerTest_OE25Dev_rng_left_461_1.java:[208,9] cannot find symbol
[ERROR]   symbol:   method checkSamples(double[])
[ERROR]   location: class org.apache.commons.rng.sampling.distribution.AliasMethodDiscreteSamplerTest_OE25Dev_rng_left_461_1
[ERROR] -> [Help 1]
[ERROR] 
[ERROR] To see the full stack trace of the errors, re-run Maven with the -e switch.
[ERROR] Re-run Maven using the -X switch to enable full debug logging.
[ERROR] 
[ERROR] For more information about the errors and possible solutions, please read the following articles:
[ERROR] [Help 1] http://cwiki.apache.org/confluence/display/MAVEN/MojoFailureException
