began at: 2026-01-12 00:34:00
Picked up _JAVA_OPTIONS: -Djava.io.tmpdir=/sfs/weka/scratch/wxw9rr/tmp
[INFO] Scanning for projects...
[INFO] 
[INFO] ----------< org.apache.commons:commons-weaver-privilizer-api >----------
[INFO] Building Apache Commons Weaver Privilizer API 2.0
[INFO]   from pom.xml
[INFO] --------------------------------[ jar ]---------------------------------
[INFO] 
[INFO] --- clean:3.0.0:clean (default-clean) @ commons-weaver-privilizer-api ---
[INFO] 
[INFO] --- enforcer:3.0.0-M2:enforce (enforce-maven-version) @ commons-weaver-privilizer-api ---
[INFO] 
[INFO] --- enforcer:3.0.0-M2:enforce (enforce-maven-3) @ commons-weaver-privilizer-api ---
[INFO] 
[INFO] --- build-helper:1.9:parse-version (parse-version) @ commons-weaver-privilizer-api ---
[INFO] 
[INFO] --- antrun:1.8:run (javadoc.resources) @ commons-weaver-privilizer-api ---
[INFO] Executing tasks

main:
[INFO] Executed tasks
[INFO] 
[INFO] --- antrun:1.8:run (copy-notices) @ commons-weaver-privilizer-api ---
[INFO] Executing tasks

main:
    [mkdir] Created dir: /sfs/weka/scratch/wxw9rr/artifact/RQ3/OE25-DEV/commons-weaver-2.0-src/modules/privilizer/api/target/generated-resources/notices/META-INF
     [copy] Copying 3 files to /sfs/weka/scratch/wxw9rr/artifact/RQ3/OE25-DEV/commons-weaver-2.0-src/modules/privilizer/api/target/generated-resources/notices/META-INF
     [copy] Copying /sfs/weka/scratch/wxw9rr/artifact/RQ3/OE25-DEV/commons-weaver-2.0-src/LICENSE.txt to /sfs/weka/scratch/wxw9rr/artifact/RQ3/OE25-DEV/commons-weaver-2.0-src/modules/privilizer/api/target/generated-resources/notices/META-INF/LICENSE.txt
     [copy] Copying /sfs/weka/scratch/wxw9rr/artifact/RQ3/OE25-DEV/commons-weaver-2.0-src/NOTICE.txt to /sfs/weka/scratch/wxw9rr/artifact/RQ3/OE25-DEV/commons-weaver-2.0-src/modules/privilizer/api/target/generated-resources/notices/META-INF/NOTICE.txt
     [copy] Copying /sfs/weka/scratch/wxw9rr/artifact/RQ3/OE25-DEV/commons-weaver-2.0-src/LICENSE-asm6.2.1.txt to /sfs/weka/scratch/wxw9rr/artifact/RQ3/OE25-DEV/commons-weaver-2.0-src/modules/privilizer/api/target/generated-resources/notices/META-INF/LICENSE-asm6.2.1.txt
    [mkdir] Created dir: /sfs/weka/scratch/wxw9rr/artifact/RQ3/OE25-DEV/commons-weaver-2.0-src/modules/privilizer/api/target/generated-test-resources/notices/META-INF
     [copy] Copying 3 files to /sfs/weka/scratch/wxw9rr/artifact/RQ3/OE25-DEV/commons-weaver-2.0-src/modules/privilizer/api/target/generated-test-resources/notices/META-INF
     [copy] Copying /sfs/weka/scratch/wxw9rr/artifact/RQ3/OE25-DEV/commons-weaver-2.0-src/LICENSE.txt to /sfs/weka/scratch/wxw9rr/artifact/RQ3/OE25-DEV/commons-weaver-2.0-src/modules/privilizer/api/target/generated-test-resources/notices/META-INF/LICENSE.txt
     [copy] Copying /sfs/weka/scratch/wxw9rr/artifact/RQ3/OE25-DEV/commons-weaver-2.0-src/NOTICE.txt to /sfs/weka/scratch/wxw9rr/artifact/RQ3/OE25-DEV/commons-weaver-2.0-src/modules/privilizer/api/target/generated-test-resources/notices/META-INF/NOTICE.txt
     [copy] Copying /sfs/weka/scratch/wxw9rr/artifact/RQ3/OE25-DEV/commons-weaver-2.0-src/LICENSE-asm6.2.1.txt to /sfs/weka/scratch/wxw9rr/artifact/RQ3/OE25-DEV/commons-weaver-2.0-src/modules/privilizer/api/target/generated-test-resources/notices/META-INF/LICENSE-asm6.2.1.txt
    [mkdir] Created dir: /sfs/weka/scratch/wxw9rr/artifact/RQ3/OE25-DEV/commons-weaver-2.0-src/modules/privilizer/api/target/apidocs/META-INF
     [copy] Copying 3 files to /sfs/weka/scratch/wxw9rr/artifact/RQ3/OE25-DEV/commons-weaver-2.0-src/modules/privilizer/api/target/apidocs/META-INF
     [copy] Copying /sfs/weka/scratch/wxw9rr/artifact/RQ3/OE25-DEV/commons-weaver-2.0-src/LICENSE.txt to /sfs/weka/scratch/wxw9rr/artifact/RQ3/OE25-DEV/commons-weaver-2.0-src/modules/privilizer/api/target/apidocs/META-INF/LICENSE.txt
     [copy] Copying /sfs/weka/scratch/wxw9rr/artifact/RQ3/OE25-DEV/commons-weaver-2.0-src/NOTICE.txt to /sfs/weka/scratch/wxw9rr/artifact/RQ3/OE25-DEV/commons-weaver-2.0-src/modules/privilizer/api/target/apidocs/META-INF/NOTICE.txt
     [copy] Copying /sfs/weka/scratch/wxw9rr/artifact/RQ3/OE25-DEV/commons-weaver-2.0-src/LICENSE-asm6.2.1.txt to /sfs/weka/scratch/wxw9rr/artifact/RQ3/OE25-DEV/commons-weaver-2.0-src/modules/privilizer/api/target/apidocs/META-INF/LICENSE-asm6.2.1.txt
[INFO] Executed tasks
[INFO] 
[INFO] --- remote-resources:1.5:process (process-resource-bundles) @ commons-weaver-privilizer-api ---
[INFO] 
[INFO] --- build-helper:1.9:add-resource (add-source-notices) @ commons-weaver-privilizer-api ---
[INFO] 
[INFO] --- buildnumber:1.4:create (default) @ commons-weaver-privilizer-api ---
[INFO] Executing: /bin/sh -c cd '/sfs/weka/scratch/wxw9rr/artifact/RQ3/OE25-DEV/commons-weaver-2.0-src/modules/privilizer/api' && 'git' 'rev-parse' '--verify' 'HEAD'
[INFO] Working directory: /sfs/weka/scratch/wxw9rr/artifact/RQ3/OE25-DEV/commons-weaver-2.0-src/modules/privilizer/api
[INFO] Storing buildNumber: 77d944d491f2532ea8dc274ce81490a072a96fd9 at timestamp: 1768196042008
[INFO] Storing buildScmBranch: main
[INFO] 
[INFO] --- resources:3.0.2:resources (default-resources) @ commons-weaver-privilizer-api ---
[INFO] Using 'UTF-8' encoding to copy filtered resources.
[INFO] skip non existing resourceDirectory /sfs/weka/scratch/wxw9rr/artifact/RQ3/OE25-DEV/commons-weaver-2.0-src/modules/privilizer/api/src/main/resources
[INFO] Copying 0 resource to META-INF
[INFO] Copying 3 resources
[INFO] 
[INFO] --- compiler:3.7.0:compile (default-compile) @ commons-weaver-privilizer-api ---
[INFO] Changes detected - recompiling the module!
[INFO] Compiling 3 source files to /sfs/weka/scratch/wxw9rr/artifact/RQ3/OE25-DEV/commons-weaver-2.0-src/modules/privilizer/api/target/classes
[INFO] 
[INFO] --- bundle:3.5.0:manifest (bundle-manifest) @ commons-weaver-privilizer-api ---
[INFO] 
[INFO] --- animal-sniffer:1.16:check (checkAPIcompatibility) @ commons-weaver-privilizer-api ---
[INFO] Checking unresolved references to org.codehaus.mojo.signature:java18:1.0
[INFO] 
[INFO] --- resources:3.0.2:testResources (default-testResources) @ commons-weaver-privilizer-api ---
[INFO] Using 'UTF-8' encoding to copy filtered resources.
[INFO] skip non existing resourceDirectory /sfs/weka/scratch/wxw9rr/artifact/RQ3/OE25-DEV/commons-weaver-2.0-src/modules/privilizer/api/src/test/resources
[INFO] Copying 0 resource to META-INF
[INFO] 
[INFO] --- compiler:3.7.0:testCompile (default-testCompile) @ commons-weaver-privilizer-api ---
[INFO] No sources to compile
[INFO] 
[INFO] --- surefire:2.22.0:test (default-test) @ commons-weaver-privilizer-api ---
[INFO] ------------------------------------------------------------------------
[INFO] BUILD SUCCESS
[INFO] ------------------------------------------------------------------------
[INFO] Total time:  1.897 s
[INFO] Finished at: 2026-01-12T00:34:03-05:00
[INFO] ------------------------------------------------------------------------
ended at: 2026-01-12 00:34:03
