[ERROR] COMPILATION ERROR : 
[ERROR] /home/tasfia/Desktop/OE25-DEV/projects_decomposed/commons-vfs/commons-vfs2/src/test/java/org/apache/commons/vfs2/provider/tar/TarFileSystemTestCase_OE25Dev.java:[33,9] cannot find symbol
  symbol:   method testUseWeakRefFilesCache(java.lang.String,java.lang.String,<nulltype>)
  location: class org.apache.commons.vfs2.provider.tar.TarFileSystemTestCase_OE25Dev
[ERROR] /home/tasfia/Desktop/OE25-DEV/projects_decomposed/commons-vfs/commons-vfs2/src/test/java/org/apache/commons/vfs2/provider/tar/TarFileSystemTestCase_OE25Dev.java:[39,9] cannot find symbol
  symbol:   method testUseWeakRefFilesCache(java.lang.String,java.lang.String,org.apache.commons.vfs2.cache.WeakRefFilesCache)
  location: class org.apache.commons.vfs2.provider.tar.TarFileSystemTestCase_OE25Dev
[ERROR] /home/tasfia/Desktop/OE25-DEV/projects_decomposed/commons-vfs/commons-vfs2/src/test/java/org/apache/commons/vfs2/provider/tar/TarFileSystemTestCase_OE25Dev.java:[44,9] cannot find symbol
  symbol:   method testUseWeakRefFilesCache(java.lang.String,java.lang.String,<nulltype>)
  location: class org.apache.commons.vfs2.provider.tar.TarFileSystemTestCase_OE25Dev
[ERROR] /home/tasfia/Desktop/OE25-DEV/projects_decomposed/commons-vfs/commons-vfs2/src/test/java/org/apache/commons/vfs2/provider/tar/TarFileSystemTestCase_OE25Dev.java:[50,9] cannot find symbol
  symbol:   method testUseWeakRefFilesCache(java.lang.String,java.lang.String,org.apache.commons.vfs2.cache.WeakRefFilesCache)
  location: class org.apache.commons.vfs2.provider.tar.TarFileSystemTestCase_OE25Dev
[ERROR] /home/tasfia/Desktop/OE25-DEV/projects_decomposed/commons-vfs/commons-vfs2/src/test/java/org/apache/commons/vfs2/provider/tar/TarFileSystemTestCase_OE25Dev.java:[55,9] cannot find symbol
  symbol:   method testUseWeakRefFilesCache(java.lang.String,java.lang.String,<nulltype>)
  location: class org.apache.commons.vfs2.provider.tar.TarFileSystemTestCase_OE25Dev
[ERROR] /home/tasfia/Desktop/OE25-DEV/projects_decomposed/commons-vfs/commons-vfs2/src/test/java/org/apache/commons/vfs2/provider/tar/TarFileSystemTestCase_OE25Dev.java:[61,9] cannot find symbol
  symbol:   method testUseWeakRefFilesCache(java.lang.String,java.lang.String,org.apache.commons.vfs2.cache.WeakRefFilesCache)
  location: class org.apache.commons.vfs2.provider.tar.TarFileSystemTestCase_OE25Dev
[ERROR] Failed to execute goal org.apache.maven.plugins:maven-compiler-plugin:3.8.1:testCompile (default-testCompile) on project commons-vfs2: Compilation failure: Compilation failure: 
[ERROR] /home/tasfia/Desktop/OE25-DEV/projects_decomposed/commons-vfs/commons-vfs2/src/test/java/org/apache/commons/vfs2/provider/tar/TarFileSystemTestCase_OE25Dev.java:[33,9] cannot find symbol
[ERROR]   symbol:   method testUseWeakRefFilesCache(java.lang.String,java.lang.String,<nulltype>)
[ERROR]   location: class org.apache.commons.vfs2.provider.tar.TarFileSystemTestCase_OE25Dev
[ERROR] /home/tasfia/Desktop/OE25-DEV/projects_decomposed/commons-vfs/commons-vfs2/src/test/java/org/apache/commons/vfs2/provider/tar/TarFileSystemTestCase_OE25Dev.java:[39,9] cannot find symbol
[ERROR]   symbol:   method testUseWeakRefFilesCache(java.lang.String,java.lang.String,org.apache.commons.vfs2.cache.WeakRefFilesCache)
[ERROR]   location: class org.apache.commons.vfs2.provider.tar.TarFileSystemTestCase_OE25Dev
[ERROR] /home/tasfia/Desktop/OE25-DEV/projects_decomposed/commons-vfs/commons-vfs2/src/test/java/org/apache/commons/vfs2/provider/tar/TarFileSystemTestCase_OE25Dev.java:[44,9] cannot find symbol
[ERROR]   symbol:   method testUseWeakRefFilesCache(java.lang.String,java.lang.String,<nulltype>)
[ERROR]   location: class org.apache.commons.vfs2.provider.tar.TarFileSystemTestCase_OE25Dev
[ERROR] /home/tasfia/Desktop/OE25-DEV/projects_decomposed/commons-vfs/commons-vfs2/src/test/java/org/apache/commons/vfs2/provider/tar/TarFileSystemTestCase_OE25Dev.java:[50,9] cannot find symbol
[ERROR]   symbol:   method testUseWeakRefFilesCache(java.lang.String,java.lang.String,org.apache.commons.vfs2.cache.WeakRefFilesCache)
[ERROR]   location: class org.apache.commons.vfs2.provider.tar.TarFileSystemTestCase_OE25Dev
[ERROR] /home/tasfia/Desktop/OE25-DEV/projects_decomposed/commons-vfs/commons-vfs2/src/test/java/org/apache/commons/vfs2/provider/tar/TarFileSystemTestCase_OE25Dev.java:[55,9] cannot find symbol
[ERROR]   symbol:   method testUseWeakRefFilesCache(java.lang.String,java.lang.String,<nulltype>)
[ERROR]   location: class org.apache.commons.vfs2.provider.tar.TarFileSystemTestCase_OE25Dev
[ERROR] /home/tasfia/Desktop/OE25-DEV/projects_decomposed/commons-vfs/commons-vfs2/src/test/java/org/apache/commons/vfs2/provider/tar/TarFileSystemTestCase_OE25Dev.java:[61,9] cannot find symbol
[ERROR]   symbol:   method testUseWeakRefFilesCache(java.lang.String,java.lang.String,org.apache.commons.vfs2.cache.WeakRefFilesCache)
[ERROR]   location: class org.apache.commons.vfs2.provider.tar.TarFileSystemTestCase_OE25Dev
[ERROR] -> [Help 1]
[ERROR] 
[ERROR] To see the full stack trace of the errors, re-run Maven with the -e switch.
[ERROR] Re-run Maven using the -X switch to enable full debug logging.
[ERROR] 
[ERROR] For more information about the errors and possible solutions, please read the following articles:
[ERROR] [Help 1] http://cwiki.apache.org/confluence/display/MAVEN/MojoFailureException
