/sfs/weka/scratch/wxw9rr/artifact/RQ3/OE25-DEV/commons-rng-1.4-src/commons-rng-simple/src/main/java/org/apache/commons/rng/simple/internal/Int2Long.java
/sfs/weka/scratch/wxw9rr/artifact/RQ3/OE25-DEV/commons-rng-1.4-src/commons-rng-simple/src/main/java/org/apache/commons/rng/simple/internal/ByteArray2LongArray.java
/sfs/weka/scratch/wxw9rr/artifact/RQ3/OE25-DEV/commons-rng-1.4-src/commons-rng-simple/src/main/java/org/apache/commons/rng/simple/internal/LongArray2IntArray.java
/sfs/weka/scratch/wxw9rr/artifact/RQ3/OE25-DEV/commons-rng-1.4-src/commons-rng-simple/src/main/java/org/apache/commons/rng/simple/package-info.java
/sfs/weka/scratch/wxw9rr/artifact/RQ3/OE25-DEV/commons-rng-1.4-src/commons-rng-simple/src/main/java/org/apache/commons/rng/simple/internal/NativeSeedType.java
/sfs/weka/scratch/wxw9rr/artifact/RQ3/OE25-DEV/commons-rng-1.4-src/commons-rng-simple/src/main/java/org/apache/commons/rng/simple/ThreadLocalRandomSource.java
/sfs/weka/scratch/wxw9rr/artifact/RQ3/OE25-DEV/commons-rng-1.4-src/commons-rng-simple/src/main/java/org/apache/commons/rng/simple/RandomSource.java
/sfs/weka/scratch/wxw9rr/artifact/RQ3/OE25-DEV/commons-rng-1.4-src/commons-rng-simple/src/main/java/org/apache/commons/rng/simple/internal/Long2IntArray.java
/sfs/weka/scratch/wxw9rr/artifact/RQ3/OE25-DEV/commons-rng-1.4-src/commons-rng-simple/src/main/java/org/apache/commons/rng/simple/internal/SeedConverter.java
/sfs/weka/scratch/wxw9rr/artifact/RQ3/OE25-DEV/commons-rng-1.4-src/commons-rng-simple/src/main/java/org/apache/commons/rng/simple/internal/package-info.java
/sfs/weka/scratch/wxw9rr/artifact/RQ3/OE25-DEV/commons-rng-1.4-src/commons-rng-simple/src/main/java/org/apache/commons/rng/simple/internal/LongArray2Long.java
/sfs/weka/scratch/wxw9rr/artifact/RQ3/OE25-DEV/commons-rng-1.4-src/commons-rng-simple/src/main/java/org/apache/commons/rng/simple/internal/NoOpConverter.java
/sfs/weka/scratch/wxw9rr/artifact/RQ3/OE25-DEV/commons-rng-1.4-src/commons-rng-simple/src/main/java/org/apache/commons/rng/simple/internal/SeedUtils.java
/sfs/weka/scratch/wxw9rr/artifact/RQ3/OE25-DEV/commons-rng-1.4-src/commons-rng-simple/src/main/java/org/apache/commons/rng/simple/JDKRandomWrapper.java
/sfs/weka/scratch/wxw9rr/artifact/RQ3/OE25-DEV/commons-rng-1.4-src/commons-rng-simple/src/main/java/org/apache/commons/rng/simple/internal/IntArray2LongArray.java
/sfs/weka/scratch/wxw9rr/artifact/RQ3/OE25-DEV/commons-rng-1.4-src/commons-rng-simple/src/main/java/org/apache/commons/rng/simple/internal/ProviderBuilder.java
/sfs/weka/scratch/wxw9rr/artifact/RQ3/OE25-DEV/commons-rng-1.4-src/commons-rng-simple/src/main/java/org/apache/commons/rng/simple/internal/SeedConverterComposer.java
/sfs/weka/scratch/wxw9rr/artifact/RQ3/OE25-DEV/commons-rng-1.4-src/commons-rng-simple/src/main/java/org/apache/commons/rng/simple/internal/Long2LongArray.java
/sfs/weka/scratch/wxw9rr/artifact/RQ3/OE25-DEV/commons-rng-1.4-src/commons-rng-simple/src/main/java/org/apache/commons/rng/simple/internal/Seed2ArrayConverter.java
/sfs/weka/scratch/wxw9rr/artifact/RQ3/OE25-DEV/commons-rng-1.4-src/commons-rng-simple/src/main/java/org/apache/commons/rng/simple/internal/Long2Int.java
/sfs/weka/scratch/wxw9rr/artifact/RQ3/OE25-DEV/commons-rng-1.4-src/commons-rng-simple/src/main/java/org/apache/commons/rng/simple/internal/SeedFactory.java
/sfs/weka/scratch/wxw9rr/artifact/RQ3/OE25-DEV/commons-rng-1.4-src/commons-rng-simple/src/main/java/org/apache/commons/rng/simple/internal/ByteArray2IntArray.java
/sfs/weka/scratch/wxw9rr/artifact/RQ3/OE25-DEV/commons-rng-1.4-src/commons-rng-simple/src/main/java/org/apache/commons/rng/simple/JDKRandomBridge.java
/sfs/weka/scratch/wxw9rr/artifact/RQ3/OE25-DEV/commons-rng-1.4-src/commons-rng-simple/src/main/java/org/apache/commons/rng/simple/internal/IntArray2Int.java
