[ERROR] COMPILATION ERROR : 
[ERROR] /home/tasfia/Desktop/OE25-DEV/projects_decomposed/commons-beanutils/src/test/java/org/apache/commons/beanutils/ConstructorUtilsTestCase_OE25Dev.java:[236,72] cannot find symbol
  symbol:   variable args
  location: class org.apache.commons.beanutils.ConstructorUtilsTestCase_OE25Dev
[ERROR] /home/tasfia/Desktop/OE25-DEV/projects_decomposed/commons-beanutils/src/test/java/org/apache/commons/beanutils/ConstructorUtilsTestCase_OE25Dev.java:[236,77] cannot find symbol
  symbol:   variable types
  location: class org.apache.commons.beanutils.ConstructorUtilsTestCase_OE25Dev
[ERROR] Failed to execute goal org.apache.maven.plugins:maven-compiler-plugin:3.7.0:testCompile (default-testCompile) on project commons-beanutils: Compilation failure: Compilation failure: 
[ERROR] /home/tasfia/Desktop/OE25-DEV/projects_decomposed/commons-beanutils/src/test/java/org/apache/commons/beanutils/ConstructorUtilsTestCase_OE25Dev.java:[236,72] cannot find symbol
[ERROR]   symbol:   variable args
[ERROR]   location: class org.apache.commons.beanutils.ConstructorUtilsTestCase_OE25Dev
[ERROR] /home/tasfia/Desktop/OE25-DEV/projects_decomposed/commons-beanutils/src/test/java/org/apache/commons/beanutils/ConstructorUtilsTestCase_OE25Dev.java:[236,77] cannot find symbol
[ERROR]   symbol:   variable types
[ERROR]   location: class org.apache.commons.beanutils.ConstructorUtilsTestCase_OE25Dev
[ERROR] -> [Help 1]
[ERROR] 
[ERROR] To see the full stack trace of the errors, re-run Maven with the -e switch.
[ERROR] Re-run Maven using the -X switch to enable full debug logging.
[ERROR] 
[ERROR] For more information about the errors and possible solutions, please read the following articles:
[ERROR] [Help 1] http://cwiki.apache.org/confluence/display/MAVEN/MojoFailureException
