[ERROR] COMPILATION ERROR : 
[ERROR] /home/tasfia/Desktop/OE25-DEV/projects_decomposed/commons-configuration2/src/test/java/org/apache/commons/configuration2/TestXMLDocumentHelper_OE25Dev.java:[280,41] cannot find symbol
  symbol:   variable transformer
  location: class org.apache.commons.configuration2.TestXMLDocumentHelper_OE25Dev
[ERROR] /home/tasfia/Desktop/OE25-DEV/projects_decomposed/commons-configuration2/src/test/java/org/apache/commons/configuration2/TestXMLDocumentHelper_OE25Dev.java:[280,54] cannot find symbol
  symbol:   variable src
  location: class org.apache.commons.configuration2.TestXMLDocumentHelper_OE25Dev
[ERROR] /home/tasfia/Desktop/OE25-DEV/projects_decomposed/commons-configuration2/src/test/java/org/apache/commons/configuration2/TestXMLDocumentHelper_OE25Dev.java:[280,59] cannot find symbol
  symbol:   variable res
  location: class org.apache.commons.configuration2.TestXMLDocumentHelper_OE25Dev
[ERROR] Failed to execute goal org.apache.maven.plugins:maven-compiler-plugin:3.10.1:testCompile (default-testCompile) on project commons-configuration2: Compilation failure: Compilation failure: 
[ERROR] /home/tasfia/Desktop/OE25-DEV/projects_decomposed/commons-configuration2/src/test/java/org/apache/commons/configuration2/TestXMLDocumentHelper_OE25Dev.java:[280,41] cannot find symbol
[ERROR]   symbol:   variable transformer
[ERROR]   location: class org.apache.commons.configuration2.TestXMLDocumentHelper_OE25Dev
[ERROR] /home/tasfia/Desktop/OE25-DEV/projects_decomposed/commons-configuration2/src/test/java/org/apache/commons/configuration2/TestXMLDocumentHelper_OE25Dev.java:[280,54] cannot find symbol
[ERROR]   symbol:   variable src
[ERROR]   location: class org.apache.commons.configuration2.TestXMLDocumentHelper_OE25Dev
[ERROR] /home/tasfia/Desktop/OE25-DEV/projects_decomposed/commons-configuration2/src/test/java/org/apache/commons/configuration2/TestXMLDocumentHelper_OE25Dev.java:[280,59] cannot find symbol
[ERROR]   symbol:   variable res
[ERROR]   location: class org.apache.commons.configuration2.TestXMLDocumentHelper_OE25Dev
[ERROR] -> [Help 1]
[ERROR] 
[ERROR] To see the full stack trace of the errors, re-run Maven with the -e switch.
[ERROR] Re-run Maven using the -X switch to enable full debug logging.
[ERROR] 
[ERROR] For more information about the errors and possible solutions, please read the following articles:
[ERROR] [Help 1] http://cwiki.apache.org/confluence/display/MAVEN/MojoFailureException
