/sfs/weka/scratch/wxw9rr/OE25-DEV/projects_original/commons-geometry-1.0-src/commons-geometry-io-core/src/main/java/org/apache/commons/geometry/io/core/internal/CharReadBuffer.java
/sfs/weka/scratch/wxw9rr/OE25-DEV/projects_original/commons-geometry-1.0-src/commons-geometry-io-core/src/main/java/org/apache/commons/geometry/io/core/internal/IOSupplier.java
/sfs/weka/scratch/wxw9rr/OE25-DEV/projects_original/commons-geometry-1.0-src/commons-geometry-io-core/src/main/java/org/apache/commons/geometry/io/core/utils/package-info.java
/sfs/weka/scratch/wxw9rr/OE25-DEV/projects_original/commons-geometry-1.0-src/commons-geometry-io-core/src/main/java/org/apache/commons/geometry/io/core/input/package-info.java
/sfs/weka/scratch/wxw9rr/OE25-DEV/projects_original/commons-geometry-1.0-src/commons-geometry-io-core/src/main/java/org/apache/commons/geometry/io/core/BoundaryIOManager.java
/sfs/weka/scratch/wxw9rr/OE25-DEV/projects_original/commons-geometry-1.0-src/commons-geometry-io-core/src/main/java/org/apache/commons/geometry/io/core/utils/AbstractTextFormatWriter.java
/sfs/weka/scratch/wxw9rr/OE25-DEV/projects_original/commons-geometry-1.0-src/commons-geometry-io-core/src/main/java/org/apache/commons/geometry/io/core/internal/IOToIntFunction.java
/sfs/weka/scratch/wxw9rr/OE25-DEV/projects_original/commons-geometry-1.0-src/commons-geometry-io-core/src/main/java/org/apache/commons/geometry/io/core/internal/IOConsumer.java
/sfs/weka/scratch/wxw9rr/OE25-DEV/projects_original/commons-geometry-1.0-src/commons-geometry-io-core/src/main/java/org/apache/commons/geometry/io/core/package-info.java
/sfs/weka/scratch/wxw9rr/OE25-DEV/projects_original/commons-geometry-1.0-src/commons-geometry-io-core/src/main/java/org/apache/commons/geometry/io/core/input/StreamGeometryInput.java
/sfs/weka/scratch/wxw9rr/OE25-DEV/projects_original/commons-geometry-1.0-src/commons-geometry-io-core/src/main/java/org/apache/commons/geometry/io/core/BoundaryReadHandler.java
/sfs/weka/scratch/wxw9rr/OE25-DEV/projects_original/commons-geometry-1.0-src/commons-geometry-io-core/src/main/java/org/apache/commons/geometry/io/core/output/package-info.java
/sfs/weka/scratch/wxw9rr/OE25-DEV/projects_original/commons-geometry-1.0-src/commons-geometry-io-core/src/main/java/org/apache/commons/geometry/io/core/GeometryIOMetadata.java
/sfs/weka/scratch/wxw9rr/OE25-DEV/projects_original/commons-geometry-1.0-src/commons-geometry-io-core/src/main/java/org/apache/commons/geometry/io/core/BoundaryWriteHandler.java
/sfs/weka/scratch/wxw9rr/OE25-DEV/projects_original/commons-geometry-1.0-src/commons-geometry-io-core/src/main/java/org/apache/commons/geometry/io/core/internal/SimpleTextParser.java
/sfs/weka/scratch/wxw9rr/OE25-DEV/projects_original/commons-geometry-1.0-src/commons-geometry-io-core/src/main/java/org/apache/commons/geometry/io/core/GeometryFormat.java
/sfs/weka/scratch/wxw9rr/OE25-DEV/projects_original/commons-geometry-1.0-src/commons-geometry-io-core/src/main/java/org/apache/commons/geometry/io/core/output/FileGeometryOutput.java
/sfs/weka/scratch/wxw9rr/OE25-DEV/projects_original/commons-geometry-1.0-src/commons-geometry-io-core/src/main/java/org/apache/commons/geometry/io/core/output/StreamGeometryOutput.java
/sfs/weka/scratch/wxw9rr/OE25-DEV/projects_original/commons-geometry-1.0-src/commons-geometry-io-core/src/main/java/org/apache/commons/geometry/io/core/input/UrlGeometryInput.java
/sfs/weka/scratch/wxw9rr/OE25-DEV/projects_original/commons-geometry-1.0-src/commons-geometry-io-core/src/main/java/org/apache/commons/geometry/io/core/AbstractGeometryIOMetadata.java
/sfs/weka/scratch/wxw9rr/OE25-DEV/projects_original/commons-geometry-1.0-src/commons-geometry-io-core/src/main/java/org/apache/commons/geometry/io/core/input/FileGeometryInput.java
/sfs/weka/scratch/wxw9rr/OE25-DEV/projects_original/commons-geometry-1.0-src/commons-geometry-io-core/src/main/java/org/apache/commons/geometry/io/core/input/GeometryInput.java
/sfs/weka/scratch/wxw9rr/OE25-DEV/projects_original/commons-geometry-1.0-src/commons-geometry-io-core/src/main/java/org/apache/commons/geometry/io/core/internal/GeometryIOUtils.java
/sfs/weka/scratch/wxw9rr/OE25-DEV/projects_original/commons-geometry-1.0-src/commons-geometry-io-core/src/main/java/org/apache/commons/geometry/io/core/internal/IOFunction.java
/sfs/weka/scratch/wxw9rr/OE25-DEV/projects_original/commons-geometry-1.0-src/commons-geometry-io-core/src/main/java/org/apache/commons/geometry/io/core/internal/package-info.java
/sfs/weka/scratch/wxw9rr/OE25-DEV/projects_original/commons-geometry-1.0-src/commons-geometry-io-core/src/main/java/org/apache/commons/geometry/io/core/output/GeometryOutput.java
