org/springside/modules/metrics/metric/Counter.class
org/springside/modules/metrics/utils/Clock.class
org/springside/modules/metrics/MetricRegistryListener.class
org/springside/modules/metrics/reporter/ConsoleReporter.class
org/springside/modules/metrics/exporter/JmxExporter$JmxTimer.class
org/springside/modules/metrics/exporter/JmxExporter.class
org/springside/modules/metrics/ReportScheduler.class
org/springside/modules/metrics/exporter/JmxExporter$JmxGaugeMBean.class
org/springside/modules/metrics/metric/Histogram.class
org/springside/modules/metrics/exporter/JmxExporter$JmxCounterMBean.class
org/springside/modules/metrics/metric/Timer$1.class
org/springside/modules/metrics/metric/Timer.class
org/springside/modules/metrics/utils/Clock$MockClock.class
org/springside/modules/metrics/reporter/GraphiteReporter$GraphiteConnStatus.class
org/springside/modules/metrics/metric/Gauge.class
org/springside/modules/metrics/exporter/JmxExporter$AbstractBean.class
org/springside/modules/metrics/reporter/Slf4jReporter.class
org/springside/modules/metrics/exporter/JmxExporter$JmxTimerMBean.class
org/springside/modules/metrics/ReportScheduler$1.class
org/springside/modules/metrics/exporter/JmxExporter$JmxGauge.class
org/springside/modules/metrics/reporter/GraphiteReporter.class
org/springside/modules/metrics/exporter/JmxExporter$JmxHistogramMBean.class
org/springside/modules/metrics/metric/TimerMetric.class
org/springside/modules/metrics/utils/Clock$DefaultClock.class
org/springside/modules/metrics/Reporter.class
org/springside/modules/metrics/exporter/JmxExporter$1.class
org/springside/modules/metrics/exporter/JmxExporter$MetricMBean.class
org/springside/modules/metrics/MetricRegistry.class
org/springside/modules/metrics/metric/CounterMetric.class
org/springside/modules/metrics/metric/CachedGauge.class
org/springside/modules/metrics/exporter/JmxExporter$JmxCounter.class
org/springside/modules/metrics/Exporter.class
org/springside/modules/metrics/ReportScheduler$NamedThreadFactory.class
org/springside/modules/metrics/metric/HistogramMetric.class
org/springside/modules/metrics/exporter/JmxExporter$JmxHistogram.class
org/springside/modules/metrics/metric/Timer$TimerContext.class
