/sfs/weka/scratch/wxw9rr/OE25-DEV/projects_original/springside4/modules/metrics/src/main/java/org/springside/modules/metrics/metric/HistogramMetric.java
/sfs/weka/scratch/wxw9rr/OE25-DEV/projects_original/springside4/modules/metrics/src/main/java/org/springside/modules/metrics/MetricRegistryListener.java
/sfs/weka/scratch/wxw9rr/OE25-DEV/projects_original/springside4/modules/metrics/src/main/java/org/springside/modules/metrics/metric/CachedGauge.java
/sfs/weka/scratch/wxw9rr/OE25-DEV/projects_original/springside4/modules/metrics/src/main/java/org/springside/modules/metrics/metric/Histogram.java
/sfs/weka/scratch/wxw9rr/OE25-DEV/projects_original/springside4/modules/metrics/src/main/java/org/springside/modules/metrics/ReportScheduler.java
/sfs/weka/scratch/wxw9rr/OE25-DEV/projects_original/springside4/modules/metrics/src/main/java/org/springside/modules/metrics/metric/Timer.java
/sfs/weka/scratch/wxw9rr/OE25-DEV/projects_original/springside4/modules/metrics/src/main/java/org/springside/modules/metrics/metric/CounterMetric.java
/sfs/weka/scratch/wxw9rr/OE25-DEV/projects_original/springside4/modules/metrics/src/main/java/org/springside/modules/metrics/reporter/Slf4jReporter.java
/sfs/weka/scratch/wxw9rr/OE25-DEV/projects_original/springside4/modules/metrics/src/main/java/org/springside/modules/metrics/Exporter.java
/sfs/weka/scratch/wxw9rr/OE25-DEV/projects_original/springside4/modules/metrics/src/main/java/org/springside/modules/metrics/metric/Counter.java
/sfs/weka/scratch/wxw9rr/OE25-DEV/projects_original/springside4/modules/metrics/src/main/java/org/springside/modules/metrics/metric/TimerMetric.java
/sfs/weka/scratch/wxw9rr/OE25-DEV/projects_original/springside4/modules/metrics/src/main/java/org/springside/modules/metrics/Reporter.java
/sfs/weka/scratch/wxw9rr/OE25-DEV/projects_original/springside4/modules/metrics/src/main/java/org/springside/modules/metrics/exporter/JmxExporter.java
/sfs/weka/scratch/wxw9rr/OE25-DEV/projects_original/springside4/modules/metrics/src/main/java/org/springside/modules/metrics/reporter/GraphiteReporter.java
/sfs/weka/scratch/wxw9rr/OE25-DEV/projects_original/springside4/modules/metrics/src/main/java/org/springside/modules/metrics/reporter/ConsoleReporter.java
/sfs/weka/scratch/wxw9rr/OE25-DEV/projects_original/springside4/modules/metrics/src/main/java/org/springside/modules/metrics/MetricRegistry.java
/sfs/weka/scratch/wxw9rr/OE25-DEV/projects_original/springside4/modules/metrics/src/main/java/org/springside/modules/metrics/metric/Gauge.java
/sfs/weka/scratch/wxw9rr/OE25-DEV/projects_original/springside4/modules/metrics/src/main/java/org/springside/modules/metrics/utils/Clock.java
