[INFO] Scanning for projects...
[WARNING] 
[WARNING] Some problems were encountered while building the effective model for org.apache.commons:commons-jcs3-core:jar:3.1
[WARNING] 'dependencies.dependency.(groupId:artifactId:type:classifier)' must be unique: junit:junit:jar -> version 4.12 vs (?) @ line 96, column 17
[WARNING] 
[WARNING] It is highly recommended to fix these problems because they threaten the stability of your build.
[WARNING] 
[WARNING] For this reason, future Maven versions might no longer support building such malformed projects.
[WARNING] 
[INFO] 
[INFO] ----------------< org.apache.commons:commons-jcs3-core >----------------
[INFO] Building Apache Commons JCS :: Core 3.1
[INFO]   from pom.xml
[INFO] --------------------------------[ jar ]---------------------------------
[INFO] 
[INFO] --- clean:3.1.0:clean (default-clean) @ commons-jcs3-core ---
[INFO] Deleting /sfs/weka/scratch/wxw9rr/artifact/RQ3/OE25-DEV/projects/commons-jcs3-3.1-src/commons-jcs-core/target
[INFO] 
[INFO] --- enforcer:3.0.0-M3:enforce (enforce-maven-version) @ commons-jcs3-core ---
[INFO] 
[INFO] --- enforcer:3.0.0-M3:enforce (enforce-maven-3) @ commons-jcs3-core ---
[INFO] 
[INFO] --- apache-rat:0.13:check (rat-check) @ commons-jcs3-core ---
[INFO] RAT will not execute since it is configured to be skipped via system property 'rat.skip'.
[INFO] 
[INFO] --- build-helper:3.2.0:parse-version (parse-version) @ commons-jcs3-core ---
[INFO] 
[INFO] --- antrun:1.8:run (javadoc.resources) @ commons-jcs3-core ---
[INFO] Skipping Antrun execution
[INFO] 
[INFO] --- remote-resources:1.7.0:process (process-resource-bundles) @ commons-jcs3-core ---
[INFO] Preparing remote bundle org.apache:apache-jar-resource-bundle:1.4
[INFO] Copying 3 resources from 1 bundle.
[INFO] 
[INFO] --- buildnumber:1.4:create (default) @ commons-jcs3-core ---
[INFO] Executing: /bin/sh -c cd '/sfs/weka/scratch/wxw9rr/artifact/RQ3/OE25-DEV/projects/commons-jcs3-3.1-src/commons-jcs-core' && 'git' 'rev-parse' '--verify' 'HEAD'
[INFO] Working directory: /sfs/weka/scratch/wxw9rr/artifact/RQ3/OE25-DEV/projects/commons-jcs3-3.1-src/commons-jcs-core
[INFO] Storing buildNumber: f7b56da3b99411c476ec2c6033a5a90c57452a82 at timestamp: 1768505347284
[INFO] Storing buildScmBranch: main
[INFO] 
[INFO] --- resources:3.1.0:resources (default-resources) @ commons-jcs3-core ---
[INFO] Using 'UTF-8' encoding to copy filtered resources.
[INFO] Copying 1 resource
[INFO] Copying 0 resource to META-INF
[INFO] Copying 3 resources
[INFO] 
[INFO] --- compiler:3.8.1:compile (default-compile) @ commons-jcs3-core ---
[INFO] Changes detected - recompiling the module!
[INFO] Compiling 232 source files to /sfs/weka/scratch/wxw9rr/artifact/RQ3/OE25-DEV/projects/commons-jcs3-3.1-src/commons-jcs-core/target/classes
[INFO] /sfs/weka/scratch/wxw9rr/artifact/RQ3/OE25-DEV/projects/commons-jcs3-3.1-src/commons-jcs-core/src/main/java/org/apache/commons/jcs3/engine/control/CompositeCache.java: Some input files use or override a deprecated API.
[INFO] /sfs/weka/scratch/wxw9rr/artifact/RQ3/OE25-DEV/projects/commons-jcs3-3.1-src/commons-jcs-core/src/main/java/org/apache/commons/jcs3/engine/control/CompositeCache.java: Recompile with -Xlint:deprecation for details.
[INFO] /sfs/weka/scratch/wxw9rr/artifact/RQ3/OE25-DEV/projects/commons-jcs3-3.1-src/commons-jcs-core/src/main/java/org/apache/commons/jcs3/engine/control/CompositeCacheManager.java: /sfs/weka/scratch/wxw9rr/artifact/RQ3/OE25-DEV/projects/commons-jcs3-3.1-src/commons-jcs-core/src/main/java/org/apache/commons/jcs3/engine/control/CompositeCacheManager.java uses or overrides a deprecated API that is marked for removal.
[INFO] /sfs/weka/scratch/wxw9rr/artifact/RQ3/OE25-DEV/projects/commons-jcs3-3.1-src/commons-jcs-core/src/main/java/org/apache/commons/jcs3/engine/control/CompositeCacheManager.java: Recompile with -Xlint:removal for details.
[INFO] /sfs/weka/scratch/wxw9rr/artifact/RQ3/OE25-DEV/projects/commons-jcs3-3.1-src/commons-jcs-core/src/main/java/org/apache/commons/jcs3/auxiliary/disk/jdbc/JDBCDiskCache.java: Some input files use unchecked or unsafe operations.
[INFO] /sfs/weka/scratch/wxw9rr/artifact/RQ3/OE25-DEV/projects/commons-jcs3-3.1-src/commons-jcs-core/src/main/java/org/apache/commons/jcs3/auxiliary/disk/jdbc/JDBCDiskCache.java: Recompile with -Xlint:unchecked for details.
[INFO] 
[INFO] --- bundle:5.1.1:manifest (bundle-manifest) @ commons-jcs3-core ---
[INFO] 
[INFO] --- resources:3.1.0:testResources (default-testResources) @ commons-jcs3-core ---
[INFO] Using 'UTF-8' encoding to copy filtered resources.
[INFO] Copying 48 resources
[INFO] Copying 3 resources
[INFO] 
[INFO] --- compiler:3.8.1:testCompile (default-testCompile) @ commons-jcs3-core ---
[INFO] Changes detected - recompiling the module!
[INFO] Compiling 144 source files to /sfs/weka/scratch/wxw9rr/artifact/RQ3/OE25-DEV/projects/commons-jcs3-3.1-src/commons-jcs-core/target/test-classes
[INFO] /sfs/weka/scratch/wxw9rr/artifact/RQ3/OE25-DEV/projects/commons-jcs3-3.1-src/commons-jcs-core/src/test/java/org/apache/commons/jcs3/auxiliary/remote/server/RemoteCacheServerFactoryUnitTest.java: Some input files use or override a deprecated API.
[INFO] /sfs/weka/scratch/wxw9rr/artifact/RQ3/OE25-DEV/projects/commons-jcs3-3.1-src/commons-jcs-core/src/test/java/org/apache/commons/jcs3/auxiliary/remote/server/RemoteCacheServerFactoryUnitTest.java: Recompile with -Xlint:deprecation for details.
[INFO] 
[INFO] --- surefire:2.22.0:test (default-test) @ commons-jcs3-core ---
[INFO] 
[INFO] -------------------------------------------------------
[INFO]  T E S T S
[INFO] -------------------------------------------------------
[INFO] Running org.apache.commons.jcs3.admin.AdminBeanUnitTest
[INFO] Tests run: 4, Failures: 0, Errors: 0, Skipped: 0, Time elapsed: 0.198 s - in org.apache.commons.jcs3.admin.AdminBeanUnitTest
[INFO] Running org.apache.commons.jcs3.admin.CountingStreamUnitTest
[INFO] Tests run: 3, Failures: 0, Errors: 0, Skipped: 0, Time elapsed: 0 s - in org.apache.commons.jcs3.admin.CountingStreamUnitTest
[INFO] Running org.apache.commons.jcs3.ConcurrentRemovalLoadTest
[INFO] Tests run: 8, Failures: 0, Errors: 0, Skipped: 0, Time elapsed: 0.067 s - in org.apache.commons.jcs3.ConcurrentRemovalLoadTest
[INFO] Running org.apache.commons.jcs3.utils.config.PropertySetterUnitTest
[INFO] Tests run: 1, Failures: 0, Errors: 0, Skipped: 0, Time elapsed: 0.013 s - in org.apache.commons.jcs3.utils.config.PropertySetterUnitTest
[INFO] Running org.apache.commons.jcs3.utils.zip.CompressionUtilUnitTest
[INFO] Tests run: 3, Failures: 0, Errors: 0, Skipped: 0, Time elapsed: 0.001 s - in org.apache.commons.jcs3.utils.zip.CompressionUtilUnitTest
[INFO] Running org.apache.commons.jcs3.utils.struct.JCSvsCommonsLRUMapPerformanceTest
[ERROR] Tests run: 1, Failures: 1, Errors: 0, Skipped: 0, Time elapsed: 0.962 s <<< FAILURE! - in org.apache.commons.jcs3.utils.struct.JCSvsCommonsLRUMapPerformanceTest
[ERROR] testSimpleLoad(org.apache.commons.jcs3.utils.struct.JCSvsCommonsLRUMapPerformanceTest)  Time elapsed: 0.961 s  <<< FAILURE!
junit.framework.AssertionFailedError
	at org.apache.commons.jcs3.utils.struct.JCSvsCommonsLRUMapPerformanceTest.testSimpleLoad(JCSvsCommonsLRUMapPerformanceTest.java:68)

[INFO] Running org.apache.commons.jcs3.utils.struct.DoubleLinkedListUnitTest
[INFO] Tests run: 6, Failures: 0, Errors: 0, Skipped: 0, Time elapsed: 0.001 s - in org.apache.commons.jcs3.utils.struct.DoubleLinkedListUnitTest
[INFO] Running org.apache.commons.jcs3.utils.struct.LRUMapConcurrentUnitTest
[INFO] Tests run: 8, Failures: 0, Errors: 0, Skipped: 0, Time elapsed: 0.057 s - in org.apache.commons.jcs3.utils.struct.LRUMapConcurrentUnitTest
[INFO] Running org.apache.commons.jcs3.utils.struct.DoubleLinkedListDumpUnitTest
[INFO] Tests run: 1, Failures: 0, Errors: 0, Skipped: 0, Time elapsed: 0.001 s - in org.apache.commons.jcs3.utils.struct.DoubleLinkedListDumpUnitTest
[INFO] Running org.apache.commons.jcs3.utils.struct.LRUMapUnitTest
[INFO] Tests run: 5, Failures: 0, Errors: 0, Skipped: 0, Time elapsed: 0.001 s - in org.apache.commons.jcs3.utils.struct.LRUMapUnitTest
[INFO] Running org.apache.commons.jcs3.utils.access.JCSWorkerUnitTest
[INFO] Tests run: 1, Failures: 0, Errors: 0, Skipped: 0, Time elapsed: 0.001 s - in org.apache.commons.jcs3.utils.access.JCSWorkerUnitTest
[INFO] Running org.apache.commons.jcs3.utils.serialization.SerializationConversionUtilUnitTest
[INFO] Tests run: 5, Failures: 0, Errors: 0, Skipped: 0, Time elapsed: 0.004 s - in org.apache.commons.jcs3.utils.serialization.SerializationConversionUtilUnitTest
[INFO] Running org.apache.commons.jcs3.utils.serialization.CompressingSerializerUnitTest
[INFO] Tests run: 4, Failures: 0, Errors: 0, Skipped: 0, Time elapsed: 0 s - in org.apache.commons.jcs3.utils.serialization.CompressingSerializerUnitTest
[INFO] Running org.apache.commons.jcs3.utils.serialization.StandardSerializerUnitTest
[INFO] Tests run: 3, Failures: 0, Errors: 0, Skipped: 0, Time elapsed: 0 s - in org.apache.commons.jcs3.utils.serialization.StandardSerializerUnitTest
[INFO] Running org.apache.commons.jcs3.utils.discovery.UDPDiscoverySenderUnitTest
[INFO] Tests run: 3, Failures: 0, Errors: 0, Skipped: 0, Time elapsed: 0.038 s - in org.apache.commons.jcs3.utils.discovery.UDPDiscoverySenderUnitTest
[INFO] Running org.apache.commons.jcs3.utils.discovery.UDPDiscoveryUnitTest
[INFO] Tests run: 1, Failures: 0, Errors: 0, Skipped: 0, Time elapsed: 0.807 s - in org.apache.commons.jcs3.utils.discovery.UDPDiscoveryUnitTest
[INFO] Running org.apache.commons.jcs3.utils.discovery.UDPDiscoveryServiceUnitTest
[INFO] Tests run: 4, Failures: 0, Errors: 0, Skipped: 0, Time elapsed: 0.003 s - in org.apache.commons.jcs3.utils.discovery.UDPDiscoveryServiceUnitTest
[INFO] Running org.apache.commons.jcs3.utils.net.HostNameUtilUnitTest
[INFO] Tests run: 1, Failures: 0, Errors: 0, Skipped: 0, Time elapsed: 0.001 s - in org.apache.commons.jcs3.utils.net.HostNameUtilUnitTest
[INFO] Running org.apache.commons.jcs3.utils.threadpool.ThreadPoolManagerUnitTest
[INFO] Tests run: 3, Failures: 0, Errors: 0, Skipped: 0, Time elapsed: 0 s - in org.apache.commons.jcs3.utils.threadpool.ThreadPoolManagerUnitTest
[INFO] Running org.apache.commons.jcs3.engine.SystemPropertyUsageUnitTest
[INFO] Tests run: 2, Failures: 0, Errors: 0, Skipped: 0, Time elapsed: 0.004 s - in org.apache.commons.jcs3.engine.SystemPropertyUsageUnitTest
[INFO] Running org.apache.commons.jcs3.engine.memory.mru.LRUvsMRUPerformanceTest
[INFO] Tests run: 1, Failures: 0, Errors: 0, Skipped: 0, Time elapsed: 0.002 s - in org.apache.commons.jcs3.engine.memory.mru.LRUvsMRUPerformanceTest
[INFO] Running org.apache.commons.jcs3.engine.memory.shrinking.ShrinkerThreadUnitTest
[INFO] Tests run: 7, Failures: 0, Errors: 0, Skipped: 0, Time elapsed: 1.502 s - in org.apache.commons.jcs3.engine.memory.shrinking.ShrinkerThreadUnitTest
[INFO] Running org.apache.commons.jcs3.engine.match.KeyMatcherPatternImpllUnitTest
[INFO] Tests run: 3, Failures: 0, Errors: 0, Skipped: 0, Time elapsed: 0 s - in org.apache.commons.jcs3.engine.match.KeyMatcherPatternImpllUnitTest
[INFO] Running org.apache.commons.jcs3.JCSRemovalSimpleConcurrentTest
[INFO] Tests run: 4, Failures: 0, Errors: 0, Skipped: 0, Time elapsed: 0.074 s - in org.apache.commons.jcs3.JCSRemovalSimpleConcurrentTest
[INFO] Running org.apache.commons.jcs3.JCSUnitTest
[INFO] Tests run: 1, Failures: 0, Errors: 0, Skipped: 0, Time elapsed: 0.004 s - in org.apache.commons.jcs3.JCSUnitTest
[INFO] Running org.apache.commons.jcs3.auxiliary.lateral.socket.tcp.TestTCPLateralUnitTest
[INFO] Tests run: 7, Failures: 0, Errors: 0, Skipped: 0, Time elapsed: 8.497 s - in org.apache.commons.jcs3.auxiliary.lateral.socket.tcp.TestTCPLateralUnitTest
[INFO] Running org.apache.commons.jcs3.auxiliary.lateral.socket.tcp.LateralTCPDiscoveryListenerUnitTest
[INFO] Tests run: 8, Failures: 0, Errors: 0, Skipped: 0, Time elapsed: 0.014 s - in org.apache.commons.jcs3.auxiliary.lateral.socket.tcp.LateralTCPDiscoveryListenerUnitTest
[INFO] Running org.apache.commons.jcs3.auxiliary.disk.block.BlockDiskUnitTest
[INFO] Tests run: 12, Failures: 0, Errors: 0, Skipped: 0, Time elapsed: 0.102 s - in org.apache.commons.jcs3.auxiliary.disk.block.BlockDiskUnitTest
[INFO] Running org.apache.commons.jcs3.auxiliary.disk.jdbc.JDBCDataSourceFactoryUnitTest
[INFO] Tests run: 3, Failures: 0, Errors: 0, Skipped: 0, Time elapsed: 0.031 s - in org.apache.commons.jcs3.auxiliary.disk.jdbc.JDBCDataSourceFactoryUnitTest
[INFO] Running org.apache.commons.jcs3.auxiliary.disk.jdbc.mysql.util.ScheduleParserUtilUnitTest
[INFO] Tests run: 6, Failures: 0, Errors: 0, Skipped: 0, Time elapsed: 0.001 s - in org.apache.commons.jcs3.auxiliary.disk.jdbc.mysql.util.ScheduleParserUtilUnitTest
[INFO] Running org.apache.commons.jcs3.auxiliary.disk.PurgatoryElementUnitTest
[INFO] Tests run: 3, Failures: 0, Errors: 0, Skipped: 0, Time elapsed: 0 s - in org.apache.commons.jcs3.auxiliary.disk.PurgatoryElementUnitTest
[INFO] Running org.apache.commons.jcs3.auxiliary.remote.server.RegistryKeepAliveRunnerUnitTest
[INFO] Tests run: 1, Failures: 0, Errors: 0, Skipped: 0, Time elapsed: 0.047 s - in org.apache.commons.jcs3.auxiliary.remote.server.RegistryKeepAliveRunnerUnitTest
[INFO] Running org.apache.commons.jcs3.auxiliary.remote.server.TimeoutConfigurableRMISocketFactoryUnitTest
[INFO] Tests run: 1, Failures: 0, Errors: 0, Skipped: 0, Time elapsed: 0 s - in org.apache.commons.jcs3.auxiliary.remote.server.TimeoutConfigurableRMISocketFactoryUnitTest
[INFO] Running org.apache.commons.jcs3.auxiliary.remote.RemoteUtilsUnitTest
[INFO] Tests run: 3, Failures: 0, Errors: 0, Skipped: 0, Time elapsed: 0 s - in org.apache.commons.jcs3.auxiliary.remote.RemoteUtilsUnitTest
[INFO] 
[INFO] Results:
[INFO] 
[ERROR] Failures: 
[ERROR]   JCSvsCommonsLRUMapPerformanceTest.testSimpleLoad:68
[INFO] 
[ERROR] Tests run: 127, Failures: 1, Errors: 0, Skipped: 0
[INFO] 
[INFO] ------------------------------------------------------------------------
[INFO] BUILD FAILURE
[INFO] ------------------------------------------------------------------------
[INFO] Total time:  20.766 s
[INFO] Finished at: 2026-01-15T14:29:25-05:00
[INFO] ------------------------------------------------------------------------
[ERROR] Failed to execute goal org.apache.maven.plugins:maven-surefire-plugin:2.22.0:test (default-test) on project commons-jcs3-core: There are test failures.
[ERROR] 
[ERROR] Please refer to /sfs/weka/scratch/wxw9rr/artifact/RQ3/OE25-DEV/projects/commons-jcs3-3.1-src/commons-jcs-core/target/surefire-reports for the individual test results.
[ERROR] Please refer to dump files (if any exist) [date]-jvmRun[N].dump, [date].dumpstream and [date]-jvmRun[N].dumpstream.
[ERROR] -> [Help 1]
[ERROR] 
[ERROR] To see the full stack trace of the errors, re-run Maven with the -e switch.
[ERROR] Re-run Maven using the -X switch to enable full debug logging.
[ERROR] 
[ERROR] For more information about the errors and possible solutions, please read the following articles:
[ERROR] [Help 1] http://cwiki.apache.org/confluence/display/MAVEN/MojoFailureException
