[ERROR] COMPILATION ERROR : 
[ERROR] /home/tasfia/Desktop/OE25-DEV/projects_decomposed/commons-configuration2/src/test/java/org/apache/commons/configuration2/TestAbstractConfigurationBasicFeatures_OE25Dev_conf_left_4_1.java:[706,9] cannot find symbol
  symbol:   method checkGetStringArrayScalar(java.lang.Integer)
  location: class org.apache.commons.configuration2.TestAbstractConfigurationBasicFeatures_OE25Dev_conf_left_4_1
[ERROR] /home/tasfia/Desktop/OE25-DEV/projects_decomposed/commons-configuration2/src/test/java/org/apache/commons/configuration2/TestAbstractConfigurationBasicFeatures_OE25Dev_conf_left_4_1.java:[707,9] cannot find symbol
  symbol:   method checkGetStringArrayScalar(java.lang.Long)
  location: class org.apache.commons.configuration2.TestAbstractConfigurationBasicFeatures_OE25Dev_conf_left_4_1
[ERROR] /home/tasfia/Desktop/OE25-DEV/projects_decomposed/commons-configuration2/src/test/java/org/apache/commons/configuration2/TestAbstractConfigurationBasicFeatures_OE25Dev_conf_left_4_1.java:[708,9] cannot find symbol
  symbol:   method checkGetStringArrayScalar(java.lang.Short)
  location: class org.apache.commons.configuration2.TestAbstractConfigurationBasicFeatures_OE25Dev_conf_left_4_1
[ERROR] /home/tasfia/Desktop/OE25-DEV/projects_decomposed/commons-configuration2/src/test/java/org/apache/commons/configuration2/TestAbstractConfigurationBasicFeatures_OE25Dev_conf_left_4_1.java:[709,9] cannot find symbol
  symbol:   method checkGetStringArrayScalar(java.lang.Byte)
  location: class org.apache.commons.configuration2.TestAbstractConfigurationBasicFeatures_OE25Dev_conf_left_4_1
[ERROR] /home/tasfia/Desktop/OE25-DEV/projects_decomposed/commons-configuration2/src/test/java/org/apache/commons/configuration2/TestAbstractConfigurationBasicFeatures_OE25Dev_conf_left_4_1.java:[710,9] cannot find symbol
  symbol:   method checkGetStringArrayScalar(java.lang.Float)
  location: class org.apache.commons.configuration2.TestAbstractConfigurationBasicFeatures_OE25Dev_conf_left_4_1
[ERROR] /home/tasfia/Desktop/OE25-DEV/projects_decomposed/commons-configuration2/src/test/java/org/apache/commons/configuration2/TestAbstractConfigurationBasicFeatures_OE25Dev_conf_left_4_1.java:[711,9] cannot find symbol
  symbol:   method checkGetStringArrayScalar(java.lang.Double)
  location: class org.apache.commons.configuration2.TestAbstractConfigurationBasicFeatures_OE25Dev_conf_left_4_1
[ERROR] /home/tasfia/Desktop/OE25-DEV/projects_decomposed/commons-configuration2/src/test/java/org/apache/commons/configuration2/TestAbstractConfigurationBasicFeatures_OE25Dev_conf_left_4_1.java:[712,9] cannot find symbol
  symbol:   method checkGetStringArrayScalar(java.lang.Boolean)
  location: class org.apache.commons.configuration2.TestAbstractConfigurationBasicFeatures_OE25Dev_conf_left_4_1
[ERROR] Failed to execute goal org.apache.maven.plugins:maven-compiler-plugin:3.10.1:testCompile (default-testCompile) on project commons-configuration2: Compilation failure: Compilation failure: 
[ERROR] /home/tasfia/Desktop/OE25-DEV/projects_decomposed/commons-configuration2/src/test/java/org/apache/commons/configuration2/TestAbstractConfigurationBasicFeatures_OE25Dev_conf_left_4_1.java:[706,9] cannot find symbol
[ERROR]   symbol:   method checkGetStringArrayScalar(java.lang.Integer)
[ERROR]   location: class org.apache.commons.configuration2.TestAbstractConfigurationBasicFeatures_OE25Dev_conf_left_4_1
[ERROR] /home/tasfia/Desktop/OE25-DEV/projects_decomposed/commons-configuration2/src/test/java/org/apache/commons/configuration2/TestAbstractConfigurationBasicFeatures_OE25Dev_conf_left_4_1.java:[707,9] cannot find symbol
[ERROR]   symbol:   method checkGetStringArrayScalar(java.lang.Long)
[ERROR]   location: class org.apache.commons.configuration2.TestAbstractConfigurationBasicFeatures_OE25Dev_conf_left_4_1
[ERROR] /home/tasfia/Desktop/OE25-DEV/projects_decomposed/commons-configuration2/src/test/java/org/apache/commons/configuration2/TestAbstractConfigurationBasicFeatures_OE25Dev_conf_left_4_1.java:[708,9] cannot find symbol
[ERROR]   symbol:   method checkGetStringArrayScalar(java.lang.Short)
[ERROR]   location: class org.apache.commons.configuration2.TestAbstractConfigurationBasicFeatures_OE25Dev_conf_left_4_1
[ERROR] /home/tasfia/Desktop/OE25-DEV/projects_decomposed/commons-configuration2/src/test/java/org/apache/commons/configuration2/TestAbstractConfigurationBasicFeatures_OE25Dev_conf_left_4_1.java:[709,9] cannot find symbol
[ERROR]   symbol:   method checkGetStringArrayScalar(java.lang.Byte)
[ERROR]   location: class org.apache.commons.configuration2.TestAbstractConfigurationBasicFeatures_OE25Dev_conf_left_4_1
[ERROR] /home/tasfia/Desktop/OE25-DEV/projects_decomposed/commons-configuration2/src/test/java/org/apache/commons/configuration2/TestAbstractConfigurationBasicFeatures_OE25Dev_conf_left_4_1.java:[710,9] cannot find symbol
[ERROR]   symbol:   method checkGetStringArrayScalar(java.lang.Float)
[ERROR]   location: class org.apache.commons.configuration2.TestAbstractConfigurationBasicFeatures_OE25Dev_conf_left_4_1
[ERROR] /home/tasfia/Desktop/OE25-DEV/projects_decomposed/commons-configuration2/src/test/java/org/apache/commons/configuration2/TestAbstractConfigurationBasicFeatures_OE25Dev_conf_left_4_1.java:[711,9] cannot find symbol
[ERROR]   symbol:   method checkGetStringArrayScalar(java.lang.Double)
[ERROR]   location: class org.apache.commons.configuration2.TestAbstractConfigurationBasicFeatures_OE25Dev_conf_left_4_1
[ERROR] /home/tasfia/Desktop/OE25-DEV/projects_decomposed/commons-configuration2/src/test/java/org/apache/commons/configuration2/TestAbstractConfigurationBasicFeatures_OE25Dev_conf_left_4_1.java:[712,9] cannot find symbol
[ERROR]   symbol:   method checkGetStringArrayScalar(java.lang.Boolean)
[ERROR]   location: class org.apache.commons.configuration2.TestAbstractConfigurationBasicFeatures_OE25Dev_conf_left_4_1
[ERROR] -> [Help 1]
[ERROR] 
[ERROR] To see the full stack trace of the errors, re-run Maven with the -e switch.
[ERROR] Re-run Maven using the -X switch to enable full debug logging.
[ERROR] 
[ERROR] For more information about the errors and possible solutions, please read the following articles:
[ERROR] [Help 1] http://cwiki.apache.org/confluence/display/MAVEN/MojoFailureException
