[ERROR] COMPILATION ERROR : 
[ERROR] /home/tasfia/Desktop/OE25-DEV/projects_decomposed/commons-configuration2/src/test/java/org/apache/commons/configuration2/tree/TestDefaultExpressionEngineSymbols_OE25Dev_conf_left_1577_2.java:[114,9] cannot find symbol
  symbol:   method expEqual(org.apache.commons.configuration2.tree.DefaultExpressionEngineSymbols,org.apache.commons.configuration2.tree.DefaultExpressionEngineSymbols)
  location: class org.apache.commons.configuration2.tree.TestDefaultExpressionEngineSymbols_OE25Dev_conf_left_1577_2
[ERROR] /home/tasfia/Desktop/OE25-DEV/projects_decomposed/commons-configuration2/src/test/java/org/apache/commons/configuration2/tree/TestDefaultExpressionEngineSymbols_OE25Dev_conf_left_1577_2.java:[116,9] cannot find symbol
  symbol:   method expEqual(org.apache.commons.configuration2.tree.DefaultExpressionEngineSymbols,org.apache.commons.configuration2.tree.DefaultExpressionEngineSymbols)
  location: class org.apache.commons.configuration2.tree.TestDefaultExpressionEngineSymbols_OE25Dev_conf_left_1577_2
[ERROR] Failed to execute goal org.apache.maven.plugins:maven-compiler-plugin:3.10.1:testCompile (default-testCompile) on project commons-configuration2: Compilation failure: Compilation failure: 
[ERROR] /home/tasfia/Desktop/OE25-DEV/projects_decomposed/commons-configuration2/src/test/java/org/apache/commons/configuration2/tree/TestDefaultExpressionEngineSymbols_OE25Dev_conf_left_1577_2.java:[114,9] cannot find symbol
[ERROR]   symbol:   method expEqual(org.apache.commons.configuration2.tree.DefaultExpressionEngineSymbols,org.apache.commons.configuration2.tree.DefaultExpressionEngineSymbols)
[ERROR]   location: class org.apache.commons.configuration2.tree.TestDefaultExpressionEngineSymbols_OE25Dev_conf_left_1577_2
[ERROR] /home/tasfia/Desktop/OE25-DEV/projects_decomposed/commons-configuration2/src/test/java/org/apache/commons/configuration2/tree/TestDefaultExpressionEngineSymbols_OE25Dev_conf_left_1577_2.java:[116,9] cannot find symbol
[ERROR]   symbol:   method expEqual(org.apache.commons.configuration2.tree.DefaultExpressionEngineSymbols,org.apache.commons.configuration2.tree.DefaultExpressionEngineSymbols)
[ERROR]   location: class org.apache.commons.configuration2.tree.TestDefaultExpressionEngineSymbols_OE25Dev_conf_left_1577_2
[ERROR] -> [Help 1]
[ERROR] 
[ERROR] To see the full stack trace of the errors, re-run Maven with the -e switch.
[ERROR] Re-run Maven using the -X switch to enable full debug logging.
[ERROR] 
[ERROR] For more information about the errors and possible solutions, please read the following articles:
[ERROR] [Help 1] http://cwiki.apache.org/confluence/display/MAVEN/MojoFailureException
