[ERROR] COMPILATION ERROR : 
[ERROR] /home/tasfia/Desktop/OE25-DEV/projects_decomposed/commons-configuration2/src/test/java/org/apache/commons/configuration2/TestAbstractConfigurationBasicFeatures_OE25Dev_conf_left_1_2.java:[246,9] cannot find symbol
  symbol:   method checkAddListProperty(org.apache.commons.configuration2.TestAbstractConfigurationBasicFeatures_OE25Dev_conf_left_1_2.TestConfigurationImpl)
  location: class org.apache.commons.configuration2.TestAbstractConfigurationBasicFeatures_OE25Dev_conf_left_1_2
[ERROR] /home/tasfia/Desktop/OE25-DEV/projects_decomposed/commons-configuration2/src/test/java/org/apache/commons/configuration2/TestAbstractConfigurationBasicFeatures_OE25Dev_conf_left_1_2.java:[255,9] cannot find symbol
  symbol:   method checkAddListProperty(org.apache.commons.configuration2.AbstractConfiguration)
  location: class org.apache.commons.configuration2.TestAbstractConfigurationBasicFeatures_OE25Dev_conf_left_1_2
[ERROR] Failed to execute goal org.apache.maven.plugins:maven-compiler-plugin:3.10.1:testCompile (default-testCompile) on project commons-configuration2: Compilation failure: Compilation failure: 
[ERROR] /home/tasfia/Desktop/OE25-DEV/projects_decomposed/commons-configuration2/src/test/java/org/apache/commons/configuration2/TestAbstractConfigurationBasicFeatures_OE25Dev_conf_left_1_2.java:[246,9] cannot find symbol
[ERROR]   symbol:   method checkAddListProperty(org.apache.commons.configuration2.TestAbstractConfigurationBasicFeatures_OE25Dev_conf_left_1_2.TestConfigurationImpl)
[ERROR]   location: class org.apache.commons.configuration2.TestAbstractConfigurationBasicFeatures_OE25Dev_conf_left_1_2
[ERROR] /home/tasfia/Desktop/OE25-DEV/projects_decomposed/commons-configuration2/src/test/java/org/apache/commons/configuration2/TestAbstractConfigurationBasicFeatures_OE25Dev_conf_left_1_2.java:[255,9] cannot find symbol
[ERROR]   symbol:   method checkAddListProperty(org.apache.commons.configuration2.AbstractConfiguration)
[ERROR]   location: class org.apache.commons.configuration2.TestAbstractConfigurationBasicFeatures_OE25Dev_conf_left_1_2
[ERROR] -> [Help 1]
[ERROR] 
[ERROR] To see the full stack trace of the errors, re-run Maven with the -e switch.
[ERROR] Re-run Maven using the -X switch to enable full debug logging.
[ERROR] 
[ERROR] For more information about the errors and possible solutions, please read the following articles:
[ERROR] [Help 1] http://cwiki.apache.org/confluence/display/MAVEN/MojoFailureException
