[ERROR] COMPILATION ERROR : 
[ERROR] /home/tasfia/Desktop/OE25-DEV/projects_decomposed/commons-configuration2/src/test/java/org/apache/commons/configuration2/TestHierarchicalXMLConfiguration_OE25Dev_conf_left_348_8.java:[80,9] cannot find symbol
  symbol:   method configTest(org.apache.commons.configuration2.XMLConfiguration)
  location: class org.apache.commons.configuration2.TestHierarchicalXMLConfiguration_OE25Dev_conf_left_348_8
[ERROR] /home/tasfia/Desktop/OE25-DEV/projects_decomposed/commons-configuration2/src/test/java/org/apache/commons/configuration2/TestHierarchicalXMLConfiguration_OE25Dev_conf_left_348_8.java:[89,9] cannot find symbol
  symbol:   method configTest(org.apache.commons.configuration2.XMLConfiguration)
  location: class org.apache.commons.configuration2.TestHierarchicalXMLConfiguration_OE25Dev_conf_left_348_8
[ERROR] /home/tasfia/Desktop/OE25-DEV/projects_decomposed/commons-configuration2/src/test/java/org/apache/commons/configuration2/TestHierarchicalXMLConfiguration_OE25Dev_conf_left_348_8.java:[98,9] cannot find symbol
  symbol:   method configTest(org.apache.commons.configuration2.XMLConfiguration)
  location: class org.apache.commons.configuration2.TestHierarchicalXMLConfiguration_OE25Dev_conf_left_348_8
[ERROR] /home/tasfia/Desktop/OE25-DEV/projects_decomposed/commons-configuration2/src/test/java/org/apache/commons/configuration2/TestHierarchicalXMLConfiguration_OE25Dev_conf_left_348_8.java:[105,9] cannot find symbol
  symbol:   method configTest(org.apache.commons.configuration2.XMLConfiguration)
  location: class org.apache.commons.configuration2.TestHierarchicalXMLConfiguration_OE25Dev_conf_left_348_8
[ERROR] Failed to execute goal org.apache.maven.plugins:maven-compiler-plugin:3.10.1:testCompile (default-testCompile) on project commons-configuration2: Compilation failure: Compilation failure: 
[ERROR] /home/tasfia/Desktop/OE25-DEV/projects_decomposed/commons-configuration2/src/test/java/org/apache/commons/configuration2/TestHierarchicalXMLConfiguration_OE25Dev_conf_left_348_8.java:[80,9] cannot find symbol
[ERROR]   symbol:   method configTest(org.apache.commons.configuration2.XMLConfiguration)
[ERROR]   location: class org.apache.commons.configuration2.TestHierarchicalXMLConfiguration_OE25Dev_conf_left_348_8
[ERROR] /home/tasfia/Desktop/OE25-DEV/projects_decomposed/commons-configuration2/src/test/java/org/apache/commons/configuration2/TestHierarchicalXMLConfiguration_OE25Dev_conf_left_348_8.java:[89,9] cannot find symbol
[ERROR]   symbol:   method configTest(org.apache.commons.configuration2.XMLConfiguration)
[ERROR]   location: class org.apache.commons.configuration2.TestHierarchicalXMLConfiguration_OE25Dev_conf_left_348_8
[ERROR] /home/tasfia/Desktop/OE25-DEV/projects_decomposed/commons-configuration2/src/test/java/org/apache/commons/configuration2/TestHierarchicalXMLConfiguration_OE25Dev_conf_left_348_8.java:[98,9] cannot find symbol
[ERROR]   symbol:   method configTest(org.apache.commons.configuration2.XMLConfiguration)
[ERROR]   location: class org.apache.commons.configuration2.TestHierarchicalXMLConfiguration_OE25Dev_conf_left_348_8
[ERROR] /home/tasfia/Desktop/OE25-DEV/projects_decomposed/commons-configuration2/src/test/java/org/apache/commons/configuration2/TestHierarchicalXMLConfiguration_OE25Dev_conf_left_348_8.java:[105,9] cannot find symbol
[ERROR]   symbol:   method configTest(org.apache.commons.configuration2.XMLConfiguration)
[ERROR]   location: class org.apache.commons.configuration2.TestHierarchicalXMLConfiguration_OE25Dev_conf_left_348_8
[ERROR] -> [Help 1]
[ERROR] 
[ERROR] To see the full stack trace of the errors, re-run Maven with the -e switch.
[ERROR] Re-run Maven using the -X switch to enable full debug logging.
[ERROR] 
[ERROR] For more information about the errors and possible solutions, please read the following articles:
[ERROR] [Help 1] http://cwiki.apache.org/confluence/display/MAVEN/MojoFailureException
