[INFO] Scanning for projects...
[WARNING] 
[WARNING] Some problems were encountered while building the effective model for org.apache.commons:commons-jcs3-jcache:jar:3.1
[WARNING] 'dependencies.dependency.(groupId:artifactId:type:classifier)' must be unique: junit:junit:jar -> version 4.12 vs (?) @ line 85, column 17
[WARNING] 
[WARNING] It is highly recommended to fix these problems because they threaten the stability of your build.
[WARNING] 
[WARNING] For this reason, future Maven versions might no longer support building such malformed projects.
[WARNING] 
[INFO] 
[INFO] ---------------< org.apache.commons:commons-jcs3-jcache >---------------
[INFO] Building Apache Commons JCS :: JCache 3.1
[INFO]   from pom.xml
[INFO] --------------------------------[ jar ]---------------------------------
[INFO] 
[INFO] --- enforcer:3.0.0-M3:enforce (enforce-maven-version) @ commons-jcs3-jcache ---
[INFO] 
[INFO] --- enforcer:3.0.0-M3:enforce (enforce-maven-3) @ commons-jcs3-jcache ---
[INFO] 
[INFO] --- apache-rat:0.13:check (rat-check) @ commons-jcs3-jcache ---
[INFO] RAT will not execute since it is configured to be skipped via system property 'rat.skip'.
[INFO] 
[INFO] --- build-helper:3.2.0:parse-version (parse-version) @ commons-jcs3-jcache ---
[INFO] 
[INFO] --- antrun:1.8:run (javadoc.resources) @ commons-jcs3-jcache ---
[INFO] Skipping Antrun execution
[INFO] 
[INFO] --- remote-resources:1.7.0:process (process-resource-bundles) @ commons-jcs3-jcache ---
[INFO] Preparing remote bundle org.apache:apache-jar-resource-bundle:1.4
[INFO] Copying 3 resources from 1 bundle.
[INFO] 
[INFO] --- buildnumber:1.4:create (default) @ commons-jcs3-jcache ---
[INFO] Executing: /bin/sh -c cd '/sfs/weka/scratch/wxw9rr/OE25-DEV/projects_decomposed/commons-jcs3-3.1-src/commons-jcs-jcache' && 'git' 'rev-parse' '--verify' 'HEAD'
[INFO] Working directory: /sfs/weka/scratch/wxw9rr/OE25-DEV/projects_decomposed/commons-jcs3-3.1-src/commons-jcs-jcache
[INFO] Storing buildNumber: ba422cbeaa32efdad405fd5df283f67519011b01 at timestamp: 1768596708555
[INFO] Storing buildScmBranch: main
[INFO] 
[INFO] --- resources:3.1.0:resources (default-resources) @ commons-jcs3-jcache ---
[INFO] Using 'UTF-8' encoding to copy filtered resources.
[INFO] Copying 2 resources
[INFO] Copying 0 resource to META-INF
[INFO] Copying 3 resources
[INFO] 
[INFO] --- compiler:3.8.1:compile (default-compile) @ commons-jcs3-jcache ---
[INFO] Changes detected - recompiling the module!
[INFO] Compiling 44 source files to /sfs/weka/scratch/wxw9rr/OE25-DEV/projects_decomposed/commons-jcs3-3.1-src/commons-jcs-jcache/target/classes
[INFO] /sfs/weka/scratch/wxw9rr/OE25-DEV/projects_decomposed/commons-jcs3-3.1-src/commons-jcs-jcache/src/main/java/org/apache/commons/jcs3/jcache/lang/Lang3Substitutor.java: Some input files use or override a deprecated API.
[INFO] /sfs/weka/scratch/wxw9rr/OE25-DEV/projects_decomposed/commons-jcs3-3.1-src/commons-jcs-jcache/src/main/java/org/apache/commons/jcs3/jcache/lang/Lang3Substitutor.java: Recompile with -Xlint:deprecation for details.
[INFO] /sfs/weka/scratch/wxw9rr/OE25-DEV/projects_decomposed/commons-jcs3-3.1-src/commons-jcs-jcache/src/main/java/org/apache/commons/jcs3/jcache/JCSListener.java: Some input files use unchecked or unsafe operations.
[INFO] /sfs/weka/scratch/wxw9rr/OE25-DEV/projects_decomposed/commons-jcs3-3.1-src/commons-jcs-jcache/src/main/java/org/apache/commons/jcs3/jcache/JCSListener.java: Recompile with -Xlint:unchecked for details.
[INFO] 
[INFO] --- bundle:5.1.1:manifest (bundle-manifest) @ commons-jcs3-jcache ---
[INFO] 
[INFO] --- resources:3.1.0:testResources (default-testResources) @ commons-jcs3-jcache ---
[INFO] Using 'UTF-8' encoding to copy filtered resources.
[INFO] skip non existing resourceDirectory /sfs/weka/scratch/wxw9rr/OE25-DEV/projects_decomposed/commons-jcs3-3.1-src/commons-jcs-jcache/src/test/resources
[INFO] Copying 0 resource to META-INF
[INFO] Copying 3 resources
[INFO] 
[INFO] --- compiler:3.8.1:testCompile (default-testCompile) @ commons-jcs3-jcache ---
[INFO] Changes detected - recompiling the module!
[INFO] Compiling 11 source files to /sfs/weka/scratch/wxw9rr/OE25-DEV/projects_decomposed/commons-jcs3-3.1-src/commons-jcs-jcache/target/test-classes
[INFO] 
[INFO] --- animal-sniffer:1.19:check (checkAPIcompatibility) @ commons-jcs3-jcache ---
[INFO] Checking unresolved references to org.codehaus.mojo.signature:java18:1.0
[INFO] 
[INFO] --- surefire:2.22.2:test (default-test) @ commons-jcs3-jcache ---
[INFO] 
[INFO] -------------------------------------------------------
[INFO]  T E S T S
[INFO] -------------------------------------------------------
[INFO] Running org.apache.commons.jcs3.jcache.ImmediateExpiryTest_OE25Dev
[ERROR] Tests run: 2, Failures: 0, Errors: 1, Skipped: 0, Time elapsed: 0.775 s <<< FAILURE! - in org.apache.commons.jcs3.jcache.ImmediateExpiryTest_OE25Dev
[ERROR] immediate_2_oe(org.apache.commons.jcs3.jcache.ImmediateExpiryTest_OE25Dev)  Time elapsed: 0.055 s  <<< ERROR!
javax.cache.CacheException: cache default already exists
	at org.apache.commons.jcs3.jcache.ImmediateExpiryTest_OE25Dev.immediate_2_oe(ImmediateExpiryTest_OE25Dev.java:57)

[INFO] Running org.apache.commons.jcs3.jcache.CachingProviderTest_OE25Dev
[INFO] Tests run: 2, Failures: 0, Errors: 0, Skipped: 0, Time elapsed: 0 s - in org.apache.commons.jcs3.jcache.CachingProviderTest_OE25Dev
[INFO] Running org.apache.commons.jcs3.jcache.ExpiryListenerTest_OE25Dev
[ERROR] Tests run: 3, Failures: 0, Errors: 3, Skipped: 0, Time elapsed: 0 s <<< FAILURE! - in org.apache.commons.jcs3.jcache.ExpiryListenerTest_OE25Dev
[ERROR] listener_1_oe(org.apache.commons.jcs3.jcache.ExpiryListenerTest_OE25Dev)  Time elapsed: 0 s  <<< ERROR!
javax.cache.CacheException: cache default already exists
	at org.apache.commons.jcs3.jcache.ExpiryListenerTest_OE25Dev.listener_1_oe(ExpiryListenerTest_OE25Dev.java:70)

[ERROR] listener_2_oe(org.apache.commons.jcs3.jcache.ExpiryListenerTest_OE25Dev)  Time elapsed: 0 s  <<< ERROR!
javax.cache.CacheException: cache default already exists
	at org.apache.commons.jcs3.jcache.ExpiryListenerTest_OE25Dev.listener_2_oe(ExpiryListenerTest_OE25Dev.java:86)

[ERROR] listener_3_oe(org.apache.commons.jcs3.jcache.ExpiryListenerTest_OE25Dev)  Time elapsed: 0 s  <<< ERROR!
javax.cache.CacheException: cache default already exists
	at org.apache.commons.jcs3.jcache.ExpiryListenerTest_OE25Dev.listener_3_oe(ExpiryListenerTest_OE25Dev.java:105)

[INFO] Running org.apache.commons.jcs3.jcache.NotSerializableTest_OE25Dev
[ERROR] Tests run: 4, Failures: 0, Errors: 4, Skipped: 0, Time elapsed: 0 s <<< FAILURE! - in org.apache.commons.jcs3.jcache.NotSerializableTest_OE25Dev
[ERROR] run_1_oe(org.apache.commons.jcs3.jcache.NotSerializableTest_OE25Dev)  Time elapsed: 0 s  <<< ERROR!
javax.cache.CacheException: cache default already exists
	at org.apache.commons.jcs3.jcache.NotSerializableTest_OE25Dev.run_1_oe(NotSerializableTest_OE25Dev.java:50)

[ERROR] run_2_oe(org.apache.commons.jcs3.jcache.NotSerializableTest_OE25Dev)  Time elapsed: 0 s  <<< ERROR!
javax.cache.CacheException: cache default already exists
	at org.apache.commons.jcs3.jcache.NotSerializableTest_OE25Dev.run_2_oe(NotSerializableTest_OE25Dev.java:60)

[ERROR] run_3_oe(org.apache.commons.jcs3.jcache.NotSerializableTest_OE25Dev)  Time elapsed: 0 s  <<< ERROR!
javax.cache.CacheException: cache default already exists
	at org.apache.commons.jcs3.jcache.NotSerializableTest_OE25Dev.run_3_oe(NotSerializableTest_OE25Dev.java:72)

[ERROR] run_4_oe(org.apache.commons.jcs3.jcache.NotSerializableTest_OE25Dev)  Time elapsed: 0 s  <<< ERROR!
javax.cache.CacheException: cache default already exists
	at org.apache.commons.jcs3.jcache.NotSerializableTest_OE25Dev.run_4_oe(NotSerializableTest_OE25Dev.java:85)

[INFO] Running org.apache.commons.jcs3.jcache.cdi.CDIJCacheHelperTest_OE25Dev
[INFO] Tests run: 2, Failures: 0, Errors: 0, Skipped: 0, Time elapsed: 0 s - in org.apache.commons.jcs3.jcache.cdi.CDIJCacheHelperTest_OE25Dev
[INFO] 
[INFO] Results:
[INFO] 
[ERROR] Errors: 
[ERROR]   ExpiryListenerTest_OE25Dev.listener_1_oe:70 » Cache cache default already exis...
[ERROR]   ExpiryListenerTest_OE25Dev.listener_2_oe:86 » Cache cache default already exis...
[ERROR]   ExpiryListenerTest_OE25Dev.listener_3_oe:105 » Cache cache default already exi...
[ERROR]   ImmediateExpiryTest_OE25Dev.immediate_2_oe:57 » Cache cache default already ex...
[ERROR]   NotSerializableTest_OE25Dev.run_1_oe:50 » Cache cache default already exists
[ERROR]   NotSerializableTest_OE25Dev.run_2_oe:60 » Cache cache default already exists
[ERROR]   NotSerializableTest_OE25Dev.run_3_oe:72 » Cache cache default already exists
[ERROR]   NotSerializableTest_OE25Dev.run_4_oe:85 » Cache cache default already exists
[INFO] 
[ERROR] Tests run: 13, Failures: 0, Errors: 8, Skipped: 0
[INFO] 
[INFO] ------------------------------------------------------------------------
[INFO] BUILD FAILURE
[INFO] ------------------------------------------------------------------------
[INFO] Total time:  12.566 s
[INFO] Finished at: 2026-01-16T15:51:59-05:00
[INFO] ------------------------------------------------------------------------
[ERROR] Failed to execute goal org.apache.maven.plugins:maven-surefire-plugin:2.22.2:test (default-test) on project commons-jcs3-jcache: There are test failures.
[ERROR] 
[ERROR] Please refer to /sfs/weka/scratch/wxw9rr/OE25-DEV/projects_decomposed/commons-jcs3-3.1-src/commons-jcs-jcache/target/surefire-reports for the individual test results.
[ERROR] Please refer to dump files (if any exist) [date].dump, [date]-jvmRun[N].dump and [date].dumpstream.
[ERROR] -> [Help 1]
[ERROR] 
[ERROR] To see the full stack trace of the errors, re-run Maven with the -e switch.
[ERROR] Re-run Maven using the -X switch to enable full debug logging.
[ERROR] 
[ERROR] For more information about the errors and possible solutions, please read the following articles:
[ERROR] [Help 1] http://cwiki.apache.org/confluence/display/MAVEN/MojoFailureException
