/sfs/weka/scratch/wxw9rr/OE25-DEV/projects_original/commons-geometry-1.0-src/commons-geometry-spherical/src/main/java/org/apache/commons/geometry/spherical/twod/EmbeddedTreeGreatCircleSubset.java
/sfs/weka/scratch/wxw9rr/OE25-DEV/projects_original/commons-geometry-1.0-src/commons-geometry-spherical/src/main/java/org/apache/commons/geometry/spherical/twod/GreatArcPath.java
/sfs/weka/scratch/wxw9rr/OE25-DEV/projects_original/commons-geometry-1.0-src/commons-geometry-spherical/src/main/java/org/apache/commons/geometry/spherical/twod/BoundaryList2S.java
/sfs/weka/scratch/wxw9rr/OE25-DEV/projects_original/commons-geometry-1.0-src/commons-geometry-spherical/src/main/java/org/apache/commons/geometry/spherical/twod/GreatArc.java
/sfs/weka/scratch/wxw9rr/OE25-DEV/projects_original/commons-geometry-1.0-src/commons-geometry-spherical/src/main/java/org/apache/commons/geometry/spherical/twod/package-info.java
/sfs/weka/scratch/wxw9rr/OE25-DEV/projects_original/commons-geometry-1.0-src/commons-geometry-spherical/src/main/java/org/apache/commons/geometry/spherical/oned/CutAngle.java
/sfs/weka/scratch/wxw9rr/OE25-DEV/projects_original/commons-geometry-1.0-src/commons-geometry-spherical/src/main/java/org/apache/commons/geometry/spherical/twod/BoundarySource2S.java
/sfs/weka/scratch/wxw9rr/OE25-DEV/projects_original/commons-geometry-1.0-src/commons-geometry-spherical/src/main/java/org/apache/commons/geometry/spherical/twod/ConvexArea2S.java
/sfs/weka/scratch/wxw9rr/OE25-DEV/projects_original/commons-geometry-1.0-src/commons-geometry-spherical/src/main/java/org/apache/commons/geometry/spherical/oned/Transform1S.java
/sfs/weka/scratch/wxw9rr/OE25-DEV/projects_original/commons-geometry-1.0-src/commons-geometry-spherical/src/main/java/org/apache/commons/geometry/spherical/oned/Point1S.java
/sfs/weka/scratch/wxw9rr/OE25-DEV/projects_original/commons-geometry-1.0-src/commons-geometry-spherical/src/main/java/org/apache/commons/geometry/spherical/oned/AngularInterval.java
/sfs/weka/scratch/wxw9rr/OE25-DEV/projects_original/commons-geometry-1.0-src/commons-geometry-spherical/src/main/java/org/apache/commons/geometry/spherical/oned/package-info.java
/sfs/weka/scratch/wxw9rr/OE25-DEV/projects_original/commons-geometry-1.0-src/commons-geometry-spherical/src/main/java/org/apache/commons/geometry/spherical/twod/Point2S.java
/sfs/weka/scratch/wxw9rr/OE25-DEV/projects_original/commons-geometry-1.0-src/commons-geometry-spherical/src/main/java/org/apache/commons/geometry/spherical/oned/RegionBSPTree1S.java
/sfs/weka/scratch/wxw9rr/OE25-DEV/projects_original/commons-geometry-1.0-src/commons-geometry-spherical/src/main/java/org/apache/commons/geometry/spherical/twod/GreatCircleSubset.java
/sfs/weka/scratch/wxw9rr/OE25-DEV/projects_original/commons-geometry-1.0-src/commons-geometry-spherical/src/main/java/org/apache/commons/geometry/spherical/oned/CutAngles.java
/sfs/weka/scratch/wxw9rr/OE25-DEV/projects_original/commons-geometry-1.0-src/commons-geometry-spherical/src/main/java/org/apache/commons/geometry/spherical/twod/AbstractGreatArcConnector.java
/sfs/weka/scratch/wxw9rr/OE25-DEV/projects_original/commons-geometry-1.0-src/commons-geometry-spherical/src/main/java/org/apache/commons/geometry/spherical/twod/InteriorAngleGreatArcConnector.java
/sfs/weka/scratch/wxw9rr/OE25-DEV/projects_original/commons-geometry-1.0-src/commons-geometry-spherical/src/main/java/org/apache/commons/geometry/spherical/twod/GreatCircle.java
/sfs/weka/scratch/wxw9rr/OE25-DEV/projects_original/commons-geometry-1.0-src/commons-geometry-spherical/src/main/java/org/apache/commons/geometry/spherical/twod/Transform2S.java
/sfs/weka/scratch/wxw9rr/OE25-DEV/projects_original/commons-geometry-1.0-src/commons-geometry-spherical/src/main/java/org/apache/commons/geometry/spherical/twod/RegionBSPTree2S.java
/sfs/weka/scratch/wxw9rr/OE25-DEV/projects_original/commons-geometry-1.0-src/commons-geometry-spherical/src/main/java/org/apache/commons/geometry/spherical/twod/GreatCircles.java
