[ERROR] COMPILATION ERROR : 
[ERROR] /home/tasfia/Desktop/OE25-DEV/projects_decomposed/commons-numbers/commons-numbers-quaternion/src/test/java/org/apache/commons/numbers/quaternion/SlerpTest_OE25Dev_numb_left_484_1.java:[42,9] cannot find symbol
  symbol:   method assertQuaternion(org.apache.commons.numbers.quaternion.Quaternion,org.apache.commons.numbers.quaternion.Quaternion)
  location: class org.apache.commons.numbers.quaternion.SlerpTest_OE25Dev_numb_left_484_1
[ERROR] /home/tasfia/Desktop/OE25-DEV/projects_decomposed/commons-numbers/commons-numbers-quaternion/src/test/java/org/apache/commons/numbers/quaternion/SlerpTest_OE25Dev_numb_left_484_1.java:[43,9] cannot find symbol
  symbol:   method assertQuaternion(org.apache.commons.numbers.quaternion.Quaternion,org.apache.commons.numbers.quaternion.Quaternion)
  location: class org.apache.commons.numbers.quaternion.SlerpTest_OE25Dev_numb_left_484_1
[ERROR] /home/tasfia/Desktop/OE25-DEV/projects_decomposed/commons-numbers/commons-numbers-quaternion/src/test/java/org/apache/commons/numbers/quaternion/SlerpTest_OE25Dev_numb_left_484_1.java:[44,9] cannot find symbol
  symbol:   method assertQuaternion(org.apache.commons.numbers.quaternion.Quaternion,org.apache.commons.numbers.quaternion.Quaternion)
  location: class org.apache.commons.numbers.quaternion.SlerpTest_OE25Dev_numb_left_484_1
[ERROR] /home/tasfia/Desktop/OE25-DEV/projects_decomposed/commons-numbers/commons-numbers-quaternion/src/test/java/org/apache/commons/numbers/quaternion/SlerpTest_OE25Dev_numb_left_484_1.java:[45,9] cannot find symbol
  symbol:   method assertQuaternion(org.apache.commons.numbers.quaternion.Quaternion,org.apache.commons.numbers.quaternion.Quaternion)
  location: class org.apache.commons.numbers.quaternion.SlerpTest_OE25Dev_numb_left_484_1
[ERROR] /home/tasfia/Desktop/OE25-DEV/projects_decomposed/commons-numbers/commons-numbers-quaternion/src/test/java/org/apache/commons/numbers/quaternion/SlerpTest_OE25Dev_numb_left_484_1.java:[46,9] cannot find symbol
  symbol:   method assertQuaternion(org.apache.commons.numbers.quaternion.Quaternion,org.apache.commons.numbers.quaternion.Quaternion)
  location: class org.apache.commons.numbers.quaternion.SlerpTest_OE25Dev_numb_left_484_1
[ERROR] /home/tasfia/Desktop/OE25-DEV/projects_decomposed/commons-numbers/commons-numbers-quaternion/src/test/java/org/apache/commons/numbers/quaternion/SlerpTest_OE25Dev_numb_left_484_1.java:[80,9] cannot find symbol
  symbol:   method assertQuaternion(org.apache.commons.numbers.quaternion.Quaternion,org.apache.commons.numbers.quaternion.Quaternion)
  location: class org.apache.commons.numbers.quaternion.SlerpTest_OE25Dev_numb_left_484_1
[ERROR] /home/tasfia/Desktop/OE25-DEV/projects_decomposed/commons-numbers/commons-numbers-quaternion/src/test/java/org/apache/commons/numbers/quaternion/SlerpTest_OE25Dev_numb_left_484_1.java:[81,9] cannot find symbol
  symbol:   method assertQuaternion(org.apache.commons.numbers.quaternion.Quaternion,org.apache.commons.numbers.quaternion.Quaternion)
  location: class org.apache.commons.numbers.quaternion.SlerpTest_OE25Dev_numb_left_484_1
[ERROR] /home/tasfia/Desktop/OE25-DEV/projects_decomposed/commons-numbers/commons-numbers-quaternion/src/test/java/org/apache/commons/numbers/quaternion/SlerpTest_OE25Dev_numb_left_484_1.java:[82,9] cannot find symbol
  symbol:   method assertQuaternion(org.apache.commons.numbers.quaternion.Quaternion,org.apache.commons.numbers.quaternion.Quaternion)
  location: class org.apache.commons.numbers.quaternion.SlerpTest_OE25Dev_numb_left_484_1
[ERROR] /home/tasfia/Desktop/OE25-DEV/projects_decomposed/commons-numbers/commons-numbers-quaternion/src/test/java/org/apache/commons/numbers/quaternion/SlerpTest_OE25Dev_numb_left_484_1.java:[83,9] cannot find symbol
  symbol:   method assertQuaternion(org.apache.commons.numbers.quaternion.Quaternion,org.apache.commons.numbers.quaternion.Quaternion)
  location: class org.apache.commons.numbers.quaternion.SlerpTest_OE25Dev_numb_left_484_1
[ERROR] /home/tasfia/Desktop/OE25-DEV/projects_decomposed/commons-numbers/commons-numbers-quaternion/src/test/java/org/apache/commons/numbers/quaternion/SlerpTest_OE25Dev_numb_left_484_1.java:[84,9] cannot find symbol
  symbol:   method assertQuaternion(org.apache.commons.numbers.quaternion.Quaternion,org.apache.commons.numbers.quaternion.Quaternion)
  location: class org.apache.commons.numbers.quaternion.SlerpTest_OE25Dev_numb_left_484_1
[ERROR] /home/tasfia/Desktop/OE25-DEV/projects_decomposed/commons-numbers/commons-numbers-quaternion/src/test/java/org/apache/commons/numbers/quaternion/SlerpTest_OE25Dev_numb_left_484_1.java:[96,9] cannot find symbol
  symbol:   method assertQuaternion(org.apache.commons.numbers.quaternion.Quaternion,org.apache.commons.numbers.quaternion.Quaternion)
  location: class org.apache.commons.numbers.quaternion.SlerpTest_OE25Dev_numb_left_484_1
[ERROR] /home/tasfia/Desktop/OE25-DEV/projects_decomposed/commons-numbers/commons-numbers-quaternion/src/test/java/org/apache/commons/numbers/quaternion/SlerpTest_OE25Dev_numb_left_484_1.java:[97,9] cannot find symbol
  symbol:   method assertQuaternion(org.apache.commons.numbers.quaternion.Quaternion,org.apache.commons.numbers.quaternion.Quaternion)
  location: class org.apache.commons.numbers.quaternion.SlerpTest_OE25Dev_numb_left_484_1
[ERROR] /home/tasfia/Desktop/OE25-DEV/projects_decomposed/commons-numbers/commons-numbers-quaternion/src/test/java/org/apache/commons/numbers/quaternion/SlerpTest_OE25Dev_numb_left_484_1.java:[98,9] cannot find symbol
  symbol:   method assertQuaternion(org.apache.commons.numbers.quaternion.Quaternion,org.apache.commons.numbers.quaternion.Quaternion)
  location: class org.apache.commons.numbers.quaternion.SlerpTest_OE25Dev_numb_left_484_1
[ERROR] /home/tasfia/Desktop/OE25-DEV/projects_decomposed/commons-numbers/commons-numbers-quaternion/src/test/java/org/apache/commons/numbers/quaternion/SlerpTest_OE25Dev_numb_left_484_1.java:[99,9] cannot find symbol
  symbol:   method assertQuaternion(org.apache.commons.numbers.quaternion.Quaternion,org.apache.commons.numbers.quaternion.Quaternion)
  location: class org.apache.commons.numbers.quaternion.SlerpTest_OE25Dev_numb_left_484_1
[ERROR] /home/tasfia/Desktop/OE25-DEV/projects_decomposed/commons-numbers/commons-numbers-quaternion/src/test/java/org/apache/commons/numbers/quaternion/SlerpTest_OE25Dev_numb_left_484_1.java:[100,9] cannot find symbol
  symbol:   method assertQuaternion(org.apache.commons.numbers.quaternion.Quaternion,org.apache.commons.numbers.quaternion.Quaternion)
  location: class org.apache.commons.numbers.quaternion.SlerpTest_OE25Dev_numb_left_484_1
[ERROR] /home/tasfia/Desktop/OE25-DEV/projects_decomposed/commons-numbers/commons-numbers-quaternion/src/test/java/org/apache/commons/numbers/quaternion/SlerpTest_OE25Dev_numb_left_484_1.java:[136,9] cannot find symbol
  symbol:   method assertQuaternion(org.apache.commons.numbers.quaternion.Quaternion,org.apache.commons.numbers.quaternion.Quaternion)
  location: class org.apache.commons.numbers.quaternion.SlerpTest_OE25Dev_numb_left_484_1
[ERROR] /home/tasfia/Desktop/OE25-DEV/projects_decomposed/commons-numbers/commons-numbers-quaternion/src/test/java/org/apache/commons/numbers/quaternion/SlerpTest_OE25Dev_numb_left_484_1.java:[137,9] cannot find symbol
  symbol:   method assertQuaternion(org.apache.commons.numbers.quaternion.Quaternion,org.apache.commons.numbers.quaternion.Quaternion)
  location: class org.apache.commons.numbers.quaternion.SlerpTest_OE25Dev_numb_left_484_1
[ERROR] /home/tasfia/Desktop/OE25-DEV/projects_decomposed/commons-numbers/commons-numbers-quaternion/src/test/java/org/apache/commons/numbers/quaternion/SlerpTest_OE25Dev_numb_left_484_1.java:[138,9] cannot find symbol
  symbol:   method assertQuaternion(org.apache.commons.numbers.quaternion.Quaternion,org.apache.commons.numbers.quaternion.Quaternion)
  location: class org.apache.commons.numbers.quaternion.SlerpTest_OE25Dev_numb_left_484_1
[ERROR] /home/tasfia/Desktop/OE25-DEV/projects_decomposed/commons-numbers/commons-numbers-quaternion/src/test/java/org/apache/commons/numbers/quaternion/SlerpTest_OE25Dev_numb_left_484_1.java:[154,9] cannot find symbol
  symbol:   method assertQuaternion(org.apache.commons.numbers.quaternion.Quaternion,org.apache.commons.numbers.quaternion.Quaternion)
  location: class org.apache.commons.numbers.quaternion.SlerpTest_OE25Dev_numb_left_484_1
[ERROR] /home/tasfia/Desktop/OE25-DEV/projects_decomposed/commons-numbers/commons-numbers-quaternion/src/test/java/org/apache/commons/numbers/quaternion/SlerpTest_OE25Dev_numb_left_484_1.java:[155,9] cannot find symbol
  symbol:   method assertQuaternion(org.apache.commons.numbers.quaternion.Quaternion,org.apache.commons.numbers.quaternion.Quaternion)
  location: class org.apache.commons.numbers.quaternion.SlerpTest_OE25Dev_numb_left_484_1
[ERROR] /home/tasfia/Desktop/OE25-DEV/projects_decomposed/commons-numbers/commons-numbers-quaternion/src/test/java/org/apache/commons/numbers/quaternion/SlerpTest_OE25Dev_numb_left_484_1.java:[156,9] cannot find symbol
  symbol:   method assertQuaternion(org.apache.commons.numbers.quaternion.Quaternion,org.apache.commons.numbers.quaternion.Quaternion)
  location: class org.apache.commons.numbers.quaternion.SlerpTest_OE25Dev_numb_left_484_1
[ERROR] /home/tasfia/Desktop/OE25-DEV/projects_decomposed/commons-numbers/commons-numbers-quaternion/src/test/java/org/apache/commons/numbers/quaternion/SlerpTest_OE25Dev_numb_left_484_1.java:[168,9] cannot find symbol
  symbol:   method assertQuaternion(org.apache.commons.numbers.quaternion.Quaternion,org.apache.commons.numbers.quaternion.Quaternion)
  location: class org.apache.commons.numbers.quaternion.SlerpTest_OE25Dev_numb_left_484_1
[ERROR] /home/tasfia/Desktop/OE25-DEV/projects_decomposed/commons-numbers/commons-numbers-quaternion/src/test/java/org/apache/commons/numbers/quaternion/SlerpTest_OE25Dev_numb_left_484_1.java:[169,9] cannot find symbol
  symbol:   method assertQuaternion(org.apache.commons.numbers.quaternion.Quaternion,org.apache.commons.numbers.quaternion.Quaternion)
  location: class org.apache.commons.numbers.quaternion.SlerpTest_OE25Dev_numb_left_484_1
[ERROR] /home/tasfia/Desktop/OE25-DEV/projects_decomposed/commons-numbers/commons-numbers-quaternion/src/test/java/org/apache/commons/numbers/quaternion/SlerpTest_OE25Dev_numb_left_484_1.java:[171,9] cannot find symbol
  symbol:   method assertQuaternion(org.apache.commons.numbers.quaternion.Quaternion,org.apache.commons.numbers.quaternion.Quaternion)
  location: class org.apache.commons.numbers.quaternion.SlerpTest_OE25Dev_numb_left_484_1
[ERROR] /home/tasfia/Desktop/OE25-DEV/projects_decomposed/commons-numbers/commons-numbers-quaternion/src/test/java/org/apache/commons/numbers/quaternion/SlerpTest_OE25Dev_numb_left_484_1.java:[173,9] cannot find symbol
  symbol:   method assertQuaternion(org.apache.commons.numbers.quaternion.Quaternion,org.apache.commons.numbers.quaternion.Quaternion)
  location: class org.apache.commons.numbers.quaternion.SlerpTest_OE25Dev_numb_left_484_1
[ERROR] /home/tasfia/Desktop/OE25-DEV/projects_decomposed/commons-numbers/commons-numbers-quaternion/src/test/java/org/apache/commons/numbers/quaternion/SlerpTest_OE25Dev_numb_left_484_1.java:[174,9] cannot find symbol
  symbol:   method assertQuaternion(org.apache.commons.numbers.quaternion.Quaternion,org.apache.commons.numbers.quaternion.Quaternion)
  location: class org.apache.commons.numbers.quaternion.SlerpTest_OE25Dev_numb_left_484_1
[ERROR] Failed to execute goal org.apache.maven.plugins:maven-compiler-plugin:3.8.1:testCompile (default-testCompile) on project commons-numbers-quaternion: Compilation failure: Compilation failure: 
[ERROR] /home/tasfia/Desktop/OE25-DEV/projects_decomposed/commons-numbers/commons-numbers-quaternion/src/test/java/org/apache/commons/numbers/quaternion/SlerpTest_OE25Dev_numb_left_484_1.java:[42,9] cannot find symbol
[ERROR]   symbol:   method assertQuaternion(org.apache.commons.numbers.quaternion.Quaternion,org.apache.commons.numbers.quaternion.Quaternion)
[ERROR]   location: class org.apache.commons.numbers.quaternion.SlerpTest_OE25Dev_numb_left_484_1
[ERROR] /home/tasfia/Desktop/OE25-DEV/projects_decomposed/commons-numbers/commons-numbers-quaternion/src/test/java/org/apache/commons/numbers/quaternion/SlerpTest_OE25Dev_numb_left_484_1.java:[43,9] cannot find symbol
[ERROR]   symbol:   method assertQuaternion(org.apache.commons.numbers.quaternion.Quaternion,org.apache.commons.numbers.quaternion.Quaternion)
[ERROR]   location: class org.apache.commons.numbers.quaternion.SlerpTest_OE25Dev_numb_left_484_1
[ERROR] /home/tasfia/Desktop/OE25-DEV/projects_decomposed/commons-numbers/commons-numbers-quaternion/src/test/java/org/apache/commons/numbers/quaternion/SlerpTest_OE25Dev_numb_left_484_1.java:[44,9] cannot find symbol
[ERROR]   symbol:   method assertQuaternion(org.apache.commons.numbers.quaternion.Quaternion,org.apache.commons.numbers.quaternion.Quaternion)
[ERROR]   location: class org.apache.commons.numbers.quaternion.SlerpTest_OE25Dev_numb_left_484_1
[ERROR] /home/tasfia/Desktop/OE25-DEV/projects_decomposed/commons-numbers/commons-numbers-quaternion/src/test/java/org/apache/commons/numbers/quaternion/SlerpTest_OE25Dev_numb_left_484_1.java:[45,9] cannot find symbol
[ERROR]   symbol:   method assertQuaternion(org.apache.commons.numbers.quaternion.Quaternion,org.apache.commons.numbers.quaternion.Quaternion)
[ERROR]   location: class org.apache.commons.numbers.quaternion.SlerpTest_OE25Dev_numb_left_484_1
[ERROR] /home/tasfia/Desktop/OE25-DEV/projects_decomposed/commons-numbers/commons-numbers-quaternion/src/test/java/org/apache/commons/numbers/quaternion/SlerpTest_OE25Dev_numb_left_484_1.java:[46,9] cannot find symbol
[ERROR]   symbol:   method assertQuaternion(org.apache.commons.numbers.quaternion.Quaternion,org.apache.commons.numbers.quaternion.Quaternion)
[ERROR]   location: class org.apache.commons.numbers.quaternion.SlerpTest_OE25Dev_numb_left_484_1
[ERROR] /home/tasfia/Desktop/OE25-DEV/projects_decomposed/commons-numbers/commons-numbers-quaternion/src/test/java/org/apache/commons/numbers/quaternion/SlerpTest_OE25Dev_numb_left_484_1.java:[80,9] cannot find symbol
[ERROR]   symbol:   method assertQuaternion(org.apache.commons.numbers.quaternion.Quaternion,org.apache.commons.numbers.quaternion.Quaternion)
[ERROR]   location: class org.apache.commons.numbers.quaternion.SlerpTest_OE25Dev_numb_left_484_1
[ERROR] /home/tasfia/Desktop/OE25-DEV/projects_decomposed/commons-numbers/commons-numbers-quaternion/src/test/java/org/apache/commons/numbers/quaternion/SlerpTest_OE25Dev_numb_left_484_1.java:[81,9] cannot find symbol
[ERROR]   symbol:   method assertQuaternion(org.apache.commons.numbers.quaternion.Quaternion,org.apache.commons.numbers.quaternion.Quaternion)
[ERROR]   location: class org.apache.commons.numbers.quaternion.SlerpTest_OE25Dev_numb_left_484_1
[ERROR] /home/tasfia/Desktop/OE25-DEV/projects_decomposed/commons-numbers/commons-numbers-quaternion/src/test/java/org/apache/commons/numbers/quaternion/SlerpTest_OE25Dev_numb_left_484_1.java:[82,9] cannot find symbol
[ERROR]   symbol:   method assertQuaternion(org.apache.commons.numbers.quaternion.Quaternion,org.apache.commons.numbers.quaternion.Quaternion)
[ERROR]   location: class org.apache.commons.numbers.quaternion.SlerpTest_OE25Dev_numb_left_484_1
[ERROR] /home/tasfia/Desktop/OE25-DEV/projects_decomposed/commons-numbers/commons-numbers-quaternion/src/test/java/org/apache/commons/numbers/quaternion/SlerpTest_OE25Dev_numb_left_484_1.java:[83,9] cannot find symbol
[ERROR]   symbol:   method assertQuaternion(org.apache.commons.numbers.quaternion.Quaternion,org.apache.commons.numbers.quaternion.Quaternion)
[ERROR]   location: class org.apache.commons.numbers.quaternion.SlerpTest_OE25Dev_numb_left_484_1
[ERROR] /home/tasfia/Desktop/OE25-DEV/projects_decomposed/commons-numbers/commons-numbers-quaternion/src/test/java/org/apache/commons/numbers/quaternion/SlerpTest_OE25Dev_numb_left_484_1.java:[84,9] cannot find symbol
[ERROR]   symbol:   method assertQuaternion(org.apache.commons.numbers.quaternion.Quaternion,org.apache.commons.numbers.quaternion.Quaternion)
[ERROR]   location: class org.apache.commons.numbers.quaternion.SlerpTest_OE25Dev_numb_left_484_1
[ERROR] /home/tasfia/Desktop/OE25-DEV/projects_decomposed/commons-numbers/commons-numbers-quaternion/src/test/java/org/apache/commons/numbers/quaternion/SlerpTest_OE25Dev_numb_left_484_1.java:[96,9] cannot find symbol
[ERROR]   symbol:   method assertQuaternion(org.apache.commons.numbers.quaternion.Quaternion,org.apache.commons.numbers.quaternion.Quaternion)
[ERROR]   location: class org.apache.commons.numbers.quaternion.SlerpTest_OE25Dev_numb_left_484_1
[ERROR] /home/tasfia/Desktop/OE25-DEV/projects_decomposed/commons-numbers/commons-numbers-quaternion/src/test/java/org/apache/commons/numbers/quaternion/SlerpTest_OE25Dev_numb_left_484_1.java:[97,9] cannot find symbol
[ERROR]   symbol:   method assertQuaternion(org.apache.commons.numbers.quaternion.Quaternion,org.apache.commons.numbers.quaternion.Quaternion)
[ERROR]   location: class org.apache.commons.numbers.quaternion.SlerpTest_OE25Dev_numb_left_484_1
[ERROR] /home/tasfia/Desktop/OE25-DEV/projects_decomposed/commons-numbers/commons-numbers-quaternion/src/test/java/org/apache/commons/numbers/quaternion/SlerpTest_OE25Dev_numb_left_484_1.java:[98,9] cannot find symbol
[ERROR]   symbol:   method assertQuaternion(org.apache.commons.numbers.quaternion.Quaternion,org.apache.commons.numbers.quaternion.Quaternion)
[ERROR]   location: class org.apache.commons.numbers.quaternion.SlerpTest_OE25Dev_numb_left_484_1
[ERROR] /home/tasfia/Desktop/OE25-DEV/projects_decomposed/commons-numbers/commons-numbers-quaternion/src/test/java/org/apache/commons/numbers/quaternion/SlerpTest_OE25Dev_numb_left_484_1.java:[99,9] cannot find symbol
[ERROR]   symbol:   method assertQuaternion(org.apache.commons.numbers.quaternion.Quaternion,org.apache.commons.numbers.quaternion.Quaternion)
[ERROR]   location: class org.apache.commons.numbers.quaternion.SlerpTest_OE25Dev_numb_left_484_1
[ERROR] /home/tasfia/Desktop/OE25-DEV/projects_decomposed/commons-numbers/commons-numbers-quaternion/src/test/java/org/apache/commons/numbers/quaternion/SlerpTest_OE25Dev_numb_left_484_1.java:[100,9] cannot find symbol
[ERROR]   symbol:   method assertQuaternion(org.apache.commons.numbers.quaternion.Quaternion,org.apache.commons.numbers.quaternion.Quaternion)
[ERROR]   location: class org.apache.commons.numbers.quaternion.SlerpTest_OE25Dev_numb_left_484_1
[ERROR] /home/tasfia/Desktop/OE25-DEV/projects_decomposed/commons-numbers/commons-numbers-quaternion/src/test/java/org/apache/commons/numbers/quaternion/SlerpTest_OE25Dev_numb_left_484_1.java:[136,9] cannot find symbol
[ERROR]   symbol:   method assertQuaternion(org.apache.commons.numbers.quaternion.Quaternion,org.apache.commons.numbers.quaternion.Quaternion)
[ERROR]   location: class org.apache.commons.numbers.quaternion.SlerpTest_OE25Dev_numb_left_484_1
[ERROR] /home/tasfia/Desktop/OE25-DEV/projects_decomposed/commons-numbers/commons-numbers-quaternion/src/test/java/org/apache/commons/numbers/quaternion/SlerpTest_OE25Dev_numb_left_484_1.java:[137,9] cannot find symbol
[ERROR]   symbol:   method assertQuaternion(org.apache.commons.numbers.quaternion.Quaternion,org.apache.commons.numbers.quaternion.Quaternion)
[ERROR]   location: class org.apache.commons.numbers.quaternion.SlerpTest_OE25Dev_numb_left_484_1
[ERROR] /home/tasfia/Desktop/OE25-DEV/projects_decomposed/commons-numbers/commons-numbers-quaternion/src/test/java/org/apache/commons/numbers/quaternion/SlerpTest_OE25Dev_numb_left_484_1.java:[138,9] cannot find symbol
[ERROR]   symbol:   method assertQuaternion(org.apache.commons.numbers.quaternion.Quaternion,org.apache.commons.numbers.quaternion.Quaternion)
[ERROR]   location: class org.apache.commons.numbers.quaternion.SlerpTest_OE25Dev_numb_left_484_1
[ERROR] /home/tasfia/Desktop/OE25-DEV/projects_decomposed/commons-numbers/commons-numbers-quaternion/src/test/java/org/apache/commons/numbers/quaternion/SlerpTest_OE25Dev_numb_left_484_1.java:[154,9] cannot find symbol
[ERROR]   symbol:   method assertQuaternion(org.apache.commons.numbers.quaternion.Quaternion,org.apache.commons.numbers.quaternion.Quaternion)
[ERROR]   location: class org.apache.commons.numbers.quaternion.SlerpTest_OE25Dev_numb_left_484_1
[ERROR] /home/tasfia/Desktop/OE25-DEV/projects_decomposed/commons-numbers/commons-numbers-quaternion/src/test/java/org/apache/commons/numbers/quaternion/SlerpTest_OE25Dev_numb_left_484_1.java:[155,9] cannot find symbol
[ERROR]   symbol:   method assertQuaternion(org.apache.commons.numbers.quaternion.Quaternion,org.apache.commons.numbers.quaternion.Quaternion)
[ERROR]   location: class org.apache.commons.numbers.quaternion.SlerpTest_OE25Dev_numb_left_484_1
[ERROR] /home/tasfia/Desktop/OE25-DEV/projects_decomposed/commons-numbers/commons-numbers-quaternion/src/test/java/org/apache/commons/numbers/quaternion/SlerpTest_OE25Dev_numb_left_484_1.java:[156,9] cannot find symbol
[ERROR]   symbol:   method assertQuaternion(org.apache.commons.numbers.quaternion.Quaternion,org.apache.commons.numbers.quaternion.Quaternion)
[ERROR]   location: class org.apache.commons.numbers.quaternion.SlerpTest_OE25Dev_numb_left_484_1
[ERROR] /home/tasfia/Desktop/OE25-DEV/projects_decomposed/commons-numbers/commons-numbers-quaternion/src/test/java/org/apache/commons/numbers/quaternion/SlerpTest_OE25Dev_numb_left_484_1.java:[168,9] cannot find symbol
[ERROR]   symbol:   method assertQuaternion(org.apache.commons.numbers.quaternion.Quaternion,org.apache.commons.numbers.quaternion.Quaternion)
[ERROR]   location: class org.apache.commons.numbers.quaternion.SlerpTest_OE25Dev_numb_left_484_1
[ERROR] /home/tasfia/Desktop/OE25-DEV/projects_decomposed/commons-numbers/commons-numbers-quaternion/src/test/java/org/apache/commons/numbers/quaternion/SlerpTest_OE25Dev_numb_left_484_1.java:[169,9] cannot find symbol
[ERROR]   symbol:   method assertQuaternion(org.apache.commons.numbers.quaternion.Quaternion,org.apache.commons.numbers.quaternion.Quaternion)
[ERROR]   location: class org.apache.commons.numbers.quaternion.SlerpTest_OE25Dev_numb_left_484_1
[ERROR] /home/tasfia/Desktop/OE25-DEV/projects_decomposed/commons-numbers/commons-numbers-quaternion/src/test/java/org/apache/commons/numbers/quaternion/SlerpTest_OE25Dev_numb_left_484_1.java:[171,9] cannot find symbol
[ERROR]   symbol:   method assertQuaternion(org.apache.commons.numbers.quaternion.Quaternion,org.apache.commons.numbers.quaternion.Quaternion)
[ERROR]   location: class org.apache.commons.numbers.quaternion.SlerpTest_OE25Dev_numb_left_484_1
[ERROR] /home/tasfia/Desktop/OE25-DEV/projects_decomposed/commons-numbers/commons-numbers-quaternion/src/test/java/org/apache/commons/numbers/quaternion/SlerpTest_OE25Dev_numb_left_484_1.java:[173,9] cannot find symbol
[ERROR]   symbol:   method assertQuaternion(org.apache.commons.numbers.quaternion.Quaternion,org.apache.commons.numbers.quaternion.Quaternion)
[ERROR]   location: class org.apache.commons.numbers.quaternion.SlerpTest_OE25Dev_numb_left_484_1
[ERROR] /home/tasfia/Desktop/OE25-DEV/projects_decomposed/commons-numbers/commons-numbers-quaternion/src/test/java/org/apache/commons/numbers/quaternion/SlerpTest_OE25Dev_numb_left_484_1.java:[174,9] cannot find symbol
[ERROR]   symbol:   method assertQuaternion(org.apache.commons.numbers.quaternion.Quaternion,org.apache.commons.numbers.quaternion.Quaternion)
[ERROR]   location: class org.apache.commons.numbers.quaternion.SlerpTest_OE25Dev_numb_left_484_1
[ERROR] -> [Help 1]
[ERROR] 
[ERROR] To see the full stack trace of the errors, re-run Maven with the -e switch.
[ERROR] Re-run Maven using the -X switch to enable full debug logging.
[ERROR] 
[ERROR] For more information about the errors and possible solutions, please read the following articles:
[ERROR] [Help 1] http://cwiki.apache.org/confluence/display/MAVEN/MojoFailureException
