[ERROR] COMPILATION ERROR : 
[ERROR] /home/tasfia/Desktop/OE25-DEV/projects_decomposed/commons-numbers/commons-numbers-complex/src/test/java/org/apache/commons/numbers/complex/CStandardTest_OE25Dev_numb_left_145_1.java:[882,9] cannot find symbol
  symbol:   method assertAbs(org.apache.commons.rng.UniformRandomProvider,(r)->creat[...]r, 0),(r)->creat[...]r, 0),int)
  location: class org.apache.commons.numbers.complex.CStandardTest_OE25Dev_numb_left_145_1
[ERROR] /home/tasfia/Desktop/OE25-DEV/projects_decomposed/commons-numbers/commons-numbers-complex/src/test/java/org/apache/commons/numbers/complex/CStandardTest_OE25Dev_numb_left_145_1.java:[883,9] cannot find symbol
  symbol:   method assertAbs(org.apache.commons.rng.UniformRandomProvider,(r)->creat[...]r, 0),(r)->creat[...]r, 1),int)
  location: class org.apache.commons.numbers.complex.CStandardTest_OE25Dev_numb_left_145_1
[ERROR] /home/tasfia/Desktop/OE25-DEV/projects_decomposed/commons-numbers/commons-numbers-complex/src/test/java/org/apache/commons/numbers/complex/CStandardTest_OE25Dev_numb_left_145_1.java:[884,9] cannot find symbol
  symbol:   method assertAbs(org.apache.commons.rng.UniformRandomProvider,(r)->creat[...]r, 0),(r)->creat[...]r, 2),int)
  location: class org.apache.commons.numbers.complex.CStandardTest_OE25Dev_numb_left_145_1
[ERROR] /home/tasfia/Desktop/OE25-DEV/projects_decomposed/commons-numbers/commons-numbers-complex/src/test/java/org/apache/commons/numbers/complex/CStandardTest_OE25Dev_numb_left_145_1.java:[886,9] cannot find symbol
  symbol:   method assertAbs(org.apache.commons.rng.UniformRandomProvider,(r)->creat[...]r, 0),(r)->creat[...]r, 0),int)
  location: class org.apache.commons.numbers.complex.CStandardTest_OE25Dev_numb_left_145_1
[ERROR] /home/tasfia/Desktop/OE25-DEV/projects_decomposed/commons-numbers/commons-numbers-complex/src/test/java/org/apache/commons/numbers/complex/CStandardTest_OE25Dev_numb_left_145_1.java:[888,9] cannot find symbol
  symbol:   method assertAbs(org.apache.commons.rng.UniformRandomProvider,(r)->creat[...]r, 0),(r)->creat[...]r, 1),int)
  location: class org.apache.commons.numbers.complex.CStandardTest_OE25Dev_numb_left_145_1
[ERROR] /home/tasfia/Desktop/OE25-DEV/projects_decomposed/commons-numbers/commons-numbers-complex/src/test/java/org/apache/commons/numbers/complex/CStandardTest_OE25Dev_numb_left_145_1.java:[889,9] cannot find symbol
  symbol:   method assertAbs(org.apache.commons.rng.UniformRandomProvider,(r)->creat[...]r, 0),(r)->creat[...](10)),int)
  location: class org.apache.commons.numbers.complex.CStandardTest_OE25Dev_numb_left_145_1
[ERROR] /home/tasfia/Desktop/OE25-DEV/projects_decomposed/commons-numbers/commons-numbers-complex/src/test/java/org/apache/commons/numbers/complex/CStandardTest_OE25Dev_numb_left_145_1.java:[891,9] cannot find symbol
  symbol:   method assertAbs(org.apache.commons.rng.UniformRandomProvider,(r)->creat[...]1022),(r)->creat[...]1022),int)
  location: class org.apache.commons.numbers.complex.CStandardTest_OE25Dev_numb_left_145_1
[ERROR] /home/tasfia/Desktop/OE25-DEV/projects_decomposed/commons-numbers/commons-numbers-complex/src/test/java/org/apache/commons/numbers/complex/CStandardTest_OE25Dev_numb_left_145_1.java:[892,9] cannot find symbol
  symbol:   method assertAbs(org.apache.commons.rng.UniformRandomProvider,(r)->creat[...]1022),(r)->creat[...]1022),int)
  location: class org.apache.commons.numbers.complex.CStandardTest_OE25Dev_numb_left_145_1
[ERROR] /home/tasfia/Desktop/OE25-DEV/projects_decomposed/commons-numbers/commons-numbers-complex/src/test/java/org/apache/commons/numbers/complex/CStandardTest_OE25Dev_numb_left_145_1.java:[908,9] cannot find symbol
  symbol:   method assertAbs(org.apache.commons.rng.UniformRandomProvider,java.util.function.ToDoubleFunction<org.apache.commons.rng.UniformRandomProvider>,java.util.function.ToDoubleFunction<org.apache.commons.rng.UniformRandomProvider>,int)
  location: class org.apache.commons.numbers.complex.CStandardTest_OE25Dev_numb_left_145_1
[ERROR] Failed to execute goal org.apache.maven.plugins:maven-compiler-plugin:3.8.1:testCompile (default-testCompile) on project commons-numbers-complex: Compilation failure: Compilation failure: 
[ERROR] /home/tasfia/Desktop/OE25-DEV/projects_decomposed/commons-numbers/commons-numbers-complex/src/test/java/org/apache/commons/numbers/complex/CStandardTest_OE25Dev_numb_left_145_1.java:[882,9] cannot find symbol
[ERROR]   symbol:   method assertAbs(org.apache.commons.rng.UniformRandomProvider,(r)->creat[...]r, 0),(r)->creat[...]r, 0),int)
[ERROR]   location: class org.apache.commons.numbers.complex.CStandardTest_OE25Dev_numb_left_145_1
[ERROR] /home/tasfia/Desktop/OE25-DEV/projects_decomposed/commons-numbers/commons-numbers-complex/src/test/java/org/apache/commons/numbers/complex/CStandardTest_OE25Dev_numb_left_145_1.java:[883,9] cannot find symbol
[ERROR]   symbol:   method assertAbs(org.apache.commons.rng.UniformRandomProvider,(r)->creat[...]r, 0),(r)->creat[...]r, 1),int)
[ERROR]   location: class org.apache.commons.numbers.complex.CStandardTest_OE25Dev_numb_left_145_1
[ERROR] /home/tasfia/Desktop/OE25-DEV/projects_decomposed/commons-numbers/commons-numbers-complex/src/test/java/org/apache/commons/numbers/complex/CStandardTest_OE25Dev_numb_left_145_1.java:[884,9] cannot find symbol
[ERROR]   symbol:   method assertAbs(org.apache.commons.rng.UniformRandomProvider,(r)->creat[...]r, 0),(r)->creat[...]r, 2),int)
[ERROR]   location: class org.apache.commons.numbers.complex.CStandardTest_OE25Dev_numb_left_145_1
[ERROR] /home/tasfia/Desktop/OE25-DEV/projects_decomposed/commons-numbers/commons-numbers-complex/src/test/java/org/apache/commons/numbers/complex/CStandardTest_OE25Dev_numb_left_145_1.java:[886,9] cannot find symbol
[ERROR]   symbol:   method assertAbs(org.apache.commons.rng.UniformRandomProvider,(r)->creat[...]r, 0),(r)->creat[...]r, 0),int)
[ERROR]   location: class org.apache.commons.numbers.complex.CStandardTest_OE25Dev_numb_left_145_1
[ERROR] /home/tasfia/Desktop/OE25-DEV/projects_decomposed/commons-numbers/commons-numbers-complex/src/test/java/org/apache/commons/numbers/complex/CStandardTest_OE25Dev_numb_left_145_1.java:[888,9] cannot find symbol
[ERROR]   symbol:   method assertAbs(org.apache.commons.rng.UniformRandomProvider,(r)->creat[...]r, 0),(r)->creat[...]r, 1),int)
[ERROR]   location: class org.apache.commons.numbers.complex.CStandardTest_OE25Dev_numb_left_145_1
[ERROR] /home/tasfia/Desktop/OE25-DEV/projects_decomposed/commons-numbers/commons-numbers-complex/src/test/java/org/apache/commons/numbers/complex/CStandardTest_OE25Dev_numb_left_145_1.java:[889,9] cannot find symbol
[ERROR]   symbol:   method assertAbs(org.apache.commons.rng.UniformRandomProvider,(r)->creat[...]r, 0),(r)->creat[...](10)),int)
[ERROR]   location: class org.apache.commons.numbers.complex.CStandardTest_OE25Dev_numb_left_145_1
[ERROR] /home/tasfia/Desktop/OE25-DEV/projects_decomposed/commons-numbers/commons-numbers-complex/src/test/java/org/apache/commons/numbers/complex/CStandardTest_OE25Dev_numb_left_145_1.java:[891,9] cannot find symbol
[ERROR]   symbol:   method assertAbs(org.apache.commons.rng.UniformRandomProvider,(r)->creat[...]1022),(r)->creat[...]1022),int)
[ERROR]   location: class org.apache.commons.numbers.complex.CStandardTest_OE25Dev_numb_left_145_1
[ERROR] /home/tasfia/Desktop/OE25-DEV/projects_decomposed/commons-numbers/commons-numbers-complex/src/test/java/org/apache/commons/numbers/complex/CStandardTest_OE25Dev_numb_left_145_1.java:[892,9] cannot find symbol
[ERROR]   symbol:   method assertAbs(org.apache.commons.rng.UniformRandomProvider,(r)->creat[...]1022),(r)->creat[...]1022),int)
[ERROR]   location: class org.apache.commons.numbers.complex.CStandardTest_OE25Dev_numb_left_145_1
[ERROR] /home/tasfia/Desktop/OE25-DEV/projects_decomposed/commons-numbers/commons-numbers-complex/src/test/java/org/apache/commons/numbers/complex/CStandardTest_OE25Dev_numb_left_145_1.java:[908,9] cannot find symbol
[ERROR]   symbol:   method assertAbs(org.apache.commons.rng.UniformRandomProvider,java.util.function.ToDoubleFunction<org.apache.commons.rng.UniformRandomProvider>,java.util.function.ToDoubleFunction<org.apache.commons.rng.UniformRandomProvider>,int)
[ERROR]   location: class org.apache.commons.numbers.complex.CStandardTest_OE25Dev_numb_left_145_1
[ERROR] -> [Help 1]
[ERROR] 
[ERROR] To see the full stack trace of the errors, re-run Maven with the -e switch.
[ERROR] Re-run Maven using the -X switch to enable full debug logging.
[ERROR] 
[ERROR] For more information about the errors and possible solutions, please read the following articles:
[ERROR] [Help 1] http://cwiki.apache.org/confluence/display/MAVEN/MojoFailureException
