[ERROR] COMPILATION ERROR : 
[ERROR] /home/tasfia/Desktop/OE25-DEV/projects_decomposed/commons-numbers/commons-numbers-gamma/src/test/java/org/apache/commons/numbers/gamma/RegularizedGammaTest_OE25Dev_numb_left_16_2.java:[28,9] cannot find symbol
  symbol:   method testRegularizedGamma(double,double,double)
  location: class org.apache.commons.numbers.gamma.RegularizedGammaTest_OE25Dev_numb_left_16_2
[ERROR] /home/tasfia/Desktop/OE25-DEV/projects_decomposed/commons-numbers/commons-numbers-gamma/src/test/java/org/apache/commons/numbers/gamma/RegularizedGammaTest_OE25Dev_numb_left_16_2.java:[33,9] cannot find symbol
  symbol:   method testRegularizedGamma(double,double,double)
  location: class org.apache.commons.numbers.gamma.RegularizedGammaTest_OE25Dev_numb_left_16_2
[ERROR] /home/tasfia/Desktop/OE25-DEV/projects_decomposed/commons-numbers/commons-numbers-gamma/src/test/java/org/apache/commons/numbers/gamma/RegularizedGammaTest_OE25Dev_numb_left_16_2.java:[38,9] cannot find symbol
  symbol:   method testRegularizedGamma(double,double,double)
  location: class org.apache.commons.numbers.gamma.RegularizedGammaTest_OE25Dev_numb_left_16_2
[ERROR] /home/tasfia/Desktop/OE25-DEV/projects_decomposed/commons-numbers/commons-numbers-gamma/src/test/java/org/apache/commons/numbers/gamma/RegularizedGammaTest_OE25Dev_numb_left_16_2.java:[43,9] cannot find symbol
  symbol:   method testRegularizedGamma(double,double,double)
  location: class org.apache.commons.numbers.gamma.RegularizedGammaTest_OE25Dev_numb_left_16_2
[ERROR] /home/tasfia/Desktop/OE25-DEV/projects_decomposed/commons-numbers/commons-numbers-gamma/src/test/java/org/apache/commons/numbers/gamma/RegularizedGammaTest_OE25Dev_numb_left_16_2.java:[48,9] cannot find symbol
  symbol:   method testRegularizedGamma(double,double,double)
  location: class org.apache.commons.numbers.gamma.RegularizedGammaTest_OE25Dev_numb_left_16_2
[ERROR] /home/tasfia/Desktop/OE25-DEV/projects_decomposed/commons-numbers/commons-numbers-gamma/src/test/java/org/apache/commons/numbers/gamma/RegularizedGammaTest_OE25Dev_numb_left_16_2.java:[53,9] cannot find symbol
  symbol:   method testRegularizedGamma(double,double,double)
  location: class org.apache.commons.numbers.gamma.RegularizedGammaTest_OE25Dev_numb_left_16_2
[ERROR] /home/tasfia/Desktop/OE25-DEV/projects_decomposed/commons-numbers/commons-numbers-gamma/src/test/java/org/apache/commons/numbers/gamma/RegularizedGammaTest_OE25Dev_numb_left_16_2.java:[58,9] cannot find symbol
  symbol:   method testRegularizedGamma(double,double,double)
  location: class org.apache.commons.numbers.gamma.RegularizedGammaTest_OE25Dev_numb_left_16_2
[ERROR] /home/tasfia/Desktop/OE25-DEV/projects_decomposed/commons-numbers/commons-numbers-gamma/src/test/java/org/apache/commons/numbers/gamma/RegularizedGammaTest_OE25Dev_numb_left_16_2.java:[68,9] cannot find symbol
  symbol:   method testRegularizedGamma(double,double,double)
  location: class org.apache.commons.numbers.gamma.RegularizedGammaTest_OE25Dev_numb_left_16_2
[ERROR] /home/tasfia/Desktop/OE25-DEV/projects_decomposed/commons-numbers/commons-numbers-gamma/src/test/java/org/apache/commons/numbers/gamma/RegularizedGammaTest_OE25Dev_numb_left_16_2.java:[77,9] cannot find symbol
  symbol:   method testRegularizedGamma(double,double,double)
  location: class org.apache.commons.numbers.gamma.RegularizedGammaTest_OE25Dev_numb_left_16_2
[ERROR] Failed to execute goal org.apache.maven.plugins:maven-compiler-plugin:3.8.1:testCompile (default-testCompile) on project commons-numbers-gamma: Compilation failure: Compilation failure: 
[ERROR] /home/tasfia/Desktop/OE25-DEV/projects_decomposed/commons-numbers/commons-numbers-gamma/src/test/java/org/apache/commons/numbers/gamma/RegularizedGammaTest_OE25Dev_numb_left_16_2.java:[28,9] cannot find symbol
[ERROR]   symbol:   method testRegularizedGamma(double,double,double)
[ERROR]   location: class org.apache.commons.numbers.gamma.RegularizedGammaTest_OE25Dev_numb_left_16_2
[ERROR] /home/tasfia/Desktop/OE25-DEV/projects_decomposed/commons-numbers/commons-numbers-gamma/src/test/java/org/apache/commons/numbers/gamma/RegularizedGammaTest_OE25Dev_numb_left_16_2.java:[33,9] cannot find symbol
[ERROR]   symbol:   method testRegularizedGamma(double,double,double)
[ERROR]   location: class org.apache.commons.numbers.gamma.RegularizedGammaTest_OE25Dev_numb_left_16_2
[ERROR] /home/tasfia/Desktop/OE25-DEV/projects_decomposed/commons-numbers/commons-numbers-gamma/src/test/java/org/apache/commons/numbers/gamma/RegularizedGammaTest_OE25Dev_numb_left_16_2.java:[38,9] cannot find symbol
[ERROR]   symbol:   method testRegularizedGamma(double,double,double)
[ERROR]   location: class org.apache.commons.numbers.gamma.RegularizedGammaTest_OE25Dev_numb_left_16_2
[ERROR] /home/tasfia/Desktop/OE25-DEV/projects_decomposed/commons-numbers/commons-numbers-gamma/src/test/java/org/apache/commons/numbers/gamma/RegularizedGammaTest_OE25Dev_numb_left_16_2.java:[43,9] cannot find symbol
[ERROR]   symbol:   method testRegularizedGamma(double,double,double)
[ERROR]   location: class org.apache.commons.numbers.gamma.RegularizedGammaTest_OE25Dev_numb_left_16_2
[ERROR] /home/tasfia/Desktop/OE25-DEV/projects_decomposed/commons-numbers/commons-numbers-gamma/src/test/java/org/apache/commons/numbers/gamma/RegularizedGammaTest_OE25Dev_numb_left_16_2.java:[48,9] cannot find symbol
[ERROR]   symbol:   method testRegularizedGamma(double,double,double)
[ERROR]   location: class org.apache.commons.numbers.gamma.RegularizedGammaTest_OE25Dev_numb_left_16_2
[ERROR] /home/tasfia/Desktop/OE25-DEV/projects_decomposed/commons-numbers/commons-numbers-gamma/src/test/java/org/apache/commons/numbers/gamma/RegularizedGammaTest_OE25Dev_numb_left_16_2.java:[53,9] cannot find symbol
[ERROR]   symbol:   method testRegularizedGamma(double,double,double)
[ERROR]   location: class org.apache.commons.numbers.gamma.RegularizedGammaTest_OE25Dev_numb_left_16_2
[ERROR] /home/tasfia/Desktop/OE25-DEV/projects_decomposed/commons-numbers/commons-numbers-gamma/src/test/java/org/apache/commons/numbers/gamma/RegularizedGammaTest_OE25Dev_numb_left_16_2.java:[58,9] cannot find symbol
[ERROR]   symbol:   method testRegularizedGamma(double,double,double)
[ERROR]   location: class org.apache.commons.numbers.gamma.RegularizedGammaTest_OE25Dev_numb_left_16_2
[ERROR] /home/tasfia/Desktop/OE25-DEV/projects_decomposed/commons-numbers/commons-numbers-gamma/src/test/java/org/apache/commons/numbers/gamma/RegularizedGammaTest_OE25Dev_numb_left_16_2.java:[68,9] cannot find symbol
[ERROR]   symbol:   method testRegularizedGamma(double,double,double)
[ERROR]   location: class org.apache.commons.numbers.gamma.RegularizedGammaTest_OE25Dev_numb_left_16_2
[ERROR] /home/tasfia/Desktop/OE25-DEV/projects_decomposed/commons-numbers/commons-numbers-gamma/src/test/java/org/apache/commons/numbers/gamma/RegularizedGammaTest_OE25Dev_numb_left_16_2.java:[77,9] cannot find symbol
[ERROR]   symbol:   method testRegularizedGamma(double,double,double)
[ERROR]   location: class org.apache.commons.numbers.gamma.RegularizedGammaTest_OE25Dev_numb_left_16_2
[ERROR] -> [Help 1]
[ERROR] 
[ERROR] To see the full stack trace of the errors, re-run Maven with the -e switch.
[ERROR] Re-run Maven using the -X switch to enable full debug logging.
[ERROR] 
[ERROR] For more information about the errors and possible solutions, please read the following articles:
[ERROR] [Help 1] http://cwiki.apache.org/confluence/display/MAVEN/MojoFailureException
