[ERROR] COMPILATION ERROR : 
[ERROR] /home/tasfia/Desktop/OE25-DEV/projects_decomposed/commons-numbers/commons-numbers-quaternion/src/test/java/org/apache/commons/numbers/quaternion/QuaternionTest_OE25Dev_numb_left_533_1.java:[486,9] cannot find symbol
  symbol:   method assertEquals(org.apache.commons.numbers.quaternion.Quaternion,org.apache.commons.numbers.quaternion.Quaternion,double)
  location: class org.apache.commons.numbers.quaternion.QuaternionTest_OE25Dev_numb_left_533_1
[ERROR] /home/tasfia/Desktop/OE25-DEV/projects_decomposed/commons-numbers/commons-numbers-quaternion/src/test/java/org/apache/commons/numbers/quaternion/QuaternionTest_OE25Dev_numb_left_533_1.java:[495,9] cannot find symbol
  symbol:   method assertEquals(org.apache.commons.numbers.quaternion.Quaternion,org.apache.commons.numbers.quaternion.Quaternion,double)
  location: class org.apache.commons.numbers.quaternion.QuaternionTest_OE25Dev_numb_left_533_1
[ERROR] /home/tasfia/Desktop/OE25-DEV/projects_decomposed/commons-numbers/commons-numbers-quaternion/src/test/java/org/apache/commons/numbers/quaternion/QuaternionTest_OE25Dev_numb_left_533_1.java:[660,9] cannot find symbol
  symbol:   method assertEquals(org.apache.commons.numbers.quaternion.Quaternion,org.apache.commons.numbers.quaternion.Quaternion,double)
  location: class org.apache.commons.numbers.quaternion.QuaternionTest_OE25Dev_numb_left_533_1
[ERROR] /home/tasfia/Desktop/OE25-DEV/projects_decomposed/commons-numbers/commons-numbers-quaternion/src/test/java/org/apache/commons/numbers/quaternion/QuaternionTest_OE25Dev_numb_left_533_1.java:[667,9] cannot find symbol
  symbol:   method assertEquals(org.apache.commons.numbers.quaternion.Quaternion,org.apache.commons.numbers.quaternion.Quaternion,double)
  location: class org.apache.commons.numbers.quaternion.QuaternionTest_OE25Dev_numb_left_533_1
[ERROR] Failed to execute goal org.apache.maven.plugins:maven-compiler-plugin:3.8.1:testCompile (default-testCompile) on project commons-numbers-quaternion: Compilation failure: Compilation failure: 
[ERROR] /home/tasfia/Desktop/OE25-DEV/projects_decomposed/commons-numbers/commons-numbers-quaternion/src/test/java/org/apache/commons/numbers/quaternion/QuaternionTest_OE25Dev_numb_left_533_1.java:[486,9] cannot find symbol
[ERROR]   symbol:   method assertEquals(org.apache.commons.numbers.quaternion.Quaternion,org.apache.commons.numbers.quaternion.Quaternion,double)
[ERROR]   location: class org.apache.commons.numbers.quaternion.QuaternionTest_OE25Dev_numb_left_533_1
[ERROR] /home/tasfia/Desktop/OE25-DEV/projects_decomposed/commons-numbers/commons-numbers-quaternion/src/test/java/org/apache/commons/numbers/quaternion/QuaternionTest_OE25Dev_numb_left_533_1.java:[495,9] cannot find symbol
[ERROR]   symbol:   method assertEquals(org.apache.commons.numbers.quaternion.Quaternion,org.apache.commons.numbers.quaternion.Quaternion,double)
[ERROR]   location: class org.apache.commons.numbers.quaternion.QuaternionTest_OE25Dev_numb_left_533_1
[ERROR] /home/tasfia/Desktop/OE25-DEV/projects_decomposed/commons-numbers/commons-numbers-quaternion/src/test/java/org/apache/commons/numbers/quaternion/QuaternionTest_OE25Dev_numb_left_533_1.java:[660,9] cannot find symbol
[ERROR]   symbol:   method assertEquals(org.apache.commons.numbers.quaternion.Quaternion,org.apache.commons.numbers.quaternion.Quaternion,double)
[ERROR]   location: class org.apache.commons.numbers.quaternion.QuaternionTest_OE25Dev_numb_left_533_1
[ERROR] /home/tasfia/Desktop/OE25-DEV/projects_decomposed/commons-numbers/commons-numbers-quaternion/src/test/java/org/apache/commons/numbers/quaternion/QuaternionTest_OE25Dev_numb_left_533_1.java:[667,9] cannot find symbol
[ERROR]   symbol:   method assertEquals(org.apache.commons.numbers.quaternion.Quaternion,org.apache.commons.numbers.quaternion.Quaternion,double)
[ERROR]   location: class org.apache.commons.numbers.quaternion.QuaternionTest_OE25Dev_numb_left_533_1
[ERROR] -> [Help 1]
[ERROR] 
[ERROR] To see the full stack trace of the errors, re-run Maven with the -e switch.
[ERROR] Re-run Maven using the -X switch to enable full debug logging.
[ERROR] 
[ERROR] For more information about the errors and possible solutions, please read the following articles:
[ERROR] [Help 1] http://cwiki.apache.org/confluence/display/MAVEN/MojoFailureException
