[ERROR] COMPILATION ERROR : 
[ERROR] /home/tasfia/Desktop/OE25-DEV/projects_decomposed/commons-numbers/commons-numbers-core/src/test/java/org/apache/commons/numbers/core/SumTest_OE25Dev_numb_left_580_10.java:[496,9] illegal start of type
[ERROR] /home/tasfia/Desktop/OE25-DEV/projects_decomposed/commons-numbers/commons-numbers-core/src/test/java/org/apache/commons/numbers/core/SumTest_OE25Dev_numb_left_580_10.java:[496,16] <identifier> expected
[ERROR] /home/tasfia/Desktop/OE25-DEV/projects_decomposed/commons-numbers/commons-numbers-core/src/test/java/org/apache/commons/numbers/core/SumTest_OE25Dev_numb_left_580_10.java:[498,11] illegal start of type
[ERROR] /home/tasfia/Desktop/OE25-DEV/projects_decomposed/commons-numbers/commons-numbers-core/src/test/java/org/apache/commons/numbers/core/SumTest_OE25Dev_numb_left_580_10.java:[498,23] <identifier> expected
[ERROR] /home/tasfia/Desktop/OE25-DEV/projects_decomposed/commons-numbers/commons-numbers-core/src/test/java/org/apache/commons/numbers/core/SumTest_OE25Dev_numb_left_580_10.java:[500,11] illegal start of type
[ERROR] /home/tasfia/Desktop/OE25-DEV/projects_decomposed/commons-numbers/commons-numbers-core/src/test/java/org/apache/commons/numbers/core/SumTest_OE25Dev_numb_left_580_10.java:[500,23] <identifier> expected
[ERROR] /home/tasfia/Desktop/OE25-DEV/projects_decomposed/commons-numbers/commons-numbers-core/src/test/java/org/apache/commons/numbers/core/SumTest_OE25Dev_numb_left_580_10.java:[502,11] illegal start of type
[ERROR] /home/tasfia/Desktop/OE25-DEV/projects_decomposed/commons-numbers/commons-numbers-core/src/test/java/org/apache/commons/numbers/core/SumTest_OE25Dev_numb_left_580_10.java:[502,23] <identifier> expected
[ERROR] /home/tasfia/Desktop/OE25-DEV/projects_decomposed/commons-numbers/commons-numbers-core/src/test/java/org/apache/commons/numbers/core/SumTest_OE25Dev_numb_left_580_10.java:[508,9] illegal start of type
[ERROR] /home/tasfia/Desktop/OE25-DEV/projects_decomposed/commons-numbers/commons-numbers-core/src/test/java/org/apache/commons/numbers/core/SumTest_OE25Dev_numb_left_580_10.java:[508,32] > expected
[ERROR] /home/tasfia/Desktop/OE25-DEV/projects_decomposed/commons-numbers/commons-numbers-core/src/test/java/org/apache/commons/numbers/core/SumTest_OE25Dev_numb_left_580_10.java:[508,34] illegal start of type
[ERROR] /home/tasfia/Desktop/OE25-DEV/projects_decomposed/commons-numbers/commons-numbers-core/src/test/java/org/apache/commons/numbers/core/SumTest_OE25Dev_numb_left_580_10.java:[508,37] <identifier> expected
[ERROR] /home/tasfia/Desktop/OE25-DEV/projects_decomposed/commons-numbers/commons-numbers-core/src/test/java/org/apache/commons/numbers/core/SumTest_OE25Dev_numb_left_580_10.java:[515,9] illegal start of type
[ERROR] /home/tasfia/Desktop/OE25-DEV/projects_decomposed/commons-numbers/commons-numbers-core/src/test/java/org/apache/commons/numbers/core/SumTest_OE25Dev_numb_left_580_10.java:[515,32] > expected
[ERROR] /home/tasfia/Desktop/OE25-DEV/projects_decomposed/commons-numbers/commons-numbers-core/src/test/java/org/apache/commons/numbers/core/SumTest_OE25Dev_numb_left_580_10.java:[515,34] illegal start of type
[ERROR] /home/tasfia/Desktop/OE25-DEV/projects_decomposed/commons-numbers/commons-numbers-core/src/test/java/org/apache/commons/numbers/core/SumTest_OE25Dev_numb_left_580_10.java:[515,37] <identifier> expected
[ERROR] /home/tasfia/Desktop/OE25-DEV/projects_decomposed/commons-numbers/commons-numbers-core/src/test/java/org/apache/commons/numbers/core/SumTest_OE25Dev_numb_left_580_10.java:[522,22] <identifier> expected
[ERROR] /home/tasfia/Desktop/OE25-DEV/projects_decomposed/commons-numbers/commons-numbers-core/src/test/java/org/apache/commons/numbers/core/SumTest_OE25Dev_numb_left_580_10.java:[522,29] <identifier> expected
[ERROR] /home/tasfia/Desktop/OE25-DEV/projects_decomposed/commons-numbers/commons-numbers-core/src/test/java/org/apache/commons/numbers/core/SumTest_OE25Dev_numb_left_580_10.java:[522,30] ';' expected
[ERROR] /home/tasfia/Desktop/OE25-DEV/projects_decomposed/commons-numbers/commons-numbers-core/src/test/java/org/apache/commons/numbers/core/SumTest_OE25Dev_numb_left_580_10.java:[529,32] <identifier> expected
[ERROR] /home/tasfia/Desktop/OE25-DEV/projects_decomposed/commons-numbers/commons-numbers-core/src/test/java/org/apache/commons/numbers/core/SumTest_OE25Dev_numb_left_580_10.java:[529,41] <identifier> expected
[ERROR] /home/tasfia/Desktop/OE25-DEV/projects_decomposed/commons-numbers/commons-numbers-core/src/test/java/org/apache/commons/numbers/core/SumTest_OE25Dev_numb_left_580_10.java:[529,49] <identifier> expected
[ERROR] Failed to execute goal org.apache.maven.plugins:maven-compiler-plugin:3.8.1:testCompile (default-testCompile) on project commons-numbers-core: Compilation failure: Compilation failure: 
[ERROR] /home/tasfia/Desktop/OE25-DEV/projects_decomposed/commons-numbers/commons-numbers-core/src/test/java/org/apache/commons/numbers/core/SumTest_OE25Dev_numb_left_580_10.java:[496,9] illegal start of type
[ERROR] /home/tasfia/Desktop/OE25-DEV/projects_decomposed/commons-numbers/commons-numbers-core/src/test/java/org/apache/commons/numbers/core/SumTest_OE25Dev_numb_left_580_10.java:[496,16] <identifier> expected
[ERROR] /home/tasfia/Desktop/OE25-DEV/projects_decomposed/commons-numbers/commons-numbers-core/src/test/java/org/apache/commons/numbers/core/SumTest_OE25Dev_numb_left_580_10.java:[498,11] illegal start of type
[ERROR] /home/tasfia/Desktop/OE25-DEV/projects_decomposed/commons-numbers/commons-numbers-core/src/test/java/org/apache/commons/numbers/core/SumTest_OE25Dev_numb_left_580_10.java:[498,23] <identifier> expected
[ERROR] /home/tasfia/Desktop/OE25-DEV/projects_decomposed/commons-numbers/commons-numbers-core/src/test/java/org/apache/commons/numbers/core/SumTest_OE25Dev_numb_left_580_10.java:[500,11] illegal start of type
[ERROR] /home/tasfia/Desktop/OE25-DEV/projects_decomposed/commons-numbers/commons-numbers-core/src/test/java/org/apache/commons/numbers/core/SumTest_OE25Dev_numb_left_580_10.java:[500,23] <identifier> expected
[ERROR] /home/tasfia/Desktop/OE25-DEV/projects_decomposed/commons-numbers/commons-numbers-core/src/test/java/org/apache/commons/numbers/core/SumTest_OE25Dev_numb_left_580_10.java:[502,11] illegal start of type
[ERROR] /home/tasfia/Desktop/OE25-DEV/projects_decomposed/commons-numbers/commons-numbers-core/src/test/java/org/apache/commons/numbers/core/SumTest_OE25Dev_numb_left_580_10.java:[502,23] <identifier> expected
[ERROR] /home/tasfia/Desktop/OE25-DEV/projects_decomposed/commons-numbers/commons-numbers-core/src/test/java/org/apache/commons/numbers/core/SumTest_OE25Dev_numb_left_580_10.java:[508,9] illegal start of type
[ERROR] /home/tasfia/Desktop/OE25-DEV/projects_decomposed/commons-numbers/commons-numbers-core/src/test/java/org/apache/commons/numbers/core/SumTest_OE25Dev_numb_left_580_10.java:[508,32] > expected
[ERROR] /home/tasfia/Desktop/OE25-DEV/projects_decomposed/commons-numbers/commons-numbers-core/src/test/java/org/apache/commons/numbers/core/SumTest_OE25Dev_numb_left_580_10.java:[508,34] illegal start of type
[ERROR] /home/tasfia/Desktop/OE25-DEV/projects_decomposed/commons-numbers/commons-numbers-core/src/test/java/org/apache/commons/numbers/core/SumTest_OE25Dev_numb_left_580_10.java:[508,37] <identifier> expected
[ERROR] /home/tasfia/Desktop/OE25-DEV/projects_decomposed/commons-numbers/commons-numbers-core/src/test/java/org/apache/commons/numbers/core/SumTest_OE25Dev_numb_left_580_10.java:[515,9] illegal start of type
[ERROR] /home/tasfia/Desktop/OE25-DEV/projects_decomposed/commons-numbers/commons-numbers-core/src/test/java/org/apache/commons/numbers/core/SumTest_OE25Dev_numb_left_580_10.java:[515,32] > expected
[ERROR] /home/tasfia/Desktop/OE25-DEV/projects_decomposed/commons-numbers/commons-numbers-core/src/test/java/org/apache/commons/numbers/core/SumTest_OE25Dev_numb_left_580_10.java:[515,34] illegal start of type
[ERROR] /home/tasfia/Desktop/OE25-DEV/projects_decomposed/commons-numbers/commons-numbers-core/src/test/java/org/apache/commons/numbers/core/SumTest_OE25Dev_numb_left_580_10.java:[515,37] <identifier> expected
[ERROR] /home/tasfia/Desktop/OE25-DEV/projects_decomposed/commons-numbers/commons-numbers-core/src/test/java/org/apache/commons/numbers/core/SumTest_OE25Dev_numb_left_580_10.java:[522,22] <identifier> expected
[ERROR] /home/tasfia/Desktop/OE25-DEV/projects_decomposed/commons-numbers/commons-numbers-core/src/test/java/org/apache/commons/numbers/core/SumTest_OE25Dev_numb_left_580_10.java:[522,29] <identifier> expected
[ERROR] /home/tasfia/Desktop/OE25-DEV/projects_decomposed/commons-numbers/commons-numbers-core/src/test/java/org/apache/commons/numbers/core/SumTest_OE25Dev_numb_left_580_10.java:[522,30] ';' expected
[ERROR] /home/tasfia/Desktop/OE25-DEV/projects_decomposed/commons-numbers/commons-numbers-core/src/test/java/org/apache/commons/numbers/core/SumTest_OE25Dev_numb_left_580_10.java:[529,32] <identifier> expected
[ERROR] /home/tasfia/Desktop/OE25-DEV/projects_decomposed/commons-numbers/commons-numbers-core/src/test/java/org/apache/commons/numbers/core/SumTest_OE25Dev_numb_left_580_10.java:[529,41] <identifier> expected
[ERROR] /home/tasfia/Desktop/OE25-DEV/projects_decomposed/commons-numbers/commons-numbers-core/src/test/java/org/apache/commons/numbers/core/SumTest_OE25Dev_numb_left_580_10.java:[529,49] <identifier> expected
[ERROR] -> [Help 1]
[ERROR] 
[ERROR] To see the full stack trace of the errors, re-run Maven with the -e switch.
[ERROR] Re-run Maven using the -X switch to enable full debug logging.
[ERROR] 
[ERROR] For more information about the errors and possible solutions, please read the following articles:
[ERROR] [Help 1] http://cwiki.apache.org/confluence/display/MAVEN/MojoFailureException
