[ERROR] COMPILATION ERROR : 
[ERROR] /home/tasfia/Desktop/OE25-DEV/projects_decomposed/commons-numbers/commons-numbers-fraction/src/test/java/org/apache/commons/numbers/fraction/BigFractionTest_OE25Dev_numb_left_357_1.java:[50,13] cannot find symbol
  symbol:   method assertFraction(int,int,org.apache.commons.numbers.fraction.BigFraction)
  location: class org.apache.commons.numbers.fraction.BigFractionTest_OE25Dev_numb_left_357_1
[ERROR] /home/tasfia/Desktop/OE25-DEV/projects_decomposed/commons-numbers/commons-numbers-fraction/src/test/java/org/apache/commons/numbers/fraction/BigFractionTest_OE25Dev_numb_left_357_1.java:[58,9] cannot find symbol
  symbol:   method assertFraction(int,int,org.apache.commons.numbers.fraction.BigFraction)
  location: class org.apache.commons.numbers.fraction.BigFractionTest_OE25Dev_numb_left_357_1
[ERROR] /home/tasfia/Desktop/OE25-DEV/projects_decomposed/commons-numbers/commons-numbers-fraction/src/test/java/org/apache/commons/numbers/fraction/BigFractionTest_OE25Dev_numb_left_357_1.java:[59,9] cannot find symbol
  symbol:   method assertFraction(long,int,org.apache.commons.numbers.fraction.BigFraction)
  location: class org.apache.commons.numbers.fraction.BigFractionTest_OE25Dev_numb_left_357_1
[ERROR] /home/tasfia/Desktop/OE25-DEV/projects_decomposed/commons-numbers/commons-numbers-fraction/src/test/java/org/apache/commons/numbers/fraction/BigFractionTest_OE25Dev_numb_left_357_1.java:[60,9] cannot find symbol
  symbol:   method assertFraction(int,int,org.apache.commons.numbers.fraction.BigFraction)
  location: class org.apache.commons.numbers.fraction.BigFractionTest_OE25Dev_numb_left_357_1
[ERROR] /home/tasfia/Desktop/OE25-DEV/projects_decomposed/commons-numbers/commons-numbers-fraction/src/test/java/org/apache/commons/numbers/fraction/BigFractionTest_OE25Dev_numb_left_357_1.java:[61,9] cannot find symbol
  symbol:   method assertFraction(int,int,org.apache.commons.numbers.fraction.BigFraction)
  location: class org.apache.commons.numbers.fraction.BigFractionTest_OE25Dev_numb_left_357_1
[ERROR] /home/tasfia/Desktop/OE25-DEV/projects_decomposed/commons-numbers/commons-numbers-fraction/src/test/java/org/apache/commons/numbers/fraction/BigFractionTest_OE25Dev_numb_left_357_1.java:[95,13] cannot find symbol
  symbol:   method assertFraction(int,int,org.apache.commons.numbers.fraction.BigFraction)
  location: class org.apache.commons.numbers.fraction.BigFractionTest_OE25Dev_numb_left_357_1
[ERROR] /home/tasfia/Desktop/OE25-DEV/projects_decomposed/commons-numbers/commons-numbers-fraction/src/test/java/org/apache/commons/numbers/fraction/BigFractionTest_OE25Dev_numb_left_357_1.java:[103,9] cannot find symbol
  symbol:   method assertFraction(long,long,org.apache.commons.numbers.fraction.BigFraction)
  location: class org.apache.commons.numbers.fraction.BigFractionTest_OE25Dev_numb_left_357_1
[ERROR] /home/tasfia/Desktop/OE25-DEV/projects_decomposed/commons-numbers/commons-numbers-fraction/src/test/java/org/apache/commons/numbers/fraction/BigFractionTest_OE25Dev_numb_left_357_1.java:[104,9] cannot find symbol
  symbol:   method assertFraction(long,long,org.apache.commons.numbers.fraction.BigFraction)
  location: class org.apache.commons.numbers.fraction.BigFractionTest_OE25Dev_numb_left_357_1
[ERROR] /home/tasfia/Desktop/OE25-DEV/projects_decomposed/commons-numbers/commons-numbers-fraction/src/test/java/org/apache/commons/numbers/fraction/BigFractionTest_OE25Dev_numb_left_357_1.java:[105,9] cannot find symbol
  symbol:   method assertFraction(long,long,org.apache.commons.numbers.fraction.BigFraction)
  location: class org.apache.commons.numbers.fraction.BigFractionTest_OE25Dev_numb_left_357_1
[ERROR] /home/tasfia/Desktop/OE25-DEV/projects_decomposed/commons-numbers/commons-numbers-fraction/src/test/java/org/apache/commons/numbers/fraction/BigFractionTest_OE25Dev_numb_left_357_1.java:[106,9] cannot find symbol
  symbol:   method assertFraction(long,long,org.apache.commons.numbers.fraction.BigFraction)
  location: class org.apache.commons.numbers.fraction.BigFractionTest_OE25Dev_numb_left_357_1
[ERROR] /home/tasfia/Desktop/OE25-DEV/projects_decomposed/commons-numbers/commons-numbers-fraction/src/test/java/org/apache/commons/numbers/fraction/BigFractionTest_OE25Dev_numb_left_357_1.java:[107,9] cannot find symbol
  symbol:   method assertFraction(long,long,org.apache.commons.numbers.fraction.BigFraction)
  location: class org.apache.commons.numbers.fraction.BigFractionTest_OE25Dev_numb_left_357_1
[ERROR] /home/tasfia/Desktop/OE25-DEV/projects_decomposed/commons-numbers/commons-numbers-fraction/src/test/java/org/apache/commons/numbers/fraction/BigFractionTest_OE25Dev_numb_left_357_1.java:[108,9] cannot find symbol
  symbol:   method assertFraction(long,long,org.apache.commons.numbers.fraction.BigFraction)
  location: class org.apache.commons.numbers.fraction.BigFractionTest_OE25Dev_numb_left_357_1
[ERROR] /home/tasfia/Desktop/OE25-DEV/projects_decomposed/commons-numbers/commons-numbers-fraction/src/test/java/org/apache/commons/numbers/fraction/BigFractionTest_OE25Dev_numb_left_357_1.java:[113,9] cannot find symbol
  symbol:   method assertFraction(java.math.BigInteger,java.math.BigInteger,org.apache.commons.numbers.fraction.BigFraction)
  location: class org.apache.commons.numbers.fraction.BigFractionTest_OE25Dev_numb_left_357_1
[ERROR] /home/tasfia/Desktop/OE25-DEV/projects_decomposed/commons-numbers/commons-numbers-fraction/src/test/java/org/apache/commons/numbers/fraction/BigFractionTest_OE25Dev_numb_left_357_1.java:[120,9] cannot find symbol
  symbol:   method assertFraction(long,long,org.apache.commons.numbers.fraction.BigFraction)
  location: class org.apache.commons.numbers.fraction.BigFractionTest_OE25Dev_numb_left_357_1
[ERROR] /home/tasfia/Desktop/OE25-DEV/projects_decomposed/commons-numbers/commons-numbers-fraction/src/test/java/org/apache/commons/numbers/fraction/BigFractionTest_OE25Dev_numb_left_357_1.java:[121,9] cannot find symbol
  symbol:   method assertFraction(long,long,org.apache.commons.numbers.fraction.BigFraction)
  location: class org.apache.commons.numbers.fraction.BigFractionTest_OE25Dev_numb_left_357_1
[ERROR] /home/tasfia/Desktop/OE25-DEV/projects_decomposed/commons-numbers/commons-numbers-fraction/src/test/java/org/apache/commons/numbers/fraction/BigFractionTest_OE25Dev_numb_left_357_1.java:[129,13] cannot find symbol
  symbol:   method assertFraction(int,int,org.apache.commons.numbers.fraction.BigFraction)
  location: class org.apache.commons.numbers.fraction.BigFractionTest_OE25Dev_numb_left_357_1
[ERROR] /home/tasfia/Desktop/OE25-DEV/projects_decomposed/commons-numbers/commons-numbers-fraction/src/test/java/org/apache/commons/numbers/fraction/BigFractionTest_OE25Dev_numb_left_357_1.java:[138,9] cannot find symbol
  symbol:   method assertFraction(long,int,org.apache.commons.numbers.fraction.BigFraction)
  location: class org.apache.commons.numbers.fraction.BigFractionTest_OE25Dev_numb_left_357_1
[ERROR] /home/tasfia/Desktop/OE25-DEV/projects_decomposed/commons-numbers/commons-numbers-fraction/src/test/java/org/apache/commons/numbers/fraction/BigFractionTest_OE25Dev_numb_left_357_1.java:[139,9] cannot find symbol
  symbol:   method assertFraction(long,int,org.apache.commons.numbers.fraction.BigFraction)
  location: class org.apache.commons.numbers.fraction.BigFractionTest_OE25Dev_numb_left_357_1
[ERROR] /home/tasfia/Desktop/OE25-DEV/projects_decomposed/commons-numbers/commons-numbers-fraction/src/test/java/org/apache/commons/numbers/fraction/BigFractionTest_OE25Dev_numb_left_357_1.java:[140,9] cannot find symbol
  symbol:   method assertFraction(int,long,org.apache.commons.numbers.fraction.BigFraction)
  location: class org.apache.commons.numbers.fraction.BigFractionTest_OE25Dev_numb_left_357_1
[ERROR] /home/tasfia/Desktop/OE25-DEV/projects_decomposed/commons-numbers/commons-numbers-fraction/src/test/java/org/apache/commons/numbers/fraction/BigFractionTest_OE25Dev_numb_left_357_1.java:[141,9] cannot find symbol
  symbol:   method assertFraction(int,long,org.apache.commons.numbers.fraction.BigFraction)
  location: class org.apache.commons.numbers.fraction.BigFractionTest_OE25Dev_numb_left_357_1
[ERROR] /home/tasfia/Desktop/OE25-DEV/projects_decomposed/commons-numbers/commons-numbers-fraction/src/test/java/org/apache/commons/numbers/fraction/BigFractionTest_OE25Dev_numb_left_357_1.java:[160,9] cannot find symbol
  symbol:   method assertFraction(int,int,org.apache.commons.numbers.fraction.BigFraction)
  location: class org.apache.commons.numbers.fraction.BigFractionTest_OE25Dev_numb_left_357_1
[ERROR] /home/tasfia/Desktop/OE25-DEV/projects_decomposed/commons-numbers/commons-numbers-fraction/src/test/java/org/apache/commons/numbers/fraction/BigFractionTest_OE25Dev_numb_left_357_1.java:[198,9] cannot find symbol
  symbol:   method assertFraction(int,int,org.apache.commons.numbers.fraction.BigFraction)
  location: class org.apache.commons.numbers.fraction.BigFractionTest_OE25Dev_numb_left_357_1
[ERROR] /home/tasfia/Desktop/OE25-DEV/projects_decomposed/commons-numbers/commons-numbers-fraction/src/test/java/org/apache/commons/numbers/fraction/BigFractionTest_OE25Dev_numb_left_357_1.java:[200,9] cannot find symbol
  symbol:   method assertFraction(int,int,org.apache.commons.numbers.fraction.BigFraction)
  location: class org.apache.commons.numbers.fraction.BigFractionTest_OE25Dev_numb_left_357_1
[ERROR] /home/tasfia/Desktop/OE25-DEV/projects_decomposed/commons-numbers/commons-numbers-fraction/src/test/java/org/apache/commons/numbers/fraction/BigFractionTest_OE25Dev_numb_left_357_1.java:[201,9] cannot find symbol
  symbol:   method assertFraction(int,int,org.apache.commons.numbers.fraction.BigFraction)
  location: class org.apache.commons.numbers.fraction.BigFractionTest_OE25Dev_numb_left_357_1
[ERROR] /home/tasfia/Desktop/OE25-DEV/projects_decomposed/commons-numbers/commons-numbers-fraction/src/test/java/org/apache/commons/numbers/fraction/BigFractionTest_OE25Dev_numb_left_357_1.java:[202,9] cannot find symbol
  symbol:   method assertFraction(int,int,org.apache.commons.numbers.fraction.BigFraction)
  location: class org.apache.commons.numbers.fraction.BigFractionTest_OE25Dev_numb_left_357_1
[ERROR] /home/tasfia/Desktop/OE25-DEV/projects_decomposed/commons-numbers/commons-numbers-fraction/src/test/java/org/apache/commons/numbers/fraction/BigFractionTest_OE25Dev_numb_left_357_1.java:[203,9] cannot find symbol
  symbol:   method assertFraction(int,int,org.apache.commons.numbers.fraction.BigFraction)
  location: class org.apache.commons.numbers.fraction.BigFractionTest_OE25Dev_numb_left_357_1
[ERROR] /home/tasfia/Desktop/OE25-DEV/projects_decomposed/commons-numbers/commons-numbers-fraction/src/test/java/org/apache/commons/numbers/fraction/BigFractionTest_OE25Dev_numb_left_357_1.java:[204,9] cannot find symbol
  symbol:   method assertFraction(int,int,org.apache.commons.numbers.fraction.BigFraction)
  location: class org.apache.commons.numbers.fraction.BigFractionTest_OE25Dev_numb_left_357_1
[ERROR] /home/tasfia/Desktop/OE25-DEV/projects_decomposed/commons-numbers/commons-numbers-fraction/src/test/java/org/apache/commons/numbers/fraction/BigFractionTest_OE25Dev_numb_left_357_1.java:[205,9] cannot find symbol
  symbol:   method assertFraction(int,int,org.apache.commons.numbers.fraction.BigFraction)
  location: class org.apache.commons.numbers.fraction.BigFractionTest_OE25Dev_numb_left_357_1
[ERROR] /home/tasfia/Desktop/OE25-DEV/projects_decomposed/commons-numbers/commons-numbers-fraction/src/test/java/org/apache/commons/numbers/fraction/BigFractionTest_OE25Dev_numb_left_357_1.java:[470,13] cannot find symbol
  symbol:   method assertFraction(int,int,org.apache.commons.numbers.fraction.BigFraction)
  location: class org.apache.commons.numbers.fraction.BigFractionTest_OE25Dev_numb_left_357_1
[ERROR] /home/tasfia/Desktop/OE25-DEV/projects_decomposed/commons-numbers/commons-numbers-fraction/src/test/java/org/apache/commons/numbers/fraction/BigFractionTest_OE25Dev_numb_left_357_1.java:[478,13] cannot find symbol
  symbol:   method assertFraction(int,int,org.apache.commons.numbers.fraction.BigFraction)
  location: class org.apache.commons.numbers.fraction.BigFractionTest_OE25Dev_numb_left_357_1
[ERROR] /home/tasfia/Desktop/OE25-DEV/projects_decomposed/commons-numbers/commons-numbers-fraction/src/test/java/org/apache/commons/numbers/fraction/BigFractionTest_OE25Dev_numb_left_357_1.java:[489,13] cannot find symbol
  symbol:   method assertFraction(int,int,org.apache.commons.numbers.fraction.BigFraction)
  location: class org.apache.commons.numbers.fraction.BigFractionTest_OE25Dev_numb_left_357_1
[ERROR] /home/tasfia/Desktop/OE25-DEV/projects_decomposed/commons-numbers/commons-numbers-fraction/src/test/java/org/apache/commons/numbers/fraction/BigFractionTest_OE25Dev_numb_left_357_1.java:[498,13] cannot find symbol
  symbol:   method assertFraction(int,int,org.apache.commons.numbers.fraction.BigFraction)
  location: class org.apache.commons.numbers.fraction.BigFractionTest_OE25Dev_numb_left_357_1
[ERROR] /home/tasfia/Desktop/OE25-DEV/projects_decomposed/commons-numbers/commons-numbers-fraction/src/test/java/org/apache/commons/numbers/fraction/BigFractionTest_OE25Dev_numb_left_357_1.java:[503,13] cannot find symbol
  symbol:   method assertFraction(int,int,org.apache.commons.numbers.fraction.BigFraction)
  location: class org.apache.commons.numbers.fraction.BigFractionTest_OE25Dev_numb_left_357_1
[ERROR] /home/tasfia/Desktop/OE25-DEV/projects_decomposed/commons-numbers/commons-numbers-fraction/src/test/java/org/apache/commons/numbers/fraction/BigFractionTest_OE25Dev_numb_left_357_1.java:[504,13] cannot find symbol
  symbol:   method assertFraction(int,int,org.apache.commons.numbers.fraction.BigFraction)
  location: class org.apache.commons.numbers.fraction.BigFractionTest_OE25Dev_numb_left_357_1
[ERROR] /home/tasfia/Desktop/OE25-DEV/projects_decomposed/commons-numbers/commons-numbers-fraction/src/test/java/org/apache/commons/numbers/fraction/BigFractionTest_OE25Dev_numb_left_357_1.java:[505,13] cannot find symbol
  symbol:   method assertFraction(int,int,org.apache.commons.numbers.fraction.BigFraction)
  location: class org.apache.commons.numbers.fraction.BigFractionTest_OE25Dev_numb_left_357_1
[ERROR] /home/tasfia/Desktop/OE25-DEV/projects_decomposed/commons-numbers/commons-numbers-fraction/src/test/java/org/apache/commons/numbers/fraction/BigFractionTest_OE25Dev_numb_left_357_1.java:[513,9] cannot find symbol
  symbol:   method assertFraction(int,int,org.apache.commons.numbers.fraction.BigFraction)
  location: class org.apache.commons.numbers.fraction.BigFractionTest_OE25Dev_numb_left_357_1
[ERROR] /home/tasfia/Desktop/OE25-DEV/projects_decomposed/commons-numbers/commons-numbers-fraction/src/test/java/org/apache/commons/numbers/fraction/BigFractionTest_OE25Dev_numb_left_357_1.java:[514,9] cannot find symbol
  symbol:   method assertFraction(int,int,org.apache.commons.numbers.fraction.BigFraction)
  location: class org.apache.commons.numbers.fraction.BigFractionTest_OE25Dev_numb_left_357_1
[ERROR] /home/tasfia/Desktop/OE25-DEV/projects_decomposed/commons-numbers/commons-numbers-fraction/src/test/java/org/apache/commons/numbers/fraction/BigFractionTest_OE25Dev_numb_left_357_1.java:[522,13] cannot find symbol
  symbol:   method assertFraction(int,int,org.apache.commons.numbers.fraction.BigFraction)
  location: class org.apache.commons.numbers.fraction.BigFractionTest_OE25Dev_numb_left_357_1
[ERROR] /home/tasfia/Desktop/OE25-DEV/projects_decomposed/commons-numbers/commons-numbers-fraction/src/test/java/org/apache/commons/numbers/fraction/BigFractionTest_OE25Dev_numb_left_357_1.java:[527,13] cannot find symbol
  symbol:   method assertFraction(int,int,org.apache.commons.numbers.fraction.BigFraction)
  location: class org.apache.commons.numbers.fraction.BigFractionTest_OE25Dev_numb_left_357_1
[ERROR] /home/tasfia/Desktop/OE25-DEV/projects_decomposed/commons-numbers/commons-numbers-fraction/src/test/java/org/apache/commons/numbers/fraction/BigFractionTest_OE25Dev_numb_left_357_1.java:[528,13] cannot find symbol
  symbol:   method assertFraction(int,int,org.apache.commons.numbers.fraction.BigFraction)
  location: class org.apache.commons.numbers.fraction.BigFractionTest_OE25Dev_numb_left_357_1
[ERROR] /home/tasfia/Desktop/OE25-DEV/projects_decomposed/commons-numbers/commons-numbers-fraction/src/test/java/org/apache/commons/numbers/fraction/BigFractionTest_OE25Dev_numb_left_357_1.java:[529,13] cannot find symbol
  symbol:   method assertFraction(int,int,org.apache.commons.numbers.fraction.BigFraction)
  location: class org.apache.commons.numbers.fraction.BigFractionTest_OE25Dev_numb_left_357_1
[ERROR] /home/tasfia/Desktop/OE25-DEV/projects_decomposed/commons-numbers/commons-numbers-fraction/src/test/java/org/apache/commons/numbers/fraction/BigFractionTest_OE25Dev_numb_left_357_1.java:[542,9] cannot find symbol
  symbol:   method assertFraction(int,int,org.apache.commons.numbers.fraction.BigFraction)
  location: class org.apache.commons.numbers.fraction.BigFractionTest_OE25Dev_numb_left_357_1
[ERROR] /home/tasfia/Desktop/OE25-DEV/projects_decomposed/commons-numbers/commons-numbers-fraction/src/test/java/org/apache/commons/numbers/fraction/BigFractionTest_OE25Dev_numb_left_357_1.java:[543,9] cannot find symbol
  symbol:   method assertFraction(int,int,org.apache.commons.numbers.fraction.BigFraction)
  location: class org.apache.commons.numbers.fraction.BigFractionTest_OE25Dev_numb_left_357_1
[ERROR] /home/tasfia/Desktop/OE25-DEV/projects_decomposed/commons-numbers/commons-numbers-fraction/src/test/java/org/apache/commons/numbers/fraction/BigFractionTest_OE25Dev_numb_left_357_1.java:[544,9] cannot find symbol
  symbol:   method assertFraction(int,int,org.apache.commons.numbers.fraction.BigFraction)
  location: class org.apache.commons.numbers.fraction.BigFractionTest_OE25Dev_numb_left_357_1
[ERROR] /home/tasfia/Desktop/OE25-DEV/projects_decomposed/commons-numbers/commons-numbers-fraction/src/test/java/org/apache/commons/numbers/fraction/BigFractionTest_OE25Dev_numb_left_357_1.java:[552,13] cannot find symbol
  symbol:   method assertFraction(int,int,org.apache.commons.numbers.fraction.BigFraction)
  location: class org.apache.commons.numbers.fraction.BigFractionTest_OE25Dev_numb_left_357_1
[ERROR] /home/tasfia/Desktop/OE25-DEV/projects_decomposed/commons-numbers/commons-numbers-fraction/src/test/java/org/apache/commons/numbers/fraction/BigFractionTest_OE25Dev_numb_left_357_1.java:[557,13] cannot find symbol
  symbol:   method assertFraction(int,int,org.apache.commons.numbers.fraction.BigFraction)
  location: class org.apache.commons.numbers.fraction.BigFractionTest_OE25Dev_numb_left_357_1
[ERROR] /home/tasfia/Desktop/OE25-DEV/projects_decomposed/commons-numbers/commons-numbers-fraction/src/test/java/org/apache/commons/numbers/fraction/BigFractionTest_OE25Dev_numb_left_357_1.java:[558,13] cannot find symbol
  symbol:   method assertFraction(int,int,org.apache.commons.numbers.fraction.BigFraction)
  location: class org.apache.commons.numbers.fraction.BigFractionTest_OE25Dev_numb_left_357_1
[ERROR] /home/tasfia/Desktop/OE25-DEV/projects_decomposed/commons-numbers/commons-numbers-fraction/src/test/java/org/apache/commons/numbers/fraction/BigFractionTest_OE25Dev_numb_left_357_1.java:[559,13] cannot find symbol
  symbol:   method assertFraction(int,int,org.apache.commons.numbers.fraction.BigFraction)
  location: class org.apache.commons.numbers.fraction.BigFractionTest_OE25Dev_numb_left_357_1
[ERROR] /home/tasfia/Desktop/OE25-DEV/projects_decomposed/commons-numbers/commons-numbers-fraction/src/test/java/org/apache/commons/numbers/fraction/BigFractionTest_OE25Dev_numb_left_357_1.java:[571,13] cannot find symbol
  symbol:   method assertFraction(int,int,org.apache.commons.numbers.fraction.BigFraction)
  location: class org.apache.commons.numbers.fraction.BigFractionTest_OE25Dev_numb_left_357_1
[ERROR] /home/tasfia/Desktop/OE25-DEV/projects_decomposed/commons-numbers/commons-numbers-fraction/src/test/java/org/apache/commons/numbers/fraction/BigFractionTest_OE25Dev_numb_left_357_1.java:[587,13] cannot find symbol
  symbol:   method assertFraction(int,int,org.apache.commons.numbers.fraction.BigFraction)
  location: class org.apache.commons.numbers.fraction.BigFractionTest_OE25Dev_numb_left_357_1
[ERROR] /home/tasfia/Desktop/OE25-DEV/projects_decomposed/commons-numbers/commons-numbers-fraction/src/test/java/org/apache/commons/numbers/fraction/BigFractionTest_OE25Dev_numb_left_357_1.java:[592,13] cannot find symbol
  symbol:   method assertFraction(int,int,org.apache.commons.numbers.fraction.BigFraction)
  location: class org.apache.commons.numbers.fraction.BigFractionTest_OE25Dev_numb_left_357_1
[ERROR] /home/tasfia/Desktop/OE25-DEV/projects_decomposed/commons-numbers/commons-numbers-fraction/src/test/java/org/apache/commons/numbers/fraction/BigFractionTest_OE25Dev_numb_left_357_1.java:[593,13] cannot find symbol
  symbol:   method assertFraction(int,int,org.apache.commons.numbers.fraction.BigFraction)
  location: class org.apache.commons.numbers.fraction.BigFractionTest_OE25Dev_numb_left_357_1
[ERROR] /home/tasfia/Desktop/OE25-DEV/projects_decomposed/commons-numbers/commons-numbers-fraction/src/test/java/org/apache/commons/numbers/fraction/BigFractionTest_OE25Dev_numb_left_357_1.java:[594,13] cannot find symbol
  symbol:   method assertFraction(int,int,org.apache.commons.numbers.fraction.BigFraction)
  location: class org.apache.commons.numbers.fraction.BigFractionTest_OE25Dev_numb_left_357_1
[ERROR] Failed to execute goal org.apache.maven.plugins:maven-compiler-plugin:3.8.1:testCompile (default-testCompile) on project commons-numbers-fraction: Compilation failure: Compilation failure: 
[ERROR] /home/tasfia/Desktop/OE25-DEV/projects_decomposed/commons-numbers/commons-numbers-fraction/src/test/java/org/apache/commons/numbers/fraction/BigFractionTest_OE25Dev_numb_left_357_1.java:[50,13] cannot find symbol
[ERROR]   symbol:   method assertFraction(int,int,org.apache.commons.numbers.fraction.BigFraction)
[ERROR]   location: class org.apache.commons.numbers.fraction.BigFractionTest_OE25Dev_numb_left_357_1
[ERROR] /home/tasfia/Desktop/OE25-DEV/projects_decomposed/commons-numbers/commons-numbers-fraction/src/test/java/org/apache/commons/numbers/fraction/BigFractionTest_OE25Dev_numb_left_357_1.java:[58,9] cannot find symbol
[ERROR]   symbol:   method assertFraction(int,int,org.apache.commons.numbers.fraction.BigFraction)
[ERROR]   location: class org.apache.commons.numbers.fraction.BigFractionTest_OE25Dev_numb_left_357_1
[ERROR] /home/tasfia/Desktop/OE25-DEV/projects_decomposed/commons-numbers/commons-numbers-fraction/src/test/java/org/apache/commons/numbers/fraction/BigFractionTest_OE25Dev_numb_left_357_1.java:[59,9] cannot find symbol
[ERROR]   symbol:   method assertFraction(long,int,org.apache.commons.numbers.fraction.BigFraction)
[ERROR]   location: class org.apache.commons.numbers.fraction.BigFractionTest_OE25Dev_numb_left_357_1
[ERROR] /home/tasfia/Desktop/OE25-DEV/projects_decomposed/commons-numbers/commons-numbers-fraction/src/test/java/org/apache/commons/numbers/fraction/BigFractionTest_OE25Dev_numb_left_357_1.java:[60,9] cannot find symbol
[ERROR]   symbol:   method assertFraction(int,int,org.apache.commons.numbers.fraction.BigFraction)
[ERROR]   location: class org.apache.commons.numbers.fraction.BigFractionTest_OE25Dev_numb_left_357_1
[ERROR] /home/tasfia/Desktop/OE25-DEV/projects_decomposed/commons-numbers/commons-numbers-fraction/src/test/java/org/apache/commons/numbers/fraction/BigFractionTest_OE25Dev_numb_left_357_1.java:[61,9] cannot find symbol
[ERROR]   symbol:   method assertFraction(int,int,org.apache.commons.numbers.fraction.BigFraction)
[ERROR]   location: class org.apache.commons.numbers.fraction.BigFractionTest_OE25Dev_numb_left_357_1
[ERROR] /home/tasfia/Desktop/OE25-DEV/projects_decomposed/commons-numbers/commons-numbers-fraction/src/test/java/org/apache/commons/numbers/fraction/BigFractionTest_OE25Dev_numb_left_357_1.java:[95,13] cannot find symbol
[ERROR]   symbol:   method assertFraction(int,int,org.apache.commons.numbers.fraction.BigFraction)
[ERROR]   location: class org.apache.commons.numbers.fraction.BigFractionTest_OE25Dev_numb_left_357_1
[ERROR] /home/tasfia/Desktop/OE25-DEV/projects_decomposed/commons-numbers/commons-numbers-fraction/src/test/java/org/apache/commons/numbers/fraction/BigFractionTest_OE25Dev_numb_left_357_1.java:[103,9] cannot find symbol
[ERROR]   symbol:   method assertFraction(long,long,org.apache.commons.numbers.fraction.BigFraction)
[ERROR]   location: class org.apache.commons.numbers.fraction.BigFractionTest_OE25Dev_numb_left_357_1
[ERROR] /home/tasfia/Desktop/OE25-DEV/projects_decomposed/commons-numbers/commons-numbers-fraction/src/test/java/org/apache/commons/numbers/fraction/BigFractionTest_OE25Dev_numb_left_357_1.java:[104,9] cannot find symbol
[ERROR]   symbol:   method assertFraction(long,long,org.apache.commons.numbers.fraction.BigFraction)
[ERROR]   location: class org.apache.commons.numbers.fraction.BigFractionTest_OE25Dev_numb_left_357_1
[ERROR] /home/tasfia/Desktop/OE25-DEV/projects_decomposed/commons-numbers/commons-numbers-fraction/src/test/java/org/apache/commons/numbers/fraction/BigFractionTest_OE25Dev_numb_left_357_1.java:[105,9] cannot find symbol
[ERROR]   symbol:   method assertFraction(long,long,org.apache.commons.numbers.fraction.BigFraction)
[ERROR]   location: class org.apache.commons.numbers.fraction.BigFractionTest_OE25Dev_numb_left_357_1
[ERROR] /home/tasfia/Desktop/OE25-DEV/projects_decomposed/commons-numbers/commons-numbers-fraction/src/test/java/org/apache/commons/numbers/fraction/BigFractionTest_OE25Dev_numb_left_357_1.java:[106,9] cannot find symbol
[ERROR]   symbol:   method assertFraction(long,long,org.apache.commons.numbers.fraction.BigFraction)
[ERROR]   location: class org.apache.commons.numbers.fraction.BigFractionTest_OE25Dev_numb_left_357_1
[ERROR] /home/tasfia/Desktop/OE25-DEV/projects_decomposed/commons-numbers/commons-numbers-fraction/src/test/java/org/apache/commons/numbers/fraction/BigFractionTest_OE25Dev_numb_left_357_1.java:[107,9] cannot find symbol
[ERROR]   symbol:   method assertFraction(long,long,org.apache.commons.numbers.fraction.BigFraction)
[ERROR]   location: class org.apache.commons.numbers.fraction.BigFractionTest_OE25Dev_numb_left_357_1
[ERROR] /home/tasfia/Desktop/OE25-DEV/projects_decomposed/commons-numbers/commons-numbers-fraction/src/test/java/org/apache/commons/numbers/fraction/BigFractionTest_OE25Dev_numb_left_357_1.java:[108,9] cannot find symbol
[ERROR]   symbol:   method assertFraction(long,long,org.apache.commons.numbers.fraction.BigFraction)
[ERROR]   location: class org.apache.commons.numbers.fraction.BigFractionTest_OE25Dev_numb_left_357_1
[ERROR] /home/tasfia/Desktop/OE25-DEV/projects_decomposed/commons-numbers/commons-numbers-fraction/src/test/java/org/apache/commons/numbers/fraction/BigFractionTest_OE25Dev_numb_left_357_1.java:[113,9] cannot find symbol
[ERROR]   symbol:   method assertFraction(java.math.BigInteger,java.math.BigInteger,org.apache.commons.numbers.fraction.BigFraction)
[ERROR]   location: class org.apache.commons.numbers.fraction.BigFractionTest_OE25Dev_numb_left_357_1
[ERROR] /home/tasfia/Desktop/OE25-DEV/projects_decomposed/commons-numbers/commons-numbers-fraction/src/test/java/org/apache/commons/numbers/fraction/BigFractionTest_OE25Dev_numb_left_357_1.java:[120,9] cannot find symbol
[ERROR]   symbol:   method assertFraction(long,long,org.apache.commons.numbers.fraction.BigFraction)
[ERROR]   location: class org.apache.commons.numbers.fraction.BigFractionTest_OE25Dev_numb_left_357_1
[ERROR] /home/tasfia/Desktop/OE25-DEV/projects_decomposed/commons-numbers/commons-numbers-fraction/src/test/java/org/apache/commons/numbers/fraction/BigFractionTest_OE25Dev_numb_left_357_1.java:[121,9] cannot find symbol
[ERROR]   symbol:   method assertFraction(long,long,org.apache.commons.numbers.fraction.BigFraction)
[ERROR]   location: class org.apache.commons.numbers.fraction.BigFractionTest_OE25Dev_numb_left_357_1
[ERROR] /home/tasfia/Desktop/OE25-DEV/projects_decomposed/commons-numbers/commons-numbers-fraction/src/test/java/org/apache/commons/numbers/fraction/BigFractionTest_OE25Dev_numb_left_357_1.java:[129,13] cannot find symbol
[ERROR]   symbol:   method assertFraction(int,int,org.apache.commons.numbers.fraction.BigFraction)
[ERROR]   location: class org.apache.commons.numbers.fraction.BigFractionTest_OE25Dev_numb_left_357_1
[ERROR] /home/tasfia/Desktop/OE25-DEV/projects_decomposed/commons-numbers/commons-numbers-fraction/src/test/java/org/apache/commons/numbers/fraction/BigFractionTest_OE25Dev_numb_left_357_1.java:[138,9] cannot find symbol
[ERROR]   symbol:   method assertFraction(long,int,org.apache.commons.numbers.fraction.BigFraction)
[ERROR]   location: class org.apache.commons.numbers.fraction.BigFractionTest_OE25Dev_numb_left_357_1
[ERROR] /home/tasfia/Desktop/OE25-DEV/projects_decomposed/commons-numbers/commons-numbers-fraction/src/test/java/org/apache/commons/numbers/fraction/BigFractionTest_OE25Dev_numb_left_357_1.java:[139,9] cannot find symbol
[ERROR]   symbol:   method assertFraction(long,int,org.apache.commons.numbers.fraction.BigFraction)
[ERROR]   location: class org.apache.commons.numbers.fraction.BigFractionTest_OE25Dev_numb_left_357_1
[ERROR] /home/tasfia/Desktop/OE25-DEV/projects_decomposed/commons-numbers/commons-numbers-fraction/src/test/java/org/apache/commons/numbers/fraction/BigFractionTest_OE25Dev_numb_left_357_1.java:[140,9] cannot find symbol
[ERROR]   symbol:   method assertFraction(int,long,org.apache.commons.numbers.fraction.BigFraction)
[ERROR]   location: class org.apache.commons.numbers.fraction.BigFractionTest_OE25Dev_numb_left_357_1
[ERROR] /home/tasfia/Desktop/OE25-DEV/projects_decomposed/commons-numbers/commons-numbers-fraction/src/test/java/org/apache/commons/numbers/fraction/BigFractionTest_OE25Dev_numb_left_357_1.java:[141,9] cannot find symbol
[ERROR]   symbol:   method assertFraction(int,long,org.apache.commons.numbers.fraction.BigFraction)
[ERROR]   location: class org.apache.commons.numbers.fraction.BigFractionTest_OE25Dev_numb_left_357_1
[ERROR] /home/tasfia/Desktop/OE25-DEV/projects_decomposed/commons-numbers/commons-numbers-fraction/src/test/java/org/apache/commons/numbers/fraction/BigFractionTest_OE25Dev_numb_left_357_1.java:[160,9] cannot find symbol
[ERROR]   symbol:   method assertFraction(int,int,org.apache.commons.numbers.fraction.BigFraction)
[ERROR]   location: class org.apache.commons.numbers.fraction.BigFractionTest_OE25Dev_numb_left_357_1
[ERROR] /home/tasfia/Desktop/OE25-DEV/projects_decomposed/commons-numbers/commons-numbers-fraction/src/test/java/org/apache/commons/numbers/fraction/BigFractionTest_OE25Dev_numb_left_357_1.java:[198,9] cannot find symbol
[ERROR]   symbol:   method assertFraction(int,int,org.apache.commons.numbers.fraction.BigFraction)
[ERROR]   location: class org.apache.commons.numbers.fraction.BigFractionTest_OE25Dev_numb_left_357_1
[ERROR] /home/tasfia/Desktop/OE25-DEV/projects_decomposed/commons-numbers/commons-numbers-fraction/src/test/java/org/apache/commons/numbers/fraction/BigFractionTest_OE25Dev_numb_left_357_1.java:[200,9] cannot find symbol
[ERROR]   symbol:   method assertFraction(int,int,org.apache.commons.numbers.fraction.BigFraction)
[ERROR]   location: class org.apache.commons.numbers.fraction.BigFractionTest_OE25Dev_numb_left_357_1
[ERROR] /home/tasfia/Desktop/OE25-DEV/projects_decomposed/commons-numbers/commons-numbers-fraction/src/test/java/org/apache/commons/numbers/fraction/BigFractionTest_OE25Dev_numb_left_357_1.java:[201,9] cannot find symbol
[ERROR]   symbol:   method assertFraction(int,int,org.apache.commons.numbers.fraction.BigFraction)
[ERROR]   location: class org.apache.commons.numbers.fraction.BigFractionTest_OE25Dev_numb_left_357_1
[ERROR] /home/tasfia/Desktop/OE25-DEV/projects_decomposed/commons-numbers/commons-numbers-fraction/src/test/java/org/apache/commons/numbers/fraction/BigFractionTest_OE25Dev_numb_left_357_1.java:[202,9] cannot find symbol
[ERROR]   symbol:   method assertFraction(int,int,org.apache.commons.numbers.fraction.BigFraction)
[ERROR]   location: class org.apache.commons.numbers.fraction.BigFractionTest_OE25Dev_numb_left_357_1
[ERROR] /home/tasfia/Desktop/OE25-DEV/projects_decomposed/commons-numbers/commons-numbers-fraction/src/test/java/org/apache/commons/numbers/fraction/BigFractionTest_OE25Dev_numb_left_357_1.java:[203,9] cannot find symbol
[ERROR]   symbol:   method assertFraction(int,int,org.apache.commons.numbers.fraction.BigFraction)
[ERROR]   location: class org.apache.commons.numbers.fraction.BigFractionTest_OE25Dev_numb_left_357_1
[ERROR] /home/tasfia/Desktop/OE25-DEV/projects_decomposed/commons-numbers/commons-numbers-fraction/src/test/java/org/apache/commons/numbers/fraction/BigFractionTest_OE25Dev_numb_left_357_1.java:[204,9] cannot find symbol
[ERROR]   symbol:   method assertFraction(int,int,org.apache.commons.numbers.fraction.BigFraction)
[ERROR]   location: class org.apache.commons.numbers.fraction.BigFractionTest_OE25Dev_numb_left_357_1
[ERROR] /home/tasfia/Desktop/OE25-DEV/projects_decomposed/commons-numbers/commons-numbers-fraction/src/test/java/org/apache/commons/numbers/fraction/BigFractionTest_OE25Dev_numb_left_357_1.java:[205,9] cannot find symbol
[ERROR]   symbol:   method assertFraction(int,int,org.apache.commons.numbers.fraction.BigFraction)
[ERROR]   location: class org.apache.commons.numbers.fraction.BigFractionTest_OE25Dev_numb_left_357_1
[ERROR] /home/tasfia/Desktop/OE25-DEV/projects_decomposed/commons-numbers/commons-numbers-fraction/src/test/java/org/apache/commons/numbers/fraction/BigFractionTest_OE25Dev_numb_left_357_1.java:[470,13] cannot find symbol
[ERROR]   symbol:   method assertFraction(int,int,org.apache.commons.numbers.fraction.BigFraction)
[ERROR]   location: class org.apache.commons.numbers.fraction.BigFractionTest_OE25Dev_numb_left_357_1
[ERROR] /home/tasfia/Desktop/OE25-DEV/projects_decomposed/commons-numbers/commons-numbers-fraction/src/test/java/org/apache/commons/numbers/fraction/BigFractionTest_OE25Dev_numb_left_357_1.java:[478,13] cannot find symbol
[ERROR]   symbol:   method assertFraction(int,int,org.apache.commons.numbers.fraction.BigFraction)
[ERROR]   location: class org.apache.commons.numbers.fraction.BigFractionTest_OE25Dev_numb_left_357_1
[ERROR] /home/tasfia/Desktop/OE25-DEV/projects_decomposed/commons-numbers/commons-numbers-fraction/src/test/java/org/apache/commons/numbers/fraction/BigFractionTest_OE25Dev_numb_left_357_1.java:[489,13] cannot find symbol
[ERROR]   symbol:   method assertFraction(int,int,org.apache.commons.numbers.fraction.BigFraction)
[ERROR]   location: class org.apache.commons.numbers.fraction.BigFractionTest_OE25Dev_numb_left_357_1
[ERROR] /home/tasfia/Desktop/OE25-DEV/projects_decomposed/commons-numbers/commons-numbers-fraction/src/test/java/org/apache/commons/numbers/fraction/BigFractionTest_OE25Dev_numb_left_357_1.java:[498,13] cannot find symbol
[ERROR]   symbol:   method assertFraction(int,int,org.apache.commons.numbers.fraction.BigFraction)
[ERROR]   location: class org.apache.commons.numbers.fraction.BigFractionTest_OE25Dev_numb_left_357_1
[ERROR] /home/tasfia/Desktop/OE25-DEV/projects_decomposed/commons-numbers/commons-numbers-fraction/src/test/java/org/apache/commons/numbers/fraction/BigFractionTest_OE25Dev_numb_left_357_1.java:[503,13] cannot find symbol
[ERROR]   symbol:   method assertFraction(int,int,org.apache.commons.numbers.fraction.BigFraction)
[ERROR]   location: class org.apache.commons.numbers.fraction.BigFractionTest_OE25Dev_numb_left_357_1
[ERROR] /home/tasfia/Desktop/OE25-DEV/projects_decomposed/commons-numbers/commons-numbers-fraction/src/test/java/org/apache/commons/numbers/fraction/BigFractionTest_OE25Dev_numb_left_357_1.java:[504,13] cannot find symbol
[ERROR]   symbol:   method assertFraction(int,int,org.apache.commons.numbers.fraction.BigFraction)
[ERROR]   location: class org.apache.commons.numbers.fraction.BigFractionTest_OE25Dev_numb_left_357_1
[ERROR] /home/tasfia/Desktop/OE25-DEV/projects_decomposed/commons-numbers/commons-numbers-fraction/src/test/java/org/apache/commons/numbers/fraction/BigFractionTest_OE25Dev_numb_left_357_1.java:[505,13] cannot find symbol
[ERROR]   symbol:   method assertFraction(int,int,org.apache.commons.numbers.fraction.BigFraction)
[ERROR]   location: class org.apache.commons.numbers.fraction.BigFractionTest_OE25Dev_numb_left_357_1
[ERROR] /home/tasfia/Desktop/OE25-DEV/projects_decomposed/commons-numbers/commons-numbers-fraction/src/test/java/org/apache/commons/numbers/fraction/BigFractionTest_OE25Dev_numb_left_357_1.java:[513,9] cannot find symbol
[ERROR]   symbol:   method assertFraction(int,int,org.apache.commons.numbers.fraction.BigFraction)
[ERROR]   location: class org.apache.commons.numbers.fraction.BigFractionTest_OE25Dev_numb_left_357_1
[ERROR] /home/tasfia/Desktop/OE25-DEV/projects_decomposed/commons-numbers/commons-numbers-fraction/src/test/java/org/apache/commons/numbers/fraction/BigFractionTest_OE25Dev_numb_left_357_1.java:[514,9] cannot find symbol
[ERROR]   symbol:   method assertFraction(int,int,org.apache.commons.numbers.fraction.BigFraction)
[ERROR]   location: class org.apache.commons.numbers.fraction.BigFractionTest_OE25Dev_numb_left_357_1
[ERROR] /home/tasfia/Desktop/OE25-DEV/projects_decomposed/commons-numbers/commons-numbers-fraction/src/test/java/org/apache/commons/numbers/fraction/BigFractionTest_OE25Dev_numb_left_357_1.java:[522,13] cannot find symbol
[ERROR]   symbol:   method assertFraction(int,int,org.apache.commons.numbers.fraction.BigFraction)
[ERROR]   location: class org.apache.commons.numbers.fraction.BigFractionTest_OE25Dev_numb_left_357_1
[ERROR] /home/tasfia/Desktop/OE25-DEV/projects_decomposed/commons-numbers/commons-numbers-fraction/src/test/java/org/apache/commons/numbers/fraction/BigFractionTest_OE25Dev_numb_left_357_1.java:[527,13] cannot find symbol
[ERROR]   symbol:   method assertFraction(int,int,org.apache.commons.numbers.fraction.BigFraction)
[ERROR]   location: class org.apache.commons.numbers.fraction.BigFractionTest_OE25Dev_numb_left_357_1
[ERROR] /home/tasfia/Desktop/OE25-DEV/projects_decomposed/commons-numbers/commons-numbers-fraction/src/test/java/org/apache/commons/numbers/fraction/BigFractionTest_OE25Dev_numb_left_357_1.java:[528,13] cannot find symbol
[ERROR]   symbol:   method assertFraction(int,int,org.apache.commons.numbers.fraction.BigFraction)
[ERROR]   location: class org.apache.commons.numbers.fraction.BigFractionTest_OE25Dev_numb_left_357_1
[ERROR] /home/tasfia/Desktop/OE25-DEV/projects_decomposed/commons-numbers/commons-numbers-fraction/src/test/java/org/apache/commons/numbers/fraction/BigFractionTest_OE25Dev_numb_left_357_1.java:[529,13] cannot find symbol
[ERROR]   symbol:   method assertFraction(int,int,org.apache.commons.numbers.fraction.BigFraction)
[ERROR]   location: class org.apache.commons.numbers.fraction.BigFractionTest_OE25Dev_numb_left_357_1
[ERROR] /home/tasfia/Desktop/OE25-DEV/projects_decomposed/commons-numbers/commons-numbers-fraction/src/test/java/org/apache/commons/numbers/fraction/BigFractionTest_OE25Dev_numb_left_357_1.java:[542,9] cannot find symbol
[ERROR]   symbol:   method assertFraction(int,int,org.apache.commons.numbers.fraction.BigFraction)
[ERROR]   location: class org.apache.commons.numbers.fraction.BigFractionTest_OE25Dev_numb_left_357_1
[ERROR] /home/tasfia/Desktop/OE25-DEV/projects_decomposed/commons-numbers/commons-numbers-fraction/src/test/java/org/apache/commons/numbers/fraction/BigFractionTest_OE25Dev_numb_left_357_1.java:[543,9] cannot find symbol
[ERROR]   symbol:   method assertFraction(int,int,org.apache.commons.numbers.fraction.BigFraction)
[ERROR]   location: class org.apache.commons.numbers.fraction.BigFractionTest_OE25Dev_numb_left_357_1
[ERROR] /home/tasfia/Desktop/OE25-DEV/projects_decomposed/commons-numbers/commons-numbers-fraction/src/test/java/org/apache/commons/numbers/fraction/BigFractionTest_OE25Dev_numb_left_357_1.java:[544,9] cannot find symbol
[ERROR]   symbol:   method assertFraction(int,int,org.apache.commons.numbers.fraction.BigFraction)
[ERROR]   location: class org.apache.commons.numbers.fraction.BigFractionTest_OE25Dev_numb_left_357_1
[ERROR] /home/tasfia/Desktop/OE25-DEV/projects_decomposed/commons-numbers/commons-numbers-fraction/src/test/java/org/apache/commons/numbers/fraction/BigFractionTest_OE25Dev_numb_left_357_1.java:[552,13] cannot find symbol
[ERROR]   symbol:   method assertFraction(int,int,org.apache.commons.numbers.fraction.BigFraction)
[ERROR]   location: class org.apache.commons.numbers.fraction.BigFractionTest_OE25Dev_numb_left_357_1
[ERROR] /home/tasfia/Desktop/OE25-DEV/projects_decomposed/commons-numbers/commons-numbers-fraction/src/test/java/org/apache/commons/numbers/fraction/BigFractionTest_OE25Dev_numb_left_357_1.java:[557,13] cannot find symbol
[ERROR]   symbol:   method assertFraction(int,int,org.apache.commons.numbers.fraction.BigFraction)
[ERROR]   location: class org.apache.commons.numbers.fraction.BigFractionTest_OE25Dev_numb_left_357_1
[ERROR] /home/tasfia/Desktop/OE25-DEV/projects_decomposed/commons-numbers/commons-numbers-fraction/src/test/java/org/apache/commons/numbers/fraction/BigFractionTest_OE25Dev_numb_left_357_1.java:[558,13] cannot find symbol
[ERROR]   symbol:   method assertFraction(int,int,org.apache.commons.numbers.fraction.BigFraction)
[ERROR]   location: class org.apache.commons.numbers.fraction.BigFractionTest_OE25Dev_numb_left_357_1
[ERROR] /home/tasfia/Desktop/OE25-DEV/projects_decomposed/commons-numbers/commons-numbers-fraction/src/test/java/org/apache/commons/numbers/fraction/BigFractionTest_OE25Dev_numb_left_357_1.java:[559,13] cannot find symbol
[ERROR]   symbol:   method assertFraction(int,int,org.apache.commons.numbers.fraction.BigFraction)
[ERROR]   location: class org.apache.commons.numbers.fraction.BigFractionTest_OE25Dev_numb_left_357_1
[ERROR] /home/tasfia/Desktop/OE25-DEV/projects_decomposed/commons-numbers/commons-numbers-fraction/src/test/java/org/apache/commons/numbers/fraction/BigFractionTest_OE25Dev_numb_left_357_1.java:[571,13] cannot find symbol
[ERROR]   symbol:   method assertFraction(int,int,org.apache.commons.numbers.fraction.BigFraction)
[ERROR]   location: class org.apache.commons.numbers.fraction.BigFractionTest_OE25Dev_numb_left_357_1
[ERROR] /home/tasfia/Desktop/OE25-DEV/projects_decomposed/commons-numbers/commons-numbers-fraction/src/test/java/org/apache/commons/numbers/fraction/BigFractionTest_OE25Dev_numb_left_357_1.java:[587,13] cannot find symbol
[ERROR]   symbol:   method assertFraction(int,int,org.apache.commons.numbers.fraction.BigFraction)
[ERROR]   location: class org.apache.commons.numbers.fraction.BigFractionTest_OE25Dev_numb_left_357_1
[ERROR] /home/tasfia/Desktop/OE25-DEV/projects_decomposed/commons-numbers/commons-numbers-fraction/src/test/java/org/apache/commons/numbers/fraction/BigFractionTest_OE25Dev_numb_left_357_1.java:[592,13] cannot find symbol
[ERROR]   symbol:   method assertFraction(int,int,org.apache.commons.numbers.fraction.BigFraction)
[ERROR]   location: class org.apache.commons.numbers.fraction.BigFractionTest_OE25Dev_numb_left_357_1
[ERROR] /home/tasfia/Desktop/OE25-DEV/projects_decomposed/commons-numbers/commons-numbers-fraction/src/test/java/org/apache/commons/numbers/fraction/BigFractionTest_OE25Dev_numb_left_357_1.java:[593,13] cannot find symbol
[ERROR]   symbol:   method assertFraction(int,int,org.apache.commons.numbers.fraction.BigFraction)
[ERROR]   location: class org.apache.commons.numbers.fraction.BigFractionTest_OE25Dev_numb_left_357_1
[ERROR] /home/tasfia/Desktop/OE25-DEV/projects_decomposed/commons-numbers/commons-numbers-fraction/src/test/java/org/apache/commons/numbers/fraction/BigFractionTest_OE25Dev_numb_left_357_1.java:[594,13] cannot find symbol
[ERROR]   symbol:   method assertFraction(int,int,org.apache.commons.numbers.fraction.BigFraction)
[ERROR]   location: class org.apache.commons.numbers.fraction.BigFractionTest_OE25Dev_numb_left_357_1
[ERROR] -> [Help 1]
[ERROR] 
[ERROR] To see the full stack trace of the errors, re-run Maven with the -e switch.
[ERROR] Re-run Maven using the -X switch to enable full debug logging.
[ERROR] 
[ERROR] For more information about the errors and possible solutions, please read the following articles:
[ERROR] [Help 1] http://cwiki.apache.org/confluence/display/MAVEN/MojoFailureException
