[ERROR] COMPILATION ERROR : 
[ERROR] /home/tasfia/Desktop/OE25-DEV/projects_decomposed/commons-numbers/commons-numbers-fraction/src/test/java/org/apache/commons/numbers/fraction/BigFractionTest_OE25Dev_numb_left_392_1.java:[629,9] cannot find symbol
  symbol:   method assertEqualAndHashCodeEqual(org.apache.commons.numbers.fraction.BigFraction,org.apache.commons.numbers.fraction.BigFraction)
  location: class org.apache.commons.numbers.fraction.BigFractionTest_OE25Dev_numb_left_392_1
[ERROR] /home/tasfia/Desktop/OE25-DEV/projects_decomposed/commons-numbers/commons-numbers-fraction/src/test/java/org/apache/commons/numbers/fraction/BigFractionTest_OE25Dev_numb_left_392_1.java:[643,13] cannot find symbol
  symbol:   method assertEqualAndHashCodeEqual(org.apache.commons.numbers.fraction.BigFraction,org.apache.commons.numbers.fraction.BigFraction)
  location: class org.apache.commons.numbers.fraction.BigFractionTest_OE25Dev_numb_left_392_1
[ERROR] /home/tasfia/Desktop/OE25-DEV/projects_decomposed/commons-numbers/commons-numbers-fraction/src/test/java/org/apache/commons/numbers/fraction/BigFractionTest_OE25Dev_numb_left_392_1.java:[644,13] cannot find symbol
  symbol:   method assertEqualAndHashCodeEqual(org.apache.commons.numbers.fraction.BigFraction,org.apache.commons.numbers.fraction.BigFraction)
  location: class org.apache.commons.numbers.fraction.BigFractionTest_OE25Dev_numb_left_392_1
[ERROR] /home/tasfia/Desktop/OE25-DEV/projects_decomposed/commons-numbers/commons-numbers-fraction/src/test/java/org/apache/commons/numbers/fraction/BigFractionTest_OE25Dev_numb_left_392_1.java:[647,13] cannot find symbol
  symbol:   method assertEqualAndHashCodeEqual(org.apache.commons.numbers.fraction.BigFraction,org.apache.commons.numbers.fraction.BigFraction)
  location: class org.apache.commons.numbers.fraction.BigFractionTest_OE25Dev_numb_left_392_1
[ERROR] /home/tasfia/Desktop/OE25-DEV/projects_decomposed/commons-numbers/commons-numbers-fraction/src/test/java/org/apache/commons/numbers/fraction/BigFractionTest_OE25Dev_numb_left_392_1.java:[648,13] cannot find symbol
  symbol:   method assertEqualAndHashCodeEqual(org.apache.commons.numbers.fraction.BigFraction,org.apache.commons.numbers.fraction.BigFraction)
  location: class org.apache.commons.numbers.fraction.BigFractionTest_OE25Dev_numb_left_392_1
[ERROR] Failed to execute goal org.apache.maven.plugins:maven-compiler-plugin:3.8.1:testCompile (default-testCompile) on project commons-numbers-fraction: Compilation failure: Compilation failure: 
[ERROR] /home/tasfia/Desktop/OE25-DEV/projects_decomposed/commons-numbers/commons-numbers-fraction/src/test/java/org/apache/commons/numbers/fraction/BigFractionTest_OE25Dev_numb_left_392_1.java:[629,9] cannot find symbol
[ERROR]   symbol:   method assertEqualAndHashCodeEqual(org.apache.commons.numbers.fraction.BigFraction,org.apache.commons.numbers.fraction.BigFraction)
[ERROR]   location: class org.apache.commons.numbers.fraction.BigFractionTest_OE25Dev_numb_left_392_1
[ERROR] /home/tasfia/Desktop/OE25-DEV/projects_decomposed/commons-numbers/commons-numbers-fraction/src/test/java/org/apache/commons/numbers/fraction/BigFractionTest_OE25Dev_numb_left_392_1.java:[643,13] cannot find symbol
[ERROR]   symbol:   method assertEqualAndHashCodeEqual(org.apache.commons.numbers.fraction.BigFraction,org.apache.commons.numbers.fraction.BigFraction)
[ERROR]   location: class org.apache.commons.numbers.fraction.BigFractionTest_OE25Dev_numb_left_392_1
[ERROR] /home/tasfia/Desktop/OE25-DEV/projects_decomposed/commons-numbers/commons-numbers-fraction/src/test/java/org/apache/commons/numbers/fraction/BigFractionTest_OE25Dev_numb_left_392_1.java:[644,13] cannot find symbol
[ERROR]   symbol:   method assertEqualAndHashCodeEqual(org.apache.commons.numbers.fraction.BigFraction,org.apache.commons.numbers.fraction.BigFraction)
[ERROR]   location: class org.apache.commons.numbers.fraction.BigFractionTest_OE25Dev_numb_left_392_1
[ERROR] /home/tasfia/Desktop/OE25-DEV/projects_decomposed/commons-numbers/commons-numbers-fraction/src/test/java/org/apache/commons/numbers/fraction/BigFractionTest_OE25Dev_numb_left_392_1.java:[647,13] cannot find symbol
[ERROR]   symbol:   method assertEqualAndHashCodeEqual(org.apache.commons.numbers.fraction.BigFraction,org.apache.commons.numbers.fraction.BigFraction)
[ERROR]   location: class org.apache.commons.numbers.fraction.BigFractionTest_OE25Dev_numb_left_392_1
[ERROR] /home/tasfia/Desktop/OE25-DEV/projects_decomposed/commons-numbers/commons-numbers-fraction/src/test/java/org/apache/commons/numbers/fraction/BigFractionTest_OE25Dev_numb_left_392_1.java:[648,13] cannot find symbol
[ERROR]   symbol:   method assertEqualAndHashCodeEqual(org.apache.commons.numbers.fraction.BigFraction,org.apache.commons.numbers.fraction.BigFraction)
[ERROR]   location: class org.apache.commons.numbers.fraction.BigFractionTest_OE25Dev_numb_left_392_1
[ERROR] -> [Help 1]
[ERROR] 
[ERROR] To see the full stack trace of the errors, re-run Maven with the -e switch.
[ERROR] Re-run Maven using the -X switch to enable full debug logging.
[ERROR] 
[ERROR] For more information about the errors and possible solutions, please read the following articles:
[ERROR] [Help 1] http://cwiki.apache.org/confluence/display/MAVEN/MojoFailureException
