[ERROR] COMPILATION ERROR : 
[ERROR] /home/tasfia/Desktop/OE25-DEV/projects_decomposed/commons-numbers/commons-numbers-complex/src/test/java/org/apache/commons/numbers/complex/CStandardTest_OE25Dev_numb_left_144_2.java:[1274,9] illegal start of type
[ERROR] /home/tasfia/Desktop/OE25-DEV/projects_decomposed/commons-numbers/commons-numbers-complex/src/test/java/org/apache/commons/numbers/complex/CStandardTest_OE25Dev_numb_left_144_2.java:[1274,21] <identifier> expected
[ERROR] /home/tasfia/Desktop/OE25-DEV/projects_decomposed/commons-numbers/commons-numbers-complex/src/test/java/org/apache/commons/numbers/complex/CStandardTest_OE25Dev_numb_left_144_2.java:[1274,33] <identifier> expected
[ERROR] /home/tasfia/Desktop/OE25-DEV/projects_decomposed/commons-numbers/commons-numbers-complex/src/test/java/org/apache/commons/numbers/complex/CStandardTest_OE25Dev_numb_left_144_2.java:[1283,10] <identifier> expected
[ERROR] /home/tasfia/Desktop/OE25-DEV/projects_decomposed/commons-numbers/commons-numbers-complex/src/test/java/org/apache/commons/numbers/complex/CStandardTest_OE25Dev_numb_left_144_2.java:[1284,10] <identifier> expected
[ERROR] /home/tasfia/Desktop/OE25-DEV/projects_decomposed/commons-numbers/commons-numbers-complex/src/test/java/org/apache/commons/numbers/complex/CStandardTest_OE25Dev_numb_left_144_2.java:[1285,9] illegal start of type
[ERROR] /home/tasfia/Desktop/OE25-DEV/projects_decomposed/commons-numbers/commons-numbers-complex/src/test/java/org/apache/commons/numbers/complex/CStandardTest_OE25Dev_numb_left_144_2.java:[1285,21] <identifier> expected
[ERROR] /home/tasfia/Desktop/OE25-DEV/projects_decomposed/commons-numbers/commons-numbers-complex/src/test/java/org/apache/commons/numbers/complex/CStandardTest_OE25Dev_numb_left_144_2.java:[1285,23] <identifier> expected
[ERROR] /home/tasfia/Desktop/OE25-DEV/projects_decomposed/commons-numbers/commons-numbers-complex/src/test/java/org/apache/commons/numbers/complex/CStandardTest_OE25Dev_numb_left_144_2.java:[1285,26] <identifier> expected
[ERROR] /home/tasfia/Desktop/OE25-DEV/projects_decomposed/commons-numbers/commons-numbers-complex/src/test/java/org/apache/commons/numbers/complex/CStandardTest_OE25Dev_numb_left_144_2.java:[1285,27] ';' expected
[ERROR] /home/tasfia/Desktop/OE25-DEV/projects_decomposed/commons-numbers/commons-numbers-complex/src/test/java/org/apache/commons/numbers/complex/CStandardTest_OE25Dev_numb_left_144_2.java:[1287,11] illegal start of type
[ERROR] /home/tasfia/Desktop/OE25-DEV/projects_decomposed/commons-numbers/commons-numbers-complex/src/test/java/org/apache/commons/numbers/complex/CStandardTest_OE25Dev_numb_left_144_2.java:[1287,28] <identifier> expected
[ERROR] /home/tasfia/Desktop/OE25-DEV/projects_decomposed/commons-numbers/commons-numbers-complex/src/test/java/org/apache/commons/numbers/complex/CStandardTest_OE25Dev_numb_left_144_2.java:[1287,30] <identifier> expected
[ERROR] /home/tasfia/Desktop/OE25-DEV/projects_decomposed/commons-numbers/commons-numbers-complex/src/test/java/org/apache/commons/numbers/complex/CStandardTest_OE25Dev_numb_left_144_2.java:[1287,33] <identifier> expected
[ERROR] /home/tasfia/Desktop/OE25-DEV/projects_decomposed/commons-numbers/commons-numbers-complex/src/test/java/org/apache/commons/numbers/complex/CStandardTest_OE25Dev_numb_left_144_2.java:[1287,34] ';' expected
[ERROR] /home/tasfia/Desktop/OE25-DEV/projects_decomposed/commons-numbers/commons-numbers-complex/src/test/java/org/apache/commons/numbers/complex/CStandardTest_OE25Dev_numb_left_144_2.java:[1287,36] <identifier> expected
[ERROR] /home/tasfia/Desktop/OE25-DEV/projects_decomposed/commons-numbers/commons-numbers-complex/src/test/java/org/apache/commons/numbers/complex/CStandardTest_OE25Dev_numb_left_144_2.java:[1287,37] illegal start of type
[ERROR] /home/tasfia/Desktop/OE25-DEV/projects_decomposed/commons-numbers/commons-numbers-complex/src/test/java/org/apache/commons/numbers/complex/CStandardTest_OE25Dev_numb_left_144_2.java:[1290,9] illegal start of type
[ERROR] /home/tasfia/Desktop/OE25-DEV/projects_decomposed/commons-numbers/commons-numbers-complex/src/test/java/org/apache/commons/numbers/complex/CStandardTest_OE25Dev_numb_left_144_2.java:[1290,18] <identifier> expected
[ERROR] /home/tasfia/Desktop/OE25-DEV/projects_decomposed/commons-numbers/commons-numbers-complex/src/test/java/org/apache/commons/numbers/complex/CStandardTest_OE25Dev_numb_left_144_2.java:[1298,9] illegal start of type
[ERROR] /home/tasfia/Desktop/OE25-DEV/projects_decomposed/commons-numbers/commons-numbers-complex/src/test/java/org/apache/commons/numbers/complex/CStandardTest_OE25Dev_numb_left_144_2.java:[1298,18] <identifier> expected
[ERROR] /home/tasfia/Desktop/OE25-DEV/projects_decomposed/commons-numbers/commons-numbers-complex/src/test/java/org/apache/commons/numbers/complex/CStandardTest_OE25Dev_numb_left_144_2.java:[1298,30] <identifier> expected
[ERROR] /home/tasfia/Desktop/OE25-DEV/projects_decomposed/commons-numbers/commons-numbers-complex/src/test/java/org/apache/commons/numbers/complex/CStandardTest_OE25Dev_numb_left_144_2.java:[1306,30] <identifier> expected
[ERROR] /home/tasfia/Desktop/OE25-DEV/projects_decomposed/commons-numbers/commons-numbers-complex/src/test/java/org/apache/commons/numbers/complex/CStandardTest_OE25Dev_numb_left_144_2.java:[1306,37] <identifier> expected
[ERROR] Failed to execute goal org.apache.maven.plugins:maven-compiler-plugin:3.8.1:testCompile (default-testCompile) on project commons-numbers-complex: Compilation failure: Compilation failure: 
[ERROR] /home/tasfia/Desktop/OE25-DEV/projects_decomposed/commons-numbers/commons-numbers-complex/src/test/java/org/apache/commons/numbers/complex/CStandardTest_OE25Dev_numb_left_144_2.java:[1274,9] illegal start of type
[ERROR] /home/tasfia/Desktop/OE25-DEV/projects_decomposed/commons-numbers/commons-numbers-complex/src/test/java/org/apache/commons/numbers/complex/CStandardTest_OE25Dev_numb_left_144_2.java:[1274,21] <identifier> expected
[ERROR] /home/tasfia/Desktop/OE25-DEV/projects_decomposed/commons-numbers/commons-numbers-complex/src/test/java/org/apache/commons/numbers/complex/CStandardTest_OE25Dev_numb_left_144_2.java:[1274,33] <identifier> expected
[ERROR] /home/tasfia/Desktop/OE25-DEV/projects_decomposed/commons-numbers/commons-numbers-complex/src/test/java/org/apache/commons/numbers/complex/CStandardTest_OE25Dev_numb_left_144_2.java:[1283,10] <identifier> expected
[ERROR] /home/tasfia/Desktop/OE25-DEV/projects_decomposed/commons-numbers/commons-numbers-complex/src/test/java/org/apache/commons/numbers/complex/CStandardTest_OE25Dev_numb_left_144_2.java:[1284,10] <identifier> expected
[ERROR] /home/tasfia/Desktop/OE25-DEV/projects_decomposed/commons-numbers/commons-numbers-complex/src/test/java/org/apache/commons/numbers/complex/CStandardTest_OE25Dev_numb_left_144_2.java:[1285,9] illegal start of type
[ERROR] /home/tasfia/Desktop/OE25-DEV/projects_decomposed/commons-numbers/commons-numbers-complex/src/test/java/org/apache/commons/numbers/complex/CStandardTest_OE25Dev_numb_left_144_2.java:[1285,21] <identifier> expected
[ERROR] /home/tasfia/Desktop/OE25-DEV/projects_decomposed/commons-numbers/commons-numbers-complex/src/test/java/org/apache/commons/numbers/complex/CStandardTest_OE25Dev_numb_left_144_2.java:[1285,23] <identifier> expected
[ERROR] /home/tasfia/Desktop/OE25-DEV/projects_decomposed/commons-numbers/commons-numbers-complex/src/test/java/org/apache/commons/numbers/complex/CStandardTest_OE25Dev_numb_left_144_2.java:[1285,26] <identifier> expected
[ERROR] /home/tasfia/Desktop/OE25-DEV/projects_decomposed/commons-numbers/commons-numbers-complex/src/test/java/org/apache/commons/numbers/complex/CStandardTest_OE25Dev_numb_left_144_2.java:[1285,27] ';' expected
[ERROR] /home/tasfia/Desktop/OE25-DEV/projects_decomposed/commons-numbers/commons-numbers-complex/src/test/java/org/apache/commons/numbers/complex/CStandardTest_OE25Dev_numb_left_144_2.java:[1287,11] illegal start of type
[ERROR] /home/tasfia/Desktop/OE25-DEV/projects_decomposed/commons-numbers/commons-numbers-complex/src/test/java/org/apache/commons/numbers/complex/CStandardTest_OE25Dev_numb_left_144_2.java:[1287,28] <identifier> expected
[ERROR] /home/tasfia/Desktop/OE25-DEV/projects_decomposed/commons-numbers/commons-numbers-complex/src/test/java/org/apache/commons/numbers/complex/CStandardTest_OE25Dev_numb_left_144_2.java:[1287,30] <identifier> expected
[ERROR] /home/tasfia/Desktop/OE25-DEV/projects_decomposed/commons-numbers/commons-numbers-complex/src/test/java/org/apache/commons/numbers/complex/CStandardTest_OE25Dev_numb_left_144_2.java:[1287,33] <identifier> expected
[ERROR] /home/tasfia/Desktop/OE25-DEV/projects_decomposed/commons-numbers/commons-numbers-complex/src/test/java/org/apache/commons/numbers/complex/CStandardTest_OE25Dev_numb_left_144_2.java:[1287,34] ';' expected
[ERROR] /home/tasfia/Desktop/OE25-DEV/projects_decomposed/commons-numbers/commons-numbers-complex/src/test/java/org/apache/commons/numbers/complex/CStandardTest_OE25Dev_numb_left_144_2.java:[1287,36] <identifier> expected
[ERROR] /home/tasfia/Desktop/OE25-DEV/projects_decomposed/commons-numbers/commons-numbers-complex/src/test/java/org/apache/commons/numbers/complex/CStandardTest_OE25Dev_numb_left_144_2.java:[1287,37] illegal start of type
[ERROR] /home/tasfia/Desktop/OE25-DEV/projects_decomposed/commons-numbers/commons-numbers-complex/src/test/java/org/apache/commons/numbers/complex/CStandardTest_OE25Dev_numb_left_144_2.java:[1290,9] illegal start of type
[ERROR] /home/tasfia/Desktop/OE25-DEV/projects_decomposed/commons-numbers/commons-numbers-complex/src/test/java/org/apache/commons/numbers/complex/CStandardTest_OE25Dev_numb_left_144_2.java:[1290,18] <identifier> expected
[ERROR] /home/tasfia/Desktop/OE25-DEV/projects_decomposed/commons-numbers/commons-numbers-complex/src/test/java/org/apache/commons/numbers/complex/CStandardTest_OE25Dev_numb_left_144_2.java:[1298,9] illegal start of type
[ERROR] /home/tasfia/Desktop/OE25-DEV/projects_decomposed/commons-numbers/commons-numbers-complex/src/test/java/org/apache/commons/numbers/complex/CStandardTest_OE25Dev_numb_left_144_2.java:[1298,18] <identifier> expected
[ERROR] /home/tasfia/Desktop/OE25-DEV/projects_decomposed/commons-numbers/commons-numbers-complex/src/test/java/org/apache/commons/numbers/complex/CStandardTest_OE25Dev_numb_left_144_2.java:[1298,30] <identifier> expected
[ERROR] /home/tasfia/Desktop/OE25-DEV/projects_decomposed/commons-numbers/commons-numbers-complex/src/test/java/org/apache/commons/numbers/complex/CStandardTest_OE25Dev_numb_left_144_2.java:[1306,30] <identifier> expected
[ERROR] /home/tasfia/Desktop/OE25-DEV/projects_decomposed/commons-numbers/commons-numbers-complex/src/test/java/org/apache/commons/numbers/complex/CStandardTest_OE25Dev_numb_left_144_2.java:[1306,37] <identifier> expected
[ERROR] -> [Help 1]
[ERROR] 
[ERROR] To see the full stack trace of the errors, re-run Maven with the -e switch.
[ERROR] Re-run Maven using the -X switch to enable full debug logging.
[ERROR] 
[ERROR] For more information about the errors and possible solutions, please read the following articles:
[ERROR] [Help 1] http://cwiki.apache.org/confluence/display/MAVEN/MojoFailureException
