[ERROR] COMPILATION ERROR : 
[ERROR] /home/tasfia/Desktop/OE25-DEV/projects_decomposed/commons-numbers/commons-numbers-complex/src/test/java/org/apache/commons/numbers/complex/ComplexTest_OE25Dev_numb_left_287_1.java:[2073,9] cannot find symbol
  symbol:   method assertAbsVsSqrt(int,()->Comple[...]000)))
  location: class org.apache.commons.numbers.complex.ComplexTest_OE25Dev_numb_left_287_1
[ERROR] /home/tasfia/Desktop/OE25-DEV/projects_decomposed/commons-numbers/commons-numbers-complex/src/test/java/org/apache/commons/numbers/complex/ComplexTest_OE25Dev_numb_left_287_1.java:[2075,9] cannot find symbol
  symbol:   method assertAbsVsSqrt(int,()->Comple[...]000)))
  location: class org.apache.commons.numbers.complex.ComplexTest_OE25Dev_numb_left_287_1
[ERROR] Failed to execute goal org.apache.maven.plugins:maven-compiler-plugin:3.8.1:testCompile (default-testCompile) on project commons-numbers-complex: Compilation failure: Compilation failure: 
[ERROR] /home/tasfia/Desktop/OE25-DEV/projects_decomposed/commons-numbers/commons-numbers-complex/src/test/java/org/apache/commons/numbers/complex/ComplexTest_OE25Dev_numb_left_287_1.java:[2073,9] cannot find symbol
[ERROR]   symbol:   method assertAbsVsSqrt(int,()->Comple[...]000)))
[ERROR]   location: class org.apache.commons.numbers.complex.ComplexTest_OE25Dev_numb_left_287_1
[ERROR] /home/tasfia/Desktop/OE25-DEV/projects_decomposed/commons-numbers/commons-numbers-complex/src/test/java/org/apache/commons/numbers/complex/ComplexTest_OE25Dev_numb_left_287_1.java:[2075,9] cannot find symbol
[ERROR]   symbol:   method assertAbsVsSqrt(int,()->Comple[...]000)))
[ERROR]   location: class org.apache.commons.numbers.complex.ComplexTest_OE25Dev_numb_left_287_1
[ERROR] -> [Help 1]
[ERROR] 
[ERROR] To see the full stack trace of the errors, re-run Maven with the -e switch.
[ERROR] Re-run Maven using the -X switch to enable full debug logging.
[ERROR] 
[ERROR] For more information about the errors and possible solutions, please read the following articles:
[ERROR] [Help 1] http://cwiki.apache.org/confluence/display/MAVEN/MojoFailureException
