[ERROR] COMPILATION ERROR : 
[ERROR] /home/tasfia/Desktop/OE25-DEV/projects_decomposed/commons-numbers/commons-numbers-core/src/test/java/org/apache/commons/numbers/core/PrecisionTest_OE25Dev_numb_left_591_1.java:[126,9] cannot find symbol
  symbol:   method assertEqualsIncludingNaNWithAllowedUlps(Precision::equals,boolean,boolean)
  location: class org.apache.commons.numbers.core.PrecisionTest_OE25Dev_numb_left_591_1
[ERROR] /home/tasfia/Desktop/OE25-DEV/projects_decomposed/commons-numbers/commons-numbers-core/src/test/java/org/apache/commons/numbers/core/PrecisionTest_OE25Dev_numb_left_591_1.java:[132,9] cannot find symbol
  symbol:   method assertEqualsIncludingNaNWithAllowedUlps((a,b,ulp)-[...]a, b),boolean,boolean)
  location: class org.apache.commons.numbers.core.PrecisionTest_OE25Dev_numb_left_591_1
[ERROR] /home/tasfia/Desktop/OE25-DEV/projects_decomposed/commons-numbers/commons-numbers-core/src/test/java/org/apache/commons/numbers/core/PrecisionTest_OE25Dev_numb_left_591_1.java:[137,9] cannot find symbol
  symbol:   method assertEqualsIncludingNaNWithAllowedUlps(Precision:[...]ngNaN,boolean,boolean)
  location: class org.apache.commons.numbers.core.PrecisionTest_OE25Dev_numb_left_591_1
[ERROR] Failed to execute goal org.apache.maven.plugins:maven-compiler-plugin:3.8.1:testCompile (default-testCompile) on project commons-numbers-core: Compilation failure: Compilation failure: 
[ERROR] /home/tasfia/Desktop/OE25-DEV/projects_decomposed/commons-numbers/commons-numbers-core/src/test/java/org/apache/commons/numbers/core/PrecisionTest_OE25Dev_numb_left_591_1.java:[126,9] cannot find symbol
[ERROR]   symbol:   method assertEqualsIncludingNaNWithAllowedUlps(Precision::equals,boolean,boolean)
[ERROR]   location: class org.apache.commons.numbers.core.PrecisionTest_OE25Dev_numb_left_591_1
[ERROR] /home/tasfia/Desktop/OE25-DEV/projects_decomposed/commons-numbers/commons-numbers-core/src/test/java/org/apache/commons/numbers/core/PrecisionTest_OE25Dev_numb_left_591_1.java:[132,9] cannot find symbol
[ERROR]   symbol:   method assertEqualsIncludingNaNWithAllowedUlps((a,b,ulp)-[...]a, b),boolean,boolean)
[ERROR]   location: class org.apache.commons.numbers.core.PrecisionTest_OE25Dev_numb_left_591_1
[ERROR] /home/tasfia/Desktop/OE25-DEV/projects_decomposed/commons-numbers/commons-numbers-core/src/test/java/org/apache/commons/numbers/core/PrecisionTest_OE25Dev_numb_left_591_1.java:[137,9] cannot find symbol
[ERROR]   symbol:   method assertEqualsIncludingNaNWithAllowedUlps(Precision:[...]ngNaN,boolean,boolean)
[ERROR]   location: class org.apache.commons.numbers.core.PrecisionTest_OE25Dev_numb_left_591_1
[ERROR] -> [Help 1]
[ERROR] 
[ERROR] To see the full stack trace of the errors, re-run Maven with the -e switch.
[ERROR] Re-run Maven using the -X switch to enable full debug logging.
[ERROR] 
[ERROR] For more information about the errors and possible solutions, please read the following articles:
[ERROR] [Help 1] http://cwiki.apache.org/confluence/display/MAVEN/MojoFailureException
