[ERROR] COMPILATION ERROR : 
[ERROR] /home/tasfia/Desktop/OE25-DEV/projects_decomposed/commons-numbers/commons-numbers-core/src/test/java/org/apache/commons/numbers/core/ExtendedPrecisionTest_OE25Dev_numb_left_646_1.java:[112,9] cannot find symbol
  symbol:   method assertSquareLowUnscaled(double,double)
  location: class org.apache.commons.numbers.core.ExtendedPrecisionTest_OE25Dev_numb_left_646_1
[ERROR] /home/tasfia/Desktop/OE25-DEV/projects_decomposed/commons-numbers/commons-numbers-core/src/test/java/org/apache/commons/numbers/core/ExtendedPrecisionTest_OE25Dev_numb_left_646_1.java:[113,9] cannot find symbol
  symbol:   method assertSquareLowUnscaled(double,double)
  location: class org.apache.commons.numbers.core.ExtendedPrecisionTest_OE25Dev_numb_left_646_1
[ERROR] /home/tasfia/Desktop/OE25-DEV/projects_decomposed/commons-numbers/commons-numbers-core/src/test/java/org/apache/commons/numbers/core/ExtendedPrecisionTest_OE25Dev_numb_left_646_1.java:[116,9] cannot find symbol
  symbol:   method assertSquareLowUnscaled(double,double)
  location: class org.apache.commons.numbers.core.ExtendedPrecisionTest_OE25Dev_numb_left_646_1
[ERROR] /home/tasfia/Desktop/OE25-DEV/projects_decomposed/commons-numbers/commons-numbers-core/src/test/java/org/apache/commons/numbers/core/ExtendedPrecisionTest_OE25Dev_numb_left_646_1.java:[118,9] cannot find symbol
  symbol:   method assertSquareLowUnscaled(double,double)
  location: class org.apache.commons.numbers.core.ExtendedPrecisionTest_OE25Dev_numb_left_646_1
[ERROR] /home/tasfia/Desktop/OE25-DEV/projects_decomposed/commons-numbers/commons-numbers-core/src/test/java/org/apache/commons/numbers/core/ExtendedPrecisionTest_OE25Dev_numb_left_646_1.java:[119,9] cannot find symbol
  symbol:   method assertSquareLowUnscaled(double,double)
  location: class org.apache.commons.numbers.core.ExtendedPrecisionTest_OE25Dev_numb_left_646_1
[ERROR] /home/tasfia/Desktop/OE25-DEV/projects_decomposed/commons-numbers/commons-numbers-core/src/test/java/org/apache/commons/numbers/core/ExtendedPrecisionTest_OE25Dev_numb_left_646_1.java:[120,9] cannot find symbol
  symbol:   method assertSquareLowUnscaled(double,double)
  location: class org.apache.commons.numbers.core.ExtendedPrecisionTest_OE25Dev_numb_left_646_1
[ERROR] /home/tasfia/Desktop/OE25-DEV/projects_decomposed/commons-numbers/commons-numbers-core/src/test/java/org/apache/commons/numbers/core/ExtendedPrecisionTest_OE25Dev_numb_left_646_1.java:[121,9] cannot find symbol
  symbol:   method assertSquareLowUnscaled(double,double)
  location: class org.apache.commons.numbers.core.ExtendedPrecisionTest_OE25Dev_numb_left_646_1
[ERROR] Failed to execute goal org.apache.maven.plugins:maven-compiler-plugin:3.8.1:testCompile (default-testCompile) on project commons-numbers-core: Compilation failure: Compilation failure: 
[ERROR] /home/tasfia/Desktop/OE25-DEV/projects_decomposed/commons-numbers/commons-numbers-core/src/test/java/org/apache/commons/numbers/core/ExtendedPrecisionTest_OE25Dev_numb_left_646_1.java:[112,9] cannot find symbol
[ERROR]   symbol:   method assertSquareLowUnscaled(double,double)
[ERROR]   location: class org.apache.commons.numbers.core.ExtendedPrecisionTest_OE25Dev_numb_left_646_1
[ERROR] /home/tasfia/Desktop/OE25-DEV/projects_decomposed/commons-numbers/commons-numbers-core/src/test/java/org/apache/commons/numbers/core/ExtendedPrecisionTest_OE25Dev_numb_left_646_1.java:[113,9] cannot find symbol
[ERROR]   symbol:   method assertSquareLowUnscaled(double,double)
[ERROR]   location: class org.apache.commons.numbers.core.ExtendedPrecisionTest_OE25Dev_numb_left_646_1
[ERROR] /home/tasfia/Desktop/OE25-DEV/projects_decomposed/commons-numbers/commons-numbers-core/src/test/java/org/apache/commons/numbers/core/ExtendedPrecisionTest_OE25Dev_numb_left_646_1.java:[116,9] cannot find symbol
[ERROR]   symbol:   method assertSquareLowUnscaled(double,double)
[ERROR]   location: class org.apache.commons.numbers.core.ExtendedPrecisionTest_OE25Dev_numb_left_646_1
[ERROR] /home/tasfia/Desktop/OE25-DEV/projects_decomposed/commons-numbers/commons-numbers-core/src/test/java/org/apache/commons/numbers/core/ExtendedPrecisionTest_OE25Dev_numb_left_646_1.java:[118,9] cannot find symbol
[ERROR]   symbol:   method assertSquareLowUnscaled(double,double)
[ERROR]   location: class org.apache.commons.numbers.core.ExtendedPrecisionTest_OE25Dev_numb_left_646_1
[ERROR] /home/tasfia/Desktop/OE25-DEV/projects_decomposed/commons-numbers/commons-numbers-core/src/test/java/org/apache/commons/numbers/core/ExtendedPrecisionTest_OE25Dev_numb_left_646_1.java:[119,9] cannot find symbol
[ERROR]   symbol:   method assertSquareLowUnscaled(double,double)
[ERROR]   location: class org.apache.commons.numbers.core.ExtendedPrecisionTest_OE25Dev_numb_left_646_1
[ERROR] /home/tasfia/Desktop/OE25-DEV/projects_decomposed/commons-numbers/commons-numbers-core/src/test/java/org/apache/commons/numbers/core/ExtendedPrecisionTest_OE25Dev_numb_left_646_1.java:[120,9] cannot find symbol
[ERROR]   symbol:   method assertSquareLowUnscaled(double,double)
[ERROR]   location: class org.apache.commons.numbers.core.ExtendedPrecisionTest_OE25Dev_numb_left_646_1
[ERROR] /home/tasfia/Desktop/OE25-DEV/projects_decomposed/commons-numbers/commons-numbers-core/src/test/java/org/apache/commons/numbers/core/ExtendedPrecisionTest_OE25Dev_numb_left_646_1.java:[121,9] cannot find symbol
[ERROR]   symbol:   method assertSquareLowUnscaled(double,double)
[ERROR]   location: class org.apache.commons.numbers.core.ExtendedPrecisionTest_OE25Dev_numb_left_646_1
[ERROR] -> [Help 1]
[ERROR] 
[ERROR] To see the full stack trace of the errors, re-run Maven with the -e switch.
[ERROR] Re-run Maven using the -X switch to enable full debug logging.
[ERROR] 
[ERROR] For more information about the errors and possible solutions, please read the following articles:
[ERROR] [Help 1] http://cwiki.apache.org/confluence/display/MAVEN/MojoFailureException
