[ERROR] COMPILATION ERROR : 
[ERROR] /home/tasfia/Desktop/OE25-DEV/projects_decomposed/commons-numbers/commons-numbers-complex/src/test/java/org/apache/commons/numbers/complex/ComplexEdgeCaseTest_OE25Dev_numb_left_313_1.java:[463,9] cannot find symbol
  symbol:   method assertLog(double,double,int)
  location: class org.apache.commons.numbers.complex.ComplexEdgeCaseTest_OE25Dev_numb_left_313_1
[ERROR] /home/tasfia/Desktop/OE25-DEV/projects_decomposed/commons-numbers/commons-numbers-complex/src/test/java/org/apache/commons/numbers/complex/ComplexEdgeCaseTest_OE25Dev_numb_left_313_1.java:[464,9] cannot find symbol
  symbol:   method assertLog(double,double,int)
  location: class org.apache.commons.numbers.complex.ComplexEdgeCaseTest_OE25Dev_numb_left_313_1
[ERROR] /home/tasfia/Desktop/OE25-DEV/projects_decomposed/commons-numbers/commons-numbers-complex/src/test/java/org/apache/commons/numbers/complex/ComplexEdgeCaseTest_OE25Dev_numb_left_313_1.java:[465,9] cannot find symbol
  symbol:   method assertLog(double,double,int)
  location: class org.apache.commons.numbers.complex.ComplexEdgeCaseTest_OE25Dev_numb_left_313_1
[ERROR] /home/tasfia/Desktop/OE25-DEV/projects_decomposed/commons-numbers/commons-numbers-complex/src/test/java/org/apache/commons/numbers/complex/ComplexEdgeCaseTest_OE25Dev_numb_left_313_1.java:[466,9] cannot find symbol
  symbol:   method assertLog(double,double,int)
  location: class org.apache.commons.numbers.complex.ComplexEdgeCaseTest_OE25Dev_numb_left_313_1
[ERROR] /home/tasfia/Desktop/OE25-DEV/projects_decomposed/commons-numbers/commons-numbers-complex/src/test/java/org/apache/commons/numbers/complex/ComplexEdgeCaseTest_OE25Dev_numb_left_313_1.java:[472,9] cannot find symbol
  symbol:   method assertLog(double,double,int)
  location: class org.apache.commons.numbers.complex.ComplexEdgeCaseTest_OE25Dev_numb_left_313_1
[ERROR] /home/tasfia/Desktop/OE25-DEV/projects_decomposed/commons-numbers/commons-numbers-complex/src/test/java/org/apache/commons/numbers/complex/ComplexEdgeCaseTest_OE25Dev_numb_left_313_1.java:[473,9] cannot find symbol
  symbol:   method assertLog(double,double,int)
  location: class org.apache.commons.numbers.complex.ComplexEdgeCaseTest_OE25Dev_numb_left_313_1
[ERROR] /home/tasfia/Desktop/OE25-DEV/projects_decomposed/commons-numbers/commons-numbers-complex/src/test/java/org/apache/commons/numbers/complex/ComplexEdgeCaseTest_OE25Dev_numb_left_313_1.java:[474,9] cannot find symbol
  symbol:   method assertLog(double,double,int)
  location: class org.apache.commons.numbers.complex.ComplexEdgeCaseTest_OE25Dev_numb_left_313_1
[ERROR] /home/tasfia/Desktop/OE25-DEV/projects_decomposed/commons-numbers/commons-numbers-complex/src/test/java/org/apache/commons/numbers/complex/ComplexEdgeCaseTest_OE25Dev_numb_left_313_1.java:[475,9] cannot find symbol
  symbol:   method assertLog(double,double,int)
  location: class org.apache.commons.numbers.complex.ComplexEdgeCaseTest_OE25Dev_numb_left_313_1
[ERROR] /home/tasfia/Desktop/OE25-DEV/projects_decomposed/commons-numbers/commons-numbers-complex/src/test/java/org/apache/commons/numbers/complex/ComplexEdgeCaseTest_OE25Dev_numb_left_313_1.java:[476,9] cannot find symbol
  symbol:   method assertLog(double,double,int)
  location: class org.apache.commons.numbers.complex.ComplexEdgeCaseTest_OE25Dev_numb_left_313_1
[ERROR] /home/tasfia/Desktop/OE25-DEV/projects_decomposed/commons-numbers/commons-numbers-complex/src/test/java/org/apache/commons/numbers/complex/ComplexEdgeCaseTest_OE25Dev_numb_left_313_1.java:[477,9] cannot find symbol
  symbol:   method assertLog(double,double,int)
  location: class org.apache.commons.numbers.complex.ComplexEdgeCaseTest_OE25Dev_numb_left_313_1
[ERROR] /home/tasfia/Desktop/OE25-DEV/projects_decomposed/commons-numbers/commons-numbers-complex/src/test/java/org/apache/commons/numbers/complex/ComplexEdgeCaseTest_OE25Dev_numb_left_313_1.java:[479,9] cannot find symbol
  symbol:   method assertLog(double,double,int)
  location: class org.apache.commons.numbers.complex.ComplexEdgeCaseTest_OE25Dev_numb_left_313_1
[ERROR] /home/tasfia/Desktop/OE25-DEV/projects_decomposed/commons-numbers/commons-numbers-complex/src/test/java/org/apache/commons/numbers/complex/ComplexEdgeCaseTest_OE25Dev_numb_left_313_1.java:[484,9] cannot find symbol
  symbol:   method assertLog(double,double,int)
  location: class org.apache.commons.numbers.complex.ComplexEdgeCaseTest_OE25Dev_numb_left_313_1
[ERROR] /home/tasfia/Desktop/OE25-DEV/projects_decomposed/commons-numbers/commons-numbers-complex/src/test/java/org/apache/commons/numbers/complex/ComplexEdgeCaseTest_OE25Dev_numb_left_313_1.java:[486,9] cannot find symbol
  symbol:   method assertLog(double,double,int)
  location: class org.apache.commons.numbers.complex.ComplexEdgeCaseTest_OE25Dev_numb_left_313_1
[ERROR] /home/tasfia/Desktop/OE25-DEV/projects_decomposed/commons-numbers/commons-numbers-complex/src/test/java/org/apache/commons/numbers/complex/ComplexEdgeCaseTest_OE25Dev_numb_left_313_1.java:[490,9] cannot find symbol
  symbol:   method assertLog(double,double,int)
  location: class org.apache.commons.numbers.complex.ComplexEdgeCaseTest_OE25Dev_numb_left_313_1
[ERROR] /home/tasfia/Desktop/OE25-DEV/projects_decomposed/commons-numbers/commons-numbers-complex/src/test/java/org/apache/commons/numbers/complex/ComplexEdgeCaseTest_OE25Dev_numb_left_313_1.java:[499,17] cannot find symbol
  symbol:   method assertLog(double,double,int)
  location: class org.apache.commons.numbers.complex.ComplexEdgeCaseTest_OE25Dev_numb_left_313_1
[ERROR] /home/tasfia/Desktop/OE25-DEV/projects_decomposed/commons-numbers/commons-numbers-complex/src/test/java/org/apache/commons/numbers/complex/ComplexEdgeCaseTest_OE25Dev_numb_left_313_1.java:[507,13] cannot find symbol
  symbol:   method assertLog(double,double,int)
  location: class org.apache.commons.numbers.complex.ComplexEdgeCaseTest_OE25Dev_numb_left_313_1
[ERROR] /home/tasfia/Desktop/OE25-DEV/projects_decomposed/commons-numbers/commons-numbers-complex/src/test/java/org/apache/commons/numbers/complex/ComplexEdgeCaseTest_OE25Dev_numb_left_313_1.java:[513,9] cannot find symbol
  symbol:   method assertLog(double,double,int)
  location: class org.apache.commons.numbers.complex.ComplexEdgeCaseTest_OE25Dev_numb_left_313_1
[ERROR] /home/tasfia/Desktop/OE25-DEV/projects_decomposed/commons-numbers/commons-numbers-complex/src/test/java/org/apache/commons/numbers/complex/ComplexEdgeCaseTest_OE25Dev_numb_left_313_1.java:[514,9] cannot find symbol
  symbol:   method assertLog(double,double,int)
  location: class org.apache.commons.numbers.complex.ComplexEdgeCaseTest_OE25Dev_numb_left_313_1
[ERROR] /home/tasfia/Desktop/OE25-DEV/projects_decomposed/commons-numbers/commons-numbers-complex/src/test/java/org/apache/commons/numbers/complex/ComplexEdgeCaseTest_OE25Dev_numb_left_313_1.java:[516,9] cannot find symbol
  symbol:   method assertLog(double,double,int)
  location: class org.apache.commons.numbers.complex.ComplexEdgeCaseTest_OE25Dev_numb_left_313_1
[ERROR] /home/tasfia/Desktop/OE25-DEV/projects_decomposed/commons-numbers/commons-numbers-complex/src/test/java/org/apache/commons/numbers/complex/ComplexEdgeCaseTest_OE25Dev_numb_left_313_1.java:[517,9] cannot find symbol
  symbol:   method assertLog(double,double,int)
  location: class org.apache.commons.numbers.complex.ComplexEdgeCaseTest_OE25Dev_numb_left_313_1
[ERROR] /home/tasfia/Desktop/OE25-DEV/projects_decomposed/commons-numbers/commons-numbers-complex/src/test/java/org/apache/commons/numbers/complex/ComplexEdgeCaseTest_OE25Dev_numb_left_313_1.java:[526,9] cannot find symbol
  symbol:   method assertLog(double,double,int)
  location: class org.apache.commons.numbers.complex.ComplexEdgeCaseTest_OE25Dev_numb_left_313_1
[ERROR] /home/tasfia/Desktop/OE25-DEV/projects_decomposed/commons-numbers/commons-numbers-complex/src/test/java/org/apache/commons/numbers/complex/ComplexEdgeCaseTest_OE25Dev_numb_left_313_1.java:[527,9] cannot find symbol
  symbol:   method assertLog(double,double,int)
  location: class org.apache.commons.numbers.complex.ComplexEdgeCaseTest_OE25Dev_numb_left_313_1
[ERROR] /home/tasfia/Desktop/OE25-DEV/projects_decomposed/commons-numbers/commons-numbers-complex/src/test/java/org/apache/commons/numbers/complex/ComplexEdgeCaseTest_OE25Dev_numb_left_313_1.java:[528,9] cannot find symbol
  symbol:   method assertLog(double,double,int)
  location: class org.apache.commons.numbers.complex.ComplexEdgeCaseTest_OE25Dev_numb_left_313_1
[ERROR] /home/tasfia/Desktop/OE25-DEV/projects_decomposed/commons-numbers/commons-numbers-complex/src/test/java/org/apache/commons/numbers/complex/ComplexEdgeCaseTest_OE25Dev_numb_left_313_1.java:[529,9] cannot find symbol
  symbol:   method assertLog(double,double,int)
  location: class org.apache.commons.numbers.complex.ComplexEdgeCaseTest_OE25Dev_numb_left_313_1
[ERROR] /home/tasfia/Desktop/OE25-DEV/projects_decomposed/commons-numbers/commons-numbers-complex/src/test/java/org/apache/commons/numbers/complex/ComplexEdgeCaseTest_OE25Dev_numb_left_313_1.java:[531,9] cannot find symbol
  symbol:   method assertLog(double,double,int)
  location: class org.apache.commons.numbers.complex.ComplexEdgeCaseTest_OE25Dev_numb_left_313_1
[ERROR] /home/tasfia/Desktop/OE25-DEV/projects_decomposed/commons-numbers/commons-numbers-complex/src/test/java/org/apache/commons/numbers/complex/ComplexEdgeCaseTest_OE25Dev_numb_left_313_1.java:[532,9] cannot find symbol
  symbol:   method assertLog(double,double,int)
  location: class org.apache.commons.numbers.complex.ComplexEdgeCaseTest_OE25Dev_numb_left_313_1
[ERROR] /home/tasfia/Desktop/OE25-DEV/projects_decomposed/commons-numbers/commons-numbers-complex/src/test/java/org/apache/commons/numbers/complex/ComplexEdgeCaseTest_OE25Dev_numb_left_313_1.java:[533,9] cannot find symbol
  symbol:   method assertLog(double,double,int)
  location: class org.apache.commons.numbers.complex.ComplexEdgeCaseTest_OE25Dev_numb_left_313_1
[ERROR] /home/tasfia/Desktop/OE25-DEV/projects_decomposed/commons-numbers/commons-numbers-complex/src/test/java/org/apache/commons/numbers/complex/ComplexEdgeCaseTest_OE25Dev_numb_left_313_1.java:[534,9] cannot find symbol
  symbol:   method assertLog(double,double,int)
  location: class org.apache.commons.numbers.complex.ComplexEdgeCaseTest_OE25Dev_numb_left_313_1
[ERROR] /home/tasfia/Desktop/OE25-DEV/projects_decomposed/commons-numbers/commons-numbers-complex/src/test/java/org/apache/commons/numbers/complex/ComplexEdgeCaseTest_OE25Dev_numb_left_313_1.java:[535,9] cannot find symbol
  symbol:   method assertLog(double,double,int)
  location: class org.apache.commons.numbers.complex.ComplexEdgeCaseTest_OE25Dev_numb_left_313_1
[ERROR] /home/tasfia/Desktop/OE25-DEV/projects_decomposed/commons-numbers/commons-numbers-complex/src/test/java/org/apache/commons/numbers/complex/ComplexEdgeCaseTest_OE25Dev_numb_left_313_1.java:[536,9] cannot find symbol
  symbol:   method assertLog(double,double,int)
  location: class org.apache.commons.numbers.complex.ComplexEdgeCaseTest_OE25Dev_numb_left_313_1
[ERROR] Failed to execute goal org.apache.maven.plugins:maven-compiler-plugin:3.8.1:testCompile (default-testCompile) on project commons-numbers-complex: Compilation failure: Compilation failure: 
[ERROR] /home/tasfia/Desktop/OE25-DEV/projects_decomposed/commons-numbers/commons-numbers-complex/src/test/java/org/apache/commons/numbers/complex/ComplexEdgeCaseTest_OE25Dev_numb_left_313_1.java:[463,9] cannot find symbol
[ERROR]   symbol:   method assertLog(double,double,int)
[ERROR]   location: class org.apache.commons.numbers.complex.ComplexEdgeCaseTest_OE25Dev_numb_left_313_1
[ERROR] /home/tasfia/Desktop/OE25-DEV/projects_decomposed/commons-numbers/commons-numbers-complex/src/test/java/org/apache/commons/numbers/complex/ComplexEdgeCaseTest_OE25Dev_numb_left_313_1.java:[464,9] cannot find symbol
[ERROR]   symbol:   method assertLog(double,double,int)
[ERROR]   location: class org.apache.commons.numbers.complex.ComplexEdgeCaseTest_OE25Dev_numb_left_313_1
[ERROR] /home/tasfia/Desktop/OE25-DEV/projects_decomposed/commons-numbers/commons-numbers-complex/src/test/java/org/apache/commons/numbers/complex/ComplexEdgeCaseTest_OE25Dev_numb_left_313_1.java:[465,9] cannot find symbol
[ERROR]   symbol:   method assertLog(double,double,int)
[ERROR]   location: class org.apache.commons.numbers.complex.ComplexEdgeCaseTest_OE25Dev_numb_left_313_1
[ERROR] /home/tasfia/Desktop/OE25-DEV/projects_decomposed/commons-numbers/commons-numbers-complex/src/test/java/org/apache/commons/numbers/complex/ComplexEdgeCaseTest_OE25Dev_numb_left_313_1.java:[466,9] cannot find symbol
[ERROR]   symbol:   method assertLog(double,double,int)
[ERROR]   location: class org.apache.commons.numbers.complex.ComplexEdgeCaseTest_OE25Dev_numb_left_313_1
[ERROR] /home/tasfia/Desktop/OE25-DEV/projects_decomposed/commons-numbers/commons-numbers-complex/src/test/java/org/apache/commons/numbers/complex/ComplexEdgeCaseTest_OE25Dev_numb_left_313_1.java:[472,9] cannot find symbol
[ERROR]   symbol:   method assertLog(double,double,int)
[ERROR]   location: class org.apache.commons.numbers.complex.ComplexEdgeCaseTest_OE25Dev_numb_left_313_1
[ERROR] /home/tasfia/Desktop/OE25-DEV/projects_decomposed/commons-numbers/commons-numbers-complex/src/test/java/org/apache/commons/numbers/complex/ComplexEdgeCaseTest_OE25Dev_numb_left_313_1.java:[473,9] cannot find symbol
[ERROR]   symbol:   method assertLog(double,double,int)
[ERROR]   location: class org.apache.commons.numbers.complex.ComplexEdgeCaseTest_OE25Dev_numb_left_313_1
[ERROR] /home/tasfia/Desktop/OE25-DEV/projects_decomposed/commons-numbers/commons-numbers-complex/src/test/java/org/apache/commons/numbers/complex/ComplexEdgeCaseTest_OE25Dev_numb_left_313_1.java:[474,9] cannot find symbol
[ERROR]   symbol:   method assertLog(double,double,int)
[ERROR]   location: class org.apache.commons.numbers.complex.ComplexEdgeCaseTest_OE25Dev_numb_left_313_1
[ERROR] /home/tasfia/Desktop/OE25-DEV/projects_decomposed/commons-numbers/commons-numbers-complex/src/test/java/org/apache/commons/numbers/complex/ComplexEdgeCaseTest_OE25Dev_numb_left_313_1.java:[475,9] cannot find symbol
[ERROR]   symbol:   method assertLog(double,double,int)
[ERROR]   location: class org.apache.commons.numbers.complex.ComplexEdgeCaseTest_OE25Dev_numb_left_313_1
[ERROR] /home/tasfia/Desktop/OE25-DEV/projects_decomposed/commons-numbers/commons-numbers-complex/src/test/java/org/apache/commons/numbers/complex/ComplexEdgeCaseTest_OE25Dev_numb_left_313_1.java:[476,9] cannot find symbol
[ERROR]   symbol:   method assertLog(double,double,int)
[ERROR]   location: class org.apache.commons.numbers.complex.ComplexEdgeCaseTest_OE25Dev_numb_left_313_1
[ERROR] /home/tasfia/Desktop/OE25-DEV/projects_decomposed/commons-numbers/commons-numbers-complex/src/test/java/org/apache/commons/numbers/complex/ComplexEdgeCaseTest_OE25Dev_numb_left_313_1.java:[477,9] cannot find symbol
[ERROR]   symbol:   method assertLog(double,double,int)
[ERROR]   location: class org.apache.commons.numbers.complex.ComplexEdgeCaseTest_OE25Dev_numb_left_313_1
[ERROR] /home/tasfia/Desktop/OE25-DEV/projects_decomposed/commons-numbers/commons-numbers-complex/src/test/java/org/apache/commons/numbers/complex/ComplexEdgeCaseTest_OE25Dev_numb_left_313_1.java:[479,9] cannot find symbol
[ERROR]   symbol:   method assertLog(double,double,int)
[ERROR]   location: class org.apache.commons.numbers.complex.ComplexEdgeCaseTest_OE25Dev_numb_left_313_1
[ERROR] /home/tasfia/Desktop/OE25-DEV/projects_decomposed/commons-numbers/commons-numbers-complex/src/test/java/org/apache/commons/numbers/complex/ComplexEdgeCaseTest_OE25Dev_numb_left_313_1.java:[484,9] cannot find symbol
[ERROR]   symbol:   method assertLog(double,double,int)
[ERROR]   location: class org.apache.commons.numbers.complex.ComplexEdgeCaseTest_OE25Dev_numb_left_313_1
[ERROR] /home/tasfia/Desktop/OE25-DEV/projects_decomposed/commons-numbers/commons-numbers-complex/src/test/java/org/apache/commons/numbers/complex/ComplexEdgeCaseTest_OE25Dev_numb_left_313_1.java:[486,9] cannot find symbol
[ERROR]   symbol:   method assertLog(double,double,int)
[ERROR]   location: class org.apache.commons.numbers.complex.ComplexEdgeCaseTest_OE25Dev_numb_left_313_1
[ERROR] /home/tasfia/Desktop/OE25-DEV/projects_decomposed/commons-numbers/commons-numbers-complex/src/test/java/org/apache/commons/numbers/complex/ComplexEdgeCaseTest_OE25Dev_numb_left_313_1.java:[490,9] cannot find symbol
[ERROR]   symbol:   method assertLog(double,double,int)
[ERROR]   location: class org.apache.commons.numbers.complex.ComplexEdgeCaseTest_OE25Dev_numb_left_313_1
[ERROR] /home/tasfia/Desktop/OE25-DEV/projects_decomposed/commons-numbers/commons-numbers-complex/src/test/java/org/apache/commons/numbers/complex/ComplexEdgeCaseTest_OE25Dev_numb_left_313_1.java:[499,17] cannot find symbol
[ERROR]   symbol:   method assertLog(double,double,int)
[ERROR]   location: class org.apache.commons.numbers.complex.ComplexEdgeCaseTest_OE25Dev_numb_left_313_1
[ERROR] /home/tasfia/Desktop/OE25-DEV/projects_decomposed/commons-numbers/commons-numbers-complex/src/test/java/org/apache/commons/numbers/complex/ComplexEdgeCaseTest_OE25Dev_numb_left_313_1.java:[507,13] cannot find symbol
[ERROR]   symbol:   method assertLog(double,double,int)
[ERROR]   location: class org.apache.commons.numbers.complex.ComplexEdgeCaseTest_OE25Dev_numb_left_313_1
[ERROR] /home/tasfia/Desktop/OE25-DEV/projects_decomposed/commons-numbers/commons-numbers-complex/src/test/java/org/apache/commons/numbers/complex/ComplexEdgeCaseTest_OE25Dev_numb_left_313_1.java:[513,9] cannot find symbol
[ERROR]   symbol:   method assertLog(double,double,int)
[ERROR]   location: class org.apache.commons.numbers.complex.ComplexEdgeCaseTest_OE25Dev_numb_left_313_1
[ERROR] /home/tasfia/Desktop/OE25-DEV/projects_decomposed/commons-numbers/commons-numbers-complex/src/test/java/org/apache/commons/numbers/complex/ComplexEdgeCaseTest_OE25Dev_numb_left_313_1.java:[514,9] cannot find symbol
[ERROR]   symbol:   method assertLog(double,double,int)
[ERROR]   location: class org.apache.commons.numbers.complex.ComplexEdgeCaseTest_OE25Dev_numb_left_313_1
[ERROR] /home/tasfia/Desktop/OE25-DEV/projects_decomposed/commons-numbers/commons-numbers-complex/src/test/java/org/apache/commons/numbers/complex/ComplexEdgeCaseTest_OE25Dev_numb_left_313_1.java:[516,9] cannot find symbol
[ERROR]   symbol:   method assertLog(double,double,int)
[ERROR]   location: class org.apache.commons.numbers.complex.ComplexEdgeCaseTest_OE25Dev_numb_left_313_1
[ERROR] /home/tasfia/Desktop/OE25-DEV/projects_decomposed/commons-numbers/commons-numbers-complex/src/test/java/org/apache/commons/numbers/complex/ComplexEdgeCaseTest_OE25Dev_numb_left_313_1.java:[517,9] cannot find symbol
[ERROR]   symbol:   method assertLog(double,double,int)
[ERROR]   location: class org.apache.commons.numbers.complex.ComplexEdgeCaseTest_OE25Dev_numb_left_313_1
[ERROR] /home/tasfia/Desktop/OE25-DEV/projects_decomposed/commons-numbers/commons-numbers-complex/src/test/java/org/apache/commons/numbers/complex/ComplexEdgeCaseTest_OE25Dev_numb_left_313_1.java:[526,9] cannot find symbol
[ERROR]   symbol:   method assertLog(double,double,int)
[ERROR]   location: class org.apache.commons.numbers.complex.ComplexEdgeCaseTest_OE25Dev_numb_left_313_1
[ERROR] /home/tasfia/Desktop/OE25-DEV/projects_decomposed/commons-numbers/commons-numbers-complex/src/test/java/org/apache/commons/numbers/complex/ComplexEdgeCaseTest_OE25Dev_numb_left_313_1.java:[527,9] cannot find symbol
[ERROR]   symbol:   method assertLog(double,double,int)
[ERROR]   location: class org.apache.commons.numbers.complex.ComplexEdgeCaseTest_OE25Dev_numb_left_313_1
[ERROR] /home/tasfia/Desktop/OE25-DEV/projects_decomposed/commons-numbers/commons-numbers-complex/src/test/java/org/apache/commons/numbers/complex/ComplexEdgeCaseTest_OE25Dev_numb_left_313_1.java:[528,9] cannot find symbol
[ERROR]   symbol:   method assertLog(double,double,int)
[ERROR]   location: class org.apache.commons.numbers.complex.ComplexEdgeCaseTest_OE25Dev_numb_left_313_1
[ERROR] /home/tasfia/Desktop/OE25-DEV/projects_decomposed/commons-numbers/commons-numbers-complex/src/test/java/org/apache/commons/numbers/complex/ComplexEdgeCaseTest_OE25Dev_numb_left_313_1.java:[529,9] cannot find symbol
[ERROR]   symbol:   method assertLog(double,double,int)
[ERROR]   location: class org.apache.commons.numbers.complex.ComplexEdgeCaseTest_OE25Dev_numb_left_313_1
[ERROR] /home/tasfia/Desktop/OE25-DEV/projects_decomposed/commons-numbers/commons-numbers-complex/src/test/java/org/apache/commons/numbers/complex/ComplexEdgeCaseTest_OE25Dev_numb_left_313_1.java:[531,9] cannot find symbol
[ERROR]   symbol:   method assertLog(double,double,int)
[ERROR]   location: class org.apache.commons.numbers.complex.ComplexEdgeCaseTest_OE25Dev_numb_left_313_1
[ERROR] /home/tasfia/Desktop/OE25-DEV/projects_decomposed/commons-numbers/commons-numbers-complex/src/test/java/org/apache/commons/numbers/complex/ComplexEdgeCaseTest_OE25Dev_numb_left_313_1.java:[532,9] cannot find symbol
[ERROR]   symbol:   method assertLog(double,double,int)
[ERROR]   location: class org.apache.commons.numbers.complex.ComplexEdgeCaseTest_OE25Dev_numb_left_313_1
[ERROR] /home/tasfia/Desktop/OE25-DEV/projects_decomposed/commons-numbers/commons-numbers-complex/src/test/java/org/apache/commons/numbers/complex/ComplexEdgeCaseTest_OE25Dev_numb_left_313_1.java:[533,9] cannot find symbol
[ERROR]   symbol:   method assertLog(double,double,int)
[ERROR]   location: class org.apache.commons.numbers.complex.ComplexEdgeCaseTest_OE25Dev_numb_left_313_1
[ERROR] /home/tasfia/Desktop/OE25-DEV/projects_decomposed/commons-numbers/commons-numbers-complex/src/test/java/org/apache/commons/numbers/complex/ComplexEdgeCaseTest_OE25Dev_numb_left_313_1.java:[534,9] cannot find symbol
[ERROR]   symbol:   method assertLog(double,double,int)
[ERROR]   location: class org.apache.commons.numbers.complex.ComplexEdgeCaseTest_OE25Dev_numb_left_313_1
[ERROR] /home/tasfia/Desktop/OE25-DEV/projects_decomposed/commons-numbers/commons-numbers-complex/src/test/java/org/apache/commons/numbers/complex/ComplexEdgeCaseTest_OE25Dev_numb_left_313_1.java:[535,9] cannot find symbol
[ERROR]   symbol:   method assertLog(double,double,int)
[ERROR]   location: class org.apache.commons.numbers.complex.ComplexEdgeCaseTest_OE25Dev_numb_left_313_1
[ERROR] /home/tasfia/Desktop/OE25-DEV/projects_decomposed/commons-numbers/commons-numbers-complex/src/test/java/org/apache/commons/numbers/complex/ComplexEdgeCaseTest_OE25Dev_numb_left_313_1.java:[536,9] cannot find symbol
[ERROR]   symbol:   method assertLog(double,double,int)
[ERROR]   location: class org.apache.commons.numbers.complex.ComplexEdgeCaseTest_OE25Dev_numb_left_313_1
[ERROR] -> [Help 1]
[ERROR] 
[ERROR] To see the full stack trace of the errors, re-run Maven with the -e switch.
[ERROR] Re-run Maven using the -X switch to enable full debug logging.
[ERROR] 
[ERROR] For more information about the errors and possible solutions, please read the following articles:
[ERROR] [Help 1] http://cwiki.apache.org/confluence/display/MAVEN/MojoFailureException
