[ERROR] COMPILATION ERROR : 
[ERROR] /home/tasfia/Desktop/OE25-DEV/projects_decomposed/commons-numbers/commons-numbers-complex/src/test/java/org/apache/commons/numbers/complex/ComplexTest_OE25Dev_numb_left_187_1.java:[403,9] cannot find symbol
  symbol:   method assertNumberType(int,int,org.apache.commons.numbers.complex.ComplexTest_OE25Dev_numb_left_187_1.NumberType)
  location: class org.apache.commons.numbers.complex.ComplexTest_OE25Dev_numb_left_187_1
[ERROR] /home/tasfia/Desktop/OE25-DEV/projects_decomposed/commons-numbers/commons-numbers-complex/src/test/java/org/apache/commons/numbers/complex/ComplexTest_OE25Dev_numb_left_187_1.java:[404,9] cannot find symbol
  symbol:   method assertNumberType(int,int,org.apache.commons.numbers.complex.ComplexTest_OE25Dev_numb_left_187_1.NumberType)
  location: class org.apache.commons.numbers.complex.ComplexTest_OE25Dev_numb_left_187_1
[ERROR] /home/tasfia/Desktop/OE25-DEV/projects_decomposed/commons-numbers/commons-numbers-complex/src/test/java/org/apache/commons/numbers/complex/ComplexTest_OE25Dev_numb_left_187_1.java:[405,9] cannot find symbol
  symbol:   method assertNumberType(int,int,org.apache.commons.numbers.complex.ComplexTest_OE25Dev_numb_left_187_1.NumberType)
  location: class org.apache.commons.numbers.complex.ComplexTest_OE25Dev_numb_left_187_1
[ERROR] /home/tasfia/Desktop/OE25-DEV/projects_decomposed/commons-numbers/commons-numbers-complex/src/test/java/org/apache/commons/numbers/complex/ComplexTest_OE25Dev_numb_left_187_1.java:[407,9] cannot find symbol
  symbol:   method assertNumberType(double,int,org.apache.commons.numbers.complex.ComplexTest_OE25Dev_numb_left_187_1.NumberType)
  location: class org.apache.commons.numbers.complex.ComplexTest_OE25Dev_numb_left_187_1
[ERROR] /home/tasfia/Desktop/OE25-DEV/projects_decomposed/commons-numbers/commons-numbers-complex/src/test/java/org/apache/commons/numbers/complex/ComplexTest_OE25Dev_numb_left_187_1.java:[408,9] cannot find symbol
  symbol:   method assertNumberType(double,int,org.apache.commons.numbers.complex.ComplexTest_OE25Dev_numb_left_187_1.NumberType)
  location: class org.apache.commons.numbers.complex.ComplexTest_OE25Dev_numb_left_187_1
[ERROR] /home/tasfia/Desktop/OE25-DEV/projects_decomposed/commons-numbers/commons-numbers-complex/src/test/java/org/apache/commons/numbers/complex/ComplexTest_OE25Dev_numb_left_187_1.java:[409,9] cannot find symbol
  symbol:   method assertNumberType(int,double,org.apache.commons.numbers.complex.ComplexTest_OE25Dev_numb_left_187_1.NumberType)
  location: class org.apache.commons.numbers.complex.ComplexTest_OE25Dev_numb_left_187_1
[ERROR] /home/tasfia/Desktop/OE25-DEV/projects_decomposed/commons-numbers/commons-numbers-complex/src/test/java/org/apache/commons/numbers/complex/ComplexTest_OE25Dev_numb_left_187_1.java:[410,9] cannot find symbol
  symbol:   method assertNumberType(int,double,org.apache.commons.numbers.complex.ComplexTest_OE25Dev_numb_left_187_1.NumberType)
  location: class org.apache.commons.numbers.complex.ComplexTest_OE25Dev_numb_left_187_1
[ERROR] /home/tasfia/Desktop/OE25-DEV/projects_decomposed/commons-numbers/commons-numbers-complex/src/test/java/org/apache/commons/numbers/complex/ComplexTest_OE25Dev_numb_left_187_1.java:[414,9] cannot find symbol
  symbol:   method assertNumberType(double,double,org.apache.commons.numbers.complex.ComplexTest_OE25Dev_numb_left_187_1.NumberType)
  location: class org.apache.commons.numbers.complex.ComplexTest_OE25Dev_numb_left_187_1
[ERROR] /home/tasfia/Desktop/OE25-DEV/projects_decomposed/commons-numbers/commons-numbers-complex/src/test/java/org/apache/commons/numbers/complex/ComplexTest_OE25Dev_numb_left_187_1.java:[415,9] cannot find symbol
  symbol:   method assertNumberType(double,double,org.apache.commons.numbers.complex.ComplexTest_OE25Dev_numb_left_187_1.NumberType)
  location: class org.apache.commons.numbers.complex.ComplexTest_OE25Dev_numb_left_187_1
[ERROR] /home/tasfia/Desktop/OE25-DEV/projects_decomposed/commons-numbers/commons-numbers-complex/src/test/java/org/apache/commons/numbers/complex/ComplexTest_OE25Dev_numb_left_187_1.java:[416,9] cannot find symbol
  symbol:   method assertNumberType(double,double,org.apache.commons.numbers.complex.ComplexTest_OE25Dev_numb_left_187_1.NumberType)
  location: class org.apache.commons.numbers.complex.ComplexTest_OE25Dev_numb_left_187_1
[ERROR] /home/tasfia/Desktop/OE25-DEV/projects_decomposed/commons-numbers/commons-numbers-complex/src/test/java/org/apache/commons/numbers/complex/ComplexTest_OE25Dev_numb_left_187_1.java:[417,9] cannot find symbol
  symbol:   method assertNumberType(double,double,org.apache.commons.numbers.complex.ComplexTest_OE25Dev_numb_left_187_1.NumberType)
  location: class org.apache.commons.numbers.complex.ComplexTest_OE25Dev_numb_left_187_1
[ERROR] /home/tasfia/Desktop/OE25-DEV/projects_decomposed/commons-numbers/commons-numbers-complex/src/test/java/org/apache/commons/numbers/complex/ComplexTest_OE25Dev_numb_left_187_1.java:[419,9] cannot find symbol
  symbol:   method assertNumberType(double,int,org.apache.commons.numbers.complex.ComplexTest_OE25Dev_numb_left_187_1.NumberType)
  location: class org.apache.commons.numbers.complex.ComplexTest_OE25Dev_numb_left_187_1
[ERROR] /home/tasfia/Desktop/OE25-DEV/projects_decomposed/commons-numbers/commons-numbers-complex/src/test/java/org/apache/commons/numbers/complex/ComplexTest_OE25Dev_numb_left_187_1.java:[420,9] cannot find symbol
  symbol:   method assertNumberType(int,double,org.apache.commons.numbers.complex.ComplexTest_OE25Dev_numb_left_187_1.NumberType)
  location: class org.apache.commons.numbers.complex.ComplexTest_OE25Dev_numb_left_187_1
[ERROR] /home/tasfia/Desktop/OE25-DEV/projects_decomposed/commons-numbers/commons-numbers-complex/src/test/java/org/apache/commons/numbers/complex/ComplexTest_OE25Dev_numb_left_187_1.java:[421,9] cannot find symbol
  symbol:   method assertNumberType(double,double,org.apache.commons.numbers.complex.ComplexTest_OE25Dev_numb_left_187_1.NumberType)
  location: class org.apache.commons.numbers.complex.ComplexTest_OE25Dev_numb_left_187_1
[ERROR] Failed to execute goal org.apache.maven.plugins:maven-compiler-plugin:3.8.1:testCompile (default-testCompile) on project commons-numbers-complex: Compilation failure: Compilation failure: 
[ERROR] /home/tasfia/Desktop/OE25-DEV/projects_decomposed/commons-numbers/commons-numbers-complex/src/test/java/org/apache/commons/numbers/complex/ComplexTest_OE25Dev_numb_left_187_1.java:[403,9] cannot find symbol
[ERROR]   symbol:   method assertNumberType(int,int,org.apache.commons.numbers.complex.ComplexTest_OE25Dev_numb_left_187_1.NumberType)
[ERROR]   location: class org.apache.commons.numbers.complex.ComplexTest_OE25Dev_numb_left_187_1
[ERROR] /home/tasfia/Desktop/OE25-DEV/projects_decomposed/commons-numbers/commons-numbers-complex/src/test/java/org/apache/commons/numbers/complex/ComplexTest_OE25Dev_numb_left_187_1.java:[404,9] cannot find symbol
[ERROR]   symbol:   method assertNumberType(int,int,org.apache.commons.numbers.complex.ComplexTest_OE25Dev_numb_left_187_1.NumberType)
[ERROR]   location: class org.apache.commons.numbers.complex.ComplexTest_OE25Dev_numb_left_187_1
[ERROR] /home/tasfia/Desktop/OE25-DEV/projects_decomposed/commons-numbers/commons-numbers-complex/src/test/java/org/apache/commons/numbers/complex/ComplexTest_OE25Dev_numb_left_187_1.java:[405,9] cannot find symbol
[ERROR]   symbol:   method assertNumberType(int,int,org.apache.commons.numbers.complex.ComplexTest_OE25Dev_numb_left_187_1.NumberType)
[ERROR]   location: class org.apache.commons.numbers.complex.ComplexTest_OE25Dev_numb_left_187_1
[ERROR] /home/tasfia/Desktop/OE25-DEV/projects_decomposed/commons-numbers/commons-numbers-complex/src/test/java/org/apache/commons/numbers/complex/ComplexTest_OE25Dev_numb_left_187_1.java:[407,9] cannot find symbol
[ERROR]   symbol:   method assertNumberType(double,int,org.apache.commons.numbers.complex.ComplexTest_OE25Dev_numb_left_187_1.NumberType)
[ERROR]   location: class org.apache.commons.numbers.complex.ComplexTest_OE25Dev_numb_left_187_1
[ERROR] /home/tasfia/Desktop/OE25-DEV/projects_decomposed/commons-numbers/commons-numbers-complex/src/test/java/org/apache/commons/numbers/complex/ComplexTest_OE25Dev_numb_left_187_1.java:[408,9] cannot find symbol
[ERROR]   symbol:   method assertNumberType(double,int,org.apache.commons.numbers.complex.ComplexTest_OE25Dev_numb_left_187_1.NumberType)
[ERROR]   location: class org.apache.commons.numbers.complex.ComplexTest_OE25Dev_numb_left_187_1
[ERROR] /home/tasfia/Desktop/OE25-DEV/projects_decomposed/commons-numbers/commons-numbers-complex/src/test/java/org/apache/commons/numbers/complex/ComplexTest_OE25Dev_numb_left_187_1.java:[409,9] cannot find symbol
[ERROR]   symbol:   method assertNumberType(int,double,org.apache.commons.numbers.complex.ComplexTest_OE25Dev_numb_left_187_1.NumberType)
[ERROR]   location: class org.apache.commons.numbers.complex.ComplexTest_OE25Dev_numb_left_187_1
[ERROR] /home/tasfia/Desktop/OE25-DEV/projects_decomposed/commons-numbers/commons-numbers-complex/src/test/java/org/apache/commons/numbers/complex/ComplexTest_OE25Dev_numb_left_187_1.java:[410,9] cannot find symbol
[ERROR]   symbol:   method assertNumberType(int,double,org.apache.commons.numbers.complex.ComplexTest_OE25Dev_numb_left_187_1.NumberType)
[ERROR]   location: class org.apache.commons.numbers.complex.ComplexTest_OE25Dev_numb_left_187_1
[ERROR] /home/tasfia/Desktop/OE25-DEV/projects_decomposed/commons-numbers/commons-numbers-complex/src/test/java/org/apache/commons/numbers/complex/ComplexTest_OE25Dev_numb_left_187_1.java:[414,9] cannot find symbol
[ERROR]   symbol:   method assertNumberType(double,double,org.apache.commons.numbers.complex.ComplexTest_OE25Dev_numb_left_187_1.NumberType)
[ERROR]   location: class org.apache.commons.numbers.complex.ComplexTest_OE25Dev_numb_left_187_1
[ERROR] /home/tasfia/Desktop/OE25-DEV/projects_decomposed/commons-numbers/commons-numbers-complex/src/test/java/org/apache/commons/numbers/complex/ComplexTest_OE25Dev_numb_left_187_1.java:[415,9] cannot find symbol
[ERROR]   symbol:   method assertNumberType(double,double,org.apache.commons.numbers.complex.ComplexTest_OE25Dev_numb_left_187_1.NumberType)
[ERROR]   location: class org.apache.commons.numbers.complex.ComplexTest_OE25Dev_numb_left_187_1
[ERROR] /home/tasfia/Desktop/OE25-DEV/projects_decomposed/commons-numbers/commons-numbers-complex/src/test/java/org/apache/commons/numbers/complex/ComplexTest_OE25Dev_numb_left_187_1.java:[416,9] cannot find symbol
[ERROR]   symbol:   method assertNumberType(double,double,org.apache.commons.numbers.complex.ComplexTest_OE25Dev_numb_left_187_1.NumberType)
[ERROR]   location: class org.apache.commons.numbers.complex.ComplexTest_OE25Dev_numb_left_187_1
[ERROR] /home/tasfia/Desktop/OE25-DEV/projects_decomposed/commons-numbers/commons-numbers-complex/src/test/java/org/apache/commons/numbers/complex/ComplexTest_OE25Dev_numb_left_187_1.java:[417,9] cannot find symbol
[ERROR]   symbol:   method assertNumberType(double,double,org.apache.commons.numbers.complex.ComplexTest_OE25Dev_numb_left_187_1.NumberType)
[ERROR]   location: class org.apache.commons.numbers.complex.ComplexTest_OE25Dev_numb_left_187_1
[ERROR] /home/tasfia/Desktop/OE25-DEV/projects_decomposed/commons-numbers/commons-numbers-complex/src/test/java/org/apache/commons/numbers/complex/ComplexTest_OE25Dev_numb_left_187_1.java:[419,9] cannot find symbol
[ERROR]   symbol:   method assertNumberType(double,int,org.apache.commons.numbers.complex.ComplexTest_OE25Dev_numb_left_187_1.NumberType)
[ERROR]   location: class org.apache.commons.numbers.complex.ComplexTest_OE25Dev_numb_left_187_1
[ERROR] /home/tasfia/Desktop/OE25-DEV/projects_decomposed/commons-numbers/commons-numbers-complex/src/test/java/org/apache/commons/numbers/complex/ComplexTest_OE25Dev_numb_left_187_1.java:[420,9] cannot find symbol
[ERROR]   symbol:   method assertNumberType(int,double,org.apache.commons.numbers.complex.ComplexTest_OE25Dev_numb_left_187_1.NumberType)
[ERROR]   location: class org.apache.commons.numbers.complex.ComplexTest_OE25Dev_numb_left_187_1
[ERROR] /home/tasfia/Desktop/OE25-DEV/projects_decomposed/commons-numbers/commons-numbers-complex/src/test/java/org/apache/commons/numbers/complex/ComplexTest_OE25Dev_numb_left_187_1.java:[421,9] cannot find symbol
[ERROR]   symbol:   method assertNumberType(double,double,org.apache.commons.numbers.complex.ComplexTest_OE25Dev_numb_left_187_1.NumberType)
[ERROR]   location: class org.apache.commons.numbers.complex.ComplexTest_OE25Dev_numb_left_187_1
[ERROR] -> [Help 1]
[ERROR] 
[ERROR] To see the full stack trace of the errors, re-run Maven with the -e switch.
[ERROR] Re-run Maven using the -X switch to enable full debug logging.
[ERROR] 
[ERROR] For more information about the errors and possible solutions, please read the following articles:
[ERROR] [Help 1] http://cwiki.apache.org/confluence/display/MAVEN/MojoFailureException
