[ERROR] COMPILATION ERROR : 
[ERROR] /home/tasfia/Desktop/OE25-DEV/projects_decomposed/commons-numbers/commons-numbers-core/src/test/java/org/apache/commons/numbers/core/ExtendedPrecisionTest_OE25Dev_numb_left_642_1.java:[59,9] cannot find symbol
  symbol:   method assertProductLow(double,double,double)
  location: class org.apache.commons.numbers.core.ExtendedPrecisionTest_OE25Dev_numb_left_642_1
[ERROR] /home/tasfia/Desktop/OE25-DEV/projects_decomposed/commons-numbers/commons-numbers-core/src/test/java/org/apache/commons/numbers/core/ExtendedPrecisionTest_OE25Dev_numb_left_642_1.java:[60,9] cannot find symbol
  symbol:   method assertProductLow(double,double,double)
  location: class org.apache.commons.numbers.core.ExtendedPrecisionTest_OE25Dev_numb_left_642_1
[ERROR] /home/tasfia/Desktop/OE25-DEV/projects_decomposed/commons-numbers/commons-numbers-core/src/test/java/org/apache/commons/numbers/core/ExtendedPrecisionTest_OE25Dev_numb_left_642_1.java:[61,9] cannot find symbol
  symbol:   method assertProductLow(double,double,double)
  location: class org.apache.commons.numbers.core.ExtendedPrecisionTest_OE25Dev_numb_left_642_1
[ERROR] /home/tasfia/Desktop/OE25-DEV/projects_decomposed/commons-numbers/commons-numbers-core/src/test/java/org/apache/commons/numbers/core/ExtendedPrecisionTest_OE25Dev_numb_left_642_1.java:[62,9] cannot find symbol
  symbol:   method assertProductLow(double,double,double)
  location: class org.apache.commons.numbers.core.ExtendedPrecisionTest_OE25Dev_numb_left_642_1
[ERROR] /home/tasfia/Desktop/OE25-DEV/projects_decomposed/commons-numbers/commons-numbers-core/src/test/java/org/apache/commons/numbers/core/ExtendedPrecisionTest_OE25Dev_numb_left_642_1.java:[63,9] cannot find symbol
  symbol:   method assertProductLow(double,double,double)
  location: class org.apache.commons.numbers.core.ExtendedPrecisionTest_OE25Dev_numb_left_642_1
[ERROR] /home/tasfia/Desktop/OE25-DEV/projects_decomposed/commons-numbers/commons-numbers-core/src/test/java/org/apache/commons/numbers/core/ExtendedPrecisionTest_OE25Dev_numb_left_642_1.java:[64,9] cannot find symbol
  symbol:   method assertProductLow(double,double,double)
  location: class org.apache.commons.numbers.core.ExtendedPrecisionTest_OE25Dev_numb_left_642_1
[ERROR] /home/tasfia/Desktop/OE25-DEV/projects_decomposed/commons-numbers/commons-numbers-core/src/test/java/org/apache/commons/numbers/core/ExtendedPrecisionTest_OE25Dev_numb_left_642_1.java:[65,9] cannot find symbol
  symbol:   method assertProductLow(double,double,double)
  location: class org.apache.commons.numbers.core.ExtendedPrecisionTest_OE25Dev_numb_left_642_1
[ERROR] Failed to execute goal org.apache.maven.plugins:maven-compiler-plugin:3.8.1:testCompile (default-testCompile) on project commons-numbers-core: Compilation failure: Compilation failure: 
[ERROR] /home/tasfia/Desktop/OE25-DEV/projects_decomposed/commons-numbers/commons-numbers-core/src/test/java/org/apache/commons/numbers/core/ExtendedPrecisionTest_OE25Dev_numb_left_642_1.java:[59,9] cannot find symbol
[ERROR]   symbol:   method assertProductLow(double,double,double)
[ERROR]   location: class org.apache.commons.numbers.core.ExtendedPrecisionTest_OE25Dev_numb_left_642_1
[ERROR] /home/tasfia/Desktop/OE25-DEV/projects_decomposed/commons-numbers/commons-numbers-core/src/test/java/org/apache/commons/numbers/core/ExtendedPrecisionTest_OE25Dev_numb_left_642_1.java:[60,9] cannot find symbol
[ERROR]   symbol:   method assertProductLow(double,double,double)
[ERROR]   location: class org.apache.commons.numbers.core.ExtendedPrecisionTest_OE25Dev_numb_left_642_1
[ERROR] /home/tasfia/Desktop/OE25-DEV/projects_decomposed/commons-numbers/commons-numbers-core/src/test/java/org/apache/commons/numbers/core/ExtendedPrecisionTest_OE25Dev_numb_left_642_1.java:[61,9] cannot find symbol
[ERROR]   symbol:   method assertProductLow(double,double,double)
[ERROR]   location: class org.apache.commons.numbers.core.ExtendedPrecisionTest_OE25Dev_numb_left_642_1
[ERROR] /home/tasfia/Desktop/OE25-DEV/projects_decomposed/commons-numbers/commons-numbers-core/src/test/java/org/apache/commons/numbers/core/ExtendedPrecisionTest_OE25Dev_numb_left_642_1.java:[62,9] cannot find symbol
[ERROR]   symbol:   method assertProductLow(double,double,double)
[ERROR]   location: class org.apache.commons.numbers.core.ExtendedPrecisionTest_OE25Dev_numb_left_642_1
[ERROR] /home/tasfia/Desktop/OE25-DEV/projects_decomposed/commons-numbers/commons-numbers-core/src/test/java/org/apache/commons/numbers/core/ExtendedPrecisionTest_OE25Dev_numb_left_642_1.java:[63,9] cannot find symbol
[ERROR]   symbol:   method assertProductLow(double,double,double)
[ERROR]   location: class org.apache.commons.numbers.core.ExtendedPrecisionTest_OE25Dev_numb_left_642_1
[ERROR] /home/tasfia/Desktop/OE25-DEV/projects_decomposed/commons-numbers/commons-numbers-core/src/test/java/org/apache/commons/numbers/core/ExtendedPrecisionTest_OE25Dev_numb_left_642_1.java:[64,9] cannot find symbol
[ERROR]   symbol:   method assertProductLow(double,double,double)
[ERROR]   location: class org.apache.commons.numbers.core.ExtendedPrecisionTest_OE25Dev_numb_left_642_1
[ERROR] /home/tasfia/Desktop/OE25-DEV/projects_decomposed/commons-numbers/commons-numbers-core/src/test/java/org/apache/commons/numbers/core/ExtendedPrecisionTest_OE25Dev_numb_left_642_1.java:[65,9] cannot find symbol
[ERROR]   symbol:   method assertProductLow(double,double,double)
[ERROR]   location: class org.apache.commons.numbers.core.ExtendedPrecisionTest_OE25Dev_numb_left_642_1
[ERROR] -> [Help 1]
[ERROR] 
[ERROR] To see the full stack trace of the errors, re-run Maven with the -e switch.
[ERROR] Re-run Maven using the -X switch to enable full debug logging.
[ERROR] 
[ERROR] For more information about the errors and possible solutions, please read the following articles:
[ERROR] [Help 1] http://cwiki.apache.org/confluence/display/MAVEN/MojoFailureException
