[ERROR] COMPILATION ERROR : 
[ERROR] /home/tasfia/Desktop/OE25-DEV/projects_decomposed/commons-numbers/commons-numbers-combinatorics/src/test/java/org/apache/commons/numbers/combinatorics/CombinationsTest_OE25Dev_numb_left_74_3.java:[46,9] cannot find symbol
  symbol:   method checkLexicographicIterator(int,int)
  location: class org.apache.commons.numbers.combinatorics.CombinationsTest_OE25Dev_numb_left_74_3
[ERROR] /home/tasfia/Desktop/OE25-DEV/projects_decomposed/commons-numbers/commons-numbers-combinatorics/src/test/java/org/apache/commons/numbers/combinatorics/CombinationsTest_OE25Dev_numb_left_74_3.java:[47,9] cannot find symbol
  symbol:   method checkLexicographicIterator(int,int)
  location: class org.apache.commons.numbers.combinatorics.CombinationsTest_OE25Dev_numb_left_74_3
[ERROR] /home/tasfia/Desktop/OE25-DEV/projects_decomposed/commons-numbers/commons-numbers-combinatorics/src/test/java/org/apache/commons/numbers/combinatorics/CombinationsTest_OE25Dev_numb_left_74_3.java:[48,9] cannot find symbol
  symbol:   method checkLexicographicIterator(int,int)
  location: class org.apache.commons.numbers.combinatorics.CombinationsTest_OE25Dev_numb_left_74_3
[ERROR] /home/tasfia/Desktop/OE25-DEV/projects_decomposed/commons-numbers/commons-numbers-combinatorics/src/test/java/org/apache/commons/numbers/combinatorics/CombinationsTest_OE25Dev_numb_left_74_3.java:[49,9] cannot find symbol
  symbol:   method checkLexicographicIterator(int,int)
  location: class org.apache.commons.numbers.combinatorics.CombinationsTest_OE25Dev_numb_left_74_3
[ERROR] /home/tasfia/Desktop/OE25-DEV/projects_decomposed/commons-numbers/commons-numbers-combinatorics/src/test/java/org/apache/commons/numbers/combinatorics/CombinationsTest_OE25Dev_numb_left_74_3.java:[50,9] cannot find symbol
  symbol:   method checkLexicographicIterator(int,int)
  location: class org.apache.commons.numbers.combinatorics.CombinationsTest_OE25Dev_numb_left_74_3
[ERROR] /home/tasfia/Desktop/OE25-DEV/projects_decomposed/commons-numbers/commons-numbers-combinatorics/src/test/java/org/apache/commons/numbers/combinatorics/CombinationsTest_OE25Dev_numb_left_74_3.java:[51,9] cannot find symbol
  symbol:   method checkLexicographicIterator(int,int)
  location: class org.apache.commons.numbers.combinatorics.CombinationsTest_OE25Dev_numb_left_74_3
[ERROR] /home/tasfia/Desktop/OE25-DEV/projects_decomposed/commons-numbers/commons-numbers-combinatorics/src/test/java/org/apache/commons/numbers/combinatorics/CombinationsTest_OE25Dev_numb_left_74_3.java:[52,9] cannot find symbol
  symbol:   method checkLexicographicIterator(int,int)
  location: class org.apache.commons.numbers.combinatorics.CombinationsTest_OE25Dev_numb_left_74_3
[ERROR] /home/tasfia/Desktop/OE25-DEV/projects_decomposed/commons-numbers/commons-numbers-combinatorics/src/test/java/org/apache/commons/numbers/combinatorics/CombinationsTest_OE25Dev_numb_left_74_3.java:[53,9] cannot find symbol
  symbol:   method checkLexicographicIterator(int,int)
  location: class org.apache.commons.numbers.combinatorics.CombinationsTest_OE25Dev_numb_left_74_3
[ERROR] /home/tasfia/Desktop/OE25-DEV/projects_decomposed/commons-numbers/commons-numbers-combinatorics/src/test/java/org/apache/commons/numbers/combinatorics/CombinationsTest_OE25Dev_numb_left_74_3.java:[54,9] cannot find symbol
  symbol:   method checkLexicographicIterator(int,int)
  location: class org.apache.commons.numbers.combinatorics.CombinationsTest_OE25Dev_numb_left_74_3
[ERROR] /home/tasfia/Desktop/OE25-DEV/projects_decomposed/commons-numbers/commons-numbers-combinatorics/src/test/java/org/apache/commons/numbers/combinatorics/CombinationsTest_OE25Dev_numb_left_74_3.java:[55,9] cannot find symbol
  symbol:   method checkLexicographicIterator(int,int)
  location: class org.apache.commons.numbers.combinatorics.CombinationsTest_OE25Dev_numb_left_74_3
[ERROR] /home/tasfia/Desktop/OE25-DEV/projects_decomposed/commons-numbers/commons-numbers-combinatorics/src/test/java/org/apache/commons/numbers/combinatorics/CombinationsTest_OE25Dev_numb_left_74_3.java:[56,9] cannot find symbol
  symbol:   method checkLexicographicIterator(int,int)
  location: class org.apache.commons.numbers.combinatorics.CombinationsTest_OE25Dev_numb_left_74_3
[ERROR] Failed to execute goal org.apache.maven.plugins:maven-compiler-plugin:3.8.1:testCompile (default-testCompile) on project commons-numbers-combinatorics: Compilation failure: Compilation failure: 
[ERROR] /home/tasfia/Desktop/OE25-DEV/projects_decomposed/commons-numbers/commons-numbers-combinatorics/src/test/java/org/apache/commons/numbers/combinatorics/CombinationsTest_OE25Dev_numb_left_74_3.java:[46,9] cannot find symbol
[ERROR]   symbol:   method checkLexicographicIterator(int,int)
[ERROR]   location: class org.apache.commons.numbers.combinatorics.CombinationsTest_OE25Dev_numb_left_74_3
[ERROR] /home/tasfia/Desktop/OE25-DEV/projects_decomposed/commons-numbers/commons-numbers-combinatorics/src/test/java/org/apache/commons/numbers/combinatorics/CombinationsTest_OE25Dev_numb_left_74_3.java:[47,9] cannot find symbol
[ERROR]   symbol:   method checkLexicographicIterator(int,int)
[ERROR]   location: class org.apache.commons.numbers.combinatorics.CombinationsTest_OE25Dev_numb_left_74_3
[ERROR] /home/tasfia/Desktop/OE25-DEV/projects_decomposed/commons-numbers/commons-numbers-combinatorics/src/test/java/org/apache/commons/numbers/combinatorics/CombinationsTest_OE25Dev_numb_left_74_3.java:[48,9] cannot find symbol
[ERROR]   symbol:   method checkLexicographicIterator(int,int)
[ERROR]   location: class org.apache.commons.numbers.combinatorics.CombinationsTest_OE25Dev_numb_left_74_3
[ERROR] /home/tasfia/Desktop/OE25-DEV/projects_decomposed/commons-numbers/commons-numbers-combinatorics/src/test/java/org/apache/commons/numbers/combinatorics/CombinationsTest_OE25Dev_numb_left_74_3.java:[49,9] cannot find symbol
[ERROR]   symbol:   method checkLexicographicIterator(int,int)
[ERROR]   location: class org.apache.commons.numbers.combinatorics.CombinationsTest_OE25Dev_numb_left_74_3
[ERROR] /home/tasfia/Desktop/OE25-DEV/projects_decomposed/commons-numbers/commons-numbers-combinatorics/src/test/java/org/apache/commons/numbers/combinatorics/CombinationsTest_OE25Dev_numb_left_74_3.java:[50,9] cannot find symbol
[ERROR]   symbol:   method checkLexicographicIterator(int,int)
[ERROR]   location: class org.apache.commons.numbers.combinatorics.CombinationsTest_OE25Dev_numb_left_74_3
[ERROR] /home/tasfia/Desktop/OE25-DEV/projects_decomposed/commons-numbers/commons-numbers-combinatorics/src/test/java/org/apache/commons/numbers/combinatorics/CombinationsTest_OE25Dev_numb_left_74_3.java:[51,9] cannot find symbol
[ERROR]   symbol:   method checkLexicographicIterator(int,int)
[ERROR]   location: class org.apache.commons.numbers.combinatorics.CombinationsTest_OE25Dev_numb_left_74_3
[ERROR] /home/tasfia/Desktop/OE25-DEV/projects_decomposed/commons-numbers/commons-numbers-combinatorics/src/test/java/org/apache/commons/numbers/combinatorics/CombinationsTest_OE25Dev_numb_left_74_3.java:[52,9] cannot find symbol
[ERROR]   symbol:   method checkLexicographicIterator(int,int)
[ERROR]   location: class org.apache.commons.numbers.combinatorics.CombinationsTest_OE25Dev_numb_left_74_3
[ERROR] /home/tasfia/Desktop/OE25-DEV/projects_decomposed/commons-numbers/commons-numbers-combinatorics/src/test/java/org/apache/commons/numbers/combinatorics/CombinationsTest_OE25Dev_numb_left_74_3.java:[53,9] cannot find symbol
[ERROR]   symbol:   method checkLexicographicIterator(int,int)
[ERROR]   location: class org.apache.commons.numbers.combinatorics.CombinationsTest_OE25Dev_numb_left_74_3
[ERROR] /home/tasfia/Desktop/OE25-DEV/projects_decomposed/commons-numbers/commons-numbers-combinatorics/src/test/java/org/apache/commons/numbers/combinatorics/CombinationsTest_OE25Dev_numb_left_74_3.java:[54,9] cannot find symbol
[ERROR]   symbol:   method checkLexicographicIterator(int,int)
[ERROR]   location: class org.apache.commons.numbers.combinatorics.CombinationsTest_OE25Dev_numb_left_74_3
[ERROR] /home/tasfia/Desktop/OE25-DEV/projects_decomposed/commons-numbers/commons-numbers-combinatorics/src/test/java/org/apache/commons/numbers/combinatorics/CombinationsTest_OE25Dev_numb_left_74_3.java:[55,9] cannot find symbol
[ERROR]   symbol:   method checkLexicographicIterator(int,int)
[ERROR]   location: class org.apache.commons.numbers.combinatorics.CombinationsTest_OE25Dev_numb_left_74_3
[ERROR] /home/tasfia/Desktop/OE25-DEV/projects_decomposed/commons-numbers/commons-numbers-combinatorics/src/test/java/org/apache/commons/numbers/combinatorics/CombinationsTest_OE25Dev_numb_left_74_3.java:[56,9] cannot find symbol
[ERROR]   symbol:   method checkLexicographicIterator(int,int)
[ERROR]   location: class org.apache.commons.numbers.combinatorics.CombinationsTest_OE25Dev_numb_left_74_3
[ERROR] -> [Help 1]
[ERROR] 
[ERROR] To see the full stack trace of the errors, re-run Maven with the -e switch.
[ERROR] Re-run Maven using the -X switch to enable full debug logging.
[ERROR] 
[ERROR] For more information about the errors and possible solutions, please read the following articles:
[ERROR] [Help 1] http://cwiki.apache.org/confluence/display/MAVEN/MojoFailureException
