[ERROR] COMPILATION ERROR : 
[ERROR] /home/tasfia/Desktop/OE25-DEV/projects_decomposed/commons-numbers/commons-numbers-core/src/test/java/org/apache/commons/numbers/core/TestUtils_OE25Dev_numb_left_300_2.java:[61,62] cannot find symbol
  symbol:   class TestDataFlagOption
  location: class org.apache.commons.numbers.core.TestUtils_OE25Dev_numb_left_300_2
[ERROR] /home/tasfia/Desktop/OE25-DEV/projects_decomposed/commons-numbers/commons-numbers-core/src/test/java/org/apache/commons/numbers/core/TestUtils_OE25Dev_numb_left_300_2.java:[62,13] cannot find symbol
  symbol:   class Consumer
  location: class org.apache.commons.numbers.core.TestUtils_OE25Dev_numb_left_300_2
[ERROR] /home/tasfia/Desktop/OE25-DEV/projects_decomposed/commons-numbers/commons-numbers-core/src/test/java/org/apache/commons/numbers/core/TestUtils_OE25Dev_numb_left_300_2.java:[61,15] cannot find symbol
  symbol:   class List
  location: class org.apache.commons.numbers.core.TestUtils_OE25Dev_numb_left_300_2
[ERROR] /home/tasfia/Desktop/OE25-DEV/projects_decomposed/commons-numbers/commons-numbers-core/src/test/java/org/apache/commons/numbers/core/TestUtils_OE25Dev_numb_left_300_2.java:[61,20] cannot find symbol
  symbol:   class Complex
  location: class org.apache.commons.numbers.core.TestUtils_OE25Dev_numb_left_300_2
[ERROR] /home/tasfia/Desktop/OE25-DEV/projects_decomposed/commons-numbers/commons-numbers-core/src/test/java/org/apache/commons/numbers/core/TestUtils_OE25Dev_numb_left_300_2.java:[63,15] cannot find symbol
  symbol:   class List
  location: class org.apache.commons.numbers.core.TestUtils_OE25Dev_numb_left_300_2
[ERROR] /home/tasfia/Desktop/OE25-DEV/projects_decomposed/commons-numbers/commons-numbers-core/src/test/java/org/apache/commons/numbers/core/TestUtils_OE25Dev_numb_left_300_2.java:[63,20] cannot find symbol
  symbol:   class Complex
  location: class org.apache.commons.numbers.core.TestUtils_OE25Dev_numb_left_300_2
[ERROR] /home/tasfia/Desktop/OE25-DEV/projects_decomposed/commons-numbers/commons-numbers-core/src/test/java/org/apache/commons/numbers/core/TestUtils_OE25Dev_numb_left_300_2.java:[63,42] cannot find symbol
  symbol:   class ArrayList
  location: class org.apache.commons.numbers.core.TestUtils_OE25Dev_numb_left_300_2
[ERROR] /home/tasfia/Desktop/OE25-DEV/projects_decomposed/commons-numbers/commons-numbers-core/src/test/java/org/apache/commons/numbers/core/TestUtils_OE25Dev_numb_left_300_2.java:[64,14] cannot find symbol
  symbol:   class BufferedReader
  location: class org.apache.commons.numbers.core.TestUtils_OE25Dev_numb_left_300_2
[ERROR] /home/tasfia/Desktop/OE25-DEV/projects_decomposed/commons-numbers/commons-numbers-core/src/test/java/org/apache/commons/numbers/core/TestUtils_OE25Dev_numb_left_300_2.java:[64,41] cannot find symbol
  symbol:   class BufferedReader
  location: class org.apache.commons.numbers.core.TestUtils_OE25Dev_numb_left_300_2
[ERROR] /home/tasfia/Desktop/OE25-DEV/projects_decomposed/commons-numbers/commons-numbers-core/src/test/java/org/apache/commons/numbers/core/TestUtils_OE25Dev_numb_left_300_2.java:[65,21] cannot find symbol
  symbol:   class InputStreamReader
  location: class org.apache.commons.numbers.core.TestUtils_OE25Dev_numb_left_300_2
[ERROR] /home/tasfia/Desktop/OE25-DEV/projects_decomposed/commons-numbers/commons-numbers-core/src/test/java/org/apache/commons/numbers/core/TestUtils_OE25Dev_numb_left_300_2.java:[75,23] cannot find symbol
  symbol:   class Complex
  location: class org.apache.commons.numbers.core.TestUtils_OE25Dev_numb_left_300_2
[ERROR] /home/tasfia/Desktop/OE25-DEV/projects_decomposed/commons-numbers/commons-numbers-core/src/test/java/org/apache/commons/numbers/core/TestUtils_OE25Dev_numb_left_300_2.java:[75,47] cannot find symbol
  symbol:   class Complex
  location: class org.apache.commons.numbers.core.TestUtils_OE25Dev_numb_left_300_2
[ERROR] /home/tasfia/Desktop/OE25-DEV/projects_decomposed/commons-numbers/commons-numbers-core/src/test/java/org/apache/commons/numbers/core/TestUtils_OE25Dev_numb_left_300_2.java:[79,38] cannot find symbol
  symbol:   variable Complex
  location: class org.apache.commons.numbers.core.TestUtils_OE25Dev_numb_left_300_2
[ERROR] /home/tasfia/Desktop/OE25-DEV/projects_decomposed/commons-numbers/commons-numbers-core/src/test/java/org/apache/commons/numbers/core/TestUtils_OE25Dev_numb_left_300_2.java:[84,13] cannot find symbol
  symbol:   variable Assertions
  location: class org.apache.commons.numbers.core.TestUtils_OE25Dev_numb_left_300_2
[ERROR] Failed to execute goal org.apache.maven.plugins:maven-compiler-plugin:3.8.1:testCompile (default-testCompile) on project commons-numbers-core: Compilation failure: Compilation failure: 
[ERROR] /home/tasfia/Desktop/OE25-DEV/projects_decomposed/commons-numbers/commons-numbers-core/src/test/java/org/apache/commons/numbers/core/TestUtils_OE25Dev_numb_left_300_2.java:[61,62] cannot find symbol
[ERROR]   symbol:   class TestDataFlagOption
[ERROR]   location: class org.apache.commons.numbers.core.TestUtils_OE25Dev_numb_left_300_2
[ERROR] /home/tasfia/Desktop/OE25-DEV/projects_decomposed/commons-numbers/commons-numbers-core/src/test/java/org/apache/commons/numbers/core/TestUtils_OE25Dev_numb_left_300_2.java:[62,13] cannot find symbol
[ERROR]   symbol:   class Consumer
[ERROR]   location: class org.apache.commons.numbers.core.TestUtils_OE25Dev_numb_left_300_2
[ERROR] /home/tasfia/Desktop/OE25-DEV/projects_decomposed/commons-numbers/commons-numbers-core/src/test/java/org/apache/commons/numbers/core/TestUtils_OE25Dev_numb_left_300_2.java:[61,15] cannot find symbol
[ERROR]   symbol:   class List
[ERROR]   location: class org.apache.commons.numbers.core.TestUtils_OE25Dev_numb_left_300_2
[ERROR] /home/tasfia/Desktop/OE25-DEV/projects_decomposed/commons-numbers/commons-numbers-core/src/test/java/org/apache/commons/numbers/core/TestUtils_OE25Dev_numb_left_300_2.java:[61,20] cannot find symbol
[ERROR]   symbol:   class Complex
[ERROR]   location: class org.apache.commons.numbers.core.TestUtils_OE25Dev_numb_left_300_2
[ERROR] /home/tasfia/Desktop/OE25-DEV/projects_decomposed/commons-numbers/commons-numbers-core/src/test/java/org/apache/commons/numbers/core/TestUtils_OE25Dev_numb_left_300_2.java:[63,15] cannot find symbol
[ERROR]   symbol:   class List
[ERROR]   location: class org.apache.commons.numbers.core.TestUtils_OE25Dev_numb_left_300_2
[ERROR] /home/tasfia/Desktop/OE25-DEV/projects_decomposed/commons-numbers/commons-numbers-core/src/test/java/org/apache/commons/numbers/core/TestUtils_OE25Dev_numb_left_300_2.java:[63,20] cannot find symbol
[ERROR]   symbol:   class Complex
[ERROR]   location: class org.apache.commons.numbers.core.TestUtils_OE25Dev_numb_left_300_2
[ERROR] /home/tasfia/Desktop/OE25-DEV/projects_decomposed/commons-numbers/commons-numbers-core/src/test/java/org/apache/commons/numbers/core/TestUtils_OE25Dev_numb_left_300_2.java:[63,42] cannot find symbol
[ERROR]   symbol:   class ArrayList
[ERROR]   location: class org.apache.commons.numbers.core.TestUtils_OE25Dev_numb_left_300_2
[ERROR] /home/tasfia/Desktop/OE25-DEV/projects_decomposed/commons-numbers/commons-numbers-core/src/test/java/org/apache/commons/numbers/core/TestUtils_OE25Dev_numb_left_300_2.java:[64,14] cannot find symbol
[ERROR]   symbol:   class BufferedReader
[ERROR]   location: class org.apache.commons.numbers.core.TestUtils_OE25Dev_numb_left_300_2
[ERROR] /home/tasfia/Desktop/OE25-DEV/projects_decomposed/commons-numbers/commons-numbers-core/src/test/java/org/apache/commons/numbers/core/TestUtils_OE25Dev_numb_left_300_2.java:[64,41] cannot find symbol
[ERROR]   symbol:   class BufferedReader
[ERROR]   location: class org.apache.commons.numbers.core.TestUtils_OE25Dev_numb_left_300_2
[ERROR] /home/tasfia/Desktop/OE25-DEV/projects_decomposed/commons-numbers/commons-numbers-core/src/test/java/org/apache/commons/numbers/core/TestUtils_OE25Dev_numb_left_300_2.java:[65,21] cannot find symbol
[ERROR]   symbol:   class InputStreamReader
[ERROR]   location: class org.apache.commons.numbers.core.TestUtils_OE25Dev_numb_left_300_2
[ERROR] /home/tasfia/Desktop/OE25-DEV/projects_decomposed/commons-numbers/commons-numbers-core/src/test/java/org/apache/commons/numbers/core/TestUtils_OE25Dev_numb_left_300_2.java:[75,23] cannot find symbol
[ERROR]   symbol:   class Complex
[ERROR]   location: class org.apache.commons.numbers.core.TestUtils_OE25Dev_numb_left_300_2
[ERROR] /home/tasfia/Desktop/OE25-DEV/projects_decomposed/commons-numbers/commons-numbers-core/src/test/java/org/apache/commons/numbers/core/TestUtils_OE25Dev_numb_left_300_2.java:[75,47] cannot find symbol
[ERROR]   symbol:   class Complex
[ERROR]   location: class org.apache.commons.numbers.core.TestUtils_OE25Dev_numb_left_300_2
[ERROR] /home/tasfia/Desktop/OE25-DEV/projects_decomposed/commons-numbers/commons-numbers-core/src/test/java/org/apache/commons/numbers/core/TestUtils_OE25Dev_numb_left_300_2.java:[79,38] cannot find symbol
[ERROR]   symbol:   variable Complex
[ERROR]   location: class org.apache.commons.numbers.core.TestUtils_OE25Dev_numb_left_300_2
[ERROR] /home/tasfia/Desktop/OE25-DEV/projects_decomposed/commons-numbers/commons-numbers-core/src/test/java/org/apache/commons/numbers/core/TestUtils_OE25Dev_numb_left_300_2.java:[84,13] cannot find symbol
[ERROR]   symbol:   variable Assertions
[ERROR]   location: class org.apache.commons.numbers.core.TestUtils_OE25Dev_numb_left_300_2
[ERROR] -> [Help 1]
[ERROR] 
[ERROR] To see the full stack trace of the errors, re-run Maven with the -e switch.
[ERROR] Re-run Maven using the -X switch to enable full debug logging.
[ERROR] 
[ERROR] For more information about the errors and possible solutions, please read the following articles:
[ERROR] [Help 1] http://cwiki.apache.org/confluence/display/MAVEN/MojoFailureException
