com/github/scribejava/core/extractors/OAuth2AccessTokenJsonExtractor.class
com/github/scribejava/core/oauth2/clientauthentication/ClientAuthentication.class
com/github/scribejava/core/oauth/AuthorizationUrlBuilder.class
com/github/scribejava/core/httpclient/multipart/ByteArrayBodyPartPayload.class
com/github/scribejava/core/builder/api/DefaultApi20.class
com/github/scribejava/core/builder/api/OAuth1SignatureType.class
com/github/scribejava/core/services/TimestampService.class
com/github/scribejava/core/extractors/OAuth1RequestTokenExtractor$InstanceHolder.class
com/github/scribejava/core/model/OAuth1Token.class
com/github/scribejava/core/utils/OAuthEncoder.class
com/github/scribejava/core/base64/JaxbBase64.class
com/github/scribejava/core/services/SignatureService.class
com/github/scribejava/core/extractors/OAuth1AccessTokenExtractor.class
com/github/scribejava/core/oauth2/clientauthentication/RequestBodyAuthenticationScheme$InstanceHolder.class
com/github/scribejava/core/model/OAuthRequest.class
com/github/scribejava/core/model/OAuthAsyncRequestCallback.class
com/github/scribejava/core/oauth/OAuth20Service$1.class
com/github/scribejava/core/model/OAuthResponseException.class
com/github/scribejava/core/oauth/OAuth20Service$4.class
com/github/scribejava/core/extractors/OAuth1AccessTokenExtractor$InstanceHolder.class
com/github/scribejava/core/oauth/OAuth10aService$1.class
com/github/scribejava/core/extractors/OAuth2AccessTokenExtractor$InstanceHolder.class
com/github/scribejava/core/extractors/HeaderExtractorImpl.class
com/github/scribejava/core/oauth2/bearersignature/BearerSignatureAuthorizationRequestHeaderField$InstanceHolder.class
com/github/scribejava/core/model/OAuth2AccessToken.class
com/github/scribejava/core/extractors/OAuth1AccessTokenJSONExtractor$InstanceHolder.class
com/github/scribejava/core/exceptions/OAuthParametersMissingException.class
com/github/scribejava/core/extractors/HeaderExtractor.class
com/github/scribejava/core/oauth2/bearersignature/BearerSignatureAuthorizationRequestHeaderField.class
com/github/scribejava/core/oauth/OAuth20Service.class
com/github/scribejava/core/model/OAuth1AccessToken.class
com/github/scribejava/core/model/OAuth1RequestToken.class
com/github/scribejava/core/httpclient/multipart/FileByteArrayBodyPartPayload.class
com/github/scribejava/core/builder/ServiceBuilderOAuth20.class
com/github/scribejava/core/builder/ServiceBuilderCommon.class
com/github/scribejava/core/pkce/PKCEService.class
com/github/scribejava/core/revoke/OAuth2RevokeTokenResponseConverter.class
com/github/scribejava/core/oauth/OAuthService.class
com/github/scribejava/core/httpclient/jdk/JDKHttpProvider.class
com/github/scribejava/core/httpclient/jdk/JDKHttpFuture.class
com/github/scribejava/core/oauth2/bearersignature/BearerSignature.class
com/github/scribejava/core/exceptions/OAuthException.class
com/github/scribejava/core/oauth2/clientauthentication/RequestBodyAuthenticationScheme.class
com/github/scribejava/core/oauth2/OAuth2Error.class
com/github/scribejava/core/model/OAuthRequest$ResponseConverter.class
com/github/scribejava/core/extractors/OAuth1RequestTokenExtractor.class
com/github/scribejava/core/extractors/TokenExtractor.class
com/github/scribejava/core/builder/api/DefaultApi10a.class
com/github/scribejava/core/extractors/OAuth1RequestTokenJSONExtractor$InstanceHolder.class
com/github/scribejava/core/httpclient/jdk/JDKHttpClient$1.class
com/github/scribejava/core/extractors/AbstractOAuth1TokenExtractor.class
com/github/scribejava/core/services/PlaintextSignatureService.class
com/github/scribejava/core/pkce/PKCECodeChallengeMethod.class
com/github/scribejava/core/base64/Jaxb230Base64.class
com/github/scribejava/core/services/TimestampServiceImpl$Timer.class
com/github/scribejava/core/oauth/OAuth20Service$2.class
com/github/scribejava/core/extractors/AbstractJsonExtractor.class
com/github/scribejava/core/builder/ScopeBuilder.class
com/github/scribejava/core/httpclient/HttpClient.class
com/github/scribejava/core/utils/Preconditions.class
com/github/scribejava/core/extractors/OAuth1AccessTokenJSONExtractor.class
com/github/scribejava/core/base64/Java8Base64.class
com/github/scribejava/core/model/Token.class
com/github/scribejava/core/oauth/AccessTokenRequestParams.class
com/github/scribejava/core/httpclient/AbstractAsyncOnlyHttpClient.class
com/github/scribejava/core/model/Verb.class
com/github/scribejava/core/model/DeviceAuthorization.class
com/github/scribejava/core/oauth2/bearersignature/BearerSignatureURIQueryParameter$InstanceHolder.class
com/github/scribejava/core/oauth/OAuth20Service$3.class
com/github/scribejava/core/oauth2/clientauthentication/HttpBasicAuthenticationScheme$InstanceHolder.class
com/github/scribejava/core/oauth/OAuth10aService.class
com/github/scribejava/core/builder/ServiceBuilderOAuth10a.class
com/github/scribejava/core/utils/StreamUtils.class
com/github/scribejava/core/model/Response.class
com/github/scribejava/core/extractors/BaseStringExtractor.class
com/github/scribejava/core/services/TimestampServiceImpl.class
com/github/scribejava/core/model/OAuth2AccessTokenErrorResponse.class
com/github/scribejava/core/httpclient/multipart/MultipartPayload.class
com/github/scribejava/core/base64/Base64.class
com/github/scribejava/core/base64/CommonsCodecBase64.class
com/github/scribejava/core/extractors/OAuth2AccessTokenExtractor.class
com/github/scribejava/core/httpclient/jdk/JDKHttpClient$BodyType$1.class
com/github/scribejava/core/extractors/OAuth2AccessTokenJsonExtractor$InstanceHolder.class
com/github/scribejava/core/httpclient/HttpClientProvider.class
com/github/scribejava/core/extractors/DeviceAuthorizationJsonExtractor$InstanceHolder.class
com/github/scribejava/core/extractors/DeviceAuthorizationJsonExtractor.class
com/github/scribejava/core/httpclient/multipart/MultipartUtils.class
com/github/scribejava/core/httpclient/jdk/JDKHttpClient$BodyType.class
com/github/scribejava/core/model/Parameter.class
com/github/scribejava/core/httpclient/HttpClientConfig.class
com/github/scribejava/core/revoke/TokenTypeHint.class
com/github/scribejava/core/httpclient/multipart/BodyPartPayload.class
com/github/scribejava/core/model/OAuthConstants.class
com/github/scribejava/core/services/RSASha1SignatureService.class
com/github/scribejava/core/model/OAuth2Authorization.class
com/github/scribejava/core/oauth/OAuth10aService$2.class
com/github/scribejava/core/httpclient/jdk/JDKHttpClientConfig.class
com/github/scribejava/core/pkce/PKCECodeChallengeMethod$2.class
com/github/scribejava/core/httpclient/jdk/JDKHttpClient$BodyType$2.class
com/github/scribejava/core/oauth2/bearersignature/BearerSignatureURIQueryParameter.class
com/github/scribejava/core/oauth/OAuth10aService$3.class
com/github/scribejava/core/oauth2/clientauthentication/HttpBasicAuthenticationScheme.class
com/github/scribejava/core/builder/ServiceBuilder.class
com/github/scribejava/core/exceptions/OAuthSignatureException.class
com/github/scribejava/core/extractors/BaseStringExtractorImpl.class
com/github/scribejava/core/extractors/OAuth1RequestTokenJSONExtractor.class
com/github/scribejava/core/pkce/PKCE.class
com/github/scribejava/core/httpclient/jdk/JDKHttpClient.class
com/github/scribejava/core/model/ParameterList.class
com/github/scribejava/core/services/HMACSha1SignatureService.class
com/github/scribejava/core/pkce/PKCECodeChallengeMethod$1.class
com/github/scribejava/core/httpclient/jdk/JDKHttpClient$BodyType$3.class
com/github/scribejava/core/extractors/AbstractOAuth1JSONTokenExtractor.class
com/github/scribejava/core/pkce/PKCEService$DefaultInstanceHolder.class
