began at: 2026-01-12 00:34:04
Picked up _JAVA_OPTIONS: -Djava.io.tmpdir=/sfs/weka/scratch/wxw9rr/tmp
[INFO] Scanning for projects...
[ERROR] [ERROR] Some problems were encountered while processing the POMs:
[WARNING] 'build.plugins.plugin.version' for org.apache.maven.plugins:maven-compiler-plugin is missing. @ line 56, column 15
[ERROR] 'dependencies.dependency.groupId' for @project.groupId@:commons-lang3:jar with value '@project.groupId@' does not match a valid id pattern. @ line 37, column 16
[ERROR] 'dependencies.dependency.groupId' for @project.groupId@:commons-weaver-privilizer-api:jar with value '@project.groupId@' does not match a valid id pattern. @ line 42, column 16
[ERROR] 'build.plugins.plugin[@project.groupId@:commons-weaver-maven-plugin].dependencies.dependency.artifactId' for @project.groupId@:@project.artifactId@:jar with value '@project.artifactId@' does not match a valid id pattern. @ line 85, column 25
[ERROR] 'build.plugins.plugin[@project.groupId@:commons-weaver-maven-plugin].dependencies.dependency.groupId' for @project.groupId@:@project.artifactId@:jar with value '@project.groupId@' does not match a valid id pattern. @ line 84, column 22
 @ 
[ERROR] The build could not read 1 project -> [Help 1]
[ERROR]   
[ERROR]   The project org.apache.commons.weaver.it:privilizer-sample:1.0-SNAPSHOT (/sfs/weka/scratch/wxw9rr/artifact/RQ3/OE25-DEV/commons-weaver-2.0-src/modules/privilizer/weaver/src/it/sample/pom.xml) has 4 errors
[ERROR]     'dependencies.dependency.groupId' for @project.groupId@:commons-lang3:jar with value '@project.groupId@' does not match a valid id pattern. @ line 37, column 16
[ERROR]     'dependencies.dependency.groupId' for @project.groupId@:commons-weaver-privilizer-api:jar with value '@project.groupId@' does not match a valid id pattern. @ line 42, column 16
[ERROR]     'build.plugins.plugin[@project.groupId@:commons-weaver-maven-plugin].dependencies.dependency.artifactId' for @project.groupId@:@project.artifactId@:jar with value '@project.artifactId@' does not match a valid id pattern. @ line 85, column 25
[ERROR]     'build.plugins.plugin[@project.groupId@:commons-weaver-maven-plugin].dependencies.dependency.groupId' for @project.groupId@:@project.artifactId@:jar with value '@project.groupId@' does not match a valid id pattern. @ line 84, column 22
[ERROR] 
[ERROR] To see the full stack trace of the errors, re-run Maven with the -e switch.
[ERROR] Re-run Maven using the -X switch to enable full debug logging.
[ERROR] 
[ERROR] For more information about the errors and possible solutions, please read the following articles:
[ERROR] [Help 1] http://cwiki.apache.org/confluence/display/MAVEN/ProjectBuildingException
ended at: 2026-01-12 00:34:05
