[ERROR] COMPILATION ERROR : 
[ERROR] /home/tasfia/Desktop/OE25-DEV/projects_decomposed/commons-weaver/modules/normalizer/src/test/java/org/apache/commons/weaver/normalizer/UtilsTest_OE25Dev_weav_left_12_1.java:[57,9] cannot find symbol
  symbol:   method assertContainsInOrder(java.util.Set<java.lang.Class<?>>,java.lang.Class<java.lang.Number>)
  location: class org.apache.commons.weaver.normalizer.UtilsTest_OE25Dev_weav_left_12_1
[ERROR] /home/tasfia/Desktop/OE25-DEV/projects_decomposed/commons-weaver/modules/normalizer/src/test/java/org/apache/commons/weaver/normalizer/UtilsTest_OE25Dev_weav_left_12_1.java:[58,9] cannot find symbol
  symbol:   method assertContainsInOrder(java.util.Set<java.lang.Class<?>>,java.lang.Class<java.lang.Number>,java.lang.Class<java.lang.String>,java.lang.Class<java.util.Map>)
  location: class org.apache.commons.weaver.normalizer.UtilsTest_OE25Dev_weav_left_12_1
[ERROR] /home/tasfia/Desktop/OE25-DEV/projects_decomposed/commons-weaver/modules/normalizer/src/test/java/org/apache/commons/weaver/normalizer/UtilsTest_OE25Dev_weav_left_12_1.java:[61,9] cannot find symbol
  symbol:   method assertContainsInOrder(java.util.Set<java.lang.Class<?>>,java.lang.Class<java.lang.Number>,java.lang.Class<java.lang.String>,java.lang.Class<java.util.Map>)
  location: class org.apache.commons.weaver.normalizer.UtilsTest_OE25Dev_weav_left_12_1
[ERROR] /home/tasfia/Desktop/OE25-DEV/projects_decomposed/commons-weaver/modules/normalizer/src/test/java/org/apache/commons/weaver/normalizer/UtilsTest_OE25Dev_weav_left_12_1.java:[64,9] cannot find symbol
  symbol:   method assertContainsInOrder(java.util.Set<java.lang.Class<?>>,java.lang.Class<java.lang.Number>,java.lang.Class<java.lang.String>,java.lang.Class<java.util.Map>)
  location: class org.apache.commons.weaver.normalizer.UtilsTest_OE25Dev_weav_left_12_1
[ERROR] /home/tasfia/Desktop/OE25-DEV/projects_decomposed/commons-weaver/modules/normalizer/src/test/java/org/apache/commons/weaver/normalizer/UtilsTest_OE25Dev_weav_left_12_1.java:[67,9] cannot find symbol
  symbol:   method assertContainsInOrder(java.util.Set<java.lang.Class<?>>,java.lang.Class<java.lang.Number>,java.lang.Class<java.lang.String>,java.lang.Class<java.util.Map>)
  location: class org.apache.commons.weaver.normalizer.UtilsTest_OE25Dev_weav_left_12_1
[ERROR] Failed to execute goal org.apache.maven.plugins:maven-compiler-plugin:3.7.0:testCompile (default-testCompile) on project commons-weaver-normalizer: Compilation failure: Compilation failure: 
[ERROR] /home/tasfia/Desktop/OE25-DEV/projects_decomposed/commons-weaver/modules/normalizer/src/test/java/org/apache/commons/weaver/normalizer/UtilsTest_OE25Dev_weav_left_12_1.java:[57,9] cannot find symbol
[ERROR]   symbol:   method assertContainsInOrder(java.util.Set<java.lang.Class<?>>,java.lang.Class<java.lang.Number>)
[ERROR]   location: class org.apache.commons.weaver.normalizer.UtilsTest_OE25Dev_weav_left_12_1
[ERROR] /home/tasfia/Desktop/OE25-DEV/projects_decomposed/commons-weaver/modules/normalizer/src/test/java/org/apache/commons/weaver/normalizer/UtilsTest_OE25Dev_weav_left_12_1.java:[58,9] cannot find symbol
[ERROR]   symbol:   method assertContainsInOrder(java.util.Set<java.lang.Class<?>>,java.lang.Class<java.lang.Number>,java.lang.Class<java.lang.String>,java.lang.Class<java.util.Map>)
[ERROR]   location: class org.apache.commons.weaver.normalizer.UtilsTest_OE25Dev_weav_left_12_1
[ERROR] /home/tasfia/Desktop/OE25-DEV/projects_decomposed/commons-weaver/modules/normalizer/src/test/java/org/apache/commons/weaver/normalizer/UtilsTest_OE25Dev_weav_left_12_1.java:[61,9] cannot find symbol
[ERROR]   symbol:   method assertContainsInOrder(java.util.Set<java.lang.Class<?>>,java.lang.Class<java.lang.Number>,java.lang.Class<java.lang.String>,java.lang.Class<java.util.Map>)
[ERROR]   location: class org.apache.commons.weaver.normalizer.UtilsTest_OE25Dev_weav_left_12_1
[ERROR] /home/tasfia/Desktop/OE25-DEV/projects_decomposed/commons-weaver/modules/normalizer/src/test/java/org/apache/commons/weaver/normalizer/UtilsTest_OE25Dev_weav_left_12_1.java:[64,9] cannot find symbol
[ERROR]   symbol:   method assertContainsInOrder(java.util.Set<java.lang.Class<?>>,java.lang.Class<java.lang.Number>,java.lang.Class<java.lang.String>,java.lang.Class<java.util.Map>)
[ERROR]   location: class org.apache.commons.weaver.normalizer.UtilsTest_OE25Dev_weav_left_12_1
[ERROR] /home/tasfia/Desktop/OE25-DEV/projects_decomposed/commons-weaver/modules/normalizer/src/test/java/org/apache/commons/weaver/normalizer/UtilsTest_OE25Dev_weav_left_12_1.java:[67,9] cannot find symbol
[ERROR]   symbol:   method assertContainsInOrder(java.util.Set<java.lang.Class<?>>,java.lang.Class<java.lang.Number>,java.lang.Class<java.lang.String>,java.lang.Class<java.util.Map>)
[ERROR]   location: class org.apache.commons.weaver.normalizer.UtilsTest_OE25Dev_weav_left_12_1
[ERROR] -> [Help 1]
[ERROR] 
[ERROR] To see the full stack trace of the errors, re-run Maven with the -e switch.
[ERROR] Re-run Maven using the -X switch to enable full debug logging.
[ERROR] 
[ERROR] For more information about the errors and possible solutions, please read the following articles:
[ERROR] [Help 1] http://cwiki.apache.org/confluence/display/MAVEN/MojoFailureException
