[INFO] Scanning for projects...
[INFO] 
[INFO] ------------------------< joda-time:joda-time >-------------------------
[INFO] Building Joda-Time 2.11.2
[INFO] --------------------------------[ jar ]---------------------------------
[INFO] 
[INFO] --- maven-clean-plugin:3.2.0:clean (default-clean) @ joda-time ---
[INFO] Deleting /home/tasfia/Desktop/OE25-DEV/projects_decomposed/joda-time/target
[INFO] 
[INFO] --- maven-enforcer-plugin:3.1.0:enforce (enforce-maven) @ joda-time ---
[INFO] 
[INFO] --- maven-resources-plugin:3.3.0:resources (default-resources) @ joda-time ---
[INFO] Copying 2 resources to META-INF
[INFO] Copying 18 resources
[INFO] 
[INFO] --- maven-compiler-plugin:3.10.1:compile (default-compile) @ joda-time ---
[INFO] Changes detected - recompiling the module!
[INFO] Compiling 166 source files to /home/tasfia/Desktop/OE25-DEV/projects_decomposed/joda-time/target/classes
[WARNING] Unable to autodetect 'javac' path, using 'javac' from the environment.
[INFO] 
[INFO] --- exec-maven-plugin:3.1.0:java (compile-tzdb) @ joda-time ---
Writing zoneinfo files
Fixed negative save values for rule 'Morocco'
Fixed negative save values for rule 'Morocco'
Fixed negative save values for rule 'Morocco'
Fixed negative save values for rule 'Morocco'
Fixed negative save values for rule 'Morocco'
Fixed negative save values for rule 'Namibia'
Fixed negative save values for rule 'Eire'
Writing ZoneInfoMap
[INFO] 
[INFO] --- maven-resources-plugin:3.3.0:testResources (default-testResources) @ joda-time ---
[INFO] Copying 35 resources
[INFO] 
[INFO] --- maven-compiler-plugin:3.10.1:testCompile (default-testCompile) @ joda-time ---
[INFO] Changes detected - recompiling the module!
[INFO] Compiling 159 source files to /home/tasfia/Desktop/OE25-DEV/projects_decomposed/joda-time/target/test-classes
[WARNING] Unable to autodetect 'javac' path, using 'javac' from the environment.
[INFO] 
[INFO] --- maven-surefire-plugin:2.21.0:test (default-test) @ joda-time ---
[INFO] 
[INFO] -------------------------------------------------------
[INFO]  T E S T S
[INFO] -------------------------------------------------------
[INFO] Running org.joda.time.TestAllPackages

TestBuddhistChronology.testCalendar

TestCopticChronology.testCalendar

TestEthiopicChronology.testCalendar

TestIslamicChronology.testCalendar

Testing Gregorian chronology over 1000 iterations
100% complete (i=1000)

Testing Julian chronology over 1000 iterations
100% complete (i=1000)
Writing zoneinfo files
Writing ZoneInfoMap
[INFO] Tests run: 4233, Failures: 0, Errors: 0, Skipped: 0, Time elapsed: 0.762 s - in org.joda.time.TestAllPackages
[INFO] 
[INFO] Results:
[INFO] 
[INFO] Tests run: 4233, Failures: 0, Errors: 0, Skipped: 0
[INFO] 
[INFO] ------------------------------------------------------------------------
[INFO] BUILD SUCCESS
[INFO] ------------------------------------------------------------------------
[INFO] Total time:  4.454 s
[INFO] Finished at: 2026-01-18T10:33:00-06:00
[INFO] ------------------------------------------------------------------------
