org/springside/modules/utils/concurrent/jsr166e/ConcurrentHashMapV8$MapReduceMappingsTask.class
org/springside/modules/utils/concurrent/threadpool/ThreadPoolBuilder$QueuableCachedThreadPoolBuilder.class
org/springside/modules/utils/collection/CollectionUtil.class
org/springside/modules/utils/concurrent/jsr166e/ForkJoinPool$1.class
org/springside/modules/utils/base/SystemPropertiesUtil$ListenableProperties.class
org/springside/modules/utils/collection/type/primitive/LongObjectHashMap$2$1.class
org/springside/modules/utils/concurrent/jsr166e/ConcurrentHashMapV8$ForEachKeyTask.class
org/springside/modules/utils/concurrent/jsr166e/ConcurrentHashMapV8$BiAction.class
org/springside/modules/utils/collection/type/primitive/IntObjectHashMap$1.class
org/springside/modules/utils/text/StringBuilderHolder$2.class
org/springside/modules/utils/concurrent/jsr166e/ConcurrentHashMapV8$TreeNode.class
org/springside/modules/utils/concurrent/jsr166e/ConcurrentHashMapV8$ForEachTransformedMappingTask.class
org/springside/modules/utils/concurrent/jsr166e/ConcurrentHashMapV8$1.class
org/springside/modules/utils/collection/type/primitive/IntObjectMap.class
org/springside/modules/utils/concurrent/jsr166e/ConcurrentHashMapV8$ObjectByObjectToInt.class
org/springside/modules/utils/concurrent/jsr166e/ConcurrentHashMapV8$MapReduceEntriesToDoubleTask.class
org/springside/modules/utils/text/HashUtil.class
org/springside/modules/utils/time/DateUtil.class
org/springside/modules/utils/concurrent/jsr166e/ConcurrentHashMapV8$EntryIterator.class
org/springside/modules/utils/concurrent/jsr166e/ForkJoinTask$AdaptedCallable.class
org/springside/modules/utils/io/FileUtil.class
org/springside/modules/utils/collection/MapUtil$ValueCreator.class
org/springside/modules/utils/concurrent/throttle/Sampler$AlwaysSampler.class
org/springside/modules/utils/concurrent/jsr166e/ConcurrentHashMapV8$ObjectByObjectToLong.class
org/springside/modules/utils/concurrent/jsr166e/ConcurrentHashMapV8$MapReduceValuesToDoubleTask.class
org/springside/modules/utils/number/RandomUtil.class
org/springside/modules/utils/collection/type/primitive/LongObjectMap$PrimitiveEntry.class
org/springside/modules/utils/collection/type/SortedArrayList.class
org/springside/modules/utils/concurrent/threadpool/ThreadPoolBuilder$CachedThreadPoolBuilder.class
org/springside/modules/utils/concurrent/threadpool/ThreadPoolBuilder.class
org/springside/modules/utils/concurrent/jsr166e/ConcurrentHashMapV8$SearchEntriesTask.class
org/springside/modules/utils/text/StringBuilderHolder$1.class
org/springside/modules/utils/collection/type/primitive/IntObjectMap$PrimitiveEntry.class
org/springside/modules/utils/concurrent/throttle/Sampler$NeverSampler.class
org/springside/modules/utils/concurrent/jsr166e/ConcurrentHashMapV8$ValuesView.class
org/springside/modules/utils/concurrent/ThreadUtil.class
org/springside/modules/utils/concurrent/jsr166e/Striped64$Cell.class
org/springside/modules/utils/collection/type/primitive/IntObjectHashMap$EntrySet.class
org/springside/modules/utils/concurrent/jsr166e/ForkJoinTask$ExceptionNode.class
org/springside/modules/utils/io/FileTreeWalker$AntPathFilter.class
org/springside/modules/utils/base/SystemPropertiesUtil.class
org/springside/modules/utils/text/TextValidator.class
org/springside/modules/utils/io/FileTreeWalker$FileExtensionFilter.class
org/springside/modules/utils/base/ExceptionUtil$CloneableRuntimeException.class
org/springside/modules/utils/concurrent/jsr166e/RecursiveAction.class
org/springside/modules/utils/io/type/StringBuilderWriter.class
org/springside/modules/utils/collection/type/primitive/LongObjectHashMap$MapEntry.class
org/springside/modules/utils/base/ExceptionUtil.class
org/springside/modules/utils/concurrent/jsr166e/ConcurrentHashMapV8$MapReduceEntriesTask.class
org/springside/modules/utils/base/annotation/NotNull.class
org/springside/modules/utils/text/MoreStringUtil.class
org/springside/modules/utils/io/ResourceUtil.class
org/springside/modules/utils/concurrent/jsr166e/ConcurrentHashMapV8$BaseIterator.class
org/springside/modules/utils/reflect/FastMethodInvoker$1.class
org/springside/modules/utils/collection/ListUtil.class
org/springside/modules/utils/concurrent/jsr166e/ConcurrentHashMapV8$MapReduceMappingsToDoubleTask.class
org/springside/modules/utils/collection/type/Pair.class
org/springside/modules/utils/io/FilePathUtil.class
org/springside/modules/utils/concurrent/jsr166e/ConcurrentHashMapV8$ReduceValuesTask.class
org/springside/modules/utils/base/EnumUtil.class
org/springside/modules/utils/base/ExceptionUtil$UncheckedException.class
org/springside/modules/utils/concurrent/threadpool/ThreadPoolUtil.class
org/springside/modules/utils/concurrent/jsr166e/ConcurrentHashMapV8$SearchKeysTask.class
org/springside/modules/utils/number/UnitConverter.class
org/springside/modules/utils/concurrent/jsr166e/ConcurrentHashMapV8$MapReduceKeysTask.class
org/springside/modules/utils/time/DateFormatUtil.class
org/springside/modules/utils/collection/type/primitive/LongObjectHashMap$MapIterator.class
org/springside/modules/utils/concurrent/jsr166e/Striped64$1.class
org/springside/modules/utils/text/WildcardMatcher.class
org/springside/modules/utils/concurrent/ThreadLocalContext.class
org/springside/modules/utils/collection/type/primitive/IntObjectHashMap$2$1.class
org/springside/modules/utils/concurrent/jsr166e/ConcurrentHashMapV8$TreeBin.class
org/springside/modules/utils/concurrent/jsr166e/ConcurrentHashMapV8$ValueSpliterator.class
org/springside/modules/utils/concurrent/jsr166e/ConcurrentHashMapV8$MapReduceMappingsToIntTask.class
org/springside/modules/utils/concurrent/jsr166e/ForkJoinPool$DefaultForkJoinWorkerThreadFactory.class
org/springside/modules/utils/concurrent/jsr166e/ForkJoinPool$WorkQueue.class
org/springside/modules/utils/concurrent/jsr166e/ForkJoinTask$AdaptedRunnableAction.class
org/springside/modules/utils/concurrent/jsr166e/ConcurrentHashMapV8$ForEachValueTask.class
org/springside/modules/utils/time/ClockUtil$DummyClock.class
org/springside/modules/utils/time/CachingDateFormatter.class
org/springside/modules/utils/concurrent/jsr166e/ConcurrentHashMapV8$ForEachTransformedValueTask.class
org/springside/modules/utils/collection/type/primitive/LongObjectHashMap$EntrySet.class
org/springside/modules/utils/collection/SetUtil.class
org/springside/modules/utils/concurrent/jsr166e/ForkJoinPool$EmptyTask.class
org/springside/modules/utils/concurrent/jsr166e/ConcurrentHashMapV8$MapReduceValuesToIntTask.class
org/springside/modules/utils/concurrent/jsr166e/ConcurrentHashMapV8$KeyIterator.class
org/springside/modules/utils/concurrent/jsr166e/ConcurrentHashMapV8$MapReduceKeysToDoubleTask.class
org/springside/modules/utils/concurrent/jsr166e/ConcurrentHashMapV8$KeySpliterator.class
org/springside/modules/utils/concurrent/jsr166e/ConcurrentHashMapV8$MapReduceValuesToLongTask.class
org/springside/modules/utils/concurrent/jsr166e/ConcurrentHashMapV8$ObjectToLong.class
org/springside/modules/utils/concurrent/jsr166e/ForkJoinTask$1.class
org/springside/modules/utils/concurrent/jsr166e/ConcurrentHashMapV8$ObjectByObjectToDouble.class
org/springside/modules/utils/concurrent/threadpool/QueuableCachedThreadPool.class
org/springside/modules/utils/concurrent/ConcurrentTools.class
org/springside/modules/utils/reflect/ReflectionUtil.class
org/springside/modules/utils/concurrent/jsr166e/ForkJoinPool.class
org/springside/modules/utils/concurrent/jsr166e/ConcurrentHashMapV8$ForwardingNode.class
org/springside/modules/utils/io/IOUtil.class
org/springside/modules/utils/collection/type/primitive/IntObjectHashMap$KeySet.class
org/springside/modules/utils/collection/type/primitive/IntObjectHashMap$PrimitiveIterator.class
org/springside/modules/utils/security/CryptoUtil.class
org/springside/modules/utils/concurrent/jsr166e/ForkJoinPool$ForkJoinWorkerThreadFactory.class
org/springside/modules/utils/concurrent/jsr166e/ForkJoinTask$AdaptedRunnable.class
org/springside/modules/utils/concurrent/throttle/Sampler.class
org/springside/modules/utils/collection/ArrayUtil.class
org/springside/modules/utils/concurrent/jsr166e/ConcurrentHashMapV8$MapReduceEntriesToIntTask.class
org/springside/modules/utils/concurrent/threadpool/ThreadPoolBuilder$FixedThreadPoolBuilder.class
org/springside/modules/utils/base/ExceptionUtil$CloneableException.class
org/springside/modules/utils/concurrent/jsr166e/ConcurrentHashMapV8$CollectionView.class
org/springside/modules/utils/collection/type/ConcurrentHashSet.class
org/springside/modules/utils/time/ClockUtil$DefaultClock.class
org/springside/modules/utils/concurrent/jsr166e/ConcurrentHashMapV8$ForEachMappingTask.class
org/springside/modules/utils/collection/type/primitive/LongObjectHashMap$PrimitiveIterator.class
org/springside/modules/utils/collection/QueueUtil.class
org/springside/modules/utils/base/SystemPropertiesUtil$PropertiesListener.class
org/springside/modules/utils/text/EscapeUtil.class
org/springside/modules/utils/collection/type/primitive/LongObjectHashMap$1.class
org/springside/modules/utils/mapper/JsonMapper.class
org/springside/modules/utils/concurrent/BasicFuture.class
org/springside/modules/utils/collection/MapUtil.class
org/springside/modules/utils/text/Charsets.class
org/springside/modules/utils/concurrent/ThreadLocalContext$1.class
org/springside/modules/utils/reflect/ClassUtil.class
org/springside/modules/utils/concurrent/jsr166e/ConcurrentHashMapV8$BulkTask.class
org/springside/modules/utils/concurrent/jsr166e/ConcurrentHashMapV8$ObjectToInt.class
org/springside/modules/utils/text/HashUtil$1.class
org/springside/modules/utils/concurrent/jsr166e/ConcurrentHashMapV8$LongByLongToLong.class
org/springside/modules/utils/collection/type/primitive/IntObjectHashMap.class
org/springside/modules/utils/concurrent/jsr166e/ConcurrentHashMapV8$EntrySetView.class
org/springside/modules/utils/concurrent/jsr166e/ConcurrentHashMapV8$MapReduceEntriesToLongTask.class
org/springside/modules/utils/collection/type/primitive/IntObjectHashMap$MapEntry.class
org/springside/modules/utils/reflect/MethodInvoker.class
org/springside/modules/utils/concurrent/jsr166e/ForkJoinPool$ManagedBlocker.class
org/springside/modules/utils/concurrent/jsr166e/ConcurrentHashMapV8$Node.class
org/springside/modules/utils/concurrent/jsr166e/ForkJoinTask$RunnableExecuteAction.class
org/springside/modules/utils/concurrent/jsr166e/ConcurrentHashMapV8$ObjectToDouble.class
org/springside/modules/utils/concurrent/jsr166e/ConcurrentHashMapV8$ReduceKeysTask.class
org/springside/modules/utils/log/ThrottledSlf4jLogger.class
org/springside/modules/utils/misc/IdGenerator.class
org/springside/modules/utils/io/FileTreeWalker$WildcardFileNameFilter.class
org/springside/modules/utils/time/ClockUtil$Clock.class
org/springside/modules/utils/concurrent/jsr166e/ForkJoinWorkerThread.class
org/springside/modules/utils/text/CsvUtil.class
org/springside/modules/utils/concurrent/jsr166e/ConcurrentHashMapV8$TableStack.class
org/springside/modules/utils/mapper/BeanMapper.class
org/springside/modules/utils/concurrent/jsr166e/ConcurrentHashMapV8$BiFun.class
org/springside/modules/utils/net/NetUtil.class
org/springside/modules/utils/concurrent/jsr166e/ConcurrentHashMapV8$ReduceEntriesTask.class
org/springside/modules/utils/number/MathUtil.class
org/springside/modules/utils/base/BooleanUtil.class
org/springside/modules/utils/concurrent/jsr166e/ConcurrentHashMapV8$KeySetView.class
org/springside/modules/utils/concurrent/threadpool/ThreadPoolBuilder$ScheduledThreadPoolBuilder.class
org/springside/modules/utils/base/Platforms.class
org/springside/modules/utils/time/CachingDateFormatter$CachedTime.class
org/springside/modules/utils/collection/type/primitive/LongObjectHashMap$KeySet.class
org/springside/modules/utils/time/ClockUtil.class
org/springside/modules/utils/concurrent/jsr166e/ConcurrentHashMapV8$Action.class
org/springside/modules/utils/collection/type/primitive/LongObjectHashMap$KeySet$1.class
org/springside/modules/utils/mapper/XmlMapper$CollectionWrapper.class
org/springside/modules/utils/base/PropertiesUtil.class
org/springside/modules/utils/concurrent/jsr166e/ForkJoinTask.class
org/springside/modules/utils/net/IPUtil.class
org/springside/modules/utils/io/FileTreeWalker$1.class
org/springside/modules/utils/concurrent/jsr166e/CountedCompleter.class
org/springside/modules/utils/concurrent/jsr166e/ConcurrentHashMapV8$ForEachEntryTask.class
org/springside/modules/utils/concurrent/jsr166e/CountedCompleter$1.class
org/springside/modules/utils/concurrent/jsr166e/ConcurrentHashMapV8$ReservationNode.class
org/springside/modules/utils/collection/type/primitive/IntObjectHashMap$2.class
org/springside/modules/utils/concurrent/jsr166e/ConcurrentHashMapV8$MapReduceKeysToLongTask.class
org/springside/modules/utils/base/MoreValidate.class
org/springside/modules/utils/collection/type/primitive/IntObjectHashMap$KeySet$1.class
org/springside/modules/utils/collection/type/primitive/LongObjectHashMap.class
org/springside/modules/utils/io/FileTreeWalker.class
org/springside/modules/utils/concurrent/jsr166e/Striped64.class
org/springside/modules/utils/concurrent/threadpool/ThreadPoolUtil$SafeRunnable.class
org/springside/modules/utils/concurrent/jsr166e/ConcurrentHashMapV8$DoubleByDoubleToDouble.class
org/springside/modules/utils/concurrent/jsr166e/RecursiveTask.class
org/springside/modules/utils/concurrent/jsr166e/ConcurrentHashMapV8$EntrySpliterator.class
org/springside/modules/utils/concurrent/jsr166e/ConcurrentHashMapV8$Traverser.class
org/springside/modules/utils/collection/type/primitive/LongObjectMap.class
org/springside/modules/utils/collection/type/primitive/LongObjectHashMap$2.class
org/springside/modules/utils/concurrent/jsr166e/ForkJoinPool$2.class
org/springside/modules/utils/concurrent/jsr166e/ForkJoinPool$Submitter.class
org/springside/modules/utils/concurrent/jsr166e/ConcurrentHashMapV8$ForEachTransformedEntryTask.class
org/springside/modules/utils/reflect/FastMethodInvoker.class
org/springside/modules/utils/concurrent/jsr166e/ConcurrentHashMapV8$SearchMappingsTask.class
org/springside/modules/utils/base/annotation/Nullable.class
org/springside/modules/utils/concurrent/jsr166e/ConcurrentHashMapV8$CounterCell.class
org/springside/modules/utils/io/URLResourceUtil.class
org/springside/modules/utils/concurrent/jsr166e/ConcurrentHashMapV8$ForEachTransformedKeyTask.class
org/springside/modules/utils/text/EncodeUtil.class
org/springside/modules/utils/concurrent/jsr166e/ConcurrentHashMapV8.class
org/springside/modules/utils/concurrent/jsr166e/ConcurrentHashMapV8$IntByIntToInt.class
org/springside/modules/utils/text/StringBuilderHolder.class
org/springside/modules/utils/io/FileTreeWalker$RegexFileNameFilter.class
org/springside/modules/utils/concurrent/threadpool/QueuableCachedThreadPool$ControllableQueue.class
org/springside/modules/utils/concurrent/jsr166e/ConcurrentHashMapV8$ValueIterator.class
org/springside/modules/utils/number/NumberUtil.class
org/springside/modules/utils/concurrent/jsr166e/ConcurrentHashMapV8$MapEntry.class
org/springside/modules/utils/concurrent/jsr166e/ConcurrentHashMapV8$Fun.class
org/springside/modules/utils/concurrent/jsr166e/LongAdder.class
org/springside/modules/utils/collection/CommonCollections.class
org/springside/modules/utils/concurrent/jsr166e/ConcurrentHashMapV8$CounterHashCode.class
org/springside/modules/utils/base/ObjectUtil.class
org/springside/modules/utils/concurrent/jsr166e/ConcurrentHashMapV8$MapReduceValuesTask.class
org/springside/modules/utils/concurrent/ThreadDumpper.class
org/springside/modules/utils/concurrent/jsr166e/ConcurrentHashMapV8$SearchValuesTask.class
org/springside/modules/utils/concurrent/jsr166e/ConcurrentHashMapV8$MapReduceKeysToIntTask.class
org/springside/modules/utils/mapper/XmlMapper.class
org/springside/modules/utils/collection/type/primitive/IntObjectHashMap$MapIterator.class
org/springside/modules/utils/concurrent/jsr166e/ConcurrentHashMapV8$Segment.class
org/springside/modules/utils/concurrent/jsr166e/ConcurrentHashMapV8$ConcurrentHashMapSpliterator.class
org/springside/modules/utils/concurrent/jsr166e/ConcurrentHashMapV8$MapReduceMappingsToLongTask.class
