[ERROR] COMPILATION ERROR : 
[ERROR] /home/tasfia/Desktop/OE25-DEV/projects_decomposed/commons-collections4/src/test/java/org/apache/commons/collections4/map/AbstractMapTest_OE25Dev_coll_1194_12.java:[1928,59] not an enclosing class: org.apache.commons.collections4.map.AbstractMapTest_OE25Dev_coll_1194_12.TestMapEntrySet
[ERROR] /home/tasfia/Desktop/OE25-DEV/projects_decomposed/commons-collections4/src/test/java/org/apache/commons/collections4/map/AbstractMapTest_OE25Dev_coll_1194_12.java:[1929,44] cannot find symbol
  symbol:   method getEntry(java.util.Iterator<java.util.Map.Entry<K,V>>,K)
  location: class org.apache.commons.collections4.map.AbstractMapTest_OE25Dev_coll_1194_12<K,V>
[ERROR] /home/tasfia/Desktop/OE25-DEV/projects_decomposed/commons-collections4/src/test/java/org/apache/commons/collections4/map/AbstractMapTest_OE25Dev_coll_1194_12.java:[1930,33] not an enclosing class: org.apache.commons.collections4.map.AbstractMapTest_OE25Dev_coll_1194_12.TestMapEntrySet
[ERROR] /home/tasfia/Desktop/OE25-DEV/projects_decomposed/commons-collections4/src/test/java/org/apache/commons/collections4/map/AbstractMapTest_OE25Dev_coll_1194_12.java:[1931,44] cannot find symbol
  symbol:   method getEntry(java.util.Iterator<java.util.Map.Entry<K,V>>,K)
  location: class org.apache.commons.collections4.map.AbstractMapTest_OE25Dev_coll_1194_12<K,V>
[ERROR] /home/tasfia/Desktop/OE25-DEV/projects_decomposed/commons-collections4/src/test/java/org/apache/commons/collections4/map/AbstractMapTest_OE25Dev_coll_1194_12.java:[1932,68] not an enclosing class: org.apache.commons.collections4.map.AbstractMapTest_OE25Dev_coll_1194_12.TestMapEntrySet
[ERROR] /home/tasfia/Desktop/OE25-DEV/projects_decomposed/commons-collections4/src/test/java/org/apache/commons/collections4/map/AbstractMapTest_OE25Dev_coll_1194_12.java:[1933,53] cannot find symbol
  symbol:   method getEntry(java.util.Iterator<java.util.Map.Entry<K,V>>,K)
  location: class org.apache.commons.collections4.map.AbstractMapTest_OE25Dev_coll_1194_12<K,V>
[ERROR] /home/tasfia/Desktop/OE25-DEV/projects_decomposed/commons-collections4/src/test/java/org/apache/commons/collections4/map/AbstractMapTest_OE25Dev_coll_1194_12.java:[1934,42] not an enclosing class: org.apache.commons.collections4.map.AbstractMapTest_OE25Dev_coll_1194_12.TestMapEntrySet
[ERROR] /home/tasfia/Desktop/OE25-DEV/projects_decomposed/commons-collections4/src/test/java/org/apache/commons/collections4/map/AbstractMapTest_OE25Dev_coll_1194_12.java:[1935,53] cannot find symbol
  symbol:   method getEntry(java.util.Iterator<java.util.Map.Entry<K,V>>,K)
  location: class org.apache.commons.collections4.map.AbstractMapTest_OE25Dev_coll_1194_12<K,V>
[ERROR] /home/tasfia/Desktop/OE25-DEV/projects_decomposed/commons-collections4/src/test/java/org/apache/commons/collections4/map/AbstractMapTest_OE25Dev_coll_1194_12.java:[1967,52] not an enclosing class: org.apache.commons.collections4.map.AbstractMapTest
[ERROR] Failed to execute goal org.apache.maven.plugins:maven-compiler-plugin:3.8.0:testCompile (default-testCompile) on project commons-collections4: Compilation failure: Compilation failure: 
[ERROR] /home/tasfia/Desktop/OE25-DEV/projects_decomposed/commons-collections4/src/test/java/org/apache/commons/collections4/map/AbstractMapTest_OE25Dev_coll_1194_12.java:[1928,59] not an enclosing class: org.apache.commons.collections4.map.AbstractMapTest_OE25Dev_coll_1194_12.TestMapEntrySet
[ERROR] /home/tasfia/Desktop/OE25-DEV/projects_decomposed/commons-collections4/src/test/java/org/apache/commons/collections4/map/AbstractMapTest_OE25Dev_coll_1194_12.java:[1929,44] cannot find symbol
[ERROR]   symbol:   method getEntry(java.util.Iterator<java.util.Map.Entry<K,V>>,K)
[ERROR]   location: class org.apache.commons.collections4.map.AbstractMapTest_OE25Dev_coll_1194_12<K,V>
[ERROR] /home/tasfia/Desktop/OE25-DEV/projects_decomposed/commons-collections4/src/test/java/org/apache/commons/collections4/map/AbstractMapTest_OE25Dev_coll_1194_12.java:[1930,33] not an enclosing class: org.apache.commons.collections4.map.AbstractMapTest_OE25Dev_coll_1194_12.TestMapEntrySet
[ERROR] /home/tasfia/Desktop/OE25-DEV/projects_decomposed/commons-collections4/src/test/java/org/apache/commons/collections4/map/AbstractMapTest_OE25Dev_coll_1194_12.java:[1931,44] cannot find symbol
[ERROR]   symbol:   method getEntry(java.util.Iterator<java.util.Map.Entry<K,V>>,K)
[ERROR]   location: class org.apache.commons.collections4.map.AbstractMapTest_OE25Dev_coll_1194_12<K,V>
[ERROR] /home/tasfia/Desktop/OE25-DEV/projects_decomposed/commons-collections4/src/test/java/org/apache/commons/collections4/map/AbstractMapTest_OE25Dev_coll_1194_12.java:[1932,68] not an enclosing class: org.apache.commons.collections4.map.AbstractMapTest_OE25Dev_coll_1194_12.TestMapEntrySet
[ERROR] /home/tasfia/Desktop/OE25-DEV/projects_decomposed/commons-collections4/src/test/java/org/apache/commons/collections4/map/AbstractMapTest_OE25Dev_coll_1194_12.java:[1933,53] cannot find symbol
[ERROR]   symbol:   method getEntry(java.util.Iterator<java.util.Map.Entry<K,V>>,K)
[ERROR]   location: class org.apache.commons.collections4.map.AbstractMapTest_OE25Dev_coll_1194_12<K,V>
[ERROR] /home/tasfia/Desktop/OE25-DEV/projects_decomposed/commons-collections4/src/test/java/org/apache/commons/collections4/map/AbstractMapTest_OE25Dev_coll_1194_12.java:[1934,42] not an enclosing class: org.apache.commons.collections4.map.AbstractMapTest_OE25Dev_coll_1194_12.TestMapEntrySet
[ERROR] /home/tasfia/Desktop/OE25-DEV/projects_decomposed/commons-collections4/src/test/java/org/apache/commons/collections4/map/AbstractMapTest_OE25Dev_coll_1194_12.java:[1935,53] cannot find symbol
[ERROR]   symbol:   method getEntry(java.util.Iterator<java.util.Map.Entry<K,V>>,K)
[ERROR]   location: class org.apache.commons.collections4.map.AbstractMapTest_OE25Dev_coll_1194_12<K,V>
[ERROR] /home/tasfia/Desktop/OE25-DEV/projects_decomposed/commons-collections4/src/test/java/org/apache/commons/collections4/map/AbstractMapTest_OE25Dev_coll_1194_12.java:[1967,52] not an enclosing class: org.apache.commons.collections4.map.AbstractMapTest
[ERROR] -> [Help 1]
[ERROR] 
[ERROR] To see the full stack trace of the errors, re-run Maven with the -e switch.
[ERROR] Re-run Maven using the -X switch to enable full debug logging.
[ERROR] 
[ERROR] For more information about the errors and possible solutions, please read the following articles:
[ERROR] [Help 1] http://cwiki.apache.org/confluence/display/MAVEN/MojoFailureException
