[ERROR] COMPILATION ERROR : 
[ERROR] /home/tasfia/Desktop/OE25-DEV/projects_decomposed/commons-collections4/src/test/java/org/apache/commons/collections4/TransformerUtilsTest_OE25Dev_coll_119_8.java:[469,13] not a statement
[ERROR] /home/tasfia/Desktop/OE25-DEV/projects_decomposed/commons-collections4/src/test/java/org/apache/commons/collections4/TransformerUtilsTest_OE25Dev_coll_119_8.java:[469,18] ';' expected
[ERROR] /home/tasfia/Desktop/OE25-DEV/projects_decomposed/commons-collections4/src/test/java/org/apache/commons/collections4/TransformerUtilsTest_OE25Dev_coll_119_8.java:[472,46] not a statement
[ERROR] /home/tasfia/Desktop/OE25-DEV/projects_decomposed/commons-collections4/src/test/java/org/apache/commons/collections4/TransformerUtilsTest_OE25Dev_coll_119_8.java:[472,52] ';' expected
[ERROR] /home/tasfia/Desktop/OE25-DEV/projects_decomposed/commons-collections4/src/test/java/org/apache/commons/collections4/TransformerUtilsTest_OE25Dev_coll_119_8.java:[482,13] not a statement
[ERROR] /home/tasfia/Desktop/OE25-DEV/projects_decomposed/commons-collections4/src/test/java/org/apache/commons/collections4/TransformerUtilsTest_OE25Dev_coll_119_8.java:[482,18] ';' expected
[ERROR] /home/tasfia/Desktop/OE25-DEV/projects_decomposed/commons-collections4/src/test/java/org/apache/commons/collections4/TransformerUtilsTest_OE25Dev_coll_119_8.java:[482,20] not a statement
[ERROR] /home/tasfia/Desktop/OE25-DEV/projects_decomposed/commons-collections4/src/test/java/org/apache/commons/collections4/TransformerUtilsTest_OE25Dev_coll_119_8.java:[482,44] ';' expected
[ERROR] /home/tasfia/Desktop/OE25-DEV/projects_decomposed/commons-collections4/src/test/java/org/apache/commons/collections4/TransformerUtilsTest_OE25Dev_coll_119_8.java:[481,9] 'try' without 'catch', 'finally' or resource declarations
[ERROR] /home/tasfia/Desktop/OE25-DEV/projects_decomposed/commons-collections4/src/test/java/org/apache/commons/collections4/TransformerUtilsTest_OE25Dev_coll_119_8.java:[470,9] 'try' without 'catch', 'finally' or resource declarations
[ERROR] /home/tasfia/Desktop/OE25-DEV/projects_decomposed/commons-collections4/src/test/java/org/apache/commons/collections4/TransformerUtilsTest_OE25Dev_coll_119_8.java:[468,9] 'try' without 'catch', 'finally' or resource declarations
[ERROR] Failed to execute goal org.apache.maven.plugins:maven-compiler-plugin:3.8.0:testCompile (default-testCompile) on project commons-collections4: Compilation failure: Compilation failure: 
[ERROR] /home/tasfia/Desktop/OE25-DEV/projects_decomposed/commons-collections4/src/test/java/org/apache/commons/collections4/TransformerUtilsTest_OE25Dev_coll_119_8.java:[469,13] not a statement
[ERROR] /home/tasfia/Desktop/OE25-DEV/projects_decomposed/commons-collections4/src/test/java/org/apache/commons/collections4/TransformerUtilsTest_OE25Dev_coll_119_8.java:[469,18] ';' expected
[ERROR] /home/tasfia/Desktop/OE25-DEV/projects_decomposed/commons-collections4/src/test/java/org/apache/commons/collections4/TransformerUtilsTest_OE25Dev_coll_119_8.java:[472,46] not a statement
[ERROR] /home/tasfia/Desktop/OE25-DEV/projects_decomposed/commons-collections4/src/test/java/org/apache/commons/collections4/TransformerUtilsTest_OE25Dev_coll_119_8.java:[472,52] ';' expected
[ERROR] /home/tasfia/Desktop/OE25-DEV/projects_decomposed/commons-collections4/src/test/java/org/apache/commons/collections4/TransformerUtilsTest_OE25Dev_coll_119_8.java:[482,13] not a statement
[ERROR] /home/tasfia/Desktop/OE25-DEV/projects_decomposed/commons-collections4/src/test/java/org/apache/commons/collections4/TransformerUtilsTest_OE25Dev_coll_119_8.java:[482,18] ';' expected
[ERROR] /home/tasfia/Desktop/OE25-DEV/projects_decomposed/commons-collections4/src/test/java/org/apache/commons/collections4/TransformerUtilsTest_OE25Dev_coll_119_8.java:[482,20] not a statement
[ERROR] /home/tasfia/Desktop/OE25-DEV/projects_decomposed/commons-collections4/src/test/java/org/apache/commons/collections4/TransformerUtilsTest_OE25Dev_coll_119_8.java:[482,44] ';' expected
[ERROR] /home/tasfia/Desktop/OE25-DEV/projects_decomposed/commons-collections4/src/test/java/org/apache/commons/collections4/TransformerUtilsTest_OE25Dev_coll_119_8.java:[481,9] 'try' without 'catch', 'finally' or resource declarations
[ERROR] /home/tasfia/Desktop/OE25-DEV/projects_decomposed/commons-collections4/src/test/java/org/apache/commons/collections4/TransformerUtilsTest_OE25Dev_coll_119_8.java:[470,9] 'try' without 'catch', 'finally' or resource declarations
[ERROR] /home/tasfia/Desktop/OE25-DEV/projects_decomposed/commons-collections4/src/test/java/org/apache/commons/collections4/TransformerUtilsTest_OE25Dev_coll_119_8.java:[468,9] 'try' without 'catch', 'finally' or resource declarations
[ERROR] -> [Help 1]
[ERROR] 
[ERROR] To see the full stack trace of the errors, re-run Maven with the -e switch.
[ERROR] Re-run Maven using the -X switch to enable full debug logging.
[ERROR] 
[ERROR] For more information about the errors and possible solutions, please read the following articles:
[ERROR] [Help 1] http://cwiki.apache.org/confluence/display/MAVEN/MojoFailureException
