[INFO] Scanning for projects...
[INFO] 
[INFO] ---------------< org.asynchttpclient:async-http-client >----------------
[INFO] Building Asynchronous Http Client 2.12.3
[INFO] --------------------------------[ jar ]---------------------------------
[INFO] 
[INFO] --- maven-enforcer-plugin:1.4.1:enforce (enforce-versions) @ async-http-client ---
[INFO] 
[INFO] --- maven-resources-plugin:3.0.2:resources (default-resources) @ async-http-client ---
[INFO] Using 'UTF-8' encoding to copy filtered resources.
[INFO] Copying 3 resources
[INFO] 
[INFO] --- maven-compiler-plugin:3.6.1:compile (default-compile) @ async-http-client ---
[INFO] Changes detected - recompiling the module!
[INFO] Compiling 192 source files to /home/tasfia/Desktop/OE25-DEV/projects_decomposed/async-http-client/client/target/classes
[INFO] /home/tasfia/Desktop/OE25-DEV/projects_decomposed/async-http-client/client/src/main/java/org/asynchttpclient/netty/channel/ChannelManager.java: Some input files use or override a deprecated API.
[INFO] /home/tasfia/Desktop/OE25-DEV/projects_decomposed/async-http-client/client/src/main/java/org/asynchttpclient/netty/channel/ChannelManager.java: Recompile with -Xlint:deprecation for details.
[INFO] 
[INFO] --- maven-resources-plugin:3.0.2:testResources (default-testResources) @ async-http-client ---
[INFO] Using 'UTF-8' encoding to copy filtered resources.
[INFO] Copying 14 resources
[INFO] 
[INFO] --- maven-compiler-plugin:3.6.1:testCompile (default-testCompile) @ async-http-client ---
[INFO] Changes detected - recompiling the module!
[INFO] Compiling 175 source files to /home/tasfia/Desktop/OE25-DEV/projects_decomposed/async-http-client/client/target/test-classes
[INFO] /home/tasfia/Desktop/OE25-DEV/projects_decomposed/async-http-client/client/src/test/java/org/asynchttpclient/test/TestUtils.java: Some input files use or override a deprecated API.
[INFO] /home/tasfia/Desktop/OE25-DEV/projects_decomposed/async-http-client/client/src/test/java/org/asynchttpclient/test/TestUtils.java: Recompile with -Xlint:deprecation for details.
[INFO] /home/tasfia/Desktop/OE25-DEV/projects_decomposed/async-http-client/client/src/test/java/org/asynchttpclient/RC1KTest_OE25Dev.java: Some input files use or override a deprecated API that is marked for removal.
[INFO] /home/tasfia/Desktop/OE25-DEV/projects_decomposed/async-http-client/client/src/test/java/org/asynchttpclient/RC1KTest_OE25Dev.java: Recompile with -Xlint:removal for details.
[INFO] /home/tasfia/Desktop/OE25-DEV/projects_decomposed/async-http-client/client/src/test/java/org/asynchttpclient/reactivestreams/ReactiveStreamsTest.java: /home/tasfia/Desktop/OE25-DEV/projects_decomposed/async-http-client/client/src/test/java/org/asynchttpclient/reactivestreams/ReactiveStreamsTest.java uses unchecked or unsafe operations.
[INFO] /home/tasfia/Desktop/OE25-DEV/projects_decomposed/async-http-client/client/src/test/java/org/asynchttpclient/reactivestreams/ReactiveStreamsTest.java: Recompile with -Xlint:unchecked for details.
[INFO] -------------------------------------------------------------
[ERROR] COMPILATION ERROR : 
[INFO] -------------------------------------------------------------
[ERROR] /home/tasfia/Desktop/OE25-DEV/projects_decomposed/async-http-client/client/src/test/java/org/asynchttpclient/PerRequestTimeoutTest_OE25Dev.java:[90,45] unreported exception java.lang.InterruptedException; must be caught or declared to be thrown
[ERROR] /home/tasfia/Desktop/OE25-DEV/projects_decomposed/async-http-client/client/src/test/java/org/asynchttpclient/PerRequestTimeoutTest_OE25Dev.java:[99,45] unreported exception java.util.concurrent.ExecutionException; must be caught or declared to be thrown
[ERROR] /home/tasfia/Desktop/OE25-DEV/projects_decomposed/async-http-client/client/src/test/java/org/asynchttpclient/PerRequestTimeoutTest_OE25Dev.java:[110,45] unreported exception java.util.concurrent.TimeoutException; must be caught or declared to be thrown
[ERROR] /home/tasfia/Desktop/OE25-DEV/projects_decomposed/async-http-client/client/src/test/java/org/asynchttpclient/PerRequestTimeoutTest_OE25Dev.java:[139,45] unreported exception java.lang.InterruptedException; must be caught or declared to be thrown
[ERROR] /home/tasfia/Desktop/OE25-DEV/projects_decomposed/async-http-client/client/src/test/java/org/asynchttpclient/PerRequestTimeoutTest_OE25Dev.java:[148,45] unreported exception java.util.concurrent.ExecutionException; must be caught or declared to be thrown
[ERROR] /home/tasfia/Desktop/OE25-DEV/projects_decomposed/async-http-client/client/src/test/java/org/asynchttpclient/PerRequestTimeoutTest_OE25Dev.java:[159,45] unreported exception java.util.concurrent.TimeoutException; must be caught or declared to be thrown
[ERROR] /home/tasfia/Desktop/OE25-DEV/projects_decomposed/async-http-client/client/src/test/java/org/asynchttpclient/PerRequestTimeoutTest_OE25Dev.java:[188,45] unreported exception java.lang.InterruptedException; must be caught or declared to be thrown
[ERROR] /home/tasfia/Desktop/OE25-DEV/projects_decomposed/async-http-client/client/src/test/java/org/asynchttpclient/PerRequestTimeoutTest_OE25Dev.java:[197,45] unreported exception java.util.concurrent.ExecutionException; must be caught or declared to be thrown
[ERROR] /home/tasfia/Desktop/OE25-DEV/projects_decomposed/async-http-client/client/src/test/java/org/asynchttpclient/PerRequestTimeoutTest_OE25Dev.java:[221,45] unreported exception java.lang.InterruptedException; must be caught or declared to be thrown
[ERROR] /home/tasfia/Desktop/OE25-DEV/projects_decomposed/async-http-client/client/src/test/java/org/asynchttpclient/PerRequestTimeoutTest_OE25Dev.java:[230,45] unreported exception java.util.concurrent.ExecutionException; must be caught or declared to be thrown
[ERROR] /home/tasfia/Desktop/OE25-DEV/projects_decomposed/async-http-client/client/src/test/java/org/asynchttpclient/PerRequestTimeoutTest_OE25Dev.java:[241,45] unreported exception java.util.concurrent.TimeoutException; must be caught or declared to be thrown
[ERROR] /home/tasfia/Desktop/OE25-DEV/projects_decomposed/async-http-client/client/src/test/java/org/asynchttpclient/PerRequestTimeoutTest_OE25Dev.java:[289,45] unreported exception java.lang.InterruptedException; must be caught or declared to be thrown
[ERROR] /home/tasfia/Desktop/OE25-DEV/projects_decomposed/async-http-client/client/src/test/java/org/asynchttpclient/PerRequestTimeoutTest_OE25Dev.java:[317,45] unreported exception java.lang.InterruptedException; must be caught or declared to be thrown
[ERROR] /home/tasfia/Desktop/OE25-DEV/projects_decomposed/async-http-client/client/src/test/java/org/asynchttpclient/PerRequestTimeoutTest_OE25Dev.java:[346,45] unreported exception java.util.concurrent.ExecutionException; must be caught or declared to be thrown
[INFO] 14 errors 
[INFO] -------------------------------------------------------------
[INFO] ------------------------------------------------------------------------
[INFO] BUILD FAILURE
[INFO] ------------------------------------------------------------------------
[INFO] Total time:  16.540 s
[INFO] Finished at: 2026-01-22T03:28:51-06:00
[INFO] ------------------------------------------------------------------------
[ERROR] Failed to execute goal org.apache.maven.plugins:maven-compiler-plugin:3.6.1:testCompile (default-testCompile) on project async-http-client: Compilation failure: Compilation failure: 
[ERROR] /home/tasfia/Desktop/OE25-DEV/projects_decomposed/async-http-client/client/src/test/java/org/asynchttpclient/PerRequestTimeoutTest_OE25Dev.java:[90,45] unreported exception java.lang.InterruptedException; must be caught or declared to be thrown
[ERROR] /home/tasfia/Desktop/OE25-DEV/projects_decomposed/async-http-client/client/src/test/java/org/asynchttpclient/PerRequestTimeoutTest_OE25Dev.java:[99,45] unreported exception java.util.concurrent.ExecutionException; must be caught or declared to be thrown
[ERROR] /home/tasfia/Desktop/OE25-DEV/projects_decomposed/async-http-client/client/src/test/java/org/asynchttpclient/PerRequestTimeoutTest_OE25Dev.java:[110,45] unreported exception java.util.concurrent.TimeoutException; must be caught or declared to be thrown
[ERROR] /home/tasfia/Desktop/OE25-DEV/projects_decomposed/async-http-client/client/src/test/java/org/asynchttpclient/PerRequestTimeoutTest_OE25Dev.java:[139,45] unreported exception java.lang.InterruptedException; must be caught or declared to be thrown
[ERROR] /home/tasfia/Desktop/OE25-DEV/projects_decomposed/async-http-client/client/src/test/java/org/asynchttpclient/PerRequestTimeoutTest_OE25Dev.java:[148,45] unreported exception java.util.concurrent.ExecutionException; must be caught or declared to be thrown
[ERROR] /home/tasfia/Desktop/OE25-DEV/projects_decomposed/async-http-client/client/src/test/java/org/asynchttpclient/PerRequestTimeoutTest_OE25Dev.java:[159,45] unreported exception java.util.concurrent.TimeoutException; must be caught or declared to be thrown
[ERROR] /home/tasfia/Desktop/OE25-DEV/projects_decomposed/async-http-client/client/src/test/java/org/asynchttpclient/PerRequestTimeoutTest_OE25Dev.java:[188,45] unreported exception java.lang.InterruptedException; must be caught or declared to be thrown
[ERROR] /home/tasfia/Desktop/OE25-DEV/projects_decomposed/async-http-client/client/src/test/java/org/asynchttpclient/PerRequestTimeoutTest_OE25Dev.java:[197,45] unreported exception java.util.concurrent.ExecutionException; must be caught or declared to be thrown
[ERROR] /home/tasfia/Desktop/OE25-DEV/projects_decomposed/async-http-client/client/src/test/java/org/asynchttpclient/PerRequestTimeoutTest_OE25Dev.java:[221,45] unreported exception java.lang.InterruptedException; must be caught or declared to be thrown
[ERROR] /home/tasfia/Desktop/OE25-DEV/projects_decomposed/async-http-client/client/src/test/java/org/asynchttpclient/PerRequestTimeoutTest_OE25Dev.java:[230,45] unreported exception java.util.concurrent.ExecutionException; must be caught or declared to be thrown
[ERROR] /home/tasfia/Desktop/OE25-DEV/projects_decomposed/async-http-client/client/src/test/java/org/asynchttpclient/PerRequestTimeoutTest_OE25Dev.java:[241,45] unreported exception java.util.concurrent.TimeoutException; must be caught or declared to be thrown
[ERROR] /home/tasfia/Desktop/OE25-DEV/projects_decomposed/async-http-client/client/src/test/java/org/asynchttpclient/PerRequestTimeoutTest_OE25Dev.java:[289,45] unreported exception java.lang.InterruptedException; must be caught or declared to be thrown
[ERROR] /home/tasfia/Desktop/OE25-DEV/projects_decomposed/async-http-client/client/src/test/java/org/asynchttpclient/PerRequestTimeoutTest_OE25Dev.java:[317,45] unreported exception java.lang.InterruptedException; must be caught or declared to be thrown
[ERROR] /home/tasfia/Desktop/OE25-DEV/projects_decomposed/async-http-client/client/src/test/java/org/asynchttpclient/PerRequestTimeoutTest_OE25Dev.java:[346,45] unreported exception java.util.concurrent.ExecutionException; must be caught or declared to be thrown
[ERROR] -> [Help 1]
[ERROR] 
[ERROR] To see the full stack trace of the errors, re-run Maven with the -e switch.
[ERROR] Re-run Maven using the -X switch to enable full debug logging.
[ERROR] 
[ERROR] For more information about the errors and possible solutions, please read the following articles:
[ERROR] [Help 1] http://cwiki.apache.org/confluence/display/MAVEN/MojoFailureException
