[[1;34mINFO[m] Scanning for projects...
[[1;34mINFO[m] 
[[1;34mINFO[m] [1m---------< [0;36morg.asynchttpclient:async-http-client-netty-utils[0;1m >----------[m
[[1;34mINFO[m] [1mBuilding Asynchronous Http Client Netty Utils 2.12.3[m
[[1;34mINFO[m] [1m--------------------------------[ jar ]---------------------------------[m
[[1;34mINFO[m] 
[[1;34mINFO[m] [1m--- [0;32mpitest-maven:1.22.0:mutationCoverage[m [1m(default-cli)[m @ [36masync-http-client-netty-utils[0;1m ---[m
Downloading from central: https://repo.maven.apache.org/maven2/org/pitest/pitest-testng-plugin/1.0.0/pitest-testng-plugin-1.0.0.pom
Progress (1): 4.1 kBProgress (1): 8.2 kBProgress (1): 8.4 kB                    Downloaded from central: https://repo.maven.apache.org/maven2/org/pitest/pitest-testng-plugin/1.0.0/pitest-testng-plugin-1.0.0.pom (8.4 kB at 19 kB/s)
Downloading from central: https://repo.maven.apache.org/maven2/org/pitest/pitest-testng-plugin/1.0.0/pitest-testng-plugin-1.0.0.jar
Progress (1): 2.3/12 kBProgress (1): 5.0/12 kBProgress (1): 7.8/12 kBProgress (1): 11/12 kB Progress (1): 12 kB                      Downloaded from central: https://repo.maven.apache.org/maven2/org/pitest/pitest-testng-plugin/1.0.0/pitest-testng-plugin-1.0.0.jar (12 kB at 63 kB/s)
[[1;34mINFO[m] Root dir is : /home/tasfia/Desktop/OE25-DEV/projects_decomposed/async-http-client/netty-utils
[[1;34mINFO[m] Found plugin : Default csv report plugin
[[1;34mINFO[m] Found plugin : Default xml report plugin
[[1;34mINFO[m] Found plugin : Default html report plugin
[[1;34mINFO[m] Found plugin : Static initializer code detector plugin
[[1;34mINFO[m] Found plugin : Excluded annotations plugin
[[1;34mINFO[m] Found plugin : Try with resources filter
[[1;34mINFO[m] Found plugin : Inlined finally block filter plugin
[[1;34mINFO[m] Found plugin : Implicit null check filter
[[1;34mINFO[m] Found plugin : Method reference null check filter
[[1;34mINFO[m] Found plugin : For each loop filter
[[1;34mINFO[m] Found plugin : Enum junk filter
[[1;34mINFO[m] Found plugin : Record junk mutation filter
[[1;34mINFO[m] Found plugin : String switch filter
[[1;34mINFO[m] Found plugin : Assertions filter
[[1;34mINFO[m] Found plugin : Enum switch filter
[[1;34mINFO[m] Found plugin : Logging calls filter
[[1;34mINFO[m] Found plugin : Infinite for loop filter
[[1;34mINFO[m] Found plugin : Long running iterator loop filter
[[1;34mINFO[m] Found plugin : For loop counter filter
[[1;34mINFO[m] Found plugin : Kotlin junk mutations filter
[[1;34mINFO[m] Found plugin : Groovy junk mutations filter
[[1;34mINFO[m] Found plugin : Max mutations per class limit
[[1;34mINFO[m] Found plugin : Equals shortcut equivalent mutant filter
[[1;34mINFO[m] Found plugin : Trivial return vals equivalence filter
[[1;34mINFO[m] Found plugin : Filters mutants with line number <= 1
[[1;34mINFO[m] Found plugin : Division by one equivalent mutant filter
[[1;34mINFO[m] Found plugin : Lombok junk mutations filter
[[1;34mINFO[m] Found plugin : Filter mutations to defensive wrappers such as unmodifiableCollection on return or field write
[[1;34mINFO[m] Found plugin : Mutant export plugin
[[1;34mINFO[m] Found plugin : Auto add java.awt.headless=true to keep keyboard focus on Mac OS
[[1;34mINFO[m] Found plugin : Auto set number of threads based on machine
[[1;34mINFO[m] Found plugin : Automatically add -ea to launch args to enable assertions
[[1;34mINFO[m] Found plugin : Default build verifier
[[1;34mINFO[m] Found plugin : Detect missing JUnit5 plugin
[[1;34mINFO[m] Found plugin : Detect missing TestNG plugin
[[1;34mINFO[m] Found plugin : Detect missing kotlin plugin
[[1;34mINFO[m] Found plugin : Detect missing spring plugin
[[1;34mINFO[m] Found plugin : Default coverage exporter
[[1;34mINFO[m] Found plugin : Basic test statistics
[[1;34mINFO[m] Found shared classpath plugin : Default mutation engine
[[1;34mINFO[m] Found shared classpath plugin : TestNG plugin
[[1;34mINFO[m] Found shared classpath plugin : JUnit plugin
[[1;34mINFO[m] Found shared classpath plugin : Support for mocking frameworks using javassist
[[1;34mINFO[m] Found shared classpath plugin : Reset environment for javassist
[[1;34mINFO[m] Available mutators : EXPERIMENTAL_ARGUMENT_PROPAGATION,FALSE_RETURNS,TRUE_RETURNS,CONDITIONALS_BOUNDARY,CONSTRUCTOR_CALLS,EMPTY_RETURNS,INCREMENTS,INLINE_CONSTS,INVERT_NEGS,MATH,NEGATE_CONDITIONALS,NON_VOID_METHOD_CALLS,NULL_RETURNS,PRIMITIVE_RETURNS,REMOVE_CONDITIONALS_EQUAL_IF,REMOVE_CONDITIONALS_EQUAL_ELSE,REMOVE_CONDITIONALS_ORDER_IF,REMOVE_CONDITIONALS_ORDER_ELSE,VOID_METHOD_CALLS,EXPERIMENTAL_BIG_DECIMAL,EXPERIMENTAL_BIG_INTEGER,EXPERIMENTAL_MEMBER_VARIABLE,EXPERIMENTAL_NAKED_RECEIVER,REMOVE_INCREMENTS,EXPERIMENTAL_SWITCH
[[1;34mINFO[m] Adding org.pitest:pitest-testng-plugin to SUT classpath
[[1;34mINFO[m] Adding org.pitest:pitest to SUT classpath
[[1;34mINFO[m] Mutating from /home/tasfia/Desktop/OE25-DEV/projects_decomposed/async-http-client/netty-utils/target/classes
/-/-================================================================================
- Mutators
================================================================================
> org.pitest.mutationtest.engine.gregor.mutators.RemoveConditionalMutator_ORDER_ELSE
>> Generated 9 Killed 5 (56%)
> KILLED 5 SURVIVED 3 TIMED_OUT 0 NON_VIABLE 0 
> MEMORY_ERROR 0 NOT_STARTED 0 STARTED 0 RUN_ERROR 0 
> NO_COVERAGE 1 
--------------------------------------------------------------------------------
> org.pitest.mutationtest.engine.gregor.mutators.VoidMethodCallMutator
>> Generated 19 Killed 12 (63%)
> KILLED 12 SURVIVED 3 TIMED_OUT 0 NON_VIABLE 0 
> MEMORY_ERROR 0 NOT_STARTED 0 STARTED 0 RUN_ERROR 0 
> NO_COVERAGE 4 
--------------------------------------------------------------------------------
> org.pitest.mutationtest.engine.gregor.mutators.returns.NullReturnValsMutator
>> Generated 20 Killed 16 (80%)
> KILLED 16 SURVIVED 0 TIMED_OUT 0 NON_VIABLE 0 
> MEMORY_ERROR 0 NOT_STARTED 0 STARTED 0 RUN_ERROR 0 
> NO_COVERAGE 4 
--------------------------------------------------------------------------------
> org.pitest.mutationtest.engine.gregor.mutators.RemoveConditionalMutator_EQUAL_ELSE
>> Generated 39 Killed 9 (23%)
> KILLED 9 SURVIVED 28 TIMED_OUT 0 NON_VIABLE 0 
> MEMORY_ERROR 0 NOT_STARTED 0 STARTED 0 RUN_ERROR 0 
> NO_COVERAGE 2 
--------------------------------------------------------------------------------
> org.pitest.mutationtest.engine.gregor.mutators.RemoveConditionalMutator_ORDER_IF
>> Generated 9 Killed 4 (44%)
> KILLED 4 SURVIVED 4 TIMED_OUT 0 NON_VIABLE 0 
> MEMORY_ERROR 0 NOT_STARTED 0 STARTED 0 RUN_ERROR 0 
> NO_COVERAGE 1 
--------------------------------------------------------------------------------
> org.pitest.mutationtest.engine.gregor.mutators.MathMutator
>> Generated 12 Killed 6 (50%)
> KILLED 6 SURVIVED 4 TIMED_OUT 0 NON_VIABLE 0 
> MEMORY_ERROR 0 NOT_STARTED 0 STARTED 0 RUN_ERROR 0 
> NO_COVERAGE 2 
--------------------------------------------------------------------------------
> org.pitest.mutationtest.engine.gregor.mutators.returns.EmptyObjectReturnValsMutator
>> Generated 11 Killed 7 (64%)
> KILLED 7 SURVIVED 0 TIMED_OUT 0 NON_VIABLE 0 
> MEMORY_ERROR 0 NOT_STARTED 0 STARTED 0 RUN_ERROR 0 
> NO_COVERAGE 4 
--------------------------------------------------------------------------------
> org.pitest.mutationtest.engine.gregor.mutators.ConditionalsBoundaryMutator
>> Generated 9 Killed 4 (44%)
> KILLED 4 SURVIVED 4 TIMED_OUT 0 NON_VIABLE 0 
> MEMORY_ERROR 0 NOT_STARTED 0 STARTED 0 RUN_ERROR 0 
> NO_COVERAGE 1 
--------------------------------------------------------------------------------
> org.pitest.mutationtest.engine.gregor.mutators.IncrementsMutator
>> Generated 1 Killed 1 (100%)
> KILLED 1 SURVIVED 0 TIMED_OUT 0 NON_VIABLE 0 
> MEMORY_ERROR 0 NOT_STARTED 0 STARTED 0 RUN_ERROR 0 
> NO_COVERAGE 0 
--------------------------------------------------------------------------------
> org.pitest.mutationtest.engine.gregor.mutators.returns.PrimitiveReturnsMutator
>> Generated 4 Killed 2 (50%)
> KILLED 2 SURVIVED 0 TIMED_OUT 0 NON_VIABLE 0 
> MEMORY_ERROR 0 NOT_STARTED 0 STARTED 0 RUN_ERROR 0 
> NO_COVERAGE 2 
--------------------------------------------------------------------------------
> org.pitest.mutationtest.engine.gregor.mutators.returns.BooleanTrueReturnValsMutator
>> Generated 3 Killed 1 (33%)
> KILLED 1 SURVIVED 2 TIMED_OUT 0 NON_VIABLE 0 
> MEMORY_ERROR 0 NOT_STARTED 0 STARTED 0 RUN_ERROR 0 
> NO_COVERAGE 0 
--------------------------------------------------------------------------------
> org.pitest.mutationtest.engine.gregor.mutators.returns.BooleanFalseReturnValsMutator
>> Generated 1 Killed 1 (100%)
> KILLED 1 SURVIVED 0 TIMED_OUT 0 NON_VIABLE 0 
> MEMORY_ERROR 0 NOT_STARTED 0 STARTED 0 RUN_ERROR 0 
> NO_COVERAGE 0 
--------------------------------------------------------------------------------
> org.pitest.mutationtest.engine.gregor.mutators.RemoveConditionalMutator_EQUAL_IF
>> Generated 39 Killed 14 (36%)
> KILLED 14 SURVIVED 23 TIMED_OUT 0 NON_VIABLE 0 
> MEMORY_ERROR 0 NOT_STARTED 0 STARTED 0 RUN_ERROR 0 
> NO_COVERAGE 2 
--------------------------------------------------------------------------------
================================================================================
- Timings
================================================================================
> pre-scan for mutations : < 1 second
> scan classpath : < 1 second
> coverage and dependency analysis : < 1 second
> build mutation tests : < 1 second
> run mutation analysis : 2 seconds
--------------------------------------------------------------------------------
> Total  : 2 seconds
--------------------------------------------------------------------------------
> 0 tests took longer than 2000 ms
> Slowest test (_) took 72 ms
> Largest test (_) covered 269 blocks
================================================================================
- Statistics
================================================================================
>> Line Coverage (for mutated classes only): 156/190 (82%)
>> 4 tests examined
>> Generated 176 mutations Killed 82 (47%)
>> Mutations with no coverage 23. Test strength 54%
>> Ran 1323 tests (7.52 tests per mutation)
Enhanced functionality available at https://www.arcmutate.com/
[[1;34mINFO[m] [1m------------------------------------------------------------------------[m
[[1;34mINFO[m] [1;32mBUILD SUCCESS[m
[[1;34mINFO[m] [1m------------------------------------------------------------------------[m
[[1;34mINFO[m] Total time:  3.690 s
[[1;34mINFO[m] Finished at: 2026-02-23T13:56:28-06:00
[[1;34mINFO[m] [1m------------------------------------------------------------------------[m
