[ERROR] COMPILATION ERROR : 
[ERROR] /home/tasfia/Desktop/OE25-DEV/projects_decomposed/commons-beanutils/src/test/java/org/apache/commons/beanutils/DynaBeanUtilsTestCase_OE25Dev_bean_left_219_1.java:[1036,9] cannot find symbol
  symbol:   method checkMap(java.util.Map<capture#1 of ?,capture#2 of ?>,java.util.Map<java.lang.String,java.lang.Object>)
  location: class org.apache.commons.beanutils.DynaBeanUtilsTestCase_OE25Dev_bean_left_219_1
[ERROR] /home/tasfia/Desktop/OE25-DEV/projects_decomposed/commons-beanutils/src/test/java/org/apache/commons/beanutils/DynaBeanUtilsTestCase_OE25Dev_bean_left_219_1.java:[1038,9] cannot find symbol
  symbol:   method checkMap(java.util.Map<java.lang.String,java.lang.Object>,java.util.Map<java.lang.String,java.lang.Object>)
  location: class org.apache.commons.beanutils.DynaBeanUtilsTestCase_OE25Dev_bean_left_219_1
[ERROR] Failed to execute goal org.apache.maven.plugins:maven-compiler-plugin:3.7.0:testCompile (default-testCompile) on project commons-beanutils: Compilation failure: Compilation failure: 
[ERROR] /home/tasfia/Desktop/OE25-DEV/projects_decomposed/commons-beanutils/src/test/java/org/apache/commons/beanutils/DynaBeanUtilsTestCase_OE25Dev_bean_left_219_1.java:[1036,9] cannot find symbol
[ERROR]   symbol:   method checkMap(java.util.Map<capture#1 of ?,capture#2 of ?>,java.util.Map<java.lang.String,java.lang.Object>)
[ERROR]   location: class org.apache.commons.beanutils.DynaBeanUtilsTestCase_OE25Dev_bean_left_219_1
[ERROR] /home/tasfia/Desktop/OE25-DEV/projects_decomposed/commons-beanutils/src/test/java/org/apache/commons/beanutils/DynaBeanUtilsTestCase_OE25Dev_bean_left_219_1.java:[1038,9] cannot find symbol
[ERROR]   symbol:   method checkMap(java.util.Map<java.lang.String,java.lang.Object>,java.util.Map<java.lang.String,java.lang.Object>)
[ERROR]   location: class org.apache.commons.beanutils.DynaBeanUtilsTestCase_OE25Dev_bean_left_219_1
[ERROR] -> [Help 1]
[ERROR] 
[ERROR] To see the full stack trace of the errors, re-run Maven with the -e switch.
[ERROR] Re-run Maven using the -X switch to enable full debug logging.
[ERROR] 
[ERROR] For more information about the errors and possible solutions, please read the following articles:
[ERROR] [Help 1] http://cwiki.apache.org/confluence/display/MAVEN/MojoFailureException
