[ERROR] COMPILATION ERROR : 
[ERROR] /home/tasfia/Desktop/OE25-DEV/projects_decomposed/commons-beanutils/src/test/java/org/apache/commons/beanutils/converters/ArrayConverterTestCase_OE25Dev_bean_left_737_4.java:[97,13] cannot find symbol
  symbol:   method checkArray(java.lang.String,int[],int[])
  location: class org.apache.commons.beanutils.converters.ArrayConverterTestCase_OE25Dev_bean_left_737_4
[ERROR] /home/tasfia/Desktop/OE25-DEV/projects_decomposed/commons-beanutils/src/test/java/org/apache/commons/beanutils/converters/ArrayConverterTestCase_OE25Dev_bean_left_737_4.java:[105,13] cannot find symbol
  symbol:   method checkArray(java.lang.String,java.lang.Integer[],java.lang.Integer[])
  location: class org.apache.commons.beanutils.converters.ArrayConverterTestCase_OE25Dev_bean_left_737_4
[ERROR] /home/tasfia/Desktop/OE25-DEV/projects_decomposed/commons-beanutils/src/test/java/org/apache/commons/beanutils/converters/ArrayConverterTestCase_OE25Dev_bean_left_737_4.java:[113,13] cannot find symbol
  symbol:   method checkArray(java.lang.String,int[],int[])
  location: class org.apache.commons.beanutils.converters.ArrayConverterTestCase_OE25Dev_bean_left_737_4
[ERROR] /home/tasfia/Desktop/OE25-DEV/projects_decomposed/commons-beanutils/src/test/java/org/apache/commons/beanutils/converters/ArrayConverterTestCase_OE25Dev_bean_left_737_4.java:[121,13] cannot find symbol
  symbol:   method checkArray(java.lang.String,java.lang.Integer[],java.lang.Integer[])
  location: class org.apache.commons.beanutils.converters.ArrayConverterTestCase_OE25Dev_bean_left_737_4
[ERROR] /home/tasfia/Desktop/OE25-DEV/projects_decomposed/commons-beanutils/src/test/java/org/apache/commons/beanutils/converters/ArrayConverterTestCase_OE25Dev_bean_left_737_4.java:[129,13] cannot find symbol
  symbol:   method checkArray(java.lang.String,int[],int[])
  location: class org.apache.commons.beanutils.converters.ArrayConverterTestCase_OE25Dev_bean_left_737_4
[ERROR] /home/tasfia/Desktop/OE25-DEV/projects_decomposed/commons-beanutils/src/test/java/org/apache/commons/beanutils/converters/ArrayConverterTestCase_OE25Dev_bean_left_737_4.java:[137,13] cannot find symbol
  symbol:   method checkArray(java.lang.String,int[],int[])
  location: class org.apache.commons.beanutils.converters.ArrayConverterTestCase_OE25Dev_bean_left_737_4
[ERROR] /home/tasfia/Desktop/OE25-DEV/projects_decomposed/commons-beanutils/src/test/java/org/apache/commons/beanutils/converters/ArrayConverterTestCase_OE25Dev_bean_left_737_4.java:[145,13] cannot find symbol
  symbol:   method checkArray(java.lang.String,int[],int[])
  location: class org.apache.commons.beanutils.converters.ArrayConverterTestCase_OE25Dev_bean_left_737_4
[ERROR] /home/tasfia/Desktop/OE25-DEV/projects_decomposed/commons-beanutils/src/test/java/org/apache/commons/beanutils/converters/ArrayConverterTestCase_OE25Dev_bean_left_737_4.java:[186,13] cannot find symbol
  symbol:   method checkArray(java.lang.String,java.lang.String[],java.lang.String[])
  location: class org.apache.commons.beanutils.converters.ArrayConverterTestCase_OE25Dev_bean_left_737_4
[ERROR] /home/tasfia/Desktop/OE25-DEV/projects_decomposed/commons-beanutils/src/test/java/org/apache/commons/beanutils/converters/ArrayConverterTestCase_OE25Dev_bean_left_737_4.java:[194,13] cannot find symbol
  symbol:   method checkArray(java.lang.String,java.lang.Integer[],java.lang.Integer[])
  location: class org.apache.commons.beanutils.converters.ArrayConverterTestCase_OE25Dev_bean_left_737_4
[ERROR] /home/tasfia/Desktop/OE25-DEV/projects_decomposed/commons-beanutils/src/test/java/org/apache/commons/beanutils/converters/ArrayConverterTestCase_OE25Dev_bean_left_737_4.java:[202,13] cannot find symbol
  symbol:   method checkArray(java.lang.String,int[],int[])
  location: class org.apache.commons.beanutils.converters.ArrayConverterTestCase_OE25Dev_bean_left_737_4
[ERROR] /home/tasfia/Desktop/OE25-DEV/projects_decomposed/commons-beanutils/src/test/java/org/apache/commons/beanutils/converters/ArrayConverterTestCase_OE25Dev_bean_left_737_4.java:[232,13] cannot find symbol
  symbol:   method checkArray(java.lang.String,int[],int[])
  location: class org.apache.commons.beanutils.converters.ArrayConverterTestCase_OE25Dev_bean_left_737_4
[ERROR] /home/tasfia/Desktop/OE25-DEV/projects_decomposed/commons-beanutils/src/test/java/org/apache/commons/beanutils/converters/ArrayConverterTestCase_OE25Dev_bean_left_737_4.java:[240,13] cannot find symbol
  symbol:   method checkArray(java.lang.String,java.lang.Integer[],java.lang.Integer[])
  location: class org.apache.commons.beanutils.converters.ArrayConverterTestCase_OE25Dev_bean_left_737_4
[ERROR] /home/tasfia/Desktop/OE25-DEV/projects_decomposed/commons-beanutils/src/test/java/org/apache/commons/beanutils/converters/ArrayConverterTestCase_OE25Dev_bean_left_737_4.java:[248,13] cannot find symbol
  symbol:   method checkArray(java.lang.String,int[],int[])
  location: class org.apache.commons.beanutils.converters.ArrayConverterTestCase_OE25Dev_bean_left_737_4
[ERROR] /home/tasfia/Desktop/OE25-DEV/projects_decomposed/commons-beanutils/src/test/java/org/apache/commons/beanutils/converters/ArrayConverterTestCase_OE25Dev_bean_left_737_4.java:[256,13] cannot find symbol
  symbol:   method checkArray(java.lang.String,java.lang.Integer[],java.lang.Integer[])
  location: class org.apache.commons.beanutils.converters.ArrayConverterTestCase_OE25Dev_bean_left_737_4
[ERROR] /home/tasfia/Desktop/OE25-DEV/projects_decomposed/commons-beanutils/src/test/java/org/apache/commons/beanutils/converters/ArrayConverterTestCase_OE25Dev_bean_left_737_4.java:[324,9] cannot find symbol
  symbol:   method checkArray(java.lang.String,int[],int[])
  location: class org.apache.commons.beanutils.converters.ArrayConverterTestCase_OE25Dev_bean_left_737_4
[ERROR] /home/tasfia/Desktop/OE25-DEV/projects_decomposed/commons-beanutils/src/test/java/org/apache/commons/beanutils/converters/ArrayConverterTestCase_OE25Dev_bean_left_737_4.java:[325,9] cannot find symbol
  symbol:   method checkArray(java.lang.String,int[],int[])
  location: class org.apache.commons.beanutils.converters.ArrayConverterTestCase_OE25Dev_bean_left_737_4
[ERROR] /home/tasfia/Desktop/OE25-DEV/projects_decomposed/commons-beanutils/src/test/java/org/apache/commons/beanutils/converters/ArrayConverterTestCase_OE25Dev_bean_left_737_4.java:[335,9] cannot find symbol
  symbol:   method checkArray(java.lang.String,int[],int[])
  location: class org.apache.commons.beanutils.converters.ArrayConverterTestCase_OE25Dev_bean_left_737_4
[ERROR] Failed to execute goal org.apache.maven.plugins:maven-compiler-plugin:3.7.0:testCompile (default-testCompile) on project commons-beanutils: Compilation failure: Compilation failure: 
[ERROR] /home/tasfia/Desktop/OE25-DEV/projects_decomposed/commons-beanutils/src/test/java/org/apache/commons/beanutils/converters/ArrayConverterTestCase_OE25Dev_bean_left_737_4.java:[97,13] cannot find symbol
[ERROR]   symbol:   method checkArray(java.lang.String,int[],int[])
[ERROR]   location: class org.apache.commons.beanutils.converters.ArrayConverterTestCase_OE25Dev_bean_left_737_4
[ERROR] /home/tasfia/Desktop/OE25-DEV/projects_decomposed/commons-beanutils/src/test/java/org/apache/commons/beanutils/converters/ArrayConverterTestCase_OE25Dev_bean_left_737_4.java:[105,13] cannot find symbol
[ERROR]   symbol:   method checkArray(java.lang.String,java.lang.Integer[],java.lang.Integer[])
[ERROR]   location: class org.apache.commons.beanutils.converters.ArrayConverterTestCase_OE25Dev_bean_left_737_4
[ERROR] /home/tasfia/Desktop/OE25-DEV/projects_decomposed/commons-beanutils/src/test/java/org/apache/commons/beanutils/converters/ArrayConverterTestCase_OE25Dev_bean_left_737_4.java:[113,13] cannot find symbol
[ERROR]   symbol:   method checkArray(java.lang.String,int[],int[])
[ERROR]   location: class org.apache.commons.beanutils.converters.ArrayConverterTestCase_OE25Dev_bean_left_737_4
[ERROR] /home/tasfia/Desktop/OE25-DEV/projects_decomposed/commons-beanutils/src/test/java/org/apache/commons/beanutils/converters/ArrayConverterTestCase_OE25Dev_bean_left_737_4.java:[121,13] cannot find symbol
[ERROR]   symbol:   method checkArray(java.lang.String,java.lang.Integer[],java.lang.Integer[])
[ERROR]   location: class org.apache.commons.beanutils.converters.ArrayConverterTestCase_OE25Dev_bean_left_737_4
[ERROR] /home/tasfia/Desktop/OE25-DEV/projects_decomposed/commons-beanutils/src/test/java/org/apache/commons/beanutils/converters/ArrayConverterTestCase_OE25Dev_bean_left_737_4.java:[129,13] cannot find symbol
[ERROR]   symbol:   method checkArray(java.lang.String,int[],int[])
[ERROR]   location: class org.apache.commons.beanutils.converters.ArrayConverterTestCase_OE25Dev_bean_left_737_4
[ERROR] /home/tasfia/Desktop/OE25-DEV/projects_decomposed/commons-beanutils/src/test/java/org/apache/commons/beanutils/converters/ArrayConverterTestCase_OE25Dev_bean_left_737_4.java:[137,13] cannot find symbol
[ERROR]   symbol:   method checkArray(java.lang.String,int[],int[])
[ERROR]   location: class org.apache.commons.beanutils.converters.ArrayConverterTestCase_OE25Dev_bean_left_737_4
[ERROR] /home/tasfia/Desktop/OE25-DEV/projects_decomposed/commons-beanutils/src/test/java/org/apache/commons/beanutils/converters/ArrayConverterTestCase_OE25Dev_bean_left_737_4.java:[145,13] cannot find symbol
[ERROR]   symbol:   method checkArray(java.lang.String,int[],int[])
[ERROR]   location: class org.apache.commons.beanutils.converters.ArrayConverterTestCase_OE25Dev_bean_left_737_4
[ERROR] /home/tasfia/Desktop/OE25-DEV/projects_decomposed/commons-beanutils/src/test/java/org/apache/commons/beanutils/converters/ArrayConverterTestCase_OE25Dev_bean_left_737_4.java:[186,13] cannot find symbol
[ERROR]   symbol:   method checkArray(java.lang.String,java.lang.String[],java.lang.String[])
[ERROR]   location: class org.apache.commons.beanutils.converters.ArrayConverterTestCase_OE25Dev_bean_left_737_4
[ERROR] /home/tasfia/Desktop/OE25-DEV/projects_decomposed/commons-beanutils/src/test/java/org/apache/commons/beanutils/converters/ArrayConverterTestCase_OE25Dev_bean_left_737_4.java:[194,13] cannot find symbol
[ERROR]   symbol:   method checkArray(java.lang.String,java.lang.Integer[],java.lang.Integer[])
[ERROR]   location: class org.apache.commons.beanutils.converters.ArrayConverterTestCase_OE25Dev_bean_left_737_4
[ERROR] /home/tasfia/Desktop/OE25-DEV/projects_decomposed/commons-beanutils/src/test/java/org/apache/commons/beanutils/converters/ArrayConverterTestCase_OE25Dev_bean_left_737_4.java:[202,13] cannot find symbol
[ERROR]   symbol:   method checkArray(java.lang.String,int[],int[])
[ERROR]   location: class org.apache.commons.beanutils.converters.ArrayConverterTestCase_OE25Dev_bean_left_737_4
[ERROR] /home/tasfia/Desktop/OE25-DEV/projects_decomposed/commons-beanutils/src/test/java/org/apache/commons/beanutils/converters/ArrayConverterTestCase_OE25Dev_bean_left_737_4.java:[232,13] cannot find symbol
[ERROR]   symbol:   method checkArray(java.lang.String,int[],int[])
[ERROR]   location: class org.apache.commons.beanutils.converters.ArrayConverterTestCase_OE25Dev_bean_left_737_4
[ERROR] /home/tasfia/Desktop/OE25-DEV/projects_decomposed/commons-beanutils/src/test/java/org/apache/commons/beanutils/converters/ArrayConverterTestCase_OE25Dev_bean_left_737_4.java:[240,13] cannot find symbol
[ERROR]   symbol:   method checkArray(java.lang.String,java.lang.Integer[],java.lang.Integer[])
[ERROR]   location: class org.apache.commons.beanutils.converters.ArrayConverterTestCase_OE25Dev_bean_left_737_4
[ERROR] /home/tasfia/Desktop/OE25-DEV/projects_decomposed/commons-beanutils/src/test/java/org/apache/commons/beanutils/converters/ArrayConverterTestCase_OE25Dev_bean_left_737_4.java:[248,13] cannot find symbol
[ERROR]   symbol:   method checkArray(java.lang.String,int[],int[])
[ERROR]   location: class org.apache.commons.beanutils.converters.ArrayConverterTestCase_OE25Dev_bean_left_737_4
[ERROR] /home/tasfia/Desktop/OE25-DEV/projects_decomposed/commons-beanutils/src/test/java/org/apache/commons/beanutils/converters/ArrayConverterTestCase_OE25Dev_bean_left_737_4.java:[256,13] cannot find symbol
[ERROR]   symbol:   method checkArray(java.lang.String,java.lang.Integer[],java.lang.Integer[])
[ERROR]   location: class org.apache.commons.beanutils.converters.ArrayConverterTestCase_OE25Dev_bean_left_737_4
[ERROR] /home/tasfia/Desktop/OE25-DEV/projects_decomposed/commons-beanutils/src/test/java/org/apache/commons/beanutils/converters/ArrayConverterTestCase_OE25Dev_bean_left_737_4.java:[324,9] cannot find symbol
[ERROR]   symbol:   method checkArray(java.lang.String,int[],int[])
[ERROR]   location: class org.apache.commons.beanutils.converters.ArrayConverterTestCase_OE25Dev_bean_left_737_4
[ERROR] /home/tasfia/Desktop/OE25-DEV/projects_decomposed/commons-beanutils/src/test/java/org/apache/commons/beanutils/converters/ArrayConverterTestCase_OE25Dev_bean_left_737_4.java:[325,9] cannot find symbol
[ERROR]   symbol:   method checkArray(java.lang.String,int[],int[])
[ERROR]   location: class org.apache.commons.beanutils.converters.ArrayConverterTestCase_OE25Dev_bean_left_737_4
[ERROR] /home/tasfia/Desktop/OE25-DEV/projects_decomposed/commons-beanutils/src/test/java/org/apache/commons/beanutils/converters/ArrayConverterTestCase_OE25Dev_bean_left_737_4.java:[335,9] cannot find symbol
[ERROR]   symbol:   method checkArray(java.lang.String,int[],int[])
[ERROR]   location: class org.apache.commons.beanutils.converters.ArrayConverterTestCase_OE25Dev_bean_left_737_4
[ERROR] -> [Help 1]
[ERROR] 
[ERROR] To see the full stack trace of the errors, re-run Maven with the -e switch.
[ERROR] Re-run Maven using the -X switch to enable full debug logging.
[ERROR] 
[ERROR] For more information about the errors and possible solutions, please read the following articles:
[ERROR] [Help 1] http://cwiki.apache.org/confluence/display/MAVEN/MojoFailureException
