[ERROR] COMPILATION ERROR : 
[ERROR] /home/tasfia/Desktop/OE25-DEV/projects_decomposed/commons-beanutils/src/test/java/org/apache/commons/beanutils/PropertyUtilsTestCase_OE25Dev_bean_left_525_11.java:[365,9] cannot find symbol
  symbol:   method testGetDescriptorBase(java.lang.String,java.lang.String,java.lang.String)
  location: class org.apache.commons.beanutils.PropertyUtilsTestCase_OE25Dev_bean_left_525_11
[ERROR] /home/tasfia/Desktop/OE25-DEV/projects_decomposed/commons-beanutils/src/test/java/org/apache/commons/beanutils/PropertyUtilsTestCase_OE25Dev_bean_left_525_11.java:[376,9] cannot find symbol
  symbol:   method testGetDescriptorBase(java.lang.String,java.lang.String,java.lang.String)
  location: class org.apache.commons.beanutils.PropertyUtilsTestCase_OE25Dev_bean_left_525_11
[ERROR] /home/tasfia/Desktop/OE25-DEV/projects_decomposed/commons-beanutils/src/test/java/org/apache/commons/beanutils/PropertyUtilsTestCase_OE25Dev_bean_left_525_11.java:[387,9] cannot find symbol
  symbol:   method testGetDescriptorBase(java.lang.String,java.lang.String,java.lang.String)
  location: class org.apache.commons.beanutils.PropertyUtilsTestCase_OE25Dev_bean_left_525_11
[ERROR] /home/tasfia/Desktop/OE25-DEV/projects_decomposed/commons-beanutils/src/test/java/org/apache/commons/beanutils/PropertyUtilsTestCase_OE25Dev_bean_left_525_11.java:[398,9] cannot find symbol
  symbol:   method testGetDescriptorBase(java.lang.String,java.lang.String,java.lang.String)
  location: class org.apache.commons.beanutils.PropertyUtilsTestCase_OE25Dev_bean_left_525_11
[ERROR] /home/tasfia/Desktop/OE25-DEV/projects_decomposed/commons-beanutils/src/test/java/org/apache/commons/beanutils/PropertyUtilsTestCase_OE25Dev_bean_left_525_11.java:[432,9] cannot find symbol
  symbol:   method testGetDescriptorBase(java.lang.String,java.lang.String,java.lang.String)
  location: class org.apache.commons.beanutils.PropertyUtilsTestCase_OE25Dev_bean_left_525_11
[ERROR] /home/tasfia/Desktop/OE25-DEV/projects_decomposed/commons-beanutils/src/test/java/org/apache/commons/beanutils/PropertyUtilsTestCase_OE25Dev_bean_left_525_11.java:[475,9] cannot find symbol
  symbol:   method testGetDescriptorBase(java.lang.String,java.lang.String,<nulltype>)
  location: class org.apache.commons.beanutils.PropertyUtilsTestCase_OE25Dev_bean_left_525_11
[ERROR] /home/tasfia/Desktop/OE25-DEV/projects_decomposed/commons-beanutils/src/test/java/org/apache/commons/beanutils/PropertyUtilsTestCase_OE25Dev_bean_left_525_11.java:[487,9] cannot find symbol
  symbol:   method testGetDescriptorBase(java.lang.String,java.lang.String,java.lang.String)
  location: class org.apache.commons.beanutils.PropertyUtilsTestCase_OE25Dev_bean_left_525_11
[ERROR] /home/tasfia/Desktop/OE25-DEV/projects_decomposed/commons-beanutils/src/test/java/org/apache/commons/beanutils/PropertyUtilsTestCase_OE25Dev_bean_left_525_11.java:[498,9] cannot find symbol
  symbol:   method testGetDescriptorBase(java.lang.String,java.lang.String,java.lang.String)
  location: class org.apache.commons.beanutils.PropertyUtilsTestCase_OE25Dev_bean_left_525_11
[ERROR] /home/tasfia/Desktop/OE25-DEV/projects_decomposed/commons-beanutils/src/test/java/org/apache/commons/beanutils/PropertyUtilsTestCase_OE25Dev_bean_left_525_11.java:[509,9] cannot find symbol
  symbol:   method testGetDescriptorBase(java.lang.String,java.lang.String,java.lang.String)
  location: class org.apache.commons.beanutils.PropertyUtilsTestCase_OE25Dev_bean_left_525_11
[ERROR] /home/tasfia/Desktop/OE25-DEV/projects_decomposed/commons-beanutils/src/test/java/org/apache/commons/beanutils/PropertyUtilsTestCase_OE25Dev_bean_left_525_11.java:[520,9] cannot find symbol
  symbol:   method testGetDescriptorBase(java.lang.String,<nulltype>,<nulltype>)
  location: class org.apache.commons.beanutils.PropertyUtilsTestCase_OE25Dev_bean_left_525_11
[ERROR] /home/tasfia/Desktop/OE25-DEV/projects_decomposed/commons-beanutils/src/test/java/org/apache/commons/beanutils/PropertyUtilsTestCase_OE25Dev_bean_left_525_11.java:[531,9] cannot find symbol
  symbol:   method testGetDescriptorBase(java.lang.String,<nulltype>,java.lang.String)
  location: class org.apache.commons.beanutils.PropertyUtilsTestCase_OE25Dev_bean_left_525_11
[ERROR] Failed to execute goal org.apache.maven.plugins:maven-compiler-plugin:3.7.0:testCompile (default-testCompile) on project commons-beanutils: Compilation failure: Compilation failure: 
[ERROR] /home/tasfia/Desktop/OE25-DEV/projects_decomposed/commons-beanutils/src/test/java/org/apache/commons/beanutils/PropertyUtilsTestCase_OE25Dev_bean_left_525_11.java:[365,9] cannot find symbol
[ERROR]   symbol:   method testGetDescriptorBase(java.lang.String,java.lang.String,java.lang.String)
[ERROR]   location: class org.apache.commons.beanutils.PropertyUtilsTestCase_OE25Dev_bean_left_525_11
[ERROR] /home/tasfia/Desktop/OE25-DEV/projects_decomposed/commons-beanutils/src/test/java/org/apache/commons/beanutils/PropertyUtilsTestCase_OE25Dev_bean_left_525_11.java:[376,9] cannot find symbol
[ERROR]   symbol:   method testGetDescriptorBase(java.lang.String,java.lang.String,java.lang.String)
[ERROR]   location: class org.apache.commons.beanutils.PropertyUtilsTestCase_OE25Dev_bean_left_525_11
[ERROR] /home/tasfia/Desktop/OE25-DEV/projects_decomposed/commons-beanutils/src/test/java/org/apache/commons/beanutils/PropertyUtilsTestCase_OE25Dev_bean_left_525_11.java:[387,9] cannot find symbol
[ERROR]   symbol:   method testGetDescriptorBase(java.lang.String,java.lang.String,java.lang.String)
[ERROR]   location: class org.apache.commons.beanutils.PropertyUtilsTestCase_OE25Dev_bean_left_525_11
[ERROR] /home/tasfia/Desktop/OE25-DEV/projects_decomposed/commons-beanutils/src/test/java/org/apache/commons/beanutils/PropertyUtilsTestCase_OE25Dev_bean_left_525_11.java:[398,9] cannot find symbol
[ERROR]   symbol:   method testGetDescriptorBase(java.lang.String,java.lang.String,java.lang.String)
[ERROR]   location: class org.apache.commons.beanutils.PropertyUtilsTestCase_OE25Dev_bean_left_525_11
[ERROR] /home/tasfia/Desktop/OE25-DEV/projects_decomposed/commons-beanutils/src/test/java/org/apache/commons/beanutils/PropertyUtilsTestCase_OE25Dev_bean_left_525_11.java:[432,9] cannot find symbol
[ERROR]   symbol:   method testGetDescriptorBase(java.lang.String,java.lang.String,java.lang.String)
[ERROR]   location: class org.apache.commons.beanutils.PropertyUtilsTestCase_OE25Dev_bean_left_525_11
[ERROR] /home/tasfia/Desktop/OE25-DEV/projects_decomposed/commons-beanutils/src/test/java/org/apache/commons/beanutils/PropertyUtilsTestCase_OE25Dev_bean_left_525_11.java:[475,9] cannot find symbol
[ERROR]   symbol:   method testGetDescriptorBase(java.lang.String,java.lang.String,<nulltype>)
[ERROR]   location: class org.apache.commons.beanutils.PropertyUtilsTestCase_OE25Dev_bean_left_525_11
[ERROR] /home/tasfia/Desktop/OE25-DEV/projects_decomposed/commons-beanutils/src/test/java/org/apache/commons/beanutils/PropertyUtilsTestCase_OE25Dev_bean_left_525_11.java:[487,9] cannot find symbol
[ERROR]   symbol:   method testGetDescriptorBase(java.lang.String,java.lang.String,java.lang.String)
[ERROR]   location: class org.apache.commons.beanutils.PropertyUtilsTestCase_OE25Dev_bean_left_525_11
[ERROR] /home/tasfia/Desktop/OE25-DEV/projects_decomposed/commons-beanutils/src/test/java/org/apache/commons/beanutils/PropertyUtilsTestCase_OE25Dev_bean_left_525_11.java:[498,9] cannot find symbol
[ERROR]   symbol:   method testGetDescriptorBase(java.lang.String,java.lang.String,java.lang.String)
[ERROR]   location: class org.apache.commons.beanutils.PropertyUtilsTestCase_OE25Dev_bean_left_525_11
[ERROR] /home/tasfia/Desktop/OE25-DEV/projects_decomposed/commons-beanutils/src/test/java/org/apache/commons/beanutils/PropertyUtilsTestCase_OE25Dev_bean_left_525_11.java:[509,9] cannot find symbol
[ERROR]   symbol:   method testGetDescriptorBase(java.lang.String,java.lang.String,java.lang.String)
[ERROR]   location: class org.apache.commons.beanutils.PropertyUtilsTestCase_OE25Dev_bean_left_525_11
[ERROR] /home/tasfia/Desktop/OE25-DEV/projects_decomposed/commons-beanutils/src/test/java/org/apache/commons/beanutils/PropertyUtilsTestCase_OE25Dev_bean_left_525_11.java:[520,9] cannot find symbol
[ERROR]   symbol:   method testGetDescriptorBase(java.lang.String,<nulltype>,<nulltype>)
[ERROR]   location: class org.apache.commons.beanutils.PropertyUtilsTestCase_OE25Dev_bean_left_525_11
[ERROR] /home/tasfia/Desktop/OE25-DEV/projects_decomposed/commons-beanutils/src/test/java/org/apache/commons/beanutils/PropertyUtilsTestCase_OE25Dev_bean_left_525_11.java:[531,9] cannot find symbol
[ERROR]   symbol:   method testGetDescriptorBase(java.lang.String,<nulltype>,java.lang.String)
[ERROR]   location: class org.apache.commons.beanutils.PropertyUtilsTestCase_OE25Dev_bean_left_525_11
[ERROR] -> [Help 1]
[ERROR] 
[ERROR] To see the full stack trace of the errors, re-run Maven with the -e switch.
[ERROR] Re-run Maven using the -X switch to enable full debug logging.
[ERROR] 
[ERROR] For more information about the errors and possible solutions, please read the following articles:
[ERROR] [Help 1] http://cwiki.apache.org/confluence/display/MAVEN/MojoFailureException
