[ERROR] COMPILATION ERROR : 
[ERROR] /home/tasfia/Desktop/OE25-DEV/projects_decomposed/commons-beanutils/src/test/java/org/apache/commons/beanutils/BasicDynaBeanTestCase_OE25Dev_bean_left_190_3.java:[204,9] cannot find symbol
  symbol:   method testGetDescriptorBase(java.lang.String,java.lang.Class<java.lang.Boolean>)
  location: class org.apache.commons.beanutils.BasicDynaBeanTestCase_OE25Dev_bean_left_190_3
[ERROR] /home/tasfia/Desktop/OE25-DEV/projects_decomposed/commons-beanutils/src/test/java/org/apache/commons/beanutils/BasicDynaBeanTestCase_OE25Dev_bean_left_190_3.java:[214,9] cannot find symbol
  symbol:   method testGetDescriptorBase(java.lang.String,java.lang.Class<java.lang.Double>)
  location: class org.apache.commons.beanutils.BasicDynaBeanTestCase_OE25Dev_bean_left_190_3
[ERROR] /home/tasfia/Desktop/OE25-DEV/projects_decomposed/commons-beanutils/src/test/java/org/apache/commons/beanutils/BasicDynaBeanTestCase_OE25Dev_bean_left_190_3.java:[224,9] cannot find symbol
  symbol:   method testGetDescriptorBase(java.lang.String,java.lang.Class<java.lang.Float>)
  location: class org.apache.commons.beanutils.BasicDynaBeanTestCase_OE25Dev_bean_left_190_3
[ERROR] /home/tasfia/Desktop/OE25-DEV/projects_decomposed/commons-beanutils/src/test/java/org/apache/commons/beanutils/BasicDynaBeanTestCase_OE25Dev_bean_left_190_3.java:[234,9] cannot find symbol
  symbol:   method testGetDescriptorBase(java.lang.String,java.lang.Class<java.lang.Integer>)
  location: class org.apache.commons.beanutils.BasicDynaBeanTestCase_OE25Dev_bean_left_190_3
[ERROR] /home/tasfia/Desktop/OE25-DEV/projects_decomposed/commons-beanutils/src/test/java/org/apache/commons/beanutils/BasicDynaBeanTestCase_OE25Dev_bean_left_190_3.java:[244,9] cannot find symbol
  symbol:   method testGetDescriptorBase(java.lang.String,java.lang.Class<java.lang.Long>)
  location: class org.apache.commons.beanutils.BasicDynaBeanTestCase_OE25Dev_bean_left_190_3
[ERROR] /home/tasfia/Desktop/OE25-DEV/projects_decomposed/commons-beanutils/src/test/java/org/apache/commons/beanutils/BasicDynaBeanTestCase_OE25Dev_bean_left_190_3.java:[255,9] cannot find symbol
  symbol:   method testGetDescriptorBase(java.lang.String,java.lang.Class<java.lang.Boolean>)
  location: class org.apache.commons.beanutils.BasicDynaBeanTestCase_OE25Dev_bean_left_190_3
[ERROR] /home/tasfia/Desktop/OE25-DEV/projects_decomposed/commons-beanutils/src/test/java/org/apache/commons/beanutils/BasicDynaBeanTestCase_OE25Dev_bean_left_190_3.java:[265,9] cannot find symbol
  symbol:   method testGetDescriptorBase(java.lang.String,java.lang.Class<java.lang.Short>)
  location: class org.apache.commons.beanutils.BasicDynaBeanTestCase_OE25Dev_bean_left_190_3
[ERROR] /home/tasfia/Desktop/OE25-DEV/projects_decomposed/commons-beanutils/src/test/java/org/apache/commons/beanutils/BasicDynaBeanTestCase_OE25Dev_bean_left_190_3.java:[275,9] cannot find symbol
  symbol:   method testGetDescriptorBase(java.lang.String,java.lang.Class<java.lang.String>)
  location: class org.apache.commons.beanutils.BasicDynaBeanTestCase_OE25Dev_bean_left_190_3
[ERROR] Failed to execute goal org.apache.maven.plugins:maven-compiler-plugin:3.7.0:testCompile (default-testCompile) on project commons-beanutils: Compilation failure: Compilation failure: 
[ERROR] /home/tasfia/Desktop/OE25-DEV/projects_decomposed/commons-beanutils/src/test/java/org/apache/commons/beanutils/BasicDynaBeanTestCase_OE25Dev_bean_left_190_3.java:[204,9] cannot find symbol
[ERROR]   symbol:   method testGetDescriptorBase(java.lang.String,java.lang.Class<java.lang.Boolean>)
[ERROR]   location: class org.apache.commons.beanutils.BasicDynaBeanTestCase_OE25Dev_bean_left_190_3
[ERROR] /home/tasfia/Desktop/OE25-DEV/projects_decomposed/commons-beanutils/src/test/java/org/apache/commons/beanutils/BasicDynaBeanTestCase_OE25Dev_bean_left_190_3.java:[214,9] cannot find symbol
[ERROR]   symbol:   method testGetDescriptorBase(java.lang.String,java.lang.Class<java.lang.Double>)
[ERROR]   location: class org.apache.commons.beanutils.BasicDynaBeanTestCase_OE25Dev_bean_left_190_3
[ERROR] /home/tasfia/Desktop/OE25-DEV/projects_decomposed/commons-beanutils/src/test/java/org/apache/commons/beanutils/BasicDynaBeanTestCase_OE25Dev_bean_left_190_3.java:[224,9] cannot find symbol
[ERROR]   symbol:   method testGetDescriptorBase(java.lang.String,java.lang.Class<java.lang.Float>)
[ERROR]   location: class org.apache.commons.beanutils.BasicDynaBeanTestCase_OE25Dev_bean_left_190_3
[ERROR] /home/tasfia/Desktop/OE25-DEV/projects_decomposed/commons-beanutils/src/test/java/org/apache/commons/beanutils/BasicDynaBeanTestCase_OE25Dev_bean_left_190_3.java:[234,9] cannot find symbol
[ERROR]   symbol:   method testGetDescriptorBase(java.lang.String,java.lang.Class<java.lang.Integer>)
[ERROR]   location: class org.apache.commons.beanutils.BasicDynaBeanTestCase_OE25Dev_bean_left_190_3
[ERROR] /home/tasfia/Desktop/OE25-DEV/projects_decomposed/commons-beanutils/src/test/java/org/apache/commons/beanutils/BasicDynaBeanTestCase_OE25Dev_bean_left_190_3.java:[244,9] cannot find symbol
[ERROR]   symbol:   method testGetDescriptorBase(java.lang.String,java.lang.Class<java.lang.Long>)
[ERROR]   location: class org.apache.commons.beanutils.BasicDynaBeanTestCase_OE25Dev_bean_left_190_3
[ERROR] /home/tasfia/Desktop/OE25-DEV/projects_decomposed/commons-beanutils/src/test/java/org/apache/commons/beanutils/BasicDynaBeanTestCase_OE25Dev_bean_left_190_3.java:[255,9] cannot find symbol
[ERROR]   symbol:   method testGetDescriptorBase(java.lang.String,java.lang.Class<java.lang.Boolean>)
[ERROR]   location: class org.apache.commons.beanutils.BasicDynaBeanTestCase_OE25Dev_bean_left_190_3
[ERROR] /home/tasfia/Desktop/OE25-DEV/projects_decomposed/commons-beanutils/src/test/java/org/apache/commons/beanutils/BasicDynaBeanTestCase_OE25Dev_bean_left_190_3.java:[265,9] cannot find symbol
[ERROR]   symbol:   method testGetDescriptorBase(java.lang.String,java.lang.Class<java.lang.Short>)
[ERROR]   location: class org.apache.commons.beanutils.BasicDynaBeanTestCase_OE25Dev_bean_left_190_3
[ERROR] /home/tasfia/Desktop/OE25-DEV/projects_decomposed/commons-beanutils/src/test/java/org/apache/commons/beanutils/BasicDynaBeanTestCase_OE25Dev_bean_left_190_3.java:[275,9] cannot find symbol
[ERROR]   symbol:   method testGetDescriptorBase(java.lang.String,java.lang.Class<java.lang.String>)
[ERROR]   location: class org.apache.commons.beanutils.BasicDynaBeanTestCase_OE25Dev_bean_left_190_3
[ERROR] -> [Help 1]
[ERROR] 
[ERROR] To see the full stack trace of the errors, re-run Maven with the -e switch.
[ERROR] Re-run Maven using the -X switch to enable full debug logging.
[ERROR] 
[ERROR] For more information about the errors and possible solutions, please read the following articles:
[ERROR] [Help 1] http://cwiki.apache.org/confluence/display/MAVEN/MojoFailureException
