[ERROR] COMPILATION ERROR : 
[ERROR] /home/tasfia/Desktop/OE25-DEV/projects_decomposed/commons-beanutils/src/test/java/org/apache/commons/beanutils/DynaBeanUtilsTestCase_OE25Dev_bean_left_218_3.java:[992,9] cannot find symbol
  symbol:   method checkIntArray(int[],int[])
  location: class org.apache.commons.beanutils.DynaBeanUtilsTestCase_OE25Dev_bean_left_218_3
[ERROR] /home/tasfia/Desktop/OE25-DEV/projects_decomposed/commons-beanutils/src/test/java/org/apache/commons/beanutils/DynaBeanUtilsTestCase_OE25Dev_bean_left_218_3.java:[994,9] cannot find symbol
  symbol:   method checkIntArray(int[],int[])
  location: class org.apache.commons.beanutils.DynaBeanUtilsTestCase_OE25Dev_bean_left_218_3
[ERROR] /home/tasfia/Desktop/OE25-DEV/projects_decomposed/commons-beanutils/src/test/java/org/apache/commons/beanutils/DynaBeanUtilsTestCase_OE25Dev_bean_left_218_3.java:[999,9] cannot find symbol
  symbol:   method checkIntArray(int[],int[])
  location: class org.apache.commons.beanutils.DynaBeanUtilsTestCase_OE25Dev_bean_left_218_3
[ERROR] /home/tasfia/Desktop/OE25-DEV/projects_decomposed/commons-beanutils/src/test/java/org/apache/commons/beanutils/DynaBeanUtilsTestCase_OE25Dev_bean_left_218_3.java:[1001,9] cannot find symbol
  symbol:   method checkIntArray(int[],int[])
  location: class org.apache.commons.beanutils.DynaBeanUtilsTestCase_OE25Dev_bean_left_218_3
[ERROR] /home/tasfia/Desktop/OE25-DEV/projects_decomposed/commons-beanutils/src/test/java/org/apache/commons/beanutils/DynaBeanUtilsTestCase_OE25Dev_bean_left_218_3.java:[1006,9] cannot find symbol
  symbol:   method checkIntArray(int[],int[])
  location: class org.apache.commons.beanutils.DynaBeanUtilsTestCase_OE25Dev_bean_left_218_3
[ERROR] /home/tasfia/Desktop/OE25-DEV/projects_decomposed/commons-beanutils/src/test/java/org/apache/commons/beanutils/DynaBeanUtilsTestCase_OE25Dev_bean_left_218_3.java:[1008,9] cannot find symbol
  symbol:   method checkIntArray(int[],int[])
  location: class org.apache.commons.beanutils.DynaBeanUtilsTestCase_OE25Dev_bean_left_218_3
[ERROR] /home/tasfia/Desktop/OE25-DEV/projects_decomposed/commons-beanutils/src/test/java/org/apache/commons/beanutils/DynaBeanUtilsTestCase_OE25Dev_bean_left_218_3.java:[1013,9] cannot find symbol
  symbol:   method checkIntArray(int[],int[])
  location: class org.apache.commons.beanutils.DynaBeanUtilsTestCase_OE25Dev_bean_left_218_3
[ERROR] /home/tasfia/Desktop/OE25-DEV/projects_decomposed/commons-beanutils/src/test/java/org/apache/commons/beanutils/DynaBeanUtilsTestCase_OE25Dev_bean_left_218_3.java:[1015,9] cannot find symbol
  symbol:   method checkIntArray(int[],int[])
  location: class org.apache.commons.beanutils.DynaBeanUtilsTestCase_OE25Dev_bean_left_218_3
[ERROR] Failed to execute goal org.apache.maven.plugins:maven-compiler-plugin:3.7.0:testCompile (default-testCompile) on project commons-beanutils: Compilation failure: Compilation failure: 
[ERROR] /home/tasfia/Desktop/OE25-DEV/projects_decomposed/commons-beanutils/src/test/java/org/apache/commons/beanutils/DynaBeanUtilsTestCase_OE25Dev_bean_left_218_3.java:[992,9] cannot find symbol
[ERROR]   symbol:   method checkIntArray(int[],int[])
[ERROR]   location: class org.apache.commons.beanutils.DynaBeanUtilsTestCase_OE25Dev_bean_left_218_3
[ERROR] /home/tasfia/Desktop/OE25-DEV/projects_decomposed/commons-beanutils/src/test/java/org/apache/commons/beanutils/DynaBeanUtilsTestCase_OE25Dev_bean_left_218_3.java:[994,9] cannot find symbol
[ERROR]   symbol:   method checkIntArray(int[],int[])
[ERROR]   location: class org.apache.commons.beanutils.DynaBeanUtilsTestCase_OE25Dev_bean_left_218_3
[ERROR] /home/tasfia/Desktop/OE25-DEV/projects_decomposed/commons-beanutils/src/test/java/org/apache/commons/beanutils/DynaBeanUtilsTestCase_OE25Dev_bean_left_218_3.java:[999,9] cannot find symbol
[ERROR]   symbol:   method checkIntArray(int[],int[])
[ERROR]   location: class org.apache.commons.beanutils.DynaBeanUtilsTestCase_OE25Dev_bean_left_218_3
[ERROR] /home/tasfia/Desktop/OE25-DEV/projects_decomposed/commons-beanutils/src/test/java/org/apache/commons/beanutils/DynaBeanUtilsTestCase_OE25Dev_bean_left_218_3.java:[1001,9] cannot find symbol
[ERROR]   symbol:   method checkIntArray(int[],int[])
[ERROR]   location: class org.apache.commons.beanutils.DynaBeanUtilsTestCase_OE25Dev_bean_left_218_3
[ERROR] /home/tasfia/Desktop/OE25-DEV/projects_decomposed/commons-beanutils/src/test/java/org/apache/commons/beanutils/DynaBeanUtilsTestCase_OE25Dev_bean_left_218_3.java:[1006,9] cannot find symbol
[ERROR]   symbol:   method checkIntArray(int[],int[])
[ERROR]   location: class org.apache.commons.beanutils.DynaBeanUtilsTestCase_OE25Dev_bean_left_218_3
[ERROR] /home/tasfia/Desktop/OE25-DEV/projects_decomposed/commons-beanutils/src/test/java/org/apache/commons/beanutils/DynaBeanUtilsTestCase_OE25Dev_bean_left_218_3.java:[1008,9] cannot find symbol
[ERROR]   symbol:   method checkIntArray(int[],int[])
[ERROR]   location: class org.apache.commons.beanutils.DynaBeanUtilsTestCase_OE25Dev_bean_left_218_3
[ERROR] /home/tasfia/Desktop/OE25-DEV/projects_decomposed/commons-beanutils/src/test/java/org/apache/commons/beanutils/DynaBeanUtilsTestCase_OE25Dev_bean_left_218_3.java:[1013,9] cannot find symbol
[ERROR]   symbol:   method checkIntArray(int[],int[])
[ERROR]   location: class org.apache.commons.beanutils.DynaBeanUtilsTestCase_OE25Dev_bean_left_218_3
[ERROR] /home/tasfia/Desktop/OE25-DEV/projects_decomposed/commons-beanutils/src/test/java/org/apache/commons/beanutils/DynaBeanUtilsTestCase_OE25Dev_bean_left_218_3.java:[1015,9] cannot find symbol
[ERROR]   symbol:   method checkIntArray(int[],int[])
[ERROR]   location: class org.apache.commons.beanutils.DynaBeanUtilsTestCase_OE25Dev_bean_left_218_3
[ERROR] -> [Help 1]
[ERROR] 
[ERROR] To see the full stack trace of the errors, re-run Maven with the -e switch.
[ERROR] Re-run Maven using the -X switch to enable full debug logging.
[ERROR] 
[ERROR] For more information about the errors and possible solutions, please read the following articles:
[ERROR] [Help 1] http://cwiki.apache.org/confluence/display/MAVEN/MojoFailureException
