[ERROR] COMPILATION ERROR : 
[ERROR] /home/tasfia/Desktop/OE25-DEV/projects_decomposed/commons-beanutils/src/test/java/org/apache/commons/beanutils/locale/LocaleConvertUtilsTestCase_OE25Dev_bean_left_796_3.java:[254,9] cannot find symbol
  symbol:   method checkStringArray(java.lang.Object,java.lang.String[])
  location: class org.apache.commons.beanutils.locale.LocaleConvertUtilsTestCase_OE25Dev_bean_left_796_3
[ERROR] /home/tasfia/Desktop/OE25-DEV/projects_decomposed/commons-beanutils/src/test/java/org/apache/commons/beanutils/locale/LocaleConvertUtilsTestCase_OE25Dev_bean_left_796_3.java:[537,9] cannot find symbol
  symbol:   method checkStringArray(java.lang.Object,java.lang.String[])
  location: class org.apache.commons.beanutils.locale.LocaleConvertUtilsTestCase_OE25Dev_bean_left_796_3
[ERROR] /home/tasfia/Desktop/OE25-DEV/projects_decomposed/commons-beanutils/src/test/java/org/apache/commons/beanutils/locale/LocaleConvertUtilsTestCase_OE25Dev_bean_left_796_3.java:[539,9] cannot find symbol
  symbol:   method checkStringArray(java.lang.Object,java.lang.String[])
  location: class org.apache.commons.beanutils.locale.LocaleConvertUtilsTestCase_OE25Dev_bean_left_796_3
[ERROR] /home/tasfia/Desktop/OE25-DEV/projects_decomposed/commons-beanutils/src/test/java/org/apache/commons/beanutils/locale/LocaleConvertUtilsTestCase_OE25Dev_bean_left_796_3.java:[541,9] cannot find symbol
  symbol:   method checkStringArray(java.lang.Object,java.lang.String[])
  location: class org.apache.commons.beanutils.locale.LocaleConvertUtilsTestCase_OE25Dev_bean_left_796_3
[ERROR] /home/tasfia/Desktop/OE25-DEV/projects_decomposed/commons-beanutils/src/test/java/org/apache/commons/beanutils/locale/LocaleConvertUtilsTestCase_OE25Dev_bean_left_796_3.java:[543,9] cannot find symbol
  symbol:   method checkStringArray(java.lang.Object,java.lang.String[])
  location: class org.apache.commons.beanutils.locale.LocaleConvertUtilsTestCase_OE25Dev_bean_left_796_3
[ERROR] /home/tasfia/Desktop/OE25-DEV/projects_decomposed/commons-beanutils/src/test/java/org/apache/commons/beanutils/locale/LocaleConvertUtilsTestCase_OE25Dev_bean_left_796_3.java:[546,9] cannot find symbol
  symbol:   method checkStringArray(java.lang.Object,java.lang.String[])
  location: class org.apache.commons.beanutils.locale.LocaleConvertUtilsTestCase_OE25Dev_bean_left_796_3
[ERROR] /home/tasfia/Desktop/OE25-DEV/projects_decomposed/commons-beanutils/src/test/java/org/apache/commons/beanutils/locale/LocaleConvertUtilsTestCase_OE25Dev_bean_left_796_3.java:[548,9] cannot find symbol
  symbol:   method checkStringArray(java.lang.Object,java.lang.String[])
  location: class org.apache.commons.beanutils.locale.LocaleConvertUtilsTestCase_OE25Dev_bean_left_796_3
[ERROR] /home/tasfia/Desktop/OE25-DEV/projects_decomposed/commons-beanutils/src/test/java/org/apache/commons/beanutils/locale/LocaleConvertUtilsTestCase_OE25Dev_bean_left_796_3.java:[550,9] cannot find symbol
  symbol:   method checkStringArray(java.lang.Object,java.lang.String[])
  location: class org.apache.commons.beanutils.locale.LocaleConvertUtilsTestCase_OE25Dev_bean_left_796_3
[ERROR] /home/tasfia/Desktop/OE25-DEV/projects_decomposed/commons-beanutils/src/test/java/org/apache/commons/beanutils/locale/LocaleConvertUtilsTestCase_OE25Dev_bean_left_796_3.java:[552,9] cannot find symbol
  symbol:   method checkStringArray(java.lang.Object,java.lang.String[])
  location: class org.apache.commons.beanutils.locale.LocaleConvertUtilsTestCase_OE25Dev_bean_left_796_3
[ERROR] /home/tasfia/Desktop/OE25-DEV/projects_decomposed/commons-beanutils/src/test/java/org/apache/commons/beanutils/locale/LocaleConvertUtilsTestCase_OE25Dev_bean_left_796_3.java:[554,9] cannot find symbol
  symbol:   method checkStringArray(java.lang.Object,java.lang.String[])
  location: class org.apache.commons.beanutils.locale.LocaleConvertUtilsTestCase_OE25Dev_bean_left_796_3
[ERROR] /home/tasfia/Desktop/OE25-DEV/projects_decomposed/commons-beanutils/src/test/java/org/apache/commons/beanutils/locale/LocaleConvertUtilsTestCase_OE25Dev_bean_left_796_3.java:[556,9] cannot find symbol
  symbol:   method checkStringArray(java.lang.Object,java.lang.String[])
  location: class org.apache.commons.beanutils.locale.LocaleConvertUtilsTestCase_OE25Dev_bean_left_796_3
[ERROR] /home/tasfia/Desktop/OE25-DEV/projects_decomposed/commons-beanutils/src/test/java/org/apache/commons/beanutils/locale/LocaleConvertUtilsTestCase_OE25Dev_bean_left_796_3.java:[560,9] cannot find symbol
  symbol:   method checkStringArray(java.lang.Object,java.lang.String[])
  location: class org.apache.commons.beanutils.locale.LocaleConvertUtilsTestCase_OE25Dev_bean_left_796_3
[ERROR] /home/tasfia/Desktop/OE25-DEV/projects_decomposed/commons-beanutils/src/test/java/org/apache/commons/beanutils/locale/LocaleConvertUtilsTestCase_OE25Dev_bean_left_796_3.java:[563,9] cannot find symbol
  symbol:   method checkStringArray(java.lang.Object,java.lang.String[])
  location: class org.apache.commons.beanutils.locale.LocaleConvertUtilsTestCase_OE25Dev_bean_left_796_3
[ERROR] /home/tasfia/Desktop/OE25-DEV/projects_decomposed/commons-beanutils/src/test/java/org/apache/commons/beanutils/locale/LocaleConvertUtilsTestCase_OE25Dev_bean_left_796_3.java:[566,9] cannot find symbol
  symbol:   method checkStringArray(java.lang.Object,java.lang.String[])
  location: class org.apache.commons.beanutils.locale.LocaleConvertUtilsTestCase_OE25Dev_bean_left_796_3
[ERROR] /home/tasfia/Desktop/OE25-DEV/projects_decomposed/commons-beanutils/src/test/java/org/apache/commons/beanutils/locale/LocaleConvertUtilsTestCase_OE25Dev_bean_left_796_3.java:[569,9] cannot find symbol
  symbol:   method checkStringArray(java.lang.Object,java.lang.String[])
  location: class org.apache.commons.beanutils.locale.LocaleConvertUtilsTestCase_OE25Dev_bean_left_796_3
[ERROR] /home/tasfia/Desktop/OE25-DEV/projects_decomposed/commons-beanutils/src/test/java/org/apache/commons/beanutils/locale/LocaleConvertUtilsTestCase_OE25Dev_bean_left_796_3.java:[572,9] cannot find symbol
  symbol:   method checkStringArray(java.lang.Object,java.lang.String[])
  location: class org.apache.commons.beanutils.locale.LocaleConvertUtilsTestCase_OE25Dev_bean_left_796_3
[ERROR] /home/tasfia/Desktop/OE25-DEV/projects_decomposed/commons-beanutils/src/test/java/org/apache/commons/beanutils/locale/LocaleConvertUtilsTestCase_OE25Dev_bean_left_796_3.java:[575,9] cannot find symbol
  symbol:   method checkStringArray(java.lang.Object,java.lang.String[])
  location: class org.apache.commons.beanutils.locale.LocaleConvertUtilsTestCase_OE25Dev_bean_left_796_3
[ERROR] Failed to execute goal org.apache.maven.plugins:maven-compiler-plugin:3.7.0:testCompile (default-testCompile) on project commons-beanutils: Compilation failure: Compilation failure: 
[ERROR] /home/tasfia/Desktop/OE25-DEV/projects_decomposed/commons-beanutils/src/test/java/org/apache/commons/beanutils/locale/LocaleConvertUtilsTestCase_OE25Dev_bean_left_796_3.java:[254,9] cannot find symbol
[ERROR]   symbol:   method checkStringArray(java.lang.Object,java.lang.String[])
[ERROR]   location: class org.apache.commons.beanutils.locale.LocaleConvertUtilsTestCase_OE25Dev_bean_left_796_3
[ERROR] /home/tasfia/Desktop/OE25-DEV/projects_decomposed/commons-beanutils/src/test/java/org/apache/commons/beanutils/locale/LocaleConvertUtilsTestCase_OE25Dev_bean_left_796_3.java:[537,9] cannot find symbol
[ERROR]   symbol:   method checkStringArray(java.lang.Object,java.lang.String[])
[ERROR]   location: class org.apache.commons.beanutils.locale.LocaleConvertUtilsTestCase_OE25Dev_bean_left_796_3
[ERROR] /home/tasfia/Desktop/OE25-DEV/projects_decomposed/commons-beanutils/src/test/java/org/apache/commons/beanutils/locale/LocaleConvertUtilsTestCase_OE25Dev_bean_left_796_3.java:[539,9] cannot find symbol
[ERROR]   symbol:   method checkStringArray(java.lang.Object,java.lang.String[])
[ERROR]   location: class org.apache.commons.beanutils.locale.LocaleConvertUtilsTestCase_OE25Dev_bean_left_796_3
[ERROR] /home/tasfia/Desktop/OE25-DEV/projects_decomposed/commons-beanutils/src/test/java/org/apache/commons/beanutils/locale/LocaleConvertUtilsTestCase_OE25Dev_bean_left_796_3.java:[541,9] cannot find symbol
[ERROR]   symbol:   method checkStringArray(java.lang.Object,java.lang.String[])
[ERROR]   location: class org.apache.commons.beanutils.locale.LocaleConvertUtilsTestCase_OE25Dev_bean_left_796_3
[ERROR] /home/tasfia/Desktop/OE25-DEV/projects_decomposed/commons-beanutils/src/test/java/org/apache/commons/beanutils/locale/LocaleConvertUtilsTestCase_OE25Dev_bean_left_796_3.java:[543,9] cannot find symbol
[ERROR]   symbol:   method checkStringArray(java.lang.Object,java.lang.String[])
[ERROR]   location: class org.apache.commons.beanutils.locale.LocaleConvertUtilsTestCase_OE25Dev_bean_left_796_3
[ERROR] /home/tasfia/Desktop/OE25-DEV/projects_decomposed/commons-beanutils/src/test/java/org/apache/commons/beanutils/locale/LocaleConvertUtilsTestCase_OE25Dev_bean_left_796_3.java:[546,9] cannot find symbol
[ERROR]   symbol:   method checkStringArray(java.lang.Object,java.lang.String[])
[ERROR]   location: class org.apache.commons.beanutils.locale.LocaleConvertUtilsTestCase_OE25Dev_bean_left_796_3
[ERROR] /home/tasfia/Desktop/OE25-DEV/projects_decomposed/commons-beanutils/src/test/java/org/apache/commons/beanutils/locale/LocaleConvertUtilsTestCase_OE25Dev_bean_left_796_3.java:[548,9] cannot find symbol
[ERROR]   symbol:   method checkStringArray(java.lang.Object,java.lang.String[])
[ERROR]   location: class org.apache.commons.beanutils.locale.LocaleConvertUtilsTestCase_OE25Dev_bean_left_796_3
[ERROR] /home/tasfia/Desktop/OE25-DEV/projects_decomposed/commons-beanutils/src/test/java/org/apache/commons/beanutils/locale/LocaleConvertUtilsTestCase_OE25Dev_bean_left_796_3.java:[550,9] cannot find symbol
[ERROR]   symbol:   method checkStringArray(java.lang.Object,java.lang.String[])
[ERROR]   location: class org.apache.commons.beanutils.locale.LocaleConvertUtilsTestCase_OE25Dev_bean_left_796_3
[ERROR] /home/tasfia/Desktop/OE25-DEV/projects_decomposed/commons-beanutils/src/test/java/org/apache/commons/beanutils/locale/LocaleConvertUtilsTestCase_OE25Dev_bean_left_796_3.java:[552,9] cannot find symbol
[ERROR]   symbol:   method checkStringArray(java.lang.Object,java.lang.String[])
[ERROR]   location: class org.apache.commons.beanutils.locale.LocaleConvertUtilsTestCase_OE25Dev_bean_left_796_3
[ERROR] /home/tasfia/Desktop/OE25-DEV/projects_decomposed/commons-beanutils/src/test/java/org/apache/commons/beanutils/locale/LocaleConvertUtilsTestCase_OE25Dev_bean_left_796_3.java:[554,9] cannot find symbol
[ERROR]   symbol:   method checkStringArray(java.lang.Object,java.lang.String[])
[ERROR]   location: class org.apache.commons.beanutils.locale.LocaleConvertUtilsTestCase_OE25Dev_bean_left_796_3
[ERROR] /home/tasfia/Desktop/OE25-DEV/projects_decomposed/commons-beanutils/src/test/java/org/apache/commons/beanutils/locale/LocaleConvertUtilsTestCase_OE25Dev_bean_left_796_3.java:[556,9] cannot find symbol
[ERROR]   symbol:   method checkStringArray(java.lang.Object,java.lang.String[])
[ERROR]   location: class org.apache.commons.beanutils.locale.LocaleConvertUtilsTestCase_OE25Dev_bean_left_796_3
[ERROR] /home/tasfia/Desktop/OE25-DEV/projects_decomposed/commons-beanutils/src/test/java/org/apache/commons/beanutils/locale/LocaleConvertUtilsTestCase_OE25Dev_bean_left_796_3.java:[560,9] cannot find symbol
[ERROR]   symbol:   method checkStringArray(java.lang.Object,java.lang.String[])
[ERROR]   location: class org.apache.commons.beanutils.locale.LocaleConvertUtilsTestCase_OE25Dev_bean_left_796_3
[ERROR] /home/tasfia/Desktop/OE25-DEV/projects_decomposed/commons-beanutils/src/test/java/org/apache/commons/beanutils/locale/LocaleConvertUtilsTestCase_OE25Dev_bean_left_796_3.java:[563,9] cannot find symbol
[ERROR]   symbol:   method checkStringArray(java.lang.Object,java.lang.String[])
[ERROR]   location: class org.apache.commons.beanutils.locale.LocaleConvertUtilsTestCase_OE25Dev_bean_left_796_3
[ERROR] /home/tasfia/Desktop/OE25-DEV/projects_decomposed/commons-beanutils/src/test/java/org/apache/commons/beanutils/locale/LocaleConvertUtilsTestCase_OE25Dev_bean_left_796_3.java:[566,9] cannot find symbol
[ERROR]   symbol:   method checkStringArray(java.lang.Object,java.lang.String[])
[ERROR]   location: class org.apache.commons.beanutils.locale.LocaleConvertUtilsTestCase_OE25Dev_bean_left_796_3
[ERROR] /home/tasfia/Desktop/OE25-DEV/projects_decomposed/commons-beanutils/src/test/java/org/apache/commons/beanutils/locale/LocaleConvertUtilsTestCase_OE25Dev_bean_left_796_3.java:[569,9] cannot find symbol
[ERROR]   symbol:   method checkStringArray(java.lang.Object,java.lang.String[])
[ERROR]   location: class org.apache.commons.beanutils.locale.LocaleConvertUtilsTestCase_OE25Dev_bean_left_796_3
[ERROR] /home/tasfia/Desktop/OE25-DEV/projects_decomposed/commons-beanutils/src/test/java/org/apache/commons/beanutils/locale/LocaleConvertUtilsTestCase_OE25Dev_bean_left_796_3.java:[572,9] cannot find symbol
[ERROR]   symbol:   method checkStringArray(java.lang.Object,java.lang.String[])
[ERROR]   location: class org.apache.commons.beanutils.locale.LocaleConvertUtilsTestCase_OE25Dev_bean_left_796_3
[ERROR] /home/tasfia/Desktop/OE25-DEV/projects_decomposed/commons-beanutils/src/test/java/org/apache/commons/beanutils/locale/LocaleConvertUtilsTestCase_OE25Dev_bean_left_796_3.java:[575,9] cannot find symbol
[ERROR]   symbol:   method checkStringArray(java.lang.Object,java.lang.String[])
[ERROR]   location: class org.apache.commons.beanutils.locale.LocaleConvertUtilsTestCase_OE25Dev_bean_left_796_3
[ERROR] -> [Help 1]
[ERROR] 
[ERROR] To see the full stack trace of the errors, re-run Maven with the -e switch.
[ERROR] Re-run Maven using the -X switch to enable full debug logging.
[ERROR] 
[ERROR] For more information about the errors and possible solutions, please read the following articles:
[ERROR] [Help 1] http://cwiki.apache.org/confluence/display/MAVEN/MojoFailureException
