#
# There is insufficient memory for the Java Runtime Environment to continue.
# Native memory allocation (mmap) failed to map 4362076160 bytes. Error detail: committing reserved memory.
# Possible reasons:
#   The system is out of physical RAM or swap space
#   This process is running with CompressedOops enabled, and the Java Heap may be blocking the growth of the native heap
# Possible solutions:
#   Reduce memory load on the system
#   Increase physical memory or swap space
#   Check if swap backing store is full
#   Decrease Java heap size (-Xmx/-Xms)
#   Decrease number of Java threads
#   Decrease Java thread stack sizes (-Xss)
#   Set larger code cache with -XX:ReservedCodeCacheSize=
#   JVM is running with Zero Based Compressed Oops mode in which the Java heap is
#     placed in the first 32GB address space. The Java Heap base address is the
#     maximum limit for the native heap growth. Please use -XX:HeapBaseMinAddress
#     to set the Java Heap base and to place the Java Heap above 32GB virtual address.
# This output file may be truncated or incomplete.
#
#  Out of Memory Error (os_linux.cpp:2832), pid=544917, tid=544980
#
# JRE version: OpenJDK Runtime Environment Temurin-17.0.15+6 (17.0.15+6) (build 17.0.15+6)
# Java VM: OpenJDK 64-Bit Server VM Temurin-17.0.15+6 (17.0.15+6, mixed mode, sharing, tiered, compressed oops, compressed class ptrs, g1 gc, linux-amd64)
# Core dump will be written. Default location: Core dumps may be processed with "/usr/lib/systemd/systemd-coredump %P %u %g %s %t %c %h %e" (or dumping to /sfs/weka/scratch/wxw9rr/artifact/RQ3/OE25-DEV/commons-beanutils-1.9.4/core.544917)
#

---------------  S U M M A R Y ------------

Command Line: -Dclassworlds.conf=/apps/software/standard/core/maven/3.9.0/bin/m2.conf -Dmaven.home=/apps/software/standard/core/maven/3.9.0 -Dlibrary.jansi.path=/apps/software/standard/core/maven/3.9.0/lib/jansi-native -Dmaven.multiModuleProjectDirectory=/scratch/wxw9rr/artifact/RQ3/OE25-DEV/commons-beanutils-1.9.4 -Djava.io.tmpdir=/sfs/weka/scratch/wxw9rr/tmp -javaagent:/sfs/weka/scratch/wxw9rr/tmp/pitest-agent4979172990101562858.jar -ea -Djava.awt.headless=true -XX:+UseG1GC -Djava.io.tmpdir=/sfs/weka/scratch/wxw9rr/tmp org.pitest.mutationtest.execute.MutationTestMinion 42593

Host: AMD EPYC 9454 48-Core Processor, 96 cores, 512G, Rocky Linux release 8.10 (Green Obsidian)
Time: Mon Jan 12 01:34:44 2026 EST elapsed time: 3.494005 seconds (0d 0h 0m 3s)

---------------  T H R E A D  ---------------

Current thread (0x00007fed2420ec30):  VMThread "VM Thread" [stack: 0x00007fed28101000,0x00007fed28201000] [id=544980]

Stack: [0x00007fed28101000,0x00007fed28201000],  sp=0x00007fed281fed70,  free space=1015k
Native frames: (J=compiled Java code, j=interpreted, Vv=VM code, C=native code)
V  [libjvm.so+0xee9791]  VMError::report_and_die(int, char const*, char const*, __va_list_tag*, Thread*, unsigned char*, void*, void*, char const*, int, unsigned long)+0x1a1
V  [libjvm.so+0xeea37d]  VMError::report_and_die(Thread*, char const*, int, unsigned long, VMErrorType, char const*, __va_list_tag*)+0x2d
V  [libjvm.so+0x60921c]  report_vm_out_of_memory(char const*, int, unsigned long, VMErrorType, char const*, ...)+0xdc
V  [libjvm.so+0xc26ba8]  os::pd_commit_memory_or_exit(char*, unsigned long, unsigned long, bool, char const*)+0xd8
V  [libjvm.so+0xc205ad]  os::commit_memory_or_exit(char*, unsigned long, unsigned long, bool, char const*)+0x1d
V  [libjvm.so+0x73769e]  G1PageBasedVirtualSpace::commit(unsigned long, unsigned long)+0x18e
V  [libjvm.so+0x74bf61]  G1RegionsLargerThanCommitSizeMapper::commit_regions(unsigned int, unsigned long, WorkGang*)+0x1a1
V  [libjvm.so+0x7de418]  HeapRegionManager::commit_regions(unsigned int, unsigned long, WorkGang*)+0x58
V  [libjvm.so+0x7e0262]  HeapRegionManager::expand(unsigned int, unsigned int, WorkGang*)+0x32
V  [libjvm.so+0x7e048e]  HeapRegionManager::expand_by(unsigned int, WorkGang*)+0x7e
V  [libjvm.so+0x6f0fbf]  G1CollectedHeap::expand(unsigned long, WorkGang*, double*)+0xef
V  [libjvm.so+0x6f5291]  G1CollectedHeap::do_collection_pause_at_safepoint_helper(double)+0x9a1
V  [libjvm.so+0x6f53e1]  G1CollectedHeap::do_collection_pause_at_safepoint(double)+0x31
V  [libjvm.so+0x770487]  VM_G1CollectForAllocation::doit()+0x47
V  [libjvm.so+0xeeecbe]  VM_Operation::evaluate()+0xee
V  [libjvm.so+0xef0674]  VMThread::evaluate_operation(VM_Operation*)+0xf4
V  [libjvm.so+0xef0bd4]  VMThread::inner_execute(VM_Operation*)+0x1d4
V  [libjvm.so+0xef0ebf]  VMThread::run()+0xbf
V  [libjvm.so+0xe6c2ca]  Thread::call_run()+0xaa
V  [libjvm.so+0xc29413]  thread_native_entry(Thread*)+0xe3

VM_Operation (0x00007fec6a2f0780): G1CollectForAllocation, mode: safepoint, requested by thread 0x00007fed243fc0a0


---------------  P R O C E S S  ---------------

Threads class SMR info:
_java_thread_list=0x00007fec3000f9e0, length=17, elements={
0x00007fed24032990, 0x00007fed24212cf0, 0x00007fed242140d0, 0x00007fed242187d0,
0x00007fed24219b80, 0x00007fed2421af90, 0x00007fed2421c9c0, 0x00007fed2421def0,
0x00007fed2421ef70, 0x00007fed2422b960, 0x00007fec44003700, 0x00007fec44004880,
0x00007fed2425e740, 0x00007fed243fc0a0, 0x00007fec400c65e0, 0x00007fec400c7190,
0x00007fec400c82f0
}

Java Threads: ( => current thread )
  0x00007fed24032990 JavaThread "main" [_thread_blocked, id=544935, stack(0x00007fed2da01000,0x00007fed2db02000)]
  0x00007fed24212cf0 JavaThread "Reference Handler" daemon [_thread_blocked, id=544983, stack(0x00007fecc402e000,0x00007fecc412e000)]
  0x00007fed242140d0 JavaThread "Finalizer" daemon [_thread_blocked, id=544985, stack(0x00007fec6af00000,0x00007fec6b000000)]
  0x00007fed242187d0 JavaThread "Signal Dispatcher" daemon [_thread_blocked, id=544988, stack(0x00007fec6adff000,0x00007fec6aeff000)]
  0x00007fed24219b80 JavaThread "Service Thread" daemon [_thread_blocked, id=544995, stack(0x00007fec6acfe000,0x00007fec6adfe000)]
  0x00007fed2421af90 JavaThread "Monitor Deflation Thread" daemon [_thread_blocked, id=544998, stack(0x00007fec6abfd000,0x00007fec6acfd000)]
  0x00007fed2421c9c0 JavaThread "C2 CompilerThread0" daemon [_thread_blocked, id=545002, stack(0x00007fec6aafc000,0x00007fec6abfc000)]
  0x00007fed2421def0 JavaThread "C1 CompilerThread0" daemon [_thread_blocked, id=545010, stack(0x00007fec6a9fb000,0x00007fec6aafb000)]
  0x00007fed2421ef70 JavaThread "Sweeper thread" daemon [_thread_blocked, id=545016, stack(0x00007fec6a8fa000,0x00007fec6a9fa000)]
  0x00007fed2422b960 JavaThread "Common-Cleaner" daemon [_thread_blocked, id=545024, stack(0x00007fec6a7f9000,0x00007fec6a8f9000)]
  0x00007fec44003700 JavaThread "C1 CompilerThread1" daemon [_thread_blocked, id=545025, stack(0x00007fec6a6f8000,0x00007fec6a7f8000)]
  0x00007fec44004880 JavaThread "C1 CompilerThread2" daemon [_thread_blocked, id=545037, stack(0x00007fec6a5f7000,0x00007fec6a6f7000)]
  0x00007fed2425e740 JavaThread "Notification Thread" daemon [_thread_blocked, id=545038, stack(0x00007fec6a4f6000,0x00007fec6a5f6000)]
  0x00007fed243fc0a0 JavaThread "mutationTestThread" daemon [_thread_blocked, id=545592, stack(0x00007fec6a1f3000,0x00007fec6a2f3000)]
  0x00007fec400c65e0 JavaThread "C2 CompilerThread1" daemon [_thread_blocked, id=545660, stack(0x00007fec6a0f2000,0x00007fec6a1f2000)]
  0x00007fec400c7190 JavaThread "C2 CompilerThread2" daemon [_thread_blocked, id=545704, stack(0x00007fec69ff1000,0x00007fec6a0f1000)]
  0x00007fec400c82f0 JavaThread "C2 CompilerThread3" daemon [_thread_blocked, id=545815, stack(0x00007fec68ddf000,0x00007fec68edf000)]

Other Threads:
=>0x00007fed2420ec30 VMThread "VM Thread" [stack: 0x00007fed28101000,0x00007fed28201000] [id=544980]
  0x00007fed2425ffa0 WatcherThread [stack: 0x00007fec6a2f4000,0x00007fec6a3f4000] [id=545046]
  0x00007fed240680c0 GCTaskThread "GC Thread#0" [stack: 0x00007fed29a3d000,0x00007fed29b3d000] [id=544956]
  0x00007fec6400ae40 GCTaskThread "GC Thread#1" [stack: 0x00007fec69ef0000,0x00007fec69ff0000] [id=545705]
  0x00007fec6400b800 GCTaskThread "GC Thread#2" [stack: 0x00007fec69def000,0x00007fec69eef000] [id=545732]
  0x00007fec6400c1c0 GCTaskThread "GC Thread#3" [stack: 0x00007fec69cee000,0x00007fec69dee000] [id=545734]
  0x00007fec6400cbd0 GCTaskThread "GC Thread#4" [stack: 0x00007fec69bed000,0x00007fec69ced000] [id=545796]
  0x00007fec6400d9d0 GCTaskThread "GC Thread#5" [stack: 0x00007fec69aec000,0x00007fec69bec000] [id=545797]
  0x00007fec6400e800 GCTaskThread "GC Thread#6" [stack: 0x00007fec699eb000,0x00007fec69aeb000] [id=545798]
  0x00007fec6400f630 GCTaskThread "GC Thread#7" [stack: 0x00007fec698ea000,0x00007fec699ea000] [id=545799]
  0x00007fec64010480 GCTaskThread "GC Thread#8" [stack: 0x00007fec697e9000,0x00007fec698e9000] [id=545800]
  0x00007fec640112f0 GCTaskThread "GC Thread#9" [stack: 0x00007fec696e8000,0x00007fec697e8000] [id=545801]
  0x00007fec64012160 GCTaskThread "GC Thread#10" [stack: 0x00007fec695e7000,0x00007fec696e7000] [id=545802]
  0x00007fec64012fd0 GCTaskThread "GC Thread#11" [stack: 0x00007fec694e6000,0x00007fec695e6000] [id=545803]
  0x00007fec64013e40 GCTaskThread "GC Thread#12" [stack: 0x00007fec693e5000,0x00007fec694e5000] [id=545804]
  0x00007fec64014cb0 GCTaskThread "GC Thread#13" [stack: 0x00007fec692e4000,0x00007fec693e4000] [id=545805]
  0x00007fec64015b20 GCTaskThread "GC Thread#14" [stack: 0x00007fec691e3000,0x00007fec692e3000] [id=545806]
  0x00007fec64016990 GCTaskThread "GC Thread#15" [stack: 0x00007fec690e2000,0x00007fec691e2000] [id=545807]
  0x00007fec64017800 GCTaskThread "GC Thread#16" [stack: 0x00007fec68fe1000,0x00007fec690e1000] [id=545808]
  0x00007fec64018670 GCTaskThread "GC Thread#17" [stack: 0x00007fec68ee0000,0x00007fec68fe0000] [id=545809]
  0x00007fed240786e0 ConcurrentGCThread "G1 Main Marker" [stack: 0x00007fed2993c000,0x00007fed29a3c000] [id=544965]
  0x00007fed24079660 ConcurrentGCThread "G1 Conc#0" [stack: 0x00007fed2983b000,0x00007fed2993b000] [id=544968]
  0x00007fed241dc910 ConcurrentGCThread "G1 Refine#0" [stack: 0x00007fed28528000,0x00007fed28628000] [id=544973]
  0x00007fed241dd810 ConcurrentGCThread "G1 Service" [stack: 0x00007fed28427000,0x00007fed28527000] [id=544975]

Threads with active compile tasks:

VM state: at safepoint (normal execution)

VM Mutex/Monitor currently owned by a thread:  ([mutex/lock_event])
[0x00007fed2402e1c0] Threads_lock - owner thread: 0x00007fed2420ec30
[0x00007fed2402e970] Heap_lock - owner thread: 0x00007fed243fc0a0

Heap address: 0x0000000082000000, size: 30688 MB, Compressed Oops mode: Zero based, Oop shift amount: 3

CDS archive(s) mapped at: [0x00007fec6f000000-0x00007fec6fbc9000-0x00007fec6fbc9000), size 12357632, SharedBaseAddress: 0x00007fec6f000000, ArchiveRelocationMode: 1.
Compressed class space mapped at: 0x00007fec70000000-0x00007fecb0000000, reserved size: 1073741824
Narrow klass base: 0x00007fec6f000000, Narrow klass shift: 0, Narrow klass range: 0x100000000

GC Precious Log:
 CPUs: 96 total, 24 available
 Memory: 512G
 Large Page Support: Disabled
 NUMA Support: Disabled
 Compressed Oops: Enabled (Zero based)
 Heap Region Size: 16M
 Heap Min Capacity: 16M
 Heap Initial Capacity: 2G
 Heap Max Capacity: 30688M
 Pre-touch: Disabled
 Parallel Workers: 18
 Concurrent Workers: 5
 Concurrent Refinement Workers: 18
 Periodic GC: Disabled

Heap:
 garbage-first heap   total 2129920K, used 128460K [0x0000000082000000, 0x0000000800000000)
  region size 16384K, 1 young (16384K), 1 survivors (16384K)
 Metaspace       used 5405K, committed 5568K, reserved 1114112K
  class space    used 649K, committed 704K, reserved 1048576K

Heap Regions: E=young(eden), S=young(survivor), O=old, HS=humongous(starts), HC=humongous(continues), CS=collection set, F=free, OA=open archive, CA=closed archive, TAMS=top-at-mark-start (previous, next)
|   0|0x0000000082000000, 0x0000000083000000, 0x0000000083000000|100%| O|  |TAMS 0x0000000082000000, 0x0000000082000000| Untracked 
|   1|0x0000000083000000, 0x0000000084000000, 0x0000000084000000|100%| O|  |TAMS 0x0000000083000000, 0x0000000083000000| Untracked 
|   2|0x0000000084000000, 0x0000000085000000, 0x0000000085000000|100%| O|  |TAMS 0x0000000084000000, 0x0000000084000000| Untracked 
|   3|0x0000000085000000, 0x0000000086000000, 0x0000000086000000|100%| O|  |TAMS 0x0000000085000000, 0x0000000085000000| Untracked 
|   4|0x0000000086000000, 0x0000000087000000, 0x0000000087000000|100%| O|  |TAMS 0x0000000086000000, 0x0000000086000000| Untracked 
|   5|0x0000000087000000, 0x0000000087d86200, 0x0000000088000000| 84%| O|  |TAMS 0x0000000087000000, 0x0000000087000000| Untracked 
|   6|0x0000000088000000, 0x0000000088000000, 0x0000000089000000|  0%| F|  |TAMS 0x0000000088000000, 0x0000000088000000| Untracked 
|   7|0x0000000089000000, 0x0000000089000000, 0x000000008a000000|  0%| F|  |TAMS 0x0000000089000000, 0x0000000089000000| Untracked 
|   8|0x000000008a000000, 0x000000008a000000, 0x000000008b000000|  0%| F|  |TAMS 0x000000008a000000, 0x000000008a000000| Untracked 
|   9|0x000000008b000000, 0x000000008b000000, 0x000000008c000000|  0%| F|  |TAMS 0x000000008b000000, 0x000000008b000000| Untracked 
|  10|0x000000008c000000, 0x000000008c000000, 0x000000008d000000|  0%| F|  |TAMS 0x000000008c000000, 0x000000008c000000| Untracked 
|  11|0x000000008d000000, 0x000000008d000000, 0x000000008e000000|  0%| F|  |TAMS 0x000000008d000000, 0x000000008d000000| Untracked 
|  12|0x000000008e000000, 0x000000008e000000, 0x000000008f000000|  0%| F|  |TAMS 0x000000008e000000, 0x000000008e000000| Untracked 
|  13|0x000000008f000000, 0x000000008f000000, 0x0000000090000000|  0%| F|  |TAMS 0x000000008f000000, 0x000000008f000000| Untracked 
|  14|0x0000000090000000, 0x0000000090000000, 0x0000000091000000|  0%| F|  |TAMS 0x0000000090000000, 0x0000000090000000| Untracked 
|  15|0x0000000091000000, 0x0000000091000000, 0x0000000092000000|  0%| F|  |TAMS 0x0000000091000000, 0x0000000091000000| Untracked 
|  16|0x0000000092000000, 0x0000000092000000, 0x0000000093000000|  0%| F|  |TAMS 0x0000000092000000, 0x0000000092000000| Untracked 
|  17|0x0000000093000000, 0x0000000093000000, 0x0000000094000000|  0%| F|  |TAMS 0x0000000093000000, 0x0000000093000000| Untracked 
|  18|0x0000000094000000, 0x0000000094000000, 0x0000000095000000|  0%| F|  |TAMS 0x0000000094000000, 0x0000000094000000| Untracked 
|  19|0x0000000095000000, 0x0000000095000000, 0x0000000096000000|  0%| F|  |TAMS 0x0000000095000000, 0x0000000095000000| Untracked 
|  20|0x0000000096000000, 0x0000000096000000, 0x0000000097000000|  0%| F|  |TAMS 0x0000000096000000, 0x0000000096000000| Untracked 
|  21|0x0000000097000000, 0x0000000097000000, 0x0000000098000000|  0%| F|  |TAMS 0x0000000097000000, 0x0000000097000000| Untracked 
|  22|0x0000000098000000, 0x0000000098000000, 0x0000000099000000|  0%| F|  |TAMS 0x0000000098000000, 0x0000000098000000| Untracked 
|  23|0x0000000099000000, 0x0000000099000000, 0x000000009a000000|  0%| F|  |TAMS 0x0000000099000000, 0x0000000099000000| Untracked 
|  24|0x000000009a000000, 0x000000009a000000, 0x000000009b000000|  0%| F|  |TAMS 0x000000009a000000, 0x000000009a000000| Untracked 
|  25|0x000000009b000000, 0x000000009b000000, 0x000000009c000000|  0%| F|  |TAMS 0x000000009b000000, 0x000000009b000000| Untracked 
|  26|0x000000009c000000, 0x000000009c000000, 0x000000009d000000|  0%| F|  |TAMS 0x000000009c000000, 0x000000009c000000| Untracked 
|  27|0x000000009d000000, 0x000000009d000000, 0x000000009e000000|  0%| F|  |TAMS 0x000000009d000000, 0x000000009d000000| Untracked 
|  28|0x000000009e000000, 0x000000009e000000, 0x000000009f000000|  0%| F|  |TAMS 0x000000009e000000, 0x000000009e000000| Untracked 
|  29|0x000000009f000000, 0x000000009f000000, 0x00000000a0000000|  0%| F|  |TAMS 0x000000009f000000, 0x000000009f000000| Untracked 
|  30|0x00000000a0000000, 0x00000000a0000000, 0x00000000a1000000|  0%| F|  |TAMS 0x00000000a0000000, 0x00000000a0000000| Untracked 
|  31|0x00000000a1000000, 0x00000000a1000000, 0x00000000a2000000|  0%| F|  |TAMS 0x00000000a1000000, 0x00000000a1000000| Untracked 
|  32|0x00000000a2000000, 0x00000000a2000000, 0x00000000a3000000|  0%| F|  |TAMS 0x00000000a2000000, 0x00000000a2000000| Untracked 
|  33|0x00000000a3000000, 0x00000000a3000000, 0x00000000a4000000|  0%| F|  |TAMS 0x00000000a3000000, 0x00000000a3000000| Untracked 
|  34|0x00000000a4000000, 0x00000000a4000000, 0x00000000a5000000|  0%| F|  |TAMS 0x00000000a4000000, 0x00000000a4000000| Untracked 
|  35|0x00000000a5000000, 0x00000000a5000000, 0x00000000a6000000|  0%| F|  |TAMS 0x00000000a5000000, 0x00000000a5000000| Untracked 
|  36|0x00000000a6000000, 0x00000000a6000000, 0x00000000a7000000|  0%| F|  |TAMS 0x00000000a6000000, 0x00000000a6000000| Untracked 
|  37|0x00000000a7000000, 0x00000000a7000000, 0x00000000a8000000|  0%| F|  |TAMS 0x00000000a7000000, 0x00000000a7000000| Untracked 
|  38|0x00000000a8000000, 0x00000000a8000000, 0x00000000a9000000|  0%| F|  |TAMS 0x00000000a8000000, 0x00000000a8000000| Untracked 
|  39|0x00000000a9000000, 0x00000000a9000000, 0x00000000aa000000|  0%| F|  |TAMS 0x00000000a9000000, 0x00000000a9000000| Untracked 
|  40|0x00000000aa000000, 0x00000000aa000000, 0x00000000ab000000|  0%| F|  |TAMS 0x00000000aa000000, 0x00000000aa000000| Untracked 
|  41|0x00000000ab000000, 0x00000000ab000000, 0x00000000ac000000|  0%| F|  |TAMS 0x00000000ab000000, 0x00000000ab000000| Untracked 
|  42|0x00000000ac000000, 0x00000000ac000000, 0x00000000ad000000|  0%| F|  |TAMS 0x00000000ac000000, 0x00000000ac000000| Untracked 
|  43|0x00000000ad000000, 0x00000000ad000000, 0x00000000ae000000|  0%| F|  |TAMS 0x00000000ad000000, 0x00000000ad000000| Untracked 
|  44|0x00000000ae000000, 0x00000000ae000000, 0x00000000af000000|  0%| F|  |TAMS 0x00000000ae000000, 0x00000000ae000000| Untracked 
|  45|0x00000000af000000, 0x00000000af000000, 0x00000000b0000000|  0%| F|  |TAMS 0x00000000af000000, 0x00000000af000000| Untracked 
|  46|0x00000000b0000000, 0x00000000b0000000, 0x00000000b1000000|  0%| F|  |TAMS 0x00000000b0000000, 0x00000000b0000000| Untracked 
|  47|0x00000000b1000000, 0x00000000b1000000, 0x00000000b2000000|  0%| F|  |TAMS 0x00000000b1000000, 0x00000000b1000000| Untracked 
|  48|0x00000000b2000000, 0x00000000b2000000, 0x00000000b3000000|  0%| F|  |TAMS 0x00000000b2000000, 0x00000000b2000000| Untracked 
|  49|0x00000000b3000000, 0x00000000b3000000, 0x00000000b4000000|  0%| F|  |TAMS 0x00000000b3000000, 0x00000000b3000000| Untracked 
|  50|0x00000000b4000000, 0x00000000b4000000, 0x00000000b5000000|  0%| F|  |TAMS 0x00000000b4000000, 0x00000000b4000000| Untracked 
|  51|0x00000000b5000000, 0x00000000b5000000, 0x00000000b6000000|  0%| F|  |TAMS 0x00000000b5000000, 0x00000000b5000000| Untracked 
|  52|0x00000000b6000000, 0x00000000b6000000, 0x00000000b7000000|  0%| F|  |TAMS 0x00000000b6000000, 0x00000000b6000000| Untracked 
|  53|0x00000000b7000000, 0x00000000b7000000, 0x00000000b8000000|  0%| F|  |TAMS 0x00000000b7000000, 0x00000000b7000000| Untracked 
|  54|0x00000000b8000000, 0x00000000b8000000, 0x00000000b9000000|  0%| F|  |TAMS 0x00000000b8000000, 0x00000000b8000000| Untracked 
|  55|0x00000000b9000000, 0x00000000b9000000, 0x00000000ba000000|  0%| F|  |TAMS 0x00000000b9000000, 0x00000000b9000000| Untracked 
|  56|0x00000000ba000000, 0x00000000ba000000, 0x00000000bb000000|  0%| F|  |TAMS 0x00000000ba000000, 0x00000000ba000000| Untracked 
|  57|0x00000000bb000000, 0x00000000bb000000, 0x00000000bc000000|  0%| F|  |TAMS 0x00000000bb000000, 0x00000000bb000000| Untracked 
|  58|0x00000000bc000000, 0x00000000bc000000, 0x00000000bd000000|  0%| F|  |TAMS 0x00000000bc000000, 0x00000000bc000000| Untracked 
|  59|0x00000000bd000000, 0x00000000bd000000, 0x00000000be000000|  0%| F|  |TAMS 0x00000000bd000000, 0x00000000bd000000| Untracked 
|  60|0x00000000be000000, 0x00000000be000000, 0x00000000bf000000|  0%| F|  |TAMS 0x00000000be000000, 0x00000000be000000| Untracked 
|  61|0x00000000bf000000, 0x00000000bf000000, 0x00000000c0000000|  0%| F|  |TAMS 0x00000000bf000000, 0x00000000bf000000| Untracked 
|  62|0x00000000c0000000, 0x00000000c0000000, 0x00000000c1000000|  0%| F|  |TAMS 0x00000000c0000000, 0x00000000c0000000| Untracked 
|  63|0x00000000c1000000, 0x00000000c1000000, 0x00000000c2000000|  0%| F|  |TAMS 0x00000000c1000000, 0x00000000c1000000| Untracked 
|  64|0x00000000c2000000, 0x00000000c2000000, 0x00000000c3000000|  0%| F|  |TAMS 0x00000000c2000000, 0x00000000c2000000| Untracked 
|  65|0x00000000c3000000, 0x00000000c3000000, 0x00000000c4000000|  0%| F|  |TAMS 0x00000000c3000000, 0x00000000c3000000| Untracked 
|  66|0x00000000c4000000, 0x00000000c4000000, 0x00000000c5000000|  0%| F|  |TAMS 0x00000000c4000000, 0x00000000c4000000| Untracked 
|  67|0x00000000c5000000, 0x00000000c5000000, 0x00000000c6000000|  0%| F|  |TAMS 0x00000000c5000000, 0x00000000c5000000| Untracked 
|  68|0x00000000c6000000, 0x00000000c6000000, 0x00000000c7000000|  0%| F|  |TAMS 0x00000000c6000000, 0x00000000c6000000| Untracked 
|  69|0x00000000c7000000, 0x00000000c7000000, 0x00000000c8000000|  0%| F|  |TAMS 0x00000000c7000000, 0x00000000c7000000| Untracked 
|  70|0x00000000c8000000, 0x00000000c8000000, 0x00000000c9000000|  0%| F|  |TAMS 0x00000000c8000000, 0x00000000c8000000| Untracked 
|  71|0x00000000c9000000, 0x00000000c9000000, 0x00000000ca000000|  0%| F|  |TAMS 0x00000000c9000000, 0x00000000c9000000| Untracked 
|  72|0x00000000ca000000, 0x00000000ca000000, 0x00000000cb000000|  0%| F|  |TAMS 0x00000000ca000000, 0x00000000ca000000| Untracked 
|  73|0x00000000cb000000, 0x00000000cb000000, 0x00000000cc000000|  0%| F|  |TAMS 0x00000000cb000000, 0x00000000cb000000| Untracked 
|  74|0x00000000cc000000, 0x00000000cc000000, 0x00000000cd000000|  0%| F|  |TAMS 0x00000000cc000000, 0x00000000cc000000| Untracked 
|  75|0x00000000cd000000, 0x00000000cd000000, 0x00000000ce000000|  0%| F|  |TAMS 0x00000000cd000000, 0x00000000cd000000| Untracked 
|  76|0x00000000ce000000, 0x00000000ce000000, 0x00000000cf000000|  0%| F|  |TAMS 0x00000000ce000000, 0x00000000ce000000| Untracked 
|  77|0x00000000cf000000, 0x00000000cf000000, 0x00000000d0000000|  0%| F|  |TAMS 0x00000000cf000000, 0x00000000cf000000| Untracked 
|  78|0x00000000d0000000, 0x00000000d0000000, 0x00000000d1000000|  0%| F|  |TAMS 0x00000000d0000000, 0x00000000d0000000| Untracked 
|  79|0x00000000d1000000, 0x00000000d1000000, 0x00000000d2000000|  0%| F|  |TAMS 0x00000000d1000000, 0x00000000d1000000| Untracked 
|  80|0x00000000d2000000, 0x00000000d2000000, 0x00000000d3000000|  0%| F|  |TAMS 0x00000000d2000000, 0x00000000d2000000| Untracked 
|  81|0x00000000d3000000, 0x00000000d3000000, 0x00000000d4000000|  0%| F|  |TAMS 0x00000000d3000000, 0x00000000d3000000| Untracked 
|  82|0x00000000d4000000, 0x00000000d4000000, 0x00000000d5000000|  0%| F|  |TAMS 0x00000000d4000000, 0x00000000d4000000| Untracked 
|  83|0x00000000d5000000, 0x00000000d5000000, 0x00000000d6000000|  0%| F|  |TAMS 0x00000000d5000000, 0x00000000d5000000| Untracked 
|  84|0x00000000d6000000, 0x00000000d6000000, 0x00000000d7000000|  0%| F|  |TAMS 0x00000000d6000000, 0x00000000d6000000| Untracked 
|  85|0x00000000d7000000, 0x00000000d7000000, 0x00000000d8000000|  0%| F|  |TAMS 0x00000000d7000000, 0x00000000d7000000| Untracked 
|  86|0x00000000d8000000, 0x00000000d8000000, 0x00000000d9000000|  0%| F|  |TAMS 0x00000000d8000000, 0x00000000d8000000| Untracked 
|  87|0x00000000d9000000, 0x00000000d9000000, 0x00000000da000000|  0%| F|  |TAMS 0x00000000d9000000, 0x00000000d9000000| Untracked 
|  88|0x00000000da000000, 0x00000000da000000, 0x00000000db000000|  0%| F|  |TAMS 0x00000000da000000, 0x00000000da000000| Untracked 
|  89|0x00000000db000000, 0x00000000db000000, 0x00000000dc000000|  0%| F|  |TAMS 0x00000000db000000, 0x00000000db000000| Untracked 
|  90|0x00000000dc000000, 0x00000000dc000000, 0x00000000dd000000|  0%| F|  |TAMS 0x00000000dc000000, 0x00000000dc000000| Untracked 
|  91|0x00000000dd000000, 0x00000000dd000000, 0x00000000de000000|  0%| F|  |TAMS 0x00000000dd000000, 0x00000000dd000000| Untracked 
|  92|0x00000000de000000, 0x00000000de000000, 0x00000000df000000|  0%| F|  |TAMS 0x00000000de000000, 0x00000000de000000| Untracked 
|  93|0x00000000df000000, 0x00000000df000000, 0x00000000e0000000|  0%| F|  |TAMS 0x00000000df000000, 0x00000000df000000| Untracked 
|  94|0x00000000e0000000, 0x00000000e0000000, 0x00000000e1000000|  0%| F|  |TAMS 0x00000000e0000000, 0x00000000e0000000| Untracked 
|  95|0x00000000e1000000, 0x00000000e1000000, 0x00000000e2000000|  0%| F|  |TAMS 0x00000000e1000000, 0x00000000e1000000| Untracked 
|  96|0x00000000e2000000, 0x00000000e2000000, 0x00000000e3000000|  0%| F|  |TAMS 0x00000000e2000000, 0x00000000e2000000| Untracked 
|  97|0x00000000e3000000, 0x00000000e3000000, 0x00000000e4000000|  0%| F|  |TAMS 0x00000000e3000000, 0x00000000e3000000| Untracked 
|  98|0x00000000e4000000, 0x00000000e4000000, 0x00000000e5000000|  0%| F|  |TAMS 0x00000000e4000000, 0x00000000e4000000| Untracked 
|  99|0x00000000e5000000, 0x00000000e5000000, 0x00000000e6000000|  0%| F|  |TAMS 0x00000000e5000000, 0x00000000e5000000| Untracked 
| 100|0x00000000e6000000, 0x00000000e6000000, 0x00000000e7000000|  0%| F|  |TAMS 0x00000000e6000000, 0x00000000e6000000| Untracked 
| 101|0x00000000e7000000, 0x00000000e7000000, 0x00000000e8000000|  0%| F|  |TAMS 0x00000000e7000000, 0x00000000e7000000| Untracked 
| 102|0x00000000e8000000, 0x00000000e8000000, 0x00000000e9000000|  0%| F|  |TAMS 0x00000000e8000000, 0x00000000e8000000| Untracked 
| 103|0x00000000e9000000, 0x00000000e9000000, 0x00000000ea000000|  0%| F|  |TAMS 0x00000000e9000000, 0x00000000e9000000| Untracked 
| 104|0x00000000ea000000, 0x00000000ea000000, 0x00000000eb000000|  0%| F|  |TAMS 0x00000000ea000000, 0x00000000ea000000| Untracked 
| 105|0x00000000eb000000, 0x00000000eb000000, 0x00000000ec000000|  0%| F|  |TAMS 0x00000000eb000000, 0x00000000eb000000| Untracked 
| 106|0x00000000ec000000, 0x00000000ec000000, 0x00000000ed000000|  0%| F|  |TAMS 0x00000000ec000000, 0x00000000ec000000| Untracked 
| 107|0x00000000ed000000, 0x00000000ed000000, 0x00000000ee000000|  0%| F|  |TAMS 0x00000000ed000000, 0x00000000ed000000| Untracked 
| 108|0x00000000ee000000, 0x00000000ee000000, 0x00000000ef000000|  0%| F|  |TAMS 0x00000000ee000000, 0x00000000ee000000| Untracked 
| 109|0x00000000ef000000, 0x00000000ef000000, 0x00000000f0000000|  0%| F|  |TAMS 0x00000000ef000000, 0x00000000ef000000| Untracked 
| 110|0x00000000f0000000, 0x00000000f0000000, 0x00000000f1000000|  0%| F|  |TAMS 0x00000000f0000000, 0x00000000f0000000| Untracked 
| 111|0x00000000f1000000, 0x00000000f1000000, 0x00000000f2000000|  0%| F|  |TAMS 0x00000000f1000000, 0x00000000f1000000| Untracked 
| 112|0x00000000f2000000, 0x00000000f2000000, 0x00000000f3000000|  0%| F|  |TAMS 0x00000000f2000000, 0x00000000f2000000| Untracked 
| 113|0x00000000f3000000, 0x00000000f3000000, 0x00000000f4000000|  0%| F|  |TAMS 0x00000000f3000000, 0x00000000f3000000| Untracked 
| 114|0x00000000f4000000, 0x00000000f4000000, 0x00000000f5000000|  0%| F|  |TAMS 0x00000000f4000000, 0x00000000f4000000| Untracked 
| 115|0x00000000f5000000, 0x00000000f5000000, 0x00000000f6000000|  0%| F|  |TAMS 0x00000000f5000000, 0x00000000f5000000| Untracked 
| 116|0x00000000f6000000, 0x00000000f6000000, 0x00000000f7000000|  0%| F|  |TAMS 0x00000000f6000000, 0x00000000f6000000| Untracked 
| 117|0x00000000f7000000, 0x00000000f7000000, 0x00000000f8000000|  0%| F|  |TAMS 0x00000000f7000000, 0x00000000f7000000| Untracked 
| 118|0x00000000f8000000, 0x00000000f8000000, 0x00000000f9000000|  0%| F|  |TAMS 0x00000000f8000000, 0x00000000f8000000| Untracked 
| 119|0x00000000f9000000, 0x00000000f9000000, 0x00000000fa000000|  0%| F|  |TAMS 0x00000000f9000000, 0x00000000f9000000| Untracked 
| 120|0x00000000fa000000, 0x00000000fa000000, 0x00000000fb000000|  0%| F|  |TAMS 0x00000000fa000000, 0x00000000fa000000| Untracked 
| 121|0x00000000fb000000, 0x00000000fc000000, 0x00000000fc000000|100%| S|CS|TAMS 0x00000000fb000000, 0x00000000fb000000| Complete 
| 122|0x00000000fc000000, 0x00000000fc000000, 0x00000000fd000000|  0%| F|  |TAMS 0x00000000fc000000, 0x00000000fc000000| Untracked 
| 123|0x00000000fd000000, 0x00000000fd000000, 0x00000000fe000000|  0%| F|  |TAMS 0x00000000fd000000, 0x00000000fd000000| Untracked 
| 124|0x00000000fe000000, 0x00000000fe000000, 0x00000000ff000000|  0%| F|  |TAMS 0x00000000fe000000, 0x00000000fe000000| Untracked 
| 125|0x00000000ff000000, 0x00000000ff000000, 0x0000000100000000|  0%| F|  |TAMS 0x00000000ff000000, 0x00000000ff000000| Untracked 
| 126|0x0000000100000000, 0x0000000100000000, 0x0000000101000000|  0%| F|  |TAMS 0x0000000100000000, 0x0000000100000000| Untracked 
| 127|0x0000000101000000, 0x0000000101000000, 0x0000000102000000|  0%| F|  |TAMS 0x0000000101000000, 0x0000000101000000| Untracked 
|1916|0x00000007fe000000, 0x00000007fef75000, 0x00000007ff000000| 96%|OA|  |TAMS 0x00000007fe000000, 0x00000007fe000000| Untracked 
|1917|0x00000007ff000000, 0x00000007ff078000, 0x0000000800000000|  2%|CA|  |TAMS 0x00000007ff000000, 0x00000007ff000000| Untracked 

Card table byte_map: [0x00007fed05c1e000,0x00007fed0980e000] _byte_map_base: 0x00007fed0580e000

Marking Bits (Prev, Next): (CMBitMap*) 0x00007fed24068b50, (CMBitMap*) 0x00007fed24068b90
 Prev Bits: [0x00007fece40ae000, 0x00007fed0202e000)
 Next Bits: [0x00007fecc612e000, 0x00007fece40ae000)

Polling page: 0x00007fed2db16000

Metaspace:

Usage:
  Non-class:      4.64 MB used.
      Class:    649.52 KB used.
       Both:      5.28 MB used.

Virtual space:
  Non-class space:       64.00 MB reserved,       4.75 MB (  7%) committed,  1 nodes.
      Class space:        1.00 GB reserved,     704.00 KB ( <1%) committed,  1 nodes.
             Both:        1.06 GB reserved,       5.44 MB ( <1%) committed. 

Chunk freelists:
   Non-Class:  10.11 MB
       Class:  15.13 MB
        Both:  25.24 MB

MaxMetaspaceSize: unlimited
CompressedClassSpaceSize: 1.00 GB
Initial GC threshold: 21.00 MB
Current GC threshold: 21.00 MB
CDS: on
MetaspaceReclaimPolicy: balanced
 - commit_granule_bytes: 65536.
 - commit_granule_words: 8192.
 - virtual_space_node_default_size: 8388608.
 - enlarge_chunks_in_place: 1.
 - new_chunks_are_fully_committed: 0.
 - uncommit_free_chunks: 1.
 - use_allocation_guard: 0.
 - handle_deallocations: 1.


Internal statistics:

num_allocs_failed_limit: 0.
num_arena_births: 122.
num_arena_deaths: 0.
num_vsnodes_births: 2.
num_vsnodes_deaths: 0.
num_space_committed: 87.
num_space_uncommitted: 0.
num_chunks_returned_to_freelist: 0.
num_chunks_taken_from_freelist: 266.
num_chunk_merges: 0.
num_chunk_splits: 159.
num_chunks_enlarged: 89.
num_inconsistent_stats: 0.

CodeHeap 'non-profiled nmethods': size=119168Kb used=326Kb max_used=326Kb free=118841Kb
 bounds [0x00007fed14f9e000, 0x00007fed1520e000, 0x00007fed1c3fe000]
CodeHeap 'profiled nmethods': size=119164Kb used=1894Kb max_used=1894Kb free=117269Kb
 bounds [0x00007fed0d3fe000, 0x00007fed0d66e000, 0x00007fed1485d000]
CodeHeap 'non-nmethods': size=7428Kb used=2294Kb max_used=2874Kb free=5133Kb
 bounds [0x00007fed1485d000, 0x00007fed14b3d000, 0x00007fed14f9e000]
 total_blobs=1563 nmethods=1103 adapters=372
 compilation: enabled
              stopped_count=0, restarted_count=0
 full_count=0

Compilation events (20 events):
Event: 2.773 Thread 0x00007fed2421c9c0 1095       4       java.lang.Long::getChars (208 bytes)
Event: 2.774 Thread 0x00007fed2421c9c0 nmethod 1095 0x00007fed14fea890 code [0x00007fed14feaa20, 0x00007fed14fead18]
Event: 2.774 Thread 0x00007fed2421c9c0 1096       4       java.lang.StringBuilder::append (8 bytes)
Event: 3.181 Thread 0x00007fed2421def0 1100       2       java.lang.ref.SoftReference::get (29 bytes)
Event: 3.181 Thread 0x00007fed2421def0 nmethod 1100 0x00007fed0d5d5d90 code [0x00007fed0d5d5f20, 0x00007fed0d5d6070]
Event: 3.181 Thread 0x00007fed2421def0 1104       3       jdk.internal.ref.PhantomCleanable::clean (16 bytes)
Event: 3.181 Thread 0x00007fed2421def0 nmethod 1104 0x00007fed0d5d6110 code [0x00007fed0d5d62e0, 0x00007fed0d5d65a0]
Event: 3.181 Thread 0x00007fed2421def0 1105       3       jdk.internal.ref.CleanerImpl$PhantomCleanableRef::performCleanup (10 bytes)
Event: 3.181 Thread 0x00007fed2421def0 nmethod 1105 0x00007fed0d5d6690 code [0x00007fed0d5d6840, 0x00007fed0d5d6a20]
Event: 3.181 Thread 0x00007fed2421def0 1102       3       java.lang.ref.Reference::enqueueFromPending (19 bytes)
Event: 3.181 Thread 0x00007fed2421def0 nmethod 1102 0x00007fed0d5d6b10 code [0x00007fed0d5d6cc0, 0x00007fed0d5d6ee0]
Event: 3.181 Thread 0x00007fed2421def0 1103   !   3       java.lang.ref.ReferenceQueue::enqueue (119 bytes)
Event: 3.182 Thread 0x00007fed2421def0 nmethod 1103 0x00007fed0d5d6f90 code [0x00007fed0d5d7180, 0x00007fed0d5d7860]
Event: 3.358 Thread 0x00007fec400c65e0 1108       4       java.lang.ref.SoftReference::get (29 bytes)
Event: 3.359 Thread 0x00007fec400c65e0 nmethod 1108 0x00007fed14feb690 code [0x00007fed14feb820, 0x00007fed14feb918]
Event: 3.359 Thread 0x00007fec400c65e0 1107 % !   4       org.apache.commons.beanutils.memoryleaktests.MemoryLeakTestCase::forceGarbageCollection @ 43 (249 bytes)
Event: 3.364 Thread 0x00007fec400c7190 1097       4       java.lang.AbstractStringBuilder::append (60 bytes)
Event: 3.364 Thread 0x00007fed2421c9c0 nmethod 1096 0x00007fed14feb990 code [0x00007fed14febb40, 0x00007fed14fec5d8]
Event: 3.423 Thread 0x00007fec400c7190 nmethod 1097 0x00007fed14fecb10 code [0x00007fed14feccc0, 0x00007fed14fed798]
Event: 3.436 Thread 0x00007fec400c65e0 nmethod 1107% 0x00007fed14fedd10 code [0x00007fed14fedf40, 0x00007fed14fef0a8]

GC Heap History (9 events):
Event: 3.136 GC heap before
{Heap before GC invocations=0 (full 0):
 garbage-first heap   total 2129920K, used 114612K [0x0000000082000000, 0x0000000800000000)
  region size 16384K, 6 young (98304K), 0 survivors (0K)
 Metaspace       used 5403K, committed 5568K, reserved 1114112K
  class space    used 649K, committed 704K, reserved 1048576K
}
Event: 3.178 GC heap after
{Heap after GC invocations=1 (full 0):
 garbage-first heap   total 2129920K, used 38316K [0x0000000082000000, 0x0000000800000000)
  region size 16384K, 1 young (16384K), 1 survivors (16384K)
 Metaspace       used 5403K, committed 5568K, reserved 1114112K
  class space    used 649K, committed 704K, reserved 1048576K
}
Event: 3.334 GC heap before
{Heap before GC invocations=1 (full 0):
 garbage-first heap   total 2129920K, used 103852K [0x0000000082000000, 0x0000000800000000)
  region size 16384K, 6 young (98304K), 1 survivors (16384K)
 Metaspace       used 5405K, committed 5568K, reserved 1114112K
  class space    used 649K, committed 704K, reserved 1048576K
}
Event: 3.358 GC heap after
{Heap after GC invocations=2 (full 0):
 garbage-first heap   total 2129920K, used 60243K [0x0000000082000000, 0x0000000800000000)
  region size 16384K, 1 young (16384K), 1 survivors (16384K)
 Metaspace       used 5405K, committed 5568K, reserved 1114112K
  class space    used 649K, committed 704K, reserved 1048576K
}
Event: 3.366 GC heap before
{Heap before GC invocations=2 (full 0):
 garbage-first heap   total 2129920K, used 142163K [0x0000000082000000, 0x0000000800000000)
  region size 16384K, 6 young (98304K), 1 survivors (16384K)
 Metaspace       used 5405K, committed 5568K, reserved 1114112K
  class space    used 649K, committed 704K, reserved 1048576K
}
Event: 3.385 GC heap after
{Heap after GC invocations=3 (full 0):
 garbage-first heap   total 2129920K, used 82820K [0x0000000082000000, 0x0000000800000000)
  region size 16384K, 1 young (16384K), 1 survivors (16384K)
 Metaspace       used 5405K, committed 5568K, reserved 1114112K
  class space    used 649K, committed 704K, reserved 1048576K
}
Event: 3.394 GC heap before
{Heap before GC invocations=3 (full 0):
 garbage-first heap   total 2129920K, used 164740K [0x0000000082000000, 0x0000000800000000)
  region size 16384K, 6 young (98304K), 1 survivors (16384K)
 Metaspace       used 5405K, committed 5568K, reserved 1114112K
  class space    used 649K, committed 704K, reserved 1048576K
}
Event: 3.422 GC heap after
{Heap after GC invocations=4 (full 0):
 garbage-first heap   total 2129920K, used 105408K [0x0000000082000000, 0x0000000800000000)
  region size 16384K, 1 young (16384K), 1 survivors (16384K)
 Metaspace       used 5405K, committed 5568K, reserved 1114112K
  class space    used 649K, committed 704K, reserved 1048576K
}
Event: 3.448 GC heap before
{Heap before GC invocations=4 (full 0):
 garbage-first heap   total 2129920K, used 187328K [0x0000000082000000, 0x0000000800000000)
  region size 16384K, 6 young (98304K), 1 survivors (16384K)
 Metaspace       used 5405K, committed 5568K, reserved 1114112K
  class space    used 649K, committed 704K, reserved 1048576K
}

Dll operation events (12 events):
Event: 0.009 Loaded shared library /sfs/gpfs/tardis/applications/202512/software/standard/core/java/17/lib/libjava.so
Event: 0.019 Loaded shared library /sfs/gpfs/tardis/applications/202512/software/standard/core/java/17/lib/libzip.so
Event: 0.119 Loaded shared library /sfs/gpfs/tardis/applications/202512/software/standard/core/java/17/lib/libjsvml.so
Event: 0.429 Loaded shared library /sfs/gpfs/tardis/applications/202512/software/standard/core/java/17/lib/libinstrument.so
Event: 0.584 Loaded shared library /sfs/gpfs/tardis/applications/202512/software/standard/core/java/17/lib/libnio.so
Event: 0.590 Loaded shared library /sfs/gpfs/tardis/applications/202512/software/standard/core/java/17/lib/libzip.so
Event: 0.648 Loaded shared library /sfs/gpfs/tardis/applications/202512/software/standard/core/java/17/lib/libjimage.so
Event: 1.168 Loaded shared library /sfs/gpfs/tardis/applications/202512/software/standard/core/java/17/lib/libverify.so
Event: 1.196 Loaded shared library /sfs/gpfs/tardis/applications/202512/software/standard/core/java/17/lib/libnet.so
Event: 1.275 Loaded shared library /sfs/gpfs/tardis/applications/202512/software/standard/core/java/17/lib/libextnet.so
Event: 1.322 Loaded shared library /sfs/gpfs/tardis/applications/202512/software/standard/core/java/17/lib/libmanagement.so
Event: 1.325 Loaded shared library /sfs/gpfs/tardis/applications/202512/software/standard/core/java/17/lib/libmanagement_ext.so

Deoptimization events (20 events):
Event: 2.533 Thread 0x00007fed24032990 Uncommon trap: trap_request=0xffffff45 fr.pc=0x00007fed14fdbb34 relative=0x0000000000000294
Event: 2.533 Thread 0x00007fed24032990 Uncommon trap: reason=unstable_if action=reinterpret pc=0x00007fed14fdbb34 method=java.util.concurrent.ConcurrentHashMap.get(Ljava/lang/Object;)Ljava/lang/Object; @ 76 c2
Event: 2.533 Thread 0x00007fed24032990 DEOPT PACKING pc=0x00007fed14fdbb34 sp=0x00007fed2dafeea0
Event: 2.533 Thread 0x00007fed24032990 DEOPT UNPACKING pc=0x00007fed148b6b19 sp=0x00007fed2dafee38 mode 2
Event: 2.572 Thread 0x00007fed24032990 Uncommon trap: trap_request=0xffffff45 fr.pc=0x00007fed14fda3a4 relative=0x0000000000000464
Event: 2.572 Thread 0x00007fed24032990 Uncommon trap: reason=unstable_if action=reinterpret pc=0x00007fed14fda3a4 method=java.lang.StringLatin1.replace([BCC)Ljava/lang/String; @ 19 c2
Event: 2.572 Thread 0x00007fed24032990 DEOPT PACKING pc=0x00007fed14fda3a4 sp=0x00007fed2db00260
Event: 2.572 Thread 0x00007fed24032990 DEOPT UNPACKING pc=0x00007fed148b6b19 sp=0x00007fed2db001f0 mode 2
Event: 2.616 Thread 0x00007fed243fc0a0 DEOPT PACKING pc=0x00007fed0d4c3d60 sp=0x00007fec6a2ed320
Event: 2.616 Thread 0x00007fed243fc0a0 DEOPT UNPACKING pc=0x00007fed148b764f sp=0x00007fec6a2ec858 mode 0
Event: 2.678 Thread 0x00007fed243fc0a0 Uncommon trap: trap_request=0xffffff6e fr.pc=0x00007fed14fcb920 relative=0x0000000000000180
Event: 2.678 Thread 0x00007fed243fc0a0 Uncommon trap: reason=loop_limit_check action=maybe_recompile pc=0x00007fed14fcb920 method=java.lang.StringLatin1.lastIndexOf([BII)I @ 19 c2
Event: 2.678 Thread 0x00007fed243fc0a0 DEOPT PACKING pc=0x00007fed14fcb920 sp=0x00007fec6a2f04c0
Event: 2.678 Thread 0x00007fed243fc0a0 DEOPT UNPACKING pc=0x00007fed148b6b19 sp=0x00007fec6a2f0460 mode 2
Event: 3.179 Thread 0x00007fed243fc0a0 Uncommon trap: trap_request=0xffffff45 fr.pc=0x00007fed14fe9384 relative=0x00000000000000e4
Event: 3.179 Thread 0x00007fed243fc0a0 Uncommon trap: reason=unstable_if action=reinterpret pc=0x00007fed14fe9384 method=java.lang.ref.SoftReference.get()Ljava/lang/Object; @ 17 c2
Event: 3.179 Thread 0x00007fed243fc0a0 DEOPT PACKING pc=0x00007fed14fe9384 sp=0x00007fec6a2f08f0
Event: 3.179 Thread 0x00007fed243fc0a0 DEOPT UNPACKING pc=0x00007fed148b6b19 sp=0x00007fec6a2f08a0 mode 2
Event: 3.447 Thread 0x00007fed243fc0a0 DEOPT PACKING pc=0x00007fed0d5d042d sp=0x00007fec6a2f0920
Event: 3.447 Thread 0x00007fed243fc0a0 DEOPT UNPACKING pc=0x00007fed148b764f sp=0x00007fec6a2efef0 mode 0

Classes loaded (20 events):
Event: 2.710 Loading class java/net/URLClassLoader$5
Event: 2.710 Loading class java/net/URLClassLoader$5 done
Event: 2.710 Loading class java/net/FactoryURLClassLoader
Event: 2.710 Loading class java/net/FactoryURLClassLoader done
Event: 2.710 Loading class org/apache/commons/beanutils/memoryleaktests/pojotests/SomeMappedPojo
Event: 2.710 Loading class org/apache/commons/beanutils/memoryleaktests/pojotests/SomeMappedPojo done
Event: 2.710 Loading class java/net/URLClassLoader$1
Event: 2.710 Loading class java/net/URLClassLoader$1 done
Event: 2.710 Loading class java/io/FilePermissionCollection
Event: 2.710 Loading class java/io/FilePermissionCollection done
Event: 2.710 Loading class java/util/Vector
Event: 2.711 Loading class java/util/Vector done
Event: 2.711 Loading class java/io/FilePermissionCollection$1
Event: 2.711 Loading class java/io/FilePermissionCollection$1 done
Event: 2.711 Loading class java/beans/MethodRef
Event: 2.711 Loading class java/beans/MethodRef done
Event: 2.711 Loading class org/apache/commons/beanutils/MethodUtils$MethodDescriptor
Event: 2.711 Loading class org/apache/commons/beanutils/MethodUtils$MethodDescriptor done
Event: 2.713 Loading class org/apache/commons/beanutils/MappedPropertyDescriptor$MappedMethodReference
Event: 2.713 Loading class org/apache/commons/beanutils/MappedPropertyDescriptor$MappedMethodReference done

Classes unloaded (0 events):
No events

Classes redefined (1 events):
Event: 2.609 Thread 0x00007fed2420ec30 redefined class name=org.apache.commons.beanutils.locale.LocaleConvertUtilsBean, count=1

Internal exceptions (16 events):
Event: 1.204 Thread 0x00007fed24032990 Exception <a 'java/lang/NoSuchMethodError'{0x0000000101553528}: 'java.lang.Object java.lang.invoke.DirectMethodHandle$Holder.invokeStaticInit(java.lang.Object)'> (0x0000000101553528) 
thrown [src/hotspot/share/interpreter/linkResolver.cpp, line 758]
Event: 1.276 Thread 0x00007fed24032990 Exception <a 'java/lang/NoSuchMethodError'{0x000000010157d8f0}: 'void java.lang.invoke.DirectMethodHandle$Holder.invokeStatic(java.lang.Object, java.lang.Object)'> (0x000000010157d8f0) 
thrown [src/hotspot/share/interpreter/linkResolver.cpp, line 758]
Event: 1.317 Thread 0x00007fed24032990 Exception <a 'java/lang/NoSuchMethodError'{0x00000001015a0ba8}: 'void java.lang.invoke.DirectMethodHandle$Holder.invokeStatic(java.lang.Object, java.lang.Object, java.lang.Object, java.lang.Object)'> (0x00000001015a0ba8) 
thrown [src/hotspot/share/interpreter/linkResolver.cpp, line 758]
Event: 1.329 Thread 0x00007fed24032990 Exception <a 'java/lang/NoSuchMethodError'{0x00000001015ec5c8}: 'int java.lang.invoke.DirectMethodHandle$Holder.invokeSpecial(java.lang.Object, java.lang.Object, java.lang.Object)'> (0x00000001015ec5c8) 
thrown [src/hotspot/share/interpreter/linkResolver.cpp, line 758]
Event: 2.023 Thread 0x00007fed24032990 Exception <a 'java/lang/NoSuchMethodError'{0x0000000101d02d20}: 'java.lang.Object java.lang.invoke.DirectMethodHandle$Holder.invokeInterface(java.lang.Object, java.lang.Object)'> (0x0000000101d02d20) 
thrown [src/hotspot/share/interpreter/linkResolver.cpp, line 758]
Event: 2.025 Thread 0x00007fed24032990 Exception <a 'java/lang/NoSuchMethodError'{0x0000000101d1a858}: 'void java.lang.invoke.DirectMethodHandle$Holder.invokeStaticInit(java.lang.Object, java.lang.Object)'> (0x0000000101d1a858) 
thrown [src/hotspot/share/interpreter/linkResolver.cpp, line 758]
Event: 2.060 Thread 0x00007fed24032990 Exception <a 'java/lang/NoSuchMethodError'{0x0000000101d49b98}: 'java.lang.Object java.lang.invoke.Invokers$Holder.invokeExact_MT(java.lang.Object, java.lang.Object, java.lang.Object, java.lang.Object, java.lang.Object, java.lang.Object)'> (0x0000000101d49b98) 
thrown [src/hotspot/share/interpreter/linkResolver.cpp, line 758]
Event: 2.172 Thread 0x00007fed24032990 Exception <a 'java/lang/NoSuchMethodError'{0x0000000101d8e5e8}: 'int java.lang.invoke.DirectMethodHandle$Holder.invokeSpecialIFC(java.lang.Object, java.lang.Object, java.lang.Object)'> (0x0000000101d8e5e8) 
thrown [src/hotspot/share/interpreter/linkResolver.cpp, line 758]
Event: 2.180 Thread 0x00007fed24032990 Exception <a 'java/lang/NoSuchMethodError'{0x0000000101df0530}: 'void java.lang.invoke.DirectMethodHandle$Holder.invokeInterface(java.lang.Object, java.lang.Object, java.lang.Object)'> (0x0000000101df0530) 
thrown [src/hotspot/share/interpreter/linkResolver.cpp, line 758]
Event: 2.197 Thread 0x00007fed24032990 Exception <a 'java/lang/NoSuchMethodError'{0x0000000101e42fb8}: 'int java.lang.invoke.DirectMethodHandle$Holder.invokeInterface(java.lang.Object, java.lang.Object)'> (0x0000000101e42fb8) 
thrown [src/hotspot/share/interpreter/linkResolver.cpp, line 758]
Event: 2.197 Thread 0x00007fed24032990 Exception <a 'java/lang/IncompatibleClassChangeError'{0x0000000101e464a0}: Found class java.lang.Object, but interface was expected> (0x0000000101e464a0) 
thrown [src/hotspot/share/interpreter/linkResolver.cpp, line 826]
Event: 2.532 Thread 0x00007fed24032990 Exception <a 'java/lang/IncompatibleClassChangeError'{0x0000000100021ca8}: Found class java.lang.Object, but interface was expected> (0x0000000100021ca8) 
thrown [src/hotspot/share/interpreter/linkResolver.cpp, line 826]
Event: 2.545 Thread 0x00007fed24032990 Exception <a 'java/lang/NoSuchMethodError'{0x000000010007efe0}: 'java.lang.Object java.lang.invoke.DirectMethodHandle$Holder.newInvokeSpecial(java.lang.Object, java.lang.Object, java.lang.Object, java.lang.Object, java.lang.Object)'> (0x000000010007efe0) 
thrown [src/hotspot/share/interpreter/linkResolver.cpp, line 758]
Event: 2.551 Thread 0x00007fed24032990 Exception <a 'java/lang/NoSuchMethodError'{0x00000001000e3360}: 'int java.lang.invoke.DirectMethodHandle$Holder.invokeVirtual(java.lang.Object, java.lang.Object)'> (0x00000001000e3360) 
thrown [src/hotspot/share/interpreter/linkResolver.cpp, line 758]
Event: 2.614 Thread 0x00007fed24032990 Exception <a 'java/lang/NoSuchMethodError'{0x00000001003af3a0}: 'void java.lang.invoke.DirectMethodHandle$Holder.invokeSpecial(java.lang.Object, java.lang.Object, java.lang.Object)'> (0x00000001003af3a0) 
thrown [src/hotspot/share/interpreter/linkResolver.cpp, line 758]
Event: 2.657 Thread 0x00007fed243fc0a0 Exception <a 'java/lang/NoClassDefFoundError'{0x00000001004b38c0}: org/apache/log4j/Priority> (0x00000001004b38c0) 
thrown [src/hotspot/share/classfile/systemDictionary.cpp, line 245]

VM Operations (20 events):
Event: 1.152 Executing VM operation: Cleanup done
Event: 1.199 Executing VM operation: HandshakeAllThreads
Event: 1.199 Executing VM operation: HandshakeAllThreads done
Event: 2.199 Executing VM operation: Cleanup
Event: 2.199 Executing VM operation: Cleanup done
Event: 2.253 Executing VM operation: HandshakeAllThreads
Event: 2.289 Executing VM operation: HandshakeAllThreads done
Event: 2.608 Executing VM operation: RedefineClasses
Event: 2.611 Executing VM operation: RedefineClasses done
Event: 2.629 Executing VM operation: HandshakeAllThreads
Event: 2.630 Executing VM operation: HandshakeAllThreads done
Event: 2.775 Executing VM operation: G1CollectForAllocation
Event: 3.178 Executing VM operation: G1CollectForAllocation done
Event: 3.191 Executing VM operation: G1CollectForAllocation
Event: 3.358 Executing VM operation: G1CollectForAllocation done
Event: 3.366 Executing VM operation: G1CollectForAllocation
Event: 3.385 Executing VM operation: G1CollectForAllocation done
Event: 3.393 Executing VM operation: G1CollectForAllocation
Event: 3.422 Executing VM operation: G1CollectForAllocation done
Event: 3.448 Executing VM operation: G1CollectForAllocation

Memory protections (20 events):
Event: 0.153 Protecting memory [0x00007fecc402e000,0x00007fecc4032000] with protection modes 0
Event: 0.178 Protecting memory [0x00007fec6af00000,0x00007fec6af04000] with protection modes 0
Event: 0.242 Protecting memory [0x00007fec6adff000,0x00007fec6ae03000] with protection modes 0
Event: 0.264 Protecting memory [0x00007fec6acfe000,0x00007fec6ad02000] with protection modes 0
Event: 0.293 Protecting memory [0x00007fec6abfd000,0x00007fec6ac01000] with protection modes 0
Event: 0.315 Protecting memory [0x00007fec6aafc000,0x00007fec6ab00000] with protection modes 0
Event: 0.339 Protecting memory [0x00007fec6a9fb000,0x00007fec6a9ff000] with protection modes 0
Event: 0.350 Protecting memory [0x00007fec6a8fa000,0x00007fec6a8fe000] with protection modes 0
Event: 0.416 Protecting memory [0x00007fec6a6f8000,0x00007fec6a6fc000] with protection modes 0
Event: 0.427 Protecting memory [0x00007fec6a7f9000,0x00007fec6a7fd000] with protection modes 0
Event: 0.477 Protecting memory [0x00007fec6a5f7000,0x00007fec6a5fb000] with protection modes 0
Event: 0.490 Protecting memory [0x00007fec6a4f6000,0x00007fec6a4fa000] with protection modes 0
Event: 0.526 Protecting memory [0x00007fec6a3f5000,0x00007fec6a3f9000] with protection modes 0
Event: 0.749 Protecting memory [0x00007fec6a1f3000,0x00007fec6a1f7000] with protection modes 0
Event: 0.773 Protecting memory [0x00007fec6a0f2000,0x00007fec6a0f6000] with protection modes 0
Event: 2.287 Protecting memory [0x00007fec6a1f3000,0x00007fec6a1f7000] with protection modes 0
Event: 2.615 Protecting memory [0x00007fec6a1f3000,0x00007fec6a1f7000] with protection modes 0
Event: 2.739 Protecting memory [0x00007fec6a0f2000,0x00007fec6a0f6000] with protection modes 0
Event: 3.185 Protecting memory [0x00007fec69ff1000,0x00007fec69ff5000] with protection modes 0
Event: 3.358 Protecting memory [0x00007fec68ddf000,0x00007fec68de3000] with protection modes 0

Nmethod flushes (0 events):
No events

Events (20 events):
Event: 0.293 Thread 0x00007fed24032990 Thread added: 0x00007fed2421af90
Event: 0.315 Thread 0x00007fed24032990 Thread added: 0x00007fed2421c9c0
Event: 0.339 Thread 0x00007fed24032990 Thread added: 0x00007fed2421def0
Event: 0.350 Thread 0x00007fed24032990 Thread added: 0x00007fed2421ef70
Event: 0.405 Thread 0x00007fed24032990 Thread added: 0x00007fed2422b960
Event: 0.416 Thread 0x00007fed2421def0 Thread added: 0x00007fec44003700
Event: 0.433 Thread 0x00007fed2421def0 Thread added: 0x00007fec44004880
Event: 0.490 Thread 0x00007fed24032990 Thread added: 0x00007fed2425e740
Event: 0.526 Thread 0x00007fed2421def0 Thread added: 0x00007fec440059d0
Event: 0.749 Thread 0x00007fec44003700 Thread added: 0x00007fec40012bc0
Event: 0.773 Thread 0x00007fec44003700 Thread added: 0x00007fec400147a0
Event: 0.956 Thread 0x00007fec400147a0 Thread exited: 0x00007fec400147a0
Event: 0.956 Thread 0x00007fec40012bc0 Thread exited: 0x00007fec40012bc0
Event: 2.276 Thread 0x00007fec44003700 Thread added: 0x00007fec400c1fc0
Event: 2.395 Thread 0x00007fec400c1fc0 Thread exited: 0x00007fec400c1fc0
Event: 2.615 Thread 0x00007fed24032990 Thread added: 0x00007fed243fc0a0
Event: 2.739 Thread 0x00007fec44003700 Thread added: 0x00007fec400c65e0
Event: 3.178 Thread 0x00007fec44003700 Thread added: 0x00007fec400c7190
Event: 3.358 Thread 0x00007fec44003700 Thread added: 0x00007fec400c82f0
Event: 3.365 Thread 0x00007fec440059d0 Thread exited: 0x00007fec440059d0


Dynamic libraries:
82000000-102000000 rw-p 00000000 00:00 0 
206000000-7fe000000 ---p 00000000 00:00 0 
7fe000000-7fef00000 rw-p 00000000 00:00 0 
7fef00000-7fef75000 rw-p 00c79000 00:33 8596472648                       /sfs/gpfs/tardis/applications/202512/software/standard/core/java/17/lib/server/classes.jsa
7fef75000-7ff000000 rw-p 00000000 00:00 0 
7ff000000-7ff078000 rw-p 00c01000 00:33 8596472648                       /sfs/gpfs/tardis/applications/202512/software/standard/core/java/17/lib/server/classes.jsa
7ff078000-800000000 rw-p 00000000 00:00 0 
555ca614a000-555ca614b000 r--p 00000000 00:33 8596472430                 /sfs/gpfs/tardis/applications/202512/software/standard/core/java/17/bin/java
555ca614b000-555ca614c000 r-xp 00001000 00:33 8596472430                 /sfs/gpfs/tardis/applications/202512/software/standard/core/java/17/bin/java
555ca614c000-555ca614d000 r--p 00002000 00:33 8596472430                 /sfs/gpfs/tardis/applications/202512/software/standard/core/java/17/bin/java
555ca614d000-555ca614e000 r--p 00002000 00:33 8596472430                 /sfs/gpfs/tardis/applications/202512/software/standard/core/java/17/bin/java
555ca614e000-555ca614f000 rw-p 00003000 00:33 8596472430                 /sfs/gpfs/tardis/applications/202512/software/standard/core/java/17/bin/java
555ca743b000-555ca7483000 rw-p 00000000 00:00 0                          [heap]
7febd4000000-7febd4021000 rw-p 00000000 00:00 0 
7febd4021000-7febd8000000 ---p 00000000 00:00 0 
7febdc000000-7febdc021000 rw-p 00000000 00:00 0 
7febdc021000-7febe0000000 ---p 00000000 00:00 0 
7febe0000000-7febe0021000 rw-p 00000000 00:00 0 
7febe0021000-7febe4000000 ---p 00000000 00:00 0 
7febe4000000-7febe4021000 rw-p 00000000 00:00 0 
7febe4021000-7febe8000000 ---p 00000000 00:00 0 
7febe8000000-7febe8021000 rw-p 00000000 00:00 0 
7febe8021000-7febec000000 ---p 00000000 00:00 0 
7febec000000-7febec021000 rw-p 00000000 00:00 0 
7febec021000-7febf0000000 ---p 00000000 00:00 0 
7febf0000000-7febf0021000 rw-p 00000000 00:00 0 
7febf0021000-7febf4000000 ---p 00000000 00:00 0 
7febf4000000-7febf4021000 rw-p 00000000 00:00 0 
7febf4021000-7febf8000000 ---p 00000000 00:00 0 
7febf8000000-7febf8021000 rw-p 00000000 00:00 0 
7febf8021000-7febfc000000 ---p 00000000 00:00 0 
7febfc000000-7febfc021000 rw-p 00000000 00:00 0 
7febfc021000-7fec00000000 ---p 00000000 00:00 0 
7fec00000000-7fec00021000 rw-p 00000000 00:00 0 
7fec00021000-7fec04000000 ---p 00000000 00:00 0 
7fec04000000-7fec04021000 rw-p 00000000 00:00 0 
7fec04021000-7fec08000000 ---p 00000000 00:00 0 
7fec08000000-7fec08021000 rw-p 00000000 00:00 0 
7fec08021000-7fec0c000000 ---p 00000000 00:00 0 
7fec0c000000-7fec0c021000 rw-p 00000000 00:00 0 
7fec0c021000-7fec10000000 ---p 00000000 00:00 0 
7fec10000000-7fec10021000 rw-p 00000000 00:00 0 
7fec10021000-7fec14000000 ---p 00000000 00:00 0 
7fec14000000-7fec14021000 rw-p 00000000 00:00 0 
7fec14021000-7fec18000000 ---p 00000000 00:00 0 
7fec18000000-7fec18021000 rw-p 00000000 00:00 0 
7fec18021000-7fec1c000000 ---p 00000000 00:00 0 
7fec1c000000-7fec1c061000 rw-p 00000000 00:00 0 
7fec1c061000-7fec20000000 ---p 00000000 00:00 0 
7fec20000000-7fec20021000 rw-p 00000000 00:00 0 
7fec20021000-7fec24000000 ---p 00000000 00:00 0 
7fec24000000-7fec24048000 rw-p 00000000 00:00 0 
7fec24048000-7fec28000000 ---p 00000000 00:00 0 
7fec28000000-7fec2803b000 rw-p 00000000 00:00 0 
7fec2803b000-7fec2c000000 ---p 00000000 00:00 0 
7fec2c000000-7fec2c021000 rw-p 00000000 00:00 0 
7fec2c021000-7fec30000000 ---p 00000000 00:00 0 
7fec30000000-7fec30021000 rw-p 00000000 00:00 0 
7fec30021000-7fec34000000 ---p 00000000 00:00 0 
7fec34000000-7fec34061000 rw-p 00000000 00:00 0 
7fec34061000-7fec38000000 ---p 00000000 00:00 0 
7fec38000000-7fec38021000 rw-p 00000000 00:00 0 
7fec38021000-7fec3c000000 ---p 00000000 00:00 0 
7fec3c000000-7fec3c021000 rw-p 00000000 00:00 0 
7fec3c021000-7fec40000000 ---p 00000000 00:00 0 
7fec40000000-7fec400cc000 rw-p 00000000 00:00 0 
7fec400cc000-7fec44000000 ---p 00000000 00:00 0 
7fec44000000-7fec44385000 rw-p 00000000 00:00 0 
7fec44385000-7fec48000000 ---p 00000000 00:00 0 
7fec48000000-7fec48021000 rw-p 00000000 00:00 0 
7fec48021000-7fec4c000000 ---p 00000000 00:00 0 
7fec4c000000-7fec4c021000 rw-p 00000000 00:00 0 
7fec4c021000-7fec50000000 ---p 00000000 00:00 0 
7fec50000000-7fec5012e000 rw-p 00000000 00:00 0 
7fec5012e000-7fec54000000 ---p 00000000 00:00 0 
7fec54000000-7fec54021000 rw-p 00000000 00:00 0 
7fec54021000-7fec58000000 ---p 00000000 00:00 0 
7fec58000000-7fec58021000 rw-p 00000000 00:00 0 
7fec58021000-7fec5c000000 ---p 00000000 00:00 0 
7fec5c000000-7fec5c021000 rw-p 00000000 00:00 0 
7fec5c021000-7fec60000000 ---p 00000000 00:00 0 
7fec60000000-7fec60021000 rw-p 00000000 00:00 0 
7fec60021000-7fec64000000 ---p 00000000 00:00 0 
7fec64000000-7fec64024000 rw-p 00000000 00:00 0 
7fec64024000-7fec68000000 ---p 00000000 00:00 0 
7fec689f6000-7fec68dde000 rw-p 00000000 00:00 0 
7fec68dde000-7fec68ddf000 ---p 00000000 00:00 0 
7fec68ddf000-7fec68de3000 ---p 00000000 00:00 0 
7fec68de3000-7fec68edf000 rw-p 00000000 00:00 0 
7fec68edf000-7fec68ee0000 ---p 00000000 00:00 0 
7fec68ee0000-7fec68fe0000 rw-p 00000000 00:00 0 
7fec68fe0000-7fec68fe1000 ---p 00000000 00:00 0 
7fec68fe1000-7fec690e1000 rw-p 00000000 00:00 0 
7fec690e1000-7fec690e2000 ---p 00000000 00:00 0 
7fec690e2000-7fec691e2000 rw-p 00000000 00:00 0 
7fec691e2000-7fec691e3000 ---p 00000000 00:00 0 
7fec691e3000-7fec692e3000 rw-p 00000000 00:00 0 
7fec692e3000-7fec692e4000 ---p 00000000 00:00 0 
7fec692e4000-7fec693e4000 rw-p 00000000 00:00 0 
7fec693e4000-7fec693e5000 ---p 00000000 00:00 0 
7fec693e5000-7fec694e5000 rw-p 00000000 00:00 0 
7fec694e5000-7fec694e6000 ---p 00000000 00:00 0 
7fec694e6000-7fec695e6000 rw-p 00000000 00:00 0 
7fec695e6000-7fec695e7000 ---p 00000000 00:00 0 
7fec695e7000-7fec696e7000 rw-p 00000000 00:00 0 
7fec696e7000-7fec696e8000 ---p 00000000 00:00 0 
7fec696e8000-7fec697e8000 rw-p 00000000 00:00 0 
7fec697e8000-7fec697e9000 ---p 00000000 00:00 0 
7fec697e9000-7fec698e9000 rw-p 00000000 00:00 0 
7fec698e9000-7fec698ea000 ---p 00000000 00:00 0 
7fec698ea000-7fec699ea000 rw-p 00000000 00:00 0 
7fec699ea000-7fec699eb000 ---p 00000000 00:00 0 
7fec699eb000-7fec69aeb000 rw-p 00000000 00:00 0 
7fec69aeb000-7fec69aec000 ---p 00000000 00:00 0 
7fec69aec000-7fec69bec000 rw-p 00000000 00:00 0 
7fec69bec000-7fec69bed000 ---p 00000000 00:00 0 
7fec69bed000-7fec69ced000 rw-p 00000000 00:00 0 
7fec69ced000-7fec69cee000 ---p 00000000 00:00 0 
7fec69cee000-7fec69dee000 rw-p 00000000 00:00 0 
7fec69dee000-7fec69def000 ---p 00000000 00:00 0 
7fec69def000-7fec69eef000 rw-p 00000000 00:00 0 
7fec69eef000-7fec69ef0000 ---p 00000000 00:00 0 
7fec69ef0000-7fec69ff0000 rw-p 00000000 00:00 0 
7fec69ff0000-7fec69ff1000 ---p 00000000 00:00 0 
7fec69ff1000-7fec69ff5000 ---p 00000000 00:00 0 
7fec69ff5000-7fec6a0f1000 rw-p 00000000 00:00 0 
7fec6a0f1000-7fec6a0f2000 ---p 00000000 00:00 0 
7fec6a0f2000-7fec6a0f6000 ---p 00000000 00:00 0 
7fec6a0f6000-7fec6a1f2000 rw-p 00000000 00:00 0 
7fec6a1f2000-7fec6a1f3000 ---p 00000000 00:00 0 
7fec6a1f3000-7fec6a1f7000 ---p 00000000 00:00 0 
7fec6a1f7000-7fec6a2f3000 rw-p 00000000 00:00 0 
7fec6a2f3000-7fec6a2f4000 ---p 00000000 00:00 0 
7fec6a2f4000-7fec6a3f4000 rw-p 00000000 00:00 0 
7fec6a3f4000-7fec6a3f9000 ---p 00000000 00:00 0 
7fec6a3f9000-7fec6a4f5000 rw-p 00000000 00:00 0 
7fec6a4f5000-7fec6a4f6000 ---p 00000000 00:00 0 
7fec6a4f6000-7fec6a4fa000 ---p 00000000 00:00 0 
7fec6a4fa000-7fec6a5f6000 rw-p 00000000 00:00 0 
7fec6a5f6000-7fec6a5f7000 ---p 00000000 00:00 0 
7fec6a5f7000-7fec6a5fb000 ---p 00000000 00:00 0 
7fec6a5fb000-7fec6a6f7000 rw-p 00000000 00:00 0 
7fec6a6f7000-7fec6a6f8000 ---p 00000000 00:00 0 
7fec6a6f8000-7fec6a6fc000 ---p 00000000 00:00 0 
7fec6a6fc000-7fec6a7f8000 rw-p 00000000 00:00 0 
7fec6a7f8000-7fec6a7f9000 ---p 00000000 00:00 0 
7fec6a7f9000-7fec6a7fd000 ---p 00000000 00:00 0 
7fec6a7fd000-7fec6a8f9000 rw-p 00000000 00:00 0 
7fec6a8f9000-7fec6a8fa000 ---p 00000000 00:00 0 
7fec6a8fa000-7fec6a8fe000 ---p 00000000 00:00 0 
7fec6a8fe000-7fec6a9fa000 rw-p 00000000 00:00 0 
7fec6a9fa000-7fec6a9fb000 ---p 00000000 00:00 0 
7fec6a9fb000-7fec6a9ff000 ---p 00000000 00:00 0 
7fec6a9ff000-7fec6aafb000 rw-p 00000000 00:00 0 
7fec6aafb000-7fec6aafc000 ---p 00000000 00:00 0 
7fec6aafc000-7fec6ab00000 ---p 00000000 00:00 0 
7fec6ab00000-7fec6abfc000 rw-p 00000000 00:00 0 
7fec6abfc000-7fec6abfd000 ---p 00000000 00:00 0 
7fec6abfd000-7fec6ac01000 ---p 00000000 00:00 0 
7fec6ac01000-7fec6acfd000 rw-p 00000000 00:00 0 
7fec6acfd000-7fec6acfe000 ---p 00000000 00:00 0 
7fec6acfe000-7fec6ad02000 ---p 00000000 00:00 0 
7fec6ad02000-7fec6adfe000 rw-p 00000000 00:00 0 
7fec6adfe000-7fec6adff000 ---p 00000000 00:00 0 
7fec6adff000-7fec6ae03000 ---p 00000000 00:00 0 
7fec6ae03000-7fec6aeff000 rw-p 00000000 00:00 0 
7fec6aeff000-7fec6af00000 ---p 00000000 00:00 0 
7fec6af00000-7fec6af04000 ---p 00000000 00:00 0 
7fec6af04000-7fec6b2d0000 rw-p 00000000 00:00 0 
7fec6b2d0000-7fec6b400000 ---p 00000000 00:00 0 
7fec6b400000-7fec6b5f0000 rw-p 00000000 00:00 0 
7fec6b5f0000-7fec6f000000 ---p 00000000 00:00 0 
7fec6f000000-7fec6f455000 rw-p 00001000 00:33 8596472648                 /sfs/gpfs/tardis/applications/202512/software/standard/core/java/17/lib/server/classes.jsa
7fec6f455000-7fec6fbc9000 rw-p 00456000 00:33 8596472648                 /sfs/gpfs/tardis/applications/202512/software/standard/core/java/17/lib/server/classes.jsa
7fec6fbc9000-7fec70000000 ---p 00000000 00:00 0 
7fec70000000-7fec70040000 rw-p 00000000 00:00 0 
7fec70040000-7fec70090000 rw-p 00000000 00:00 0 
7fec70090000-7fec700c0000 ---p 00000000 00:00 0 
7fec700c0000-7fec700e0000 rw-p 00000000 00:00 0 
7fec700e0000-7fecb0000000 ---p 00000000 00:00 0 
7fecb0000000-7fecb0021000 rw-p 00000000 00:00 0 
7fecb0021000-7fecb4000000 ---p 00000000 00:00 0 
7fecb4000000-7fecb4021000 rw-p 00000000 00:00 0 
7fecb4021000-7fecb8000000 ---p 00000000 00:00 0 
7fecb8000000-7fecb8021000 rw-p 00000000 00:00 0 
7fecb8021000-7fecbc000000 ---p 00000000 00:00 0 
7fecbc000000-7fecbc021000 rw-p 00000000 00:00 0 
7fecbc021000-7fecc0000000 ---p 00000000 00:00 0 
7fecc0000000-7fecc0021000 rw-p 00000000 00:00 0 
7fecc0021000-7fecc4000000 ---p 00000000 00:00 0 
7fecc402d000-7fecc402e000 ---p 00000000 00:00 0 
7fecc402e000-7fecc4032000 ---p 00000000 00:00 0 
7fecc4032000-7fecc812e000 rw-p 00000000 00:00 0 
7fecc812e000-7fece402e000 ---p 00000000 00:00 0 
7fece402e000-7fece60ae000 rw-p 00000000 00:00 0 
7fece60ae000-7fed01fae000 ---p 00000000 00:00 0 
7fed01fae000-7fed0242e000 rw-p 00000000 00:00 0 
7fed0242e000-7fed05c0e000 ---p 00000000 00:00 0 
7fed05c0e000-7fed0601e000 rw-p 00000000 00:00 0 
7fed0601e000-7fed097fe000 ---p 00000000 00:00 0 
7fed097fe000-7fed09c0e000 rw-p 00000000 00:00 0 
7fed09c0e000-7fed0d3ee000 ---p 00000000 00:00 0 
7fed0d3ee000-7fed0d3fe000 rw-p 00000000 00:00 0 
7fed0d3fe000-7fed0d66e000 rwxp 00000000 00:00 0 
7fed0d66e000-7fed1485d000 ---p 00000000 00:00 0 
7fed1485d000-7fed14b3d000 rwxp 00000000 00:00 0 
7fed14b3d000-7fed14f9e000 ---p 00000000 00:00 0 
7fed14f9e000-7fed1520e000 rwxp 00000000 00:00 0 
7fed1520e000-7fed1c3fe000 ---p 00000000 00:00 0 
7fed1c3fe000-7fed24000000 r--s 00000000 00:33 8596472637                 /sfs/gpfs/tardis/applications/202512/software/standard/core/java/17/lib/modules
7fed24000000-7fed24464000 rw-p 00000000 00:00 0 
7fed24464000-7fed28000000 ---p 00000000 00:00 0 
7fed280e7000-7fed280e9000 r--p 00000000 00:33 8596472625                 /sfs/gpfs/tardis/applications/202512/software/standard/core/java/17/lib/libmanagement_ext.so
7fed280e9000-7fed280ec000 r-xp 00002000 00:33 8596472625                 /sfs/gpfs/tardis/applications/202512/software/standard/core/java/17/lib/libmanagement_ext.so
7fed280ec000-7fed280ed000 r--p 00005000 00:33 8596472625                 /sfs/gpfs/tardis/applications/202512/software/standard/core/java/17/lib/libmanagement_ext.so
7fed280ed000-7fed280ee000 ---p 00006000 00:33 8596472625                 /sfs/gpfs/tardis/applications/202512/software/standard/core/java/17/lib/libmanagement_ext.so
7fed280ee000-7fed280ef000 r--p 00006000 00:33 8596472625                 /sfs/gpfs/tardis/applications/202512/software/standard/core/java/17/lib/libmanagement_ext.so
7fed280ef000-7fed280f0000 rw-p 00007000 00:33 8596472625                 /sfs/gpfs/tardis/applications/202512/software/standard/core/java/17/lib/libmanagement_ext.so
7fed280f0000-7fed280f4000 r--p 00000000 00:33 8596472635                 /sfs/gpfs/tardis/applications/202512/software/standard/core/java/17/lib/libverify.so
7fed280f4000-7fed280fb000 r-xp 00004000 00:33 8596472635                 /sfs/gpfs/tardis/applications/202512/software/standard/core/java/17/lib/libverify.so
7fed280fb000-7fed280fd000 r--p 0000b000 00:33 8596472635                 /sfs/gpfs/tardis/applications/202512/software/standard/core/java/17/lib/libverify.so
7fed280fd000-7fed280ff000 r--p 0000c000 00:33 8596472635                 /sfs/gpfs/tardis/applications/202512/software/standard/core/java/17/lib/libverify.so
7fed280ff000-7fed28100000 rw-p 0000e000 00:33 8596472635                 /sfs/gpfs/tardis/applications/202512/software/standard/core/java/17/lib/libverify.so
7fed28100000-7fed28101000 ---p 00000000 00:00 0 
7fed28101000-7fed28201000 rw-p 00000000 00:00 0 
7fed28201000-7fed28206000 r--p 00000000 00:33 8596472621                 /sfs/gpfs/tardis/applications/202512/software/standard/core/java/17/lib/libjsvml.so
7fed28206000-7fed28247000 r-xp 00005000 00:33 8596472621                 /sfs/gpfs/tardis/applications/202512/software/standard/core/java/17/lib/libjsvml.so
7fed28247000-7fed282d0000 r--p 00046000 00:33 8596472621                 /sfs/gpfs/tardis/applications/202512/software/standard/core/java/17/lib/libjsvml.so
7fed282d0000-7fed282d1000 r--p 000ce000 00:33 8596472621                 /sfs/gpfs/tardis/applications/202512/software/standard/core/java/17/lib/libjsvml.so
7fed282d1000-7fed282d2000 rw-p 000cf000 00:33 8596472621                 /sfs/gpfs/tardis/applications/202512/software/standard/core/java/17/lib/libjsvml.so
7fed282d2000-7fed283ef000 rw-p 00000000 00:00 0 
7fed283f0000-7fed283f3000 r--p 00000000 00:33 8596472623                 /sfs/gpfs/tardis/applications/202512/software/standard/core/java/17/lib/libmanagement.so
7fed283f3000-7fed283f4000 r-xp 00003000 00:33 8596472623                 /sfs/gpfs/tardis/applications/202512/software/standard/core/java/17/lib/libmanagement.so
7fed283f4000-7fed283f5000 r--p 00004000 00:33 8596472623                 /sfs/gpfs/tardis/applications/202512/software/standard/core/java/17/lib/libmanagement.so
7fed283f5000-7fed283f6000 r--p 00004000 00:33 8596472623                 /sfs/gpfs/tardis/applications/202512/software/standard/core/java/17/lib/libmanagement.so
7fed283f6000-7fed283f7000 rw-p 00005000 00:33 8596472623                 /sfs/gpfs/tardis/applications/202512/software/standard/core/java/17/lib/libmanagement.so
7fed283f7000-7fed283fb000 r--p 00000000 00:33 8596472627                 /sfs/gpfs/tardis/applications/202512/software/standard/core/java/17/lib/libnet.so
7fed283fb000-7fed28409000 r-xp 00004000 00:33 8596472627                 /sfs/gpfs/tardis/applications/202512/software/standard/core/java/17/lib/libnet.so
7fed28409000-7fed2840d000 r--p 00012000 00:33 8596472627                 /sfs/gpfs/tardis/applications/202512/software/standard/core/java/17/lib/libnet.so
7fed2840d000-7fed2840e000 r--p 00015000 00:33 8596472627                 /sfs/gpfs/tardis/applications/202512/software/standard/core/java/17/lib/libnet.so
7fed2840e000-7fed2840f000 rw-p 00016000 00:33 8596472627                 /sfs/gpfs/tardis/applications/202512/software/standard/core/java/17/lib/libnet.so
7fed2840f000-7fed28416000 r--p 00000000 00:33 8596472628                 /sfs/gpfs/tardis/applications/202512/software/standard/core/java/17/lib/libnio.so
7fed28416000-7fed2841f000 r-xp 00007000 00:33 8596472628                 /sfs/gpfs/tardis/applications/202512/software/standard/core/java/17/lib/libnio.so
7fed2841f000-7fed28423000 r--p 00010000 00:33 8596472628                 /sfs/gpfs/tardis/applications/202512/software/standard/core/java/17/lib/libnio.so
7fed28423000-7fed28424000 ---p 00014000 00:33 8596472628                 /sfs/gpfs/tardis/applications/202512/software/standard/core/java/17/lib/libnio.so
7fed28424000-7fed28425000 r--p 00014000 00:33 8596472628                 /sfs/gpfs/tardis/applications/202512/software/standard/core/java/17/lib/libnio.so
7fed28425000-7fed28426000 rw-p 00015000 00:33 8596472628                 /sfs/gpfs/tardis/applications/202512/software/standard/core/java/17/lib/libnio.so
7fed28426000-7fed28427000 ---p 00000000 00:00 0 
7fed28427000-7fed28527000 rw-p 00000000 00:00 0 
7fed28527000-7fed28528000 ---p 00000000 00:00 0 
7fed28528000-7fed2983a000 rw-p 00000000 00:00 0 
7fed2983a000-7fed2983b000 ---p 00000000 00:00 0 
7fed2983b000-7fed2993b000 rw-p 00000000 00:00 0 
7fed2993b000-7fed2993c000 ---p 00000000 00:00 0 
7fed2993c000-7fed29a3c000 rw-p 00000000 00:00 0 
7fed29a3c000-7fed29a3d000 ---p 00000000 00:00 0 
7fed29a3d000-7fed2afb0000 rw-p 00000000 00:00 0 
7fed2afb0000-7fed2b094000 ---p 00000000 00:00 0 
7fed2b094000-7fed2b099000 rw-p 00000000 00:00 0 
7fed2b099000-7fed2b17d000 ---p 00000000 00:00 0 
7fed2b17d000-7fed2b17f000 r--p 00000000 00:33 8596472636                 /sfs/gpfs/tardis/applications/202512/software/standard/core/java/17/lib/libzip.so
7fed2b17f000-7fed2b191000 r-xp 00002000 00:33 8596472636                 /sfs/gpfs/tardis/applications/202512/software/standard/core/java/17/lib/libzip.so
7fed2b191000-7fed2b199000 r--p 00014000 00:33 8596472636                 /sfs/gpfs/tardis/applications/202512/software/standard/core/java/17/lib/libzip.so
7fed2b199000-7fed2b19a000 r--p 0001b000 00:33 8596472636                 /sfs/gpfs/tardis/applications/202512/software/standard/core/java/17/lib/libzip.so
7fed2b19a000-7fed2b19b000 rw-p 0001c000 00:33 8596472636                 /sfs/gpfs/tardis/applications/202512/software/standard/core/java/17/lib/libzip.so
7fed2b19b000-7fed2b1a6000 r-xp 00000000 00:29 41352995                   /usr/lib64/libnss_files-2.28.so
7fed2b1a6000-7fed2b3a6000 ---p 0000b000 00:29 41352995                   /usr/lib64/libnss_files-2.28.so
7fed2b3a6000-7fed2b3a7000 r--p 0000b000 00:29 41352995                   /usr/lib64/libnss_files-2.28.so
7fed2b3a7000-7fed2b3a8000 rw-p 0000c000 00:29 41352995                   /usr/lib64/libnss_files-2.28.so
7fed2b3a8000-7fed2b3ae000 rw-p 00000000 00:00 0 
7fed2b3ae000-7fed2b3b5000 r-xp 00000000 00:29 41352993                   /usr/lib64/libnss_db-2.28.so
7fed2b3b5000-7fed2b5b4000 ---p 00007000 00:29 41352993                   /usr/lib64/libnss_db-2.28.so
7fed2b5b4000-7fed2b5b5000 r--p 00006000 00:29 41352993                   /usr/lib64/libnss_db-2.28.so
7fed2b5b5000-7fed2b5b6000 rw-p 00007000 00:29 41352993                   /usr/lib64/libnss_db-2.28.so
7fed2b5b6000-7fed2b5b9000 rw-p 00000000 00:00 0 
7fed2b5b9000-7fed2b831000 r--p 00000000 00:29 42290259                   /usr/lib/locale/en_US.utf8/LC_COLLATE
7fed2b831000-7fed2b9b2000 r-xp 00000000 00:29 41352876                   /usr/lib64/libm-2.28.so
7fed2b9b2000-7fed2bbb1000 ---p 00181000 00:29 41352876                   /usr/lib64/libm-2.28.so
7fed2bbb1000-7fed2bbb2000 r--p 00180000 00:29 41352876                   /usr/lib64/libm-2.28.so
7fed2bbb2000-7fed2bbb3000 rw-p 00181000 00:29 41352876                   /usr/lib64/libm-2.28.so
7fed2bbb3000-7fed2bbba000 r-xp 00000000 00:29 41353205                   /usr/lib64/librt-2.28.so
7fed2bbba000-7fed2bdb9000 ---p 00007000 00:29 41353205                   /usr/lib64/librt-2.28.so
7fed2bdb9000-7fed2bdba000 r--p 00006000 00:29 41353205                   /usr/lib64/librt-2.28.so
7fed2bdba000-7fed2bdbb000 rw-p 00007000 00:29 41353205                   /usr/lib64/librt-2.28.so
7fed2bdbb000-7fed2c00e000 r--p 00000000 00:33 8596472651                 /sfs/gpfs/tardis/applications/202512/software/standard/core/java/17/lib/server/libjvm.so
7fed2c00e000-7fed2cd37000 r-xp 00253000 00:33 8596472651                 /sfs/gpfs/tardis/applications/202512/software/standard/core/java/17/lib/server/libjvm.so
7fed2cd37000-7fed2cfc4000 r--p 00f7c000 00:33 8596472651                 /sfs/gpfs/tardis/applications/202512/software/standard/core/java/17/lib/server/libjvm.so
7fed2cfc4000-7fed2cfc5000 ---p 01209000 00:33 8596472651                 /sfs/gpfs/tardis/applications/202512/software/standard/core/java/17/lib/server/libjvm.so
7fed2cfc5000-7fed2d07e000 r--p 01209000 00:33 8596472651                 /sfs/gpfs/tardis/applications/202512/software/standard/core/java/17/lib/server/libjvm.so
7fed2d07e000-7fed2d0b3000 rw-p 012c2000 00:33 8596472651                 /sfs/gpfs/tardis/applications/202512/software/standard/core/java/17/lib/server/libjvm.so
7fed2d0b3000-7fed2d10e000 rw-p 00000000 00:00 0 
7fed2d10e000-7fed2d2db000 r-xp 00000000 00:29 41352421                   /usr/lib64/libc-2.28.so
7fed2d2db000-7fed2d4da000 ---p 001cd000 00:29 41352421                   /usr/lib64/libc-2.28.so
7fed2d4da000-7fed2d4de000 r--p 001cc000 00:29 41352421                   /usr/lib64/libc-2.28.so
7fed2d4de000-7fed2d4e0000 rw-p 001d0000 00:29 41352421                   /usr/lib64/libc-2.28.so
7fed2d4e0000-7fed2d4e4000 rw-p 00000000 00:00 0 
7fed2d4e4000-7fed2d4e7000 r-xp 00000000 00:29 41352530                   /usr/lib64/libdl-2.28.so
7fed2d4e7000-7fed2d6e6000 ---p 00003000 00:29 41352530                   /usr/lib64/libdl-2.28.so
7fed2d6e6000-7fed2d6e7000 r--p 00002000 00:29 41352530                   /usr/lib64/libdl-2.28.so
7fed2d6e7000-7fed2d6e8000 rw-p 00003000 00:29 41352530                   /usr/lib64/libdl-2.28.so
7fed2d6e8000-7fed2d703000 r-xp 00000000 00:29 41353149                   /usr/lib64/libpthread-2.28.so
7fed2d703000-7fed2d902000 ---p 0001b000 00:29 41353149                   /usr/lib64/libpthread-2.28.so
7fed2d902000-7fed2d903000 r--p 0001a000 00:29 41353149                   /usr/lib64/libpthread-2.28.so
7fed2d903000-7fed2d904000 rw-p 0001b000 00:29 41353149                   /usr/lib64/libpthread-2.28.so
7fed2d904000-7fed2d908000 rw-p 00000000 00:00 0 
7fed2d908000-7fed2d937000 r-xp 00000000 00:29 41352045                   /usr/lib64/ld-2.28.so
7fed2d93b000-7fed2d93c000 r--p 00000000 00:33 8596472606                 /sfs/gpfs/tardis/applications/202512/software/standard/core/java/17/lib/libextnet.so
7fed2d93c000-7fed2d93d000 r-xp 00001000 00:33 8596472606                 /sfs/gpfs/tardis/applications/202512/software/standard/core/java/17/lib/libextnet.so
7fed2d93d000-7fed2d93e000 r--p 00002000 00:33 8596472606                 /sfs/gpfs/tardis/applications/202512/software/standard/core/java/17/lib/libextnet.so
7fed2d93e000-7fed2d93f000 r--p 00002000 00:33 8596472606                 /sfs/gpfs/tardis/applications/202512/software/standard/core/java/17/lib/libextnet.so
7fed2d93f000-7fed2d940000 rw-p 00003000 00:33 8596472606                 /sfs/gpfs/tardis/applications/202512/software/standard/core/java/17/lib/libextnet.so
7fed2d940000-7fed2d946000 rw-p 00000000 00:00 0 
7fed2d946000-7fed2d94f000 ---p 00000000 00:00 0 
7fed2d94f000-7fed2d950000 r--s 00000000 203:97233 14537680636769927169   /sfs/weka/scratch/wxw9rr/tmp/pitest-agent4979172990101562858.jar
7fed2d950000-7fed2d958000 rw-s 00000000 00:2d 86228280                   /tmp/hsperfdata_wxw9rr/544917
7fed2d958000-7fed2d9ab000 r--p 00000000 00:29 42289927                   /usr/lib/locale/C.utf8/LC_CTYPE
7fed2d9ab000-7fed2d9ac000 r--p 00000000 00:29 42290264                   /usr/lib/locale/en_US.utf8/LC_NUMERIC
7fed2d9ac000-7fed2d9ad000 r--p 00000000 00:29 42290267                   /usr/lib/locale/en_US.utf8/LC_TIME
7fed2d9ad000-7fed2d9ae000 r--p 00000000 00:29 42290262                   /usr/lib/locale/en_US.utf8/LC_MONETARY
7fed2d9ae000-7fed2d9af000 r--p 00000000 00:29 42290268                   /usr/lib/locale/en_US.utf8/LC_MESSAGES/SYS_LC_MESSAGES
7fed2d9af000-7fed2d9b0000 r--p 00000000 00:29 42290265                   /usr/lib/locale/en_US.utf8/LC_PAPER
7fed2d9b0000-7fed2d9b7000 r--s 00000000 00:29 41660342                   /usr/lib64/gconv/gconv-modules.cache
7fed2d9b7000-7fed2d9c5000 r--p 00000000 00:33 8596472613                 /sfs/gpfs/tardis/applications/202512/software/standard/core/java/17/lib/libjava.so
7fed2d9c5000-7fed2d9d7000 r-xp 0000e000 00:33 8596472613                 /sfs/gpfs/tardis/applications/202512/software/standard/core/java/17/lib/libjava.so
7fed2d9d7000-7fed2d9dd000 r--p 00020000 00:33 8596472613                 /sfs/gpfs/tardis/applications/202512/software/standard/core/java/17/lib/libjava.so
7fed2d9dd000-7fed2d9de000 ---p 00026000 00:33 8596472613                 /sfs/gpfs/tardis/applications/202512/software/standard/core/java/17/lib/libjava.so
7fed2d9de000-7fed2d9df000 r--p 00026000 00:33 8596472613                 /sfs/gpfs/tardis/applications/202512/software/standard/core/java/17/lib/libjava.so
7fed2d9df000-7fed2d9e0000 rw-p 00027000 00:33 8596472613                 /sfs/gpfs/tardis/applications/202512/software/standard/core/java/17/lib/libjava.so
7fed2d9e0000-7fed2d9e1000 rw-p 00000000 00:00 0 
7fed2d9e1000-7fed2d9e5000 r--p 00000000 00:33 8596472617                 /sfs/gpfs/tardis/applications/202512/software/standard/core/java/17/lib/libjimage.so
7fed2d9e5000-7fed2d9f8000 r-xp 00004000 00:33 8596472617                 /sfs/gpfs/tardis/applications/202512/software/standard/core/java/17/lib/libjimage.so
7fed2d9f8000-7fed2d9fe000 r--p 00017000 00:33 8596472617                 /sfs/gpfs/tardis/applications/202512/software/standard/core/java/17/lib/libjimage.so
7fed2d9fe000-7fed2da00000 r--p 0001c000 00:33 8596472617                 /sfs/gpfs/tardis/applications/202512/software/standard/core/java/17/lib/libjimage.so
7fed2da00000-7fed2da01000 rw-p 0001e000 00:33 8596472617                 /sfs/gpfs/tardis/applications/202512/software/standard/core/java/17/lib/libjimage.so
7fed2da01000-7fed2da05000 ---p 00000000 00:00 0 
7fed2da05000-7fed2db04000 rw-p 00000000 00:00 0 
7fed2db04000-7fed2db05000 r--p 00000000 00:29 42290263                   /usr/lib/locale/en_US.utf8/LC_NAME
7fed2db05000-7fed2db06000 r--p 00000000 00:29 42290258                   /usr/lib/locale/en_US.utf8/LC_ADDRESS
7fed2db06000-7fed2db07000 r--p 00000000 00:29 42290266                   /usr/lib/locale/en_US.utf8/LC_TELEPHONE
7fed2db07000-7fed2db08000 r--p 00000000 00:29 42290261                   /usr/lib/locale/en_US.utf8/LC_MEASUREMENT
7fed2db08000-7fed2db09000 r--p 00000000 00:29 42290260                   /usr/lib/locale/en_US.utf8/LC_IDENTIFICATION
7fed2db09000-7fed2db0b000 r--p 00000000 00:33 8596472608                 /sfs/gpfs/tardis/applications/202512/software/standard/core/java/17/lib/libinstrument.so
7fed2db0b000-7fed2db11000 r-xp 00002000 00:33 8596472608                 /sfs/gpfs/tardis/applications/202512/software/standard/core/java/17/lib/libinstrument.so
7fed2db11000-7fed2db14000 r--p 00008000 00:33 8596472608                 /sfs/gpfs/tardis/applications/202512/software/standard/core/java/17/lib/libinstrument.so
7fed2db14000-7fed2db15000 r--p 0000a000 00:33 8596472608                 /sfs/gpfs/tardis/applications/202512/software/standard/core/java/17/lib/libinstrument.so
7fed2db15000-7fed2db16000 rw-p 0000b000 00:33 8596472608                 /sfs/gpfs/tardis/applications/202512/software/standard/core/java/17/lib/libinstrument.so
7fed2db16000-7fed2db17000 ---p 00000000 00:00 0 
7fed2db17000-7fed2db18000 r--p 00000000 00:00 0 
7fed2db18000-7fed2db19000 ---p 00000000 00:00 0 
7fed2db19000-7fed2db1c000 r--p 00000000 00:33 8596472618                 /sfs/gpfs/tardis/applications/202512/software/standard/core/java/17/lib/libjli.so
7fed2db1c000-7fed2db2c000 r-xp 00003000 00:33 8596472618                 /sfs/gpfs/tardis/applications/202512/software/standard/core/java/17/lib/libjli.so
7fed2db2c000-7fed2db33000 r--p 00013000 00:33 8596472618                 /sfs/gpfs/tardis/applications/202512/software/standard/core/java/17/lib/libjli.so
7fed2db33000-7fed2db34000 r--p 00019000 00:33 8596472618                 /sfs/gpfs/tardis/applications/202512/software/standard/core/java/17/lib/libjli.so
7fed2db34000-7fed2db35000 rw-p 0001a000 00:33 8596472618                 /sfs/gpfs/tardis/applications/202512/software/standard/core/java/17/lib/libjli.so
7fed2db35000-7fed2db37000 rw-p 00000000 00:00 0 
7fed2db37000-7fed2db38000 r--p 0002f000 00:29 41352045                   /usr/lib64/ld-2.28.so
7fed2db38000-7fed2db3a000 rw-p 00030000 00:29 41352045                   /usr/lib64/ld-2.28.so
7fffe0313000-7fffe0338000 rw-p 00000000 00:00 0                          [stack]
7fffe03c8000-7fffe03cc000 r--p 00000000 00:00 0                          [vvar]
7fffe03cc000-7fffe03ce000 r-xp 00000000 00:00 0                          [vdso]
ffffffffff600000-ffffffffff601000 r-xp 00000000 00:00 0                  [vsyscall]


VM Arguments:
jvm_args: -Dclassworlds.conf=/apps/software/standard/core/maven/3.9.0/bin/m2.conf -Dmaven.home=/apps/software/standard/core/maven/3.9.0 -Dlibrary.jansi.path=/apps/software/standard/core/maven/3.9.0/lib/jansi-native -Dmaven.multiModuleProjectDirectory=/scratch/wxw9rr/artifact/RQ3/OE25-DEV/commons-beanutils-1.9.4 -Djava.io.tmpdir=/sfs/weka/scratch/wxw9rr/tmp -javaagent:/sfs/weka/scratch/wxw9rr/tmp/pitest-agent4979172990101562858.jar -ea -Djava.awt.headless=true -XX:+UseG1GC -Djava.io.tmpdir=/sfs/weka/scratch/wxw9rr/tmp 
java_command: org.pitest.mutationtest.execute.MutationTestMinion 42593
java_class_path (initial): /sfs/weka/scratch/wxw9rr/artifact/RQ3/OE25-DEV/commons-beanutils-1.9.4/target/test-classes:/sfs/weka/scratch/wxw9rr/artifact/RQ3/OE25-DEV/commons-beanutils-1.9.4/target/classes:/home/wxw9rr/.m2/repository/commons-logging/commons-logging/1.2/commons-logging-1.2.jar:/home/wxw9rr/.m2/repository/commons-collections/commons-collections/3.2.2/commons-collections-3.2.2.jar:/home/wxw9rr/.m2/repository/commons-collections/commons-collections-testframework/3.2.1/commons-collections-testframework-3.2.1.jar:/home/wxw9rr/.m2/repository/junit/junit/4.12/junit-4.12.jar:/home/wxw9rr/.m2/repository/org/hamcrest/hamcrest-core/1.3/hamcrest-core-1.3.jar:/home/wxw9rr/.m2/repository/org/pitest/pitest/1.22.0/pitest-1.22.0.jar
Launcher Type: SUN_STANDARD

[Global flags]
     intx CICompilerCount                          = 12                                        {product} {ergonomic}
     uint ConcGCThreads                            = 5                                         {product} {ergonomic}
     uint G1ConcRefinementThreads                  = 18                                        {product} {ergonomic}
   size_t G1HeapRegionSize                         = 16777216                                  {product} {ergonomic}
    uintx GCDrainStackTargetSize                   = 64                                        {product} {ergonomic}
   size_t InitialHeapSize                          = 2147483648                                {product} {ergonomic}
   size_t MarkStackSize                            = 4194304                                   {product} {ergonomic}
   size_t MaxHeapSize                              = 32178700288                               {product} {ergonomic}
   size_t MaxNewSize                               = 19293798400                               {product} {ergonomic}
   size_t MinHeapDeltaBytes                        = 16777216                                  {product} {ergonomic}
   size_t MinHeapSize                              = 16777216                                  {product} {ergonomic}
    uintx NonNMethodCodeHeapSize                   = 7602480                                {pd product} {ergonomic}
    uintx NonProfiledCodeHeapSize                  = 122027880                              {pd product} {ergonomic}
    uintx ProfiledCodeHeapSize                     = 122027880                              {pd product} {ergonomic}
    uintx ReservedCodeCacheSize                    = 251658240                              {pd product} {ergonomic}
     bool SegmentedCodeCache                       = true                                      {product} {ergonomic}
   size_t SoftMaxHeapSize                          = 32178700288                            {manageable} {ergonomic}
     bool UseCompressedClassPointers               = true                           {product lp64_product} {ergonomic}
     bool UseCompressedOops                        = true                           {product lp64_product} {ergonomic}
     bool UseG1GC                                  = true                                      {product} {command line}

Logging:
Log output configuration:
 #0: stdout all=warning uptime,level,tags
 #1: stderr all=off uptime,level,tags

Environment Variables:
JAVA_HOME=/apps/software/standard/core/java/17
_JAVA_OPTIONS=-Djava.io.tmpdir=/sfs/weka/scratch/wxw9rr/tmp
PATH=/apps/software/standard/core/java/17:/apps/software/standard/core/java/17/bin:/apps/software/standard/core/maven/3.9.0:/apps/software/standard/core/maven/3.9.0/bin:/home/wxw9rr/.local/bin:/opt/mam/9.1.2/bin:/sfs/gpfs/tardis/applications/202512/software/standard/core/code-server/4.99.1/lib/vscode/bin/remote-cli:/apps/software/standard/core/code-server/4.99.1/bin:/apps/software/standard/core/miniforge/24.3.0-py3.11:/apps/software/standard/core/miniforge/24.3.0-py3.11/sbin:/apps/software/standard/core/miniforge/24.3.0-py3.11/bin:/sfs/gpfs/tardis/home/wxw9rr/miniforge3/bin:/sfs/gpfs/tardis/home/wxw9rr/miniforge3/condabin:/usr/local/bin:/usr/bin:/usr/local/sbin:/usr/sbin:/opt/slurm/current/bin:/opt/rci/bin:/share/resources/HPCtools:/opt/mam/current/bin:/opt/apptainer/current/bin:/sfs/gpfs/tardis/home/wxw9rr/.local/bin
LD_LIBRARY_PATH=/apps/software/standard/core/java/17/lib:/apps/software/standard/core/maven/3.9.0/lib:/opt/slurm/current/lib
SHELL=/bin/bash
LANG=en_US.UTF-8
TERM=xterm-256color
TMPDIR=/sfs/weka/scratch/wxw9rr/tmp
TMP=/sfs/weka/scratch/wxw9rr/tmp
TEMP=/sfs/weka/scratch/wxw9rr/tmp

Active Locale:
LC_ALL=en_US.UTF-8
LC_COLLATE=en_US.UTF-8
LC_CTYPE=en_US.UTF-8
LC_MESSAGES=en_US.UTF-8
LC_MONETARY=en_US.UTF-8
LC_NUMERIC=en_US.UTF-8
LC_TIME=en_US.UTF-8

Signal Handlers:
   SIGSEGV: crash_handler in libjvm.so, mask=11100100010111111101111111111110, flags=SA_RESTART|SA_SIGINFO, unblocked
    SIGBUS: crash_handler in libjvm.so, mask=11100100010111111101111111111110, flags=SA_RESTART|SA_SIGINFO, unblocked
    SIGFPE: crash_handler in libjvm.so, mask=11100100010111111101111111111110, flags=SA_RESTART|SA_SIGINFO, unblocked
   SIGPIPE: javaSignalHandler in libjvm.so, mask=11100100010111111101111111111110, flags=SA_RESTART|SA_SIGINFO, unblocked
   SIGXFSZ: javaSignalHandler in libjvm.so, mask=11100100010111111101111111111110, flags=SA_RESTART|SA_SIGINFO, unblocked
    SIGILL: crash_handler in libjvm.so, mask=11100100010111111101111111111110, flags=SA_RESTART|SA_SIGINFO, unblocked
   SIGUSR2: SR_handler in libjvm.so, mask=00100000000000000000000000000000, flags=SA_RESTART|SA_SIGINFO, unblocked
    SIGHUP: UserHandler in libjvm.so, mask=11100100010111111101111111111110, flags=SA_RESTART|SA_SIGINFO, unblocked
    SIGINT: UserHandler in libjvm.so, mask=11100100010111111101111111111110, flags=SA_RESTART|SA_SIGINFO, unblocked
   SIGTERM: UserHandler in libjvm.so, mask=11100100010111111101111111111110, flags=SA_RESTART|SA_SIGINFO, unblocked
   SIGQUIT: UserHandler in libjvm.so, mask=11100100010111111101111111111110, flags=SA_RESTART|SA_SIGINFO, unblocked
   SIGTRAP: crash_handler in libjvm.so, mask=11100100010111111101111111111110, flags=SA_RESTART|SA_SIGINFO, unblocked


Periodic native trim disabled


---------------  S Y S T E M  ---------------

OS:
Rocky Linux release 8.10 (Green Obsidian)
uname: Linux 4.18.0-553.47.1.el8_10.x86_64 #1 SMP Thu Apr 3 14:27:08 UTC 2025 x86_64
OS uptime: 88 days 16:48 hours
libc: glibc 2.28 NPTL 2.28 
rlimit (soft/hard): STACK 8192k/infinity , CORE infinity/infinity , NPROC 3094208/3094208 , NOFILE 65536/65536 , AS infinity/infinity , CPU infinity/infinity , DATA infinity/infinity , FSIZE infinity/infinity , MEMLOCK infinity/infinity
load average: 113.55 84.34 52.62

/proc/meminfo:
MemTotal:       792160700 kB
MemFree:        13342660 kB
MemAvailable:   250907688 kB
Buffers:           28000 kB
Cached:         258689940 kB
SwapCached:            0 kB
Active:         93531424 kB
Inactive:       644227772 kB
Active(anon):    9669620 kB
Inactive(anon): 489502000 kB
Active(file):   83861804 kB
Inactive(file): 154725772 kB
Unevictable:    16958460 kB
Mlocked:        16958460 kB
SwapTotal:             0 kB
SwapFree:              0 kB
Dirty:                20 kB
Writeback:             0 kB
AnonPages:      495852348 kB
Mapped:          3436832 kB
Shmem:          19764956 kB
KReclaimable:    4080768 kB
Slab:            6604792 kB
SReclaimable:    4080768 kB
SUnreclaim:      2524024 kB
KernelStack:      111168 kB
PageTables:      1135436 kB
NFS_Unstable:          0 kB
Bounce:                0 kB
WritebackTmp:          0 kB
CommitLimit:    772820100 kB
Committed_AS:   772134916 kB
VmallocTotal:   13743895347199 kB
VmallocUsed:     2472776 kB
VmallocChunk:          0 kB
Percpu:           909312 kB
HardwareCorrupted:     0 kB
AnonHugePages:  171112448 kB
ShmemHugePages:        0 kB
ShmemPmdMapped:        0 kB
FileHugePages:         0 kB
FilePmdMapped:         0 kB
HugePages_Total:    5632
HugePages_Free:        0
HugePages_Rsvd:        0
HugePages_Surp:        0
Hugepagesize:       2048 kB
Hugetlb:        11534336 kB
DirectMap4k:     1240012 kB
DirectMap2M:    201951232 kB
DirectMap1G:    602931200 kB

/sys/kernel/mm/transparent_hugepage/enabled: [always] madvise never
/sys/kernel/mm/transparent_hugepage/hpage_pmd_size: 2097152
/sys/kernel/mm/transparent_hugepage/defrag (defrag/compaction efforts parameter): always defer defer+madvise [madvise] never

Process Memory:
Virtual Size: 32752268K (peak: 37073644K)
Resident Set Size: 267616K (peak: 267616K) (anon: 250076K, file: 17508K, shmem: 32K)
Swapped out: 0K
C-Heap outstanding allocations: 53833K, retained: 5986K
glibc malloc tunables: (default)

/proc/sys/kernel/threads-max (system-wide limit on the number of threads): 6188417
/proc/sys/vm/max_map_count (maximum number of memory map areas a process may have): 65530
/proc/sys/vm/swappiness (control to define how aggressively the kernel swaps out anonymous memory): 10
/proc/sys/kernel/pid_max (system-wide limit on number of process identifiers): 999999

container (cgroup) information:
container_type: cgroupv1
cpu_cpuset_cpus: 0-23
cpu_memory_nodes: 0-1
active_processor_count: 24
cpu_quota: no quota
cpu_period: 100000
cpu_shares: no shares
memory_limit_in_bytes: 536870912 k
memory_and_swap_limit_in_bytes: 536870912 k
memory_soft_limit_in_bytes: unlimited
memory_usage_in_bytes: 432410488 k
memory_max_usage_in_bytes: 440118812 k
kernel_memory_limit_in_bytes: unlimited
kernel_memory_usage_in_bytes: 2494096 k
kernel_memory_max_usage_in_bytes: 2502452 k
maximum number of tasks: unlimited
current number of tasks: 3905

Steal ticks since vm start: 0
Steal ticks percentage since vm start:  0.000

CPU: total 96 (initial active 24) (48 cores per cpu, 1 threads per core) family 25 model 17 stepping 1 microcode 0xa10113b, cx8, cmov, fxsr, mmx, 3dnowpref, sse, sse2, sse3, ssse3, sse4a, sse4.1, sse4.2, popcnt, lzcnt, tsc, tscinvbit, avx, avx2, aes, erms, clmul, bmi1, bmi2, adx, avx512f, avx512dq, avx512cd, avx512bw, avx512vl, sha, fma, vzeroupper, avx512_vpopcntdq, avx512_vpclmulqdq, avx512_vaes, avx512_vnni, clflush, clflushopt, avx512_vbmi2, avx512_vbmi
CPU Model and flags from /proc/cpuinfo:
model name	: AMD EPYC 9454 48-Core Processor
flags		: fpu vme de pse tsc msr pae mce cx8 apic sep mtrr pge mca cmov pat pse36 clflush mmx fxsr sse sse2 ht syscall nx mmxext fxsr_opt pdpe1gb rdtscp lm constant_tsc rep_good amd_lbr_v2 nopl nonstop_tsc cpuid extd_apicid aperfmperf pni pclmulqdq monitor ssse3 fma cx16 pcid sse4_1 sse4_2 x2apic movbe popcnt aes xsave avx f16c rdrand lahf_lm cmp_legacy svm extapic cr8_legacy abm sse4a misalignsse 3dnowprefetch osvw ibs skinit wdt tce topoext perfctr_core perfctr_nb bpext perfctr_llc mwaitx cpb cat_l3 cdp_l3 invpcid_single hw_pstate ssbd mba perfmon_v2 ibrs ibpb stibp ibrs_enhanced vmmcall fsgsbase bmi1 avx2 smep bmi2 erms invpcid cqm rdt_a avx512f avx512dq rdseed adx smap avx512ifma clflushopt clwb avx512cd sha_ni avx512bw avx512vl xsaveopt xsavec xgetbv1 xsaves cqm_llc cqm_occup_llc cqm_mbm_total cqm_mbm_local avx512_bf16 clzero irperf xsaveerptr wbnoinvd amd_ppin cppc arat npt lbrv svm_lock nrip_save tsc_scale vmcb_clean flushbyasid decodeassists pausefilter pfthreshold avic v_vmsave_vmload vgif x2avic v_spec_ctrl avx512vbmi umip pku ospke avx512_vbmi2 gfni vaes vpclmulqdq avx512_vnni avx512_bitalg avx512_vpopcntdq la57 rdpid overflow_recov succor smca fsrm flush_l1d

Online cpus: 0-95
Offline cpus: 96-511
BIOS frequency limitation: 2750000
Frequency switch latency (ns): 0
Available cpu frequencies: 2750000 2100000 1500000 
Current governor: performance
Core performance/turbo boost: 1

Memory: 4k page, physical 536870912k(104766064k free), swap 0k(0k free)
Page Sizes: 4k

vm_info: OpenJDK 64-Bit Server VM (17.0.15+6) for linux-amd64 JRE (17.0.15+6), built on Apr 15 2025 00:00:00 by "admin" with gcc 10.3.0

END.
