#
# There is insufficient memory for the Java Runtime Environment to continue.
# Native memory allocation (mmap) failed to map 4362076160 bytes. Error detail: committing reserved memory.
# Possible reasons:
#   The system is out of physical RAM or swap space
#   This process is running with CompressedOops enabled, and the Java Heap may be blocking the growth of the native heap
# Possible solutions:
#   Reduce memory load on the system
#   Increase physical memory or swap space
#   Check if swap backing store is full
#   Decrease Java heap size (-Xmx/-Xms)
#   Decrease number of Java threads
#   Decrease Java thread stack sizes (-Xss)
#   Set larger code cache with -XX:ReservedCodeCacheSize=
#   JVM is running with Zero Based Compressed Oops mode in which the Java heap is
#     placed in the first 32GB address space. The Java Heap base address is the
#     maximum limit for the native heap growth. Please use -XX:HeapBaseMinAddress
#     to set the Java Heap base and to place the Java Heap above 32GB virtual address.
# This output file may be truncated or incomplete.
#
#  Out of Memory Error (os_linux.cpp:2832), pid=628268, tid=628287
#
# JRE version: OpenJDK Runtime Environment Temurin-17.0.15+6 (17.0.15+6) (build 17.0.15+6)
# Java VM: OpenJDK 64-Bit Server VM Temurin-17.0.15+6 (17.0.15+6, mixed mode, sharing, tiered, compressed oops, compressed class ptrs, g1 gc, linux-amd64)
# Core dump will be written. Default location: Core dumps may be processed with "/usr/lib/systemd/systemd-coredump %P %u %g %s %t %c %h %e" (or dumping to /sfs/weka/scratch/wxw9rr/artifact/RQ3/OE25-DEV/commons-beanutils-1.9.4/core.628268)
#

---------------  S U M M A R Y ------------

Command Line: -Dclassworlds.conf=/apps/software/standard/core/maven/3.9.0/bin/m2.conf -Dmaven.home=/apps/software/standard/core/maven/3.9.0 -Dlibrary.jansi.path=/apps/software/standard/core/maven/3.9.0/lib/jansi-native -Dmaven.multiModuleProjectDirectory=/scratch/wxw9rr/artifact/RQ3/OE25-DEV/commons-beanutils-1.9.4 -Djava.io.tmpdir=/sfs/weka/scratch/wxw9rr/tmp -javaagent:/sfs/weka/scratch/wxw9rr/tmp/pitest-agent4297895672587801351.jar -ea -Djava.awt.headless=true -XX:+UseG1GC -Djava.io.tmpdir=/sfs/weka/scratch/wxw9rr/tmp org.pitest.mutationtest.execute.MutationTestMinion 38091

Host: AMD EPYC 9454 48-Core Processor, 96 cores, 512G, Rocky Linux release 8.10 (Green Obsidian)
Time: Mon Jan 12 02:00:16 2026 EST elapsed time: 4.142744 seconds (0d 0h 0m 4s)

---------------  T H R E A D  ---------------

Current thread (0x00007f9d6c20ec30):  VMThread "VM Thread" [stack: 0x00007f9cffa0f000,0x00007f9cffb0f000] [id=628287]

Stack: [0x00007f9cffa0f000,0x00007f9cffb0f000],  sp=0x00007f9cffb0cd70,  free space=1015k
Native frames: (J=compiled Java code, j=interpreted, Vv=VM code, C=native code)
V  [libjvm.so+0xee9791]  VMError::report_and_die(int, char const*, char const*, __va_list_tag*, Thread*, unsigned char*, void*, void*, char const*, int, unsigned long)+0x1a1
V  [libjvm.so+0xeea37d]  VMError::report_and_die(Thread*, char const*, int, unsigned long, VMErrorType, char const*, __va_list_tag*)+0x2d
V  [libjvm.so+0x60921c]  report_vm_out_of_memory(char const*, int, unsigned long, VMErrorType, char const*, ...)+0xdc
V  [libjvm.so+0xc26ba8]  os::pd_commit_memory_or_exit(char*, unsigned long, unsigned long, bool, char const*)+0xd8
V  [libjvm.so+0xc205ad]  os::commit_memory_or_exit(char*, unsigned long, unsigned long, bool, char const*)+0x1d
V  [libjvm.so+0x73769e]  G1PageBasedVirtualSpace::commit(unsigned long, unsigned long)+0x18e
V  [libjvm.so+0x74bf61]  G1RegionsLargerThanCommitSizeMapper::commit_regions(unsigned int, unsigned long, WorkGang*)+0x1a1
V  [libjvm.so+0x7de418]  HeapRegionManager::commit_regions(unsigned int, unsigned long, WorkGang*)+0x58
V  [libjvm.so+0x7e0262]  HeapRegionManager::expand(unsigned int, unsigned int, WorkGang*)+0x32
V  [libjvm.so+0x7e048e]  HeapRegionManager::expand_by(unsigned int, WorkGang*)+0x7e
V  [libjvm.so+0x6f0fbf]  G1CollectedHeap::expand(unsigned long, WorkGang*, double*)+0xef
V  [libjvm.so+0x6f5291]  G1CollectedHeap::do_collection_pause_at_safepoint_helper(double)+0x9a1
V  [libjvm.so+0x6f53e1]  G1CollectedHeap::do_collection_pause_at_safepoint(double)+0x31
V  [libjvm.so+0x770487]  VM_G1CollectForAllocation::doit()+0x47
V  [libjvm.so+0xeeecbe]  VM_Operation::evaluate()+0xee
V  [libjvm.so+0xef0674]  VMThread::evaluate_operation(VM_Operation*)+0xf4
V  [libjvm.so+0xef0bd4]  VMThread::inner_execute(VM_Operation*)+0x1d4
V  [libjvm.so+0xef0ebf]  VMThread::run()+0xbf
V  [libjvm.so+0xe6c2ca]  Thread::call_run()+0xaa
V  [libjvm.so+0xc29413]  thread_native_entry(Thread*)+0xe3

VM_Operation (0x00007f9cfebfd640): G1CollectForAllocation, mode: safepoint, requested by thread 0x00007f9d6c3d9540


---------------  P R O C E S S  ---------------

Threads class SMR info:
_java_thread_list=0x00007f9c740b7680, length=14, elements={
0x00007f9d6c032990, 0x00007f9d6c212cf0, 0x00007f9d6c2140d0, 0x00007f9d6c218680,
0x00007f9d6c219a30, 0x00007f9d6c21ae40, 0x00007f9d6c21c870, 0x00007f9d6c21dda0,
0x00007f9d6c21f210, 0x00007f9d6c22b810, 0x00007f9c880037a0, 0x00007f9d6c25e570,
0x00007f9c88004940, 0x00007f9d6c3d9540
}

Java Threads: ( => current thread )
  0x00007f9d6c032990 JavaThread "main" [_thread_blocked, id=628274, stack(0x00007f9d75210000,0x00007f9d75311000)]
  0x00007f9d6c212cf0 JavaThread "Reference Handler" daemon [_thread_blocked, id=628290, stack(0x00007f9cff90e000,0x00007f9cffa0e000)]
  0x00007f9d6c2140d0 JavaThread "Finalizer" daemon [_thread_blocked, id=628291, stack(0x00007f9cff80d000,0x00007f9cff90d000)]
  0x00007f9d6c218680 JavaThread "Signal Dispatcher" daemon [_thread_blocked, id=628295, stack(0x00007f9cff70c000,0x00007f9cff80c000)]
  0x00007f9d6c219a30 JavaThread "Service Thread" daemon [_thread_blocked, id=628304, stack(0x00007f9cff60b000,0x00007f9cff70b000)]
  0x00007f9d6c21ae40 JavaThread "Monitor Deflation Thread" daemon [_thread_blocked, id=628305, stack(0x00007f9cff50a000,0x00007f9cff60a000)]
  0x00007f9d6c21c870 JavaThread "C2 CompilerThread0" daemon [_thread_blocked, id=628306, stack(0x00007f9cff409000,0x00007f9cff509000)]
  0x00007f9d6c21dda0 JavaThread "C1 CompilerThread0" daemon [_thread_blocked, id=628307, stack(0x00007f9cff308000,0x00007f9cff408000)]
  0x00007f9d6c21f210 JavaThread "Sweeper thread" daemon [_thread_blocked, id=628314, stack(0x00007f9cff207000,0x00007f9cff307000)]
  0x00007f9d6c22b810 JavaThread "Common-Cleaner" daemon [_thread_blocked, id=628328, stack(0x00007f9cff005000,0x00007f9cff105000)]
  0x00007f9c880037a0 JavaThread "C1 CompilerThread1" daemon [_thread_blocked, id=628322, stack(0x00007f9cff106000,0x00007f9cff206000)]
  0x00007f9d6c25e570 JavaThread "Notification Thread" daemon [_thread_blocked, id=628341, stack(0x00007f9cfee03000,0x00007f9cfef03000)]
  0x00007f9c88004940 JavaThread "C1 CompilerThread2" daemon [_thread_blocked, id=628337, stack(0x00007f9cfef04000,0x00007f9cff004000)]
  0x00007f9d6c3d9540 JavaThread "mutationTestThread" daemon [_thread_blocked, id=629053, stack(0x00007f9cfeb00000,0x00007f9cfec00000)]

Other Threads:
=>0x00007f9d6c20ec30 VMThread "VM Thread" [stack: 0x00007f9cffa0f000,0x00007f9cffb0f000] [id=628287]
  0x00007f9d6c25fe40 WatcherThread [stack: 0x00007f9cfed02000,0x00007f9cfee02000] [id=628342]
  0x00007f9d6c0680c0 GCTaskThread "GC Thread#0" [stack: 0x00007f9d7124c000,0x00007f9d7134c000] [id=628275]
  0x00007f9ca800b060 GCTaskThread "GC Thread#1" [stack: 0x00007f9cfe8fe000,0x00007f9cfe9fe000] [id=629134]
  0x00007f9ca800b630 GCTaskThread "GC Thread#2" [stack: 0x00007f9cfe7fd000,0x00007f9cfe8fd000] [id=629139]
  0x00007f9ca800bc00 GCTaskThread "GC Thread#3" [stack: 0x00007f9cfe6fc000,0x00007f9cfe7fc000] [id=629140]
  0x00007f9ca800c450 GCTaskThread "GC Thread#4" [stack: 0x00007f9cfe5fb000,0x00007f9cfe6fb000] [id=629142]
  0x00007f9ca800cca0 GCTaskThread "GC Thread#5" [stack: 0x00007f9cfe4fa000,0x00007f9cfe5fa000] [id=629144]
  0x00007f9ca800d6e0 GCTaskThread "GC Thread#6" [stack: 0x00007f9cfe3f9000,0x00007f9cfe4f9000] [id=629145]
  0x00007f9ca800e120 GCTaskThread "GC Thread#7" [stack: 0x00007f9cfe2f8000,0x00007f9cfe3f8000] [id=629146]
  0x00007f9ca800eb80 GCTaskThread "GC Thread#8" [stack: 0x00007f9cfe1f7000,0x00007f9cfe2f7000] [id=629149]
  0x00007f9ca800f600 GCTaskThread "GC Thread#9" [stack: 0x00007f9cfe0f6000,0x00007f9cfe1f6000] [id=629154]
  0x00007f9ca8010470 GCTaskThread "GC Thread#10" [stack: 0x00007f9cfdff5000,0x00007f9cfe0f5000] [id=629156]
  0x00007f9ca80112e0 GCTaskThread "GC Thread#11" [stack: 0x00007f9cfdef4000,0x00007f9cfdff4000] [id=629166]
  0x00007f9ca8012150 GCTaskThread "GC Thread#12" [stack: 0x00007f9cfddf3000,0x00007f9cfdef3000] [id=629178]
  0x00007f9ca8012fc0 GCTaskThread "GC Thread#13" [stack: 0x00007f9cfdcf2000,0x00007f9cfddf2000] [id=629179]
  0x00007f9ca8013e30 GCTaskThread "GC Thread#14" [stack: 0x00007f9cfdbf1000,0x00007f9cfdcf1000] [id=629186]
  0x00007f9ca8014ca0 GCTaskThread "GC Thread#15" [stack: 0x00007f9cfdaf0000,0x00007f9cfdbf0000] [id=629187]
  0x00007f9ca8015b10 GCTaskThread "GC Thread#16" [stack: 0x00007f9cfd9ef000,0x00007f9cfdaef000] [id=629189]
  0x00007f9ca8016980 GCTaskThread "GC Thread#17" [stack: 0x00007f9cfd8ee000,0x00007f9cfd9ee000] [id=629190]
  0x00007f9d6c0786e0 ConcurrentGCThread "G1 Main Marker" [stack: 0x00007f9d7114b000,0x00007f9d7124b000] [id=628278]
  0x00007f9d6c079660 ConcurrentGCThread "G1 Conc#0" [stack: 0x00007f9d7104a000,0x00007f9d7114a000] [id=628279]
  0x00007f9d6c1dc910 ConcurrentGCThread "G1 Refine#0" [stack: 0x00007f9cffdff000,0x00007f9cffeff000] [id=628280]
  0x00007f9d6c1dd810 ConcurrentGCThread "G1 Service" [stack: 0x00007f9cffcfe000,0x00007f9cffdfe000] [id=628281]

Threads with active compile tasks:
C2 CompilerThread0     4147 1158 % !   4       org.apache.commons.beanutils.memoryleaktests.MemoryLeakTestCase::forceGarbageCollection @ 43 (249 bytes)

VM state: at safepoint (normal execution)

VM Mutex/Monitor currently owned by a thread:  ([mutex/lock_event])
[0x00007f9d6c02e1c0] Threads_lock - owner thread: 0x00007f9d6c20ec30
[0x00007f9d6c02e970] Heap_lock - owner thread: 0x00007f9d6c3d9540

Heap address: 0x0000000082000000, size: 30688 MB, Compressed Oops mode: Zero based, Oop shift amount: 3

CDS archive(s) mapped at: [0x00007f9caf000000-0x00007f9cafbc9000-0x00007f9cafbc9000), size 12357632, SharedBaseAddress: 0x00007f9caf000000, ArchiveRelocationMode: 1.
Compressed class space mapped at: 0x00007f9cb0000000-0x00007f9cf0000000, reserved size: 1073741824
Narrow klass base: 0x00007f9caf000000, Narrow klass shift: 0, Narrow klass range: 0x100000000

GC Precious Log:
 CPUs: 96 total, 24 available
 Memory: 512G
 Large Page Support: Disabled
 NUMA Support: Disabled
 Compressed Oops: Enabled (Zero based)
 Heap Region Size: 16M
 Heap Min Capacity: 16M
 Heap Initial Capacity: 2G
 Heap Max Capacity: 30688M
 Pre-touch: Disabled
 Parallel Workers: 18
 Concurrent Workers: 5
 Concurrent Refinement Workers: 18
 Periodic GC: Disabled

Heap:
 garbage-first heap   total 2129920K, used 130497K [0x0000000082000000, 0x0000000800000000)
  region size 16384K, 1 young (16384K), 1 survivors (16384K)
 Metaspace       used 5443K, committed 5696K, reserved 1114112K
  class space    used 655K, committed 768K, reserved 1048576K

Heap Regions: E=young(eden), S=young(survivor), O=old, HS=humongous(starts), HC=humongous(continues), CS=collection set, F=free, OA=open archive, CA=closed archive, TAMS=top-at-mark-start (previous, next)
|   0|0x0000000082000000, 0x0000000083000000, 0x0000000083000000|100%| O|  |TAMS 0x0000000082000000, 0x0000000082000000| Untracked 
|   1|0x0000000083000000, 0x0000000084000000, 0x0000000084000000|100%| O|  |TAMS 0x0000000083000000, 0x0000000083000000| Untracked 
|   2|0x0000000084000000, 0x0000000085000000, 0x0000000085000000|100%| O|  |TAMS 0x0000000084000000, 0x0000000084000000| Untracked 
|   3|0x0000000085000000, 0x0000000086000000, 0x0000000086000000|100%| O|  |TAMS 0x0000000085000000, 0x0000000085000000| Untracked 
|   4|0x0000000086000000, 0x0000000087000000, 0x0000000087000000|100%| O|  |TAMS 0x0000000086000000, 0x0000000086000000| Untracked 
|   5|0x0000000087000000, 0x0000000087f83400, 0x0000000088000000| 96%| O|  |TAMS 0x0000000087000000, 0x0000000087000000| Untracked 
|   6|0x0000000088000000, 0x0000000088000000, 0x0000000089000000|  0%| F|  |TAMS 0x0000000088000000, 0x0000000088000000| Untracked 
|   7|0x0000000089000000, 0x0000000089000000, 0x000000008a000000|  0%| F|  |TAMS 0x0000000089000000, 0x0000000089000000| Untracked 
|   8|0x000000008a000000, 0x000000008a000000, 0x000000008b000000|  0%| F|  |TAMS 0x000000008a000000, 0x000000008a000000| Untracked 
|   9|0x000000008b000000, 0x000000008b000000, 0x000000008c000000|  0%| F|  |TAMS 0x000000008b000000, 0x000000008b000000| Untracked 
|  10|0x000000008c000000, 0x000000008c000000, 0x000000008d000000|  0%| F|  |TAMS 0x000000008c000000, 0x000000008c000000| Untracked 
|  11|0x000000008d000000, 0x000000008d000000, 0x000000008e000000|  0%| F|  |TAMS 0x000000008d000000, 0x000000008d000000| Untracked 
|  12|0x000000008e000000, 0x000000008e000000, 0x000000008f000000|  0%| F|  |TAMS 0x000000008e000000, 0x000000008e000000| Untracked 
|  13|0x000000008f000000, 0x000000008f000000, 0x0000000090000000|  0%| F|  |TAMS 0x000000008f000000, 0x000000008f000000| Untracked 
|  14|0x0000000090000000, 0x0000000090000000, 0x0000000091000000|  0%| F|  |TAMS 0x0000000090000000, 0x0000000090000000| Untracked 
|  15|0x0000000091000000, 0x0000000091000000, 0x0000000092000000|  0%| F|  |TAMS 0x0000000091000000, 0x0000000091000000| Untracked 
|  16|0x0000000092000000, 0x0000000092000000, 0x0000000093000000|  0%| F|  |TAMS 0x0000000092000000, 0x0000000092000000| Untracked 
|  17|0x0000000093000000, 0x0000000093000000, 0x0000000094000000|  0%| F|  |TAMS 0x0000000093000000, 0x0000000093000000| Untracked 
|  18|0x0000000094000000, 0x0000000094000000, 0x0000000095000000|  0%| F|  |TAMS 0x0000000094000000, 0x0000000094000000| Untracked 
|  19|0x0000000095000000, 0x0000000095000000, 0x0000000096000000|  0%| F|  |TAMS 0x0000000095000000, 0x0000000095000000| Untracked 
|  20|0x0000000096000000, 0x0000000096000000, 0x0000000097000000|  0%| F|  |TAMS 0x0000000096000000, 0x0000000096000000| Untracked 
|  21|0x0000000097000000, 0x0000000097000000, 0x0000000098000000|  0%| F|  |TAMS 0x0000000097000000, 0x0000000097000000| Untracked 
|  22|0x0000000098000000, 0x0000000098000000, 0x0000000099000000|  0%| F|  |TAMS 0x0000000098000000, 0x0000000098000000| Untracked 
|  23|0x0000000099000000, 0x0000000099000000, 0x000000009a000000|  0%| F|  |TAMS 0x0000000099000000, 0x0000000099000000| Untracked 
|  24|0x000000009a000000, 0x000000009a000000, 0x000000009b000000|  0%| F|  |TAMS 0x000000009a000000, 0x000000009a000000| Untracked 
|  25|0x000000009b000000, 0x000000009b000000, 0x000000009c000000|  0%| F|  |TAMS 0x000000009b000000, 0x000000009b000000| Untracked 
|  26|0x000000009c000000, 0x000000009c000000, 0x000000009d000000|  0%| F|  |TAMS 0x000000009c000000, 0x000000009c000000| Untracked 
|  27|0x000000009d000000, 0x000000009d000000, 0x000000009e000000|  0%| F|  |TAMS 0x000000009d000000, 0x000000009d000000| Untracked 
|  28|0x000000009e000000, 0x000000009e000000, 0x000000009f000000|  0%| F|  |TAMS 0x000000009e000000, 0x000000009e000000| Untracked 
|  29|0x000000009f000000, 0x000000009f000000, 0x00000000a0000000|  0%| F|  |TAMS 0x000000009f000000, 0x000000009f000000| Untracked 
|  30|0x00000000a0000000, 0x00000000a0000000, 0x00000000a1000000|  0%| F|  |TAMS 0x00000000a0000000, 0x00000000a0000000| Untracked 
|  31|0x00000000a1000000, 0x00000000a1000000, 0x00000000a2000000|  0%| F|  |TAMS 0x00000000a1000000, 0x00000000a1000000| Untracked 
|  32|0x00000000a2000000, 0x00000000a2000000, 0x00000000a3000000|  0%| F|  |TAMS 0x00000000a2000000, 0x00000000a2000000| Untracked 
|  33|0x00000000a3000000, 0x00000000a3000000, 0x00000000a4000000|  0%| F|  |TAMS 0x00000000a3000000, 0x00000000a3000000| Untracked 
|  34|0x00000000a4000000, 0x00000000a4000000, 0x00000000a5000000|  0%| F|  |TAMS 0x00000000a4000000, 0x00000000a4000000| Untracked 
|  35|0x00000000a5000000, 0x00000000a5000000, 0x00000000a6000000|  0%| F|  |TAMS 0x00000000a5000000, 0x00000000a5000000| Untracked 
|  36|0x00000000a6000000, 0x00000000a6000000, 0x00000000a7000000|  0%| F|  |TAMS 0x00000000a6000000, 0x00000000a6000000| Untracked 
|  37|0x00000000a7000000, 0x00000000a7000000, 0x00000000a8000000|  0%| F|  |TAMS 0x00000000a7000000, 0x00000000a7000000| Untracked 
|  38|0x00000000a8000000, 0x00000000a8000000, 0x00000000a9000000|  0%| F|  |TAMS 0x00000000a8000000, 0x00000000a8000000| Untracked 
|  39|0x00000000a9000000, 0x00000000a9000000, 0x00000000aa000000|  0%| F|  |TAMS 0x00000000a9000000, 0x00000000a9000000| Untracked 
|  40|0x00000000aa000000, 0x00000000aa000000, 0x00000000ab000000|  0%| F|  |TAMS 0x00000000aa000000, 0x00000000aa000000| Untracked 
|  41|0x00000000ab000000, 0x00000000ab000000, 0x00000000ac000000|  0%| F|  |TAMS 0x00000000ab000000, 0x00000000ab000000| Untracked 
|  42|0x00000000ac000000, 0x00000000ac000000, 0x00000000ad000000|  0%| F|  |TAMS 0x00000000ac000000, 0x00000000ac000000| Untracked 
|  43|0x00000000ad000000, 0x00000000ad000000, 0x00000000ae000000|  0%| F|  |TAMS 0x00000000ad000000, 0x00000000ad000000| Untracked 
|  44|0x00000000ae000000, 0x00000000ae000000, 0x00000000af000000|  0%| F|  |TAMS 0x00000000ae000000, 0x00000000ae000000| Untracked 
|  45|0x00000000af000000, 0x00000000af000000, 0x00000000b0000000|  0%| F|  |TAMS 0x00000000af000000, 0x00000000af000000| Untracked 
|  46|0x00000000b0000000, 0x00000000b0000000, 0x00000000b1000000|  0%| F|  |TAMS 0x00000000b0000000, 0x00000000b0000000| Untracked 
|  47|0x00000000b1000000, 0x00000000b1000000, 0x00000000b2000000|  0%| F|  |TAMS 0x00000000b1000000, 0x00000000b1000000| Untracked 
|  48|0x00000000b2000000, 0x00000000b2000000, 0x00000000b3000000|  0%| F|  |TAMS 0x00000000b2000000, 0x00000000b2000000| Untracked 
|  49|0x00000000b3000000, 0x00000000b3000000, 0x00000000b4000000|  0%| F|  |TAMS 0x00000000b3000000, 0x00000000b3000000| Untracked 
|  50|0x00000000b4000000, 0x00000000b4000000, 0x00000000b5000000|  0%| F|  |TAMS 0x00000000b4000000, 0x00000000b4000000| Untracked 
|  51|0x00000000b5000000, 0x00000000b5000000, 0x00000000b6000000|  0%| F|  |TAMS 0x00000000b5000000, 0x00000000b5000000| Untracked 
|  52|0x00000000b6000000, 0x00000000b6000000, 0x00000000b7000000|  0%| F|  |TAMS 0x00000000b6000000, 0x00000000b6000000| Untracked 
|  53|0x00000000b7000000, 0x00000000b7000000, 0x00000000b8000000|  0%| F|  |TAMS 0x00000000b7000000, 0x00000000b7000000| Untracked 
|  54|0x00000000b8000000, 0x00000000b8000000, 0x00000000b9000000|  0%| F|  |TAMS 0x00000000b8000000, 0x00000000b8000000| Untracked 
|  55|0x00000000b9000000, 0x00000000b9000000, 0x00000000ba000000|  0%| F|  |TAMS 0x00000000b9000000, 0x00000000b9000000| Untracked 
|  56|0x00000000ba000000, 0x00000000ba000000, 0x00000000bb000000|  0%| F|  |TAMS 0x00000000ba000000, 0x00000000ba000000| Untracked 
|  57|0x00000000bb000000, 0x00000000bb000000, 0x00000000bc000000|  0%| F|  |TAMS 0x00000000bb000000, 0x00000000bb000000| Untracked 
|  58|0x00000000bc000000, 0x00000000bc000000, 0x00000000bd000000|  0%| F|  |TAMS 0x00000000bc000000, 0x00000000bc000000| Untracked 
|  59|0x00000000bd000000, 0x00000000bd000000, 0x00000000be000000|  0%| F|  |TAMS 0x00000000bd000000, 0x00000000bd000000| Untracked 
|  60|0x00000000be000000, 0x00000000be000000, 0x00000000bf000000|  0%| F|  |TAMS 0x00000000be000000, 0x00000000be000000| Untracked 
|  61|0x00000000bf000000, 0x00000000bf000000, 0x00000000c0000000|  0%| F|  |TAMS 0x00000000bf000000, 0x00000000bf000000| Untracked 
|  62|0x00000000c0000000, 0x00000000c0000000, 0x00000000c1000000|  0%| F|  |TAMS 0x00000000c0000000, 0x00000000c0000000| Untracked 
|  63|0x00000000c1000000, 0x00000000c1000000, 0x00000000c2000000|  0%| F|  |TAMS 0x00000000c1000000, 0x00000000c1000000| Untracked 
|  64|0x00000000c2000000, 0x00000000c2000000, 0x00000000c3000000|  0%| F|  |TAMS 0x00000000c2000000, 0x00000000c2000000| Untracked 
|  65|0x00000000c3000000, 0x00000000c3000000, 0x00000000c4000000|  0%| F|  |TAMS 0x00000000c3000000, 0x00000000c3000000| Untracked 
|  66|0x00000000c4000000, 0x00000000c4000000, 0x00000000c5000000|  0%| F|  |TAMS 0x00000000c4000000, 0x00000000c4000000| Untracked 
|  67|0x00000000c5000000, 0x00000000c5000000, 0x00000000c6000000|  0%| F|  |TAMS 0x00000000c5000000, 0x00000000c5000000| Untracked 
|  68|0x00000000c6000000, 0x00000000c6000000, 0x00000000c7000000|  0%| F|  |TAMS 0x00000000c6000000, 0x00000000c6000000| Untracked 
|  69|0x00000000c7000000, 0x00000000c7000000, 0x00000000c8000000|  0%| F|  |TAMS 0x00000000c7000000, 0x00000000c7000000| Untracked 
|  70|0x00000000c8000000, 0x00000000c8000000, 0x00000000c9000000|  0%| F|  |TAMS 0x00000000c8000000, 0x00000000c8000000| Untracked 
|  71|0x00000000c9000000, 0x00000000c9000000, 0x00000000ca000000|  0%| F|  |TAMS 0x00000000c9000000, 0x00000000c9000000| Untracked 
|  72|0x00000000ca000000, 0x00000000ca000000, 0x00000000cb000000|  0%| F|  |TAMS 0x00000000ca000000, 0x00000000ca000000| Untracked 
|  73|0x00000000cb000000, 0x00000000cb000000, 0x00000000cc000000|  0%| F|  |TAMS 0x00000000cb000000, 0x00000000cb000000| Untracked 
|  74|0x00000000cc000000, 0x00000000cc000000, 0x00000000cd000000|  0%| F|  |TAMS 0x00000000cc000000, 0x00000000cc000000| Untracked 
|  75|0x00000000cd000000, 0x00000000cd000000, 0x00000000ce000000|  0%| F|  |TAMS 0x00000000cd000000, 0x00000000cd000000| Untracked 
|  76|0x00000000ce000000, 0x00000000ce000000, 0x00000000cf000000|  0%| F|  |TAMS 0x00000000ce000000, 0x00000000ce000000| Untracked 
|  77|0x00000000cf000000, 0x00000000cf000000, 0x00000000d0000000|  0%| F|  |TAMS 0x00000000cf000000, 0x00000000cf000000| Untracked 
|  78|0x00000000d0000000, 0x00000000d0000000, 0x00000000d1000000|  0%| F|  |TAMS 0x00000000d0000000, 0x00000000d0000000| Untracked 
|  79|0x00000000d1000000, 0x00000000d1000000, 0x00000000d2000000|  0%| F|  |TAMS 0x00000000d1000000, 0x00000000d1000000| Untracked 
|  80|0x00000000d2000000, 0x00000000d2000000, 0x00000000d3000000|  0%| F|  |TAMS 0x00000000d2000000, 0x00000000d2000000| Untracked 
|  81|0x00000000d3000000, 0x00000000d3000000, 0x00000000d4000000|  0%| F|  |TAMS 0x00000000d3000000, 0x00000000d3000000| Untracked 
|  82|0x00000000d4000000, 0x00000000d4000000, 0x00000000d5000000|  0%| F|  |TAMS 0x00000000d4000000, 0x00000000d4000000| Untracked 
|  83|0x00000000d5000000, 0x00000000d5000000, 0x00000000d6000000|  0%| F|  |TAMS 0x00000000d5000000, 0x00000000d5000000| Untracked 
|  84|0x00000000d6000000, 0x00000000d6000000, 0x00000000d7000000|  0%| F|  |TAMS 0x00000000d6000000, 0x00000000d6000000| Untracked 
|  85|0x00000000d7000000, 0x00000000d7000000, 0x00000000d8000000|  0%| F|  |TAMS 0x00000000d7000000, 0x00000000d7000000| Untracked 
|  86|0x00000000d8000000, 0x00000000d8000000, 0x00000000d9000000|  0%| F|  |TAMS 0x00000000d8000000, 0x00000000d8000000| Untracked 
|  87|0x00000000d9000000, 0x00000000d9000000, 0x00000000da000000|  0%| F|  |TAMS 0x00000000d9000000, 0x00000000d9000000| Untracked 
|  88|0x00000000da000000, 0x00000000da000000, 0x00000000db000000|  0%| F|  |TAMS 0x00000000da000000, 0x00000000da000000| Untracked 
|  89|0x00000000db000000, 0x00000000db000000, 0x00000000dc000000|  0%| F|  |TAMS 0x00000000db000000, 0x00000000db000000| Untracked 
|  90|0x00000000dc000000, 0x00000000dc000000, 0x00000000dd000000|  0%| F|  |TAMS 0x00000000dc000000, 0x00000000dc000000| Untracked 
|  91|0x00000000dd000000, 0x00000000dd000000, 0x00000000de000000|  0%| F|  |TAMS 0x00000000dd000000, 0x00000000dd000000| Untracked 
|  92|0x00000000de000000, 0x00000000de000000, 0x00000000df000000|  0%| F|  |TAMS 0x00000000de000000, 0x00000000de000000| Untracked 
|  93|0x00000000df000000, 0x00000000df000000, 0x00000000e0000000|  0%| F|  |TAMS 0x00000000df000000, 0x00000000df000000| Untracked 
|  94|0x00000000e0000000, 0x00000000e0000000, 0x00000000e1000000|  0%| F|  |TAMS 0x00000000e0000000, 0x00000000e0000000| Untracked 
|  95|0x00000000e1000000, 0x00000000e1000000, 0x00000000e2000000|  0%| F|  |TAMS 0x00000000e1000000, 0x00000000e1000000| Untracked 
|  96|0x00000000e2000000, 0x00000000e2000000, 0x00000000e3000000|  0%| F|  |TAMS 0x00000000e2000000, 0x00000000e2000000| Untracked 
|  97|0x00000000e3000000, 0x00000000e3000000, 0x00000000e4000000|  0%| F|  |TAMS 0x00000000e3000000, 0x00000000e3000000| Untracked 
|  98|0x00000000e4000000, 0x00000000e4000000, 0x00000000e5000000|  0%| F|  |TAMS 0x00000000e4000000, 0x00000000e4000000| Untracked 
|  99|0x00000000e5000000, 0x00000000e5000000, 0x00000000e6000000|  0%| F|  |TAMS 0x00000000e5000000, 0x00000000e5000000| Untracked 
| 100|0x00000000e6000000, 0x00000000e6000000, 0x00000000e7000000|  0%| F|  |TAMS 0x00000000e6000000, 0x00000000e6000000| Untracked 
| 101|0x00000000e7000000, 0x00000000e7000000, 0x00000000e8000000|  0%| F|  |TAMS 0x00000000e7000000, 0x00000000e7000000| Untracked 
| 102|0x00000000e8000000, 0x00000000e8000000, 0x00000000e9000000|  0%| F|  |TAMS 0x00000000e8000000, 0x00000000e8000000| Untracked 
| 103|0x00000000e9000000, 0x00000000e9000000, 0x00000000ea000000|  0%| F|  |TAMS 0x00000000e9000000, 0x00000000e9000000| Untracked 
| 104|0x00000000ea000000, 0x00000000ea000000, 0x00000000eb000000|  0%| F|  |TAMS 0x00000000ea000000, 0x00000000ea000000| Untracked 
| 105|0x00000000eb000000, 0x00000000eb000000, 0x00000000ec000000|  0%| F|  |TAMS 0x00000000eb000000, 0x00000000eb000000| Untracked 
| 106|0x00000000ec000000, 0x00000000ec000000, 0x00000000ed000000|  0%| F|  |TAMS 0x00000000ec000000, 0x00000000ec000000| Untracked 
| 107|0x00000000ed000000, 0x00000000ed000000, 0x00000000ee000000|  0%| F|  |TAMS 0x00000000ed000000, 0x00000000ed000000| Untracked 
| 108|0x00000000ee000000, 0x00000000ee000000, 0x00000000ef000000|  0%| F|  |TAMS 0x00000000ee000000, 0x00000000ee000000| Untracked 
| 109|0x00000000ef000000, 0x00000000ef000000, 0x00000000f0000000|  0%| F|  |TAMS 0x00000000ef000000, 0x00000000ef000000| Untracked 
| 110|0x00000000f0000000, 0x00000000f0000000, 0x00000000f1000000|  0%| F|  |TAMS 0x00000000f0000000, 0x00000000f0000000| Untracked 
| 111|0x00000000f1000000, 0x00000000f1000000, 0x00000000f2000000|  0%| F|  |TAMS 0x00000000f1000000, 0x00000000f1000000| Untracked 
| 112|0x00000000f2000000, 0x00000000f2000000, 0x00000000f3000000|  0%| F|  |TAMS 0x00000000f2000000, 0x00000000f2000000| Untracked 
| 113|0x00000000f3000000, 0x00000000f3000000, 0x00000000f4000000|  0%| F|  |TAMS 0x00000000f3000000, 0x00000000f3000000| Untracked 
| 114|0x00000000f4000000, 0x00000000f4000000, 0x00000000f5000000|  0%| F|  |TAMS 0x00000000f4000000, 0x00000000f4000000| Untracked 
| 115|0x00000000f5000000, 0x00000000f5000000, 0x00000000f6000000|  0%| F|  |TAMS 0x00000000f5000000, 0x00000000f5000000| Untracked 
| 116|0x00000000f6000000, 0x00000000f6000000, 0x00000000f7000000|  0%| F|  |TAMS 0x00000000f6000000, 0x00000000f6000000| Untracked 
| 117|0x00000000f7000000, 0x00000000f7000000, 0x00000000f8000000|  0%| F|  |TAMS 0x00000000f7000000, 0x00000000f7000000| Untracked 
| 118|0x00000000f8000000, 0x00000000f8000000, 0x00000000f9000000|  0%| F|  |TAMS 0x00000000f8000000, 0x00000000f8000000| Untracked 
| 119|0x00000000f9000000, 0x00000000f9000000, 0x00000000fa000000|  0%| F|  |TAMS 0x00000000f9000000, 0x00000000f9000000| Untracked 
| 120|0x00000000fa000000, 0x00000000fa000000, 0x00000000fb000000|  0%| F|  |TAMS 0x00000000fa000000, 0x00000000fa000000| Untracked 
| 121|0x00000000fb000000, 0x00000000fc000000, 0x00000000fc000000|100%| S|CS|TAMS 0x00000000fb000000, 0x00000000fb000000| Complete 
| 122|0x00000000fc000000, 0x00000000fc000000, 0x00000000fd000000|  0%| F|  |TAMS 0x00000000fc000000, 0x00000000fc000000| Untracked 
| 123|0x00000000fd000000, 0x00000000fd000000, 0x00000000fe000000|  0%| F|  |TAMS 0x00000000fd000000, 0x00000000fd000000| Untracked 
| 124|0x00000000fe000000, 0x00000000fe000000, 0x00000000ff000000|  0%| F|  |TAMS 0x00000000fe000000, 0x00000000fe000000| Untracked 
| 125|0x00000000ff000000, 0x00000000ff000000, 0x0000000100000000|  0%| F|  |TAMS 0x00000000ff000000, 0x00000000ff000000| Untracked 
| 126|0x0000000100000000, 0x0000000100000000, 0x0000000101000000|  0%| F|  |TAMS 0x0000000100000000, 0x0000000100000000| Untracked 
| 127|0x0000000101000000, 0x0000000101000000, 0x0000000102000000|  0%| F|  |TAMS 0x0000000101000000, 0x0000000101000000| Untracked 
|1916|0x00000007fe000000, 0x00000007fef75000, 0x00000007ff000000| 96%|OA|  |TAMS 0x00000007fe000000, 0x00000007fe000000| Untracked 
|1917|0x00000007ff000000, 0x00000007ff078000, 0x0000000800000000|  2%|CA|  |TAMS 0x00000007ff000000, 0x00000007ff000000| Untracked 

Card table byte_map: [0x00007f9d4dc1e000,0x00007f9d5180e000] _byte_map_base: 0x00007f9d4d80e000

Marking Bits (Prev, Next): (CMBitMap*) 0x00007f9d6c068b50, (CMBitMap*) 0x00007f9d6c068b90
 Prev Bits: [0x00007f9d2c0ae000, 0x00007f9d4a02e000)
 Next Bits: [0x00007f9d0e12e000, 0x00007f9d2c0ae000)

Polling page: 0x00007f9d75325000

Metaspace:

Usage:
  Non-class:      4.68 MB used.
      Class:    655.17 KB used.
       Both:      5.32 MB used.

Virtual space:
  Non-class space:       64.00 MB reserved,       4.81 MB (  8%) committed,  1 nodes.
      Class space:        1.00 GB reserved,     768.00 KB ( <1%) committed,  1 nodes.
             Both:        1.06 GB reserved,       5.56 MB ( <1%) committed. 

Chunk freelists:
   Non-Class:  10.09 MB
       Class:  15.11 MB
        Both:  25.20 MB

MaxMetaspaceSize: unlimited
CompressedClassSpaceSize: 1.00 GB
Initial GC threshold: 21.00 MB
Current GC threshold: 21.00 MB
CDS: on
MetaspaceReclaimPolicy: balanced
 - commit_granule_bytes: 65536.
 - commit_granule_words: 8192.
 - virtual_space_node_default_size: 8388608.
 - enlarge_chunks_in_place: 1.
 - new_chunks_are_fully_committed: 0.
 - uncommit_free_chunks: 1.
 - use_allocation_guard: 0.
 - handle_deallocations: 1.


Internal statistics:

num_allocs_failed_limit: 0.
num_arena_births: 140.
num_arena_deaths: 0.
num_vsnodes_births: 2.
num_vsnodes_deaths: 0.
num_space_committed: 89.
num_space_uncommitted: 0.
num_chunks_returned_to_freelist: 0.
num_chunks_taken_from_freelist: 288.
num_chunk_merges: 0.
num_chunk_splits: 175.
num_chunks_enlarged: 99.
num_inconsistent_stats: 0.

CodeHeap 'non-profiled nmethods': size=119168Kb used=346Kb max_used=346Kb free=118821Kb
 bounds [0x00007f9d5cf9e000, 0x00007f9d5d20e000, 0x00007f9d643fe000]
CodeHeap 'profiled nmethods': size=119164Kb used=2045Kb max_used=2045Kb free=117118Kb
 bounds [0x00007f9d553fe000, 0x00007f9d5566e000, 0x00007f9d5c85d000]
CodeHeap 'non-nmethods': size=7428Kb used=2297Kb max_used=2877Kb free=5130Kb
 bounds [0x00007f9d5c85d000, 0x00007f9d5cb3d000, 0x00007f9d5cf9e000]
 total_blobs=1618 nmethods=1156 adapters=374
 compilation: enabled
              stopped_count=0, restarted_count=0
 full_count=0

Compilation events (20 events):
Event: 3.367 Thread 0x00007f9c88004940 nmethod 1146% 0x00007f9d555ef710 code [0x00007f9d555efce0, 0x00007f9d555f2630]
Event: 3.367 Thread 0x00007f9c88004940 1147   !   3       org.apache.commons.beanutils.memoryleaktests.MemoryLeakTestCase::forceGarbageCollection (249 bytes)
Event: 3.368 Thread 0x00007f9c88004940 nmethod 1147 0x00007f9d555f3890 code [0x00007f9d555f3e60, 0x00007f9d555f6630]
Event: 3.380 Thread 0x00007f9d6c21c870 1148 % !   4       org.apache.commons.beanutils.memoryleaktests.MemoryLeakTestCase::forceGarbageCollection @ 43 (249 bytes)
Event: 3.837 Thread 0x00007f9d6c21dda0 1149       3       java.lang.ref.SoftReference::get (29 bytes)
Event: 3.838 Thread 0x00007f9d6c21dda0 nmethod 1149 0x00007f9d555f7790 code [0x00007f9d555f7940, 0x00007f9d555f7b10]
Event: 3.850 Thread 0x00007f9d6c21dda0 1152       3       java.lang.ref.Reference::enqueueFromPending (19 bytes)
Event: 3.850 Thread 0x00007f9d6c21dda0 nmethod 1152 0x00007f9d555f7b90 code [0x00007f9d555f7d40, 0x00007f9d555f7f60]
Event: 3.850 Thread 0x00007f9d6c21dda0 1153   !   3       java.lang.ref.ReferenceQueue::enqueue (119 bytes)
Event: 3.919 Thread 0x00007f9c88004940 1154       3       jdk.internal.ref.CleanerImpl$PhantomCleanableRef::performCleanup (10 bytes)
Event: 3.919 Thread 0x00007f9c88004940 nmethod 1154 0x00007f9d555f8a90 code [0x00007f9d555f8c40, 0x00007f9d555f8e20]
Event: 3.919 Thread 0x00007f9c88004940 1155       3       jdk.internal.ref.PhantomCleanable::clean (16 bytes)
Event: 3.919 Thread 0x00007f9c88004940 nmethod 1155 0x00007f9d555f8f10 code [0x00007f9d555f90e0, 0x00007f9d555f93a0]
Event: 3.929 Thread 0x00007f9d6c21c870 nmethod 1148% 0x00007f9d5cff2910 code [0x00007f9d5cff2b40, 0x00007f9d5cff3d78]
Event: 3.930 Thread 0x00007f9d6c21c870 1150       4       java.lang.ref.SoftReference::get (29 bytes)
Event: 3.930 Thread 0x00007f9d6c21c870 nmethod 1150 0x00007f9d5cff4590 code [0x00007f9d5cff4720, 0x00007f9d5cff4818]
Event: 3.930 Thread 0x00007f9d6c21dda0 nmethod 1153 0x00007f9d555f8010 code [0x00007f9d555f8200, 0x00007f9d555f88e0]
Event: 4.014 Thread 0x00007f9d6c21dda0 1157 % !   3       org.apache.commons.beanutils.memoryleaktests.MemoryLeakTestCase::forceGarbageCollection @ 43 (249 bytes)
Event: 4.016 Thread 0x00007f9d6c21dda0 nmethod 1157% 0x00007f9d555f9490 code [0x00007f9d555f9a60, 0x00007f9d555fc3b0]
Event: 4.016 Thread 0x00007f9d6c21c870 1158 % !   4       org.apache.commons.beanutils.memoryleaktests.MemoryLeakTestCase::forceGarbageCollection @ 43 (249 bytes)

GC Heap History (9 events):
Event: 3.794 GC heap before
{Heap before GC invocations=0 (full 0):
 garbage-first heap   total 2129920K, used 114612K [0x0000000082000000, 0x0000000800000000)
  region size 16384K, 6 young (98304K), 0 survivors (0K)
 Metaspace       used 5440K, committed 5632K, reserved 1114112K
  class space    used 655K, committed 768K, reserved 1048576K
}
Event: 3.835 GC heap after
{Heap after GC invocations=1 (full 0):
 garbage-first heap   total 2129920K, used 37207K [0x0000000082000000, 0x0000000800000000)
  region size 16384K, 1 young (16384K), 1 survivors (16384K)
 Metaspace       used 5440K, committed 5632K, reserved 1114112K
  class space    used 655K, committed 768K, reserved 1048576K
}
Event: 3.871 GC heap before
{Heap before GC invocations=1 (full 0):
 garbage-first heap   total 2129920K, used 119127K [0x0000000082000000, 0x0000000800000000)
  region size 16384K, 6 young (98304K), 1 survivors (16384K)
 Metaspace       used 5442K, committed 5696K, reserved 1114112K
  class space    used 655K, committed 768K, reserved 1048576K
}
Event: 3.918 GC heap after
{Heap after GC invocations=2 (full 0):
 garbage-first heap   total 2129920K, used 59322K [0x0000000082000000, 0x0000000800000000)
  region size 16384K, 1 young (16384K), 1 survivors (16384K)
 Metaspace       used 5442K, committed 5696K, reserved 1114112K
  class space    used 655K, committed 768K, reserved 1048576K
}
Event: 3.930 GC heap before
{Heap before GC invocations=2 (full 0):
 garbage-first heap   total 2129920K, used 141242K [0x0000000082000000, 0x0000000800000000)
  region size 16384K, 6 young (98304K), 1 survivors (16384K)
 Metaspace       used 5443K, committed 5696K, reserved 1114112K
  class space    used 655K, committed 768K, reserved 1048576K
}
Event: 3.983 GC heap after
{Heap after GC invocations=3 (full 0):
 garbage-first heap   total 2129920K, used 81745K [0x0000000082000000, 0x0000000800000000)
  region size 16384K, 1 young (16384K), 1 survivors (16384K)
 Metaspace       used 5443K, committed 5696K, reserved 1114112K
  class space    used 655K, committed 768K, reserved 1048576K
}
Event: 3.989 GC heap before
{Heap before GC invocations=3 (full 0):
 garbage-first heap   total 2129920K, used 163665K [0x0000000082000000, 0x0000000800000000)
  region size 16384K, 6 young (98304K), 1 survivors (16384K)
 Metaspace       used 5443K, committed 5696K, reserved 1114112K
  class space    used 655K, committed 768K, reserved 1048576K
}
Event: 4.010 GC heap after
{Heap after GC invocations=4 (full 0):
 garbage-first heap   total 2129920K, used 105088K [0x0000000082000000, 0x0000000800000000)
  region size 16384K, 1 young (16384K), 1 survivors (16384K)
 Metaspace       used 5443K, committed 5696K, reserved 1114112K
  class space    used 655K, committed 768K, reserved 1048576K
}
Event: 4.022 GC heap before
{Heap before GC invocations=4 (full 0):
 garbage-first heap   total 2129920K, used 187008K [0x0000000082000000, 0x0000000800000000)
  region size 16384K, 6 young (98304K), 1 survivors (16384K)
 Metaspace       used 5443K, committed 5696K, reserved 1114112K
  class space    used 655K, committed 768K, reserved 1048576K
}

Dll operation events (12 events):
Event: 0.005 Loaded shared library /sfs/gpfs/tardis/applications/202512/software/standard/core/java/17/lib/libjava.so
Event: 0.005 Loaded shared library /sfs/gpfs/tardis/applications/202512/software/standard/core/java/17/lib/libzip.so
Event: 0.046 Loaded shared library /sfs/gpfs/tardis/applications/202512/software/standard/core/java/17/lib/libjsvml.so
Event: 0.321 Loaded shared library /sfs/gpfs/tardis/applications/202512/software/standard/core/java/17/lib/libinstrument.so
Event: 0.429 Loaded shared library /sfs/gpfs/tardis/applications/202512/software/standard/core/java/17/lib/libnio.so
Event: 0.442 Loaded shared library /sfs/gpfs/tardis/applications/202512/software/standard/core/java/17/lib/libzip.so
Event: 0.592 Loaded shared library /sfs/gpfs/tardis/applications/202512/software/standard/core/java/17/lib/libjimage.so
Event: 1.122 Loaded shared library /sfs/gpfs/tardis/applications/202512/software/standard/core/java/17/lib/libverify.so
Event: 1.126 Loaded shared library /sfs/gpfs/tardis/applications/202512/software/standard/core/java/17/lib/libnet.so
Event: 1.133 Loaded shared library /sfs/gpfs/tardis/applications/202512/software/standard/core/java/17/lib/libextnet.so
Event: 1.167 Loaded shared library /sfs/gpfs/tardis/applications/202512/software/standard/core/java/17/lib/libmanagement.so
Event: 1.169 Loaded shared library /sfs/gpfs/tardis/applications/202512/software/standard/core/java/17/lib/libmanagement_ext.so

Deoptimization events (20 events):
Event: 2.846 Thread 0x00007f9d6c032990 Uncommon trap: trap_request=0xffffff45 fr.pc=0x00007f9d5cfd81a4 relative=0x0000000000000464
Event: 2.846 Thread 0x00007f9d6c032990 Uncommon trap: reason=unstable_if action=reinterpret pc=0x00007f9d5cfd81a4 method=java.lang.StringLatin1.replace([BCC)Ljava/lang/String; @ 19 c2
Event: 2.846 Thread 0x00007f9d6c032990 DEOPT PACKING pc=0x00007f9d5cfd81a4 sp=0x00007f9d7530f260
Event: 2.846 Thread 0x00007f9d6c032990 DEOPT UNPACKING pc=0x00007f9d5c8b6b19 sp=0x00007f9d7530f1f0 mode 2
Event: 3.097 Thread 0x00007f9d6c032990 DEOPT PACKING pc=0x00007f9d554c30e0 sp=0x00007f9d7530eab0
Event: 3.097 Thread 0x00007f9d6c032990 DEOPT UNPACKING pc=0x00007f9d5c8b764f sp=0x00007f9d7530dfe8 mode 0
Event: 3.170 Thread 0x00007f9d6c3d9540 Uncommon trap: trap_request=0xffffff6e fr.pc=0x00007f9d5cfccfa0 relative=0x0000000000000180
Event: 3.170 Thread 0x00007f9d6c3d9540 Uncommon trap: reason=loop_limit_check action=maybe_recompile pc=0x00007f9d5cfccfa0 method=java.lang.StringLatin1.lastIndexOf([BII)I @ 19 c2
Event: 3.170 Thread 0x00007f9d6c3d9540 DEOPT PACKING pc=0x00007f9d5cfccfa0 sp=0x00007f9cfebfd4c0
Event: 3.170 Thread 0x00007f9d6c3d9540 DEOPT UNPACKING pc=0x00007f9d5c8b6b19 sp=0x00007f9cfebfd460 mode 2
Event: 3.837 Thread 0x00007f9d6c3d9540 Uncommon trap: trap_request=0xffffff45 fr.pc=0x00007f9d5cfef484 relative=0x00000000000000e4
Event: 3.837 Thread 0x00007f9d6c3d9540 Uncommon trap: reason=unstable_if action=reinterpret pc=0x00007f9d5cfef484 method=java.lang.ref.SoftReference.get()Ljava/lang/Object; @ 17 c2
Event: 3.837 Thread 0x00007f9d6c3d9540 DEOPT PACKING pc=0x00007f9d5cfef484 sp=0x00007f9cfebfd8f0
Event: 3.837 Thread 0x00007f9d6c3d9540 DEOPT UNPACKING pc=0x00007f9d5c8b6b19 sp=0x00007f9cfebfd8a0 mode 2
Event: 3.983 Thread 0x00007f9d6c3d9540 DEOPT PACKING pc=0x00007f9d555f1e2d sp=0x00007f9cfebfd920
Event: 3.983 Thread 0x00007f9d6c3d9540 DEOPT UNPACKING pc=0x00007f9d5c8b764f sp=0x00007f9cfebfcef0 mode 0
Event: 4.010 Thread 0x00007f9d6c3d9540 Uncommon trap: trap_request=0xffffff45 fr.pc=0x00007f9d5cff393c relative=0x0000000000000dfc
Event: 4.010 Thread 0x00007f9d6c3d9540 Uncommon trap: reason=unstable_if action=reinterpret pc=0x00007f9d5cff393c method=java.lang.ref.SoftReference.get()Ljava/lang/Object; @ 17 c2
Event: 4.010 Thread 0x00007f9d6c3d9540 DEOPT PACKING pc=0x00007f9d5cff393c sp=0x00007f9cfebfda00
Event: 4.010 Thread 0x00007f9d6c3d9540 DEOPT UNPACKING pc=0x00007f9d5c8b6b19 sp=0x00007f9cfebfd990 mode 2

Classes loaded (20 events):
Event: 3.334 Loading class java/net/URLClassLoader$5
Event: 3.334 Loading class java/net/URLClassLoader$5 done
Event: 3.335 Loading class java/net/FactoryURLClassLoader
Event: 3.335 Loading class java/net/FactoryURLClassLoader done
Event: 3.335 Loading class org/apache/commons/beanutils/memoryleaktests/pojotests/CustomInteger
Event: 3.335 Loading class org/apache/commons/beanutils/memoryleaktests/pojotests/CustomInteger done
Event: 3.335 Loading class java/net/URLClassLoader$1
Event: 3.335 Loading class java/net/URLClassLoader$1 done
Event: 3.335 Loading class java/io/FilePermissionCollection
Event: 3.335 Loading class java/io/FilePermissionCollection done
Event: 3.335 Loading class java/util/Vector
Event: 3.335 Loading class java/util/Vector done
Event: 3.335 Loading class java/io/FilePermissionCollection$1
Event: 3.335 Loading class java/io/FilePermissionCollection$1 done
Event: 3.336 Loading class java/util/WeakHashMap$EntrySet
Event: 3.336 Loading class java/util/WeakHashMap$EntrySet done
Event: 3.336 Loading class java/util/WeakHashMap$EntryIterator
Event: 3.336 Loading class java/util/WeakHashMap$EntryIterator done
Event: 3.336 Loading class java/text/ParsePosition
Event: 3.336 Loading class java/text/ParsePosition done

Classes unloaded (0 events):
No events

Classes redefined (1 events):
Event: 3.071 Thread 0x00007f9d6c20ec30 redefined class name=org.apache.commons.beanutils.locale.LocaleConvertUtilsBean, count=1

Internal exceptions (16 events):
Event: 1.130 Thread 0x00007f9d6c032990 Exception <a 'java/lang/NoSuchMethodError'{0x000000010173ed70}: 'java.lang.Object java.lang.invoke.DirectMethodHandle$Holder.invokeStaticInit(java.lang.Object)'> (0x000000010173ed70) 
thrown [src/hotspot/share/interpreter/linkResolver.cpp, line 758]
Event: 1.133 Thread 0x00007f9d6c032990 Exception <a 'java/lang/NoSuchMethodError'{0x0000000101769138}: 'void java.lang.invoke.DirectMethodHandle$Holder.invokeStatic(java.lang.Object, java.lang.Object)'> (0x0000000101769138) 
thrown [src/hotspot/share/interpreter/linkResolver.cpp, line 758]
Event: 1.159 Thread 0x00007f9d6c032990 Exception <a 'java/lang/NoSuchMethodError'{0x000000010178c3f0}: 'void java.lang.invoke.DirectMethodHandle$Holder.invokeStatic(java.lang.Object, java.lang.Object, java.lang.Object, java.lang.Object)'> (0x000000010178c3f0) 
thrown [src/hotspot/share/interpreter/linkResolver.cpp, line 758]
Event: 1.196 Thread 0x00007f9d6c032990 Exception <a 'java/lang/NoSuchMethodError'{0x00000001017d93f0}: 'int java.lang.invoke.DirectMethodHandle$Holder.invokeSpecial(java.lang.Object, java.lang.Object, java.lang.Object)'> (0x00000001017d93f0) 
thrown [src/hotspot/share/interpreter/linkResolver.cpp, line 758]
Event: 2.072 Thread 0x00007f9d6c032990 Exception <a 'java/lang/NoSuchMethodError'{0x0000000101ef6b28}: 'java.lang.Object java.lang.invoke.DirectMethodHandle$Holder.invokeInterface(java.lang.Object, java.lang.Object)'> (0x0000000101ef6b28) 
thrown [src/hotspot/share/interpreter/linkResolver.cpp, line 758]
Event: 2.078 Thread 0x00007f9d6c032990 Exception <a 'java/lang/NoSuchMethodError'{0x0000000101f0e660}: 'void java.lang.invoke.DirectMethodHandle$Holder.invokeStaticInit(java.lang.Object, java.lang.Object)'> (0x0000000101f0e660) 
thrown [src/hotspot/share/interpreter/linkResolver.cpp, line 758]
Event: 2.086 Thread 0x00007f9d6c032990 Exception <a 'java/lang/NoSuchMethodError'{0x0000000101f3d9a0}: 'java.lang.Object java.lang.invoke.Invokers$Holder.invokeExact_MT(java.lang.Object, java.lang.Object, java.lang.Object, java.lang.Object, java.lang.Object, java.lang.Object)'> (0x0000000101f3d9a0) 
thrown [src/hotspot/share/interpreter/linkResolver.cpp, line 758]
Event: 2.148 Thread 0x00007f9d6c032990 Exception <a 'java/lang/NoSuchMethodError'{0x0000000101f82428}: 'int java.lang.invoke.DirectMethodHandle$Holder.invokeSpecialIFC(java.lang.Object, java.lang.Object, java.lang.Object)'> (0x0000000101f82428) 
thrown [src/hotspot/share/interpreter/linkResolver.cpp, line 758]
Event: 2.232 Thread 0x00007f9d6c032990 Exception <a 'java/lang/NoSuchMethodError'{0x0000000101fe4370}: 'void java.lang.invoke.DirectMethodHandle$Holder.invokeInterface(java.lang.Object, java.lang.Object, java.lang.Object)'> (0x0000000101fe4370) 
thrown [src/hotspot/share/interpreter/linkResolver.cpp, line 758]
Event: 2.282 Thread 0x00007f9d6c032990 Exception <a 'java/lang/NoSuchMethodError'{0x0000000100037040}: 'int java.lang.invoke.DirectMethodHandle$Holder.invokeInterface(java.lang.Object, java.lang.Object)'> (0x0000000100037040) 
thrown [src/hotspot/share/interpreter/linkResolver.cpp, line 758]
Event: 2.283 Thread 0x00007f9d6c032990 Exception <a 'java/lang/IncompatibleClassChangeError'{0x000000010003a528}: Found class java.lang.Object, but interface was expected> (0x000000010003a528) 
thrown [src/hotspot/share/interpreter/linkResolver.cpp, line 826]
Event: 2.484 Thread 0x00007f9d6c032990 Exception <a 'java/lang/IncompatibleClassChangeError'{0x0000000100215aa0}: Found class java.lang.Object, but interface was expected> (0x0000000100215aa0) 
thrown [src/hotspot/share/interpreter/linkResolver.cpp, line 826]
Event: 2.496 Thread 0x00007f9d6c032990 Exception <a 'java/lang/NoSuchMethodError'{0x0000000100272dd8}: 'java.lang.Object java.lang.invoke.DirectMethodHandle$Holder.newInvokeSpecial(java.lang.Object, java.lang.Object, java.lang.Object, java.lang.Object, java.lang.Object)'> (0x0000000100272dd8) 
thrown [src/hotspot/share/interpreter/linkResolver.cpp, line 758]
Event: 2.534 Thread 0x00007f9d6c032990 Exception <a 'java/lang/NoSuchMethodError'{0x00000001002d7158}: 'int java.lang.invoke.DirectMethodHandle$Holder.invokeVirtual(java.lang.Object, java.lang.Object)'> (0x00000001002d7158) 
thrown [src/hotspot/share/interpreter/linkResolver.cpp, line 758]
Event: 3.107 Thread 0x00007f9d6c032990 Exception <a 'java/lang/NoSuchMethodError'{0x00000001005c74e8}: 'void java.lang.invoke.DirectMethodHandle$Holder.invokeSpecial(java.lang.Object, java.lang.Object, java.lang.Object)'> (0x00000001005c74e8) 
thrown [src/hotspot/share/interpreter/linkResolver.cpp, line 758]
Event: 3.151 Thread 0x00007f9d6c3d9540 Exception <a 'java/lang/NoClassDefFoundError'{0x000000010088c110}: org/apache/log4j/Priority> (0x000000010088c110) 
thrown [src/hotspot/share/classfile/systemDictionary.cpp, line 245]

VM Operations (20 events):
Event: 1.126 Executing VM operation: HandshakeAllThreads done
Event: 1.466 Executing VM operation: HandshakeAllThreads
Event: 1.532 Executing VM operation: HandshakeAllThreads done
Event: 2.421 Executing VM operation: HandshakeAllThreads
Event: 2.421 Executing VM operation: HandshakeAllThreads done
Event: 2.421 Executing VM operation: Cleanup
Event: 2.421 Executing VM operation: Cleanup done
Event: 3.070 Executing VM operation: RedefineClasses
Event: 3.074 Executing VM operation: RedefineClasses done
Event: 3.141 Executing VM operation: HandshakeAllThreads
Event: 3.141 Executing VM operation: HandshakeAllThreads done
Event: 3.382 Executing VM operation: G1CollectForAllocation
Event: 3.835 Executing VM operation: G1CollectForAllocation done
Event: 3.860 Executing VM operation: G1CollectForAllocation
Event: 3.918 Executing VM operation: G1CollectForAllocation done
Event: 3.930 Executing VM operation: G1CollectForAllocation
Event: 3.983 Executing VM operation: G1CollectForAllocation done
Event: 3.989 Executing VM operation: G1CollectForAllocation
Event: 4.010 Executing VM operation: G1CollectForAllocation done
Event: 4.022 Executing VM operation: G1CollectForAllocation

Memory protections (20 events):
Event: 0.050 Protecting memory [0x00007f9cff90e000,0x00007f9cff912000] with protection modes 0
Event: 0.050 Protecting memory [0x00007f9cff80d000,0x00007f9cff811000] with protection modes 0
Event: 0.100 Protecting memory [0x00007f9cff60b000,0x00007f9cff60f000] with protection modes 0
Event: 0.100 Protecting memory [0x00007f9cff50a000,0x00007f9cff50e000] with protection modes 0
Event: 0.100 Protecting memory [0x00007f9cff409000,0x00007f9cff40d000] with protection modes 0
Event: 0.115 Protecting memory [0x00007f9cff70c000,0x00007f9cff710000] with protection modes 0
Event: 0.151 Protecting memory [0x00007f9cff308000,0x00007f9cff30c000] with protection modes 0
Event: 0.180 Protecting memory [0x00007f9cff207000,0x00007f9cff20b000] with protection modes 0
Event: 0.280 Protecting memory [0x00007f9cff106000,0x00007f9cff10a000] with protection modes 0
Event: 0.296 Protecting memory [0x00007f9cff005000,0x00007f9cff009000] with protection modes 0
Event: 0.343 Protecting memory [0x00007f9cfee03000,0x00007f9cfee07000] with protection modes 0
Event: 0.359 Protecting memory [0x00007f9cfef04000,0x00007f9cfef08000] with protection modes 0
Event: 0.371 Protecting memory [0x00007f9cfec01000,0x00007f9cfec05000] with protection modes 0
Event: 0.681 Protecting memory [0x00007f9cfeb00000,0x00007f9cfeb04000] with protection modes 0
Event: 0.682 Protecting memory [0x00007f9cfe9ff000,0x00007f9cfea03000] with protection modes 0
Event: 0.682 Protecting memory [0x00007f9cfe8fe000,0x00007f9cfe902000] with protection modes 0
Event: 0.701 Protecting memory [0x00007f9cfe7fd000,0x00007f9cfe801000] with protection modes 0
Event: 1.455 Protecting memory [0x00007f9cfeb00000,0x00007f9cfeb04000] with protection modes 0
Event: 3.118 Protecting memory [0x00007f9cfeb00000,0x00007f9cfeb04000] with protection modes 0
Event: 3.367 Protecting memory [0x00007f9cfe9ff000,0x00007f9cfea03000] with protection modes 0

Nmethod flushes (0 events):
No events

Events (20 events):
Event: 0.180 Thread 0x00007f9d6c032990 Thread added: 0x00007f9d6c21f210
Event: 0.279 Thread 0x00007f9d6c032990 Thread added: 0x00007f9d6c22b810
Event: 0.280 Thread 0x00007f9d6c21dda0 Thread added: 0x00007f9c880037a0
Event: 0.342 Thread 0x00007f9d6c032990 Thread added: 0x00007f9d6c25e570
Event: 0.359 Thread 0x00007f9d6c21dda0 Thread added: 0x00007f9c88004940
Event: 0.371 Thread 0x00007f9d6c21dda0 Thread added: 0x00007f9c88025d20
Event: 0.681 Thread 0x00007f9c880037a0 Thread added: 0x00007f9c80001470
Event: 0.682 Thread 0x00007f9c880037a0 Thread added: 0x00007f9c80002610
Event: 0.682 Thread 0x00007f9c880037a0 Thread added: 0x00007f9c80003780
Event: 0.701 Thread 0x00007f9c880037a0 Thread added: 0x00007f9c80004900
Event: 1.032 Thread 0x00007f9c80004900 Thread exited: 0x00007f9c80004900
Event: 1.040 Thread 0x00007f9c80003780 Thread exited: 0x00007f9c80003780
Event: 1.041 Thread 0x00007f9c80002610 Thread exited: 0x00007f9c80002610
Event: 1.132 Thread 0x00007f9c80001470 Thread exited: 0x00007f9c80001470
Event: 1.455 Thread 0x00007f9c88004940 Thread added: 0x00007f9c7c0053c0
Event: 1.763 Thread 0x00007f9c7c0053c0 Thread exited: 0x00007f9c7c0053c0
Event: 3.118 Thread 0x00007f9d6c032990 Thread added: 0x00007f9d6c3d9540
Event: 3.367 Thread 0x00007f9d6c21dda0 Thread added: 0x00007f9c88304460
Event: 3.835 Thread 0x00007f9c88304460 Thread exited: 0x00007f9c88304460
Event: 3.928 Thread 0x00007f9c88025d20 Thread exited: 0x00007f9c88025d20


Dynamic libraries:
82000000-102000000 rw-p 00000000 00:00 0 
206000000-7fe000000 ---p 00000000 00:00 0 
7fe000000-7fef00000 rw-p 00000000 00:00 0 
7fef00000-7fef75000 rw-p 00c79000 00:33 8596472648                       /sfs/gpfs/tardis/applications/202512/software/standard/core/java/17/lib/server/classes.jsa
7fef75000-7ff000000 rw-p 00000000 00:00 0 
7ff000000-7ff078000 rw-p 00c01000 00:33 8596472648                       /sfs/gpfs/tardis/applications/202512/software/standard/core/java/17/lib/server/classes.jsa
7ff078000-800000000 rw-p 00000000 00:00 0 
55c9fbbfe000-55c9fbbff000 r--p 00000000 00:33 8596472430                 /sfs/gpfs/tardis/applications/202512/software/standard/core/java/17/bin/java
55c9fbbff000-55c9fbc00000 r-xp 00001000 00:33 8596472430                 /sfs/gpfs/tardis/applications/202512/software/standard/core/java/17/bin/java
55c9fbc00000-55c9fbc01000 r--p 00002000 00:33 8596472430                 /sfs/gpfs/tardis/applications/202512/software/standard/core/java/17/bin/java
55c9fbc01000-55c9fbc02000 r--p 00002000 00:33 8596472430                 /sfs/gpfs/tardis/applications/202512/software/standard/core/java/17/bin/java
55c9fbc02000-55c9fbc03000 rw-p 00003000 00:33 8596472430                 /sfs/gpfs/tardis/applications/202512/software/standard/core/java/17/bin/java
55c9fd264000-55c9fd2ac000 rw-p 00000000 00:00 0                          [heap]
7f9c20000000-7f9c20021000 rw-p 00000000 00:00 0 
7f9c20021000-7f9c24000000 ---p 00000000 00:00 0 
7f9c28000000-7f9c28021000 rw-p 00000000 00:00 0 
7f9c28021000-7f9c2c000000 ---p 00000000 00:00 0 
7f9c2c000000-7f9c2c021000 rw-p 00000000 00:00 0 
7f9c2c021000-7f9c30000000 ---p 00000000 00:00 0 
7f9c30000000-7f9c30021000 rw-p 00000000 00:00 0 
7f9c30021000-7f9c34000000 ---p 00000000 00:00 0 
7f9c34000000-7f9c34021000 rw-p 00000000 00:00 0 
7f9c34021000-7f9c38000000 ---p 00000000 00:00 0 
7f9c38000000-7f9c38021000 rw-p 00000000 00:00 0 
7f9c38021000-7f9c3c000000 ---p 00000000 00:00 0 
7f9c3c000000-7f9c3c021000 rw-p 00000000 00:00 0 
7f9c3c021000-7f9c40000000 ---p 00000000 00:00 0 
7f9c40000000-7f9c40021000 rw-p 00000000 00:00 0 
7f9c40021000-7f9c44000000 ---p 00000000 00:00 0 
7f9c44000000-7f9c44021000 rw-p 00000000 00:00 0 
7f9c44021000-7f9c48000000 ---p 00000000 00:00 0 
7f9c48000000-7f9c48021000 rw-p 00000000 00:00 0 
7f9c48021000-7f9c4c000000 ---p 00000000 00:00 0 
7f9c4c000000-7f9c4c021000 rw-p 00000000 00:00 0 
7f9c4c021000-7f9c50000000 ---p 00000000 00:00 0 
7f9c50000000-7f9c50021000 rw-p 00000000 00:00 0 
7f9c50021000-7f9c54000000 ---p 00000000 00:00 0 
7f9c54000000-7f9c54021000 rw-p 00000000 00:00 0 
7f9c54021000-7f9c58000000 ---p 00000000 00:00 0 
7f9c58000000-7f9c58021000 rw-p 00000000 00:00 0 
7f9c58021000-7f9c5c000000 ---p 00000000 00:00 0 
7f9c5c000000-7f9c5c021000 rw-p 00000000 00:00 0 
7f9c5c021000-7f9c60000000 ---p 00000000 00:00 0 
7f9c60000000-7f9c60021000 rw-p 00000000 00:00 0 
7f9c60021000-7f9c64000000 ---p 00000000 00:00 0 
7f9c64000000-7f9c64021000 rw-p 00000000 00:00 0 
7f9c64021000-7f9c68000000 ---p 00000000 00:00 0 
7f9c68000000-7f9c68041000 rw-p 00000000 00:00 0 
7f9c68041000-7f9c6c000000 ---p 00000000 00:00 0 
7f9c6c000000-7f9c6c021000 rw-p 00000000 00:00 0 
7f9c6c021000-7f9c70000000 ---p 00000000 00:00 0 
7f9c70000000-7f9c70021000 rw-p 00000000 00:00 0 
7f9c70021000-7f9c74000000 ---p 00000000 00:00 0 
7f9c74000000-7f9c740ba000 rw-p 00000000 00:00 0 
7f9c740ba000-7f9c78000000 ---p 00000000 00:00 0 
7f9c78000000-7f9c78021000 rw-p 00000000 00:00 0 
7f9c78021000-7f9c7c000000 ---p 00000000 00:00 0 
7f9c7c000000-7f9c7c021000 rw-p 00000000 00:00 0 
7f9c7c021000-7f9c80000000 ---p 00000000 00:00 0 
7f9c80000000-7f9c80021000 rw-p 00000000 00:00 0 
7f9c80021000-7f9c84000000 ---p 00000000 00:00 0 
7f9c84000000-7f9c84021000 rw-p 00000000 00:00 0 
7f9c84021000-7f9c88000000 ---p 00000000 00:00 0 
7f9c88000000-7f9c88383000 rw-p 00000000 00:00 0 
7f9c88383000-7f9c8c000000 ---p 00000000 00:00 0 
7f9c8c000000-7f9c8c021000 rw-p 00000000 00:00 0 
7f9c8c021000-7f9c90000000 ---p 00000000 00:00 0 
7f9c90000000-7f9c90021000 rw-p 00000000 00:00 0 
7f9c90021000-7f9c94000000 ---p 00000000 00:00 0 
7f9c94000000-7f9c941f4000 rw-p 00000000 00:00 0 
7f9c941f4000-7f9c98000000 ---p 00000000 00:00 0 
7f9c98000000-7f9c98021000 rw-p 00000000 00:00 0 
7f9c98021000-7f9c9c000000 ---p 00000000 00:00 0 
7f9c9c000000-7f9c9c021000 rw-p 00000000 00:00 0 
7f9c9c021000-7f9ca0000000 ---p 00000000 00:00 0 
7f9ca0000000-7f9ca0021000 rw-p 00000000 00:00 0 
7f9ca0021000-7f9ca4000000 ---p 00000000 00:00 0 
7f9ca4000000-7f9ca4021000 rw-p 00000000 00:00 0 
7f9ca4021000-7f9ca8000000 ---p 00000000 00:00 0 
7f9ca8000000-7f9ca8022000 rw-p 00000000 00:00 0 
7f9ca8022000-7f9cac000000 ---p 00000000 00:00 0 
7f9caf000000-7f9caf455000 rw-p 00001000 00:33 8596472648                 /sfs/gpfs/tardis/applications/202512/software/standard/core/java/17/lib/server/classes.jsa
7f9caf455000-7f9cafbc9000 rw-p 00456000 00:33 8596472648                 /sfs/gpfs/tardis/applications/202512/software/standard/core/java/17/lib/server/classes.jsa
7f9cafbc9000-7f9cb0000000 ---p 00000000 00:00 0 
7f9cb0000000-7f9cb0040000 rw-p 00000000 00:00 0 
7f9cb0040000-7f9cb0090000 rw-p 00000000 00:00 0 
7f9cb0090000-7f9cb00c0000 ---p 00000000 00:00 0 
7f9cb00c0000-7f9cb00f0000 rw-p 00000000 00:00 0 
7f9cb00f0000-7f9cf0000000 ---p 00000000 00:00 0 
7f9cf0000000-7f9cf0021000 rw-p 00000000 00:00 0 
7f9cf0021000-7f9cf4000000 ---p 00000000 00:00 0 
7f9cf4000000-7f9cf42e0000 rw-p 00000000 00:00 0 
7f9cf42e0000-7f9cf4400000 ---p 00000000 00:00 0 
7f9cf4400000-7f9cf45f0000 rw-p 00000000 00:00 0 
7f9cf45f0000-7f9cf8000000 ---p 00000000 00:00 0 
7f9cf8000000-7f9cf8021000 rw-p 00000000 00:00 0 
7f9cf8021000-7f9cfc000000 ---p 00000000 00:00 0 
7f9cfd505000-7f9cfd8ed000 rw-p 00000000 00:00 0 
7f9cfd8ed000-7f9cfd8ee000 ---p 00000000 00:00 0 
7f9cfd8ee000-7f9cfd9ee000 rw-p 00000000 00:00 0 
7f9cfd9ee000-7f9cfd9ef000 ---p 00000000 00:00 0 
7f9cfd9ef000-7f9cfdaef000 rw-p 00000000 00:00 0 
7f9cfdaef000-7f9cfdaf0000 ---p 00000000 00:00 0 
7f9cfdaf0000-7f9cfdbf0000 rw-p 00000000 00:00 0 
7f9cfdbf0000-7f9cfdbf1000 ---p 00000000 00:00 0 
7f9cfdbf1000-7f9cfdcf1000 rw-p 00000000 00:00 0 
7f9cfdcf1000-7f9cfdcf2000 ---p 00000000 00:00 0 
7f9cfdcf2000-7f9cfddf2000 rw-p 00000000 00:00 0 
7f9cfddf2000-7f9cfddf3000 ---p 00000000 00:00 0 
7f9cfddf3000-7f9cfdef3000 rw-p 00000000 00:00 0 
7f9cfdef3000-7f9cfdef4000 ---p 00000000 00:00 0 
7f9cfdef4000-7f9cfdff4000 rw-p 00000000 00:00 0 
7f9cfdff4000-7f9cfdff5000 ---p 00000000 00:00 0 
7f9cfdff5000-7f9cfe0f5000 rw-p 00000000 00:00 0 
7f9cfe0f5000-7f9cfe0f6000 ---p 00000000 00:00 0 
7f9cfe0f6000-7f9cfe1f6000 rw-p 00000000 00:00 0 
7f9cfe1f6000-7f9cfe1f7000 ---p 00000000 00:00 0 
7f9cfe1f7000-7f9cfe2f7000 rw-p 00000000 00:00 0 
7f9cfe2f7000-7f9cfe2f8000 ---p 00000000 00:00 0 
7f9cfe2f8000-7f9cfe3f8000 rw-p 00000000 00:00 0 
7f9cfe3f8000-7f9cfe3f9000 ---p 00000000 00:00 0 
7f9cfe3f9000-7f9cfe4f9000 rw-p 00000000 00:00 0 
7f9cfe4f9000-7f9cfe4fa000 ---p 00000000 00:00 0 
7f9cfe4fa000-7f9cfe5fa000 rw-p 00000000 00:00 0 
7f9cfe5fa000-7f9cfe5fb000 ---p 00000000 00:00 0 
7f9cfe5fb000-7f9cfe6fb000 rw-p 00000000 00:00 0 
7f9cfe6fb000-7f9cfe6fc000 ---p 00000000 00:00 0 
7f9cfe6fc000-7f9cfe7fc000 rw-p 00000000 00:00 0 
7f9cfe7fc000-7f9cfe801000 ---p 00000000 00:00 0 
7f9cfe801000-7f9cfe8fd000 rw-p 00000000 00:00 0 
7f9cfe8fd000-7f9cfe902000 ---p 00000000 00:00 0 
7f9cfe902000-7f9cfe9fe000 rw-p 00000000 00:00 0 
7f9cfe9fe000-7f9cfea03000 ---p 00000000 00:00 0 
7f9cfea03000-7f9cfeaff000 rw-p 00000000 00:00 0 
7f9cfeaff000-7f9cfeb00000 ---p 00000000 00:00 0 
7f9cfeb00000-7f9cfeb04000 ---p 00000000 00:00 0 
7f9cfeb04000-7f9cfec00000 rw-p 00000000 00:00 0 
7f9cfec00000-7f9cfec05000 ---p 00000000 00:00 0 
7f9cfec05000-7f9cfed01000 rw-p 00000000 00:00 0 
7f9cfed01000-7f9cfed02000 ---p 00000000 00:00 0 
7f9cfed02000-7f9cfee02000 rw-p 00000000 00:00 0 
7f9cfee02000-7f9cfee03000 ---p 00000000 00:00 0 
7f9cfee03000-7f9cfee07000 ---p 00000000 00:00 0 
7f9cfee07000-7f9cfef03000 rw-p 00000000 00:00 0 
7f9cfef03000-7f9cfef04000 ---p 00000000 00:00 0 
7f9cfef04000-7f9cfef08000 ---p 00000000 00:00 0 
7f9cfef08000-7f9cff004000 rw-p 00000000 00:00 0 
7f9cff004000-7f9cff005000 ---p 00000000 00:00 0 
7f9cff005000-7f9cff009000 ---p 00000000 00:00 0 
7f9cff009000-7f9cff105000 rw-p 00000000 00:00 0 
7f9cff105000-7f9cff106000 ---p 00000000 00:00 0 
7f9cff106000-7f9cff10a000 ---p 00000000 00:00 0 
7f9cff10a000-7f9cff206000 rw-p 00000000 00:00 0 
7f9cff206000-7f9cff207000 ---p 00000000 00:00 0 
7f9cff207000-7f9cff20b000 ---p 00000000 00:00 0 
7f9cff20b000-7f9cff307000 rw-p 00000000 00:00 0 
7f9cff307000-7f9cff308000 ---p 00000000 00:00 0 
7f9cff308000-7f9cff30c000 ---p 00000000 00:00 0 
7f9cff30c000-7f9cff408000 rw-p 00000000 00:00 0 
7f9cff408000-7f9cff409000 ---p 00000000 00:00 0 
7f9cff409000-7f9cff40d000 ---p 00000000 00:00 0 
7f9cff40d000-7f9cff509000 rw-p 00000000 00:00 0 
7f9cff509000-7f9cff50a000 ---p 00000000 00:00 0 
7f9cff50a000-7f9cff50e000 ---p 00000000 00:00 0 
7f9cff50e000-7f9cff60a000 rw-p 00000000 00:00 0 
7f9cff60a000-7f9cff60b000 ---p 00000000 00:00 0 
7f9cff60b000-7f9cff60f000 ---p 00000000 00:00 0 
7f9cff60f000-7f9cff70b000 rw-p 00000000 00:00 0 
7f9cff70b000-7f9cff70c000 ---p 00000000 00:00 0 
7f9cff70c000-7f9cff710000 ---p 00000000 00:00 0 
7f9cff710000-7f9cff80c000 rw-p 00000000 00:00 0 
7f9cff80c000-7f9cff80d000 ---p 00000000 00:00 0 
7f9cff80d000-7f9cff811000 ---p 00000000 00:00 0 
7f9cff811000-7f9cff90d000 rw-p 00000000 00:00 0 
7f9cff90d000-7f9cff90e000 ---p 00000000 00:00 0 
7f9cff90e000-7f9cff912000 ---p 00000000 00:00 0 
7f9cff912000-7f9cffa0e000 rw-p 00000000 00:00 0 
7f9cffa0e000-7f9cffa0f000 ---p 00000000 00:00 0 
7f9cffa0f000-7f9cffb0f000 rw-p 00000000 00:00 0 
7f9cffb0f000-7f9cffb14000 r--p 00000000 00:33 8596472621                 /sfs/gpfs/tardis/applications/202512/software/standard/core/java/17/lib/libjsvml.so
7f9cffb14000-7f9cffb55000 r-xp 00005000 00:33 8596472621                 /sfs/gpfs/tardis/applications/202512/software/standard/core/java/17/lib/libjsvml.so
7f9cffb55000-7f9cffbde000 r--p 00046000 00:33 8596472621                 /sfs/gpfs/tardis/applications/202512/software/standard/core/java/17/lib/libjsvml.so
7f9cffbde000-7f9cffbdf000 r--p 000ce000 00:33 8596472621                 /sfs/gpfs/tardis/applications/202512/software/standard/core/java/17/lib/libjsvml.so
7f9cffbdf000-7f9cffbe0000 rw-p 000cf000 00:33 8596472621                 /sfs/gpfs/tardis/applications/202512/software/standard/core/java/17/lib/libjsvml.so
7f9cffbe0000-7f9cffcfd000 rw-p 00000000 00:00 0 
7f9cffcfd000-7f9cffcfe000 ---p 00000000 00:00 0 
7f9cffcfe000-7f9cffdfe000 rw-p 00000000 00:00 0 
7f9cffdfe000-7f9cffdff000 ---p 00000000 00:00 0 
7f9cffdff000-7f9d00021000 rw-p 00000000 00:00 0 
7f9d00021000-7f9d04000000 ---p 00000000 00:00 0 
7f9d04000000-7f9d04021000 rw-p 00000000 00:00 0 
7f9d04021000-7f9d08000000 ---p 00000000 00:00 0 
7f9d08000000-7f9d08021000 rw-p 00000000 00:00 0 
7f9d08021000-7f9d0c000000 ---p 00000000 00:00 0 
7f9d0c014000-7f9d0c016000 r--p 00000000 00:33 8596472625                 /sfs/gpfs/tardis/applications/202512/software/standard/core/java/17/lib/libmanagement_ext.so
7f9d0c016000-7f9d0c019000 r-xp 00002000 00:33 8596472625                 /sfs/gpfs/tardis/applications/202512/software/standard/core/java/17/lib/libmanagement_ext.so
7f9d0c019000-7f9d0c01a000 r--p 00005000 00:33 8596472625                 /sfs/gpfs/tardis/applications/202512/software/standard/core/java/17/lib/libmanagement_ext.so
7f9d0c01a000-7f9d0c01b000 ---p 00006000 00:33 8596472625                 /sfs/gpfs/tardis/applications/202512/software/standard/core/java/17/lib/libmanagement_ext.so
7f9d0c01b000-7f9d0c01c000 r--p 00006000 00:33 8596472625                 /sfs/gpfs/tardis/applications/202512/software/standard/core/java/17/lib/libmanagement_ext.so
7f9d0c01c000-7f9d0c01d000 rw-p 00007000 00:33 8596472625                 /sfs/gpfs/tardis/applications/202512/software/standard/core/java/17/lib/libmanagement_ext.so
7f9d0c01d000-7f9d0c021000 r--p 00000000 00:33 8596472635                 /sfs/gpfs/tardis/applications/202512/software/standard/core/java/17/lib/libverify.so
7f9d0c021000-7f9d0c028000 r-xp 00004000 00:33 8596472635                 /sfs/gpfs/tardis/applications/202512/software/standard/core/java/17/lib/libverify.so
7f9d0c028000-7f9d0c02a000 r--p 0000b000 00:33 8596472635                 /sfs/gpfs/tardis/applications/202512/software/standard/core/java/17/lib/libverify.so
7f9d0c02a000-7f9d0c02c000 r--p 0000c000 00:33 8596472635                 /sfs/gpfs/tardis/applications/202512/software/standard/core/java/17/lib/libverify.so
7f9d0c02c000-7f9d0c02d000 rw-p 0000e000 00:33 8596472635                 /sfs/gpfs/tardis/applications/202512/software/standard/core/java/17/lib/libverify.so
7f9d0c02d000-7f9d1012e000 rw-p 00000000 00:00 0 
7f9d1012e000-7f9d2c02e000 ---p 00000000 00:00 0 
7f9d2c02e000-7f9d2e0ae000 rw-p 00000000 00:00 0 
7f9d2e0ae000-7f9d49fae000 ---p 00000000 00:00 0 
7f9d49fae000-7f9d4a42e000 rw-p 00000000 00:00 0 
7f9d4a42e000-7f9d4dc0e000 ---p 00000000 00:00 0 
7f9d4dc0e000-7f9d4e01e000 rw-p 00000000 00:00 0 
7f9d4e01e000-7f9d517fe000 ---p 00000000 00:00 0 
7f9d517fe000-7f9d51c0e000 rw-p 00000000 00:00 0 
7f9d51c0e000-7f9d553ee000 ---p 00000000 00:00 0 
7f9d553ee000-7f9d553fe000 rw-p 00000000 00:00 0 
7f9d553fe000-7f9d5566e000 rwxp 00000000 00:00 0 
7f9d5566e000-7f9d5c85d000 ---p 00000000 00:00 0 
7f9d5c85d000-7f9d5cb3d000 rwxp 00000000 00:00 0 
7f9d5cb3d000-7f9d5cf9e000 ---p 00000000 00:00 0 
7f9d5cf9e000-7f9d5d20e000 rwxp 00000000 00:00 0 
7f9d5d20e000-7f9d643fe000 ---p 00000000 00:00 0 
7f9d643fe000-7f9d6c000000 r--s 00000000 00:33 8596472637                 /sfs/gpfs/tardis/applications/202512/software/standard/core/java/17/lib/modules
7f9d6c000000-7f9d6c455000 rw-p 00000000 00:00 0 
7f9d6c455000-7f9d70000000 ---p 00000000 00:00 0 
7f9d70003000-7f9d70006000 r--p 00000000 00:33 8596472623                 /sfs/gpfs/tardis/applications/202512/software/standard/core/java/17/lib/libmanagement.so
7f9d70006000-7f9d70007000 r-xp 00003000 00:33 8596472623                 /sfs/gpfs/tardis/applications/202512/software/standard/core/java/17/lib/libmanagement.so
7f9d70007000-7f9d70008000 r--p 00004000 00:33 8596472623                 /sfs/gpfs/tardis/applications/202512/software/standard/core/java/17/lib/libmanagement.so
7f9d70008000-7f9d70009000 r--p 00004000 00:33 8596472623                 /sfs/gpfs/tardis/applications/202512/software/standard/core/java/17/lib/libmanagement.so
7f9d70009000-7f9d7000a000 rw-p 00005000 00:33 8596472623                 /sfs/gpfs/tardis/applications/202512/software/standard/core/java/17/lib/libmanagement.so
7f9d7000a000-7f9d7000e000 r--p 00000000 00:33 8596472627                 /sfs/gpfs/tardis/applications/202512/software/standard/core/java/17/lib/libnet.so
7f9d7000e000-7f9d7001c000 r-xp 00004000 00:33 8596472627                 /sfs/gpfs/tardis/applications/202512/software/standard/core/java/17/lib/libnet.so
7f9d7001c000-7f9d70020000 r--p 00012000 00:33 8596472627                 /sfs/gpfs/tardis/applications/202512/software/standard/core/java/17/lib/libnet.so
7f9d70020000-7f9d70021000 r--p 00015000 00:33 8596472627                 /sfs/gpfs/tardis/applications/202512/software/standard/core/java/17/lib/libnet.so
7f9d70021000-7f9d70022000 rw-p 00016000 00:33 8596472627                 /sfs/gpfs/tardis/applications/202512/software/standard/core/java/17/lib/libnet.so
7f9d70022000-7f9d70029000 r--p 00000000 00:33 8596472628                 /sfs/gpfs/tardis/applications/202512/software/standard/core/java/17/lib/libnio.so
7f9d70029000-7f9d70032000 r-xp 00007000 00:33 8596472628                 /sfs/gpfs/tardis/applications/202512/software/standard/core/java/17/lib/libnio.so
7f9d70032000-7f9d70036000 r--p 00010000 00:33 8596472628                 /sfs/gpfs/tardis/applications/202512/software/standard/core/java/17/lib/libnio.so
7f9d70036000-7f9d70037000 ---p 00014000 00:33 8596472628                 /sfs/gpfs/tardis/applications/202512/software/standard/core/java/17/lib/libnio.so
7f9d70037000-7f9d70038000 r--p 00014000 00:33 8596472628                 /sfs/gpfs/tardis/applications/202512/software/standard/core/java/17/lib/libnio.so
7f9d70038000-7f9d70039000 rw-p 00015000 00:33 8596472628                 /sfs/gpfs/tardis/applications/202512/software/standard/core/java/17/lib/libnio.so
7f9d70039000-7f9d71049000 rw-p 00000000 00:00 0 
7f9d71049000-7f9d7104a000 ---p 00000000 00:00 0 
7f9d7104a000-7f9d7114a000 rw-p 00000000 00:00 0 
7f9d7114a000-7f9d7114b000 ---p 00000000 00:00 0 
7f9d7114b000-7f9d7124b000 rw-p 00000000 00:00 0 
7f9d7124b000-7f9d7124c000 ---p 00000000 00:00 0 
7f9d7124c000-7f9d727bf000 rw-p 00000000 00:00 0 
7f9d727bf000-7f9d728a3000 ---p 00000000 00:00 0 
7f9d728a3000-7f9d728a8000 rw-p 00000000 00:00 0 
7f9d728a8000-7f9d7298c000 ---p 00000000 00:00 0 
7f9d7298c000-7f9d7298e000 r--p 00000000 00:33 8596472636                 /sfs/gpfs/tardis/applications/202512/software/standard/core/java/17/lib/libzip.so
7f9d7298e000-7f9d729a0000 r-xp 00002000 00:33 8596472636                 /sfs/gpfs/tardis/applications/202512/software/standard/core/java/17/lib/libzip.so
7f9d729a0000-7f9d729a8000 r--p 00014000 00:33 8596472636                 /sfs/gpfs/tardis/applications/202512/software/standard/core/java/17/lib/libzip.so
7f9d729a8000-7f9d729a9000 r--p 0001b000 00:33 8596472636                 /sfs/gpfs/tardis/applications/202512/software/standard/core/java/17/lib/libzip.so
7f9d729a9000-7f9d729aa000 rw-p 0001c000 00:33 8596472636                 /sfs/gpfs/tardis/applications/202512/software/standard/core/java/17/lib/libzip.so
7f9d729aa000-7f9d729b5000 r-xp 00000000 00:29 41352995                   /usr/lib64/libnss_files-2.28.so
7f9d729b5000-7f9d72bb5000 ---p 0000b000 00:29 41352995                   /usr/lib64/libnss_files-2.28.so
7f9d72bb5000-7f9d72bb6000 r--p 0000b000 00:29 41352995                   /usr/lib64/libnss_files-2.28.so
7f9d72bb6000-7f9d72bb7000 rw-p 0000c000 00:29 41352995                   /usr/lib64/libnss_files-2.28.so
7f9d72bb7000-7f9d72bbd000 rw-p 00000000 00:00 0 
7f9d72bbd000-7f9d72bc4000 r-xp 00000000 00:29 41352993                   /usr/lib64/libnss_db-2.28.so
7f9d72bc4000-7f9d72dc3000 ---p 00007000 00:29 41352993                   /usr/lib64/libnss_db-2.28.so
7f9d72dc3000-7f9d72dc4000 r--p 00006000 00:29 41352993                   /usr/lib64/libnss_db-2.28.so
7f9d72dc4000-7f9d72dc5000 rw-p 00007000 00:29 41352993                   /usr/lib64/libnss_db-2.28.so
7f9d72dc5000-7f9d72dc8000 rw-p 00000000 00:00 0 
7f9d72dc8000-7f9d73040000 r--p 00000000 00:29 42290259                   /usr/lib/locale/en_US.utf8/LC_COLLATE
7f9d73040000-7f9d731c1000 r-xp 00000000 00:29 41352876                   /usr/lib64/libm-2.28.so
7f9d731c1000-7f9d733c0000 ---p 00181000 00:29 41352876                   /usr/lib64/libm-2.28.so
7f9d733c0000-7f9d733c1000 r--p 00180000 00:29 41352876                   /usr/lib64/libm-2.28.so
7f9d733c1000-7f9d733c2000 rw-p 00181000 00:29 41352876                   /usr/lib64/libm-2.28.so
7f9d733c2000-7f9d733c9000 r-xp 00000000 00:29 41353205                   /usr/lib64/librt-2.28.so
7f9d733c9000-7f9d735c8000 ---p 00007000 00:29 41353205                   /usr/lib64/librt-2.28.so
7f9d735c8000-7f9d735c9000 r--p 00006000 00:29 41353205                   /usr/lib64/librt-2.28.so
7f9d735c9000-7f9d735ca000 rw-p 00007000 00:29 41353205                   /usr/lib64/librt-2.28.so
7f9d735ca000-7f9d7381d000 r--p 00000000 00:33 8596472651                 /sfs/gpfs/tardis/applications/202512/software/standard/core/java/17/lib/server/libjvm.so
7f9d7381d000-7f9d74546000 r-xp 00253000 00:33 8596472651                 /sfs/gpfs/tardis/applications/202512/software/standard/core/java/17/lib/server/libjvm.so
7f9d74546000-7f9d747d3000 r--p 00f7c000 00:33 8596472651                 /sfs/gpfs/tardis/applications/202512/software/standard/core/java/17/lib/server/libjvm.so
7f9d747d3000-7f9d747d4000 ---p 01209000 00:33 8596472651                 /sfs/gpfs/tardis/applications/202512/software/standard/core/java/17/lib/server/libjvm.so
7f9d747d4000-7f9d7488d000 r--p 01209000 00:33 8596472651                 /sfs/gpfs/tardis/applications/202512/software/standard/core/java/17/lib/server/libjvm.so
7f9d7488d000-7f9d748c2000 rw-p 012c2000 00:33 8596472651                 /sfs/gpfs/tardis/applications/202512/software/standard/core/java/17/lib/server/libjvm.so
7f9d748c2000-7f9d7491d000 rw-p 00000000 00:00 0 
7f9d7491d000-7f9d74aea000 r-xp 00000000 00:29 41352421                   /usr/lib64/libc-2.28.so
7f9d74aea000-7f9d74ce9000 ---p 001cd000 00:29 41352421                   /usr/lib64/libc-2.28.so
7f9d74ce9000-7f9d74ced000 r--p 001cc000 00:29 41352421                   /usr/lib64/libc-2.28.so
7f9d74ced000-7f9d74cef000 rw-p 001d0000 00:29 41352421                   /usr/lib64/libc-2.28.so
7f9d74cef000-7f9d74cf3000 rw-p 00000000 00:00 0 
7f9d74cf3000-7f9d74cf6000 r-xp 00000000 00:29 41352530                   /usr/lib64/libdl-2.28.so
7f9d74cf6000-7f9d74ef5000 ---p 00003000 00:29 41352530                   /usr/lib64/libdl-2.28.so
7f9d74ef5000-7f9d74ef6000 r--p 00002000 00:29 41352530                   /usr/lib64/libdl-2.28.so
7f9d74ef6000-7f9d74ef7000 rw-p 00003000 00:29 41352530                   /usr/lib64/libdl-2.28.so
7f9d74ef7000-7f9d74f12000 r-xp 00000000 00:29 41353149                   /usr/lib64/libpthread-2.28.so
7f9d74f12000-7f9d75111000 ---p 0001b000 00:29 41353149                   /usr/lib64/libpthread-2.28.so
7f9d75111000-7f9d75112000 r--p 0001a000 00:29 41353149                   /usr/lib64/libpthread-2.28.so
7f9d75112000-7f9d75113000 rw-p 0001b000 00:29 41353149                   /usr/lib64/libpthread-2.28.so
7f9d75113000-7f9d75117000 rw-p 00000000 00:00 0 
7f9d75117000-7f9d75146000 r-xp 00000000 00:29 41352045                   /usr/lib64/ld-2.28.so
7f9d7514a000-7f9d7514b000 r--p 00000000 00:33 8596472606                 /sfs/gpfs/tardis/applications/202512/software/standard/core/java/17/lib/libextnet.so
7f9d7514b000-7f9d7514c000 r-xp 00001000 00:33 8596472606                 /sfs/gpfs/tardis/applications/202512/software/standard/core/java/17/lib/libextnet.so
7f9d7514c000-7f9d7514d000 r--p 00002000 00:33 8596472606                 /sfs/gpfs/tardis/applications/202512/software/standard/core/java/17/lib/libextnet.so
7f9d7514d000-7f9d7514e000 r--p 00002000 00:33 8596472606                 /sfs/gpfs/tardis/applications/202512/software/standard/core/java/17/lib/libextnet.so
7f9d7514e000-7f9d7514f000 rw-p 00003000 00:33 8596472606                 /sfs/gpfs/tardis/applications/202512/software/standard/core/java/17/lib/libextnet.so
7f9d7514f000-7f9d75155000 rw-p 00000000 00:00 0 
7f9d75155000-7f9d7515e000 ---p 00000000 00:00 0 
7f9d7515e000-7f9d7515f000 r--s 00000000 203:97233 4334508089525993473    /sfs/weka/scratch/wxw9rr/tmp/pitest-agent4297895672587801351.jar
7f9d7515f000-7f9d75167000 rw-s 00000000 00:2d 86344221                   /tmp/hsperfdata_wxw9rr/628268
7f9d75167000-7f9d751ba000 r--p 00000000 00:29 42289927                   /usr/lib/locale/C.utf8/LC_CTYPE
7f9d751ba000-7f9d751bb000 r--p 00000000 00:29 42290264                   /usr/lib/locale/en_US.utf8/LC_NUMERIC
7f9d751bb000-7f9d751bc000 r--p 00000000 00:29 42290267                   /usr/lib/locale/en_US.utf8/LC_TIME
7f9d751bc000-7f9d751bd000 r--p 00000000 00:29 42290262                   /usr/lib/locale/en_US.utf8/LC_MONETARY
7f9d751bd000-7f9d751be000 r--p 00000000 00:29 42290268                   /usr/lib/locale/en_US.utf8/LC_MESSAGES/SYS_LC_MESSAGES
7f9d751be000-7f9d751bf000 r--p 00000000 00:29 42290265                   /usr/lib/locale/en_US.utf8/LC_PAPER
7f9d751bf000-7f9d751c6000 r--s 00000000 00:29 41660342                   /usr/lib64/gconv/gconv-modules.cache
7f9d751c6000-7f9d751d4000 r--p 00000000 00:33 8596472613                 /sfs/gpfs/tardis/applications/202512/software/standard/core/java/17/lib/libjava.so
7f9d751d4000-7f9d751e6000 r-xp 0000e000 00:33 8596472613                 /sfs/gpfs/tardis/applications/202512/software/standard/core/java/17/lib/libjava.so
7f9d751e6000-7f9d751ec000 r--p 00020000 00:33 8596472613                 /sfs/gpfs/tardis/applications/202512/software/standard/core/java/17/lib/libjava.so
7f9d751ec000-7f9d751ed000 ---p 00026000 00:33 8596472613                 /sfs/gpfs/tardis/applications/202512/software/standard/core/java/17/lib/libjava.so
7f9d751ed000-7f9d751ee000 r--p 00026000 00:33 8596472613                 /sfs/gpfs/tardis/applications/202512/software/standard/core/java/17/lib/libjava.so
7f9d751ee000-7f9d751ef000 rw-p 00027000 00:33 8596472613                 /sfs/gpfs/tardis/applications/202512/software/standard/core/java/17/lib/libjava.so
7f9d751ef000-7f9d751f0000 rw-p 00000000 00:00 0 
7f9d751f0000-7f9d751f4000 r--p 00000000 00:33 8596472617                 /sfs/gpfs/tardis/applications/202512/software/standard/core/java/17/lib/libjimage.so
7f9d751f4000-7f9d75207000 r-xp 00004000 00:33 8596472617                 /sfs/gpfs/tardis/applications/202512/software/standard/core/java/17/lib/libjimage.so
7f9d75207000-7f9d7520d000 r--p 00017000 00:33 8596472617                 /sfs/gpfs/tardis/applications/202512/software/standard/core/java/17/lib/libjimage.so
7f9d7520d000-7f9d7520f000 r--p 0001c000 00:33 8596472617                 /sfs/gpfs/tardis/applications/202512/software/standard/core/java/17/lib/libjimage.so
7f9d7520f000-7f9d75210000 rw-p 0001e000 00:33 8596472617                 /sfs/gpfs/tardis/applications/202512/software/standard/core/java/17/lib/libjimage.so
7f9d75210000-7f9d75214000 ---p 00000000 00:00 0 
7f9d75214000-7f9d75313000 rw-p 00000000 00:00 0 
7f9d75313000-7f9d75314000 r--p 00000000 00:29 42290263                   /usr/lib/locale/en_US.utf8/LC_NAME
7f9d75314000-7f9d75315000 r--p 00000000 00:29 42290258                   /usr/lib/locale/en_US.utf8/LC_ADDRESS
7f9d75315000-7f9d75316000 r--p 00000000 00:29 42290266                   /usr/lib/locale/en_US.utf8/LC_TELEPHONE
7f9d75316000-7f9d75317000 r--p 00000000 00:29 42290261                   /usr/lib/locale/en_US.utf8/LC_MEASUREMENT
7f9d75317000-7f9d75318000 r--p 00000000 00:29 42290260                   /usr/lib/locale/en_US.utf8/LC_IDENTIFICATION
7f9d75318000-7f9d7531a000 r--p 00000000 00:33 8596472608                 /sfs/gpfs/tardis/applications/202512/software/standard/core/java/17/lib/libinstrument.so
7f9d7531a000-7f9d75320000 r-xp 00002000 00:33 8596472608                 /sfs/gpfs/tardis/applications/202512/software/standard/core/java/17/lib/libinstrument.so
7f9d75320000-7f9d75323000 r--p 00008000 00:33 8596472608                 /sfs/gpfs/tardis/applications/202512/software/standard/core/java/17/lib/libinstrument.so
7f9d75323000-7f9d75324000 r--p 0000a000 00:33 8596472608                 /sfs/gpfs/tardis/applications/202512/software/standard/core/java/17/lib/libinstrument.so
7f9d75324000-7f9d75325000 rw-p 0000b000 00:33 8596472608                 /sfs/gpfs/tardis/applications/202512/software/standard/core/java/17/lib/libinstrument.so
7f9d75325000-7f9d75326000 ---p 00000000 00:00 0 
7f9d75326000-7f9d75327000 r--p 00000000 00:00 0 
7f9d75327000-7f9d75328000 ---p 00000000 00:00 0 
7f9d75328000-7f9d7532b000 r--p 00000000 00:33 8596472618                 /sfs/gpfs/tardis/applications/202512/software/standard/core/java/17/lib/libjli.so
7f9d7532b000-7f9d7533b000 r-xp 00003000 00:33 8596472618                 /sfs/gpfs/tardis/applications/202512/software/standard/core/java/17/lib/libjli.so
7f9d7533b000-7f9d75342000 r--p 00013000 00:33 8596472618                 /sfs/gpfs/tardis/applications/202512/software/standard/core/java/17/lib/libjli.so
7f9d75342000-7f9d75343000 r--p 00019000 00:33 8596472618                 /sfs/gpfs/tardis/applications/202512/software/standard/core/java/17/lib/libjli.so
7f9d75343000-7f9d75344000 rw-p 0001a000 00:33 8596472618                 /sfs/gpfs/tardis/applications/202512/software/standard/core/java/17/lib/libjli.so
7f9d75344000-7f9d75346000 rw-p 00000000 00:00 0 
7f9d75346000-7f9d75347000 r--p 0002f000 00:29 41352045                   /usr/lib64/ld-2.28.so
7f9d75347000-7f9d75349000 rw-p 00030000 00:29 41352045                   /usr/lib64/ld-2.28.so
7fff915ea000-7fff9160f000 rw-p 00000000 00:00 0                          [stack]
7fff9179a000-7fff9179e000 r--p 00000000 00:00 0                          [vvar]
7fff9179e000-7fff917a0000 r-xp 00000000 00:00 0                          [vdso]
ffffffffff600000-ffffffffff601000 r-xp 00000000 00:00 0                  [vsyscall]


VM Arguments:
jvm_args: -Dclassworlds.conf=/apps/software/standard/core/maven/3.9.0/bin/m2.conf -Dmaven.home=/apps/software/standard/core/maven/3.9.0 -Dlibrary.jansi.path=/apps/software/standard/core/maven/3.9.0/lib/jansi-native -Dmaven.multiModuleProjectDirectory=/scratch/wxw9rr/artifact/RQ3/OE25-DEV/commons-beanutils-1.9.4 -Djava.io.tmpdir=/sfs/weka/scratch/wxw9rr/tmp -javaagent:/sfs/weka/scratch/wxw9rr/tmp/pitest-agent4297895672587801351.jar -ea -Djava.awt.headless=true -XX:+UseG1GC -Djava.io.tmpdir=/sfs/weka/scratch/wxw9rr/tmp 
java_command: org.pitest.mutationtest.execute.MutationTestMinion 38091
java_class_path (initial): /sfs/weka/scratch/wxw9rr/artifact/RQ3/OE25-DEV/commons-beanutils-1.9.4/target/test-classes:/sfs/weka/scratch/wxw9rr/artifact/RQ3/OE25-DEV/commons-beanutils-1.9.4/target/classes:/home/wxw9rr/.m2/repository/commons-logging/commons-logging/1.2/commons-logging-1.2.jar:/home/wxw9rr/.m2/repository/commons-collections/commons-collections/3.2.2/commons-collections-3.2.2.jar:/home/wxw9rr/.m2/repository/commons-collections/commons-collections-testframework/3.2.1/commons-collections-testframework-3.2.1.jar:/home/wxw9rr/.m2/repository/junit/junit/4.12/junit-4.12.jar:/home/wxw9rr/.m2/repository/org/hamcrest/hamcrest-core/1.3/hamcrest-core-1.3.jar:/home/wxw9rr/.m2/repository/org/pitest/pitest/1.22.0/pitest-1.22.0.jar
Launcher Type: SUN_STANDARD

[Global flags]
     intx CICompilerCount                          = 12                                        {product} {ergonomic}
     uint ConcGCThreads                            = 5                                         {product} {ergonomic}
     uint G1ConcRefinementThreads                  = 18                                        {product} {ergonomic}
   size_t G1HeapRegionSize                         = 16777216                                  {product} {ergonomic}
    uintx GCDrainStackTargetSize                   = 64                                        {product} {ergonomic}
   size_t InitialHeapSize                          = 2147483648                                {product} {ergonomic}
   size_t MarkStackSize                            = 4194304                                   {product} {ergonomic}
   size_t MaxHeapSize                              = 32178700288                               {product} {ergonomic}
   size_t MaxNewSize                               = 19293798400                               {product} {ergonomic}
   size_t MinHeapDeltaBytes                        = 16777216                                  {product} {ergonomic}
   size_t MinHeapSize                              = 16777216                                  {product} {ergonomic}
    uintx NonNMethodCodeHeapSize                   = 7602480                                {pd product} {ergonomic}
    uintx NonProfiledCodeHeapSize                  = 122027880                              {pd product} {ergonomic}
    uintx ProfiledCodeHeapSize                     = 122027880                              {pd product} {ergonomic}
    uintx ReservedCodeCacheSize                    = 251658240                              {pd product} {ergonomic}
     bool SegmentedCodeCache                       = true                                      {product} {ergonomic}
   size_t SoftMaxHeapSize                          = 32178700288                            {manageable} {ergonomic}
     bool UseCompressedClassPointers               = true                           {product lp64_product} {ergonomic}
     bool UseCompressedOops                        = true                           {product lp64_product} {ergonomic}
     bool UseG1GC                                  = true                                      {product} {command line}

Logging:
Log output configuration:
 #0: stdout all=warning uptime,level,tags
 #1: stderr all=off uptime,level,tags

Environment Variables:
JAVA_HOME=/apps/software/standard/core/java/17
_JAVA_OPTIONS=-Djava.io.tmpdir=/sfs/weka/scratch/wxw9rr/tmp
PATH=/apps/software/standard/core/java/17:/apps/software/standard/core/java/17/bin:/apps/software/standard/core/maven/3.9.0:/apps/software/standard/core/maven/3.9.0/bin:/home/wxw9rr/.local/bin:/opt/mam/9.1.2/bin:/sfs/gpfs/tardis/applications/202512/software/standard/core/code-server/4.99.1/lib/vscode/bin/remote-cli:/apps/software/standard/core/code-server/4.99.1/bin:/apps/software/standard/core/miniforge/24.3.0-py3.11:/apps/software/standard/core/miniforge/24.3.0-py3.11/sbin:/apps/software/standard/core/miniforge/24.3.0-py3.11/bin:/sfs/gpfs/tardis/home/wxw9rr/miniforge3/bin:/sfs/gpfs/tardis/home/wxw9rr/miniforge3/condabin:/usr/local/bin:/usr/bin:/usr/local/sbin:/usr/sbin:/opt/slurm/current/bin:/opt/rci/bin:/share/resources/HPCtools:/opt/mam/current/bin:/opt/apptainer/current/bin:/sfs/gpfs/tardis/home/wxw9rr/.local/bin
LD_LIBRARY_PATH=/apps/software/standard/core/java/17/lib:/apps/software/standard/core/maven/3.9.0/lib:/opt/slurm/current/lib
SHELL=/bin/bash
LANG=en_US.UTF-8
TERM=xterm-256color
TMPDIR=/sfs/weka/scratch/wxw9rr/tmp
TMP=/sfs/weka/scratch/wxw9rr/tmp
TEMP=/sfs/weka/scratch/wxw9rr/tmp

Active Locale:
LC_ALL=en_US.UTF-8
LC_COLLATE=en_US.UTF-8
LC_CTYPE=en_US.UTF-8
LC_MESSAGES=en_US.UTF-8
LC_MONETARY=en_US.UTF-8
LC_NUMERIC=en_US.UTF-8
LC_TIME=en_US.UTF-8

Signal Handlers:
   SIGSEGV: crash_handler in libjvm.so, mask=11100100010111111101111111111110, flags=SA_RESTART|SA_SIGINFO, unblocked
    SIGBUS: crash_handler in libjvm.so, mask=11100100010111111101111111111110, flags=SA_RESTART|SA_SIGINFO, unblocked
    SIGFPE: crash_handler in libjvm.so, mask=11100100010111111101111111111110, flags=SA_RESTART|SA_SIGINFO, unblocked
   SIGPIPE: javaSignalHandler in libjvm.so, mask=11100100010111111101111111111110, flags=SA_RESTART|SA_SIGINFO, unblocked
   SIGXFSZ: javaSignalHandler in libjvm.so, mask=11100100010111111101111111111110, flags=SA_RESTART|SA_SIGINFO, unblocked
    SIGILL: crash_handler in libjvm.so, mask=11100100010111111101111111111110, flags=SA_RESTART|SA_SIGINFO, unblocked
   SIGUSR2: SR_handler in libjvm.so, mask=00100000000000000000000000000000, flags=SA_RESTART|SA_SIGINFO, unblocked
    SIGHUP: UserHandler in libjvm.so, mask=11100100010111111101111111111110, flags=SA_RESTART|SA_SIGINFO, unblocked
    SIGINT: UserHandler in libjvm.so, mask=11100100010111111101111111111110, flags=SA_RESTART|SA_SIGINFO, unblocked
   SIGTERM: UserHandler in libjvm.so, mask=11100100010111111101111111111110, flags=SA_RESTART|SA_SIGINFO, unblocked
   SIGQUIT: UserHandler in libjvm.so, mask=11100100010111111101111111111110, flags=SA_RESTART|SA_SIGINFO, unblocked
   SIGTRAP: crash_handler in libjvm.so, mask=11100100010111111101111111111110, flags=SA_RESTART|SA_SIGINFO, unblocked


Periodic native trim disabled


---------------  S Y S T E M  ---------------

OS:
Rocky Linux release 8.10 (Green Obsidian)
uname: Linux 4.18.0-553.47.1.el8_10.x86_64 #1 SMP Thu Apr 3 14:27:08 UTC 2025 x86_64
OS uptime: 88 days 17:13 hours
libc: glibc 2.28 NPTL 2.28 
rlimit (soft/hard): STACK 8192k/infinity , CORE infinity/infinity , NPROC 3094208/3094208 , NOFILE 65536/65536 , AS infinity/infinity , CPU infinity/infinity , DATA infinity/infinity , FSIZE infinity/infinity , MEMLOCK infinity/infinity
load average: 107.72 68.92 51.21

/proc/meminfo:
MemTotal:       792160700 kB
MemFree:        71722580 kB
MemAvailable:   308573316 kB
Buffers:           28000 kB
Cached:         257948752 kB
SwapCached:            0 kB
Active:         92673448 kB
Inactive:       586744816 kB
Active(anon):    9145900 kB
Inactive(anon): 432422636 kB
Active(file):   83527548 kB
Inactive(file): 154322180 kB
Unevictable:    16958460 kB
Mlocked:        16958460 kB
SwapTotal:             0 kB
SwapFree:              0 kB
Dirty:                88 kB
Writeback:             8 kB
AnonPages:      438317192 kB
Mapped:          3395584 kB
Shmem:          19762004 kB
KReclaimable:    4104324 kB
Slab:            6625380 kB
SReclaimable:    4104324 kB
SUnreclaim:      2521056 kB
KernelStack:      110080 kB
PageTables:      1070084 kB
NFS_Unstable:          0 kB
Bounce:                0 kB
WritebackTmp:          0 kB
CommitLimit:    772820100 kB
Committed_AS:   772564068 kB
VmallocTotal:   13743895347199 kB
VmallocUsed:     2471432 kB
VmallocChunk:          0 kB
Percpu:           909312 kB
HardwareCorrupted:     0 kB
AnonHugePages:  131377152 kB
ShmemHugePages:        0 kB
ShmemPmdMapped:        0 kB
FileHugePages:         0 kB
FilePmdMapped:         0 kB
HugePages_Total:    5632
HugePages_Free:        0
HugePages_Rsvd:        0
HugePages_Surp:        0
Hugepagesize:       2048 kB
Hugetlb:        11534336 kB
DirectMap4k:     1240012 kB
DirectMap2M:    201951232 kB
DirectMap1G:    602931200 kB

/sys/kernel/mm/transparent_hugepage/enabled: [always] madvise never
/sys/kernel/mm/transparent_hugepage/hpage_pmd_size: 2097152
/sys/kernel/mm/transparent_hugepage/defrag (defrag/compaction efforts parameter): always defer defer+madvise [madvise] never

Process Memory:
Virtual Size: 32619140K (peak: 36940516K)
Resident Set Size: 265980K (peak: 265980K) (anon: 248344K, file: 17604K, shmem: 32K)
Swapped out: 0K
C-Heap outstanding allocations: 54157K, retained: 5398K
glibc malloc tunables: (default)

/proc/sys/kernel/threads-max (system-wide limit on the number of threads): 6188417
/proc/sys/vm/max_map_count (maximum number of memory map areas a process may have): 65530
/proc/sys/vm/swappiness (control to define how aggressively the kernel swaps out anonymous memory): 10
/proc/sys/kernel/pid_max (system-wide limit on number of process identifiers): 999999

container (cgroup) information:
container_type: cgroupv1
cpu_cpuset_cpus: 0-23
cpu_memory_nodes: 0-1
active_processor_count: 24
cpu_quota: no quota
cpu_period: 100000
cpu_shares: no shares
memory_limit_in_bytes: 536870912 k
memory_and_swap_limit_in_bytes: 536870912 k
memory_soft_limit_in_bytes: unlimited
memory_usage_in_bytes: 418802436 k
memory_max_usage_in_bytes: 441547720 k
kernel_memory_limit_in_bytes: unlimited
kernel_memory_usage_in_bytes: 2701560 k
kernel_memory_max_usage_in_bytes: 2715224 k
maximum number of tasks: unlimited
current number of tasks: 3902

Steal ticks since vm start: 0
Steal ticks percentage since vm start:  0.000

CPU: total 96 (initial active 24) (48 cores per cpu, 1 threads per core) family 25 model 17 stepping 1 microcode 0xa10113b, cx8, cmov, fxsr, mmx, 3dnowpref, sse, sse2, sse3, ssse3, sse4a, sse4.1, sse4.2, popcnt, lzcnt, tsc, tscinvbit, avx, avx2, aes, erms, clmul, bmi1, bmi2, adx, avx512f, avx512dq, avx512cd, avx512bw, avx512vl, sha, fma, vzeroupper, avx512_vpopcntdq, avx512_vpclmulqdq, avx512_vaes, avx512_vnni, clflush, clflushopt, avx512_vbmi2, avx512_vbmi
CPU Model and flags from /proc/cpuinfo:
model name	: AMD EPYC 9454 48-Core Processor
flags		: fpu vme de pse tsc msr pae mce cx8 apic sep mtrr pge mca cmov pat pse36 clflush mmx fxsr sse sse2 ht syscall nx mmxext fxsr_opt pdpe1gb rdtscp lm constant_tsc rep_good amd_lbr_v2 nopl nonstop_tsc cpuid extd_apicid aperfmperf pni pclmulqdq monitor ssse3 fma cx16 pcid sse4_1 sse4_2 x2apic movbe popcnt aes xsave avx f16c rdrand lahf_lm cmp_legacy svm extapic cr8_legacy abm sse4a misalignsse 3dnowprefetch osvw ibs skinit wdt tce topoext perfctr_core perfctr_nb bpext perfctr_llc mwaitx cpb cat_l3 cdp_l3 invpcid_single hw_pstate ssbd mba perfmon_v2 ibrs ibpb stibp ibrs_enhanced vmmcall fsgsbase bmi1 avx2 smep bmi2 erms invpcid cqm rdt_a avx512f avx512dq rdseed adx smap avx512ifma clflushopt clwb avx512cd sha_ni avx512bw avx512vl xsaveopt xsavec xgetbv1 xsaves cqm_llc cqm_occup_llc cqm_mbm_total cqm_mbm_local avx512_bf16 clzero irperf xsaveerptr wbnoinvd amd_ppin cppc arat npt lbrv svm_lock nrip_save tsc_scale vmcb_clean flushbyasid decodeassists pausefilter pfthreshold avic v_vmsave_vmload vgif x2avic v_spec_ctrl avx512vbmi umip pku ospke avx512_vbmi2 gfni vaes vpclmulqdq avx512_vnni avx512_bitalg avx512_vpopcntdq la57 rdpid overflow_recov succor smca fsrm flush_l1d

Online cpus: 0-95
Offline cpus: 96-511
BIOS frequency limitation: 2750000
Frequency switch latency (ns): 0
Available cpu frequencies: 2750000 2100000 1500000 
Current governor: performance
Core performance/turbo boost: 1

Memory: 4k page, physical 536870912k(118069520k free), swap 0k(0k free)
Page Sizes: 4k

vm_info: OpenJDK 64-Bit Server VM (17.0.15+6) for linux-amd64 JRE (17.0.15+6), built on Apr 15 2025 00:00:00 by "admin" with gcc 10.3.0

END.
