[ERROR] COMPILATION ERROR : 
[ERROR] /home/tasfia/Desktop/OE25-DEV/projects_decomposed/commons-lang3/src/test/java/org/apache/commons/lang3/time/DateFormatUtilsTest_OE25Dev.java:[72,9] cannot find symbol
  symbol:   method testGmtMinus3(java.lang.String,java.lang.String)
  location: class org.apache.commons.lang3.time.DateFormatUtilsTest_OE25Dev
[ERROR] /home/tasfia/Desktop/OE25-DEV/projects_decomposed/commons-lang3/src/test/java/org/apache/commons/lang3/time/DateFormatUtilsTest_OE25Dev.java:[73,9] cannot find symbol
  symbol:   method testGmtMinus3(java.lang.String,java.lang.String)
  location: class org.apache.commons.lang3.time.DateFormatUtilsTest_OE25Dev
[ERROR] /home/tasfia/Desktop/OE25-DEV/projects_decomposed/commons-lang3/src/test/java/org/apache/commons/lang3/time/DateFormatUtilsTest_OE25Dev.java:[79,9] cannot find symbol
  symbol:   method testGmtMinus3(java.lang.String,java.lang.String)
  location: class org.apache.commons.lang3.time.DateFormatUtilsTest_OE25Dev
[ERROR] /home/tasfia/Desktop/OE25-DEV/projects_decomposed/commons-lang3/src/test/java/org/apache/commons/lang3/time/DateFormatUtilsTest_OE25Dev.java:[80,9] cannot find symbol
  symbol:   method testGmtMinus3(java.lang.String,java.lang.String)
  location: class org.apache.commons.lang3.time.DateFormatUtilsTest_OE25Dev
[ERROR] /home/tasfia/Desktop/OE25-DEV/projects_decomposed/commons-lang3/src/test/java/org/apache/commons/lang3/time/DateFormatUtilsTest_OE25Dev.java:[220,9] cannot find symbol
  symbol:   method testGmtMinus3(java.lang.String,java.lang.String)
  location: class org.apache.commons.lang3.time.DateFormatUtilsTest_OE25Dev
[ERROR] /home/tasfia/Desktop/OE25-DEV/projects_decomposed/commons-lang3/src/test/java/org/apache/commons/lang3/time/DateFormatUtilsTest_OE25Dev.java:[221,9] cannot find symbol
  symbol:   method testGmtMinus3(java.lang.String,java.lang.String)
  location: class org.apache.commons.lang3.time.DateFormatUtilsTest_OE25Dev
[ERROR] /home/tasfia/Desktop/OE25-DEV/projects_decomposed/commons-lang3/src/test/java/org/apache/commons/lang3/time/DateFormatUtilsTest_OE25Dev.java:[227,9] cannot find symbol
  symbol:   method testGmtMinus3(java.lang.String,java.lang.String)
  location: class org.apache.commons.lang3.time.DateFormatUtilsTest_OE25Dev
[ERROR] /home/tasfia/Desktop/OE25-DEV/projects_decomposed/commons-lang3/src/test/java/org/apache/commons/lang3/time/DateFormatUtilsTest_OE25Dev.java:[228,9] cannot find symbol
  symbol:   method testGmtMinus3(java.lang.String,java.lang.String)
  location: class org.apache.commons.lang3.time.DateFormatUtilsTest_OE25Dev
[ERROR] Failed to execute goal org.apache.maven.plugins:maven-compiler-plugin:3.8.1:testCompile (default-testCompile) on project commons-lang3: Compilation failure: Compilation failure: 
[ERROR] /home/tasfia/Desktop/OE25-DEV/projects_decomposed/commons-lang3/src/test/java/org/apache/commons/lang3/time/DateFormatUtilsTest_OE25Dev.java:[72,9] cannot find symbol
[ERROR]   symbol:   method testGmtMinus3(java.lang.String,java.lang.String)
[ERROR]   location: class org.apache.commons.lang3.time.DateFormatUtilsTest_OE25Dev
[ERROR] /home/tasfia/Desktop/OE25-DEV/projects_decomposed/commons-lang3/src/test/java/org/apache/commons/lang3/time/DateFormatUtilsTest_OE25Dev.java:[73,9] cannot find symbol
[ERROR]   symbol:   method testGmtMinus3(java.lang.String,java.lang.String)
[ERROR]   location: class org.apache.commons.lang3.time.DateFormatUtilsTest_OE25Dev
[ERROR] /home/tasfia/Desktop/OE25-DEV/projects_decomposed/commons-lang3/src/test/java/org/apache/commons/lang3/time/DateFormatUtilsTest_OE25Dev.java:[79,9] cannot find symbol
[ERROR]   symbol:   method testGmtMinus3(java.lang.String,java.lang.String)
[ERROR]   location: class org.apache.commons.lang3.time.DateFormatUtilsTest_OE25Dev
[ERROR] /home/tasfia/Desktop/OE25-DEV/projects_decomposed/commons-lang3/src/test/java/org/apache/commons/lang3/time/DateFormatUtilsTest_OE25Dev.java:[80,9] cannot find symbol
[ERROR]   symbol:   method testGmtMinus3(java.lang.String,java.lang.String)
[ERROR]   location: class org.apache.commons.lang3.time.DateFormatUtilsTest_OE25Dev
[ERROR] /home/tasfia/Desktop/OE25-DEV/projects_decomposed/commons-lang3/src/test/java/org/apache/commons/lang3/time/DateFormatUtilsTest_OE25Dev.java:[220,9] cannot find symbol
[ERROR]   symbol:   method testGmtMinus3(java.lang.String,java.lang.String)
[ERROR]   location: class org.apache.commons.lang3.time.DateFormatUtilsTest_OE25Dev
[ERROR] /home/tasfia/Desktop/OE25-DEV/projects_decomposed/commons-lang3/src/test/java/org/apache/commons/lang3/time/DateFormatUtilsTest_OE25Dev.java:[221,9] cannot find symbol
[ERROR]   symbol:   method testGmtMinus3(java.lang.String,java.lang.String)
[ERROR]   location: class org.apache.commons.lang3.time.DateFormatUtilsTest_OE25Dev
[ERROR] /home/tasfia/Desktop/OE25-DEV/projects_decomposed/commons-lang3/src/test/java/org/apache/commons/lang3/time/DateFormatUtilsTest_OE25Dev.java:[227,9] cannot find symbol
[ERROR]   symbol:   method testGmtMinus3(java.lang.String,java.lang.String)
[ERROR]   location: class org.apache.commons.lang3.time.DateFormatUtilsTest_OE25Dev
[ERROR] /home/tasfia/Desktop/OE25-DEV/projects_decomposed/commons-lang3/src/test/java/org/apache/commons/lang3/time/DateFormatUtilsTest_OE25Dev.java:[228,9] cannot find symbol
[ERROR]   symbol:   method testGmtMinus3(java.lang.String,java.lang.String)
[ERROR]   location: class org.apache.commons.lang3.time.DateFormatUtilsTest_OE25Dev
[ERROR] -> [Help 1]
[ERROR] 
[ERROR] To see the full stack trace of the errors, re-run Maven with the -e switch.
[ERROR] Re-run Maven using the -X switch to enable full debug logging.
[ERROR] 
[ERROR] For more information about the errors and possible solutions, please read the following articles:
[ERROR] [Help 1] http://cwiki.apache.org/confluence/display/MAVEN/MojoFailureException
