[ERROR] COMPILATION ERROR : 
[ERROR] /home/tasfia/Desktop/OE25-DEV/projects_decomposed/commons-lang3/src/test/java/org/apache/commons/lang3/math/NumberUtilsTest_OE25Dev.java:[423,13] cannot find symbol
  symbol: method testCreateFloatFailure(java.lang.String)
[ERROR] /home/tasfia/Desktop/OE25-DEV/projects_decomposed/commons-lang3/src/test/java/org/apache/commons/lang3/math/NumberUtilsTest_OE25Dev.java:[424,13] cannot find symbol
  symbol: method testCreateFloatFailure(java.lang.String)
[ERROR] /home/tasfia/Desktop/OE25-DEV/projects_decomposed/commons-lang3/src/test/java/org/apache/commons/lang3/math/NumberUtilsTest_OE25Dev.java:[425,13] cannot find symbol
  symbol: method testCreateFloatFailure(java.lang.String)
[ERROR] /home/tasfia/Desktop/OE25-DEV/projects_decomposed/commons-lang3/src/test/java/org/apache/commons/lang3/math/NumberUtilsTest_OE25Dev.java:[427,13] cannot find symbol
  symbol: method testCreateFloatFailure(java.lang.String)
[ERROR] Failed to execute goal org.apache.maven.plugins:maven-compiler-plugin:3.8.1:testCompile (default-testCompile) on project commons-lang3: Compilation failure: Compilation failure: 
[ERROR] /home/tasfia/Desktop/OE25-DEV/projects_decomposed/commons-lang3/src/test/java/org/apache/commons/lang3/math/NumberUtilsTest_OE25Dev.java:[423,13] cannot find symbol
[ERROR]   symbol: method testCreateFloatFailure(java.lang.String)
[ERROR] /home/tasfia/Desktop/OE25-DEV/projects_decomposed/commons-lang3/src/test/java/org/apache/commons/lang3/math/NumberUtilsTest_OE25Dev.java:[424,13] cannot find symbol
[ERROR]   symbol: method testCreateFloatFailure(java.lang.String)
[ERROR] /home/tasfia/Desktop/OE25-DEV/projects_decomposed/commons-lang3/src/test/java/org/apache/commons/lang3/math/NumberUtilsTest_OE25Dev.java:[425,13] cannot find symbol
[ERROR]   symbol: method testCreateFloatFailure(java.lang.String)
[ERROR] /home/tasfia/Desktop/OE25-DEV/projects_decomposed/commons-lang3/src/test/java/org/apache/commons/lang3/math/NumberUtilsTest_OE25Dev.java:[427,13] cannot find symbol
[ERROR]   symbol: method testCreateFloatFailure(java.lang.String)
[ERROR] -> [Help 1]
[ERROR] 
[ERROR] To see the full stack trace of the errors, re-run Maven with the -e switch.
[ERROR] Re-run Maven using the -X switch to enable full debug logging.
[ERROR] 
[ERROR] For more information about the errors and possible solutions, please read the following articles:
[ERROR] [Help 1] http://cwiki.apache.org/confluence/display/MAVEN/MojoFailureException
