org/apache/commons/geometry/io/core/internal/IOConsumer.class
org/apache/commons/geometry/io/core/output/FileGeometryOutput.class
org/apache/commons/geometry/io/core/utils/AbstractTextFormatWriter.class
org/apache/commons/geometry/io/core/internal/IOToIntFunction.class
org/apache/commons/geometry/io/core/input/GeometryInput.class
org/apache/commons/geometry/io/core/GeometryFormat.class
org/apache/commons/geometry/io/core/output/StreamGeometryOutput.class
org/apache/commons/geometry/io/core/internal/GeometryIOUtils.class
org/apache/commons/geometry/io/core/input/UrlGeometryInput.class
org/apache/commons/geometry/io/core/BoundaryWriteHandler.class
org/apache/commons/geometry/io/core/BoundaryIOManager.class
org/apache/commons/geometry/io/core/GeometryIOMetadata.class
org/apache/commons/geometry/io/core/input/StreamGeometryInput.class
org/apache/commons/geometry/io/core/internal/SimpleTextParser$StringCollector.class
org/apache/commons/geometry/io/core/input/FileGeometryInput.class
org/apache/commons/geometry/io/core/BoundaryIOManager$HandlerRegistry.class
org/apache/commons/geometry/io/core/BoundaryReadHandler.class
org/apache/commons/geometry/io/core/AbstractGeometryIOMetadata.class
org/apache/commons/geometry/io/core/internal/IOSupplier.class
org/apache/commons/geometry/io/core/output/GeometryOutput.class
org/apache/commons/geometry/io/core/internal/CharReadBuffer.class
org/apache/commons/geometry/io/core/BoundaryIOManager$1.class
org/apache/commons/geometry/io/core/internal/IOFunction.class
org/apache/commons/geometry/io/core/internal/SimpleTextParser.class
