[INFO] Scanning for projects...
[WARNING] 
[WARNING] Some problems were encountered while building the effective model for org.apache.commons:commons-geometry-io-core:jar:1.0
[WARNING] 'build.plugins.plugin.(groupId:artifactId)' must be unique but found duplicate declaration of plugin org.apache.maven.plugins:maven-surefire-plugin @ org.apache.commons:commons-geometry-parent:1.0, /sfs/weka/scratch/wxw9rr/OE25-DEV/projects_decomposed/commons-geometry-1.0-src/pom.xml, line 232, column 15
[WARNING] 
[WARNING] It is highly recommended to fix these problems because they threaten the stability of your build.
[WARNING] 
[WARNING] For this reason, future Maven versions might no longer support building such malformed projects.
[WARNING] 
[INFO] 
[INFO] ------------< org.apache.commons:commons-geometry-io-core >-------------
[INFO] Building Apache Commons Geometry IO Core 1.0
[INFO]   from pom.xml
[INFO] --------------------------------[ jar ]---------------------------------
[INFO] 
[INFO] --- enforcer:3.0.0-M3:enforce (enforce-maven-version) @ commons-geometry-io-core ---
[INFO] 
[INFO] --- enforcer:3.0.0-M3:enforce (enforce-maven-3) @ commons-geometry-io-core ---
[INFO] 
[INFO] --- apache-rat:0.13:check (rat-check) @ commons-geometry-io-core ---
[INFO] RAT will not execute since it is configured to be skipped via system property 'rat.skip'.
[INFO] 
[INFO] --- build-helper:3.2.0:parse-version (parse-version) @ commons-geometry-io-core ---
[INFO] 
[INFO] --- antrun:1.8:run (javadoc.resources) @ commons-geometry-io-core ---
[INFO] Executing tasks

main:
[INFO] Executed tasks
[INFO] 
[INFO] --- remote-resources:1.7.0:process (process-resource-bundles) @ commons-geometry-io-core ---
[INFO] Skipping remote resources execution.
[INFO] 
[INFO] --- buildnumber:1.4:create (default) @ commons-geometry-io-core ---
[INFO] Executing: /bin/sh -c cd '/sfs/weka/scratch/wxw9rr/OE25-DEV/projects_decomposed/commons-geometry-1.0-src/commons-geometry-io-core' && 'git' 'rev-parse' '--verify' 'HEAD'
[INFO] Working directory: /sfs/weka/scratch/wxw9rr/OE25-DEV/projects_decomposed/commons-geometry-1.0-src/commons-geometry-io-core
[INFO] Storing buildNumber: b467cf2e4e818b0489514385e833d64c6545dc91 at timestamp: 1768576282705
[INFO] Storing buildScmBranch: main
[INFO] 
[INFO] --- resources:3.1.0:resources (default-resources) @ commons-geometry-io-core ---
[INFO] Using 'UTF-8' encoding to copy filtered resources.
[INFO] skip non existing resourceDirectory /sfs/weka/scratch/wxw9rr/OE25-DEV/projects_decomposed/commons-geometry-1.0-src/commons-geometry-io-core/src/main/resources
[INFO] Copying 2 resources to META-INF
[INFO] 
[INFO] --- compiler:3.8.1:compile (default-compile) @ commons-geometry-io-core ---
[INFO] Changes detected - recompiling the module!
[INFO] Compiling 26 source files to /sfs/weka/scratch/wxw9rr/OE25-DEV/projects_decomposed/commons-geometry-1.0-src/commons-geometry-io-core/target/classes
[INFO] 
[INFO] --- bundle:5.1.1:manifest (bundle-manifest) @ commons-geometry-io-core ---
[INFO] 
[INFO] --- resources:3.1.0:testResources (default-testResources) @ commons-geometry-io-core ---
[INFO] Using 'UTF-8' encoding to copy filtered resources.
[INFO] skip non existing resourceDirectory /sfs/weka/scratch/wxw9rr/OE25-DEV/projects_decomposed/commons-geometry-1.0-src/commons-geometry-io-core/src/test/resources
[INFO] Copying 2 resources to META-INF
[INFO] 
[INFO] --- compiler:3.8.1:testCompile (default-testCompile) @ commons-geometry-io-core ---
[INFO] Changes detected - recompiling the module!
[INFO] Compiling 25 source files to /sfs/weka/scratch/wxw9rr/OE25-DEV/projects_decomposed/commons-geometry-1.0-src/commons-geometry-io-core/target/test-classes
[INFO] -------------------------------------------------------------
[ERROR] COMPILATION ERROR : 
[INFO] -------------------------------------------------------------
[ERROR] /sfs/weka/scratch/wxw9rr/OE25-DEV/projects_decomposed/commons-geometry-1.0-src/commons-geometry-io-core/src/test/java/org/apache/commons/geometry/io/core/internal/SimpleTextParserTest_OE25Dev.java:[1482,62] cannot find symbol
  symbol:   variable exc
  location: class org.apache.commons.geometry.io.core.internal.SimpleTextParserTest_OE25Dev
[ERROR] /sfs/weka/scratch/wxw9rr/OE25-DEV/projects_decomposed/commons-geometry-1.0-src/commons-geometry-io-core/src/test/java/org/apache/commons/geometry/io/core/internal/SimpleTextParserTest_OE25Dev.java:[1542,62] cannot find symbol
  symbol:   variable exc
  location: class org.apache.commons.geometry.io.core.internal.SimpleTextParserTest_OE25Dev
[ERROR] /sfs/weka/scratch/wxw9rr/OE25-DEV/projects_decomposed/commons-geometry-1.0-src/commons-geometry-io-core/src/test/java/org/apache/commons/geometry/io/core/internal/GeometryIOUtilsTest_OE25Dev.java:[610,61] cannot find symbol
  symbol:   variable thr
  location: class org.apache.commons.geometry.io.core.internal.GeometryIOUtilsTest_OE25Dev
[ERROR] /sfs/weka/scratch/wxw9rr/OE25-DEV/projects_decomposed/commons-geometry-1.0-src/commons-geometry-io-core/src/test/java/org/apache/commons/geometry/io/core/internal/GeometryIOUtilsTest_OE25Dev.java:[622,42] cannot find symbol
  symbol:   variable thr
  location: class org.apache.commons.geometry.io.core.internal.GeometryIOUtilsTest_OE25Dev
[INFO] 4 errors 
[INFO] -------------------------------------------------------------
[INFO] ------------------------------------------------------------------------
[INFO] BUILD FAILURE
[INFO] ------------------------------------------------------------------------
[INFO] Total time:  4.790 s
[INFO] Finished at: 2026-01-16T10:11:26-05:00
[INFO] ------------------------------------------------------------------------
[ERROR] Failed to execute goal org.apache.maven.plugins:maven-compiler-plugin:3.8.1:testCompile (default-testCompile) on project commons-geometry-io-core: Compilation failure: Compilation failure: 
[ERROR] /sfs/weka/scratch/wxw9rr/OE25-DEV/projects_decomposed/commons-geometry-1.0-src/commons-geometry-io-core/src/test/java/org/apache/commons/geometry/io/core/internal/SimpleTextParserTest_OE25Dev.java:[1482,62] cannot find symbol
[ERROR]   symbol:   variable exc
[ERROR]   location: class org.apache.commons.geometry.io.core.internal.SimpleTextParserTest_OE25Dev
[ERROR] /sfs/weka/scratch/wxw9rr/OE25-DEV/projects_decomposed/commons-geometry-1.0-src/commons-geometry-io-core/src/test/java/org/apache/commons/geometry/io/core/internal/SimpleTextParserTest_OE25Dev.java:[1542,62] cannot find symbol
[ERROR]   symbol:   variable exc
[ERROR]   location: class org.apache.commons.geometry.io.core.internal.SimpleTextParserTest_OE25Dev
[ERROR] /sfs/weka/scratch/wxw9rr/OE25-DEV/projects_decomposed/commons-geometry-1.0-src/commons-geometry-io-core/src/test/java/org/apache/commons/geometry/io/core/internal/GeometryIOUtilsTest_OE25Dev.java:[610,61] cannot find symbol
[ERROR]   symbol:   variable thr
[ERROR]   location: class org.apache.commons.geometry.io.core.internal.GeometryIOUtilsTest_OE25Dev
[ERROR] /sfs/weka/scratch/wxw9rr/OE25-DEV/projects_decomposed/commons-geometry-1.0-src/commons-geometry-io-core/src/test/java/org/apache/commons/geometry/io/core/internal/GeometryIOUtilsTest_OE25Dev.java:[622,42] cannot find symbol
[ERROR]   symbol:   variable thr
[ERROR]   location: class org.apache.commons.geometry.io.core.internal.GeometryIOUtilsTest_OE25Dev
[ERROR] -> [Help 1]
[ERROR] 
[ERROR] To see the full stack trace of the errors, re-run Maven with the -e switch.
[ERROR] Re-run Maven using the -X switch to enable full debug logging.
[ERROR] 
[ERROR] For more information about the errors and possible solutions, please read the following articles:
[ERROR] [Help 1] http://cwiki.apache.org/confluence/display/MAVEN/MojoFailureException
