[INFO] Scanning for projects...
[WARNING] 
[WARNING] Some problems were encountered while building the effective model for org.apache.commons:commons-geometry-spherical:jar:1.0
[WARNING] 'build.plugins.plugin.(groupId:artifactId)' must be unique but found duplicate declaration of plugin org.apache.maven.plugins:maven-surefire-plugin @ org.apache.commons:commons-geometry-parent:1.0, /home/tasfia/Desktop/OE25-DEV/projects_decomposed/commons-geometry/pom.xml, line 232, column 15
[WARNING] 
[WARNING] It is highly recommended to fix these problems because they threaten the stability of your build.
[WARNING] 
[WARNING] For this reason, future Maven versions might no longer support building such malformed projects.
[WARNING] 
[INFO] 
[INFO] -----------< org.apache.commons:commons-geometry-spherical >------------
[INFO] Building Apache Commons Geometry Spherical 1.0
[INFO] --------------------------------[ jar ]---------------------------------
[INFO] 
[INFO] --- maven-clean-plugin:3.1.0:clean (default-clean) @ commons-geometry-spherical ---
[INFO] 
[INFO] --- maven-enforcer-plugin:3.0.0-M3:enforce (enforce-maven-version) @ commons-geometry-spherical ---
[INFO] 
[INFO] --- maven-enforcer-plugin:3.0.0-M3:enforce (enforce-maven-3) @ commons-geometry-spherical ---
[INFO] 
[INFO] --- apache-rat-plugin:0.13:check (rat-check) @ commons-geometry-spherical ---
[INFO] RAT will not execute since it is configured to be skipped via system property 'rat.skip'.
[INFO] 
[INFO] --- build-helper-maven-plugin:3.2.0:parse-version (parse-version) @ commons-geometry-spherical ---
[INFO] 
[INFO] --- maven-antrun-plugin:1.8:run (javadoc.resources) @ commons-geometry-spherical ---
[INFO] Executing tasks

main:
     [copy] Copying 2 files to /home/tasfia/Desktop/OE25-DEV/projects_decomposed/commons-geometry/commons-geometry-spherical/target/apidocs/META-INF
[INFO] Executed tasks
[INFO] 
[INFO] --- maven-remote-resources-plugin:1.7.0:process (process-resource-bundles) @ commons-geometry-spherical ---
[INFO] Skipping remote resources execution.
[INFO] 
[INFO] --- buildnumber-maven-plugin:1.4:create (default) @ commons-geometry-spherical ---
[INFO] Executing: /bin/sh -c cd '/home/tasfia/Desktop/OE25-DEV/projects_decomposed/commons-geometry/commons-geometry-spherical' && 'git' 'rev-parse' '--verify' 'HEAD'
[INFO] Working directory: /home/tasfia/Desktop/OE25-DEV/projects_decomposed/commons-geometry/commons-geometry-spherical
[INFO] Storing buildNumber: c100078249c05cc4d06c33c5a5c5160a82b0f043 at timestamp: 1770629185077
[WARNING] Cannot get the branch information from the git repository: 
Detecting the current branch failed: fatal: ref HEAD is not a symbolic ref

[INFO] Executing: /bin/sh -c cd '/home/tasfia/Desktop/OE25-DEV/projects_decomposed/commons-geometry/commons-geometry-spherical' && 'git' 'rev-parse' '--verify' 'HEAD'
[INFO] Working directory: /home/tasfia/Desktop/OE25-DEV/projects_decomposed/commons-geometry/commons-geometry-spherical
[INFO] Storing buildScmBranch: UNKNOWN
[INFO] 
[INFO] --- maven-resources-plugin:3.1.0:resources (default-resources) @ commons-geometry-spherical ---
[INFO] Using 'UTF-8' encoding to copy filtered resources.
[INFO] skip non existing resourceDirectory /home/tasfia/Desktop/OE25-DEV/projects_decomposed/commons-geometry/commons-geometry-spherical/src/main/resources
[INFO] Copying 2 resources to META-INF
[INFO] 
[INFO] --- maven-compiler-plugin:3.8.1:compile (default-compile) @ commons-geometry-spherical ---
[INFO] Changes detected - recompiling the module!
[INFO] Compiling 22 source files to /home/tasfia/Desktop/OE25-DEV/projects_decomposed/commons-geometry/commons-geometry-spherical/target/classes
[INFO] 
[INFO] --- maven-bundle-plugin:5.1.1:manifest (bundle-manifest) @ commons-geometry-spherical ---
[INFO] 
[INFO] --- maven-resources-plugin:3.1.0:testResources (default-testResources) @ commons-geometry-spherical ---
[INFO] Using 'UTF-8' encoding to copy filtered resources.
[INFO] skip non existing resourceDirectory /home/tasfia/Desktop/OE25-DEV/projects_decomposed/commons-geometry/commons-geometry-spherical/src/test/resources
[INFO] Copying 2 resources to META-INF
[INFO] 
[INFO] --- maven-compiler-plugin:3.8.1:testCompile (default-testCompile) @ commons-geometry-spherical ---
[INFO] Changes detected - recompiling the module!
[INFO] Compiling 37 source files to /home/tasfia/Desktop/OE25-DEV/projects_decomposed/commons-geometry/commons-geometry-spherical/target/test-classes
[INFO] 
[INFO] --- animal-sniffer-maven-plugin:1.19:check (checkAPIcompatibility) @ commons-geometry-spherical ---
[INFO] Checking unresolved references to org.codehaus.mojo.signature:java18:1.0
[INFO] 
[INFO] --- jacoco-maven-plugin:0.8.5:prepare-agent (prepare-agent) @ commons-geometry-spherical ---
[INFO] argLine set to -javaagent:/home/tasfia/.m2/repository/org/jacoco/org.jacoco.agent/0.8.5/org.jacoco.agent-0.8.5-runtime.jar=destfile=/home/tasfia/Desktop/OE25-DEV/projects_decomposed/commons-geometry/commons-geometry-spherical/target/jacoco.exec
[INFO] 
[INFO] --- maven-surefire-plugin:3.0.0-M7:test (default-test) @ commons-geometry-spherical ---
[INFO] Using auto detected provider org.apache.maven.surefire.junitplatform.JUnitPlatformProvider
[INFO] 
[INFO] -------------------------------------------------------
[INFO]  T E S T S
[INFO] -------------------------------------------------------
[INFO] Running org.apache.commons.geometry.spherical.DocumentationExamplesTest_OE25Dev
[INFO] Tests run: 8, Failures: 0, Errors: 0, Skipped: 0, Time elapsed: 0.497 s - in org.apache.commons.geometry.spherical.DocumentationExamplesTest_OE25Dev
[INFO] Running org.apache.commons.geometry.spherical.twod.InteriorAngleGreatArcConnectorTest_OE25Dev
[INFO] Tests run: 4, Failures: 0, Errors: 0, Skipped: 0, Time elapsed: 0.068 s - in org.apache.commons.geometry.spherical.twod.InteriorAngleGreatArcConnectorTest_OE25Dev
[INFO] Running org.apache.commons.geometry.spherical.twod.GreatArcPathTest_OE25Dev
[INFO] Tests run: 155, Failures: 0, Errors: 0, Skipped: 0, Time elapsed: 0.743 s - in org.apache.commons.geometry.spherical.twod.GreatArcPathTest_OE25Dev
[INFO] Running org.apache.commons.geometry.spherical.twod.Point2STest_OE25Dev
[INFO] Tests run: 69, Failures: 0, Errors: 0, Skipped: 0, Time elapsed: 0.416 s - in org.apache.commons.geometry.spherical.twod.Point2STest_OE25Dev
[INFO] Running org.apache.commons.geometry.spherical.twod.BoundaryList2STest_OE25Dev
[INFO] Tests run: 5, Failures: 0, Errors: 0, Skipped: 0, Time elapsed: 0.027 s - in org.apache.commons.geometry.spherical.twod.BoundaryList2STest_OE25Dev
[INFO] Running org.apache.commons.geometry.spherical.twod.AbstractGreatArcPathConnectorTest_OE25Dev
[INFO] Tests run: 45, Failures: 0, Errors: 0, Skipped: 0, Time elapsed: 0.101 s - in org.apache.commons.geometry.spherical.twod.AbstractGreatArcPathConnectorTest_OE25Dev
[INFO] Running org.apache.commons.geometry.spherical.twod.RegionBSPTree2STest_OE25Dev
[INFO] Tests run: 118, Failures: 0, Errors: 0, Skipped: 0, Time elapsed: 2.064 s - in org.apache.commons.geometry.spherical.twod.RegionBSPTree2STest_OE25Dev
[INFO] Running org.apache.commons.geometry.spherical.twod.EmbeddedTreeSubGreatCircleTest_OE25Dev
[INFO] Tests run: 51, Failures: 0, Errors: 0, Skipped: 0, Time elapsed: 0.147 s - in org.apache.commons.geometry.spherical.twod.EmbeddedTreeSubGreatCircleTest_OE25Dev
[INFO] Running org.apache.commons.geometry.spherical.twod.Transform2STest_OE25Dev
[INFO] Tests run: 13, Failures: 0, Errors: 0, Skipped: 0, Time elapsed: 0.021 s - in org.apache.commons.geometry.spherical.twod.Transform2STest_OE25Dev
[INFO] Running org.apache.commons.geometry.spherical.twod.GreatCircleTest_OE25Dev
[INFO] Tests run: 125, Failures: 0, Errors: 0, Skipped: 0, Time elapsed: 0.202 s - in org.apache.commons.geometry.spherical.twod.GreatCircleTest_OE25Dev
[INFO] Running org.apache.commons.geometry.spherical.twod.ConvexArea2STest_OE25Dev
[INFO] Tests run: 104, Failures: 0, Errors: 0, Skipped: 0, Time elapsed: 0.382 s - in org.apache.commons.geometry.spherical.twod.ConvexArea2STest_OE25Dev
[INFO] Running org.apache.commons.geometry.spherical.twod.GreatArcTest_OE25Dev
[INFO] Tests run: 40, Failures: 0, Errors: 0, Skipped: 0, Time elapsed: 0.049 s - in org.apache.commons.geometry.spherical.twod.GreatArcTest_OE25Dev
[INFO] Running org.apache.commons.geometry.spherical.twod.BoundarySource2STest_OE25Dev
[INFO] Tests run: 8, Failures: 0, Errors: 0, Skipped: 0, Time elapsed: 0.005 s - in org.apache.commons.geometry.spherical.twod.BoundarySource2STest_OE25Dev
[INFO] Running org.apache.commons.geometry.spherical.oned.Transform1STest_OE25Dev
[INFO] Tests run: 32, Failures: 0, Errors: 0, Skipped: 0, Time elapsed: 0.038 s - in org.apache.commons.geometry.spherical.oned.Transform1STest_OE25Dev
[INFO] Running org.apache.commons.geometry.spherical.oned.AngularIntervalTest_OE25Dev
[INFO] Tests run: 84, Failures: 0, Errors: 0, Skipped: 0, Time elapsed: 0.153 s - in org.apache.commons.geometry.spherical.oned.AngularIntervalTest_OE25Dev
[INFO] Running org.apache.commons.geometry.spherical.oned.RegionBSPTree1STest_OE25Dev
[INFO] Tests run: 133, Failures: 0, Errors: 0, Skipped: 0, Time elapsed: 0.187 s - in org.apache.commons.geometry.spherical.oned.RegionBSPTree1STest_OE25Dev
[INFO] Running org.apache.commons.geometry.spherical.oned.Point1STest_OE25Dev
[INFO] Tests run: 86, Failures: 0, Errors: 0, Skipped: 0, Time elapsed: 0.096 s - in org.apache.commons.geometry.spherical.oned.Point1STest_OE25Dev
[INFO] Running org.apache.commons.geometry.spherical.oned.CutAngleTest_OE25Dev
[INFO] Tests run: 67, Failures: 0, Errors: 0, Skipped: 0, Time elapsed: 0.06 s - in org.apache.commons.geometry.spherical.oned.CutAngleTest_OE25Dev
[INFO] 
[INFO] Results:
[INFO] 
[INFO] Tests run: 1147, Failures: 0, Errors: 0, Skipped: 0
[INFO] 
[INFO] ------------------------------------------------------------------------
[INFO] BUILD SUCCESS
[INFO] ------------------------------------------------------------------------
[INFO] Total time:  31.575 s
[INFO] Finished at: 2026-02-09T03:26:52-06:00
[INFO] ------------------------------------------------------------------------
