[ERROR] COMPILATION ERROR : 
[ERROR] /home/tasfia/Desktop/OE25-DEV/projects_decomposed/commons-lang3/src/test/java/org/apache/commons/lang3/LocaleUtilsTest_OE25Dev_lang_left_1196_1.java:[126,9] cannot find symbol
  symbol:   method assertValidToLocale(java.lang.String)
  location: class org.apache.commons.lang3.LocaleUtilsTest_OE25Dev_lang_left_1196_1
[ERROR] /home/tasfia/Desktop/OE25-DEV/projects_decomposed/commons-lang3/src/test/java/org/apache/commons/lang3/LocaleUtilsTest_OE25Dev_lang_left_1196_1.java:[127,9] cannot find symbol
  symbol:   method assertValidToLocale(java.lang.String)
  location: class org.apache.commons.lang3.LocaleUtilsTest_OE25Dev_lang_left_1196_1
[ERROR] /home/tasfia/Desktop/OE25-DEV/projects_decomposed/commons-lang3/src/test/java/org/apache/commons/lang3/LocaleUtilsTest_OE25Dev_lang_left_1196_1.java:[128,9] cannot find symbol
  symbol:   method assertValidToLocale(java.lang.String)
  location: class org.apache.commons.lang3.LocaleUtilsTest_OE25Dev_lang_left_1196_1
[ERROR] /home/tasfia/Desktop/OE25-DEV/projects_decomposed/commons-lang3/src/test/java/org/apache/commons/lang3/LocaleUtilsTest_OE25Dev_lang_left_1196_1.java:[129,9] cannot find symbol
  symbol:   method assertValidToLocale(java.lang.String)
  location: class org.apache.commons.lang3.LocaleUtilsTest_OE25Dev_lang_left_1196_1
[ERROR] /home/tasfia/Desktop/OE25-DEV/projects_decomposed/commons-lang3/src/test/java/org/apache/commons/lang3/LocaleUtilsTest_OE25Dev_lang_left_1196_1.java:[131,9] cannot find symbol
  symbol:   method assertValidToLocale(java.lang.String)
  location: class org.apache.commons.lang3.LocaleUtilsTest_OE25Dev_lang_left_1196_1
[ERROR] /home/tasfia/Desktop/OE25-DEV/projects_decomposed/commons-lang3/src/test/java/org/apache/commons/lang3/LocaleUtilsTest_OE25Dev_lang_left_1196_1.java:[133,9] cannot find symbol
  symbol:   method assertValidToLocale(java.lang.String)
  location: class org.apache.commons.lang3.LocaleUtilsTest_OE25Dev_lang_left_1196_1
[ERROR] /home/tasfia/Desktop/OE25-DEV/projects_decomposed/commons-lang3/src/test/java/org/apache/commons/lang3/LocaleUtilsTest_OE25Dev_lang_left_1196_1.java:[149,9] cannot find symbol
  symbol:   method assertValidToLocale(java.lang.String,java.lang.String,java.lang.String)
  location: class org.apache.commons.lang3.LocaleUtilsTest_OE25Dev_lang_left_1196_1
[ERROR] /home/tasfia/Desktop/OE25-DEV/projects_decomposed/commons-lang3/src/test/java/org/apache/commons/lang3/LocaleUtilsTest_OE25Dev_lang_left_1196_1.java:[151,9] cannot find symbol
  symbol:   method assertValidToLocale(java.lang.String,java.lang.String,java.lang.String)
  location: class org.apache.commons.lang3.LocaleUtilsTest_OE25Dev_lang_left_1196_1
[ERROR] /home/tasfia/Desktop/OE25-DEV/projects_decomposed/commons-lang3/src/test/java/org/apache/commons/lang3/LocaleUtilsTest_OE25Dev_lang_left_1196_1.java:[182,9] cannot find symbol
  symbol:   method assertValidToLocale(java.lang.String,java.lang.String,java.lang.String,java.lang.String)
  location: class org.apache.commons.lang3.LocaleUtilsTest_OE25Dev_lang_left_1196_1
[ERROR] /home/tasfia/Desktop/OE25-DEV/projects_decomposed/commons-lang3/src/test/java/org/apache/commons/lang3/LocaleUtilsTest_OE25Dev_lang_left_1196_1.java:[186,13] cannot find symbol
  symbol:   method assertValidToLocale(java.lang.String,java.lang.String,java.lang.String,java.lang.String)
  location: class org.apache.commons.lang3.LocaleUtilsTest_OE25Dev_lang_left_1196_1
[ERROR] /home/tasfia/Desktop/OE25-DEV/projects_decomposed/commons-lang3/src/test/java/org/apache/commons/lang3/LocaleUtilsTest_OE25Dev_lang_left_1196_1.java:[187,13] cannot find symbol
  symbol:   method assertValidToLocale(java.lang.String,java.lang.String,java.lang.String,java.lang.String)
  location: class org.apache.commons.lang3.LocaleUtilsTest_OE25Dev_lang_left_1196_1
[ERROR] /home/tasfia/Desktop/OE25-DEV/projects_decomposed/commons-lang3/src/test/java/org/apache/commons/lang3/LocaleUtilsTest_OE25Dev_lang_left_1196_1.java:[189,13] cannot find symbol
  symbol:   method assertValidToLocale(java.lang.String,java.lang.String,java.lang.String,java.lang.String)
  location: class org.apache.commons.lang3.LocaleUtilsTest_OE25Dev_lang_left_1196_1
[ERROR] /home/tasfia/Desktop/OE25-DEV/projects_decomposed/commons-lang3/src/test/java/org/apache/commons/lang3/LocaleUtilsTest_OE25Dev_lang_left_1196_1.java:[190,13] cannot find symbol
  symbol:   method assertValidToLocale(java.lang.String,java.lang.String,java.lang.String,java.lang.String)
  location: class org.apache.commons.lang3.LocaleUtilsTest_OE25Dev_lang_left_1196_1
[ERROR] /home/tasfia/Desktop/OE25-DEV/projects_decomposed/commons-lang3/src/test/java/org/apache/commons/lang3/LocaleUtilsTest_OE25Dev_lang_left_1196_1.java:[464,9] cannot find symbol
  symbol:   method assertValidToLocale(java.lang.String,java.lang.String,java.lang.String,java.lang.String)
  location: class org.apache.commons.lang3.LocaleUtilsTest_OE25Dev_lang_left_1196_1
[ERROR] /home/tasfia/Desktop/OE25-DEV/projects_decomposed/commons-lang3/src/test/java/org/apache/commons/lang3/LocaleUtilsTest_OE25Dev_lang_left_1196_1.java:[465,9] cannot find symbol
  symbol:   method assertValidToLocale(java.lang.String,java.lang.String,java.lang.String,java.lang.String)
  location: class org.apache.commons.lang3.LocaleUtilsTest_OE25Dev_lang_left_1196_1
[ERROR] /home/tasfia/Desktop/OE25-DEV/projects_decomposed/commons-lang3/src/test/java/org/apache/commons/lang3/LocaleUtilsTest_OE25Dev_lang_left_1196_1.java:[470,9] cannot find symbol
  symbol:   method assertValidToLocale(java.lang.String,java.lang.String,java.lang.String)
  location: class org.apache.commons.lang3.LocaleUtilsTest_OE25Dev_lang_left_1196_1
[ERROR] /home/tasfia/Desktop/OE25-DEV/projects_decomposed/commons-lang3/src/test/java/org/apache/commons/lang3/LocaleUtilsTest_OE25Dev_lang_left_1196_1.java:[471,9] cannot find symbol
  symbol:   method assertValidToLocale(java.lang.String,java.lang.String,java.lang.String)
  location: class org.apache.commons.lang3.LocaleUtilsTest_OE25Dev_lang_left_1196_1
[ERROR] /home/tasfia/Desktop/OE25-DEV/projects_decomposed/commons-lang3/src/test/java/org/apache/commons/lang3/LocaleUtilsTest_OE25Dev_lang_left_1196_1.java:[472,9] cannot find symbol
  symbol:   method assertValidToLocale(java.lang.String,java.lang.String,java.lang.String)
  location: class org.apache.commons.lang3.LocaleUtilsTest_OE25Dev_lang_left_1196_1
[ERROR] /home/tasfia/Desktop/OE25-DEV/projects_decomposed/commons-lang3/src/test/java/org/apache/commons/lang3/LocaleUtilsTest_OE25Dev_lang_left_1196_1.java:[475,9] cannot find symbol
  symbol:   method assertValidToLocale(java.lang.String,java.lang.String,java.lang.String,java.lang.String)
  location: class org.apache.commons.lang3.LocaleUtilsTest_OE25Dev_lang_left_1196_1
[ERROR] /home/tasfia/Desktop/OE25-DEV/projects_decomposed/commons-lang3/src/test/java/org/apache/commons/lang3/LocaleUtilsTest_OE25Dev_lang_left_1196_1.java:[476,9] cannot find symbol
  symbol:   method assertValidToLocale(java.lang.String,java.lang.String,java.lang.String,java.lang.String)
  location: class org.apache.commons.lang3.LocaleUtilsTest_OE25Dev_lang_left_1196_1
[ERROR] /home/tasfia/Desktop/OE25-DEV/projects_decomposed/commons-lang3/src/test/java/org/apache/commons/lang3/LocaleUtilsTest_OE25Dev_lang_left_1196_1.java:[484,9] cannot find symbol
  symbol:   method assertValidToLocale(java.lang.String,java.lang.String,java.lang.String,java.lang.String)
  location: class org.apache.commons.lang3.LocaleUtilsTest_OE25Dev_lang_left_1196_1
[ERROR] /home/tasfia/Desktop/OE25-DEV/projects_decomposed/commons-lang3/src/test/java/org/apache/commons/lang3/LocaleUtilsTest_OE25Dev_lang_left_1196_1.java:[485,9] cannot find symbol
  symbol:   method assertValidToLocale(java.lang.String,java.lang.String,java.lang.String,java.lang.String)
  location: class org.apache.commons.lang3.LocaleUtilsTest_OE25Dev_lang_left_1196_1
[ERROR] /home/tasfia/Desktop/OE25-DEV/projects_decomposed/commons-lang3/src/test/java/org/apache/commons/lang3/LocaleUtilsTest_OE25Dev_lang_left_1196_1.java:[486,9] cannot find symbol
  symbol:   method assertValidToLocale(java.lang.String,java.lang.String,java.lang.String,java.lang.String)
  location: class org.apache.commons.lang3.LocaleUtilsTest_OE25Dev_lang_left_1196_1
[ERROR] Failed to execute goal org.apache.maven.plugins:maven-compiler-plugin:3.8.1:testCompile (default-testCompile) on project commons-lang3: Compilation failure: Compilation failure: 
[ERROR] /home/tasfia/Desktop/OE25-DEV/projects_decomposed/commons-lang3/src/test/java/org/apache/commons/lang3/LocaleUtilsTest_OE25Dev_lang_left_1196_1.java:[126,9] cannot find symbol
[ERROR]   symbol:   method assertValidToLocale(java.lang.String)
[ERROR]   location: class org.apache.commons.lang3.LocaleUtilsTest_OE25Dev_lang_left_1196_1
[ERROR] /home/tasfia/Desktop/OE25-DEV/projects_decomposed/commons-lang3/src/test/java/org/apache/commons/lang3/LocaleUtilsTest_OE25Dev_lang_left_1196_1.java:[127,9] cannot find symbol
[ERROR]   symbol:   method assertValidToLocale(java.lang.String)
[ERROR]   location: class org.apache.commons.lang3.LocaleUtilsTest_OE25Dev_lang_left_1196_1
[ERROR] /home/tasfia/Desktop/OE25-DEV/projects_decomposed/commons-lang3/src/test/java/org/apache/commons/lang3/LocaleUtilsTest_OE25Dev_lang_left_1196_1.java:[128,9] cannot find symbol
[ERROR]   symbol:   method assertValidToLocale(java.lang.String)
[ERROR]   location: class org.apache.commons.lang3.LocaleUtilsTest_OE25Dev_lang_left_1196_1
[ERROR] /home/tasfia/Desktop/OE25-DEV/projects_decomposed/commons-lang3/src/test/java/org/apache/commons/lang3/LocaleUtilsTest_OE25Dev_lang_left_1196_1.java:[129,9] cannot find symbol
[ERROR]   symbol:   method assertValidToLocale(java.lang.String)
[ERROR]   location: class org.apache.commons.lang3.LocaleUtilsTest_OE25Dev_lang_left_1196_1
[ERROR] /home/tasfia/Desktop/OE25-DEV/projects_decomposed/commons-lang3/src/test/java/org/apache/commons/lang3/LocaleUtilsTest_OE25Dev_lang_left_1196_1.java:[131,9] cannot find symbol
[ERROR]   symbol:   method assertValidToLocale(java.lang.String)
[ERROR]   location: class org.apache.commons.lang3.LocaleUtilsTest_OE25Dev_lang_left_1196_1
[ERROR] /home/tasfia/Desktop/OE25-DEV/projects_decomposed/commons-lang3/src/test/java/org/apache/commons/lang3/LocaleUtilsTest_OE25Dev_lang_left_1196_1.java:[133,9] cannot find symbol
[ERROR]   symbol:   method assertValidToLocale(java.lang.String)
[ERROR]   location: class org.apache.commons.lang3.LocaleUtilsTest_OE25Dev_lang_left_1196_1
[ERROR] /home/tasfia/Desktop/OE25-DEV/projects_decomposed/commons-lang3/src/test/java/org/apache/commons/lang3/LocaleUtilsTest_OE25Dev_lang_left_1196_1.java:[149,9] cannot find symbol
[ERROR]   symbol:   method assertValidToLocale(java.lang.String,java.lang.String,java.lang.String)
[ERROR]   location: class org.apache.commons.lang3.LocaleUtilsTest_OE25Dev_lang_left_1196_1
[ERROR] /home/tasfia/Desktop/OE25-DEV/projects_decomposed/commons-lang3/src/test/java/org/apache/commons/lang3/LocaleUtilsTest_OE25Dev_lang_left_1196_1.java:[151,9] cannot find symbol
[ERROR]   symbol:   method assertValidToLocale(java.lang.String,java.lang.String,java.lang.String)
[ERROR]   location: class org.apache.commons.lang3.LocaleUtilsTest_OE25Dev_lang_left_1196_1
[ERROR] /home/tasfia/Desktop/OE25-DEV/projects_decomposed/commons-lang3/src/test/java/org/apache/commons/lang3/LocaleUtilsTest_OE25Dev_lang_left_1196_1.java:[182,9] cannot find symbol
[ERROR]   symbol:   method assertValidToLocale(java.lang.String,java.lang.String,java.lang.String,java.lang.String)
[ERROR]   location: class org.apache.commons.lang3.LocaleUtilsTest_OE25Dev_lang_left_1196_1
[ERROR] /home/tasfia/Desktop/OE25-DEV/projects_decomposed/commons-lang3/src/test/java/org/apache/commons/lang3/LocaleUtilsTest_OE25Dev_lang_left_1196_1.java:[186,13] cannot find symbol
[ERROR]   symbol:   method assertValidToLocale(java.lang.String,java.lang.String,java.lang.String,java.lang.String)
[ERROR]   location: class org.apache.commons.lang3.LocaleUtilsTest_OE25Dev_lang_left_1196_1
[ERROR] /home/tasfia/Desktop/OE25-DEV/projects_decomposed/commons-lang3/src/test/java/org/apache/commons/lang3/LocaleUtilsTest_OE25Dev_lang_left_1196_1.java:[187,13] cannot find symbol
[ERROR]   symbol:   method assertValidToLocale(java.lang.String,java.lang.String,java.lang.String,java.lang.String)
[ERROR]   location: class org.apache.commons.lang3.LocaleUtilsTest_OE25Dev_lang_left_1196_1
[ERROR] /home/tasfia/Desktop/OE25-DEV/projects_decomposed/commons-lang3/src/test/java/org/apache/commons/lang3/LocaleUtilsTest_OE25Dev_lang_left_1196_1.java:[189,13] cannot find symbol
[ERROR]   symbol:   method assertValidToLocale(java.lang.String,java.lang.String,java.lang.String,java.lang.String)
[ERROR]   location: class org.apache.commons.lang3.LocaleUtilsTest_OE25Dev_lang_left_1196_1
[ERROR] /home/tasfia/Desktop/OE25-DEV/projects_decomposed/commons-lang3/src/test/java/org/apache/commons/lang3/LocaleUtilsTest_OE25Dev_lang_left_1196_1.java:[190,13] cannot find symbol
[ERROR]   symbol:   method assertValidToLocale(java.lang.String,java.lang.String,java.lang.String,java.lang.String)
[ERROR]   location: class org.apache.commons.lang3.LocaleUtilsTest_OE25Dev_lang_left_1196_1
[ERROR] /home/tasfia/Desktop/OE25-DEV/projects_decomposed/commons-lang3/src/test/java/org/apache/commons/lang3/LocaleUtilsTest_OE25Dev_lang_left_1196_1.java:[464,9] cannot find symbol
[ERROR]   symbol:   method assertValidToLocale(java.lang.String,java.lang.String,java.lang.String,java.lang.String)
[ERROR]   location: class org.apache.commons.lang3.LocaleUtilsTest_OE25Dev_lang_left_1196_1
[ERROR] /home/tasfia/Desktop/OE25-DEV/projects_decomposed/commons-lang3/src/test/java/org/apache/commons/lang3/LocaleUtilsTest_OE25Dev_lang_left_1196_1.java:[465,9] cannot find symbol
[ERROR]   symbol:   method assertValidToLocale(java.lang.String,java.lang.String,java.lang.String,java.lang.String)
[ERROR]   location: class org.apache.commons.lang3.LocaleUtilsTest_OE25Dev_lang_left_1196_1
[ERROR] /home/tasfia/Desktop/OE25-DEV/projects_decomposed/commons-lang3/src/test/java/org/apache/commons/lang3/LocaleUtilsTest_OE25Dev_lang_left_1196_1.java:[470,9] cannot find symbol
[ERROR]   symbol:   method assertValidToLocale(java.lang.String,java.lang.String,java.lang.String)
[ERROR]   location: class org.apache.commons.lang3.LocaleUtilsTest_OE25Dev_lang_left_1196_1
[ERROR] /home/tasfia/Desktop/OE25-DEV/projects_decomposed/commons-lang3/src/test/java/org/apache/commons/lang3/LocaleUtilsTest_OE25Dev_lang_left_1196_1.java:[471,9] cannot find symbol
[ERROR]   symbol:   method assertValidToLocale(java.lang.String,java.lang.String,java.lang.String)
[ERROR]   location: class org.apache.commons.lang3.LocaleUtilsTest_OE25Dev_lang_left_1196_1
[ERROR] /home/tasfia/Desktop/OE25-DEV/projects_decomposed/commons-lang3/src/test/java/org/apache/commons/lang3/LocaleUtilsTest_OE25Dev_lang_left_1196_1.java:[472,9] cannot find symbol
[ERROR]   symbol:   method assertValidToLocale(java.lang.String,java.lang.String,java.lang.String)
[ERROR]   location: class org.apache.commons.lang3.LocaleUtilsTest_OE25Dev_lang_left_1196_1
[ERROR] /home/tasfia/Desktop/OE25-DEV/projects_decomposed/commons-lang3/src/test/java/org/apache/commons/lang3/LocaleUtilsTest_OE25Dev_lang_left_1196_1.java:[475,9] cannot find symbol
[ERROR]   symbol:   method assertValidToLocale(java.lang.String,java.lang.String,java.lang.String,java.lang.String)
[ERROR]   location: class org.apache.commons.lang3.LocaleUtilsTest_OE25Dev_lang_left_1196_1
[ERROR] /home/tasfia/Desktop/OE25-DEV/projects_decomposed/commons-lang3/src/test/java/org/apache/commons/lang3/LocaleUtilsTest_OE25Dev_lang_left_1196_1.java:[476,9] cannot find symbol
[ERROR]   symbol:   method assertValidToLocale(java.lang.String,java.lang.String,java.lang.String,java.lang.String)
[ERROR]   location: class org.apache.commons.lang3.LocaleUtilsTest_OE25Dev_lang_left_1196_1
[ERROR] /home/tasfia/Desktop/OE25-DEV/projects_decomposed/commons-lang3/src/test/java/org/apache/commons/lang3/LocaleUtilsTest_OE25Dev_lang_left_1196_1.java:[484,9] cannot find symbol
[ERROR]   symbol:   method assertValidToLocale(java.lang.String,java.lang.String,java.lang.String,java.lang.String)
[ERROR]   location: class org.apache.commons.lang3.LocaleUtilsTest_OE25Dev_lang_left_1196_1
[ERROR] /home/tasfia/Desktop/OE25-DEV/projects_decomposed/commons-lang3/src/test/java/org/apache/commons/lang3/LocaleUtilsTest_OE25Dev_lang_left_1196_1.java:[485,9] cannot find symbol
[ERROR]   symbol:   method assertValidToLocale(java.lang.String,java.lang.String,java.lang.String,java.lang.String)
[ERROR]   location: class org.apache.commons.lang3.LocaleUtilsTest_OE25Dev_lang_left_1196_1
[ERROR] /home/tasfia/Desktop/OE25-DEV/projects_decomposed/commons-lang3/src/test/java/org/apache/commons/lang3/LocaleUtilsTest_OE25Dev_lang_left_1196_1.java:[486,9] cannot find symbol
[ERROR]   symbol:   method assertValidToLocale(java.lang.String,java.lang.String,java.lang.String,java.lang.String)
[ERROR]   location: class org.apache.commons.lang3.LocaleUtilsTest_OE25Dev_lang_left_1196_1
[ERROR] -> [Help 1]
[ERROR] 
[ERROR] To see the full stack trace of the errors, re-run Maven with the -e switch.
[ERROR] Re-run Maven using the -X switch to enable full debug logging.
[ERROR] 
[ERROR] For more information about the errors and possible solutions, please read the following articles:
[ERROR] [Help 1] http://cwiki.apache.org/confluence/display/MAVEN/MojoFailureException
