[ERROR] COMPILATION ERROR : 
[ERROR] /home/tasfia/Desktop/OE25-DEV/projects_decomposed/commons-lang3/src/test/java/org/apache/commons/lang3/concurrent/BackgroundInitializerTest_OE25Dev_lang_left_1543_2.java:[52,9] cannot find symbol
  symbol:   method checkInitialize(org.apache.commons.lang3.concurrent.BackgroundInitializerTest_OE25Dev_lang_left_1543_2.BackgroundInitializerTestImpl)
  location: class org.apache.commons.lang3.concurrent.BackgroundInitializerTest_OE25Dev_lang_left_1543_2
[ERROR] /home/tasfia/Desktop/OE25-DEV/projects_decomposed/commons-lang3/src/test/java/org/apache/commons/lang3/concurrent/BackgroundInitializerTest_OE25Dev_lang_left_1543_2.java:[76,13] cannot find symbol
  symbol:   method checkInitialize(org.apache.commons.lang3.concurrent.BackgroundInitializerTest_OE25Dev_lang_left_1543_2.BackgroundInitializerTestImpl)
  location: class org.apache.commons.lang3.concurrent.BackgroundInitializerTest_OE25Dev_lang_left_1543_2
[ERROR] /home/tasfia/Desktop/OE25-DEV/projects_decomposed/commons-lang3/src/test/java/org/apache/commons/lang3/concurrent/BackgroundInitializerTest_OE25Dev_lang_left_1543_2.java:[91,9] cannot find symbol
  symbol:   method checkInitialize(org.apache.commons.lang3.concurrent.BackgroundInitializerTest_OE25Dev_lang_left_1543_2.BackgroundInitializerTestImpl)
  location: class org.apache.commons.lang3.concurrent.BackgroundInitializerTest_OE25Dev_lang_left_1543_2
[ERROR] /home/tasfia/Desktop/OE25-DEV/projects_decomposed/commons-lang3/src/test/java/org/apache/commons/lang3/concurrent/BackgroundInitializerTest_OE25Dev_lang_left_1543_2.java:[102,9] cannot find symbol
  symbol:   method checkInitialize(org.apache.commons.lang3.concurrent.BackgroundInitializerTest_OE25Dev_lang_left_1543_2.BackgroundInitializerTestImpl)
  location: class org.apache.commons.lang3.concurrent.BackgroundInitializerTest_OE25Dev_lang_left_1543_2
[ERROR] /home/tasfia/Desktop/OE25-DEV/projects_decomposed/commons-lang3/src/test/java/org/apache/commons/lang3/concurrent/BackgroundInitializerTest_OE25Dev_lang_left_1543_2.java:[119,13] cannot find symbol
  symbol:   method checkInitialize(org.apache.commons.lang3.concurrent.BackgroundInitializerTest_OE25Dev_lang_left_1543_2.BackgroundInitializerTestImpl)
  location: class org.apache.commons.lang3.concurrent.BackgroundInitializerTest_OE25Dev_lang_left_1543_2
[ERROR] /home/tasfia/Desktop/OE25-DEV/projects_decomposed/commons-lang3/src/test/java/org/apache/commons/lang3/concurrent/BackgroundInitializerTest_OE25Dev_lang_left_1543_2.java:[156,9] cannot find symbol
  symbol:   method checkInitialize(org.apache.commons.lang3.concurrent.BackgroundInitializerTest_OE25Dev_lang_left_1543_2.BackgroundInitializerTestImpl)
  location: class org.apache.commons.lang3.concurrent.BackgroundInitializerTest_OE25Dev_lang_left_1543_2
[ERROR] /home/tasfia/Desktop/OE25-DEV/projects_decomposed/commons-lang3/src/test/java/org/apache/commons/lang3/concurrent/BackgroundInitializerTest_OE25Dev_lang_left_1543_2.java:[259,9] cannot find symbol
  symbol:   method checkInitialize(org.apache.commons.lang3.concurrent.BackgroundInitializerTest_OE25Dev_lang_left_1543_2.BackgroundInitializerTestImpl)
  location: class org.apache.commons.lang3.concurrent.BackgroundInitializerTest_OE25Dev_lang_left_1543_2
[ERROR] Failed to execute goal org.apache.maven.plugins:maven-compiler-plugin:3.8.1:testCompile (default-testCompile) on project commons-lang3: Compilation failure: Compilation failure: 
[ERROR] /home/tasfia/Desktop/OE25-DEV/projects_decomposed/commons-lang3/src/test/java/org/apache/commons/lang3/concurrent/BackgroundInitializerTest_OE25Dev_lang_left_1543_2.java:[52,9] cannot find symbol
[ERROR]   symbol:   method checkInitialize(org.apache.commons.lang3.concurrent.BackgroundInitializerTest_OE25Dev_lang_left_1543_2.BackgroundInitializerTestImpl)
[ERROR]   location: class org.apache.commons.lang3.concurrent.BackgroundInitializerTest_OE25Dev_lang_left_1543_2
[ERROR] /home/tasfia/Desktop/OE25-DEV/projects_decomposed/commons-lang3/src/test/java/org/apache/commons/lang3/concurrent/BackgroundInitializerTest_OE25Dev_lang_left_1543_2.java:[76,13] cannot find symbol
[ERROR]   symbol:   method checkInitialize(org.apache.commons.lang3.concurrent.BackgroundInitializerTest_OE25Dev_lang_left_1543_2.BackgroundInitializerTestImpl)
[ERROR]   location: class org.apache.commons.lang3.concurrent.BackgroundInitializerTest_OE25Dev_lang_left_1543_2
[ERROR] /home/tasfia/Desktop/OE25-DEV/projects_decomposed/commons-lang3/src/test/java/org/apache/commons/lang3/concurrent/BackgroundInitializerTest_OE25Dev_lang_left_1543_2.java:[91,9] cannot find symbol
[ERROR]   symbol:   method checkInitialize(org.apache.commons.lang3.concurrent.BackgroundInitializerTest_OE25Dev_lang_left_1543_2.BackgroundInitializerTestImpl)
[ERROR]   location: class org.apache.commons.lang3.concurrent.BackgroundInitializerTest_OE25Dev_lang_left_1543_2
[ERROR] /home/tasfia/Desktop/OE25-DEV/projects_decomposed/commons-lang3/src/test/java/org/apache/commons/lang3/concurrent/BackgroundInitializerTest_OE25Dev_lang_left_1543_2.java:[102,9] cannot find symbol
[ERROR]   symbol:   method checkInitialize(org.apache.commons.lang3.concurrent.BackgroundInitializerTest_OE25Dev_lang_left_1543_2.BackgroundInitializerTestImpl)
[ERROR]   location: class org.apache.commons.lang3.concurrent.BackgroundInitializerTest_OE25Dev_lang_left_1543_2
[ERROR] /home/tasfia/Desktop/OE25-DEV/projects_decomposed/commons-lang3/src/test/java/org/apache/commons/lang3/concurrent/BackgroundInitializerTest_OE25Dev_lang_left_1543_2.java:[119,13] cannot find symbol
[ERROR]   symbol:   method checkInitialize(org.apache.commons.lang3.concurrent.BackgroundInitializerTest_OE25Dev_lang_left_1543_2.BackgroundInitializerTestImpl)
[ERROR]   location: class org.apache.commons.lang3.concurrent.BackgroundInitializerTest_OE25Dev_lang_left_1543_2
[ERROR] /home/tasfia/Desktop/OE25-DEV/projects_decomposed/commons-lang3/src/test/java/org/apache/commons/lang3/concurrent/BackgroundInitializerTest_OE25Dev_lang_left_1543_2.java:[156,9] cannot find symbol
[ERROR]   symbol:   method checkInitialize(org.apache.commons.lang3.concurrent.BackgroundInitializerTest_OE25Dev_lang_left_1543_2.BackgroundInitializerTestImpl)
[ERROR]   location: class org.apache.commons.lang3.concurrent.BackgroundInitializerTest_OE25Dev_lang_left_1543_2
[ERROR] /home/tasfia/Desktop/OE25-DEV/projects_decomposed/commons-lang3/src/test/java/org/apache/commons/lang3/concurrent/BackgroundInitializerTest_OE25Dev_lang_left_1543_2.java:[259,9] cannot find symbol
[ERROR]   symbol:   method checkInitialize(org.apache.commons.lang3.concurrent.BackgroundInitializerTest_OE25Dev_lang_left_1543_2.BackgroundInitializerTestImpl)
[ERROR]   location: class org.apache.commons.lang3.concurrent.BackgroundInitializerTest_OE25Dev_lang_left_1543_2
[ERROR] -> [Help 1]
[ERROR] 
[ERROR] To see the full stack trace of the errors, re-run Maven with the -e switch.
[ERROR] Re-run Maven using the -X switch to enable full debug logging.
[ERROR] 
[ERROR] For more information about the errors and possible solutions, please read the following articles:
[ERROR] [Help 1] http://cwiki.apache.org/confluence/display/MAVEN/MojoFailureException
