[ERROR] COMPILATION ERROR : 
[ERROR] /home/tasfia/Desktop/OE25-DEV/projects_decomposed/commons-lang3/src/test/java/org/apache/commons/lang3/NotImplementedExceptionTest_OE25Dev_lang_left_412_1.java:[36,9] cannot find symbol
  symbol:   method assertCorrect(java.lang.String,org.apache.commons.lang3.NotImplementedException,java.lang.String,<nulltype>,<nulltype>)
  location: class org.apache.commons.lang3.NotImplementedExceptionTest_OE25Dev_lang_left_412_1
[ERROR] /home/tasfia/Desktop/OE25-DEV/projects_decomposed/commons-lang3/src/test/java/org/apache/commons/lang3/NotImplementedExceptionTest_OE25Dev_lang_left_412_1.java:[38,9] cannot find symbol
  symbol:   method assertCorrect(java.lang.String,org.apache.commons.lang3.NotImplementedException,java.lang.String,java.lang.Throwable,<nulltype>)
  location: class org.apache.commons.lang3.NotImplementedExceptionTest_OE25Dev_lang_left_412_1
[ERROR] /home/tasfia/Desktop/OE25-DEV/projects_decomposed/commons-lang3/src/test/java/org/apache/commons/lang3/NotImplementedExceptionTest_OE25Dev_lang_left_412_1.java:[40,9] cannot find symbol
  symbol:   method assertCorrect(java.lang.String,org.apache.commons.lang3.NotImplementedException,java.lang.String,java.lang.Throwable,<nulltype>)
  location: class org.apache.commons.lang3.NotImplementedExceptionTest_OE25Dev_lang_left_412_1
[ERROR] /home/tasfia/Desktop/OE25-DEV/projects_decomposed/commons-lang3/src/test/java/org/apache/commons/lang3/NotImplementedExceptionTest_OE25Dev_lang_left_412_1.java:[42,9] cannot find symbol
  symbol:   method assertCorrect(java.lang.String,org.apache.commons.lang3.NotImplementedException,java.lang.String,<nulltype>,java.lang.String)
  location: class org.apache.commons.lang3.NotImplementedExceptionTest_OE25Dev_lang_left_412_1
[ERROR] /home/tasfia/Desktop/OE25-DEV/projects_decomposed/commons-lang3/src/test/java/org/apache/commons/lang3/NotImplementedExceptionTest_OE25Dev_lang_left_412_1.java:[44,9] cannot find symbol
  symbol:   method assertCorrect(java.lang.String,org.apache.commons.lang3.NotImplementedException,java.lang.String,java.lang.Throwable,java.lang.String)
  location: class org.apache.commons.lang3.NotImplementedExceptionTest_OE25Dev_lang_left_412_1
[ERROR] /home/tasfia/Desktop/OE25-DEV/projects_decomposed/commons-lang3/src/test/java/org/apache/commons/lang3/NotImplementedExceptionTest_OE25Dev_lang_left_412_1.java:[46,9] cannot find symbol
  symbol:   method assertCorrect(java.lang.String,org.apache.commons.lang3.NotImplementedException,java.lang.String,java.lang.Throwable,java.lang.String)
  location: class org.apache.commons.lang3.NotImplementedExceptionTest_OE25Dev_lang_left_412_1
[ERROR] Failed to execute goal org.apache.maven.plugins:maven-compiler-plugin:3.8.1:testCompile (default-testCompile) on project commons-lang3: Compilation failure: Compilation failure: 
[ERROR] /home/tasfia/Desktop/OE25-DEV/projects_decomposed/commons-lang3/src/test/java/org/apache/commons/lang3/NotImplementedExceptionTest_OE25Dev_lang_left_412_1.java:[36,9] cannot find symbol
[ERROR]   symbol:   method assertCorrect(java.lang.String,org.apache.commons.lang3.NotImplementedException,java.lang.String,<nulltype>,<nulltype>)
[ERROR]   location: class org.apache.commons.lang3.NotImplementedExceptionTest_OE25Dev_lang_left_412_1
[ERROR] /home/tasfia/Desktop/OE25-DEV/projects_decomposed/commons-lang3/src/test/java/org/apache/commons/lang3/NotImplementedExceptionTest_OE25Dev_lang_left_412_1.java:[38,9] cannot find symbol
[ERROR]   symbol:   method assertCorrect(java.lang.String,org.apache.commons.lang3.NotImplementedException,java.lang.String,java.lang.Throwable,<nulltype>)
[ERROR]   location: class org.apache.commons.lang3.NotImplementedExceptionTest_OE25Dev_lang_left_412_1
[ERROR] /home/tasfia/Desktop/OE25-DEV/projects_decomposed/commons-lang3/src/test/java/org/apache/commons/lang3/NotImplementedExceptionTest_OE25Dev_lang_left_412_1.java:[40,9] cannot find symbol
[ERROR]   symbol:   method assertCorrect(java.lang.String,org.apache.commons.lang3.NotImplementedException,java.lang.String,java.lang.Throwable,<nulltype>)
[ERROR]   location: class org.apache.commons.lang3.NotImplementedExceptionTest_OE25Dev_lang_left_412_1
[ERROR] /home/tasfia/Desktop/OE25-DEV/projects_decomposed/commons-lang3/src/test/java/org/apache/commons/lang3/NotImplementedExceptionTest_OE25Dev_lang_left_412_1.java:[42,9] cannot find symbol
[ERROR]   symbol:   method assertCorrect(java.lang.String,org.apache.commons.lang3.NotImplementedException,java.lang.String,<nulltype>,java.lang.String)
[ERROR]   location: class org.apache.commons.lang3.NotImplementedExceptionTest_OE25Dev_lang_left_412_1
[ERROR] /home/tasfia/Desktop/OE25-DEV/projects_decomposed/commons-lang3/src/test/java/org/apache/commons/lang3/NotImplementedExceptionTest_OE25Dev_lang_left_412_1.java:[44,9] cannot find symbol
[ERROR]   symbol:   method assertCorrect(java.lang.String,org.apache.commons.lang3.NotImplementedException,java.lang.String,java.lang.Throwable,java.lang.String)
[ERROR]   location: class org.apache.commons.lang3.NotImplementedExceptionTest_OE25Dev_lang_left_412_1
[ERROR] /home/tasfia/Desktop/OE25-DEV/projects_decomposed/commons-lang3/src/test/java/org/apache/commons/lang3/NotImplementedExceptionTest_OE25Dev_lang_left_412_1.java:[46,9] cannot find symbol
[ERROR]   symbol:   method assertCorrect(java.lang.String,org.apache.commons.lang3.NotImplementedException,java.lang.String,java.lang.Throwable,java.lang.String)
[ERROR]   location: class org.apache.commons.lang3.NotImplementedExceptionTest_OE25Dev_lang_left_412_1
[ERROR] -> [Help 1]
[ERROR] 
[ERROR] To see the full stack trace of the errors, re-run Maven with the -e switch.
[ERROR] Re-run Maven using the -X switch to enable full debug logging.
[ERROR] 
[ERROR] For more information about the errors and possible solutions, please read the following articles:
[ERROR] [Help 1] http://cwiki.apache.org/confluence/display/MAVEN/MojoFailureException
