(source unavailable)
(source unavailable)
[ERROR] COMPILATION ERROR : 
[ERROR] /home/tasfia/Desktop/OE25-DEV/projects_decomposed/commons-lang3/src/test/java/org/apache/commons/lang3/FunctionsTest_OE25Dev_lang_left_1457_2.java: cannot find symbol
  symbol:   variable e
  location: class org.apache.commons.lang3.FunctionsTest_OE25Dev_lang_left_1457_2
[ERROR] /home/tasfia/Desktop/OE25-DEV/projects_decomposed/commons-lang3/src/test/java/org/apache/commons/lang3/stream/StreamsTest.java:[75,46] cannot access org.apache.commons.lang3.stream.Streams
  bad class file: /home/tasfia/Desktop/OE25-DEV/projects_decomposed/commons-lang3/target/classes/org/apache/commons/lang3/stream/Streams.class
    unable to access file: java.nio.file.NoSuchFileException: /home/tasfia/Desktop/OE25-DEV/projects_decomposed/commons-lang3/target/classes/org/apache/commons/lang3/stream/Streams.class
    Please remove or make sure it appears in the correct subdirectory of the classpath.
[ERROR] /home/tasfia/Desktop/OE25-DEV/projects_decomposed/commons-lang3/src/test/java/org/apache/commons/lang3/math/FractionTest.java:[38,9] cannot access org.apache.commons.lang3.math.Fraction
  bad class file: /home/tasfia/Desktop/OE25-DEV/projects_decomposed/commons-lang3/target/classes/org/apache/commons/lang3/math/Fraction.class
    unable to access file: java.nio.file.NoSuchFileException: /home/tasfia/Desktop/OE25-DEV/projects_decomposed/commons-lang3/target/classes/org/apache/commons/lang3/math/Fraction.class
    Please remove or make sure it appears in the correct subdirectory of the classpath.
[ERROR] /home/tasfia/Desktop/OE25-DEV/projects_decomposed/commons-lang3/src/test/java/org/apache/commons/lang3/ClassLoaderUtilsTest.java:[38,80] cannot access org.apache.commons.lang3.ClassLoaderUtils
  bad class file: /home/tasfia/Desktop/OE25-DEV/projects_decomposed/commons-lang3/target/classes/org/apache/commons/lang3/ClassLoaderUtils.class
    unable to access file: java.nio.file.NoSuchFileException: /home/tasfia/Desktop/OE25-DEV/projects_decomposed/commons-lang3/target/classes/org/apache/commons/lang3/ClassLoaderUtils.class
    Please remove or make sure it appears in the correct subdirectory of the classpath.
[ERROR] /home/tasfia/Desktop/OE25-DEV/projects_decomposed/commons-lang3/src/test/java/org/apache/commons/lang3/tuple/TripleTest.java:[75,57] cannot access org.apache.commons.lang3.tuple.ImmutableTriple
  bad class file: /home/tasfia/Desktop/OE25-DEV/projects_decomposed/commons-lang3/target/classes/org/apache/commons/lang3/tuple/ImmutableTriple.class
    unable to access file: java.nio.file.NoSuchFileException: /home/tasfia/Desktop/OE25-DEV/projects_decomposed/commons-lang3/target/classes/org/apache/commons/lang3/tuple/ImmutableTriple.class
    Please remove or make sure it appears in the correct subdirectory of the classpath.
[ERROR] /home/tasfia/Desktop/OE25-DEV/projects_decomposed/commons-lang3/src/test/java/org/apache/commons/lang3/ThreadUtilsTest.java:[120,59] cannot access org.apache.commons.lang3.ThreadUtils.AlwaysTruePredicate
  bad class file: /home/tasfia/Desktop/OE25-DEV/projects_decomposed/commons-lang3/target/classes/org/apache/commons/lang3/ThreadUtils$AlwaysTruePredicate.class
    unable to access file: java.nio.file.NoSuchFileException: /home/tasfia/Desktop/OE25-DEV/projects_decomposed/commons-lang3/target/classes/org/apache/commons/lang3/ThreadUtils$AlwaysTruePredicate.class
    Please remove or make sure it appears in the correct subdirectory of the classpath.
[ERROR] /home/tasfia/Desktop/OE25-DEV/projects_decomposed/commons-lang3/src/test/java/org/apache/commons/lang3/ThreadUtilsTest.java:[281,34] cannot access org.apache.commons.lang3.ThreadUtils.ThreadGroupPredicate
  bad class file: /home/tasfia/Desktop/OE25-DEV/projects_decomposed/commons-lang3/target/classes/org/apache/commons/lang3/ThreadUtils$ThreadGroupPredicate.class
    unable to access file: java.nio.file.NoSuchFileException: /home/tasfia/Desktop/OE25-DEV/projects_decomposed/commons-lang3/target/classes/org/apache/commons/lang3/ThreadUtils$ThreadGroupPredicate.class
    Please remove or make sure it appears in the correct subdirectory of the classpath.
[ERROR] /home/tasfia/Desktop/OE25-DEV/projects_decomposed/commons-lang3/src/test/java/org/apache/commons/lang3/event/EventUtilsTest.java:[47,27] cannot access org.apache.commons.lang3.event.EventUtils
  bad class file: /home/tasfia/Desktop/OE25-DEV/projects_decomposed/commons-lang3/target/classes/org/apache/commons/lang3/event/EventUtils.class
    unable to access file: java.nio.file.NoSuchFileException: /home/tasfia/Desktop/OE25-DEV/projects_decomposed/commons-lang3/target/classes/org/apache/commons/lang3/event/EventUtils.class
    Please remove or make sure it appears in the correct subdirectory of the classpath.
[ERROR] /home/tasfia/Desktop/OE25-DEV/projects_decomposed/commons-lang3/src/test/java/org/apache/commons/lang3/time/GmtTimeZoneTest.java:[32,39] cannot access org.apache.commons.lang3.time.GmtTimeZone
  bad class file: /home/tasfia/Desktop/OE25-DEV/projects_decomposed/commons-lang3/target/classes/org/apache/commons/lang3/time/GmtTimeZone.class
    unable to access file: java.nio.file.NoSuchFileException: /home/tasfia/Desktop/OE25-DEV/projects_decomposed/commons-lang3/target/classes/org/apache/commons/lang3/time/GmtTimeZone.class
    Please remove or make sure it appears in the correct subdirectory of the classpath.
[ERROR] /home/tasfia/Desktop/OE25-DEV/projects_decomposed/commons-lang3/src/test/java/org/apache/commons/lang3/time/CalendarUtilsTest.java:[30,73] cannot access org.apache.commons.lang3.time.CalendarUtils
  bad class file: /home/tasfia/Desktop/OE25-DEV/projects_decomposed/commons-lang3/target/classes/org/apache/commons/lang3/time/CalendarUtils.class
    unable to access file: java.nio.file.NoSuchFileException: /home/tasfia/Desktop/OE25-DEV/projects_decomposed/commons-lang3/target/classes/org/apache/commons/lang3/time/CalendarUtils.class
    Please remove or make sure it appears in the correct subdirectory of the classpath.
[ERROR] /home/tasfia/Desktop/OE25-DEV/projects_decomposed/commons-lang3/src/test/java/org/apache/commons/lang3/CharsetsTestCase.java:[33,59] cannot access org.apache.commons.lang3.Charsets
  bad class file: /home/tasfia/Desktop/OE25-DEV/projects_decomposed/commons-lang3/target/classes/org/apache/commons/lang3/Charsets.class
    unable to access file: java.nio.file.NoSuchFileException: /home/tasfia/Desktop/OE25-DEV/projects_decomposed/commons-lang3/target/classes/org/apache/commons/lang3/Charsets.class
    Please remove or make sure it appears in the correct subdirectory of the classpath.
[ERROR] /home/tasfia/Desktop/OE25-DEV/projects_decomposed/commons-lang3/src/test/java/org/apache/commons/lang3/concurrent/ThresholdCircuitBreakerTest.java:[42,15] cannot access org.apache.commons.lang3.concurrent.ThresholdCircuitBreaker
  bad class file: /home/tasfia/Desktop/OE25-DEV/projects_decomposed/commons-lang3/target/classes/org/apache/commons/lang3/concurrent/ThresholdCircuitBreaker.class
    unable to access file: java.nio.file.NoSuchFileException: /home/tasfia/Desktop/OE25-DEV/projects_decomposed/commons-lang3/target/classes/org/apache/commons/lang3/concurrent/ThresholdCircuitBreaker.class
    Please remove or make sure it appears in the correct subdirectory of the classpath.
[ERROR] /home/tasfia/Desktop/OE25-DEV/projects_decomposed/commons-lang3/src/test/java/org/apache/commons/lang3/text/CompositeFormatTest.java:[70,15] cannot access org.apache.commons.lang3.text.CompositeFormat
  bad class file: /home/tasfia/Desktop/OE25-DEV/projects_decomposed/commons-lang3/target/classes/org/apache/commons/lang3/text/CompositeFormat.class
    unable to access file: java.nio.file.NoSuchFileException: /home/tasfia/Desktop/OE25-DEV/projects_decomposed/commons-lang3/target/classes/org/apache/commons/lang3/text/CompositeFormat.class
    Please remove or make sure it appears in the correct subdirectory of the classpath.
[ERROR] /home/tasfia/Desktop/OE25-DEV/projects_decomposed/commons-lang3/src/test/java/org/apache/commons/lang3/mutable/MutableBooleanTest.java:[38,15] cannot access org.apache.commons.lang3.mutable.MutableBoolean
  bad class file: /home/tasfia/Desktop/OE25-DEV/projects_decomposed/commons-lang3/target/classes/org/apache/commons/lang3/mutable/MutableBoolean.class
    unable to access file: java.nio.file.NoSuchFileException: /home/tasfia/Desktop/OE25-DEV/projects_decomposed/commons-lang3/target/classes/org/apache/commons/lang3/mutable/MutableBoolean.class
    Please remove or make sure it appears in the correct subdirectory of the classpath.
[ERROR] /home/tasfia/Desktop/OE25-DEV/projects_decomposed/commons-lang3/src/test/java/org/apache/commons/lang3/RandomUtilsTest.java:[44,27] cannot access org.apache.commons.lang3.RandomUtils
  bad class file: /home/tasfia/Desktop/OE25-DEV/projects_decomposed/commons-lang3/target/classes/org/apache/commons/lang3/RandomUtils.class
    unable to access file: java.nio.file.NoSuchFileException: /home/tasfia/Desktop/OE25-DEV/projects_decomposed/commons-lang3/target/classes/org/apache/commons/lang3/RandomUtils.class
    Please remove or make sure it appears in the correct subdirectory of the classpath.
[ERROR] /home/tasfia/Desktop/OE25-DEV/projects_decomposed/commons-lang3/src/test/java/org/apache/commons/lang3/RandomStringUtilsTest.java:[47,27] cannot access org.apache.commons.lang3.RandomStringUtils
  bad class file: /home/tasfia/Desktop/OE25-DEV/projects_decomposed/commons-lang3/target/classes/org/apache/commons/lang3/RandomStringUtils.class
    unable to access file: java.nio.file.NoSuchFileException: /home/tasfia/Desktop/OE25-DEV/projects_decomposed/commons-lang3/target/classes/org/apache/commons/lang3/RandomStringUtils.class
    Please remove or make sure it appears in the correct subdirectory of the classpath.
[ERROR] /home/tasfia/Desktop/OE25-DEV/projects_decomposed/commons-lang3/src/test/java/org/apache/commons/lang3/mutable/MutableByteTest.java:[34,15] cannot access org.apache.commons.lang3.mutable.MutableByte
  bad class file: /home/tasfia/Desktop/OE25-DEV/projects_decomposed/commons-lang3/target/classes/org/apache/commons/lang3/mutable/MutableByte.class
    unable to access file: java.nio.file.NoSuchFileException: /home/tasfia/Desktop/OE25-DEV/projects_decomposed/commons-lang3/target/classes/org/apache/commons/lang3/mutable/MutableByte.class
    Please remove or make sure it appears in the correct subdirectory of the classpath.
[ERROR] Failed to execute goal org.apache.maven.plugins:maven-compiler-plugin:3.8.1:testCompile (default-testCompile) on project commons-lang3: Compilation failure: Compilation failure: 
[ERROR] /home/tasfia/Desktop/OE25-DEV/projects_decomposed/commons-lang3/src/test/java/org/apache/commons/lang3/FunctionsTest_OE25Dev_lang_left_1457_2.java: cannot find symbol
[ERROR]   symbol:   variable e
[ERROR]   location: class org.apache.commons.lang3.FunctionsTest_OE25Dev_lang_left_1457_2
[ERROR] /home/tasfia/Desktop/OE25-DEV/projects_decomposed/commons-lang3/src/test/java/org/apache/commons/lang3/stream/StreamsTest.java:[75,46] cannot access org.apache.commons.lang3.stream.Streams
[ERROR]   bad class file: /home/tasfia/Desktop/OE25-DEV/projects_decomposed/commons-lang3/target/classes/org/apache/commons/lang3/stream/Streams.class
[ERROR]     unable to access file: java.nio.file.NoSuchFileException: /home/tasfia/Desktop/OE25-DEV/projects_decomposed/commons-lang3/target/classes/org/apache/commons/lang3/stream/Streams.class
[ERROR]     Please remove or make sure it appears in the correct subdirectory of the classpath.
[ERROR] /home/tasfia/Desktop/OE25-DEV/projects_decomposed/commons-lang3/src/test/java/org/apache/commons/lang3/math/FractionTest.java:[38,9] cannot access org.apache.commons.lang3.math.Fraction
[ERROR]   bad class file: /home/tasfia/Desktop/OE25-DEV/projects_decomposed/commons-lang3/target/classes/org/apache/commons/lang3/math/Fraction.class
[ERROR]     unable to access file: java.nio.file.NoSuchFileException: /home/tasfia/Desktop/OE25-DEV/projects_decomposed/commons-lang3/target/classes/org/apache/commons/lang3/math/Fraction.class
[ERROR]     Please remove or make sure it appears in the correct subdirectory of the classpath.
[ERROR] /home/tasfia/Desktop/OE25-DEV/projects_decomposed/commons-lang3/src/test/java/org/apache/commons/lang3/ClassLoaderUtilsTest.java:[38,80] cannot access org.apache.commons.lang3.ClassLoaderUtils
[ERROR]   bad class file: /home/tasfia/Desktop/OE25-DEV/projects_decomposed/commons-lang3/target/classes/org/apache/commons/lang3/ClassLoaderUtils.class
[ERROR]     unable to access file: java.nio.file.NoSuchFileException: /home/tasfia/Desktop/OE25-DEV/projects_decomposed/commons-lang3/target/classes/org/apache/commons/lang3/ClassLoaderUtils.class
[ERROR]     Please remove or make sure it appears in the correct subdirectory of the classpath.
[ERROR] /home/tasfia/Desktop/OE25-DEV/projects_decomposed/commons-lang3/src/test/java/org/apache/commons/lang3/tuple/TripleTest.java:[75,57] cannot access org.apache.commons.lang3.tuple.ImmutableTriple
[ERROR]   bad class file: /home/tasfia/Desktop/OE25-DEV/projects_decomposed/commons-lang3/target/classes/org/apache/commons/lang3/tuple/ImmutableTriple.class
[ERROR]     unable to access file: java.nio.file.NoSuchFileException: /home/tasfia/Desktop/OE25-DEV/projects_decomposed/commons-lang3/target/classes/org/apache/commons/lang3/tuple/ImmutableTriple.class
[ERROR]     Please remove or make sure it appears in the correct subdirectory of the classpath.
[ERROR] /home/tasfia/Desktop/OE25-DEV/projects_decomposed/commons-lang3/src/test/java/org/apache/commons/lang3/ThreadUtilsTest.java:[120,59] cannot access org.apache.commons.lang3.ThreadUtils.AlwaysTruePredicate
[ERROR]   bad class file: /home/tasfia/Desktop/OE25-DEV/projects_decomposed/commons-lang3/target/classes/org/apache/commons/lang3/ThreadUtils$AlwaysTruePredicate.class
[ERROR]     unable to access file: java.nio.file.NoSuchFileException: /home/tasfia/Desktop/OE25-DEV/projects_decomposed/commons-lang3/target/classes/org/apache/commons/lang3/ThreadUtils$AlwaysTruePredicate.class
[ERROR]     Please remove or make sure it appears in the correct subdirectory of the classpath.
[ERROR] /home/tasfia/Desktop/OE25-DEV/projects_decomposed/commons-lang3/src/test/java/org/apache/commons/lang3/ThreadUtilsTest.java:[281,34] cannot access org.apache.commons.lang3.ThreadUtils.ThreadGroupPredicate
[ERROR]   bad class file: /home/tasfia/Desktop/OE25-DEV/projects_decomposed/commons-lang3/target/classes/org/apache/commons/lang3/ThreadUtils$ThreadGroupPredicate.class
[ERROR]     unable to access file: java.nio.file.NoSuchFileException: /home/tasfia/Desktop/OE25-DEV/projects_decomposed/commons-lang3/target/classes/org/apache/commons/lang3/ThreadUtils$ThreadGroupPredicate.class
[ERROR]     Please remove or make sure it appears in the correct subdirectory of the classpath.
[ERROR] /home/tasfia/Desktop/OE25-DEV/projects_decomposed/commons-lang3/src/test/java/org/apache/commons/lang3/event/EventUtilsTest.java:[47,27] cannot access org.apache.commons.lang3.event.EventUtils
[ERROR]   bad class file: /home/tasfia/Desktop/OE25-DEV/projects_decomposed/commons-lang3/target/classes/org/apache/commons/lang3/event/EventUtils.class
[ERROR]     unable to access file: java.nio.file.NoSuchFileException: /home/tasfia/Desktop/OE25-DEV/projects_decomposed/commons-lang3/target/classes/org/apache/commons/lang3/event/EventUtils.class
[ERROR]     Please remove or make sure it appears in the correct subdirectory of the classpath.
[ERROR] /home/tasfia/Desktop/OE25-DEV/projects_decomposed/commons-lang3/src/test/java/org/apache/commons/lang3/time/GmtTimeZoneTest.java:[32,39] cannot access org.apache.commons.lang3.time.GmtTimeZone
[ERROR]   bad class file: /home/tasfia/Desktop/OE25-DEV/projects_decomposed/commons-lang3/target/classes/org/apache/commons/lang3/time/GmtTimeZone.class
[ERROR]     unable to access file: java.nio.file.NoSuchFileException: /home/tasfia/Desktop/OE25-DEV/projects_decomposed/commons-lang3/target/classes/org/apache/commons/lang3/time/GmtTimeZone.class
[ERROR]     Please remove or make sure it appears in the correct subdirectory of the classpath.
[ERROR] /home/tasfia/Desktop/OE25-DEV/projects_decomposed/commons-lang3/src/test/java/org/apache/commons/lang3/time/CalendarUtilsTest.java:[30,73] cannot access org.apache.commons.lang3.time.CalendarUtils
[ERROR]   bad class file: /home/tasfia/Desktop/OE25-DEV/projects_decomposed/commons-lang3/target/classes/org/apache/commons/lang3/time/CalendarUtils.class
[ERROR]     unable to access file: java.nio.file.NoSuchFileException: /home/tasfia/Desktop/OE25-DEV/projects_decomposed/commons-lang3/target/classes/org/apache/commons/lang3/time/CalendarUtils.class
[ERROR]     Please remove or make sure it appears in the correct subdirectory of the classpath.
[ERROR] /home/tasfia/Desktop/OE25-DEV/projects_decomposed/commons-lang3/src/test/java/org/apache/commons/lang3/CharsetsTestCase.java:[33,59] cannot access org.apache.commons.lang3.Charsets
[ERROR]   bad class file: /home/tasfia/Desktop/OE25-DEV/projects_decomposed/commons-lang3/target/classes/org/apache/commons/lang3/Charsets.class
[ERROR]     unable to access file: java.nio.file.NoSuchFileException: /home/tasfia/Desktop/OE25-DEV/projects_decomposed/commons-lang3/target/classes/org/apache/commons/lang3/Charsets.class
[ERROR]     Please remove or make sure it appears in the correct subdirectory of the classpath.
[ERROR] /home/tasfia/Desktop/OE25-DEV/projects_decomposed/commons-lang3/src/test/java/org/apache/commons/lang3/concurrent/ThresholdCircuitBreakerTest.java:[42,15] cannot access org.apache.commons.lang3.concurrent.ThresholdCircuitBreaker
[ERROR]   bad class file: /home/tasfia/Desktop/OE25-DEV/projects_decomposed/commons-lang3/target/classes/org/apache/commons/lang3/concurrent/ThresholdCircuitBreaker.class
[ERROR]     unable to access file: java.nio.file.NoSuchFileException: /home/tasfia/Desktop/OE25-DEV/projects_decomposed/commons-lang3/target/classes/org/apache/commons/lang3/concurrent/ThresholdCircuitBreaker.class
[ERROR]     Please remove or make sure it appears in the correct subdirectory of the classpath.
[ERROR] /home/tasfia/Desktop/OE25-DEV/projects_decomposed/commons-lang3/src/test/java/org/apache/commons/lang3/text/CompositeFormatTest.java:[70,15] cannot access org.apache.commons.lang3.text.CompositeFormat
[ERROR]   bad class file: /home/tasfia/Desktop/OE25-DEV/projects_decomposed/commons-lang3/target/classes/org/apache/commons/lang3/text/CompositeFormat.class
[ERROR]     unable to access file: java.nio.file.NoSuchFileException: /home/tasfia/Desktop/OE25-DEV/projects_decomposed/commons-lang3/target/classes/org/apache/commons/lang3/text/CompositeFormat.class
[ERROR]     Please remove or make sure it appears in the correct subdirectory of the classpath.
[ERROR] /home/tasfia/Desktop/OE25-DEV/projects_decomposed/commons-lang3/src/test/java/org/apache/commons/lang3/mutable/MutableBooleanTest.java:[38,15] cannot access org.apache.commons.lang3.mutable.MutableBoolean
[ERROR]   bad class file: /home/tasfia/Desktop/OE25-DEV/projects_decomposed/commons-lang3/target/classes/org/apache/commons/lang3/mutable/MutableBoolean.class
[ERROR]     unable to access file: java.nio.file.NoSuchFileException: /home/tasfia/Desktop/OE25-DEV/projects_decomposed/commons-lang3/target/classes/org/apache/commons/lang3/mutable/MutableBoolean.class
[ERROR]     Please remove or make sure it appears in the correct subdirectory of the classpath.
[ERROR] /home/tasfia/Desktop/OE25-DEV/projects_decomposed/commons-lang3/src/test/java/org/apache/commons/lang3/RandomUtilsTest.java:[44,27] cannot access org.apache.commons.lang3.RandomUtils
[ERROR]   bad class file: /home/tasfia/Desktop/OE25-DEV/projects_decomposed/commons-lang3/target/classes/org/apache/commons/lang3/RandomUtils.class
[ERROR]     unable to access file: java.nio.file.NoSuchFileException: /home/tasfia/Desktop/OE25-DEV/projects_decomposed/commons-lang3/target/classes/org/apache/commons/lang3/RandomUtils.class
[ERROR]     Please remove or make sure it appears in the correct subdirectory of the classpath.
[ERROR] /home/tasfia/Desktop/OE25-DEV/projects_decomposed/commons-lang3/src/test/java/org/apache/commons/lang3/RandomStringUtilsTest.java:[47,27] cannot access org.apache.commons.lang3.RandomStringUtils
[ERROR]   bad class file: /home/tasfia/Desktop/OE25-DEV/projects_decomposed/commons-lang3/target/classes/org/apache/commons/lang3/RandomStringUtils.class
[ERROR]     unable to access file: java.nio.file.NoSuchFileException: /home/tasfia/Desktop/OE25-DEV/projects_decomposed/commons-lang3/target/classes/org/apache/commons/lang3/RandomStringUtils.class
[ERROR]     Please remove or make sure it appears in the correct subdirectory of the classpath.
[ERROR] /home/tasfia/Desktop/OE25-DEV/projects_decomposed/commons-lang3/src/test/java/org/apache/commons/lang3/mutable/MutableByteTest.java:[34,15] cannot access org.apache.commons.lang3.mutable.MutableByte
[ERROR]   bad class file: /home/tasfia/Desktop/OE25-DEV/projects_decomposed/commons-lang3/target/classes/org/apache/commons/lang3/mutable/MutableByte.class
[ERROR]     unable to access file: java.nio.file.NoSuchFileException: /home/tasfia/Desktop/OE25-DEV/projects_decomposed/commons-lang3/target/classes/org/apache/commons/lang3/mutable/MutableByte.class
[ERROR]     Please remove or make sure it appears in the correct subdirectory of the classpath.
[ERROR] -> [Help 1]
[ERROR] 
[ERROR] To see the full stack trace of the errors, re-run Maven with the -e switch.
[ERROR] Re-run Maven using the -X switch to enable full debug logging.
[ERROR] 
[ERROR] For more information about the errors and possible solutions, please read the following articles:
[ERROR] [Help 1] http://cwiki.apache.org/confluence/display/MAVEN/MojoFailureException
