[ERROR] COMPILATION ERROR : 
[ERROR] /home/tasfia/Desktop/OE25-DEV/projects_decomposed/commons-lang3/src/test/java/org/apache/commons/lang3/builder/ReflectionToStringBuilderExcludeTest_OE25Dev_lang_left_2432_1.java:[65,13] cannot find symbol
  symbol: method validateSecretFieldPresent(java.lang.String)
[ERROR] /home/tasfia/Desktop/OE25-DEV/projects_decomposed/commons-lang3/src/test/java/org/apache/commons/lang3/builder/ReflectionToStringBuilderExcludeTest_OE25Dev_lang_left_2432_1.java:[71,13] cannot find symbol
  symbol: method validateSecretFieldPresent(java.lang.String)
[ERROR] /home/tasfia/Desktop/OE25-DEV/projects_decomposed/commons-lang3/src/test/java/org/apache/commons/lang3/builder/ReflectionToStringBuilderExcludeTest_OE25Dev_lang_left_2432_1.java:[87,13] cannot find symbol
  symbol: method validateSecretFieldPresent(java.lang.String)
[ERROR] /home/tasfia/Desktop/OE25-DEV/projects_decomposed/commons-lang3/src/test/java/org/apache/commons/lang3/builder/ReflectionToStringBuilderExcludeTest_OE25Dev_lang_left_2432_1.java:[96,13] cannot find symbol
  symbol: method validateSecretFieldPresent(java.lang.String)
[ERROR] /home/tasfia/Desktop/OE25-DEV/projects_decomposed/commons-lang3/src/test/java/org/apache/commons/lang3/builder/ReflectionToStringBuilderExcludeTest_OE25Dev_lang_left_2432_1.java:[102,13] cannot find symbol
  symbol: method validateSecretFieldPresent(java.lang.String)
[ERROR] /home/tasfia/Desktop/OE25-DEV/projects_decomposed/commons-lang3/src/test/java/org/apache/commons/lang3/builder/ReflectionToStringBuilderExcludeTest_OE25Dev_lang_left_2432_1.java:[108,13] cannot find symbol
  symbol: method validateSecretFieldPresent(java.lang.String)
[ERROR] /home/tasfia/Desktop/OE25-DEV/projects_decomposed/commons-lang3/src/test/java/org/apache/commons/lang3/builder/ReflectionToStringBuilderExcludeTest_OE25Dev_lang_left_2432_1.java:[114,13] cannot find symbol
  symbol: method validateSecretFieldPresent(java.lang.String)
[ERROR] /home/tasfia/Desktop/OE25-DEV/projects_decomposed/commons-lang3/src/test/java/org/apache/commons/lang3/builder/ReflectionToStringBuilderExcludeTest_OE25Dev_lang_left_2432_1.java:[120,13] cannot find symbol
  symbol: method validateSecretFieldPresent(java.lang.String)
[ERROR] Failed to execute goal org.apache.maven.plugins:maven-compiler-plugin:3.8.1:testCompile (default-testCompile) on project commons-lang3: Compilation failure: Compilation failure: 
[ERROR] /home/tasfia/Desktop/OE25-DEV/projects_decomposed/commons-lang3/src/test/java/org/apache/commons/lang3/builder/ReflectionToStringBuilderExcludeTest_OE25Dev_lang_left_2432_1.java:[65,13] cannot find symbol
[ERROR]   symbol: method validateSecretFieldPresent(java.lang.String)
[ERROR] /home/tasfia/Desktop/OE25-DEV/projects_decomposed/commons-lang3/src/test/java/org/apache/commons/lang3/builder/ReflectionToStringBuilderExcludeTest_OE25Dev_lang_left_2432_1.java:[71,13] cannot find symbol
[ERROR]   symbol: method validateSecretFieldPresent(java.lang.String)
[ERROR] /home/tasfia/Desktop/OE25-DEV/projects_decomposed/commons-lang3/src/test/java/org/apache/commons/lang3/builder/ReflectionToStringBuilderExcludeTest_OE25Dev_lang_left_2432_1.java:[87,13] cannot find symbol
[ERROR]   symbol: method validateSecretFieldPresent(java.lang.String)
[ERROR] /home/tasfia/Desktop/OE25-DEV/projects_decomposed/commons-lang3/src/test/java/org/apache/commons/lang3/builder/ReflectionToStringBuilderExcludeTest_OE25Dev_lang_left_2432_1.java:[96,13] cannot find symbol
[ERROR]   symbol: method validateSecretFieldPresent(java.lang.String)
[ERROR] /home/tasfia/Desktop/OE25-DEV/projects_decomposed/commons-lang3/src/test/java/org/apache/commons/lang3/builder/ReflectionToStringBuilderExcludeTest_OE25Dev_lang_left_2432_1.java:[102,13] cannot find symbol
[ERROR]   symbol: method validateSecretFieldPresent(java.lang.String)
[ERROR] /home/tasfia/Desktop/OE25-DEV/projects_decomposed/commons-lang3/src/test/java/org/apache/commons/lang3/builder/ReflectionToStringBuilderExcludeTest_OE25Dev_lang_left_2432_1.java:[108,13] cannot find symbol
[ERROR]   symbol: method validateSecretFieldPresent(java.lang.String)
[ERROR] /home/tasfia/Desktop/OE25-DEV/projects_decomposed/commons-lang3/src/test/java/org/apache/commons/lang3/builder/ReflectionToStringBuilderExcludeTest_OE25Dev_lang_left_2432_1.java:[114,13] cannot find symbol
[ERROR]   symbol: method validateSecretFieldPresent(java.lang.String)
[ERROR] /home/tasfia/Desktop/OE25-DEV/projects_decomposed/commons-lang3/src/test/java/org/apache/commons/lang3/builder/ReflectionToStringBuilderExcludeTest_OE25Dev_lang_left_2432_1.java:[120,13] cannot find symbol
[ERROR]   symbol: method validateSecretFieldPresent(java.lang.String)
[ERROR] -> [Help 1]
[ERROR] 
[ERROR] To see the full stack trace of the errors, re-run Maven with the -e switch.
[ERROR] Re-run Maven using the -X switch to enable full debug logging.
[ERROR] 
[ERROR] For more information about the errors and possible solutions, please read the following articles:
[ERROR] [Help 1] http://cwiki.apache.org/confluence/display/MAVEN/MojoFailureException
