[ERROR] COMPILATION ERROR : 
[ERROR] /home/tasfia/Desktop/OE25-DEV/projects_decomposed/commons-lang3/src/test/java/org/apache/commons/lang3/time/DateUtilsRoundingTest_OE25Dev_lang_left_2516_1.java:[190,9] cannot find symbol
  symbol:   method baseRoundTest(java.util.Date,java.util.Date,java.util.Date,int)
  location: class org.apache.commons.lang3.time.DateUtilsRoundingTest_OE25Dev_lang_left_2516_1
[ERROR] /home/tasfia/Desktop/OE25-DEV/projects_decomposed/commons-lang3/src/test/java/org/apache/commons/lang3/time/DateUtilsRoundingTest_OE25Dev_lang_left_2516_1.java:[196,9] cannot find symbol
  symbol:   method baseRoundTest(java.util.Date,java.util.Date,java.util.Date,int)
  location: class org.apache.commons.lang3.time.DateUtilsRoundingTest_OE25Dev_lang_left_2516_1
[ERROR] /home/tasfia/Desktop/OE25-DEV/projects_decomposed/commons-lang3/src/test/java/org/apache/commons/lang3/time/DateUtilsRoundingTest_OE25Dev_lang_left_2516_1.java:[221,9] cannot find symbol
  symbol:   method baseRoundTest(java.util.Date,java.util.Date,java.util.Date,int)
  location: class org.apache.commons.lang3.time.DateUtilsRoundingTest_OE25Dev_lang_left_2516_1
[ERROR] /home/tasfia/Desktop/OE25-DEV/projects_decomposed/commons-lang3/src/test/java/org/apache/commons/lang3/time/DateUtilsRoundingTest_OE25Dev_lang_left_2516_1.java:[246,9] cannot find symbol
  symbol:   method baseRoundTest(java.util.Date,java.util.Date,java.util.Date,int)
  location: class org.apache.commons.lang3.time.DateUtilsRoundingTest_OE25Dev_lang_left_2516_1
[ERROR] /home/tasfia/Desktop/OE25-DEV/projects_decomposed/commons-lang3/src/test/java/org/apache/commons/lang3/time/DateUtilsRoundingTest_OE25Dev_lang_left_2516_1.java:[271,9] cannot find symbol
  symbol:   method baseRoundTest(java.util.Date,java.util.Date,java.util.Date,int)
  location: class org.apache.commons.lang3.time.DateUtilsRoundingTest_OE25Dev_lang_left_2516_1
[ERROR] /home/tasfia/Desktop/OE25-DEV/projects_decomposed/commons-lang3/src/test/java/org/apache/commons/lang3/time/DateUtilsRoundingTest_OE25Dev_lang_left_2516_1.java:[296,9] cannot find symbol
  symbol:   method baseRoundTest(java.util.Date,java.util.Date,java.util.Date,int)
  location: class org.apache.commons.lang3.time.DateUtilsRoundingTest_OE25Dev_lang_left_2516_1
[ERROR] /home/tasfia/Desktop/OE25-DEV/projects_decomposed/commons-lang3/src/test/java/org/apache/commons/lang3/time/DateUtilsRoundingTest_OE25Dev_lang_left_2516_1.java:[320,9] cannot find symbol
  symbol:   method baseRoundTest(java.util.Date,java.util.Date,java.util.Date,int)
  location: class org.apache.commons.lang3.time.DateUtilsRoundingTest_OE25Dev_lang_left_2516_1
[ERROR] /home/tasfia/Desktop/OE25-DEV/projects_decomposed/commons-lang3/src/test/java/org/apache/commons/lang3/time/DateUtilsRoundingTest_OE25Dev_lang_left_2516_1.java:[344,9] cannot find symbol
  symbol:   method baseRoundTest(java.util.Date,java.util.Date,java.util.Date,int)
  location: class org.apache.commons.lang3.time.DateUtilsRoundingTest_OE25Dev_lang_left_2516_1
[ERROR] /home/tasfia/Desktop/OE25-DEV/projects_decomposed/commons-lang3/src/test/java/org/apache/commons/lang3/time/DateUtilsRoundingTest_OE25Dev_lang_left_2516_1.java:[370,9] cannot find symbol
  symbol:   method baseRoundTest(java.util.Date,java.util.Date,java.util.Date,int)
  location: class org.apache.commons.lang3.time.DateUtilsRoundingTest_OE25Dev_lang_left_2516_1
[ERROR] /home/tasfia/Desktop/OE25-DEV/projects_decomposed/commons-lang3/src/test/java/org/apache/commons/lang3/time/DateUtilsRoundingTest_OE25Dev_lang_left_2516_1.java:[376,9] cannot find symbol
  symbol:   method baseRoundTest(java.util.Date,java.util.Date,java.util.Date,int)
  location: class org.apache.commons.lang3.time.DateUtilsRoundingTest_OE25Dev_lang_left_2516_1
[ERROR] /home/tasfia/Desktop/OE25-DEV/projects_decomposed/commons-lang3/src/test/java/org/apache/commons/lang3/time/DateUtilsRoundingTest_OE25Dev_lang_left_2516_1.java:[382,9] cannot find symbol
  symbol:   method baseRoundTest(java.util.Date,java.util.Date,java.util.Date,int)
  location: class org.apache.commons.lang3.time.DateUtilsRoundingTest_OE25Dev_lang_left_2516_1
[ERROR] /home/tasfia/Desktop/OE25-DEV/projects_decomposed/commons-lang3/src/test/java/org/apache/commons/lang3/time/DateUtilsRoundingTest_OE25Dev_lang_left_2516_1.java:[388,9] cannot find symbol
  symbol:   method baseRoundTest(java.util.Date,java.util.Date,java.util.Date,int)
  location: class org.apache.commons.lang3.time.DateUtilsRoundingTest_OE25Dev_lang_left_2516_1
[ERROR] /home/tasfia/Desktop/OE25-DEV/projects_decomposed/commons-lang3/src/test/java/org/apache/commons/lang3/time/DateUtilsRoundingTest_OE25Dev_lang_left_2516_1.java:[413,9] cannot find symbol
  symbol:   method baseRoundTest(java.util.Date,java.util.Date,java.util.Date,int)
  location: class org.apache.commons.lang3.time.DateUtilsRoundingTest_OE25Dev_lang_left_2516_1
[ERROR] /home/tasfia/Desktop/OE25-DEV/projects_decomposed/commons-lang3/src/test/java/org/apache/commons/lang3/time/DateUtilsRoundingTest_OE25Dev_lang_left_2516_1.java:[439,9] cannot find symbol
  symbol:   method baseRoundTest(java.util.Date,java.util.Date,java.util.Date,int)
  location: class org.apache.commons.lang3.time.DateUtilsRoundingTest_OE25Dev_lang_left_2516_1
[ERROR] /home/tasfia/Desktop/OE25-DEV/projects_decomposed/commons-lang3/src/test/java/org/apache/commons/lang3/time/DateUtilsRoundingTest_OE25Dev_lang_left_2516_1.java:[445,9] cannot find symbol
  symbol:   method baseRoundTest(java.util.Date,java.util.Date,java.util.Date,int)
  location: class org.apache.commons.lang3.time.DateUtilsRoundingTest_OE25Dev_lang_left_2516_1
[ERROR] /home/tasfia/Desktop/OE25-DEV/projects_decomposed/commons-lang3/src/test/java/org/apache/commons/lang3/time/DateUtilsRoundingTest_OE25Dev_lang_left_2516_1.java:[451,9] cannot find symbol
  symbol:   method baseRoundTest(java.util.Date,java.util.Date,java.util.Date,int)
  location: class org.apache.commons.lang3.time.DateUtilsRoundingTest_OE25Dev_lang_left_2516_1
[ERROR] /home/tasfia/Desktop/OE25-DEV/projects_decomposed/commons-lang3/src/test/java/org/apache/commons/lang3/time/DateUtilsRoundingTest_OE25Dev_lang_left_2516_1.java:[457,9] cannot find symbol
  symbol:   method baseRoundTest(java.util.Date,java.util.Date,java.util.Date,int)
  location: class org.apache.commons.lang3.time.DateUtilsRoundingTest_OE25Dev_lang_left_2516_1
[ERROR] /home/tasfia/Desktop/OE25-DEV/projects_decomposed/commons-lang3/src/test/java/org/apache/commons/lang3/time/DateUtilsRoundingTest_OE25Dev_lang_left_2516_1.java:[463,9] cannot find symbol
  symbol:   method baseRoundTest(java.util.Date,java.util.Date,java.util.Date,int)
  location: class org.apache.commons.lang3.time.DateUtilsRoundingTest_OE25Dev_lang_left_2516_1
[ERROR] /home/tasfia/Desktop/OE25-DEV/projects_decomposed/commons-lang3/src/test/java/org/apache/commons/lang3/time/DateUtilsRoundingTest_OE25Dev_lang_left_2516_1.java:[469,9] cannot find symbol
  symbol:   method baseRoundTest(java.util.Date,java.util.Date,java.util.Date,int)
  location: class org.apache.commons.lang3.time.DateUtilsRoundingTest_OE25Dev_lang_left_2516_1
[ERROR] /home/tasfia/Desktop/OE25-DEV/projects_decomposed/commons-lang3/src/test/java/org/apache/commons/lang3/time/DateUtilsRoundingTest_OE25Dev_lang_left_2516_1.java:[475,9] cannot find symbol
  symbol:   method baseRoundTest(java.util.Date,java.util.Date,java.util.Date,int)
  location: class org.apache.commons.lang3.time.DateUtilsRoundingTest_OE25Dev_lang_left_2516_1
[ERROR] /home/tasfia/Desktop/OE25-DEV/projects_decomposed/commons-lang3/src/test/java/org/apache/commons/lang3/time/DateUtilsRoundingTest_OE25Dev_lang_left_2516_1.java:[481,9] cannot find symbol
  symbol:   method baseRoundTest(java.util.Date,java.util.Date,java.util.Date,int)
  location: class org.apache.commons.lang3.time.DateUtilsRoundingTest_OE25Dev_lang_left_2516_1
[ERROR] /home/tasfia/Desktop/OE25-DEV/projects_decomposed/commons-lang3/src/test/java/org/apache/commons/lang3/time/DateUtilsRoundingTest_OE25Dev_lang_left_2516_1.java:[501,9] cannot find symbol
  symbol:   method baseRoundTest(java.util.Date,java.util.Date,java.util.Date,int)
  location: class org.apache.commons.lang3.time.DateUtilsRoundingTest_OE25Dev_lang_left_2516_1
[ERROR] Failed to execute goal org.apache.maven.plugins:maven-compiler-plugin:3.8.1:testCompile (default-testCompile) on project commons-lang3: Compilation failure: Compilation failure: 
[ERROR] /home/tasfia/Desktop/OE25-DEV/projects_decomposed/commons-lang3/src/test/java/org/apache/commons/lang3/time/DateUtilsRoundingTest_OE25Dev_lang_left_2516_1.java:[190,9] cannot find symbol
[ERROR]   symbol:   method baseRoundTest(java.util.Date,java.util.Date,java.util.Date,int)
[ERROR]   location: class org.apache.commons.lang3.time.DateUtilsRoundingTest_OE25Dev_lang_left_2516_1
[ERROR] /home/tasfia/Desktop/OE25-DEV/projects_decomposed/commons-lang3/src/test/java/org/apache/commons/lang3/time/DateUtilsRoundingTest_OE25Dev_lang_left_2516_1.java:[196,9] cannot find symbol
[ERROR]   symbol:   method baseRoundTest(java.util.Date,java.util.Date,java.util.Date,int)
[ERROR]   location: class org.apache.commons.lang3.time.DateUtilsRoundingTest_OE25Dev_lang_left_2516_1
[ERROR] /home/tasfia/Desktop/OE25-DEV/projects_decomposed/commons-lang3/src/test/java/org/apache/commons/lang3/time/DateUtilsRoundingTest_OE25Dev_lang_left_2516_1.java:[221,9] cannot find symbol
[ERROR]   symbol:   method baseRoundTest(java.util.Date,java.util.Date,java.util.Date,int)
[ERROR]   location: class org.apache.commons.lang3.time.DateUtilsRoundingTest_OE25Dev_lang_left_2516_1
[ERROR] /home/tasfia/Desktop/OE25-DEV/projects_decomposed/commons-lang3/src/test/java/org/apache/commons/lang3/time/DateUtilsRoundingTest_OE25Dev_lang_left_2516_1.java:[246,9] cannot find symbol
[ERROR]   symbol:   method baseRoundTest(java.util.Date,java.util.Date,java.util.Date,int)
[ERROR]   location: class org.apache.commons.lang3.time.DateUtilsRoundingTest_OE25Dev_lang_left_2516_1
[ERROR] /home/tasfia/Desktop/OE25-DEV/projects_decomposed/commons-lang3/src/test/java/org/apache/commons/lang3/time/DateUtilsRoundingTest_OE25Dev_lang_left_2516_1.java:[271,9] cannot find symbol
[ERROR]   symbol:   method baseRoundTest(java.util.Date,java.util.Date,java.util.Date,int)
[ERROR]   location: class org.apache.commons.lang3.time.DateUtilsRoundingTest_OE25Dev_lang_left_2516_1
[ERROR] /home/tasfia/Desktop/OE25-DEV/projects_decomposed/commons-lang3/src/test/java/org/apache/commons/lang3/time/DateUtilsRoundingTest_OE25Dev_lang_left_2516_1.java:[296,9] cannot find symbol
[ERROR]   symbol:   method baseRoundTest(java.util.Date,java.util.Date,java.util.Date,int)
[ERROR]   location: class org.apache.commons.lang3.time.DateUtilsRoundingTest_OE25Dev_lang_left_2516_1
[ERROR] /home/tasfia/Desktop/OE25-DEV/projects_decomposed/commons-lang3/src/test/java/org/apache/commons/lang3/time/DateUtilsRoundingTest_OE25Dev_lang_left_2516_1.java:[320,9] cannot find symbol
[ERROR]   symbol:   method baseRoundTest(java.util.Date,java.util.Date,java.util.Date,int)
[ERROR]   location: class org.apache.commons.lang3.time.DateUtilsRoundingTest_OE25Dev_lang_left_2516_1
[ERROR] /home/tasfia/Desktop/OE25-DEV/projects_decomposed/commons-lang3/src/test/java/org/apache/commons/lang3/time/DateUtilsRoundingTest_OE25Dev_lang_left_2516_1.java:[344,9] cannot find symbol
[ERROR]   symbol:   method baseRoundTest(java.util.Date,java.util.Date,java.util.Date,int)
[ERROR]   location: class org.apache.commons.lang3.time.DateUtilsRoundingTest_OE25Dev_lang_left_2516_1
[ERROR] /home/tasfia/Desktop/OE25-DEV/projects_decomposed/commons-lang3/src/test/java/org/apache/commons/lang3/time/DateUtilsRoundingTest_OE25Dev_lang_left_2516_1.java:[370,9] cannot find symbol
[ERROR]   symbol:   method baseRoundTest(java.util.Date,java.util.Date,java.util.Date,int)
[ERROR]   location: class org.apache.commons.lang3.time.DateUtilsRoundingTest_OE25Dev_lang_left_2516_1
[ERROR] /home/tasfia/Desktop/OE25-DEV/projects_decomposed/commons-lang3/src/test/java/org/apache/commons/lang3/time/DateUtilsRoundingTest_OE25Dev_lang_left_2516_1.java:[376,9] cannot find symbol
[ERROR]   symbol:   method baseRoundTest(java.util.Date,java.util.Date,java.util.Date,int)
[ERROR]   location: class org.apache.commons.lang3.time.DateUtilsRoundingTest_OE25Dev_lang_left_2516_1
[ERROR] /home/tasfia/Desktop/OE25-DEV/projects_decomposed/commons-lang3/src/test/java/org/apache/commons/lang3/time/DateUtilsRoundingTest_OE25Dev_lang_left_2516_1.java:[382,9] cannot find symbol
[ERROR]   symbol:   method baseRoundTest(java.util.Date,java.util.Date,java.util.Date,int)
[ERROR]   location: class org.apache.commons.lang3.time.DateUtilsRoundingTest_OE25Dev_lang_left_2516_1
[ERROR] /home/tasfia/Desktop/OE25-DEV/projects_decomposed/commons-lang3/src/test/java/org/apache/commons/lang3/time/DateUtilsRoundingTest_OE25Dev_lang_left_2516_1.java:[388,9] cannot find symbol
[ERROR]   symbol:   method baseRoundTest(java.util.Date,java.util.Date,java.util.Date,int)
[ERROR]   location: class org.apache.commons.lang3.time.DateUtilsRoundingTest_OE25Dev_lang_left_2516_1
[ERROR] /home/tasfia/Desktop/OE25-DEV/projects_decomposed/commons-lang3/src/test/java/org/apache/commons/lang3/time/DateUtilsRoundingTest_OE25Dev_lang_left_2516_1.java:[413,9] cannot find symbol
[ERROR]   symbol:   method baseRoundTest(java.util.Date,java.util.Date,java.util.Date,int)
[ERROR]   location: class org.apache.commons.lang3.time.DateUtilsRoundingTest_OE25Dev_lang_left_2516_1
[ERROR] /home/tasfia/Desktop/OE25-DEV/projects_decomposed/commons-lang3/src/test/java/org/apache/commons/lang3/time/DateUtilsRoundingTest_OE25Dev_lang_left_2516_1.java:[439,9] cannot find symbol
[ERROR]   symbol:   method baseRoundTest(java.util.Date,java.util.Date,java.util.Date,int)
[ERROR]   location: class org.apache.commons.lang3.time.DateUtilsRoundingTest_OE25Dev_lang_left_2516_1
[ERROR] /home/tasfia/Desktop/OE25-DEV/projects_decomposed/commons-lang3/src/test/java/org/apache/commons/lang3/time/DateUtilsRoundingTest_OE25Dev_lang_left_2516_1.java:[445,9] cannot find symbol
[ERROR]   symbol:   method baseRoundTest(java.util.Date,java.util.Date,java.util.Date,int)
[ERROR]   location: class org.apache.commons.lang3.time.DateUtilsRoundingTest_OE25Dev_lang_left_2516_1
[ERROR] /home/tasfia/Desktop/OE25-DEV/projects_decomposed/commons-lang3/src/test/java/org/apache/commons/lang3/time/DateUtilsRoundingTest_OE25Dev_lang_left_2516_1.java:[451,9] cannot find symbol
[ERROR]   symbol:   method baseRoundTest(java.util.Date,java.util.Date,java.util.Date,int)
[ERROR]   location: class org.apache.commons.lang3.time.DateUtilsRoundingTest_OE25Dev_lang_left_2516_1
[ERROR] /home/tasfia/Desktop/OE25-DEV/projects_decomposed/commons-lang3/src/test/java/org/apache/commons/lang3/time/DateUtilsRoundingTest_OE25Dev_lang_left_2516_1.java:[457,9] cannot find symbol
[ERROR]   symbol:   method baseRoundTest(java.util.Date,java.util.Date,java.util.Date,int)
[ERROR]   location: class org.apache.commons.lang3.time.DateUtilsRoundingTest_OE25Dev_lang_left_2516_1
[ERROR] /home/tasfia/Desktop/OE25-DEV/projects_decomposed/commons-lang3/src/test/java/org/apache/commons/lang3/time/DateUtilsRoundingTest_OE25Dev_lang_left_2516_1.java:[463,9] cannot find symbol
[ERROR]   symbol:   method baseRoundTest(java.util.Date,java.util.Date,java.util.Date,int)
[ERROR]   location: class org.apache.commons.lang3.time.DateUtilsRoundingTest_OE25Dev_lang_left_2516_1
[ERROR] /home/tasfia/Desktop/OE25-DEV/projects_decomposed/commons-lang3/src/test/java/org/apache/commons/lang3/time/DateUtilsRoundingTest_OE25Dev_lang_left_2516_1.java:[469,9] cannot find symbol
[ERROR]   symbol:   method baseRoundTest(java.util.Date,java.util.Date,java.util.Date,int)
[ERROR]   location: class org.apache.commons.lang3.time.DateUtilsRoundingTest_OE25Dev_lang_left_2516_1
[ERROR] /home/tasfia/Desktop/OE25-DEV/projects_decomposed/commons-lang3/src/test/java/org/apache/commons/lang3/time/DateUtilsRoundingTest_OE25Dev_lang_left_2516_1.java:[475,9] cannot find symbol
[ERROR]   symbol:   method baseRoundTest(java.util.Date,java.util.Date,java.util.Date,int)
[ERROR]   location: class org.apache.commons.lang3.time.DateUtilsRoundingTest_OE25Dev_lang_left_2516_1
[ERROR] /home/tasfia/Desktop/OE25-DEV/projects_decomposed/commons-lang3/src/test/java/org/apache/commons/lang3/time/DateUtilsRoundingTest_OE25Dev_lang_left_2516_1.java:[481,9] cannot find symbol
[ERROR]   symbol:   method baseRoundTest(java.util.Date,java.util.Date,java.util.Date,int)
[ERROR]   location: class org.apache.commons.lang3.time.DateUtilsRoundingTest_OE25Dev_lang_left_2516_1
[ERROR] /home/tasfia/Desktop/OE25-DEV/projects_decomposed/commons-lang3/src/test/java/org/apache/commons/lang3/time/DateUtilsRoundingTest_OE25Dev_lang_left_2516_1.java:[501,9] cannot find symbol
[ERROR]   symbol:   method baseRoundTest(java.util.Date,java.util.Date,java.util.Date,int)
[ERROR]   location: class org.apache.commons.lang3.time.DateUtilsRoundingTest_OE25Dev_lang_left_2516_1
[ERROR] -> [Help 1]
[ERROR] 
[ERROR] To see the full stack trace of the errors, re-run Maven with the -e switch.
[ERROR] Re-run Maven using the -X switch to enable full debug logging.
[ERROR] 
[ERROR] For more information about the errors and possible solutions, please read the following articles:
[ERROR] [Help 1] http://cwiki.apache.org/confluence/display/MAVEN/MojoFailureException
