[ERROR] COMPILATION ERROR : 
[ERROR] /home/tasfia/Desktop/OE25-DEV/projects_decomposed/commons-lang3/src/test/java/org/apache/commons/lang3/StringEscapeUtilsTest_OE25Dev_lang_left_1483_1.java:[119,9] cannot find symbol
  symbol:   method assertUnescapeJava(java.lang.String,java.lang.String)
  location: class org.apache.commons.lang3.StringEscapeUtilsTest_OE25Dev_lang_left_1483_1
[ERROR] /home/tasfia/Desktop/OE25-DEV/projects_decomposed/commons-lang3/src/test/java/org/apache/commons/lang3/StringEscapeUtilsTest_OE25Dev_lang_left_1483_1.java:[120,9] cannot find symbol
  symbol:   method assertUnescapeJava(java.lang.String,java.lang.String)
  location: class org.apache.commons.lang3.StringEscapeUtilsTest_OE25Dev_lang_left_1483_1
[ERROR] /home/tasfia/Desktop/OE25-DEV/projects_decomposed/commons-lang3/src/test/java/org/apache/commons/lang3/StringEscapeUtilsTest_OE25Dev_lang_left_1483_1.java:[121,9] cannot find symbol
  symbol:   method assertUnescapeJava(java.lang.String,java.lang.String)
  location: class org.apache.commons.lang3.StringEscapeUtilsTest_OE25Dev_lang_left_1483_1
[ERROR] /home/tasfia/Desktop/OE25-DEV/projects_decomposed/commons-lang3/src/test/java/org/apache/commons/lang3/StringEscapeUtilsTest_OE25Dev_lang_left_1483_1.java:[122,9] cannot find symbol
  symbol:   method assertUnescapeJava(java.lang.String,java.lang.String)
  location: class org.apache.commons.lang3.StringEscapeUtilsTest_OE25Dev_lang_left_1483_1
[ERROR] /home/tasfia/Desktop/OE25-DEV/projects_decomposed/commons-lang3/src/test/java/org/apache/commons/lang3/StringEscapeUtilsTest_OE25Dev_lang_left_1483_1.java:[123,9] cannot find symbol
  symbol:   method assertUnescapeJava(java.lang.String,java.lang.String)
  location: class org.apache.commons.lang3.StringEscapeUtilsTest_OE25Dev_lang_left_1483_1
[ERROR] /home/tasfia/Desktop/OE25-DEV/projects_decomposed/commons-lang3/src/test/java/org/apache/commons/lang3/StringEscapeUtilsTest_OE25Dev_lang_left_1483_1.java:[124,9] cannot find symbol
  symbol:   method assertUnescapeJava(java.lang.String,java.lang.String)
  location: class org.apache.commons.lang3.StringEscapeUtilsTest_OE25Dev_lang_left_1483_1
[ERROR] /home/tasfia/Desktop/OE25-DEV/projects_decomposed/commons-lang3/src/test/java/org/apache/commons/lang3/StringEscapeUtilsTest_OE25Dev_lang_left_1483_1.java:[126,9] cannot find symbol
  symbol:   method assertUnescapeJava(java.lang.String,java.lang.String,java.lang.String)
  location: class org.apache.commons.lang3.StringEscapeUtilsTest_OE25Dev_lang_left_1483_1
[ERROR] /home/tasfia/Desktop/OE25-DEV/projects_decomposed/commons-lang3/src/test/java/org/apache/commons/lang3/StringEscapeUtilsTest_OE25Dev_lang_left_1483_1.java:[127,9] cannot find symbol
  symbol:   method assertUnescapeJava(java.lang.String,java.lang.String,java.lang.String)
  location: class org.apache.commons.lang3.StringEscapeUtilsTest_OE25Dev_lang_left_1483_1
[ERROR] /home/tasfia/Desktop/OE25-DEV/projects_decomposed/commons-lang3/src/test/java/org/apache/commons/lang3/StringEscapeUtilsTest_OE25Dev_lang_left_1483_1.java:[128,9] cannot find symbol
  symbol:   method assertUnescapeJava(java.lang.String,java.lang.String,java.lang.String)
  location: class org.apache.commons.lang3.StringEscapeUtilsTest_OE25Dev_lang_left_1483_1
[ERROR] Failed to execute goal org.apache.maven.plugins:maven-compiler-plugin:3.8.1:testCompile (default-testCompile) on project commons-lang3: Compilation failure: Compilation failure: 
[ERROR] /home/tasfia/Desktop/OE25-DEV/projects_decomposed/commons-lang3/src/test/java/org/apache/commons/lang3/StringEscapeUtilsTest_OE25Dev_lang_left_1483_1.java:[119,9] cannot find symbol
[ERROR]   symbol:   method assertUnescapeJava(java.lang.String,java.lang.String)
[ERROR]   location: class org.apache.commons.lang3.StringEscapeUtilsTest_OE25Dev_lang_left_1483_1
[ERROR] /home/tasfia/Desktop/OE25-DEV/projects_decomposed/commons-lang3/src/test/java/org/apache/commons/lang3/StringEscapeUtilsTest_OE25Dev_lang_left_1483_1.java:[120,9] cannot find symbol
[ERROR]   symbol:   method assertUnescapeJava(java.lang.String,java.lang.String)
[ERROR]   location: class org.apache.commons.lang3.StringEscapeUtilsTest_OE25Dev_lang_left_1483_1
[ERROR] /home/tasfia/Desktop/OE25-DEV/projects_decomposed/commons-lang3/src/test/java/org/apache/commons/lang3/StringEscapeUtilsTest_OE25Dev_lang_left_1483_1.java:[121,9] cannot find symbol
[ERROR]   symbol:   method assertUnescapeJava(java.lang.String,java.lang.String)
[ERROR]   location: class org.apache.commons.lang3.StringEscapeUtilsTest_OE25Dev_lang_left_1483_1
[ERROR] /home/tasfia/Desktop/OE25-DEV/projects_decomposed/commons-lang3/src/test/java/org/apache/commons/lang3/StringEscapeUtilsTest_OE25Dev_lang_left_1483_1.java:[122,9] cannot find symbol
[ERROR]   symbol:   method assertUnescapeJava(java.lang.String,java.lang.String)
[ERROR]   location: class org.apache.commons.lang3.StringEscapeUtilsTest_OE25Dev_lang_left_1483_1
[ERROR] /home/tasfia/Desktop/OE25-DEV/projects_decomposed/commons-lang3/src/test/java/org/apache/commons/lang3/StringEscapeUtilsTest_OE25Dev_lang_left_1483_1.java:[123,9] cannot find symbol
[ERROR]   symbol:   method assertUnescapeJava(java.lang.String,java.lang.String)
[ERROR]   location: class org.apache.commons.lang3.StringEscapeUtilsTest_OE25Dev_lang_left_1483_1
[ERROR] /home/tasfia/Desktop/OE25-DEV/projects_decomposed/commons-lang3/src/test/java/org/apache/commons/lang3/StringEscapeUtilsTest_OE25Dev_lang_left_1483_1.java:[124,9] cannot find symbol
[ERROR]   symbol:   method assertUnescapeJava(java.lang.String,java.lang.String)
[ERROR]   location: class org.apache.commons.lang3.StringEscapeUtilsTest_OE25Dev_lang_left_1483_1
[ERROR] /home/tasfia/Desktop/OE25-DEV/projects_decomposed/commons-lang3/src/test/java/org/apache/commons/lang3/StringEscapeUtilsTest_OE25Dev_lang_left_1483_1.java:[126,9] cannot find symbol
[ERROR]   symbol:   method assertUnescapeJava(java.lang.String,java.lang.String,java.lang.String)
[ERROR]   location: class org.apache.commons.lang3.StringEscapeUtilsTest_OE25Dev_lang_left_1483_1
[ERROR] /home/tasfia/Desktop/OE25-DEV/projects_decomposed/commons-lang3/src/test/java/org/apache/commons/lang3/StringEscapeUtilsTest_OE25Dev_lang_left_1483_1.java:[127,9] cannot find symbol
[ERROR]   symbol:   method assertUnescapeJava(java.lang.String,java.lang.String,java.lang.String)
[ERROR]   location: class org.apache.commons.lang3.StringEscapeUtilsTest_OE25Dev_lang_left_1483_1
[ERROR] /home/tasfia/Desktop/OE25-DEV/projects_decomposed/commons-lang3/src/test/java/org/apache/commons/lang3/StringEscapeUtilsTest_OE25Dev_lang_left_1483_1.java:[128,9] cannot find symbol
[ERROR]   symbol:   method assertUnescapeJava(java.lang.String,java.lang.String,java.lang.String)
[ERROR]   location: class org.apache.commons.lang3.StringEscapeUtilsTest_OE25Dev_lang_left_1483_1
[ERROR] -> [Help 1]
[ERROR] 
[ERROR] To see the full stack trace of the errors, re-run Maven with the -e switch.
[ERROR] Re-run Maven using the -X switch to enable full debug logging.
[ERROR] 
[ERROR] For more information about the errors and possible solutions, please read the following articles:
[ERROR] [Help 1] http://cwiki.apache.org/confluence/display/MAVEN/MojoFailureException
