[ERROR] COMPILATION ERROR : 
[ERROR] /home/tasfia/Desktop/OE25-DEV/projects_decomposed/commons-lang3/src/test/java/org/apache/commons/lang3/reflect/TypeUtilsTest_OE25Dev_lang_left_3190_1.java:[369,9] cannot find symbol
  symbol:   method delegateBooleanAssertion(java.lang.reflect.Type[],int,int,boolean)
  location: class org.apache.commons.lang3.reflect.TypeUtilsTest_OE25Dev_lang_left_3190_1<B>
[ERROR] /home/tasfia/Desktop/OE25-DEV/projects_decomposed/commons-lang3/src/test/java/org/apache/commons/lang3/reflect/TypeUtilsTest_OE25Dev_lang_left_3190_1.java:[371,9] cannot find symbol
  symbol:   method delegateBooleanAssertion(java.lang.reflect.Type[],int,int,boolean)
  location: class org.apache.commons.lang3.reflect.TypeUtilsTest_OE25Dev_lang_left_3190_1<B>
[ERROR] /home/tasfia/Desktop/OE25-DEV/projects_decomposed/commons-lang3/src/test/java/org/apache/commons/lang3/reflect/TypeUtilsTest_OE25Dev_lang_left_3190_1.java:[373,9] cannot find symbol
  symbol:   method delegateBooleanAssertion(java.lang.reflect.Type[],int,int,boolean)
  location: class org.apache.commons.lang3.reflect.TypeUtilsTest_OE25Dev_lang_left_3190_1<B>
[ERROR] /home/tasfia/Desktop/OE25-DEV/projects_decomposed/commons-lang3/src/test/java/org/apache/commons/lang3/reflect/TypeUtilsTest_OE25Dev_lang_left_3190_1.java:[375,9] cannot find symbol
  symbol:   method delegateBooleanAssertion(java.lang.reflect.Type[],int,int,boolean)
  location: class org.apache.commons.lang3.reflect.TypeUtilsTest_OE25Dev_lang_left_3190_1<B>
[ERROR] /home/tasfia/Desktop/OE25-DEV/projects_decomposed/commons-lang3/src/test/java/org/apache/commons/lang3/reflect/TypeUtilsTest_OE25Dev_lang_left_3190_1.java:[377,9] cannot find symbol
  symbol:   method delegateBooleanAssertion(java.lang.reflect.Type[],int,int,boolean)
  location: class org.apache.commons.lang3.reflect.TypeUtilsTest_OE25Dev_lang_left_3190_1<B>
[ERROR] /home/tasfia/Desktop/OE25-DEV/projects_decomposed/commons-lang3/src/test/java/org/apache/commons/lang3/reflect/TypeUtilsTest_OE25Dev_lang_left_3190_1.java:[379,9] cannot find symbol
  symbol:   method delegateBooleanAssertion(java.lang.reflect.Type[],int,int,boolean)
  location: class org.apache.commons.lang3.reflect.TypeUtilsTest_OE25Dev_lang_left_3190_1<B>
[ERROR] /home/tasfia/Desktop/OE25-DEV/projects_decomposed/commons-lang3/src/test/java/org/apache/commons/lang3/reflect/TypeUtilsTest_OE25Dev_lang_left_3190_1.java:[381,9] cannot find symbol
  symbol:   method delegateBooleanAssertion(java.lang.reflect.Type[],int,int,boolean)
  location: class org.apache.commons.lang3.reflect.TypeUtilsTest_OE25Dev_lang_left_3190_1<B>
[ERROR] /home/tasfia/Desktop/OE25-DEV/projects_decomposed/commons-lang3/src/test/java/org/apache/commons/lang3/reflect/TypeUtilsTest_OE25Dev_lang_left_3190_1.java:[383,9] cannot find symbol
  symbol:   method delegateBooleanAssertion(java.lang.reflect.Type[],int,int,boolean)
  location: class org.apache.commons.lang3.reflect.TypeUtilsTest_OE25Dev_lang_left_3190_1<B>
[ERROR] /home/tasfia/Desktop/OE25-DEV/projects_decomposed/commons-lang3/src/test/java/org/apache/commons/lang3/reflect/TypeUtilsTest_OE25Dev_lang_left_3190_1.java:[385,9] cannot find symbol
  symbol:   method delegateBooleanAssertion(java.lang.reflect.Type[],int,int,boolean)
  location: class org.apache.commons.lang3.reflect.TypeUtilsTest_OE25Dev_lang_left_3190_1<B>
[ERROR] /home/tasfia/Desktop/OE25-DEV/projects_decomposed/commons-lang3/src/test/java/org/apache/commons/lang3/reflect/TypeUtilsTest_OE25Dev_lang_left_3190_1.java:[387,9] cannot find symbol
  symbol:   method delegateBooleanAssertion(java.lang.reflect.Type[],int,int,boolean)
  location: class org.apache.commons.lang3.reflect.TypeUtilsTest_OE25Dev_lang_left_3190_1<B>
[ERROR] /home/tasfia/Desktop/OE25-DEV/projects_decomposed/commons-lang3/src/test/java/org/apache/commons/lang3/reflect/TypeUtilsTest_OE25Dev_lang_left_3190_1.java:[389,9] cannot find symbol
  symbol:   method delegateBooleanAssertion(java.lang.reflect.Type[],int,int,boolean)
  location: class org.apache.commons.lang3.reflect.TypeUtilsTest_OE25Dev_lang_left_3190_1<B>
[ERROR] /home/tasfia/Desktop/OE25-DEV/projects_decomposed/commons-lang3/src/test/java/org/apache/commons/lang3/reflect/TypeUtilsTest_OE25Dev_lang_left_3190_1.java:[391,9] cannot find symbol
  symbol:   method delegateBooleanAssertion(java.lang.reflect.Type[],int,int,boolean)
  location: class org.apache.commons.lang3.reflect.TypeUtilsTest_OE25Dev_lang_left_3190_1<B>
[ERROR] /home/tasfia/Desktop/OE25-DEV/projects_decomposed/commons-lang3/src/test/java/org/apache/commons/lang3/reflect/TypeUtilsTest_OE25Dev_lang_left_3190_1.java:[393,9] cannot find symbol
  symbol:   method delegateBooleanAssertion(java.lang.reflect.Type[],int,int,boolean)
  location: class org.apache.commons.lang3.reflect.TypeUtilsTest_OE25Dev_lang_left_3190_1<B>
[ERROR] /home/tasfia/Desktop/OE25-DEV/projects_decomposed/commons-lang3/src/test/java/org/apache/commons/lang3/reflect/TypeUtilsTest_OE25Dev_lang_left_3190_1.java:[395,9] cannot find symbol
  symbol:   method delegateBooleanAssertion(java.lang.reflect.Type[],int,int,boolean)
  location: class org.apache.commons.lang3.reflect.TypeUtilsTest_OE25Dev_lang_left_3190_1<B>
[ERROR] /home/tasfia/Desktop/OE25-DEV/projects_decomposed/commons-lang3/src/test/java/org/apache/commons/lang3/reflect/TypeUtilsTest_OE25Dev_lang_left_3190_1.java:[397,9] cannot find symbol
  symbol:   method delegateBooleanAssertion(java.lang.reflect.Type[],int,int,boolean)
  location: class org.apache.commons.lang3.reflect.TypeUtilsTest_OE25Dev_lang_left_3190_1<B>
[ERROR] /home/tasfia/Desktop/OE25-DEV/projects_decomposed/commons-lang3/src/test/java/org/apache/commons/lang3/reflect/TypeUtilsTest_OE25Dev_lang_left_3190_1.java:[399,9] cannot find symbol
  symbol:   method delegateBooleanAssertion(java.lang.reflect.Type[],int,int,boolean)
  location: class org.apache.commons.lang3.reflect.TypeUtilsTest_OE25Dev_lang_left_3190_1<B>
[ERROR] /home/tasfia/Desktop/OE25-DEV/projects_decomposed/commons-lang3/src/test/java/org/apache/commons/lang3/reflect/TypeUtilsTest_OE25Dev_lang_left_3190_1.java:[401,9] cannot find symbol
  symbol:   method delegateBooleanAssertion(java.lang.reflect.Type[],int,int,boolean)
  location: class org.apache.commons.lang3.reflect.TypeUtilsTest_OE25Dev_lang_left_3190_1<B>
[ERROR] /home/tasfia/Desktop/OE25-DEV/projects_decomposed/commons-lang3/src/test/java/org/apache/commons/lang3/reflect/TypeUtilsTest_OE25Dev_lang_left_3190_1.java:[403,9] cannot find symbol
  symbol:   method delegateBooleanAssertion(java.lang.reflect.Type[],int,int,boolean)
  location: class org.apache.commons.lang3.reflect.TypeUtilsTest_OE25Dev_lang_left_3190_1<B>
[ERROR] /home/tasfia/Desktop/OE25-DEV/projects_decomposed/commons-lang3/src/test/java/org/apache/commons/lang3/reflect/TypeUtilsTest_OE25Dev_lang_left_3190_1.java:[405,9] cannot find symbol
  symbol:   method delegateBooleanAssertion(java.lang.reflect.Type[],int,int,boolean)
  location: class org.apache.commons.lang3.reflect.TypeUtilsTest_OE25Dev_lang_left_3190_1<B>
[ERROR] /home/tasfia/Desktop/OE25-DEV/projects_decomposed/commons-lang3/src/test/java/org/apache/commons/lang3/reflect/TypeUtilsTest_OE25Dev_lang_left_3190_1.java:[407,9] cannot find symbol
  symbol:   method delegateBooleanAssertion(java.lang.reflect.Type[],int,int,boolean)
  location: class org.apache.commons.lang3.reflect.TypeUtilsTest_OE25Dev_lang_left_3190_1<B>
[ERROR] /home/tasfia/Desktop/OE25-DEV/projects_decomposed/commons-lang3/src/test/java/org/apache/commons/lang3/reflect/TypeUtilsTest_OE25Dev_lang_left_3190_1.java:[409,9] cannot find symbol
  symbol:   method delegateBooleanAssertion(java.lang.reflect.Type[],int,int,boolean)
  location: class org.apache.commons.lang3.reflect.TypeUtilsTest_OE25Dev_lang_left_3190_1<B>
[ERROR] /home/tasfia/Desktop/OE25-DEV/projects_decomposed/commons-lang3/src/test/java/org/apache/commons/lang3/reflect/TypeUtilsTest_OE25Dev_lang_left_3190_1.java:[411,9] cannot find symbol
  symbol:   method delegateBooleanAssertion(java.lang.reflect.Type[],int,int,boolean)
  location: class org.apache.commons.lang3.reflect.TypeUtilsTest_OE25Dev_lang_left_3190_1<B>
[ERROR] /home/tasfia/Desktop/OE25-DEV/projects_decomposed/commons-lang3/src/test/java/org/apache/commons/lang3/reflect/TypeUtilsTest_OE25Dev_lang_left_3190_1.java:[413,9] cannot find symbol
  symbol:   method delegateBooleanAssertion(java.lang.reflect.Type[],int,int,boolean)
  location: class org.apache.commons.lang3.reflect.TypeUtilsTest_OE25Dev_lang_left_3190_1<B>
[ERROR] /home/tasfia/Desktop/OE25-DEV/projects_decomposed/commons-lang3/src/test/java/org/apache/commons/lang3/reflect/TypeUtilsTest_OE25Dev_lang_left_3190_1.java:[415,9] cannot find symbol
  symbol:   method delegateBooleanAssertion(java.lang.reflect.Type[],int,int,boolean)
  location: class org.apache.commons.lang3.reflect.TypeUtilsTest_OE25Dev_lang_left_3190_1<B>
[ERROR] /home/tasfia/Desktop/OE25-DEV/projects_decomposed/commons-lang3/src/test/java/org/apache/commons/lang3/reflect/TypeUtilsTest_OE25Dev_lang_left_3190_1.java:[417,9] cannot find symbol
  symbol:   method delegateBooleanAssertion(java.lang.reflect.Type[],int,int,boolean)
  location: class org.apache.commons.lang3.reflect.TypeUtilsTest_OE25Dev_lang_left_3190_1<B>
[ERROR] /home/tasfia/Desktop/OE25-DEV/projects_decomposed/commons-lang3/src/test/java/org/apache/commons/lang3/reflect/TypeUtilsTest_OE25Dev_lang_left_3190_1.java:[419,9] cannot find symbol
  symbol:   method delegateBooleanAssertion(java.lang.reflect.Type[],int,int,boolean)
  location: class org.apache.commons.lang3.reflect.TypeUtilsTest_OE25Dev_lang_left_3190_1<B>
[ERROR] /home/tasfia/Desktop/OE25-DEV/projects_decomposed/commons-lang3/src/test/java/org/apache/commons/lang3/reflect/TypeUtilsTest_OE25Dev_lang_left_3190_1.java:[421,9] cannot find symbol
  symbol:   method delegateBooleanAssertion(java.lang.reflect.Type[],int,int,boolean)
  location: class org.apache.commons.lang3.reflect.TypeUtilsTest_OE25Dev_lang_left_3190_1<B>
[ERROR] /home/tasfia/Desktop/OE25-DEV/projects_decomposed/commons-lang3/src/test/java/org/apache/commons/lang3/reflect/TypeUtilsTest_OE25Dev_lang_left_3190_1.java:[423,9] cannot find symbol
  symbol:   method delegateBooleanAssertion(java.lang.reflect.Type[],int,int,boolean)
  location: class org.apache.commons.lang3.reflect.TypeUtilsTest_OE25Dev_lang_left_3190_1<B>
[ERROR] /home/tasfia/Desktop/OE25-DEV/projects_decomposed/commons-lang3/src/test/java/org/apache/commons/lang3/reflect/TypeUtilsTest_OE25Dev_lang_left_3190_1.java:[425,9] cannot find symbol
  symbol:   method delegateBooleanAssertion(java.lang.reflect.Type[],int,int,boolean)
  location: class org.apache.commons.lang3.reflect.TypeUtilsTest_OE25Dev_lang_left_3190_1<B>
[ERROR] /home/tasfia/Desktop/OE25-DEV/projects_decomposed/commons-lang3/src/test/java/org/apache/commons/lang3/reflect/TypeUtilsTest_OE25Dev_lang_left_3190_1.java:[427,9] cannot find symbol
  symbol:   method delegateBooleanAssertion(java.lang.reflect.Type[],int,int,boolean)
  location: class org.apache.commons.lang3.reflect.TypeUtilsTest_OE25Dev_lang_left_3190_1<B>
[ERROR] /home/tasfia/Desktop/OE25-DEV/projects_decomposed/commons-lang3/src/test/java/org/apache/commons/lang3/reflect/TypeUtilsTest_OE25Dev_lang_left_3190_1.java:[429,9] cannot find symbol
  symbol:   method delegateBooleanAssertion(java.lang.reflect.Type[],int,int,boolean)
  location: class org.apache.commons.lang3.reflect.TypeUtilsTest_OE25Dev_lang_left_3190_1<B>
[ERROR] /home/tasfia/Desktop/OE25-DEV/projects_decomposed/commons-lang3/src/test/java/org/apache/commons/lang3/reflect/TypeUtilsTest_OE25Dev_lang_left_3190_1.java:[431,9] cannot find symbol
  symbol:   method delegateBooleanAssertion(java.lang.reflect.Type[],int,int,boolean)
  location: class org.apache.commons.lang3.reflect.TypeUtilsTest_OE25Dev_lang_left_3190_1<B>
[ERROR] /home/tasfia/Desktop/OE25-DEV/projects_decomposed/commons-lang3/src/test/java/org/apache/commons/lang3/reflect/TypeUtilsTest_OE25Dev_lang_left_3190_1.java:[433,9] cannot find symbol
  symbol:   method delegateBooleanAssertion(java.lang.reflect.Type[],int,int,boolean)
  location: class org.apache.commons.lang3.reflect.TypeUtilsTest_OE25Dev_lang_left_3190_1<B>
[ERROR] /home/tasfia/Desktop/OE25-DEV/projects_decomposed/commons-lang3/src/test/java/org/apache/commons/lang3/reflect/TypeUtilsTest_OE25Dev_lang_left_3190_1.java:[435,9] cannot find symbol
  symbol:   method delegateBooleanAssertion(java.lang.reflect.Type[],int,int,boolean)
  location: class org.apache.commons.lang3.reflect.TypeUtilsTest_OE25Dev_lang_left_3190_1<B>
[ERROR] /home/tasfia/Desktop/OE25-DEV/projects_decomposed/commons-lang3/src/test/java/org/apache/commons/lang3/reflect/TypeUtilsTest_OE25Dev_lang_left_3190_1.java:[437,9] cannot find symbol
  symbol:   method delegateBooleanAssertion(java.lang.reflect.Type[],int,int,boolean)
  location: class org.apache.commons.lang3.reflect.TypeUtilsTest_OE25Dev_lang_left_3190_1<B>
[ERROR] /home/tasfia/Desktop/OE25-DEV/projects_decomposed/commons-lang3/src/test/java/org/apache/commons/lang3/reflect/TypeUtilsTest_OE25Dev_lang_left_3190_1.java:[439,9] cannot find symbol
  symbol:   method delegateBooleanAssertion(java.lang.reflect.Type[],int,int,boolean)
  location: class org.apache.commons.lang3.reflect.TypeUtilsTest_OE25Dev_lang_left_3190_1<B>
[ERROR] /home/tasfia/Desktop/OE25-DEV/projects_decomposed/commons-lang3/src/test/java/org/apache/commons/lang3/reflect/TypeUtilsTest_OE25Dev_lang_left_3190_1.java:[441,9] cannot find symbol
  symbol:   method delegateBooleanAssertion(java.lang.reflect.Type[],int,int,boolean)
  location: class org.apache.commons.lang3.reflect.TypeUtilsTest_OE25Dev_lang_left_3190_1<B>
[ERROR] /home/tasfia/Desktop/OE25-DEV/projects_decomposed/commons-lang3/src/test/java/org/apache/commons/lang3/reflect/TypeUtilsTest_OE25Dev_lang_left_3190_1.java:[443,9] cannot find symbol
  symbol:   method delegateBooleanAssertion(java.lang.reflect.Type[],int,int,boolean)
  location: class org.apache.commons.lang3.reflect.TypeUtilsTest_OE25Dev_lang_left_3190_1<B>
[ERROR] /home/tasfia/Desktop/OE25-DEV/projects_decomposed/commons-lang3/src/test/java/org/apache/commons/lang3/reflect/TypeUtilsTest_OE25Dev_lang_left_3190_1.java:[445,9] cannot find symbol
  symbol:   method delegateBooleanAssertion(java.lang.reflect.Type[],int,int,boolean)
  location: class org.apache.commons.lang3.reflect.TypeUtilsTest_OE25Dev_lang_left_3190_1<B>
[ERROR] /home/tasfia/Desktop/OE25-DEV/projects_decomposed/commons-lang3/src/test/java/org/apache/commons/lang3/reflect/TypeUtilsTest_OE25Dev_lang_left_3190_1.java:[447,9] cannot find symbol
  symbol:   method delegateBooleanAssertion(java.lang.reflect.Type[],int,int,boolean)
  location: class org.apache.commons.lang3.reflect.TypeUtilsTest_OE25Dev_lang_left_3190_1<B>
[ERROR] /home/tasfia/Desktop/OE25-DEV/projects_decomposed/commons-lang3/src/test/java/org/apache/commons/lang3/reflect/TypeUtilsTest_OE25Dev_lang_left_3190_1.java:[449,9] cannot find symbol
  symbol:   method delegateBooleanAssertion(java.lang.reflect.Type[],int,int,boolean)
  location: class org.apache.commons.lang3.reflect.TypeUtilsTest_OE25Dev_lang_left_3190_1<B>
[ERROR] /home/tasfia/Desktop/OE25-DEV/projects_decomposed/commons-lang3/src/test/java/org/apache/commons/lang3/reflect/TypeUtilsTest_OE25Dev_lang_left_3190_1.java:[451,9] cannot find symbol
  symbol:   method delegateBooleanAssertion(java.lang.reflect.Type[],int,int,boolean)
  location: class org.apache.commons.lang3.reflect.TypeUtilsTest_OE25Dev_lang_left_3190_1<B>
[ERROR] /home/tasfia/Desktop/OE25-DEV/projects_decomposed/commons-lang3/src/test/java/org/apache/commons/lang3/reflect/TypeUtilsTest_OE25Dev_lang_left_3190_1.java:[453,9] cannot find symbol
  symbol:   method delegateBooleanAssertion(java.lang.reflect.Type[],int,int,boolean)
  location: class org.apache.commons.lang3.reflect.TypeUtilsTest_OE25Dev_lang_left_3190_1<B>
[ERROR] /home/tasfia/Desktop/OE25-DEV/projects_decomposed/commons-lang3/src/test/java/org/apache/commons/lang3/reflect/TypeUtilsTest_OE25Dev_lang_left_3190_1.java:[455,9] cannot find symbol
  symbol:   method delegateBooleanAssertion(java.lang.reflect.Type[],int,int,boolean)
  location: class org.apache.commons.lang3.reflect.TypeUtilsTest_OE25Dev_lang_left_3190_1<B>
[ERROR] /home/tasfia/Desktop/OE25-DEV/projects_decomposed/commons-lang3/src/test/java/org/apache/commons/lang3/reflect/TypeUtilsTest_OE25Dev_lang_left_3190_1.java:[457,9] cannot find symbol
  symbol:   method delegateBooleanAssertion(java.lang.reflect.Type[],int,int,boolean)
  location: class org.apache.commons.lang3.reflect.TypeUtilsTest_OE25Dev_lang_left_3190_1<B>
[ERROR] /home/tasfia/Desktop/OE25-DEV/projects_decomposed/commons-lang3/src/test/java/org/apache/commons/lang3/reflect/TypeUtilsTest_OE25Dev_lang_left_3190_1.java:[459,9] cannot find symbol
  symbol:   method delegateBooleanAssertion(java.lang.reflect.Type[],int,int,boolean)
  location: class org.apache.commons.lang3.reflect.TypeUtilsTest_OE25Dev_lang_left_3190_1<B>
[ERROR] /home/tasfia/Desktop/OE25-DEV/projects_decomposed/commons-lang3/src/test/java/org/apache/commons/lang3/reflect/TypeUtilsTest_OE25Dev_lang_left_3190_1.java:[461,9] cannot find symbol
  symbol:   method delegateBooleanAssertion(java.lang.reflect.Type[],int,int,boolean)
  location: class org.apache.commons.lang3.reflect.TypeUtilsTest_OE25Dev_lang_left_3190_1<B>
[ERROR] /home/tasfia/Desktop/OE25-DEV/projects_decomposed/commons-lang3/src/test/java/org/apache/commons/lang3/reflect/TypeUtilsTest_OE25Dev_lang_left_3190_1.java:[463,9] cannot find symbol
  symbol:   method delegateBooleanAssertion(java.lang.reflect.Type[],int,int,boolean)
  location: class org.apache.commons.lang3.reflect.TypeUtilsTest_OE25Dev_lang_left_3190_1<B>
[ERROR] /home/tasfia/Desktop/OE25-DEV/projects_decomposed/commons-lang3/src/test/java/org/apache/commons/lang3/reflect/TypeUtilsTest_OE25Dev_lang_left_3190_1.java:[465,9] cannot find symbol
  symbol:   method delegateBooleanAssertion(java.lang.reflect.Type[],int,int,boolean)
  location: class org.apache.commons.lang3.reflect.TypeUtilsTest_OE25Dev_lang_left_3190_1<B>
[ERROR] /home/tasfia/Desktop/OE25-DEV/projects_decomposed/commons-lang3/src/test/java/org/apache/commons/lang3/reflect/TypeUtilsTest_OE25Dev_lang_left_3190_1.java:[468,9] cannot find symbol
  symbol:   method delegateBooleanAssertion(java.lang.reflect.Type[],int,int,boolean)
  location: class org.apache.commons.lang3.reflect.TypeUtilsTest_OE25Dev_lang_left_3190_1<B>
[ERROR] /home/tasfia/Desktop/OE25-DEV/projects_decomposed/commons-lang3/src/test/java/org/apache/commons/lang3/reflect/TypeUtilsTest_OE25Dev_lang_left_3190_1.java:[470,9] cannot find symbol
  symbol:   method delegateBooleanAssertion(java.lang.reflect.Type[],int,int,boolean)
  location: class org.apache.commons.lang3.reflect.TypeUtilsTest_OE25Dev_lang_left_3190_1<B>
[ERROR] /home/tasfia/Desktop/OE25-DEV/projects_decomposed/commons-lang3/src/test/java/org/apache/commons/lang3/reflect/TypeUtilsTest_OE25Dev_lang_left_3190_1.java:[472,9] cannot find symbol
  symbol:   method delegateBooleanAssertion(java.lang.reflect.Type[],int,int,boolean)
  location: class org.apache.commons.lang3.reflect.TypeUtilsTest_OE25Dev_lang_left_3190_1<B>
[ERROR] /home/tasfia/Desktop/OE25-DEV/projects_decomposed/commons-lang3/src/test/java/org/apache/commons/lang3/reflect/TypeUtilsTest_OE25Dev_lang_left_3190_1.java:[474,9] cannot find symbol
  symbol:   method delegateBooleanAssertion(java.lang.reflect.Type[],int,int,boolean)
  location: class org.apache.commons.lang3.reflect.TypeUtilsTest_OE25Dev_lang_left_3190_1<B>
[ERROR] /home/tasfia/Desktop/OE25-DEV/projects_decomposed/commons-lang3/src/test/java/org/apache/commons/lang3/reflect/TypeUtilsTest_OE25Dev_lang_left_3190_1.java:[476,9] cannot find symbol
  symbol:   method delegateBooleanAssertion(java.lang.reflect.Type[],int,int,boolean)
  location: class org.apache.commons.lang3.reflect.TypeUtilsTest_OE25Dev_lang_left_3190_1<B>
[ERROR] /home/tasfia/Desktop/OE25-DEV/projects_decomposed/commons-lang3/src/test/java/org/apache/commons/lang3/reflect/TypeUtilsTest_OE25Dev_lang_left_3190_1.java:[478,9] cannot find symbol
  symbol:   method delegateBooleanAssertion(java.lang.reflect.Type[],int,int,boolean)
  location: class org.apache.commons.lang3.reflect.TypeUtilsTest_OE25Dev_lang_left_3190_1<B>
[ERROR] /home/tasfia/Desktop/OE25-DEV/projects_decomposed/commons-lang3/src/test/java/org/apache/commons/lang3/reflect/TypeUtilsTest_OE25Dev_lang_left_3190_1.java:[480,9] cannot find symbol
  symbol:   method delegateBooleanAssertion(java.lang.reflect.Type[],int,int,boolean)
  location: class org.apache.commons.lang3.reflect.TypeUtilsTest_OE25Dev_lang_left_3190_1<B>
[ERROR] /home/tasfia/Desktop/OE25-DEV/projects_decomposed/commons-lang3/src/test/java/org/apache/commons/lang3/reflect/TypeUtilsTest_OE25Dev_lang_left_3190_1.java:[482,9] cannot find symbol
  symbol:   method delegateBooleanAssertion(java.lang.reflect.Type[],int,int,boolean)
  location: class org.apache.commons.lang3.reflect.TypeUtilsTest_OE25Dev_lang_left_3190_1<B>
[ERROR] /home/tasfia/Desktop/OE25-DEV/projects_decomposed/commons-lang3/src/test/java/org/apache/commons/lang3/reflect/TypeUtilsTest_OE25Dev_lang_left_3190_1.java:[484,9] cannot find symbol
  symbol:   method delegateBooleanAssertion(java.lang.reflect.Type[],int,int,boolean)
  location: class org.apache.commons.lang3.reflect.TypeUtilsTest_OE25Dev_lang_left_3190_1<B>
[ERROR] /home/tasfia/Desktop/OE25-DEV/projects_decomposed/commons-lang3/src/test/java/org/apache/commons/lang3/reflect/TypeUtilsTest_OE25Dev_lang_left_3190_1.java:[486,9] cannot find symbol
  symbol:   method delegateBooleanAssertion(java.lang.reflect.Type[],int,int,boolean)
  location: class org.apache.commons.lang3.reflect.TypeUtilsTest_OE25Dev_lang_left_3190_1<B>
[ERROR] /home/tasfia/Desktop/OE25-DEV/projects_decomposed/commons-lang3/src/test/java/org/apache/commons/lang3/reflect/TypeUtilsTest_OE25Dev_lang_left_3190_1.java:[488,9] cannot find symbol
  symbol:   method delegateBooleanAssertion(java.lang.reflect.Type[],int,int,boolean)
  location: class org.apache.commons.lang3.reflect.TypeUtilsTest_OE25Dev_lang_left_3190_1<B>
[ERROR] /home/tasfia/Desktop/OE25-DEV/projects_decomposed/commons-lang3/src/test/java/org/apache/commons/lang3/reflect/TypeUtilsTest_OE25Dev_lang_left_3190_1.java:[490,9] cannot find symbol
  symbol:   method delegateBooleanAssertion(java.lang.reflect.Type[],int,int,boolean)
  location: class org.apache.commons.lang3.reflect.TypeUtilsTest_OE25Dev_lang_left_3190_1<B>
[ERROR] /home/tasfia/Desktop/OE25-DEV/projects_decomposed/commons-lang3/src/test/java/org/apache/commons/lang3/reflect/TypeUtilsTest_OE25Dev_lang_left_3190_1.java:[492,9] cannot find symbol
  symbol:   method delegateBooleanAssertion(java.lang.reflect.Type[],int,int,boolean)
  location: class org.apache.commons.lang3.reflect.TypeUtilsTest_OE25Dev_lang_left_3190_1<B>
[ERROR] /home/tasfia/Desktop/OE25-DEV/projects_decomposed/commons-lang3/src/test/java/org/apache/commons/lang3/reflect/TypeUtilsTest_OE25Dev_lang_left_3190_1.java:[494,9] cannot find symbol
  symbol:   method delegateBooleanAssertion(java.lang.reflect.Type[],int,int,boolean)
  location: class org.apache.commons.lang3.reflect.TypeUtilsTest_OE25Dev_lang_left_3190_1<B>
[ERROR] /home/tasfia/Desktop/OE25-DEV/projects_decomposed/commons-lang3/src/test/java/org/apache/commons/lang3/reflect/TypeUtilsTest_OE25Dev_lang_left_3190_1.java:[496,9] cannot find symbol
  symbol:   method delegateBooleanAssertion(java.lang.reflect.Type[],int,int,boolean)
  location: class org.apache.commons.lang3.reflect.TypeUtilsTest_OE25Dev_lang_left_3190_1<B>
[ERROR] /home/tasfia/Desktop/OE25-DEV/projects_decomposed/commons-lang3/src/test/java/org/apache/commons/lang3/reflect/TypeUtilsTest_OE25Dev_lang_left_3190_1.java:[498,9] cannot find symbol
  symbol:   method delegateBooleanAssertion(java.lang.reflect.Type[],int,int,boolean)
  location: class org.apache.commons.lang3.reflect.TypeUtilsTest_OE25Dev_lang_left_3190_1<B>
[ERROR] /home/tasfia/Desktop/OE25-DEV/projects_decomposed/commons-lang3/src/test/java/org/apache/commons/lang3/reflect/TypeUtilsTest_OE25Dev_lang_left_3190_1.java:[500,9] cannot find symbol
  symbol:   method delegateBooleanAssertion(java.lang.reflect.Type[],int,int,boolean)
  location: class org.apache.commons.lang3.reflect.TypeUtilsTest_OE25Dev_lang_left_3190_1<B>
[ERROR] /home/tasfia/Desktop/OE25-DEV/projects_decomposed/commons-lang3/src/test/java/org/apache/commons/lang3/reflect/TypeUtilsTest_OE25Dev_lang_left_3190_1.java:[502,9] cannot find symbol
  symbol:   method delegateBooleanAssertion(java.lang.reflect.Type[],int,int,boolean)
  location: class org.apache.commons.lang3.reflect.TypeUtilsTest_OE25Dev_lang_left_3190_1<B>
[ERROR] /home/tasfia/Desktop/OE25-DEV/projects_decomposed/commons-lang3/src/test/java/org/apache/commons/lang3/reflect/TypeUtilsTest_OE25Dev_lang_left_3190_1.java:[504,9] cannot find symbol
  symbol:   method delegateBooleanAssertion(java.lang.reflect.Type[],int,int,boolean)
  location: class org.apache.commons.lang3.reflect.TypeUtilsTest_OE25Dev_lang_left_3190_1<B>
[ERROR] /home/tasfia/Desktop/OE25-DEV/projects_decomposed/commons-lang3/src/test/java/org/apache/commons/lang3/reflect/TypeUtilsTest_OE25Dev_lang_left_3190_1.java:[506,9] cannot find symbol
  symbol:   method delegateBooleanAssertion(java.lang.reflect.Type[],int,int,boolean)
  location: class org.apache.commons.lang3.reflect.TypeUtilsTest_OE25Dev_lang_left_3190_1<B>
[ERROR] /home/tasfia/Desktop/OE25-DEV/projects_decomposed/commons-lang3/src/test/java/org/apache/commons/lang3/reflect/TypeUtilsTest_OE25Dev_lang_left_3190_1.java:[508,9] cannot find symbol
  symbol:   method delegateBooleanAssertion(java.lang.reflect.Type[],int,int,boolean)
  location: class org.apache.commons.lang3.reflect.TypeUtilsTest_OE25Dev_lang_left_3190_1<B>
[ERROR] /home/tasfia/Desktop/OE25-DEV/projects_decomposed/commons-lang3/src/test/java/org/apache/commons/lang3/reflect/TypeUtilsTest_OE25Dev_lang_left_3190_1.java:[510,9] cannot find symbol
  symbol:   method delegateBooleanAssertion(java.lang.reflect.Type[],int,int,boolean)
  location: class org.apache.commons.lang3.reflect.TypeUtilsTest_OE25Dev_lang_left_3190_1<B>
[ERROR] /home/tasfia/Desktop/OE25-DEV/projects_decomposed/commons-lang3/src/test/java/org/apache/commons/lang3/reflect/TypeUtilsTest_OE25Dev_lang_left_3190_1.java:[512,9] cannot find symbol
  symbol:   method delegateBooleanAssertion(java.lang.reflect.Type[],int,int,boolean)
  location: class org.apache.commons.lang3.reflect.TypeUtilsTest_OE25Dev_lang_left_3190_1<B>
[ERROR] /home/tasfia/Desktop/OE25-DEV/projects_decomposed/commons-lang3/src/test/java/org/apache/commons/lang3/reflect/TypeUtilsTest_OE25Dev_lang_left_3190_1.java:[514,9] cannot find symbol
  symbol:   method delegateBooleanAssertion(java.lang.reflect.Type[],int,int,boolean)
  location: class org.apache.commons.lang3.reflect.TypeUtilsTest_OE25Dev_lang_left_3190_1<B>
[ERROR] /home/tasfia/Desktop/OE25-DEV/projects_decomposed/commons-lang3/src/test/java/org/apache/commons/lang3/reflect/TypeUtilsTest_OE25Dev_lang_left_3190_1.java:[516,9] cannot find symbol
  symbol:   method delegateBooleanAssertion(java.lang.reflect.Type[],int,int,boolean)
  location: class org.apache.commons.lang3.reflect.TypeUtilsTest_OE25Dev_lang_left_3190_1<B>
[ERROR] /home/tasfia/Desktop/OE25-DEV/projects_decomposed/commons-lang3/src/test/java/org/apache/commons/lang3/reflect/TypeUtilsTest_OE25Dev_lang_left_3190_1.java:[518,9] cannot find symbol
  symbol:   method delegateBooleanAssertion(java.lang.reflect.Type[],int,int,boolean)
  location: class org.apache.commons.lang3.reflect.TypeUtilsTest_OE25Dev_lang_left_3190_1<B>
[ERROR] /home/tasfia/Desktop/OE25-DEV/projects_decomposed/commons-lang3/src/test/java/org/apache/commons/lang3/reflect/TypeUtilsTest_OE25Dev_lang_left_3190_1.java:[520,9] cannot find symbol
  symbol:   method delegateBooleanAssertion(java.lang.reflect.Type[],int,int,boolean)
  location: class org.apache.commons.lang3.reflect.TypeUtilsTest_OE25Dev_lang_left_3190_1<B>
[ERROR] /home/tasfia/Desktop/OE25-DEV/projects_decomposed/commons-lang3/src/test/java/org/apache/commons/lang3/reflect/TypeUtilsTest_OE25Dev_lang_left_3190_1.java:[522,9] cannot find symbol
  symbol:   method delegateBooleanAssertion(java.lang.reflect.Type[],int,int,boolean)
  location: class org.apache.commons.lang3.reflect.TypeUtilsTest_OE25Dev_lang_left_3190_1<B>
[ERROR] /home/tasfia/Desktop/OE25-DEV/projects_decomposed/commons-lang3/src/test/java/org/apache/commons/lang3/reflect/TypeUtilsTest_OE25Dev_lang_left_3190_1.java:[524,9] cannot find symbol
  symbol:   method delegateBooleanAssertion(java.lang.reflect.Type[],int,int,boolean)
  location: class org.apache.commons.lang3.reflect.TypeUtilsTest_OE25Dev_lang_left_3190_1<B>
[ERROR] /home/tasfia/Desktop/OE25-DEV/projects_decomposed/commons-lang3/src/test/java/org/apache/commons/lang3/reflect/TypeUtilsTest_OE25Dev_lang_left_3190_1.java:[526,9] cannot find symbol
  symbol:   method delegateBooleanAssertion(java.lang.reflect.Type[],int,int,boolean)
  location: class org.apache.commons.lang3.reflect.TypeUtilsTest_OE25Dev_lang_left_3190_1<B>
[ERROR] /home/tasfia/Desktop/OE25-DEV/projects_decomposed/commons-lang3/src/test/java/org/apache/commons/lang3/reflect/TypeUtilsTest_OE25Dev_lang_left_3190_1.java:[528,9] cannot find symbol
  symbol:   method delegateBooleanAssertion(java.lang.reflect.Type[],int,int,boolean)
  location: class org.apache.commons.lang3.reflect.TypeUtilsTest_OE25Dev_lang_left_3190_1<B>
[ERROR] /home/tasfia/Desktop/OE25-DEV/projects_decomposed/commons-lang3/src/test/java/org/apache/commons/lang3/reflect/TypeUtilsTest_OE25Dev_lang_left_3190_1.java:[530,9] cannot find symbol
  symbol:   method delegateBooleanAssertion(java.lang.reflect.Type[],int,int,boolean)
  location: class org.apache.commons.lang3.reflect.TypeUtilsTest_OE25Dev_lang_left_3190_1<B>
[ERROR] /home/tasfia/Desktop/OE25-DEV/projects_decomposed/commons-lang3/src/test/java/org/apache/commons/lang3/reflect/TypeUtilsTest_OE25Dev_lang_left_3190_1.java:[532,9] cannot find symbol
  symbol:   method delegateBooleanAssertion(java.lang.reflect.Type[],int,int,boolean)
  location: class org.apache.commons.lang3.reflect.TypeUtilsTest_OE25Dev_lang_left_3190_1<B>
[ERROR] /home/tasfia/Desktop/OE25-DEV/projects_decomposed/commons-lang3/src/test/java/org/apache/commons/lang3/reflect/TypeUtilsTest_OE25Dev_lang_left_3190_1.java:[534,9] cannot find symbol
  symbol:   method delegateBooleanAssertion(java.lang.reflect.Type[],int,int,boolean)
  location: class org.apache.commons.lang3.reflect.TypeUtilsTest_OE25Dev_lang_left_3190_1<B>
[ERROR] /home/tasfia/Desktop/OE25-DEV/projects_decomposed/commons-lang3/src/test/java/org/apache/commons/lang3/reflect/TypeUtilsTest_OE25Dev_lang_left_3190_1.java:[536,9] cannot find symbol
  symbol:   method delegateBooleanAssertion(java.lang.reflect.Type[],int,int,boolean)
  location: class org.apache.commons.lang3.reflect.TypeUtilsTest_OE25Dev_lang_left_3190_1<B>
[ERROR] /home/tasfia/Desktop/OE25-DEV/projects_decomposed/commons-lang3/src/test/java/org/apache/commons/lang3/reflect/TypeUtilsTest_OE25Dev_lang_left_3190_1.java:[538,9] cannot find symbol
  symbol:   method delegateBooleanAssertion(java.lang.reflect.Type[],int,int,boolean)
  location: class org.apache.commons.lang3.reflect.TypeUtilsTest_OE25Dev_lang_left_3190_1<B>
[ERROR] /home/tasfia/Desktop/OE25-DEV/projects_decomposed/commons-lang3/src/test/java/org/apache/commons/lang3/reflect/TypeUtilsTest_OE25Dev_lang_left_3190_1.java:[540,9] cannot find symbol
  symbol:   method delegateBooleanAssertion(java.lang.reflect.Type[],int,int,boolean)
  location: class org.apache.commons.lang3.reflect.TypeUtilsTest_OE25Dev_lang_left_3190_1<B>
[ERROR] /home/tasfia/Desktop/OE25-DEV/projects_decomposed/commons-lang3/src/test/java/org/apache/commons/lang3/reflect/TypeUtilsTest_OE25Dev_lang_left_3190_1.java:[542,9] cannot find symbol
  symbol:   method delegateBooleanAssertion(java.lang.reflect.Type[],int,int,boolean)
  location: class org.apache.commons.lang3.reflect.TypeUtilsTest_OE25Dev_lang_left_3190_1<B>
[ERROR] /home/tasfia/Desktop/OE25-DEV/projects_decomposed/commons-lang3/src/test/java/org/apache/commons/lang3/reflect/TypeUtilsTest_OE25Dev_lang_left_3190_1.java:[544,9] cannot find symbol
  symbol:   method delegateBooleanAssertion(java.lang.reflect.Type[],int,int,boolean)
  location: class org.apache.commons.lang3.reflect.TypeUtilsTest_OE25Dev_lang_left_3190_1<B>
[ERROR] /home/tasfia/Desktop/OE25-DEV/projects_decomposed/commons-lang3/src/test/java/org/apache/commons/lang3/reflect/TypeUtilsTest_OE25Dev_lang_left_3190_1.java:[546,9] cannot find symbol
  symbol:   method delegateBooleanAssertion(java.lang.reflect.Type[],int,int,boolean)
  location: class org.apache.commons.lang3.reflect.TypeUtilsTest_OE25Dev_lang_left_3190_1<B>
[ERROR] /home/tasfia/Desktop/OE25-DEV/projects_decomposed/commons-lang3/src/test/java/org/apache/commons/lang3/reflect/TypeUtilsTest_OE25Dev_lang_left_3190_1.java:[548,9] cannot find symbol
  symbol:   method delegateBooleanAssertion(java.lang.reflect.Type[],int,int,boolean)
  location: class org.apache.commons.lang3.reflect.TypeUtilsTest_OE25Dev_lang_left_3190_1<B>
[ERROR] /home/tasfia/Desktop/OE25-DEV/projects_decomposed/commons-lang3/src/test/java/org/apache/commons/lang3/reflect/TypeUtilsTest_OE25Dev_lang_left_3190_1.java:[550,9] cannot find symbol
  symbol:   method delegateBooleanAssertion(java.lang.reflect.Type[],int,int,boolean)
  location: class org.apache.commons.lang3.reflect.TypeUtilsTest_OE25Dev_lang_left_3190_1<B>
[ERROR] /home/tasfia/Desktop/OE25-DEV/projects_decomposed/commons-lang3/src/test/java/org/apache/commons/lang3/reflect/TypeUtilsTest_OE25Dev_lang_left_3190_1.java:[552,9] cannot find symbol
  symbol:   method delegateBooleanAssertion(java.lang.reflect.Type[],int,int,boolean)
  location: class org.apache.commons.lang3.reflect.TypeUtilsTest_OE25Dev_lang_left_3190_1<B>
[ERROR] /home/tasfia/Desktop/OE25-DEV/projects_decomposed/commons-lang3/src/test/java/org/apache/commons/lang3/reflect/TypeUtilsTest_OE25Dev_lang_left_3190_1.java:[554,9] cannot find symbol
  symbol:   method delegateBooleanAssertion(java.lang.reflect.Type[],int,int,boolean)
  location: class org.apache.commons.lang3.reflect.TypeUtilsTest_OE25Dev_lang_left_3190_1<B>
[ERROR] /home/tasfia/Desktop/OE25-DEV/projects_decomposed/commons-lang3/src/test/java/org/apache/commons/lang3/reflect/TypeUtilsTest_OE25Dev_lang_left_3190_1.java:[556,9] cannot find symbol
  symbol:   method delegateBooleanAssertion(java.lang.reflect.Type[],int,int,boolean)
  location: class org.apache.commons.lang3.reflect.TypeUtilsTest_OE25Dev_lang_left_3190_1<B>
[ERROR] /home/tasfia/Desktop/OE25-DEV/projects_decomposed/commons-lang3/src/test/java/org/apache/commons/lang3/reflect/TypeUtilsTest_OE25Dev_lang_left_3190_1.java:[558,9] cannot find symbol
  symbol:   method delegateBooleanAssertion(java.lang.reflect.Type[],int,int,boolean)
  location: class org.apache.commons.lang3.reflect.TypeUtilsTest_OE25Dev_lang_left_3190_1<B>
[ERROR] /home/tasfia/Desktop/OE25-DEV/projects_decomposed/commons-lang3/src/test/java/org/apache/commons/lang3/reflect/TypeUtilsTest_OE25Dev_lang_left_3190_1.java:[560,9] cannot find symbol
  symbol:   method delegateBooleanAssertion(java.lang.reflect.Type[],int,int,boolean)
  location: class org.apache.commons.lang3.reflect.TypeUtilsTest_OE25Dev_lang_left_3190_1<B>
[ERROR] /home/tasfia/Desktop/OE25-DEV/projects_decomposed/commons-lang3/src/test/java/org/apache/commons/lang3/reflect/TypeUtilsTest_OE25Dev_lang_left_3190_1.java:[562,9] cannot find symbol
  symbol:   method delegateBooleanAssertion(java.lang.reflect.Type[],int,int,boolean)
  location: class org.apache.commons.lang3.reflect.TypeUtilsTest_OE25Dev_lang_left_3190_1<B>
[ERROR] /home/tasfia/Desktop/OE25-DEV/projects_decomposed/commons-lang3/src/test/java/org/apache/commons/lang3/reflect/TypeUtilsTest_OE25Dev_lang_left_3190_1.java:[564,9] cannot find symbol
  symbol:   method delegateBooleanAssertion(java.lang.reflect.Type[],int,int,boolean)
  location: class org.apache.commons.lang3.reflect.TypeUtilsTest_OE25Dev_lang_left_3190_1<B>
[ERROR] Failed to execute goal org.apache.maven.plugins:maven-compiler-plugin:3.8.1:testCompile (default-testCompile) on project commons-lang3: Compilation failure: Compilation failure: 
[ERROR] /home/tasfia/Desktop/OE25-DEV/projects_decomposed/commons-lang3/src/test/java/org/apache/commons/lang3/reflect/TypeUtilsTest_OE25Dev_lang_left_3190_1.java:[369,9] cannot find symbol
[ERROR]   symbol:   method delegateBooleanAssertion(java.lang.reflect.Type[],int,int,boolean)
[ERROR]   location: class org.apache.commons.lang3.reflect.TypeUtilsTest_OE25Dev_lang_left_3190_1<B>
[ERROR] /home/tasfia/Desktop/OE25-DEV/projects_decomposed/commons-lang3/src/test/java/org/apache/commons/lang3/reflect/TypeUtilsTest_OE25Dev_lang_left_3190_1.java:[371,9] cannot find symbol
[ERROR]   symbol:   method delegateBooleanAssertion(java.lang.reflect.Type[],int,int,boolean)
[ERROR]   location: class org.apache.commons.lang3.reflect.TypeUtilsTest_OE25Dev_lang_left_3190_1<B>
[ERROR] /home/tasfia/Desktop/OE25-DEV/projects_decomposed/commons-lang3/src/test/java/org/apache/commons/lang3/reflect/TypeUtilsTest_OE25Dev_lang_left_3190_1.java:[373,9] cannot find symbol
[ERROR]   symbol:   method delegateBooleanAssertion(java.lang.reflect.Type[],int,int,boolean)
[ERROR]   location: class org.apache.commons.lang3.reflect.TypeUtilsTest_OE25Dev_lang_left_3190_1<B>
[ERROR] /home/tasfia/Desktop/OE25-DEV/projects_decomposed/commons-lang3/src/test/java/org/apache/commons/lang3/reflect/TypeUtilsTest_OE25Dev_lang_left_3190_1.java:[375,9] cannot find symbol
[ERROR]   symbol:   method delegateBooleanAssertion(java.lang.reflect.Type[],int,int,boolean)
[ERROR]   location: class org.apache.commons.lang3.reflect.TypeUtilsTest_OE25Dev_lang_left_3190_1<B>
[ERROR] /home/tasfia/Desktop/OE25-DEV/projects_decomposed/commons-lang3/src/test/java/org/apache/commons/lang3/reflect/TypeUtilsTest_OE25Dev_lang_left_3190_1.java:[377,9] cannot find symbol
[ERROR]   symbol:   method delegateBooleanAssertion(java.lang.reflect.Type[],int,int,boolean)
[ERROR]   location: class org.apache.commons.lang3.reflect.TypeUtilsTest_OE25Dev_lang_left_3190_1<B>
[ERROR] /home/tasfia/Desktop/OE25-DEV/projects_decomposed/commons-lang3/src/test/java/org/apache/commons/lang3/reflect/TypeUtilsTest_OE25Dev_lang_left_3190_1.java:[379,9] cannot find symbol
[ERROR]   symbol:   method delegateBooleanAssertion(java.lang.reflect.Type[],int,int,boolean)
[ERROR]   location: class org.apache.commons.lang3.reflect.TypeUtilsTest_OE25Dev_lang_left_3190_1<B>
[ERROR] /home/tasfia/Desktop/OE25-DEV/projects_decomposed/commons-lang3/src/test/java/org/apache/commons/lang3/reflect/TypeUtilsTest_OE25Dev_lang_left_3190_1.java:[381,9] cannot find symbol
[ERROR]   symbol:   method delegateBooleanAssertion(java.lang.reflect.Type[],int,int,boolean)
[ERROR]   location: class org.apache.commons.lang3.reflect.TypeUtilsTest_OE25Dev_lang_left_3190_1<B>
[ERROR] /home/tasfia/Desktop/OE25-DEV/projects_decomposed/commons-lang3/src/test/java/org/apache/commons/lang3/reflect/TypeUtilsTest_OE25Dev_lang_left_3190_1.java:[383,9] cannot find symbol
[ERROR]   symbol:   method delegateBooleanAssertion(java.lang.reflect.Type[],int,int,boolean)
[ERROR]   location: class org.apache.commons.lang3.reflect.TypeUtilsTest_OE25Dev_lang_left_3190_1<B>
[ERROR] /home/tasfia/Desktop/OE25-DEV/projects_decomposed/commons-lang3/src/test/java/org/apache/commons/lang3/reflect/TypeUtilsTest_OE25Dev_lang_left_3190_1.java:[385,9] cannot find symbol
[ERROR]   symbol:   method delegateBooleanAssertion(java.lang.reflect.Type[],int,int,boolean)
[ERROR]   location: class org.apache.commons.lang3.reflect.TypeUtilsTest_OE25Dev_lang_left_3190_1<B>
[ERROR] /home/tasfia/Desktop/OE25-DEV/projects_decomposed/commons-lang3/src/test/java/org/apache/commons/lang3/reflect/TypeUtilsTest_OE25Dev_lang_left_3190_1.java:[387,9] cannot find symbol
[ERROR]   symbol:   method delegateBooleanAssertion(java.lang.reflect.Type[],int,int,boolean)
[ERROR]   location: class org.apache.commons.lang3.reflect.TypeUtilsTest_OE25Dev_lang_left_3190_1<B>
[ERROR] /home/tasfia/Desktop/OE25-DEV/projects_decomposed/commons-lang3/src/test/java/org/apache/commons/lang3/reflect/TypeUtilsTest_OE25Dev_lang_left_3190_1.java:[389,9] cannot find symbol
[ERROR]   symbol:   method delegateBooleanAssertion(java.lang.reflect.Type[],int,int,boolean)
[ERROR]   location: class org.apache.commons.lang3.reflect.TypeUtilsTest_OE25Dev_lang_left_3190_1<B>
[ERROR] /home/tasfia/Desktop/OE25-DEV/projects_decomposed/commons-lang3/src/test/java/org/apache/commons/lang3/reflect/TypeUtilsTest_OE25Dev_lang_left_3190_1.java:[391,9] cannot find symbol
[ERROR]   symbol:   method delegateBooleanAssertion(java.lang.reflect.Type[],int,int,boolean)
[ERROR]   location: class org.apache.commons.lang3.reflect.TypeUtilsTest_OE25Dev_lang_left_3190_1<B>
[ERROR] /home/tasfia/Desktop/OE25-DEV/projects_decomposed/commons-lang3/src/test/java/org/apache/commons/lang3/reflect/TypeUtilsTest_OE25Dev_lang_left_3190_1.java:[393,9] cannot find symbol
[ERROR]   symbol:   method delegateBooleanAssertion(java.lang.reflect.Type[],int,int,boolean)
[ERROR]   location: class org.apache.commons.lang3.reflect.TypeUtilsTest_OE25Dev_lang_left_3190_1<B>
[ERROR] /home/tasfia/Desktop/OE25-DEV/projects_decomposed/commons-lang3/src/test/java/org/apache/commons/lang3/reflect/TypeUtilsTest_OE25Dev_lang_left_3190_1.java:[395,9] cannot find symbol
[ERROR]   symbol:   method delegateBooleanAssertion(java.lang.reflect.Type[],int,int,boolean)
[ERROR]   location: class org.apache.commons.lang3.reflect.TypeUtilsTest_OE25Dev_lang_left_3190_1<B>
[ERROR] /home/tasfia/Desktop/OE25-DEV/projects_decomposed/commons-lang3/src/test/java/org/apache/commons/lang3/reflect/TypeUtilsTest_OE25Dev_lang_left_3190_1.java:[397,9] cannot find symbol
[ERROR]   symbol:   method delegateBooleanAssertion(java.lang.reflect.Type[],int,int,boolean)
[ERROR]   location: class org.apache.commons.lang3.reflect.TypeUtilsTest_OE25Dev_lang_left_3190_1<B>
[ERROR] /home/tasfia/Desktop/OE25-DEV/projects_decomposed/commons-lang3/src/test/java/org/apache/commons/lang3/reflect/TypeUtilsTest_OE25Dev_lang_left_3190_1.java:[399,9] cannot find symbol
[ERROR]   symbol:   method delegateBooleanAssertion(java.lang.reflect.Type[],int,int,boolean)
[ERROR]   location: class org.apache.commons.lang3.reflect.TypeUtilsTest_OE25Dev_lang_left_3190_1<B>
[ERROR] /home/tasfia/Desktop/OE25-DEV/projects_decomposed/commons-lang3/src/test/java/org/apache/commons/lang3/reflect/TypeUtilsTest_OE25Dev_lang_left_3190_1.java:[401,9] cannot find symbol
[ERROR]   symbol:   method delegateBooleanAssertion(java.lang.reflect.Type[],int,int,boolean)
[ERROR]   location: class org.apache.commons.lang3.reflect.TypeUtilsTest_OE25Dev_lang_left_3190_1<B>
[ERROR] /home/tasfia/Desktop/OE25-DEV/projects_decomposed/commons-lang3/src/test/java/org/apache/commons/lang3/reflect/TypeUtilsTest_OE25Dev_lang_left_3190_1.java:[403,9] cannot find symbol
[ERROR]   symbol:   method delegateBooleanAssertion(java.lang.reflect.Type[],int,int,boolean)
[ERROR]   location: class org.apache.commons.lang3.reflect.TypeUtilsTest_OE25Dev_lang_left_3190_1<B>
[ERROR] /home/tasfia/Desktop/OE25-DEV/projects_decomposed/commons-lang3/src/test/java/org/apache/commons/lang3/reflect/TypeUtilsTest_OE25Dev_lang_left_3190_1.java:[405,9] cannot find symbol
[ERROR]   symbol:   method delegateBooleanAssertion(java.lang.reflect.Type[],int,int,boolean)
[ERROR]   location: class org.apache.commons.lang3.reflect.TypeUtilsTest_OE25Dev_lang_left_3190_1<B>
[ERROR] /home/tasfia/Desktop/OE25-DEV/projects_decomposed/commons-lang3/src/test/java/org/apache/commons/lang3/reflect/TypeUtilsTest_OE25Dev_lang_left_3190_1.java:[407,9] cannot find symbol
[ERROR]   symbol:   method delegateBooleanAssertion(java.lang.reflect.Type[],int,int,boolean)
[ERROR]   location: class org.apache.commons.lang3.reflect.TypeUtilsTest_OE25Dev_lang_left_3190_1<B>
[ERROR] /home/tasfia/Desktop/OE25-DEV/projects_decomposed/commons-lang3/src/test/java/org/apache/commons/lang3/reflect/TypeUtilsTest_OE25Dev_lang_left_3190_1.java:[409,9] cannot find symbol
[ERROR]   symbol:   method delegateBooleanAssertion(java.lang.reflect.Type[],int,int,boolean)
[ERROR]   location: class org.apache.commons.lang3.reflect.TypeUtilsTest_OE25Dev_lang_left_3190_1<B>
[ERROR] /home/tasfia/Desktop/OE25-DEV/projects_decomposed/commons-lang3/src/test/java/org/apache/commons/lang3/reflect/TypeUtilsTest_OE25Dev_lang_left_3190_1.java:[411,9] cannot find symbol
[ERROR]   symbol:   method delegateBooleanAssertion(java.lang.reflect.Type[],int,int,boolean)
[ERROR]   location: class org.apache.commons.lang3.reflect.TypeUtilsTest_OE25Dev_lang_left_3190_1<B>
[ERROR] /home/tasfia/Desktop/OE25-DEV/projects_decomposed/commons-lang3/src/test/java/org/apache/commons/lang3/reflect/TypeUtilsTest_OE25Dev_lang_left_3190_1.java:[413,9] cannot find symbol
[ERROR]   symbol:   method delegateBooleanAssertion(java.lang.reflect.Type[],int,int,boolean)
[ERROR]   location: class org.apache.commons.lang3.reflect.TypeUtilsTest_OE25Dev_lang_left_3190_1<B>
[ERROR] /home/tasfia/Desktop/OE25-DEV/projects_decomposed/commons-lang3/src/test/java/org/apache/commons/lang3/reflect/TypeUtilsTest_OE25Dev_lang_left_3190_1.java:[415,9] cannot find symbol
[ERROR]   symbol:   method delegateBooleanAssertion(java.lang.reflect.Type[],int,int,boolean)
[ERROR]   location: class org.apache.commons.lang3.reflect.TypeUtilsTest_OE25Dev_lang_left_3190_1<B>
[ERROR] /home/tasfia/Desktop/OE25-DEV/projects_decomposed/commons-lang3/src/test/java/org/apache/commons/lang3/reflect/TypeUtilsTest_OE25Dev_lang_left_3190_1.java:[417,9] cannot find symbol
[ERROR]   symbol:   method delegateBooleanAssertion(java.lang.reflect.Type[],int,int,boolean)
[ERROR]   location: class org.apache.commons.lang3.reflect.TypeUtilsTest_OE25Dev_lang_left_3190_1<B>
[ERROR] /home/tasfia/Desktop/OE25-DEV/projects_decomposed/commons-lang3/src/test/java/org/apache/commons/lang3/reflect/TypeUtilsTest_OE25Dev_lang_left_3190_1.java:[419,9] cannot find symbol
[ERROR]   symbol:   method delegateBooleanAssertion(java.lang.reflect.Type[],int,int,boolean)
[ERROR]   location: class org.apache.commons.lang3.reflect.TypeUtilsTest_OE25Dev_lang_left_3190_1<B>
[ERROR] /home/tasfia/Desktop/OE25-DEV/projects_decomposed/commons-lang3/src/test/java/org/apache/commons/lang3/reflect/TypeUtilsTest_OE25Dev_lang_left_3190_1.java:[421,9] cannot find symbol
[ERROR]   symbol:   method delegateBooleanAssertion(java.lang.reflect.Type[],int,int,boolean)
[ERROR]   location: class org.apache.commons.lang3.reflect.TypeUtilsTest_OE25Dev_lang_left_3190_1<B>
[ERROR] /home/tasfia/Desktop/OE25-DEV/projects_decomposed/commons-lang3/src/test/java/org/apache/commons/lang3/reflect/TypeUtilsTest_OE25Dev_lang_left_3190_1.java:[423,9] cannot find symbol
[ERROR]   symbol:   method delegateBooleanAssertion(java.lang.reflect.Type[],int,int,boolean)
[ERROR]   location: class org.apache.commons.lang3.reflect.TypeUtilsTest_OE25Dev_lang_left_3190_1<B>
[ERROR] /home/tasfia/Desktop/OE25-DEV/projects_decomposed/commons-lang3/src/test/java/org/apache/commons/lang3/reflect/TypeUtilsTest_OE25Dev_lang_left_3190_1.java:[425,9] cannot find symbol
[ERROR]   symbol:   method delegateBooleanAssertion(java.lang.reflect.Type[],int,int,boolean)
[ERROR]   location: class org.apache.commons.lang3.reflect.TypeUtilsTest_OE25Dev_lang_left_3190_1<B>
[ERROR] /home/tasfia/Desktop/OE25-DEV/projects_decomposed/commons-lang3/src/test/java/org/apache/commons/lang3/reflect/TypeUtilsTest_OE25Dev_lang_left_3190_1.java:[427,9] cannot find symbol
[ERROR]   symbol:   method delegateBooleanAssertion(java.lang.reflect.Type[],int,int,boolean)
[ERROR]   location: class org.apache.commons.lang3.reflect.TypeUtilsTest_OE25Dev_lang_left_3190_1<B>
[ERROR] /home/tasfia/Desktop/OE25-DEV/projects_decomposed/commons-lang3/src/test/java/org/apache/commons/lang3/reflect/TypeUtilsTest_OE25Dev_lang_left_3190_1.java:[429,9] cannot find symbol
[ERROR]   symbol:   method delegateBooleanAssertion(java.lang.reflect.Type[],int,int,boolean)
[ERROR]   location: class org.apache.commons.lang3.reflect.TypeUtilsTest_OE25Dev_lang_left_3190_1<B>
[ERROR] /home/tasfia/Desktop/OE25-DEV/projects_decomposed/commons-lang3/src/test/java/org/apache/commons/lang3/reflect/TypeUtilsTest_OE25Dev_lang_left_3190_1.java:[431,9] cannot find symbol
[ERROR]   symbol:   method delegateBooleanAssertion(java.lang.reflect.Type[],int,int,boolean)
[ERROR]   location: class org.apache.commons.lang3.reflect.TypeUtilsTest_OE25Dev_lang_left_3190_1<B>
[ERROR] /home/tasfia/Desktop/OE25-DEV/projects_decomposed/commons-lang3/src/test/java/org/apache/commons/lang3/reflect/TypeUtilsTest_OE25Dev_lang_left_3190_1.java:[433,9] cannot find symbol
[ERROR]   symbol:   method delegateBooleanAssertion(java.lang.reflect.Type[],int,int,boolean)
[ERROR]   location: class org.apache.commons.lang3.reflect.TypeUtilsTest_OE25Dev_lang_left_3190_1<B>
[ERROR] /home/tasfia/Desktop/OE25-DEV/projects_decomposed/commons-lang3/src/test/java/org/apache/commons/lang3/reflect/TypeUtilsTest_OE25Dev_lang_left_3190_1.java:[435,9] cannot find symbol
[ERROR]   symbol:   method delegateBooleanAssertion(java.lang.reflect.Type[],int,int,boolean)
[ERROR]   location: class org.apache.commons.lang3.reflect.TypeUtilsTest_OE25Dev_lang_left_3190_1<B>
[ERROR] /home/tasfia/Desktop/OE25-DEV/projects_decomposed/commons-lang3/src/test/java/org/apache/commons/lang3/reflect/TypeUtilsTest_OE25Dev_lang_left_3190_1.java:[437,9] cannot find symbol
[ERROR]   symbol:   method delegateBooleanAssertion(java.lang.reflect.Type[],int,int,boolean)
[ERROR]   location: class org.apache.commons.lang3.reflect.TypeUtilsTest_OE25Dev_lang_left_3190_1<B>
[ERROR] /home/tasfia/Desktop/OE25-DEV/projects_decomposed/commons-lang3/src/test/java/org/apache/commons/lang3/reflect/TypeUtilsTest_OE25Dev_lang_left_3190_1.java:[439,9] cannot find symbol
[ERROR]   symbol:   method delegateBooleanAssertion(java.lang.reflect.Type[],int,int,boolean)
[ERROR]   location: class org.apache.commons.lang3.reflect.TypeUtilsTest_OE25Dev_lang_left_3190_1<B>
[ERROR] /home/tasfia/Desktop/OE25-DEV/projects_decomposed/commons-lang3/src/test/java/org/apache/commons/lang3/reflect/TypeUtilsTest_OE25Dev_lang_left_3190_1.java:[441,9] cannot find symbol
[ERROR]   symbol:   method delegateBooleanAssertion(java.lang.reflect.Type[],int,int,boolean)
[ERROR]   location: class org.apache.commons.lang3.reflect.TypeUtilsTest_OE25Dev_lang_left_3190_1<B>
[ERROR] /home/tasfia/Desktop/OE25-DEV/projects_decomposed/commons-lang3/src/test/java/org/apache/commons/lang3/reflect/TypeUtilsTest_OE25Dev_lang_left_3190_1.java:[443,9] cannot find symbol
[ERROR]   symbol:   method delegateBooleanAssertion(java.lang.reflect.Type[],int,int,boolean)
[ERROR]   location: class org.apache.commons.lang3.reflect.TypeUtilsTest_OE25Dev_lang_left_3190_1<B>
[ERROR] /home/tasfia/Desktop/OE25-DEV/projects_decomposed/commons-lang3/src/test/java/org/apache/commons/lang3/reflect/TypeUtilsTest_OE25Dev_lang_left_3190_1.java:[445,9] cannot find symbol
[ERROR]   symbol:   method delegateBooleanAssertion(java.lang.reflect.Type[],int,int,boolean)
[ERROR]   location: class org.apache.commons.lang3.reflect.TypeUtilsTest_OE25Dev_lang_left_3190_1<B>
[ERROR] /home/tasfia/Desktop/OE25-DEV/projects_decomposed/commons-lang3/src/test/java/org/apache/commons/lang3/reflect/TypeUtilsTest_OE25Dev_lang_left_3190_1.java:[447,9] cannot find symbol
[ERROR]   symbol:   method delegateBooleanAssertion(java.lang.reflect.Type[],int,int,boolean)
[ERROR]   location: class org.apache.commons.lang3.reflect.TypeUtilsTest_OE25Dev_lang_left_3190_1<B>
[ERROR] /home/tasfia/Desktop/OE25-DEV/projects_decomposed/commons-lang3/src/test/java/org/apache/commons/lang3/reflect/TypeUtilsTest_OE25Dev_lang_left_3190_1.java:[449,9] cannot find symbol
[ERROR]   symbol:   method delegateBooleanAssertion(java.lang.reflect.Type[],int,int,boolean)
[ERROR]   location: class org.apache.commons.lang3.reflect.TypeUtilsTest_OE25Dev_lang_left_3190_1<B>
[ERROR] /home/tasfia/Desktop/OE25-DEV/projects_decomposed/commons-lang3/src/test/java/org/apache/commons/lang3/reflect/TypeUtilsTest_OE25Dev_lang_left_3190_1.java:[451,9] cannot find symbol
[ERROR]   symbol:   method delegateBooleanAssertion(java.lang.reflect.Type[],int,int,boolean)
[ERROR]   location: class org.apache.commons.lang3.reflect.TypeUtilsTest_OE25Dev_lang_left_3190_1<B>
[ERROR] /home/tasfia/Desktop/OE25-DEV/projects_decomposed/commons-lang3/src/test/java/org/apache/commons/lang3/reflect/TypeUtilsTest_OE25Dev_lang_left_3190_1.java:[453,9] cannot find symbol
[ERROR]   symbol:   method delegateBooleanAssertion(java.lang.reflect.Type[],int,int,boolean)
[ERROR]   location: class org.apache.commons.lang3.reflect.TypeUtilsTest_OE25Dev_lang_left_3190_1<B>
[ERROR] /home/tasfia/Desktop/OE25-DEV/projects_decomposed/commons-lang3/src/test/java/org/apache/commons/lang3/reflect/TypeUtilsTest_OE25Dev_lang_left_3190_1.java:[455,9] cannot find symbol
[ERROR]   symbol:   method delegateBooleanAssertion(java.lang.reflect.Type[],int,int,boolean)
[ERROR]   location: class org.apache.commons.lang3.reflect.TypeUtilsTest_OE25Dev_lang_left_3190_1<B>
[ERROR] /home/tasfia/Desktop/OE25-DEV/projects_decomposed/commons-lang3/src/test/java/org/apache/commons/lang3/reflect/TypeUtilsTest_OE25Dev_lang_left_3190_1.java:[457,9] cannot find symbol
[ERROR]   symbol:   method delegateBooleanAssertion(java.lang.reflect.Type[],int,int,boolean)
[ERROR]   location: class org.apache.commons.lang3.reflect.TypeUtilsTest_OE25Dev_lang_left_3190_1<B>
[ERROR] /home/tasfia/Desktop/OE25-DEV/projects_decomposed/commons-lang3/src/test/java/org/apache/commons/lang3/reflect/TypeUtilsTest_OE25Dev_lang_left_3190_1.java:[459,9] cannot find symbol
[ERROR]   symbol:   method delegateBooleanAssertion(java.lang.reflect.Type[],int,int,boolean)
[ERROR]   location: class org.apache.commons.lang3.reflect.TypeUtilsTest_OE25Dev_lang_left_3190_1<B>
[ERROR] /home/tasfia/Desktop/OE25-DEV/projects_decomposed/commons-lang3/src/test/java/org/apache/commons/lang3/reflect/TypeUtilsTest_OE25Dev_lang_left_3190_1.java:[461,9] cannot find symbol
[ERROR]   symbol:   method delegateBooleanAssertion(java.lang.reflect.Type[],int,int,boolean)
[ERROR]   location: class org.apache.commons.lang3.reflect.TypeUtilsTest_OE25Dev_lang_left_3190_1<B>
[ERROR] /home/tasfia/Desktop/OE25-DEV/projects_decomposed/commons-lang3/src/test/java/org/apache/commons/lang3/reflect/TypeUtilsTest_OE25Dev_lang_left_3190_1.java:[463,9] cannot find symbol
[ERROR]   symbol:   method delegateBooleanAssertion(java.lang.reflect.Type[],int,int,boolean)
[ERROR]   location: class org.apache.commons.lang3.reflect.TypeUtilsTest_OE25Dev_lang_left_3190_1<B>
[ERROR] /home/tasfia/Desktop/OE25-DEV/projects_decomposed/commons-lang3/src/test/java/org/apache/commons/lang3/reflect/TypeUtilsTest_OE25Dev_lang_left_3190_1.java:[465,9] cannot find symbol
[ERROR]   symbol:   method delegateBooleanAssertion(java.lang.reflect.Type[],int,int,boolean)
[ERROR]   location: class org.apache.commons.lang3.reflect.TypeUtilsTest_OE25Dev_lang_left_3190_1<B>
[ERROR] /home/tasfia/Desktop/OE25-DEV/projects_decomposed/commons-lang3/src/test/java/org/apache/commons/lang3/reflect/TypeUtilsTest_OE25Dev_lang_left_3190_1.java:[468,9] cannot find symbol
[ERROR]   symbol:   method delegateBooleanAssertion(java.lang.reflect.Type[],int,int,boolean)
[ERROR]   location: class org.apache.commons.lang3.reflect.TypeUtilsTest_OE25Dev_lang_left_3190_1<B>
[ERROR] /home/tasfia/Desktop/OE25-DEV/projects_decomposed/commons-lang3/src/test/java/org/apache/commons/lang3/reflect/TypeUtilsTest_OE25Dev_lang_left_3190_1.java:[470,9] cannot find symbol
[ERROR]   symbol:   method delegateBooleanAssertion(java.lang.reflect.Type[],int,int,boolean)
[ERROR]   location: class org.apache.commons.lang3.reflect.TypeUtilsTest_OE25Dev_lang_left_3190_1<B>
[ERROR] /home/tasfia/Desktop/OE25-DEV/projects_decomposed/commons-lang3/src/test/java/org/apache/commons/lang3/reflect/TypeUtilsTest_OE25Dev_lang_left_3190_1.java:[472,9] cannot find symbol
[ERROR]   symbol:   method delegateBooleanAssertion(java.lang.reflect.Type[],int,int,boolean)
[ERROR]   location: class org.apache.commons.lang3.reflect.TypeUtilsTest_OE25Dev_lang_left_3190_1<B>
[ERROR] /home/tasfia/Desktop/OE25-DEV/projects_decomposed/commons-lang3/src/test/java/org/apache/commons/lang3/reflect/TypeUtilsTest_OE25Dev_lang_left_3190_1.java:[474,9] cannot find symbol
[ERROR]   symbol:   method delegateBooleanAssertion(java.lang.reflect.Type[],int,int,boolean)
[ERROR]   location: class org.apache.commons.lang3.reflect.TypeUtilsTest_OE25Dev_lang_left_3190_1<B>
[ERROR] /home/tasfia/Desktop/OE25-DEV/projects_decomposed/commons-lang3/src/test/java/org/apache/commons/lang3/reflect/TypeUtilsTest_OE25Dev_lang_left_3190_1.java:[476,9] cannot find symbol
[ERROR]   symbol:   method delegateBooleanAssertion(java.lang.reflect.Type[],int,int,boolean)
[ERROR]   location: class org.apache.commons.lang3.reflect.TypeUtilsTest_OE25Dev_lang_left_3190_1<B>
[ERROR] /home/tasfia/Desktop/OE25-DEV/projects_decomposed/commons-lang3/src/test/java/org/apache/commons/lang3/reflect/TypeUtilsTest_OE25Dev_lang_left_3190_1.java:[478,9] cannot find symbol
[ERROR]   symbol:   method delegateBooleanAssertion(java.lang.reflect.Type[],int,int,boolean)
[ERROR]   location: class org.apache.commons.lang3.reflect.TypeUtilsTest_OE25Dev_lang_left_3190_1<B>
[ERROR] /home/tasfia/Desktop/OE25-DEV/projects_decomposed/commons-lang3/src/test/java/org/apache/commons/lang3/reflect/TypeUtilsTest_OE25Dev_lang_left_3190_1.java:[480,9] cannot find symbol
[ERROR]   symbol:   method delegateBooleanAssertion(java.lang.reflect.Type[],int,int,boolean)
[ERROR]   location: class org.apache.commons.lang3.reflect.TypeUtilsTest_OE25Dev_lang_left_3190_1<B>
[ERROR] /home/tasfia/Desktop/OE25-DEV/projects_decomposed/commons-lang3/src/test/java/org/apache/commons/lang3/reflect/TypeUtilsTest_OE25Dev_lang_left_3190_1.java:[482,9] cannot find symbol
[ERROR]   symbol:   method delegateBooleanAssertion(java.lang.reflect.Type[],int,int,boolean)
[ERROR]   location: class org.apache.commons.lang3.reflect.TypeUtilsTest_OE25Dev_lang_left_3190_1<B>
[ERROR] /home/tasfia/Desktop/OE25-DEV/projects_decomposed/commons-lang3/src/test/java/org/apache/commons/lang3/reflect/TypeUtilsTest_OE25Dev_lang_left_3190_1.java:[484,9] cannot find symbol
[ERROR]   symbol:   method delegateBooleanAssertion(java.lang.reflect.Type[],int,int,boolean)
[ERROR]   location: class org.apache.commons.lang3.reflect.TypeUtilsTest_OE25Dev_lang_left_3190_1<B>
[ERROR] /home/tasfia/Desktop/OE25-DEV/projects_decomposed/commons-lang3/src/test/java/org/apache/commons/lang3/reflect/TypeUtilsTest_OE25Dev_lang_left_3190_1.java:[486,9] cannot find symbol
[ERROR]   symbol:   method delegateBooleanAssertion(java.lang.reflect.Type[],int,int,boolean)
[ERROR]   location: class org.apache.commons.lang3.reflect.TypeUtilsTest_OE25Dev_lang_left_3190_1<B>
[ERROR] /home/tasfia/Desktop/OE25-DEV/projects_decomposed/commons-lang3/src/test/java/org/apache/commons/lang3/reflect/TypeUtilsTest_OE25Dev_lang_left_3190_1.java:[488,9] cannot find symbol
[ERROR]   symbol:   method delegateBooleanAssertion(java.lang.reflect.Type[],int,int,boolean)
[ERROR]   location: class org.apache.commons.lang3.reflect.TypeUtilsTest_OE25Dev_lang_left_3190_1<B>
[ERROR] /home/tasfia/Desktop/OE25-DEV/projects_decomposed/commons-lang3/src/test/java/org/apache/commons/lang3/reflect/TypeUtilsTest_OE25Dev_lang_left_3190_1.java:[490,9] cannot find symbol
[ERROR]   symbol:   method delegateBooleanAssertion(java.lang.reflect.Type[],int,int,boolean)
[ERROR]   location: class org.apache.commons.lang3.reflect.TypeUtilsTest_OE25Dev_lang_left_3190_1<B>
[ERROR] /home/tasfia/Desktop/OE25-DEV/projects_decomposed/commons-lang3/src/test/java/org/apache/commons/lang3/reflect/TypeUtilsTest_OE25Dev_lang_left_3190_1.java:[492,9] cannot find symbol
[ERROR]   symbol:   method delegateBooleanAssertion(java.lang.reflect.Type[],int,int,boolean)
[ERROR]   location: class org.apache.commons.lang3.reflect.TypeUtilsTest_OE25Dev_lang_left_3190_1<B>
[ERROR] /home/tasfia/Desktop/OE25-DEV/projects_decomposed/commons-lang3/src/test/java/org/apache/commons/lang3/reflect/TypeUtilsTest_OE25Dev_lang_left_3190_1.java:[494,9] cannot find symbol
[ERROR]   symbol:   method delegateBooleanAssertion(java.lang.reflect.Type[],int,int,boolean)
[ERROR]   location: class org.apache.commons.lang3.reflect.TypeUtilsTest_OE25Dev_lang_left_3190_1<B>
[ERROR] /home/tasfia/Desktop/OE25-DEV/projects_decomposed/commons-lang3/src/test/java/org/apache/commons/lang3/reflect/TypeUtilsTest_OE25Dev_lang_left_3190_1.java:[496,9] cannot find symbol
[ERROR]   symbol:   method delegateBooleanAssertion(java.lang.reflect.Type[],int,int,boolean)
[ERROR]   location: class org.apache.commons.lang3.reflect.TypeUtilsTest_OE25Dev_lang_left_3190_1<B>
[ERROR] /home/tasfia/Desktop/OE25-DEV/projects_decomposed/commons-lang3/src/test/java/org/apache/commons/lang3/reflect/TypeUtilsTest_OE25Dev_lang_left_3190_1.java:[498,9] cannot find symbol
[ERROR]   symbol:   method delegateBooleanAssertion(java.lang.reflect.Type[],int,int,boolean)
[ERROR]   location: class org.apache.commons.lang3.reflect.TypeUtilsTest_OE25Dev_lang_left_3190_1<B>
[ERROR] /home/tasfia/Desktop/OE25-DEV/projects_decomposed/commons-lang3/src/test/java/org/apache/commons/lang3/reflect/TypeUtilsTest_OE25Dev_lang_left_3190_1.java:[500,9] cannot find symbol
[ERROR]   symbol:   method delegateBooleanAssertion(java.lang.reflect.Type[],int,int,boolean)
[ERROR]   location: class org.apache.commons.lang3.reflect.TypeUtilsTest_OE25Dev_lang_left_3190_1<B>
[ERROR] /home/tasfia/Desktop/OE25-DEV/projects_decomposed/commons-lang3/src/test/java/org/apache/commons/lang3/reflect/TypeUtilsTest_OE25Dev_lang_left_3190_1.java:[502,9] cannot find symbol
[ERROR]   symbol:   method delegateBooleanAssertion(java.lang.reflect.Type[],int,int,boolean)
[ERROR]   location: class org.apache.commons.lang3.reflect.TypeUtilsTest_OE25Dev_lang_left_3190_1<B>
[ERROR] /home/tasfia/Desktop/OE25-DEV/projects_decomposed/commons-lang3/src/test/java/org/apache/commons/lang3/reflect/TypeUtilsTest_OE25Dev_lang_left_3190_1.java:[504,9] cannot find symbol
[ERROR]   symbol:   method delegateBooleanAssertion(java.lang.reflect.Type[],int,int,boolean)
[ERROR]   location: class org.apache.commons.lang3.reflect.TypeUtilsTest_OE25Dev_lang_left_3190_1<B>
[ERROR] /home/tasfia/Desktop/OE25-DEV/projects_decomposed/commons-lang3/src/test/java/org/apache/commons/lang3/reflect/TypeUtilsTest_OE25Dev_lang_left_3190_1.java:[506,9] cannot find symbol
[ERROR]   symbol:   method delegateBooleanAssertion(java.lang.reflect.Type[],int,int,boolean)
[ERROR]   location: class org.apache.commons.lang3.reflect.TypeUtilsTest_OE25Dev_lang_left_3190_1<B>
[ERROR] /home/tasfia/Desktop/OE25-DEV/projects_decomposed/commons-lang3/src/test/java/org/apache/commons/lang3/reflect/TypeUtilsTest_OE25Dev_lang_left_3190_1.java:[508,9] cannot find symbol
[ERROR]   symbol:   method delegateBooleanAssertion(java.lang.reflect.Type[],int,int,boolean)
[ERROR]   location: class org.apache.commons.lang3.reflect.TypeUtilsTest_OE25Dev_lang_left_3190_1<B>
[ERROR] /home/tasfia/Desktop/OE25-DEV/projects_decomposed/commons-lang3/src/test/java/org/apache/commons/lang3/reflect/TypeUtilsTest_OE25Dev_lang_left_3190_1.java:[510,9] cannot find symbol
[ERROR]   symbol:   method delegateBooleanAssertion(java.lang.reflect.Type[],int,int,boolean)
[ERROR]   location: class org.apache.commons.lang3.reflect.TypeUtilsTest_OE25Dev_lang_left_3190_1<B>
[ERROR] /home/tasfia/Desktop/OE25-DEV/projects_decomposed/commons-lang3/src/test/java/org/apache/commons/lang3/reflect/TypeUtilsTest_OE25Dev_lang_left_3190_1.java:[512,9] cannot find symbol
[ERROR]   symbol:   method delegateBooleanAssertion(java.lang.reflect.Type[],int,int,boolean)
[ERROR]   location: class org.apache.commons.lang3.reflect.TypeUtilsTest_OE25Dev_lang_left_3190_1<B>
[ERROR] /home/tasfia/Desktop/OE25-DEV/projects_decomposed/commons-lang3/src/test/java/org/apache/commons/lang3/reflect/TypeUtilsTest_OE25Dev_lang_left_3190_1.java:[514,9] cannot find symbol
[ERROR]   symbol:   method delegateBooleanAssertion(java.lang.reflect.Type[],int,int,boolean)
[ERROR]   location: class org.apache.commons.lang3.reflect.TypeUtilsTest_OE25Dev_lang_left_3190_1<B>
[ERROR] /home/tasfia/Desktop/OE25-DEV/projects_decomposed/commons-lang3/src/test/java/org/apache/commons/lang3/reflect/TypeUtilsTest_OE25Dev_lang_left_3190_1.java:[516,9] cannot find symbol
[ERROR]   symbol:   method delegateBooleanAssertion(java.lang.reflect.Type[],int,int,boolean)
[ERROR]   location: class org.apache.commons.lang3.reflect.TypeUtilsTest_OE25Dev_lang_left_3190_1<B>
[ERROR] /home/tasfia/Desktop/OE25-DEV/projects_decomposed/commons-lang3/src/test/java/org/apache/commons/lang3/reflect/TypeUtilsTest_OE25Dev_lang_left_3190_1.java:[518,9] cannot find symbol
[ERROR]   symbol:   method delegateBooleanAssertion(java.lang.reflect.Type[],int,int,boolean)
[ERROR]   location: class org.apache.commons.lang3.reflect.TypeUtilsTest_OE25Dev_lang_left_3190_1<B>
[ERROR] /home/tasfia/Desktop/OE25-DEV/projects_decomposed/commons-lang3/src/test/java/org/apache/commons/lang3/reflect/TypeUtilsTest_OE25Dev_lang_left_3190_1.java:[520,9] cannot find symbol
[ERROR]   symbol:   method delegateBooleanAssertion(java.lang.reflect.Type[],int,int,boolean)
[ERROR]   location: class org.apache.commons.lang3.reflect.TypeUtilsTest_OE25Dev_lang_left_3190_1<B>
[ERROR] /home/tasfia/Desktop/OE25-DEV/projects_decomposed/commons-lang3/src/test/java/org/apache/commons/lang3/reflect/TypeUtilsTest_OE25Dev_lang_left_3190_1.java:[522,9] cannot find symbol
[ERROR]   symbol:   method delegateBooleanAssertion(java.lang.reflect.Type[],int,int,boolean)
[ERROR]   location: class org.apache.commons.lang3.reflect.TypeUtilsTest_OE25Dev_lang_left_3190_1<B>
[ERROR] /home/tasfia/Desktop/OE25-DEV/projects_decomposed/commons-lang3/src/test/java/org/apache/commons/lang3/reflect/TypeUtilsTest_OE25Dev_lang_left_3190_1.java:[524,9] cannot find symbol
[ERROR]   symbol:   method delegateBooleanAssertion(java.lang.reflect.Type[],int,int,boolean)
[ERROR]   location: class org.apache.commons.lang3.reflect.TypeUtilsTest_OE25Dev_lang_left_3190_1<B>
[ERROR] /home/tasfia/Desktop/OE25-DEV/projects_decomposed/commons-lang3/src/test/java/org/apache/commons/lang3/reflect/TypeUtilsTest_OE25Dev_lang_left_3190_1.java:[526,9] cannot find symbol
[ERROR]   symbol:   method delegateBooleanAssertion(java.lang.reflect.Type[],int,int,boolean)
[ERROR]   location: class org.apache.commons.lang3.reflect.TypeUtilsTest_OE25Dev_lang_left_3190_1<B>
[ERROR] /home/tasfia/Desktop/OE25-DEV/projects_decomposed/commons-lang3/src/test/java/org/apache/commons/lang3/reflect/TypeUtilsTest_OE25Dev_lang_left_3190_1.java:[528,9] cannot find symbol
[ERROR]   symbol:   method delegateBooleanAssertion(java.lang.reflect.Type[],int,int,boolean)
[ERROR]   location: class org.apache.commons.lang3.reflect.TypeUtilsTest_OE25Dev_lang_left_3190_1<B>
[ERROR] /home/tasfia/Desktop/OE25-DEV/projects_decomposed/commons-lang3/src/test/java/org/apache/commons/lang3/reflect/TypeUtilsTest_OE25Dev_lang_left_3190_1.java:[530,9] cannot find symbol
[ERROR]   symbol:   method delegateBooleanAssertion(java.lang.reflect.Type[],int,int,boolean)
[ERROR]   location: class org.apache.commons.lang3.reflect.TypeUtilsTest_OE25Dev_lang_left_3190_1<B>
[ERROR] /home/tasfia/Desktop/OE25-DEV/projects_decomposed/commons-lang3/src/test/java/org/apache/commons/lang3/reflect/TypeUtilsTest_OE25Dev_lang_left_3190_1.java:[532,9] cannot find symbol
[ERROR]   symbol:   method delegateBooleanAssertion(java.lang.reflect.Type[],int,int,boolean)
[ERROR]   location: class org.apache.commons.lang3.reflect.TypeUtilsTest_OE25Dev_lang_left_3190_1<B>
[ERROR] /home/tasfia/Desktop/OE25-DEV/projects_decomposed/commons-lang3/src/test/java/org/apache/commons/lang3/reflect/TypeUtilsTest_OE25Dev_lang_left_3190_1.java:[534,9] cannot find symbol
[ERROR]   symbol:   method delegateBooleanAssertion(java.lang.reflect.Type[],int,int,boolean)
[ERROR]   location: class org.apache.commons.lang3.reflect.TypeUtilsTest_OE25Dev_lang_left_3190_1<B>
[ERROR] /home/tasfia/Desktop/OE25-DEV/projects_decomposed/commons-lang3/src/test/java/org/apache/commons/lang3/reflect/TypeUtilsTest_OE25Dev_lang_left_3190_1.java:[536,9] cannot find symbol
[ERROR]   symbol:   method delegateBooleanAssertion(java.lang.reflect.Type[],int,int,boolean)
[ERROR]   location: class org.apache.commons.lang3.reflect.TypeUtilsTest_OE25Dev_lang_left_3190_1<B>
[ERROR] /home/tasfia/Desktop/OE25-DEV/projects_decomposed/commons-lang3/src/test/java/org/apache/commons/lang3/reflect/TypeUtilsTest_OE25Dev_lang_left_3190_1.java:[538,9] cannot find symbol
[ERROR]   symbol:   method delegateBooleanAssertion(java.lang.reflect.Type[],int,int,boolean)
[ERROR]   location: class org.apache.commons.lang3.reflect.TypeUtilsTest_OE25Dev_lang_left_3190_1<B>
[ERROR] /home/tasfia/Desktop/OE25-DEV/projects_decomposed/commons-lang3/src/test/java/org/apache/commons/lang3/reflect/TypeUtilsTest_OE25Dev_lang_left_3190_1.java:[540,9] cannot find symbol
[ERROR]   symbol:   method delegateBooleanAssertion(java.lang.reflect.Type[],int,int,boolean)
[ERROR]   location: class org.apache.commons.lang3.reflect.TypeUtilsTest_OE25Dev_lang_left_3190_1<B>
[ERROR] /home/tasfia/Desktop/OE25-DEV/projects_decomposed/commons-lang3/src/test/java/org/apache/commons/lang3/reflect/TypeUtilsTest_OE25Dev_lang_left_3190_1.java:[542,9] cannot find symbol
[ERROR]   symbol:   method delegateBooleanAssertion(java.lang.reflect.Type[],int,int,boolean)
[ERROR]   location: class org.apache.commons.lang3.reflect.TypeUtilsTest_OE25Dev_lang_left_3190_1<B>
[ERROR] /home/tasfia/Desktop/OE25-DEV/projects_decomposed/commons-lang3/src/test/java/org/apache/commons/lang3/reflect/TypeUtilsTest_OE25Dev_lang_left_3190_1.java:[544,9] cannot find symbol
[ERROR]   symbol:   method delegateBooleanAssertion(java.lang.reflect.Type[],int,int,boolean)
[ERROR]   location: class org.apache.commons.lang3.reflect.TypeUtilsTest_OE25Dev_lang_left_3190_1<B>
[ERROR] /home/tasfia/Desktop/OE25-DEV/projects_decomposed/commons-lang3/src/test/java/org/apache/commons/lang3/reflect/TypeUtilsTest_OE25Dev_lang_left_3190_1.java:[546,9] cannot find symbol
[ERROR]   symbol:   method delegateBooleanAssertion(java.lang.reflect.Type[],int,int,boolean)
[ERROR]   location: class org.apache.commons.lang3.reflect.TypeUtilsTest_OE25Dev_lang_left_3190_1<B>
[ERROR] /home/tasfia/Desktop/OE25-DEV/projects_decomposed/commons-lang3/src/test/java/org/apache/commons/lang3/reflect/TypeUtilsTest_OE25Dev_lang_left_3190_1.java:[548,9] cannot find symbol
[ERROR]   symbol:   method delegateBooleanAssertion(java.lang.reflect.Type[],int,int,boolean)
[ERROR]   location: class org.apache.commons.lang3.reflect.TypeUtilsTest_OE25Dev_lang_left_3190_1<B>
[ERROR] /home/tasfia/Desktop/OE25-DEV/projects_decomposed/commons-lang3/src/test/java/org/apache/commons/lang3/reflect/TypeUtilsTest_OE25Dev_lang_left_3190_1.java:[550,9] cannot find symbol
[ERROR]   symbol:   method delegateBooleanAssertion(java.lang.reflect.Type[],int,int,boolean)
[ERROR]   location: class org.apache.commons.lang3.reflect.TypeUtilsTest_OE25Dev_lang_left_3190_1<B>
[ERROR] /home/tasfia/Desktop/OE25-DEV/projects_decomposed/commons-lang3/src/test/java/org/apache/commons/lang3/reflect/TypeUtilsTest_OE25Dev_lang_left_3190_1.java:[552,9] cannot find symbol
[ERROR]   symbol:   method delegateBooleanAssertion(java.lang.reflect.Type[],int,int,boolean)
[ERROR]   location: class org.apache.commons.lang3.reflect.TypeUtilsTest_OE25Dev_lang_left_3190_1<B>
[ERROR] /home/tasfia/Desktop/OE25-DEV/projects_decomposed/commons-lang3/src/test/java/org/apache/commons/lang3/reflect/TypeUtilsTest_OE25Dev_lang_left_3190_1.java:[554,9] cannot find symbol
[ERROR]   symbol:   method delegateBooleanAssertion(java.lang.reflect.Type[],int,int,boolean)
[ERROR]   location: class org.apache.commons.lang3.reflect.TypeUtilsTest_OE25Dev_lang_left_3190_1<B>
[ERROR] /home/tasfia/Desktop/OE25-DEV/projects_decomposed/commons-lang3/src/test/java/org/apache/commons/lang3/reflect/TypeUtilsTest_OE25Dev_lang_left_3190_1.java:[556,9] cannot find symbol
[ERROR]   symbol:   method delegateBooleanAssertion(java.lang.reflect.Type[],int,int,boolean)
[ERROR]   location: class org.apache.commons.lang3.reflect.TypeUtilsTest_OE25Dev_lang_left_3190_1<B>
[ERROR] /home/tasfia/Desktop/OE25-DEV/projects_decomposed/commons-lang3/src/test/java/org/apache/commons/lang3/reflect/TypeUtilsTest_OE25Dev_lang_left_3190_1.java:[558,9] cannot find symbol
[ERROR]   symbol:   method delegateBooleanAssertion(java.lang.reflect.Type[],int,int,boolean)
[ERROR]   location: class org.apache.commons.lang3.reflect.TypeUtilsTest_OE25Dev_lang_left_3190_1<B>
[ERROR] /home/tasfia/Desktop/OE25-DEV/projects_decomposed/commons-lang3/src/test/java/org/apache/commons/lang3/reflect/TypeUtilsTest_OE25Dev_lang_left_3190_1.java:[560,9] cannot find symbol
[ERROR]   symbol:   method delegateBooleanAssertion(java.lang.reflect.Type[],int,int,boolean)
[ERROR]   location: class org.apache.commons.lang3.reflect.TypeUtilsTest_OE25Dev_lang_left_3190_1<B>
[ERROR] /home/tasfia/Desktop/OE25-DEV/projects_decomposed/commons-lang3/src/test/java/org/apache/commons/lang3/reflect/TypeUtilsTest_OE25Dev_lang_left_3190_1.java:[562,9] cannot find symbol
[ERROR]   symbol:   method delegateBooleanAssertion(java.lang.reflect.Type[],int,int,boolean)
[ERROR]   location: class org.apache.commons.lang3.reflect.TypeUtilsTest_OE25Dev_lang_left_3190_1<B>
[ERROR] /home/tasfia/Desktop/OE25-DEV/projects_decomposed/commons-lang3/src/test/java/org/apache/commons/lang3/reflect/TypeUtilsTest_OE25Dev_lang_left_3190_1.java:[564,9] cannot find symbol
[ERROR]   symbol:   method delegateBooleanAssertion(java.lang.reflect.Type[],int,int,boolean)
[ERROR]   location: class org.apache.commons.lang3.reflect.TypeUtilsTest_OE25Dev_lang_left_3190_1<B>
[ERROR] -> [Help 1]
[ERROR] 
[ERROR] To see the full stack trace of the errors, re-run Maven with the -e switch.
[ERROR] Re-run Maven using the -X switch to enable full debug logging.
[ERROR] 
[ERROR] For more information about the errors and possible solutions, please read the following articles:
[ERROR] [Help 1] http://cwiki.apache.org/confluence/display/MAVEN/MojoFailureException
