[ERROR] COMPILATION ERROR : 
[ERROR] /home/tasfia/Desktop/OE25-DEV/projects_decomposed/commons-lang3/src/test/java/org/apache/commons/lang3/LocaleUtilsTest_OE25Dev_lang_left_1202_1.java:[239,9] cannot find symbol
  symbol:   method assertLocaleLookupList(<nulltype>,<nulltype>,java.util.Locale[])
  location: class org.apache.commons.lang3.LocaleUtilsTest_OE25Dev_lang_left_1202_1
[ERROR] /home/tasfia/Desktop/OE25-DEV/projects_decomposed/commons-lang3/src/test/java/org/apache/commons/lang3/LocaleUtilsTest_OE25Dev_lang_left_1202_1.java:[240,9] cannot find symbol
  symbol:   method assertLocaleLookupList(java.util.Locale,<nulltype>,java.util.Locale[])
  location: class org.apache.commons.lang3.LocaleUtilsTest_OE25Dev_lang_left_1202_1
[ERROR] /home/tasfia/Desktop/OE25-DEV/projects_decomposed/commons-lang3/src/test/java/org/apache/commons/lang3/LocaleUtilsTest_OE25Dev_lang_left_1202_1.java:[241,9] cannot find symbol
  symbol:   method assertLocaleLookupList(java.util.Locale,<nulltype>,java.util.Locale[])
  location: class org.apache.commons.lang3.LocaleUtilsTest_OE25Dev_lang_left_1202_1
[ERROR] /home/tasfia/Desktop/OE25-DEV/projects_decomposed/commons-lang3/src/test/java/org/apache/commons/lang3/LocaleUtilsTest_OE25Dev_lang_left_1202_1.java:[242,9] cannot find symbol
  symbol:   method assertLocaleLookupList(java.util.Locale,<nulltype>,java.util.Locale[])
  location: class org.apache.commons.lang3.LocaleUtilsTest_OE25Dev_lang_left_1202_1
[ERROR] /home/tasfia/Desktop/OE25-DEV/projects_decomposed/commons-lang3/src/test/java/org/apache/commons/lang3/LocaleUtilsTest_OE25Dev_lang_left_1202_1.java:[243,9] cannot find symbol
  symbol:   method assertLocaleLookupList(java.util.Locale,<nulltype>,java.util.Locale[])
  location: class org.apache.commons.lang3.LocaleUtilsTest_OE25Dev_lang_left_1202_1
[ERROR] /home/tasfia/Desktop/OE25-DEV/projects_decomposed/commons-lang3/src/test/java/org/apache/commons/lang3/LocaleUtilsTest_OE25Dev_lang_left_1202_1.java:[247,9] cannot find symbol
  symbol:   method assertLocaleLookupList(java.util.Locale,<nulltype>,java.util.Locale[])
  location: class org.apache.commons.lang3.LocaleUtilsTest_OE25Dev_lang_left_1202_1
[ERROR] /home/tasfia/Desktop/OE25-DEV/projects_decomposed/commons-lang3/src/test/java/org/apache/commons/lang3/LocaleUtilsTest_OE25Dev_lang_left_1202_1.java:[259,9] cannot find symbol
  symbol:   method assertLocaleLookupList(java.util.Locale,java.util.Locale,java.util.Locale[])
  location: class org.apache.commons.lang3.LocaleUtilsTest_OE25Dev_lang_left_1202_1
[ERROR] /home/tasfia/Desktop/OE25-DEV/projects_decomposed/commons-lang3/src/test/java/org/apache/commons/lang3/LocaleUtilsTest_OE25Dev_lang_left_1202_1.java:[261,9] cannot find symbol
  symbol:   method assertLocaleLookupList(java.util.Locale,java.util.Locale,java.util.Locale[])
  location: class org.apache.commons.lang3.LocaleUtilsTest_OE25Dev_lang_left_1202_1
[ERROR] /home/tasfia/Desktop/OE25-DEV/projects_decomposed/commons-lang3/src/test/java/org/apache/commons/lang3/LocaleUtilsTest_OE25Dev_lang_left_1202_1.java:[264,9] cannot find symbol
  symbol:   method assertLocaleLookupList(java.util.Locale,java.util.Locale,java.util.Locale[])
  location: class org.apache.commons.lang3.LocaleUtilsTest_OE25Dev_lang_left_1202_1
[ERROR] /home/tasfia/Desktop/OE25-DEV/projects_decomposed/commons-lang3/src/test/java/org/apache/commons/lang3/LocaleUtilsTest_OE25Dev_lang_left_1202_1.java:[268,9] cannot find symbol
  symbol:   method assertLocaleLookupList(java.util.Locale,java.util.Locale,java.util.Locale[])
  location: class org.apache.commons.lang3.LocaleUtilsTest_OE25Dev_lang_left_1202_1
[ERROR] /home/tasfia/Desktop/OE25-DEV/projects_decomposed/commons-lang3/src/test/java/org/apache/commons/lang3/LocaleUtilsTest_OE25Dev_lang_left_1202_1.java:[273,9] cannot find symbol
  symbol:   method assertLocaleLookupList(java.util.Locale,java.util.Locale,java.util.Locale[])
  location: class org.apache.commons.lang3.LocaleUtilsTest_OE25Dev_lang_left_1202_1
[ERROR] /home/tasfia/Desktop/OE25-DEV/projects_decomposed/commons-lang3/src/test/java/org/apache/commons/lang3/LocaleUtilsTest_OE25Dev_lang_left_1202_1.java:[279,9] cannot find symbol
  symbol:   method assertLocaleLookupList(java.util.Locale,<nulltype>,java.util.Locale[])
  location: class org.apache.commons.lang3.LocaleUtilsTest_OE25Dev_lang_left_1202_1
[ERROR] /home/tasfia/Desktop/OE25-DEV/projects_decomposed/commons-lang3/src/test/java/org/apache/commons/lang3/LocaleUtilsTest_OE25Dev_lang_left_1202_1.java:[284,9] cannot find symbol
  symbol:   method assertLocaleLookupList(java.util.Locale,java.util.Locale,java.util.Locale[])
  location: class org.apache.commons.lang3.LocaleUtilsTest_OE25Dev_lang_left_1202_1
[ERROR] /home/tasfia/Desktop/OE25-DEV/projects_decomposed/commons-lang3/src/test/java/org/apache/commons/lang3/LocaleUtilsTest_OE25Dev_lang_left_1202_1.java:[289,9] cannot find symbol
  symbol:   method assertLocaleLookupList(java.util.Locale,java.util.Locale,java.util.Locale[])
  location: class org.apache.commons.lang3.LocaleUtilsTest_OE25Dev_lang_left_1202_1
[ERROR] /home/tasfia/Desktop/OE25-DEV/projects_decomposed/commons-lang3/src/test/java/org/apache/commons/lang3/LocaleUtilsTest_OE25Dev_lang_left_1202_1.java:[295,9] cannot find symbol
  symbol:   method assertLocaleLookupList(java.util.Locale,java.util.Locale,java.util.Locale[])
  location: class org.apache.commons.lang3.LocaleUtilsTest_OE25Dev_lang_left_1202_1
[ERROR] /home/tasfia/Desktop/OE25-DEV/projects_decomposed/commons-lang3/src/test/java/org/apache/commons/lang3/LocaleUtilsTest_OE25Dev_lang_left_1202_1.java:[301,9] cannot find symbol
  symbol:   method assertLocaleLookupList(java.util.Locale,java.util.Locale,java.util.Locale[])
  location: class org.apache.commons.lang3.LocaleUtilsTest_OE25Dev_lang_left_1202_1
[ERROR] Failed to execute goal org.apache.maven.plugins:maven-compiler-plugin:3.8.1:testCompile (default-testCompile) on project commons-lang3: Compilation failure: Compilation failure: 
[ERROR] /home/tasfia/Desktop/OE25-DEV/projects_decomposed/commons-lang3/src/test/java/org/apache/commons/lang3/LocaleUtilsTest_OE25Dev_lang_left_1202_1.java:[239,9] cannot find symbol
[ERROR]   symbol:   method assertLocaleLookupList(<nulltype>,<nulltype>,java.util.Locale[])
[ERROR]   location: class org.apache.commons.lang3.LocaleUtilsTest_OE25Dev_lang_left_1202_1
[ERROR] /home/tasfia/Desktop/OE25-DEV/projects_decomposed/commons-lang3/src/test/java/org/apache/commons/lang3/LocaleUtilsTest_OE25Dev_lang_left_1202_1.java:[240,9] cannot find symbol
[ERROR]   symbol:   method assertLocaleLookupList(java.util.Locale,<nulltype>,java.util.Locale[])
[ERROR]   location: class org.apache.commons.lang3.LocaleUtilsTest_OE25Dev_lang_left_1202_1
[ERROR] /home/tasfia/Desktop/OE25-DEV/projects_decomposed/commons-lang3/src/test/java/org/apache/commons/lang3/LocaleUtilsTest_OE25Dev_lang_left_1202_1.java:[241,9] cannot find symbol
[ERROR]   symbol:   method assertLocaleLookupList(java.util.Locale,<nulltype>,java.util.Locale[])
[ERROR]   location: class org.apache.commons.lang3.LocaleUtilsTest_OE25Dev_lang_left_1202_1
[ERROR] /home/tasfia/Desktop/OE25-DEV/projects_decomposed/commons-lang3/src/test/java/org/apache/commons/lang3/LocaleUtilsTest_OE25Dev_lang_left_1202_1.java:[242,9] cannot find symbol
[ERROR]   symbol:   method assertLocaleLookupList(java.util.Locale,<nulltype>,java.util.Locale[])
[ERROR]   location: class org.apache.commons.lang3.LocaleUtilsTest_OE25Dev_lang_left_1202_1
[ERROR] /home/tasfia/Desktop/OE25-DEV/projects_decomposed/commons-lang3/src/test/java/org/apache/commons/lang3/LocaleUtilsTest_OE25Dev_lang_left_1202_1.java:[243,9] cannot find symbol
[ERROR]   symbol:   method assertLocaleLookupList(java.util.Locale,<nulltype>,java.util.Locale[])
[ERROR]   location: class org.apache.commons.lang3.LocaleUtilsTest_OE25Dev_lang_left_1202_1
[ERROR] /home/tasfia/Desktop/OE25-DEV/projects_decomposed/commons-lang3/src/test/java/org/apache/commons/lang3/LocaleUtilsTest_OE25Dev_lang_left_1202_1.java:[247,9] cannot find symbol
[ERROR]   symbol:   method assertLocaleLookupList(java.util.Locale,<nulltype>,java.util.Locale[])
[ERROR]   location: class org.apache.commons.lang3.LocaleUtilsTest_OE25Dev_lang_left_1202_1
[ERROR] /home/tasfia/Desktop/OE25-DEV/projects_decomposed/commons-lang3/src/test/java/org/apache/commons/lang3/LocaleUtilsTest_OE25Dev_lang_left_1202_1.java:[259,9] cannot find symbol
[ERROR]   symbol:   method assertLocaleLookupList(java.util.Locale,java.util.Locale,java.util.Locale[])
[ERROR]   location: class org.apache.commons.lang3.LocaleUtilsTest_OE25Dev_lang_left_1202_1
[ERROR] /home/tasfia/Desktop/OE25-DEV/projects_decomposed/commons-lang3/src/test/java/org/apache/commons/lang3/LocaleUtilsTest_OE25Dev_lang_left_1202_1.java:[261,9] cannot find symbol
[ERROR]   symbol:   method assertLocaleLookupList(java.util.Locale,java.util.Locale,java.util.Locale[])
[ERROR]   location: class org.apache.commons.lang3.LocaleUtilsTest_OE25Dev_lang_left_1202_1
[ERROR] /home/tasfia/Desktop/OE25-DEV/projects_decomposed/commons-lang3/src/test/java/org/apache/commons/lang3/LocaleUtilsTest_OE25Dev_lang_left_1202_1.java:[264,9] cannot find symbol
[ERROR]   symbol:   method assertLocaleLookupList(java.util.Locale,java.util.Locale,java.util.Locale[])
[ERROR]   location: class org.apache.commons.lang3.LocaleUtilsTest_OE25Dev_lang_left_1202_1
[ERROR] /home/tasfia/Desktop/OE25-DEV/projects_decomposed/commons-lang3/src/test/java/org/apache/commons/lang3/LocaleUtilsTest_OE25Dev_lang_left_1202_1.java:[268,9] cannot find symbol
[ERROR]   symbol:   method assertLocaleLookupList(java.util.Locale,java.util.Locale,java.util.Locale[])
[ERROR]   location: class org.apache.commons.lang3.LocaleUtilsTest_OE25Dev_lang_left_1202_1
[ERROR] /home/tasfia/Desktop/OE25-DEV/projects_decomposed/commons-lang3/src/test/java/org/apache/commons/lang3/LocaleUtilsTest_OE25Dev_lang_left_1202_1.java:[273,9] cannot find symbol
[ERROR]   symbol:   method assertLocaleLookupList(java.util.Locale,java.util.Locale,java.util.Locale[])
[ERROR]   location: class org.apache.commons.lang3.LocaleUtilsTest_OE25Dev_lang_left_1202_1
[ERROR] /home/tasfia/Desktop/OE25-DEV/projects_decomposed/commons-lang3/src/test/java/org/apache/commons/lang3/LocaleUtilsTest_OE25Dev_lang_left_1202_1.java:[279,9] cannot find symbol
[ERROR]   symbol:   method assertLocaleLookupList(java.util.Locale,<nulltype>,java.util.Locale[])
[ERROR]   location: class org.apache.commons.lang3.LocaleUtilsTest_OE25Dev_lang_left_1202_1
[ERROR] /home/tasfia/Desktop/OE25-DEV/projects_decomposed/commons-lang3/src/test/java/org/apache/commons/lang3/LocaleUtilsTest_OE25Dev_lang_left_1202_1.java:[284,9] cannot find symbol
[ERROR]   symbol:   method assertLocaleLookupList(java.util.Locale,java.util.Locale,java.util.Locale[])
[ERROR]   location: class org.apache.commons.lang3.LocaleUtilsTest_OE25Dev_lang_left_1202_1
[ERROR] /home/tasfia/Desktop/OE25-DEV/projects_decomposed/commons-lang3/src/test/java/org/apache/commons/lang3/LocaleUtilsTest_OE25Dev_lang_left_1202_1.java:[289,9] cannot find symbol
[ERROR]   symbol:   method assertLocaleLookupList(java.util.Locale,java.util.Locale,java.util.Locale[])
[ERROR]   location: class org.apache.commons.lang3.LocaleUtilsTest_OE25Dev_lang_left_1202_1
[ERROR] /home/tasfia/Desktop/OE25-DEV/projects_decomposed/commons-lang3/src/test/java/org/apache/commons/lang3/LocaleUtilsTest_OE25Dev_lang_left_1202_1.java:[295,9] cannot find symbol
[ERROR]   symbol:   method assertLocaleLookupList(java.util.Locale,java.util.Locale,java.util.Locale[])
[ERROR]   location: class org.apache.commons.lang3.LocaleUtilsTest_OE25Dev_lang_left_1202_1
[ERROR] /home/tasfia/Desktop/OE25-DEV/projects_decomposed/commons-lang3/src/test/java/org/apache/commons/lang3/LocaleUtilsTest_OE25Dev_lang_left_1202_1.java:[301,9] cannot find symbol
[ERROR]   symbol:   method assertLocaleLookupList(java.util.Locale,java.util.Locale,java.util.Locale[])
[ERROR]   location: class org.apache.commons.lang3.LocaleUtilsTest_OE25Dev_lang_left_1202_1
[ERROR] -> [Help 1]
[ERROR] 
[ERROR] To see the full stack trace of the errors, re-run Maven with the -e switch.
[ERROR] Re-run Maven using the -X switch to enable full debug logging.
[ERROR] 
[ERROR] For more information about the errors and possible solutions, please read the following articles:
[ERROR] [Help 1] http://cwiki.apache.org/confluence/display/MAVEN/MojoFailureException
