[ERROR] COMPILATION ERROR : 
[ERROR] /home/tasfia/Desktop/OE25-DEV/projects_decomposed/commons-lang3/src/test/java/org/apache/commons/lang3/builder/HashCodeBuilderAndEqualsBuilderTest_OE25Dev_lang_left_2286_1.java:[35,9] cannot find symbol
  symbol:   method assertEqualsAndHashCodeContract(java.lang.Integer,java.lang.Integer,boolean)
  location: class org.apache.commons.lang3.builder.HashCodeBuilderAndEqualsBuilderTest_OE25Dev_lang_left_2286_1
[ERROR] /home/tasfia/Desktop/OE25-DEV/projects_decomposed/commons-lang3/src/test/java/org/apache/commons/lang3/builder/HashCodeBuilderAndEqualsBuilderTest_OE25Dev_lang_left_2286_1.java:[59,9] cannot find symbol
  symbol:   method assertEqualsAndHashCodeContract(org.apache.commons.lang3.builder.HashCodeBuilderAndEqualsBuilderTest_OE25Dev_lang_left_2286_1.TestFixture,org.apache.commons.lang3.builder.HashCodeBuilderAndEqualsBuilderTest_OE25Dev_lang_left_2286_1.TestFixture,boolean)
  location: class org.apache.commons.lang3.builder.HashCodeBuilderAndEqualsBuilderTest_OE25Dev_lang_left_2286_1
[ERROR] /home/tasfia/Desktop/OE25-DEV/projects_decomposed/commons-lang3/src/test/java/org/apache/commons/lang3/builder/HashCodeBuilderAndEqualsBuilderTest_OE25Dev_lang_left_2286_1.java:[60,9] cannot find symbol
  symbol:   method assertEqualsAndHashCodeContract(org.apache.commons.lang3.builder.HashCodeBuilderAndEqualsBuilderTest_OE25Dev_lang_left_2286_1.AllTransientFixture,org.apache.commons.lang3.builder.HashCodeBuilderAndEqualsBuilderTest_OE25Dev_lang_left_2286_1.AllTransientFixture,boolean)
  location: class org.apache.commons.lang3.builder.HashCodeBuilderAndEqualsBuilderTest_OE25Dev_lang_left_2286_1
[ERROR] /home/tasfia/Desktop/OE25-DEV/projects_decomposed/commons-lang3/src/test/java/org/apache/commons/lang3/builder/HashCodeBuilderAndEqualsBuilderTest_OE25Dev_lang_left_2286_1.java:[64,9] cannot find symbol
  symbol:   method assertEqualsAndHashCodeContract(org.apache.commons.lang3.builder.HashCodeBuilderAndEqualsBuilderTest_OE25Dev_lang_left_2286_1.SubTestFixture,org.apache.commons.lang3.builder.HashCodeBuilderAndEqualsBuilderTest_OE25Dev_lang_left_2286_1.SubTestFixture,boolean)
  location: class org.apache.commons.lang3.builder.HashCodeBuilderAndEqualsBuilderTest_OE25Dev_lang_left_2286_1
[ERROR] /home/tasfia/Desktop/OE25-DEV/projects_decomposed/commons-lang3/src/test/java/org/apache/commons/lang3/builder/HashCodeBuilderAndEqualsBuilderTest_OE25Dev_lang_left_2286_1.java:[68,9] cannot find symbol
  symbol:   method assertEqualsAndHashCodeContract(org.apache.commons.lang3.builder.HashCodeBuilderAndEqualsBuilderTest_OE25Dev_lang_left_2286_1.SubAllTransientFixture,org.apache.commons.lang3.builder.HashCodeBuilderAndEqualsBuilderTest_OE25Dev_lang_left_2286_1.SubAllTransientFixture,boolean)
  location: class org.apache.commons.lang3.builder.HashCodeBuilderAndEqualsBuilderTest_OE25Dev_lang_left_2286_1
[ERROR] Failed to execute goal org.apache.maven.plugins:maven-compiler-plugin:3.8.1:testCompile (default-testCompile) on project commons-lang3: Compilation failure: Compilation failure: 
[ERROR] /home/tasfia/Desktop/OE25-DEV/projects_decomposed/commons-lang3/src/test/java/org/apache/commons/lang3/builder/HashCodeBuilderAndEqualsBuilderTest_OE25Dev_lang_left_2286_1.java:[35,9] cannot find symbol
[ERROR]   symbol:   method assertEqualsAndHashCodeContract(java.lang.Integer,java.lang.Integer,boolean)
[ERROR]   location: class org.apache.commons.lang3.builder.HashCodeBuilderAndEqualsBuilderTest_OE25Dev_lang_left_2286_1
[ERROR] /home/tasfia/Desktop/OE25-DEV/projects_decomposed/commons-lang3/src/test/java/org/apache/commons/lang3/builder/HashCodeBuilderAndEqualsBuilderTest_OE25Dev_lang_left_2286_1.java:[59,9] cannot find symbol
[ERROR]   symbol:   method assertEqualsAndHashCodeContract(org.apache.commons.lang3.builder.HashCodeBuilderAndEqualsBuilderTest_OE25Dev_lang_left_2286_1.TestFixture,org.apache.commons.lang3.builder.HashCodeBuilderAndEqualsBuilderTest_OE25Dev_lang_left_2286_1.TestFixture,boolean)
[ERROR]   location: class org.apache.commons.lang3.builder.HashCodeBuilderAndEqualsBuilderTest_OE25Dev_lang_left_2286_1
[ERROR] /home/tasfia/Desktop/OE25-DEV/projects_decomposed/commons-lang3/src/test/java/org/apache/commons/lang3/builder/HashCodeBuilderAndEqualsBuilderTest_OE25Dev_lang_left_2286_1.java:[60,9] cannot find symbol
[ERROR]   symbol:   method assertEqualsAndHashCodeContract(org.apache.commons.lang3.builder.HashCodeBuilderAndEqualsBuilderTest_OE25Dev_lang_left_2286_1.AllTransientFixture,org.apache.commons.lang3.builder.HashCodeBuilderAndEqualsBuilderTest_OE25Dev_lang_left_2286_1.AllTransientFixture,boolean)
[ERROR]   location: class org.apache.commons.lang3.builder.HashCodeBuilderAndEqualsBuilderTest_OE25Dev_lang_left_2286_1
[ERROR] /home/tasfia/Desktop/OE25-DEV/projects_decomposed/commons-lang3/src/test/java/org/apache/commons/lang3/builder/HashCodeBuilderAndEqualsBuilderTest_OE25Dev_lang_left_2286_1.java:[64,9] cannot find symbol
[ERROR]   symbol:   method assertEqualsAndHashCodeContract(org.apache.commons.lang3.builder.HashCodeBuilderAndEqualsBuilderTest_OE25Dev_lang_left_2286_1.SubTestFixture,org.apache.commons.lang3.builder.HashCodeBuilderAndEqualsBuilderTest_OE25Dev_lang_left_2286_1.SubTestFixture,boolean)
[ERROR]   location: class org.apache.commons.lang3.builder.HashCodeBuilderAndEqualsBuilderTest_OE25Dev_lang_left_2286_1
[ERROR] /home/tasfia/Desktop/OE25-DEV/projects_decomposed/commons-lang3/src/test/java/org/apache/commons/lang3/builder/HashCodeBuilderAndEqualsBuilderTest_OE25Dev_lang_left_2286_1.java:[68,9] cannot find symbol
[ERROR]   symbol:   method assertEqualsAndHashCodeContract(org.apache.commons.lang3.builder.HashCodeBuilderAndEqualsBuilderTest_OE25Dev_lang_left_2286_1.SubAllTransientFixture,org.apache.commons.lang3.builder.HashCodeBuilderAndEqualsBuilderTest_OE25Dev_lang_left_2286_1.SubAllTransientFixture,boolean)
[ERROR]   location: class org.apache.commons.lang3.builder.HashCodeBuilderAndEqualsBuilderTest_OE25Dev_lang_left_2286_1
[ERROR] -> [Help 1]
[ERROR] 
[ERROR] To see the full stack trace of the errors, re-run Maven with the -e switch.
[ERROR] Re-run Maven using the -X switch to enable full debug logging.
[ERROR] 
[ERROR] For more information about the errors and possible solutions, please read the following articles:
[ERROR] [Help 1] http://cwiki.apache.org/confluence/display/MAVEN/MojoFailureException
