began at: 2026-01-12 06:00:47
Picked up _JAVA_OPTIONS: -Djava.io.tmpdir=/sfs/weka/scratch/wxw9rr/tmp
[INFO] Scanning for projects...
[INFO] 
[INFO] ------------------------< joda-time:joda-time >-------------------------
[INFO] Building Joda-Time 2.11.2
[INFO]   from pom.xml
[INFO] --------------------------------[ jar ]---------------------------------
[INFO] 
[INFO] --- clean:3.2.0:clean (default-clean) @ joda-time ---
[INFO] Deleting /sfs/weka/scratch/wxw9rr/artifact/RQ3/OE25-DEV/joda-time/target
[INFO] 
[INFO] --- enforcer:3.1.0:enforce (enforce-maven) @ joda-time ---
[INFO] 
[INFO] --- resources:3.3.0:resources (default-resources) @ joda-time ---
[INFO] Copying 2 resources to META-INF
[INFO] Copying 18 resources
[INFO] 
[INFO] --- compiler:3.10.1:compile (default-compile) @ joda-time ---
[WARNING] Parameter 'optimize' (user property 'maven.compiler.optimize') is deprecated: This property is a no-op in {@code javac}.
[INFO] Changes detected - recompiling the module!
[INFO] Compiling 166 source files to /sfs/weka/scratch/wxw9rr/artifact/RQ3/OE25-DEV/joda-time/target/classes
[INFO] 
[INFO] --- exec:3.1.0:java (compile-tzdb) @ joda-time ---
Writing zoneinfo files
Fixed negative save values for rule 'Morocco'
Fixed negative save values for rule 'Morocco'
Fixed negative save values for rule 'Morocco'
Fixed negative save values for rule 'Morocco'
Fixed negative save values for rule 'Morocco'
Fixed negative save values for rule 'Namibia'
Fixed negative save values for rule 'Eire'
Writing ZoneInfoMap
[INFO] 
[INFO] --- resources:3.3.0:testResources (default-testResources) @ joda-time ---
[INFO] Copying 35 resources
[INFO] 
[INFO] --- compiler:3.10.1:testCompile (default-testCompile) @ joda-time ---
[WARNING] Parameter 'optimize' (user property 'maven.compiler.optimize') is deprecated: This property is a no-op in {@code javac}.
[INFO] Changes detected - recompiling the module!
[INFO] Compiling 159 source files to /sfs/weka/scratch/wxw9rr/artifact/RQ3/OE25-DEV/joda-time/target/test-classes
[INFO] 
[INFO] --- surefire:2.21.0:test (default-test) @ joda-time ---
[INFO] 
[INFO] -------------------------------------------------------
[INFO]  T E S T S
[INFO] -------------------------------------------------------
[INFO] Running org.joda.time.TestLocalDateTime_Properties
[INFO] Tests run: 60, Failures: 0, Errors: 0, Skipped: 0, Time elapsed: 0.049 s - in org.joda.time.TestLocalDateTime_Properties
[INFO] Running org.joda.time.TestDateTime_Constructors
[INFO] Tests run: 63, Failures: 0, Errors: 0, Skipped: 0, Time elapsed: 0.014 s - in org.joda.time.TestDateTime_Constructors
[INFO] Running org.joda.time.TestMutableInterval_Basics
[INFO] Tests run: 27, Failures: 0, Errors: 0, Skipped: 0, Time elapsed: 0.013 s - in org.joda.time.TestMutableInterval_Basics
[INFO] Running org.joda.time.convert.TestReadablePartialConverter
[INFO] Tests run: 6, Failures: 0, Errors: 0, Skipped: 0, Time elapsed: 0 s - in org.joda.time.convert.TestReadablePartialConverter
[INFO] Running org.joda.time.convert.TestCalendarConverter
[INFO] Tests run: 8, Failures: 0, Errors: 0, Skipped: 0, Time elapsed: 0.013 s - in org.joda.time.convert.TestCalendarConverter
[INFO] Running org.joda.time.convert.TestReadablePeriodConverter
[INFO] Tests run: 5, Failures: 0, Errors: 0, Skipped: 0, Time elapsed: 0 s - in org.joda.time.convert.TestReadablePeriodConverter
[INFO] Running org.joda.time.convert.TestNullConverter
[INFO] Tests run: 13, Failures: 0, Errors: 0, Skipped: 0, Time elapsed: 0 s - in org.joda.time.convert.TestNullConverter
[INFO] Running org.joda.time.convert.TestConverterSet
[INFO] Tests run: 9, Failures: 0, Errors: 0, Skipped: 0, Time elapsed: 0 s - in org.joda.time.convert.TestConverterSet
[INFO] Running org.joda.time.convert.TestStringConverter
[INFO] Tests run: 42, Failures: 0, Errors: 0, Skipped: 0, Time elapsed: 0.004 s - in org.joda.time.convert.TestStringConverter
[INFO] Running org.joda.time.convert.TestDateConverter
[INFO] Tests run: 7, Failures: 0, Errors: 0, Skipped: 0, Time elapsed: 0 s - in org.joda.time.convert.TestDateConverter
[INFO] Running org.joda.time.convert.TestReadableInstantConverter
[INFO] Tests run: 8, Failures: 0, Errors: 0, Skipped: 0, Time elapsed: 0 s - in org.joda.time.convert.TestReadableInstantConverter
[INFO] Running org.joda.time.convert.TestReadableIntervalConverter
[INFO] Tests run: 12, Failures: 0, Errors: 0, Skipped: 0, Time elapsed: 0.001 s - in org.joda.time.convert.TestReadableIntervalConverter
[INFO] Running org.joda.time.convert.TestLongConverter
[INFO] Tests run: 8, Failures: 0, Errors: 0, Skipped: 0, Time elapsed: 0 s - in org.joda.time.convert.TestLongConverter
[INFO] Running org.joda.time.convert.TestConverterManager
[INFO] Tests run: 63, Failures: 0, Errors: 0, Skipped: 0, Time elapsed: 0 s - in org.joda.time.convert.TestConverterManager
[INFO] Running org.joda.time.convert.TestReadableDurationConverter
[INFO] Tests run: 6, Failures: 0, Errors: 0, Skipped: 0, Time elapsed: 0 s - in org.joda.time.convert.TestReadableDurationConverter
[INFO] Running org.joda.time.TestPartial_Basics
[INFO] Tests run: 72, Failures: 0, Errors: 0, Skipped: 0, Time elapsed: 0.018 s - in org.joda.time.TestPartial_Basics
[INFO] Running org.joda.time.TestLocalDate_Basics
[INFO] Tests run: 83, Failures: 0, Errors: 0, Skipped: 0, Time elapsed: 0.025 s - in org.joda.time.TestLocalDate_Basics
[INFO] Running org.joda.time.TestDays
[INFO] Tests run: 29, Failures: 0, Errors: 0, Skipped: 0, Time elapsed: 0.003 s - in org.joda.time.TestDays
[INFO] Running org.joda.time.TestPartial_Constructors
[INFO] Tests run: 21, Failures: 0, Errors: 0, Skipped: 0, Time elapsed: 0.002 s - in org.joda.time.TestPartial_Constructors
[INFO] Running org.joda.time.TestMinutes
[INFO] Tests run: 27, Failures: 0, Errors: 0, Skipped: 0, Time elapsed: 0 s - in org.joda.time.TestMinutes
[INFO] Running org.joda.time.format.TestDateTimeFormatter
[INFO] Tests run: 76, Failures: 0, Errors: 0, Skipped: 0, Time elapsed: 0.066 s - in org.joda.time.format.TestDateTimeFormatter
[INFO] Running org.joda.time.format.TestISOPeriodFormat
[INFO] Tests run: 7, Failures: 0, Errors: 0, Skipped: 0, Time elapsed: 0 s - in org.joda.time.format.TestISOPeriodFormat
[INFO] Running org.joda.time.format.TestDateTimeFormatStyle
[INFO] Tests run: 21, Failures: 0, Errors: 0, Skipped: 0, Time elapsed: 0.013 s - in org.joda.time.format.TestDateTimeFormatStyle
[INFO] Running org.joda.time.format.TestPeriodFormatterBuilder
[INFO] Tests run: 81, Failures: 0, Errors: 0, Skipped: 0, Time elapsed: 0.004 s - in org.joda.time.format.TestPeriodFormatterBuilder
[INFO] Running org.joda.time.format.TestISOPeriodFormatParsing
[INFO] Tests run: 15, Failures: 0, Errors: 0, Skipped: 0, Time elapsed: 0 s - in org.joda.time.format.TestISOPeriodFormatParsing
[INFO] Running org.joda.time.format.TestISODateTimeFormat_Fields
[INFO] Tests run: 40, Failures: 0, Errors: 0, Skipped: 0, Time elapsed: 0 s - in org.joda.time.format.TestISODateTimeFormat_Fields
[INFO] Running org.joda.time.format.TestISODateTimeFormatParsing
[INFO] Tests run: 39, Failures: 0, Errors: 0, Skipped: 0, Time elapsed: 0.003 s - in org.joda.time.format.TestISODateTimeFormatParsing
[INFO] Running org.joda.time.format.TestISODateTimeFormat
[INFO] Tests run: 46, Failures: 0, Errors: 0, Skipped: 0, Time elapsed: 0.001 s - in org.joda.time.format.TestISODateTimeFormat
[INFO] Running org.joda.time.format.TestDateTimeFormatterBuilder
[INFO] Tests run: 57, Failures: 0, Errors: 0, Skipped: 0, Time elapsed: 0.01 s - in org.joda.time.format.TestDateTimeFormatterBuilder
[INFO] Running org.joda.time.format.TestPeriodFormatter
[INFO] Tests run: 10, Failures: 0, Errors: 0, Skipped: 0, Time elapsed: 0 s - in org.joda.time.format.TestPeriodFormatter
[INFO] Running org.joda.time.format.TestPeriodFormat
[INFO] Tests run: 76, Failures: 0, Errors: 0, Skipped: 0, Time elapsed: 0.022 s - in org.joda.time.format.TestPeriodFormat
[INFO] Running org.joda.time.format.TestTextFields
[INFO] Tests run: 5, Failures: 0, Errors: 0, Skipped: 0, Time elapsed: 0.001 s - in org.joda.time.format.TestTextFields
[INFO] Running org.joda.time.format.TestPeriodFormatParsing
[INFO] Tests run: 4, Failures: 0, Errors: 0, Skipped: 0, Time elapsed: 0 s - in org.joda.time.format.TestPeriodFormatParsing
[INFO] Running org.joda.time.format.TestDateTimeFormat
[INFO] Tests run: 65, Failures: 0, Errors: 0, Skipped: 0, Time elapsed: 0.005 s - in org.joda.time.format.TestDateTimeFormat
[INFO] Running org.joda.time.format.TestDateTimeParserBucket
[INFO] Tests run: 18, Failures: 0, Errors: 0, Skipped: 0, Time elapsed: 0.001 s - in org.joda.time.format.TestDateTimeParserBucket
[INFO] Running org.joda.time.TestPartial_Match
[INFO] Tests run: 2, Failures: 0, Errors: 0, Skipped: 0, Time elapsed: 0 s - in org.joda.time.TestPartial_Match
[INFO] Running org.joda.time.TestPeriodType
[INFO] Tests run: 40, Failures: 0, Errors: 0, Skipped: 0, Time elapsed: 0.002 s - in org.joda.time.TestPeriodType
[INFO] Running org.joda.time.TestMutableInterval_Constructors
[INFO] Tests run: 51, Failures: 0, Errors: 0, Skipped: 0, Time elapsed: 0.001 s - in org.joda.time.TestMutableInterval_Constructors
[INFO] Running org.joda.time.TestDuration_Basics
[INFO] Tests run: 67, Failures: 0, Errors: 0, Skipped: 0, Time elapsed: 0.002 s - in org.joda.time.TestDuration_Basics
[INFO] Running org.joda.time.TestYearMonth_Basics
[INFO] Tests run: 46, Failures: 0, Errors: 0, Skipped: 0, Time elapsed: 0.001 s - in org.joda.time.TestYearMonth_Basics
[INFO] Running org.joda.time.TestDurationField
[INFO] Tests run: 1, Failures: 0, Errors: 0, Skipped: 0, Time elapsed: 0 s - in org.joda.time.TestDurationField
[INFO] Running org.joda.time.TestMutableDateTime_Adds
[INFO] Tests run: 40, Failures: 0, Errors: 0, Skipped: 0, Time elapsed: 0 s - in org.joda.time.TestMutableDateTime_Adds
[INFO] Running org.joda.time.TestInstant_Basics
[INFO] Tests run: 35, Failures: 0, Errors: 0, Skipped: 0, Time elapsed: 0 s - in org.joda.time.TestInstant_Basics
[INFO] Running org.joda.time.TestPartial_Properties
[INFO] Tests run: 16, Failures: 0, Errors: 0, Skipped: 0, Time elapsed: 0 s - in org.joda.time.TestPartial_Properties
[INFO] Running org.joda.time.TestBaseSingleFieldPeriod
[INFO] Tests run: 12, Failures: 0, Errors: 0, Skipped: 0, Time elapsed: 0 s - in org.joda.time.TestBaseSingleFieldPeriod
[INFO] Running org.joda.time.TestLocalDateTime_Basics
[INFO] Tests run: 70, Failures: 0, Errors: 0, Skipped: 0, Time elapsed: 0.001 s - in org.joda.time.TestLocalDateTime_Basics
[INFO] Running org.joda.time.TestMonthDay_Constructors
[INFO] Tests run: 29, Failures: 0, Errors: 0, Skipped: 0, Time elapsed: 0 s - in org.joda.time.TestMonthDay_Constructors
[INFO] Running org.joda.time.TestYearMonth_Constructors
[INFO] Tests run: 29, Failures: 0, Errors: 0, Skipped: 0, Time elapsed: 0 s - in org.joda.time.TestYearMonth_Constructors
[INFO] Running org.joda.time.TestInterval_Constructors
[INFO] Tests run: 60, Failures: 0, Errors: 0, Skipped: 0, Time elapsed: 0.001 s - in org.joda.time.TestInterval_Constructors
[INFO] Running org.joda.time.TestMonths
[INFO] Tests run: 25, Failures: 0, Errors: 0, Skipped: 0, Time elapsed: 0 s - in org.joda.time.TestMonths
[INFO] Running org.joda.time.TestStringConvert
[INFO] Tests run: 20, Failures: 0, Errors: 0, Skipped: 0, Time elapsed: 0.022 s - in org.joda.time.TestStringConvert
[INFO] Running org.joda.time.TestSerialization
[INFO] Tests run: 27, Failures: 0, Errors: 0, Skipped: 0, Time elapsed: 0.025 s - in org.joda.time.TestSerialization
[INFO] Running org.joda.time.TestMutableDateTime_Basics
[INFO] Tests run: 37, Failures: 0, Errors: 0, Skipped: 0, Time elapsed: 0 s - in org.joda.time.TestMutableDateTime_Basics
[INFO] Running org.joda.time.TestSeconds
[INFO] Tests run: 27, Failures: 0, Errors: 0, Skipped: 0, Time elapsed: 0 s - in org.joda.time.TestSeconds
[INFO] Running org.joda.time.TestDateTime_Basics
[INFO] Tests run: 90, Failures: 0, Errors: 0, Skipped: 0, Time elapsed: 0.001 s - in org.joda.time.TestDateTime_Basics
[INFO] Running org.joda.time.TestMutableDateTime_Constructors
[INFO] Tests run: 42, Failures: 0, Errors: 0, Skipped: 0, Time elapsed: 0 s - in org.joda.time.TestMutableDateTime_Constructors
[INFO] Running org.joda.time.TestTimeOfDay_Properties
[INFO] Tests run: 34, Failures: 0, Errors: 0, Skipped: 0, Time elapsed: 0.021 s - in org.joda.time.TestTimeOfDay_Properties
[INFO] Running org.joda.time.TestDateMidnight_Constructors
[INFO] Tests run: 42, Failures: 0, Errors: 0, Skipped: 0, Time elapsed: 0 s - in org.joda.time.TestDateMidnight_Constructors
[INFO] Running org.joda.time.TestMutablePeriod_Constructors
[INFO] Tests run: 56, Failures: 0, Errors: 0, Skipped: 0, Time elapsed: 0 s - in org.joda.time.TestMutablePeriod_Constructors
[INFO] Running org.joda.time.TestDateTimeConstants
[INFO] Tests run: 6, Failures: 0, Errors: 0, Skipped: 0, Time elapsed: 0 s - in org.joda.time.TestDateTimeConstants
[INFO] Running org.joda.time.TestDateTimeFieldType
[INFO] Tests run: 24, Failures: 0, Errors: 0, Skipped: 0, Time elapsed: 0 s - in org.joda.time.TestDateTimeFieldType
[INFO] Running org.joda.time.TestDateTimeComparator
[INFO] Tests run: 42, Failures: 0, Errors: 0, Skipped: 0, Time elapsed: 0.001 s - in org.joda.time.TestDateTimeComparator
[INFO] Running org.joda.time.TestMutablePeriod_Basics
[INFO] Tests run: 11, Failures: 0, Errors: 0, Skipped: 0, Time elapsed: 0.001 s - in org.joda.time.TestMutablePeriod_Basics
[INFO] Running org.joda.time.TestLocalTime_Properties
[INFO] Tests run: 39, Failures: 0, Errors: 0, Skipped: 0, Time elapsed: 0 s - in org.joda.time.TestLocalTime_Properties
[INFO] Running org.joda.time.TestIllegalFieldValueException
[INFO] Tests run: 8, Failures: 0, Errors: 0, Skipped: 0, Time elapsed: 0 s - in org.joda.time.TestIllegalFieldValueException
[INFO] Running org.joda.time.TestAbstractPartial
[INFO] Tests run: 6, Failures: 0, Errors: 0, Skipped: 0, Time elapsed: 0 s - in org.joda.time.TestAbstractPartial
[INFO] Running org.joda.time.TestTimeOfDay_Basics
[INFO] Tests run: 52, Failures: 0, Errors: 0, Skipped: 0, Time elapsed: 0 s - in org.joda.time.TestTimeOfDay_Basics
[INFO] Running org.joda.time.TestDateTimeUtils
[INFO] Tests run: 24, Failures: 0, Errors: 0, Skipped: 0, Time elapsed: 0 s - in org.joda.time.TestDateTimeUtils
[INFO] Running org.joda.time.TestYearMonth_Properties
[INFO] Tests run: 18, Failures: 0, Errors: 0, Skipped: 0, Time elapsed: 0 s - in org.joda.time.TestYearMonth_Properties
[INFO] Running org.joda.time.TestBasePartial
[INFO] Tests run: 1, Failures: 0, Errors: 0, Skipped: 0, Time elapsed: 0 s - in org.joda.time.TestBasePartial
[INFO] Running org.joda.time.TestMinMaxLong
[INFO] Tests run: 13, Failures: 0, Errors: 0, Skipped: 0, Time elapsed: 0 s - in org.joda.time.TestMinMaxLong
[INFO] Running org.joda.time.field.TestOffsetDateTimeField
[INFO] Tests run: 51, Failures: 0, Errors: 0, Skipped: 0, Time elapsed: 0 s - in org.joda.time.field.TestOffsetDateTimeField
[INFO] Running org.joda.time.field.TestScaledDurationField
[INFO] Tests run: 24, Failures: 0, Errors: 0, Skipped: 0, Time elapsed: 0 s - in org.joda.time.field.TestScaledDurationField
[INFO] Running org.joda.time.field.TestBaseDateTimeField
[INFO] Tests run: 48, Failures: 0, Errors: 0, Skipped: 0, Time elapsed: 0 s - in org.joda.time.field.TestBaseDateTimeField
[INFO] Running org.joda.time.field.TestPreciseDurationDateTimeField
[INFO] Tests run: 49, Failures: 0, Errors: 0, Skipped: 0, Time elapsed: 0.002 s - in org.joda.time.field.TestPreciseDurationDateTimeField
[INFO] Running org.joda.time.field.TestPreciseDurationField
[INFO] Tests run: 23, Failures: 0, Errors: 0, Skipped: 0, Time elapsed: 0 s - in org.joda.time.field.TestPreciseDurationField
[INFO] Running org.joda.time.field.TestMillisDurationField
[INFO] Tests run: 20, Failures: 0, Errors: 0, Skipped: 0, Time elapsed: 0 s - in org.joda.time.field.TestMillisDurationField
[INFO] Running org.joda.time.field.TestPreciseDateTimeField
[INFO] Tests run: 49, Failures: 0, Errors: 0, Skipped: 0, Time elapsed: 0 s - in org.joda.time.field.TestPreciseDateTimeField
[INFO] Running org.joda.time.field.TestUnsupportedDateTimeField
[INFO] Tests run: 8, Failures: 0, Errors: 0, Skipped: 0, Time elapsed: 0 s - in org.joda.time.field.TestUnsupportedDateTimeField
[INFO] Running org.joda.time.field.TestFieldUtils
[INFO] Tests run: 7, Failures: 0, Errors: 0, Skipped: 0, Time elapsed: 0 s - in org.joda.time.field.TestFieldUtils
[INFO] Running org.joda.time.TestMutableInterval_Updates
[INFO] Tests run: 37, Failures: 0, Errors: 0, Skipped: 0, Time elapsed: 0 s - in org.joda.time.TestMutableInterval_Updates
[INFO] Running org.joda.time.TestInterval_Basics
[INFO] Tests run: 83, Failures: 0, Errors: 0, Skipped: 0, Time elapsed: 0.001 s - in org.joda.time.TestInterval_Basics
[INFO] Running org.joda.time.TestLocalTime_Basics
[INFO] Tests run: 50, Failures: 0, Errors: 0, Skipped: 0, Time elapsed: 0 s - in org.joda.time.TestLocalTime_Basics
[INFO] Running org.joda.time.TestDurationFieldType
[INFO] Tests run: 13, Failures: 0, Errors: 0, Skipped: 0, Time elapsed: 0 s - in org.joda.time.TestDurationFieldType
[INFO] Running org.joda.time.TestLocalDate_Constructors
[INFO] Tests run: 54, Failures: 0, Errors: 0, Skipped: 0, Time elapsed: 0 s - in org.joda.time.TestLocalDate_Constructors
[INFO] Running org.joda.time.TestYears
[INFO] Tests run: 21, Failures: 0, Errors: 0, Skipped: 0, Time elapsed: 0 s - in org.joda.time.TestYears
[INFO] Running org.joda.time.TestLocalDate_Properties
[INFO] Tests run: 27, Failures: 0, Errors: 0, Skipped: 0, Time elapsed: 0 s - in org.joda.time.TestLocalDate_Properties
[INFO] Running org.joda.time.TestYearMonthDay_Basics
[INFO] Tests run: 62, Failures: 0, Errors: 0, Skipped: 0, Time elapsed: 0 s - in org.joda.time.TestYearMonthDay_Basics
[INFO] Running org.joda.time.TestWeeks
[INFO] Tests run: 27, Failures: 0, Errors: 0, Skipped: 0, Time elapsed: 0 s - in org.joda.time.TestWeeks
[INFO] Running org.joda.time.chrono.TestGregorianChronology
[INFO] Tests run: 14, Failures: 0, Errors: 0, Skipped: 0, Time elapsed: 0.001 s - in org.joda.time.chrono.TestGregorianChronology
[INFO] Running org.joda.time.chrono.TestGJChronology
[INFO] Tests run: 29, Failures: 0, Errors: 0, Skipped: 0, Time elapsed: 0.02 s - in org.joda.time.chrono.TestGJChronology
[INFO] Running org.joda.time.chrono.TestJulianChronology
[INFO] Tests run: 13, Failures: 0, Errors: 0, Skipped: 0, Time elapsed: 0 s - in org.joda.time.chrono.TestJulianChronology
[INFO] Running org.joda.time.chrono.TestCopticChronology

TestCopticChronology.testCalendar
[INFO] Tests run: 19, Failures: 0, Errors: 0, Skipped: 0, Time elapsed: 0.155 s - in org.joda.time.chrono.TestCopticChronology
[INFO] Running org.joda.time.chrono.TestISOChronology
[INFO] Tests run: 19, Failures: 0, Errors: 0, Skipped: 0, Time elapsed: 0.008 s - in org.joda.time.chrono.TestISOChronology
[INFO] Running org.joda.time.chrono.TestLenientChronology
[INFO] Tests run: 10, Failures: 0, Errors: 0, Skipped: 0, Time elapsed: 0 s - in org.joda.time.chrono.TestLenientChronology
[INFO] Running org.joda.time.chrono.TestGJDate
[INFO] Tests run: 13, Failures: 0, Errors: 0, Skipped: 0, Time elapsed: 0 s - in org.joda.time.chrono.TestGJDate
[INFO] Running org.joda.time.chrono.TestBuddhistChronology

TestBuddhistChronology.testCalendar
[INFO] Tests run: 14, Failures: 0, Errors: 0, Skipped: 0, Time elapsed: 0.231 s - in org.joda.time.chrono.TestBuddhistChronology
[INFO] Running org.joda.time.chrono.TestEthiopicChronology

TestEthiopicChronology.testCalendar
[INFO] Tests run: 19, Failures: 0, Errors: 0, Skipped: 0, Time elapsed: 0.152 s - in org.joda.time.chrono.TestEthiopicChronology
[INFO] Running org.joda.time.chrono.TestIslamicChronology

TestIslamicChronology.testCalendar
[INFO] Tests run: 22, Failures: 0, Errors: 0, Skipped: 0, Time elapsed: 0.292 s - in org.joda.time.chrono.TestIslamicChronology
[INFO] Running org.joda.time.TestYearMonthDay_Properties
[INFO] Tests run: 27, Failures: 0, Errors: 0, Skipped: 0, Time elapsed: 0 s - in org.joda.time.TestYearMonthDay_Properties
[INFO] Running org.joda.time.TestChronology
[INFO] Tests run: 7, Failures: 0, Errors: 0, Skipped: 0, Time elapsed: 0 s - in org.joda.time.TestChronology
[INFO] Running org.joda.time.TestPeriod_Basics
[INFO] Tests run: 81, Failures: 0, Errors: 0, Skipped: 0, Time elapsed: 0 s - in org.joda.time.TestPeriod_Basics
[INFO] Running org.joda.time.TestPeriod_Constructors
[INFO] Tests run: 108, Failures: 0, Errors: 0, Skipped: 0, Time elapsed: 0.001 s - in org.joda.time.TestPeriod_Constructors
[INFO] Running org.joda.time.TestLocalDateTime_Constructors
[INFO] Tests run: 57, Failures: 0, Errors: 0, Skipped: 0, Time elapsed: 0.001 s - in org.joda.time.TestLocalDateTime_Constructors
[INFO] Running org.joda.time.tz.TestCachedDateTimeZone
[INFO] Tests run: 2, Failures: 0, Errors: 0, Skipped: 0, Time elapsed: 0 s - in org.joda.time.tz.TestCachedDateTimeZone
[INFO] Running org.joda.time.tz.TestFixedDateTimeZone
[INFO] Tests run: 4, Failures: 0, Errors: 0, Skipped: 0, Time elapsed: 0 s - in org.joda.time.tz.TestFixedDateTimeZone
[INFO] Running org.joda.time.tz.TestZoneInfoCompiler
Unknown line: XYC5w.9eA}*U
[INFO] Tests run: 9, Failures: 0, Errors: 0, Skipped: 0, Time elapsed: 0 s - in org.joda.time.tz.TestZoneInfoCompiler
[INFO] Running org.joda.time.tz.TestUTCProvider
[INFO] Tests run: 3, Failures: 0, Errors: 0, Skipped: 0, Time elapsed: 0 s - in org.joda.time.tz.TestUTCProvider
[INFO] Running org.joda.time.tz.TestCompiler
Writing zoneinfo files
Writing ZoneInfoMap
[INFO] Tests run: 12, Failures: 0, Errors: 0, Skipped: 0, Time elapsed: 0.011 s - in org.joda.time.tz.TestCompiler
[INFO] Running org.joda.time.tz.TestBuilder
[INFO] Tests run: 5, Failures: 0, Errors: 0, Skipped: 0, Time elapsed: 0.003 s - in org.joda.time.tz.TestBuilder
[INFO] Running org.joda.time.TestMutableDateTime_Sets
[INFO] Tests run: 63, Failures: 0, Errors: 0, Skipped: 0, Time elapsed: 0 s - in org.joda.time.TestMutableDateTime_Sets
[INFO] Running org.joda.time.TestDateMidnight_Basics
[INFO] Tests run: 58, Failures: 0, Errors: 0, Skipped: 0, Time elapsed: 0 s - in org.joda.time.TestDateMidnight_Basics
[INFO] Running org.joda.time.TestLocalTime_Constructors
[INFO] Tests run: 59, Failures: 0, Errors: 0, Skipped: 0, Time elapsed: 0.001 s - in org.joda.time.TestLocalTime_Constructors
[INFO] Running org.joda.time.TestInstant_Constructors
[INFO] Tests run: 16, Failures: 0, Errors: 0, Skipped: 0, Time elapsed: 0.001 s - in org.joda.time.TestInstant_Constructors
[INFO] Running org.joda.time.TestYearMonthDay_Constructors
[INFO] Tests run: 30, Failures: 0, Errors: 0, Skipped: 0, Time elapsed: 0 s - in org.joda.time.TestYearMonthDay_Constructors
[INFO] Running org.joda.time.TestHours
[INFO] Tests run: 27, Failures: 0, Errors: 0, Skipped: 0, Time elapsed: 0.001 s - in org.joda.time.TestHours
[INFO] Running org.joda.time.TestMonthDay_Basics
[INFO] Tests run: 73, Failures: 0, Errors: 0, Skipped: 0, Time elapsed: 0 s - in org.joda.time.TestMonthDay_Basics
[INFO] Running org.joda.time.TestDuration_Constructors
[INFO] Tests run: 22, Failures: 0, Errors: 0, Skipped: 0, Time elapsed: 0 s - in org.joda.time.TestDuration_Constructors
[INFO] Running org.joda.time.TestMutablePeriod_Updates
[INFO] Tests run: 77, Failures: 0, Errors: 0, Skipped: 0, Time elapsed: 0 s - in org.joda.time.TestMutablePeriod_Updates
[INFO] Running org.joda.time.TestTimeOfDay_Constructors
[INFO] Tests run: 46, Failures: 0, Errors: 0, Skipped: 0, Time elapsed: 0 s - in org.joda.time.TestTimeOfDay_Constructors
[INFO] 
[INFO] Results:
[INFO] 
[INFO] Tests run: 3882, Failures: 0, Errors: 0, Skipped: 0
[INFO] 
[INFO] ------------------------------------------------------------------------
[INFO] BUILD SUCCESS
[INFO] ------------------------------------------------------------------------
[INFO] Total time:  9.913 s
[INFO] Finished at: 2026-01-12T06:01:02-05:00
[INFO] ------------------------------------------------------------------------
ended at: 2026-01-12 06:01:02
