[INFO] Scanning for projects...
[INFO] 
[INFO] ------------------< org.apache.commons:commons-pool2 >------------------
[INFO] Building Apache Commons Pool 2.11.1
[INFO]   from pom.xml
[INFO] --------------------------------[ jar ]---------------------------------
[INFO] 
[INFO] --- clean:3.1.0:clean (default-clean) @ commons-pool2 ---
[INFO] 
[INFO] --- enforcer:3.0.0-M3:enforce (enforce-maven-version) @ commons-pool2 ---
[INFO] 
[INFO] --- enforcer:3.0.0-M3:enforce (enforce-maven-3) @ commons-pool2 ---
[INFO] 
[INFO] --- apache-rat:0.13:check (rat-check) @ commons-pool2 ---
[INFO] RAT will not execute since it is configured to be skipped via system property 'rat.skip'.
[INFO] 
[INFO] --- build-helper:3.2.0:parse-version (parse-version) @ commons-pool2 ---
[INFO] 
[INFO] --- antrun:1.8:run (javadoc.resources) @ commons-pool2 ---
[INFO] Executing tasks

main:
     [copy] Copying 2 files to /sfs/weka/scratch/wxw9rr/OE25-DEV/projects_original/commons-pool2-2.11.1-src/target/apidocs/META-INF
[INFO] Executed tasks
[INFO] 
[INFO] --- remote-resources:1.7.0:process (process-resource-bundles) @ commons-pool2 ---
[INFO] Skipping remote resources execution.
[INFO] 
[INFO] --- buildnumber:1.4:create (default) @ commons-pool2 ---
[INFO] Executing: /bin/sh -c cd '/sfs/weka/scratch/wxw9rr/OE25-DEV/projects_original/commons-pool2-2.11.1-src' && 'git' 'rev-parse' '--verify' 'HEAD'
[INFO] Working directory: /sfs/weka/scratch/wxw9rr/OE25-DEV/projects_original/commons-pool2-2.11.1-src
[INFO] Storing buildNumber: b467cf2e4e818b0489514385e833d64c6545dc91 at timestamp: 1768582120134
[INFO] Storing buildScmBranch: main
[INFO] 
[INFO] --- resources:3.1.0:resources (default-resources) @ commons-pool2 ---
[INFO] Using 'UTF-8' encoding to copy filtered resources.
[INFO] skip non existing resourceDirectory /sfs/weka/scratch/wxw9rr/OE25-DEV/projects_original/commons-pool2-2.11.1-src/src/main/resources
[INFO] Copying 2 resources to META-INF
[INFO] 
[INFO] --- compiler:3.8.1:compile (default-compile) @ commons-pool2 ---
[INFO] Changes detected - recompiling the module!
[INFO] Compiling 49 source files to /sfs/weka/scratch/wxw9rr/OE25-DEV/projects_original/commons-pool2-2.11.1-src/target/classes
[INFO] /sfs/weka/scratch/wxw9rr/OE25-DEV/projects_original/commons-pool2-2.11.1-src/src/main/java/org/apache/commons/pool2/impl/SoftReferenceObjectPool.java: Some input files use or override a deprecated API.
[INFO] /sfs/weka/scratch/wxw9rr/OE25-DEV/projects_original/commons-pool2-2.11.1-src/src/main/java/org/apache/commons/pool2/impl/SoftReferenceObjectPool.java: Recompile with -Xlint:deprecation for details.
[INFO] /sfs/weka/scratch/wxw9rr/OE25-DEV/projects_original/commons-pool2-2.11.1-src/src/main/java/org/apache/commons/pool2/impl/EvictionTimer.java: Some input files use or override a deprecated API that is marked for removal.
[INFO] /sfs/weka/scratch/wxw9rr/OE25-DEV/projects_original/commons-pool2-2.11.1-src/src/main/java/org/apache/commons/pool2/impl/EvictionTimer.java: Recompile with -Xlint:removal for details.
[INFO] 
[INFO] --- bundle:5.1.2:manifest (bundle-manifest) @ commons-pool2 ---
[INFO] 
[INFO] --- resources:3.1.0:testResources (default-testResources) @ commons-pool2 ---
[INFO] Using 'UTF-8' encoding to copy filtered resources.
[INFO] Copying 2 resources
[INFO] Copying 2 resources to META-INF
[INFO] 
[INFO] --- compiler:3.8.1:testCompile (default-testCompile) @ commons-pool2 ---
[INFO] Changes detected - recompiling the module!
[INFO] Compiling 45 source files to /sfs/weka/scratch/wxw9rr/OE25-DEV/projects_original/commons-pool2-2.11.1-src/target/test-classes
[INFO] /sfs/weka/scratch/wxw9rr/OE25-DEV/projects_original/commons-pool2-2.11.1-src/src/test/java/org/apache/commons/pool2/impl/TestDefaultPooledObject.java: Some input files use or override a deprecated API.
[INFO] /sfs/weka/scratch/wxw9rr/OE25-DEV/projects_original/commons-pool2-2.11.1-src/src/test/java/org/apache/commons/pool2/impl/TestDefaultPooledObject.java: Recompile with -Xlint:deprecation for details.
[INFO] /sfs/weka/scratch/wxw9rr/OE25-DEV/projects_original/commons-pool2-2.11.1-src/src/test/java/org/apache/commons/pool2/TestPoolUtils.java: /sfs/weka/scratch/wxw9rr/OE25-DEV/projects_original/commons-pool2-2.11.1-src/src/test/java/org/apache/commons/pool2/TestPoolUtils.java uses unchecked or unsafe operations.
[INFO] /sfs/weka/scratch/wxw9rr/OE25-DEV/projects_original/commons-pool2-2.11.1-src/src/test/java/org/apache/commons/pool2/TestPoolUtils.java: Recompile with -Xlint:unchecked for details.
[INFO] 
[INFO] --- animal-sniffer:1.20:check (checkAPIcompatibility) @ commons-pool2 ---
[INFO] Checking unresolved references to org.codehaus.mojo.signature:java18:1.0
[INFO] 
[INFO] --- surefire:3.0.0-M5:test (default-test) @ commons-pool2 ---
[INFO] 
[INFO] -------------------------------------------------------
[INFO]  T E S T S
[INFO] -------------------------------------------------------
[ERROR] Picked up _JAVA_OPTIONS: -Djava.io.tmpdir=/sfs/weka/scratch/wxw9rr/tmp
[ERROR] OpenJDK 64-Bit Server VM warning: Ignoring option --illegal-access=permit; support was removed in 17.0
[INFO] Running org.apache.commons.pool2.TestBaseKeyedPoolableObjectFactory
[INFO] Tests run: 1, Failures: 0, Errors: 0, Skipped: 0, Time elapsed: 0.193 s - in org.apache.commons.pool2.TestBaseKeyedPoolableObjectFactory
[INFO] Running org.apache.commons.pool2.TestBaseObjectPool
[INFO] Tests run: 17, Failures: 0, Errors: 0, Skipped: 0, Time elapsed: 0.021 s - in org.apache.commons.pool2.TestBaseObjectPool
[INFO] Running org.apache.commons.pool2.TestTrackedUse
[INFO] Tests run: 1, Failures: 0, Errors: 0, Skipped: 0, Time elapsed: 0.008 s - in org.apache.commons.pool2.TestTrackedUse
[INFO] Running org.apache.commons.pool2.TestBasePoolableObjectFactory
[INFO] Tests run: 2, Failures: 0, Errors: 0, Skipped: 0, Time elapsed: 0.003 s - in org.apache.commons.pool2.TestBasePoolableObjectFactory
[INFO] Running org.apache.commons.pool2.impl.TestGenericObjectPoolClassLoaders
[INFO] Tests run: 1, Failures: 0, Errors: 0, Skipped: 0, Time elapsed: 0.552 s - in org.apache.commons.pool2.impl.TestGenericObjectPoolClassLoaders
[INFO] Running org.apache.commons.pool2.impl.TestAbandonedKeyedObjectPool
[INFO] Tests run: 6, Failures: 0, Errors: 0, Skipped: 0, Time elapsed: 10.971 s - in org.apache.commons.pool2.impl.TestAbandonedKeyedObjectPool
[INFO] Running org.apache.commons.pool2.impl.TestLinkedBlockingDeque
[INFO] Tests run: 40, Failures: 0, Errors: 0, Skipped: 0, Time elapsed: 0.399 s - in org.apache.commons.pool2.impl.TestLinkedBlockingDeque
[INFO] Running org.apache.commons.pool2.impl.TestPooledSoftReference
[INFO] Tests run: 2, Failures: 0, Errors: 0, Skipped: 0, Time elapsed: 0.001 s - in org.apache.commons.pool2.impl.TestPooledSoftReference
[INFO] Running org.apache.commons.pool2.impl.TestDefaultPooledObjectInfo
[INFO] Tests run: 4, Failures: 0, Errors: 0, Skipped: 0, Time elapsed: 0.307 s - in org.apache.commons.pool2.impl.TestDefaultPooledObjectInfo
[INFO] Running org.apache.commons.pool2.impl.TestEvictionConfig
[INFO] Tests run: 3, Failures: 0, Errors: 0, Skipped: 0, Time elapsed: 0.001 s - in org.apache.commons.pool2.impl.TestEvictionConfig
[INFO] Running org.apache.commons.pool2.impl.TestGenericObjectPoolFactoryCreateFailure
[INFO] Tests run: 1, Failures: 0, Errors: 0, Skipped: 0, Time elapsed: 1.007 s - in org.apache.commons.pool2.impl.TestGenericObjectPoolFactoryCreateFailure
[INFO] Running org.apache.commons.pool2.impl.TestDefaultPooledObject
[INFO] Tests run: 4, Failures: 0, Errors: 0, Skipped: 0, Time elapsed: 3.155 s - in org.apache.commons.pool2.impl.TestDefaultPooledObject
[INFO] Running org.apache.commons.pool2.impl.TestBaseGenericObjectPool
[INFO] Tests run: 3, Failures: 0, Errors: 0, Skipped: 0, Time elapsed: 1.106 s - in org.apache.commons.pool2.impl.TestBaseGenericObjectPool
[INFO] Running org.apache.commons.pool2.impl.TestSoftReferenceObjectPool
[INFO] Tests run: 17, Failures: 0, Errors: 0, Skipped: 0, Time elapsed: 0.29 s - in org.apache.commons.pool2.impl.TestSoftReferenceObjectPool
[INFO] Running org.apache.commons.pool2.impl.TestPoolImplUtils
[INFO] Tests run: 6, Failures: 0, Errors: 0, Skipped: 0, Time elapsed: 0.002 s - in org.apache.commons.pool2.impl.TestPoolImplUtils
[INFO] Running org.apache.commons.pool2.impl.TestAbandonedObjectPool
[INFO] Tests run: 6, Failures: 0, Errors: 0, Skipped: 0, Time elapsed: 10.865 s - in org.apache.commons.pool2.impl.TestAbandonedObjectPool
[INFO] Running org.apache.commons.pool2.impl.TestGenericKeyedObjectPool
[INFO] Tests run: 70, Failures: 0, Errors: 0, Skipped: 0, Time elapsed: 169.089 s - in org.apache.commons.pool2.impl.TestGenericKeyedObjectPool
[INFO] Running org.apache.commons.pool2.impl.TestEvictionTimer
[INFO] Tests run: 1, Failures: 0, Errors: 0, Skipped: 0, Time elapsed: 0.027 s - in org.apache.commons.pool2.impl.TestEvictionTimer
[INFO] Running org.apache.commons.pool2.proxy.TestProxiedObjectPoolWithCglibProxy
[INFO] Tests run: 6, Failures: 0, Errors: 0, Skipped: 0, Time elapsed: 5.301 s - in org.apache.commons.pool2.proxy.TestProxiedObjectPoolWithCglibProxy
[INFO] Running org.apache.commons.pool2.proxy.TestProxiedKeyedObjectPoolWithJdkProxy
[INFO] Tests run: 6, Failures: 0, Errors: 0, Skipped: 0, Time elapsed: 5.031 s - in org.apache.commons.pool2.proxy.TestProxiedKeyedObjectPoolWithJdkProxy
[INFO] Running org.apache.commons.pool2.proxy.TestProxiedKeyedObjectPoolWithCglibProxy
[INFO] Tests run: 6, Failures: 0, Errors: 0, Skipped: 0, Time elapsed: 5.006 s - in org.apache.commons.pool2.proxy.TestProxiedKeyedObjectPoolWithCglibProxy
[INFO] Running org.apache.commons.pool2.proxy.TestProxiedObjectPoolWithJdkProxy
[INFO] Tests run: 6, Failures: 0, Errors: 0, Skipped: 0, Time elapsed: 5.005 s - in org.apache.commons.pool2.proxy.TestProxiedObjectPoolWithJdkProxy
[INFO] Running org.apache.commons.pool2.TestPoolUtils
[INFO] Tests run: 19, Failures: 0, Errors: 0, Skipped: 0, Time elapsed: 35.458 s - in org.apache.commons.pool2.TestPoolUtils
[INFO] 
[INFO] Results:
[INFO] 
[INFO] Tests run: 228, Failures: 0, Errors: 0, Skipped: 0
[INFO] 
[INFO] ------------------------------------------------------------------------
[INFO] BUILD SUCCESS
[INFO] ------------------------------------------------------------------------
[INFO] Total time:  04:24 min
[INFO] Finished at: 2026-01-16T11:53:03-05:00
[INFO] ------------------------------------------------------------------------
