[ERROR] Tests run: 1, Failures: 1, Errors: 0, Skipped: 0, Time elapsed: 0.053 s <<< FAILURE! - in org.jsoup.integration.ParseTest_OE25Dev
[ERROR] org.jsoup.integration.ParseTest_OE25Dev.testBaidu_oe  Time elapsed: 0.043 s  <<< FAILURE!
org.opentest4j.AssertionFailedError: expected: <<title>&#x767e;&#x5ea6;&#x4e00;&#x4e0b;&#xff0c;&#x4f60;&#x5c31;&#x77e5;&#x9053;</title>> but was: <<title>&#x767e;&#x5ea6;&#x4e00;&#x4e0b;&#xff0c;&#x4f60;&#x5c31;&#x77e5;&#x9053;      </title>>
	at org.junit.jupiter.api.AssertionFailureBuilder.build(AssertionFailureBuilder.java:151)
	at org.junit.jupiter.api.AssertionFailureBuilder.buildAndThrow(AssertionFailureBuilder.java:132)
	at org.junit.jupiter.api.AssertEquals.failNotEqual(AssertEquals.java:197)
	at org.junit.jupiter.api.AssertEquals.assertEquals(AssertEquals.java:182)
	at org.junit.jupiter.api.AssertEquals.assertEquals(AssertEquals.java:177)
	at org.junit.jupiter.api.Assertions.assertEquals(Assertions.java:1145)
	at org.jsoup.integration.ParseTest_OE25Dev.testBaidu_oe(ParseTest_OE25Dev.java:249)
	at java.lang.reflect.Method.invoke(Method.java:498)
	at java.util.ArrayList.forEach(ArrayList.java:1259)
	at java.util.ArrayList.forEach(ArrayList.java:1259)

[ERROR] Failures: 
[ERROR]   ParseTest_OE25Dev.testBaidu_oe:249 expected: <<title>&#x767e;&#x5ea6;&#x4e00;&#x4e0b;&#xff0c;&#x4f60;&#x5c31;&#x77e5;&#x9053;</title>> but was: <<title>&#x767e;&#x5ea6;&#x4e00;&#x4e0b;&#xff0c;&#x4f60;&#x5c31;&#x77e5;&#x9053;      </title>>
[ERROR] Tests run: 1, Failures: 1, Errors: 0, Skipped: 0
[ERROR] Failed to execute goal org.apache.maven.plugins:maven-surefire-plugin:3.0.0-M7:test (default-test) on project jsoup: There are test failures.
[ERROR] 
[ERROR] Please refer to /home/tasfia/Desktop/OE25-DEV/projects_decomposed/jsoup/target/surefire-reports for the individual test results.
[ERROR] Please refer to dump files (if any exist) [date].dump, [date]-jvmRun[N].dump and [date].dumpstream.
[ERROR] -> [Help 1]
[ERROR] 
[ERROR] To see the full stack trace of the errors, re-run Maven with the -e switch.
[ERROR] Re-run Maven using the -X switch to enable full debug logging.
[ERROR] 
[ERROR] For more information about the errors and possible solutions, please read the following articles:
[ERROR] [Help 1] http://cwiki.apache.org/confluence/display/MAVEN/MojoFailureException
