/sfs/weka/scratch/wxw9rr/OE25-DEV/projects_original/commons-lang3-3.12.0-src/src/main/java/org/apache/commons/lang3/mutable/package-info.java
/sfs/weka/scratch/wxw9rr/OE25-DEV/projects_original/commons-lang3-3.12.0-src/src/main/java/org/apache/commons/lang3/ArrayUtils.java
/sfs/weka/scratch/wxw9rr/OE25-DEV/projects_original/commons-lang3-3.12.0-src/src/main/java/org/apache/commons/lang3/function/FailableBiPredicate.java
/sfs/weka/scratch/wxw9rr/OE25-DEV/projects_original/commons-lang3-3.12.0-src/src/main/java/org/apache/commons/lang3/CharUtils.java
/sfs/weka/scratch/wxw9rr/OE25-DEV/projects_original/commons-lang3-3.12.0-src/src/main/java/org/apache/commons/lang3/CharSet.java
/sfs/weka/scratch/wxw9rr/OE25-DEV/projects_original/commons-lang3-3.12.0-src/src/main/java/org/apache/commons/lang3/mutable/MutableDouble.java
/sfs/weka/scratch/wxw9rr/OE25-DEV/projects_original/commons-lang3-3.12.0-src/src/main/java/org/apache/commons/lang3/time/DateParser.java
/sfs/weka/scratch/wxw9rr/OE25-DEV/projects_original/commons-lang3-3.12.0-src/src/main/java/org/apache/commons/lang3/concurrent/CircuitBreakingException.java
/sfs/weka/scratch/wxw9rr/OE25-DEV/projects_original/commons-lang3-3.12.0-src/src/main/java/org/apache/commons/lang3/function/FailableIntPredicate.java
/sfs/weka/scratch/wxw9rr/OE25-DEV/projects_original/commons-lang3-3.12.0-src/src/main/java/org/apache/commons/lang3/function/FailableIntFunction.java
/sfs/weka/scratch/wxw9rr/OE25-DEV/projects_original/commons-lang3-3.12.0-src/src/main/java/org/apache/commons/lang3/time/DurationFormatUtils.java
/sfs/weka/scratch/wxw9rr/OE25-DEV/projects_original/commons-lang3-3.12.0-src/src/main/java/org/apache/commons/lang3/AnnotationUtils.java
/sfs/weka/scratch/wxw9rr/OE25-DEV/projects_original/commons-lang3-3.12.0-src/src/main/java/org/apache/commons/lang3/time/DateUtils.java
/sfs/weka/scratch/wxw9rr/OE25-DEV/projects_original/commons-lang3-3.12.0-src/src/main/java/org/apache/commons/lang3/builder/DiffResult.java
/sfs/weka/scratch/wxw9rr/OE25-DEV/projects_original/commons-lang3-3.12.0-src/src/main/java/org/apache/commons/lang3/BitField.java
/sfs/weka/scratch/wxw9rr/OE25-DEV/projects_original/commons-lang3-3.12.0-src/src/main/java/org/apache/commons/lang3/function/FailableObjIntConsumer.java
/sfs/weka/scratch/wxw9rr/OE25-DEV/projects_original/commons-lang3-3.12.0-src/src/main/java/org/apache/commons/lang3/function/FailableToIntFunction.java
/sfs/weka/scratch/wxw9rr/OE25-DEV/projects_original/commons-lang3-3.12.0-src/src/main/java/org/apache/commons/lang3/text/translate/OctalUnescaper.java
/sfs/weka/scratch/wxw9rr/OE25-DEV/projects_original/commons-lang3-3.12.0-src/src/main/java/org/apache/commons/lang3/builder/ToStringSummary.java
/sfs/weka/scratch/wxw9rr/OE25-DEV/projects_original/commons-lang3-3.12.0-src/src/main/java/org/apache/commons/lang3/function/FailableShortSupplier.java
/sfs/weka/scratch/wxw9rr/OE25-DEV/projects_original/commons-lang3-3.12.0-src/src/main/java/org/apache/commons/lang3/builder/Builder.java
/sfs/weka/scratch/wxw9rr/OE25-DEV/projects_original/commons-lang3-3.12.0-src/src/main/java/org/apache/commons/lang3/tuple/ImmutableTriple.java
/sfs/weka/scratch/wxw9rr/OE25-DEV/projects_original/commons-lang3-3.12.0-src/src/main/java/org/apache/commons/lang3/function/FailableConsumer.java
/sfs/weka/scratch/wxw9rr/OE25-DEV/projects_original/commons-lang3-3.12.0-src/src/main/java/org/apache/commons/lang3/function/FailablePredicate.java
/sfs/weka/scratch/wxw9rr/OE25-DEV/projects_original/commons-lang3-3.12.0-src/src/main/java/org/apache/commons/lang3/function/FailableDoubleUnaryOperator.java
/sfs/weka/scratch/wxw9rr/OE25-DEV/projects_original/commons-lang3-3.12.0-src/src/main/java/org/apache/commons/lang3/mutable/Mutable.java
/sfs/weka/scratch/wxw9rr/OE25-DEV/projects_original/commons-lang3-3.12.0-src/src/main/java/org/apache/commons/lang3/event/EventListenerSupport.java
/sfs/weka/scratch/wxw9rr/OE25-DEV/projects_original/commons-lang3-3.12.0-src/src/main/java/org/apache/commons/lang3/time/GmtTimeZone.java
/sfs/weka/scratch/wxw9rr/OE25-DEV/projects_original/commons-lang3-3.12.0-src/src/main/java/org/apache/commons/lang3/time/CalendarUtils.java
/sfs/weka/scratch/wxw9rr/OE25-DEV/projects_original/commons-lang3-3.12.0-src/src/main/java/org/apache/commons/lang3/Validate.java
/sfs/weka/scratch/wxw9rr/OE25-DEV/projects_original/commons-lang3-3.12.0-src/src/main/java/org/apache/commons/lang3/tuple/package-info.java
/sfs/weka/scratch/wxw9rr/OE25-DEV/projects_original/commons-lang3-3.12.0-src/src/main/java/org/apache/commons/lang3/compare/package-info.java
/sfs/weka/scratch/wxw9rr/OE25-DEV/projects_original/commons-lang3-3.12.0-src/src/main/java/org/apache/commons/lang3/concurrent/Memoizer.java
/sfs/weka/scratch/wxw9rr/OE25-DEV/projects_original/commons-lang3-3.12.0-src/src/main/java/org/apache/commons/lang3/builder/Diffable.java
/sfs/weka/scratch/wxw9rr/OE25-DEV/projects_original/commons-lang3-3.12.0-src/src/main/java/org/apache/commons/lang3/CharRange.java
/sfs/weka/scratch/wxw9rr/OE25-DEV/projects_original/commons-lang3-3.12.0-src/src/main/java/org/apache/commons/lang3/function/FailableRunnable.java
/sfs/weka/scratch/wxw9rr/OE25-DEV/projects_original/commons-lang3-3.12.0-src/src/main/java/org/apache/commons/lang3/function/FailableLongConsumer.java
/sfs/weka/scratch/wxw9rr/OE25-DEV/projects_original/commons-lang3-3.12.0-src/src/main/java/org/apache/commons/lang3/text/StrBuilder.java
/sfs/weka/scratch/wxw9rr/OE25-DEV/projects_original/commons-lang3-3.12.0-src/src/main/java/org/apache/commons/lang3/text/translate/UnicodeUnpairedSurrogateRemover.java
/sfs/weka/scratch/wxw9rr/OE25-DEV/projects_original/commons-lang3-3.12.0-src/src/main/java/org/apache/commons/lang3/reflect/package-info.java
/sfs/weka/scratch/wxw9rr/OE25-DEV/projects_original/commons-lang3-3.12.0-src/src/main/java/org/apache/commons/lang3/text/StrMatcher.java
/sfs/weka/scratch/wxw9rr/OE25-DEV/projects_original/commons-lang3-3.12.0-src/src/main/java/org/apache/commons/lang3/math/NumberUtils.java
/sfs/weka/scratch/wxw9rr/OE25-DEV/projects_original/commons-lang3-3.12.0-src/src/main/java/org/apache/commons/lang3/text/StrSubstitutor.java
/sfs/weka/scratch/wxw9rr/OE25-DEV/projects_original/commons-lang3-3.12.0-src/src/main/java/org/apache/commons/lang3/math/IEEE754rUtils.java
/sfs/weka/scratch/wxw9rr/OE25-DEV/projects_original/commons-lang3-3.12.0-src/src/main/java/org/apache/commons/lang3/RandomStringUtils.java
/sfs/weka/scratch/wxw9rr/OE25-DEV/projects_original/commons-lang3-3.12.0-src/src/main/java/org/apache/commons/lang3/text/package-info.java
/sfs/weka/scratch/wxw9rr/OE25-DEV/projects_original/commons-lang3-3.12.0-src/src/main/java/org/apache/commons/lang3/time/DateFormatUtils.java
/sfs/weka/scratch/wxw9rr/OE25-DEV/projects_original/commons-lang3-3.12.0-src/src/main/java/org/apache/commons/lang3/time/TimeZones.java
/sfs/weka/scratch/wxw9rr/OE25-DEV/projects_original/commons-lang3-3.12.0-src/src/main/java/org/apache/commons/lang3/text/translate/CharSequenceTranslator.java
/sfs/weka/scratch/wxw9rr/OE25-DEV/projects_original/commons-lang3-3.12.0-src/src/main/java/org/apache/commons/lang3/event/EventUtils.java
/sfs/weka/scratch/wxw9rr/OE25-DEV/projects_original/commons-lang3-3.12.0-src/src/main/java/org/apache/commons/lang3/function/FailableObjDoubleConsumer.java
/sfs/weka/scratch/wxw9rr/OE25-DEV/projects_original/commons-lang3-3.12.0-src/src/main/java/org/apache/commons/lang3/text/FormatFactory.java
/sfs/weka/scratch/wxw9rr/OE25-DEV/projects_original/commons-lang3-3.12.0-src/src/main/java/org/apache/commons/lang3/text/translate/EntityArrays.java
/sfs/weka/scratch/wxw9rr/OE25-DEV/projects_original/commons-lang3-3.12.0-src/src/main/java/org/apache/commons/lang3/function/FailableToIntBiFunction.java
/sfs/weka/scratch/wxw9rr/OE25-DEV/projects_original/commons-lang3-3.12.0-src/src/main/java/org/apache/commons/lang3/time/DatePrinter.java
/sfs/weka/scratch/wxw9rr/OE25-DEV/projects_original/commons-lang3-3.12.0-src/src/main/java/org/apache/commons/lang3/mutable/MutableFloat.java
/sfs/weka/scratch/wxw9rr/OE25-DEV/projects_original/commons-lang3-3.12.0-src/src/main/java/org/apache/commons/lang3/mutable/MutableLong.java
/sfs/weka/scratch/wxw9rr/OE25-DEV/projects_original/commons-lang3-3.12.0-src/src/main/java/org/apache/commons/lang3/Streams.java
/sfs/weka/scratch/wxw9rr/OE25-DEV/projects_original/commons-lang3-3.12.0-src/src/main/java/org/apache/commons/lang3/ThreadUtils.java
/sfs/weka/scratch/wxw9rr/OE25-DEV/projects_original/commons-lang3-3.12.0-src/src/main/java/org/apache/commons/lang3/text/FormattableUtils.java
/sfs/weka/scratch/wxw9rr/OE25-DEV/projects_original/commons-lang3-3.12.0-src/src/main/java/org/apache/commons/lang3/StringUtils.java
/sfs/weka/scratch/wxw9rr/OE25-DEV/projects_original/commons-lang3-3.12.0-src/src/main/java/org/apache/commons/lang3/Charsets.java
/sfs/weka/scratch/wxw9rr/OE25-DEV/projects_original/commons-lang3-3.12.0-src/src/main/java/org/apache/commons/lang3/time/FastTimeZone.java
/sfs/weka/scratch/wxw9rr/OE25-DEV/projects_original/commons-lang3-3.12.0-src/src/main/java/org/apache/commons/lang3/tuple/Pair.java
/sfs/weka/scratch/wxw9rr/OE25-DEV/projects_original/commons-lang3-3.12.0-src/src/main/java/org/apache/commons/lang3/builder/ReflectionToStringBuilder.java
/sfs/weka/scratch/wxw9rr/OE25-DEV/projects_original/commons-lang3-3.12.0-src/src/main/java/org/apache/commons/lang3/Range.java
/sfs/weka/scratch/wxw9rr/OE25-DEV/projects_original/commons-lang3-3.12.0-src/src/main/java/org/apache/commons/lang3/package-info.java
/sfs/weka/scratch/wxw9rr/OE25-DEV/projects_original/commons-lang3-3.12.0-src/src/main/java/org/apache/commons/lang3/text/translate/UnicodeEscaper.java
/sfs/weka/scratch/wxw9rr/OE25-DEV/projects_original/commons-lang3-3.12.0-src/src/main/java/org/apache/commons/lang3/concurrent/BackgroundInitializer.java
/sfs/weka/scratch/wxw9rr/OE25-DEV/projects_original/commons-lang3-3.12.0-src/src/main/java/org/apache/commons/lang3/CharSequenceUtils.java
/sfs/weka/scratch/wxw9rr/OE25-DEV/projects_original/commons-lang3-3.12.0-src/src/main/java/org/apache/commons/lang3/function/FailableBiFunction.java
/sfs/weka/scratch/wxw9rr/OE25-DEV/projects_original/commons-lang3-3.12.0-src/src/main/java/org/apache/commons/lang3/text/ExtendedMessageFormat.java
/sfs/weka/scratch/wxw9rr/OE25-DEV/projects_original/commons-lang3-3.12.0-src/src/main/java/org/apache/commons/lang3/function/FailableBooleanSupplier.java
/sfs/weka/scratch/wxw9rr/OE25-DEV/projects_original/commons-lang3-3.12.0-src/src/main/java/org/apache/commons/lang3/function/FailableDoubleConsumer.java
/sfs/weka/scratch/wxw9rr/OE25-DEV/projects_original/commons-lang3-3.12.0-src/src/main/java/org/apache/commons/lang3/BooleanUtils.java
/sfs/weka/scratch/wxw9rr/OE25-DEV/projects_original/commons-lang3-3.12.0-src/src/main/java/org/apache/commons/lang3/function/FailableBiConsumer.java
/sfs/weka/scratch/wxw9rr/OE25-DEV/projects_original/commons-lang3-3.12.0-src/src/main/java/org/apache/commons/lang3/text/translate/UnicodeUnescaper.java
/sfs/weka/scratch/wxw9rr/OE25-DEV/projects_original/commons-lang3-3.12.0-src/src/main/java/org/apache/commons/lang3/function/FailableIntBinaryOperator.java
/sfs/weka/scratch/wxw9rr/OE25-DEV/projects_original/commons-lang3-3.12.0-src/src/main/java/org/apache/commons/lang3/builder/ReflectionDiffBuilder.java
/sfs/weka/scratch/wxw9rr/OE25-DEV/projects_original/commons-lang3-3.12.0-src/src/main/java/org/apache/commons/lang3/concurrent/ThresholdCircuitBreaker.java
/sfs/weka/scratch/wxw9rr/OE25-DEV/projects_original/commons-lang3-3.12.0-src/src/main/java/org/apache/commons/lang3/function/FailableLongPredicate.java
/sfs/weka/scratch/wxw9rr/OE25-DEV/projects_original/commons-lang3-3.12.0-src/src/main/java/org/apache/commons/lang3/NotImplementedException.java
/sfs/weka/scratch/wxw9rr/OE25-DEV/projects_original/commons-lang3-3.12.0-src/src/main/java/org/apache/commons/lang3/reflect/InheritanceUtils.java
/sfs/weka/scratch/wxw9rr/OE25-DEV/projects_original/commons-lang3-3.12.0-src/src/main/java/org/apache/commons/lang3/text/translate/NumericEntityEscaper.java
/sfs/weka/scratch/wxw9rr/OE25-DEV/projects_original/commons-lang3-3.12.0-src/src/main/java/org/apache/commons/lang3/concurrent/AtomicSafeInitializer.java
/sfs/weka/scratch/wxw9rr/OE25-DEV/projects_original/commons-lang3-3.12.0-src/src/main/java/org/apache/commons/lang3/event/package-info.java
/sfs/weka/scratch/wxw9rr/OE25-DEV/projects_original/commons-lang3-3.12.0-src/src/main/java/org/apache/commons/lang3/function/FailableDoubleSupplier.java
/sfs/weka/scratch/wxw9rr/OE25-DEV/projects_original/commons-lang3-3.12.0-src/src/main/java/org/apache/commons/lang3/function/FailableToLongFunction.java
/sfs/weka/scratch/wxw9rr/OE25-DEV/projects_original/commons-lang3-3.12.0-src/src/main/java/org/apache/commons/lang3/CharSetUtils.java
/sfs/weka/scratch/wxw9rr/OE25-DEV/projects_original/commons-lang3-3.12.0-src/src/main/java/org/apache/commons/lang3/ClassLoaderUtils.java
/sfs/weka/scratch/wxw9rr/OE25-DEV/projects_original/commons-lang3-3.12.0-src/src/main/java/org/apache/commons/lang3/function/FailableSupplier.java
/sfs/weka/scratch/wxw9rr/OE25-DEV/projects_original/commons-lang3-3.12.0-src/src/main/java/org/apache/commons/lang3/function/FailableIntUnaryOperator.java
/sfs/weka/scratch/wxw9rr/OE25-DEV/projects_original/commons-lang3-3.12.0-src/src/main/java/org/apache/commons/lang3/exception/ContextedRuntimeException.java
/sfs/weka/scratch/wxw9rr/OE25-DEV/projects_original/commons-lang3-3.12.0-src/src/main/java/org/apache/commons/lang3/function/Failable.java
/sfs/weka/scratch/wxw9rr/OE25-DEV/projects_original/commons-lang3-3.12.0-src/src/main/java/org/apache/commons/lang3/concurrent/BasicThreadFactory.java
/sfs/weka/scratch/wxw9rr/OE25-DEV/projects_original/commons-lang3-3.12.0-src/src/main/java/org/apache/commons/lang3/SerializationException.java
/sfs/weka/scratch/wxw9rr/OE25-DEV/projects_original/commons-lang3-3.12.0-src/src/main/java/org/apache/commons/lang3/mutable/MutableShort.java
/sfs/weka/scratch/wxw9rr/OE25-DEV/projects_original/commons-lang3-3.12.0-src/src/main/java/org/apache/commons/lang3/RandomUtils.java
/sfs/weka/scratch/wxw9rr/OE25-DEV/projects_original/commons-lang3-3.12.0-src/src/main/java/org/apache/commons/lang3/concurrent/Computable.java
/sfs/weka/scratch/wxw9rr/OE25-DEV/projects_original/commons-lang3-3.12.0-src/src/main/java/org/apache/commons/lang3/reflect/TypeUtils.java
/sfs/weka/scratch/wxw9rr/OE25-DEV/projects_original/commons-lang3-3.12.0-src/src/main/java/org/apache/commons/lang3/compare/ComparableUtils.java
/sfs/weka/scratch/wxw9rr/OE25-DEV/projects_original/commons-lang3-3.12.0-src/src/main/java/org/apache/commons/lang3/function/FailableLongToDoubleFunction.java
/sfs/weka/scratch/wxw9rr/OE25-DEV/projects_original/commons-lang3-3.12.0-src/src/main/java/org/apache/commons/lang3/function/FailableDoubleBinaryOperator.java
/sfs/weka/scratch/wxw9rr/OE25-DEV/projects_original/commons-lang3-3.12.0-src/src/main/java/org/apache/commons/lang3/reflect/MethodUtils.java
/sfs/weka/scratch/wxw9rr/OE25-DEV/projects_original/commons-lang3-3.12.0-src/src/main/java/org/apache/commons/lang3/function/FailableCallable.java
/sfs/weka/scratch/wxw9rr/OE25-DEV/projects_original/commons-lang3-3.12.0-src/src/main/java/org/apache/commons/lang3/concurrent/AbstractCircuitBreaker.java
/sfs/weka/scratch/wxw9rr/OE25-DEV/projects_original/commons-lang3-3.12.0-src/src/main/java/org/apache/commons/lang3/exception/ExceptionUtils.java
/sfs/weka/scratch/wxw9rr/OE25-DEV/projects_original/commons-lang3-3.12.0-src/src/main/java/org/apache/commons/lang3/builder/ToStringStyle.java
/sfs/weka/scratch/wxw9rr/OE25-DEV/projects_original/commons-lang3-3.12.0-src/src/main/java/org/apache/commons/lang3/function/FailableToLongBiFunction.java
/sfs/weka/scratch/wxw9rr/OE25-DEV/projects_original/commons-lang3-3.12.0-src/src/main/java/org/apache/commons/lang3/builder/EqualsExclude.java
/sfs/weka/scratch/wxw9rr/OE25-DEV/projects_original/commons-lang3-3.12.0-src/src/main/java/org/apache/commons/lang3/LocaleUtils.java
/sfs/weka/scratch/wxw9rr/OE25-DEV/projects_original/commons-lang3-3.12.0-src/src/main/java/org/apache/commons/lang3/text/translate/JavaUnicodeEscaper.java
/sfs/weka/scratch/wxw9rr/OE25-DEV/projects_original/commons-lang3-3.12.0-src/src/main/java/org/apache/commons/lang3/SerializationUtils.java
/sfs/weka/scratch/wxw9rr/OE25-DEV/projects_original/commons-lang3-3.12.0-src/src/main/java/org/apache/commons/lang3/stream/Streams.java
/sfs/weka/scratch/wxw9rr/OE25-DEV/projects_original/commons-lang3-3.12.0-src/src/main/java/org/apache/commons/lang3/SystemUtils.java
/sfs/weka/scratch/wxw9rr/OE25-DEV/projects_original/commons-lang3-3.12.0-src/src/main/java/org/apache/commons/lang3/math/Fraction.java
/sfs/weka/scratch/wxw9rr/OE25-DEV/projects_original/commons-lang3-3.12.0-src/src/main/java/org/apache/commons/lang3/function/TriFunction.java
/sfs/weka/scratch/wxw9rr/OE25-DEV/projects_original/commons-lang3-3.12.0-src/src/main/java/org/apache/commons/lang3/ClassPathUtils.java
/sfs/weka/scratch/wxw9rr/OE25-DEV/projects_original/commons-lang3-3.12.0-src/src/main/java/org/apache/commons/lang3/text/StrLookup.java
/sfs/weka/scratch/wxw9rr/OE25-DEV/projects_original/commons-lang3-3.12.0-src/src/main/java/org/apache/commons/lang3/text/CompositeFormat.java
/sfs/weka/scratch/wxw9rr/OE25-DEV/projects_original/commons-lang3-3.12.0-src/src/main/java/org/apache/commons/lang3/builder/CompareToBuilder.java
/sfs/weka/scratch/wxw9rr/OE25-DEV/projects_original/commons-lang3-3.12.0-src/src/main/java/org/apache/commons/lang3/builder/Diff.java
/sfs/weka/scratch/wxw9rr/OE25-DEV/projects_original/commons-lang3-3.12.0-src/src/main/java/org/apache/commons/lang3/function/FailableObjLongConsumer.java
/sfs/weka/scratch/wxw9rr/OE25-DEV/projects_original/commons-lang3-3.12.0-src/src/main/java/org/apache/commons/lang3/reflect/MemberUtils.java
/sfs/weka/scratch/wxw9rr/OE25-DEV/projects_original/commons-lang3-3.12.0-src/src/main/java/org/apache/commons/lang3/concurrent/package-info.java
/sfs/weka/scratch/wxw9rr/OE25-DEV/projects_original/commons-lang3-3.12.0-src/src/main/java/org/apache/commons/lang3/builder/MultilineRecursiveToStringStyle.java
/sfs/weka/scratch/wxw9rr/OE25-DEV/projects_original/commons-lang3-3.12.0-src/src/main/java/org/apache/commons/lang3/function/FailableIntConsumer.java
/sfs/weka/scratch/wxw9rr/OE25-DEV/projects_original/commons-lang3-3.12.0-src/src/main/java/org/apache/commons/lang3/concurrent/EventCountCircuitBreaker.java
/sfs/weka/scratch/wxw9rr/OE25-DEV/projects_original/commons-lang3-3.12.0-src/src/main/java/org/apache/commons/lang3/function/FailableLongFunction.java
/sfs/weka/scratch/wxw9rr/OE25-DEV/projects_original/commons-lang3-3.12.0-src/src/main/java/org/apache/commons/lang3/function/FailableDoublePredicate.java
/sfs/weka/scratch/wxw9rr/OE25-DEV/projects_original/commons-lang3-3.12.0-src/src/main/java/org/apache/commons/lang3/function/FailableIntToLongFunction.java
/sfs/weka/scratch/wxw9rr/OE25-DEV/projects_original/commons-lang3-3.12.0-src/src/main/java/org/apache/commons/lang3/text/translate/LookupTranslator.java
/sfs/weka/scratch/wxw9rr/OE25-DEV/projects_original/commons-lang3-3.12.0-src/src/main/java/org/apache/commons/lang3/time/FormatCache.java
/sfs/weka/scratch/wxw9rr/OE25-DEV/projects_original/commons-lang3-3.12.0-src/src/main/java/org/apache/commons/lang3/builder/DiffBuilder.java
/sfs/weka/scratch/wxw9rr/OE25-DEV/projects_original/commons-lang3-3.12.0-src/src/main/java/org/apache/commons/lang3/function/FailableToDoubleBiFunction.java
/sfs/weka/scratch/wxw9rr/OE25-DEV/projects_original/commons-lang3-3.12.0-src/src/main/java/org/apache/commons/lang3/time/DurationUtils.java
/sfs/weka/scratch/wxw9rr/OE25-DEV/projects_original/commons-lang3-3.12.0-src/src/main/java/org/apache/commons/lang3/reflect/ConstructorUtils.java
/sfs/weka/scratch/wxw9rr/OE25-DEV/projects_original/commons-lang3-3.12.0-src/src/main/java/org/apache/commons/lang3/function/FailableDoubleFunction.java
/sfs/weka/scratch/wxw9rr/OE25-DEV/projects_original/commons-lang3-3.12.0-src/src/main/java/org/apache/commons/lang3/text/translate/package-info.java
/sfs/weka/scratch/wxw9rr/OE25-DEV/projects_original/commons-lang3-3.12.0-src/src/main/java/org/apache/commons/lang3/tuple/MutableTriple.java
/sfs/weka/scratch/wxw9rr/OE25-DEV/projects_original/commons-lang3-3.12.0-src/src/main/java/org/apache/commons/lang3/ObjectUtils.java
/sfs/weka/scratch/wxw9rr/OE25-DEV/projects_original/commons-lang3-3.12.0-src/src/main/java/org/apache/commons/lang3/function/ToBooleanBiFunction.java
/sfs/weka/scratch/wxw9rr/OE25-DEV/projects_original/commons-lang3-3.12.0-src/src/main/java/org/apache/commons/lang3/function/FailableLongUnaryOperator.java
/sfs/weka/scratch/wxw9rr/OE25-DEV/projects_original/commons-lang3-3.12.0-src/src/main/java/org/apache/commons/lang3/builder/ToStringExclude.java
/sfs/weka/scratch/wxw9rr/OE25-DEV/projects_original/commons-lang3-3.12.0-src/src/main/java/org/apache/commons/lang3/function/FailableLongSupplier.java
/sfs/weka/scratch/wxw9rr/OE25-DEV/projects_original/commons-lang3-3.12.0-src/src/main/java/org/apache/commons/lang3/compare/ObjectToStringComparator.java
/sfs/weka/scratch/wxw9rr/OE25-DEV/projects_original/commons-lang3-3.12.0-src/src/main/java/org/apache/commons/lang3/exception/ExceptionContext.java
/sfs/weka/scratch/wxw9rr/OE25-DEV/projects_original/commons-lang3-3.12.0-src/src/main/java/org/apache/commons/lang3/text/WordUtils.java
/sfs/weka/scratch/wxw9rr/OE25-DEV/projects_original/commons-lang3-3.12.0-src/src/main/java/org/apache/commons/lang3/builder/HashCodeExclude.java
/sfs/weka/scratch/wxw9rr/OE25-DEV/projects_original/commons-lang3-3.12.0-src/src/main/java/org/apache/commons/lang3/reflect/TypeLiteral.java
/sfs/weka/scratch/wxw9rr/OE25-DEV/projects_original/commons-lang3-3.12.0-src/src/main/java/org/apache/commons/lang3/builder/IDKey.java
/sfs/weka/scratch/wxw9rr/OE25-DEV/projects_original/commons-lang3-3.12.0-src/src/main/java/org/apache/commons/lang3/builder/RecursiveToStringStyle.java
/sfs/weka/scratch/wxw9rr/OE25-DEV/projects_original/commons-lang3-3.12.0-src/src/main/java/org/apache/commons/lang3/builder/HashCodeBuilder.java
/sfs/weka/scratch/wxw9rr/OE25-DEV/projects_original/commons-lang3-3.12.0-src/src/main/java/org/apache/commons/lang3/ArchUtils.java
/sfs/weka/scratch/wxw9rr/OE25-DEV/projects_original/commons-lang3-3.12.0-src/src/main/java/org/apache/commons/lang3/concurrent/MultiBackgroundInitializer.java
/sfs/weka/scratch/wxw9rr/OE25-DEV/projects_original/commons-lang3-3.12.0-src/src/main/java/org/apache/commons/lang3/mutable/MutableByte.java
/sfs/weka/scratch/wxw9rr/OE25-DEV/projects_original/commons-lang3-3.12.0-src/src/main/java/org/apache/commons/lang3/time/package-info.java
/sfs/weka/scratch/wxw9rr/OE25-DEV/projects_original/commons-lang3-3.12.0-src/src/main/java/org/apache/commons/lang3/function/FailableFunction.java
/sfs/weka/scratch/wxw9rr/OE25-DEV/projects_original/commons-lang3-3.12.0-src/src/main/java/org/apache/commons/lang3/text/translate/NumericEntityUnescaper.java
/sfs/weka/scratch/wxw9rr/OE25-DEV/projects_original/commons-lang3-3.12.0-src/src/main/java/org/apache/commons/lang3/concurrent/AtomicInitializer.java
/sfs/weka/scratch/wxw9rr/OE25-DEV/projects_original/commons-lang3-3.12.0-src/src/main/java/org/apache/commons/lang3/builder/ToStringBuilder.java
/sfs/weka/scratch/wxw9rr/OE25-DEV/projects_original/commons-lang3-3.12.0-src/src/main/java/org/apache/commons/lang3/Conversion.java
/sfs/weka/scratch/wxw9rr/OE25-DEV/projects_original/commons-lang3-3.12.0-src/src/main/java/org/apache/commons/lang3/concurrent/locks/package-info.java
/sfs/weka/scratch/wxw9rr/OE25-DEV/projects_original/commons-lang3-3.12.0-src/src/main/java/org/apache/commons/lang3/function/FailableDoubleToLongFunction.java
/sfs/weka/scratch/wxw9rr/OE25-DEV/projects_original/commons-lang3-3.12.0-src/src/main/java/org/apache/commons/lang3/exception/ContextedException.java
/sfs/weka/scratch/wxw9rr/OE25-DEV/projects_original/commons-lang3-3.12.0-src/src/main/java/org/apache/commons/lang3/tuple/ImmutablePair.java
/sfs/weka/scratch/wxw9rr/OE25-DEV/projects_original/commons-lang3-3.12.0-src/src/main/java/org/apache/commons/lang3/function/FailableDoubleToIntFunction.java
/sfs/weka/scratch/wxw9rr/OE25-DEV/projects_original/commons-lang3-3.12.0-src/src/main/java/org/apache/commons/lang3/function/FailableIntToDoubleFunction.java
/sfs/weka/scratch/wxw9rr/OE25-DEV/projects_original/commons-lang3-3.12.0-src/src/main/java/org/apache/commons/lang3/exception/CloneFailedException.java
/sfs/weka/scratch/wxw9rr/OE25-DEV/projects_original/commons-lang3-3.12.0-src/src/main/java/org/apache/commons/lang3/text/translate/AggregateTranslator.java
/sfs/weka/scratch/wxw9rr/OE25-DEV/projects_original/commons-lang3-3.12.0-src/src/main/java/org/apache/commons/lang3/concurrent/LazyInitializer.java
/sfs/weka/scratch/wxw9rr/OE25-DEV/projects_original/commons-lang3-3.12.0-src/src/main/java/org/apache/commons/lang3/concurrent/ConcurrentRuntimeException.java
/sfs/weka/scratch/wxw9rr/OE25-DEV/projects_original/commons-lang3-3.12.0-src/src/main/java/org/apache/commons/lang3/function/package-info.java
/sfs/weka/scratch/wxw9rr/OE25-DEV/projects_original/commons-lang3-3.12.0-src/src/main/java/org/apache/commons/lang3/ClassUtils.java
/sfs/weka/scratch/wxw9rr/OE25-DEV/projects_original/commons-lang3-3.12.0-src/src/main/java/org/apache/commons/lang3/function/FailableLongToIntFunction.java
/sfs/weka/scratch/wxw9rr/OE25-DEV/projects_original/commons-lang3-3.12.0-src/src/main/java/org/apache/commons/lang3/Functions.java
/sfs/weka/scratch/wxw9rr/OE25-DEV/projects_original/commons-lang3-3.12.0-src/src/main/java/org/apache/commons/lang3/time/FastDateFormat.java
/sfs/weka/scratch/wxw9rr/OE25-DEV/projects_original/commons-lang3-3.12.0-src/src/main/java/org/apache/commons/lang3/tuple/Triple.java
/sfs/weka/scratch/wxw9rr/OE25-DEV/projects_original/commons-lang3-3.12.0-src/src/main/java/org/apache/commons/lang3/time/FastDatePrinter.java
/sfs/weka/scratch/wxw9rr/OE25-DEV/projects_original/commons-lang3-3.12.0-src/src/main/java/org/apache/commons/lang3/EnumUtils.java
/sfs/weka/scratch/wxw9rr/OE25-DEV/projects_original/commons-lang3-3.12.0-src/src/main/java/org/apache/commons/lang3/concurrent/locks/LockingVisitors.java
/sfs/weka/scratch/wxw9rr/OE25-DEV/projects_original/commons-lang3-3.12.0-src/src/main/java/org/apache/commons/lang3/concurrent/CircuitBreaker.java
/sfs/weka/scratch/wxw9rr/OE25-DEV/projects_original/commons-lang3-3.12.0-src/src/main/java/org/apache/commons/lang3/stream/package-info.java
/sfs/weka/scratch/wxw9rr/OE25-DEV/projects_original/commons-lang3-3.12.0-src/src/main/java/org/apache/commons/lang3/text/StrTokenizer.java
/sfs/weka/scratch/wxw9rr/OE25-DEV/projects_original/commons-lang3-3.12.0-src/src/main/java/org/apache/commons/lang3/builder/package-info.java
/sfs/weka/scratch/wxw9rr/OE25-DEV/projects_original/commons-lang3-3.12.0-src/src/main/java/org/apache/commons/lang3/arch/package-info.java
/sfs/weka/scratch/wxw9rr/OE25-DEV/projects_original/commons-lang3-3.12.0-src/src/main/java/org/apache/commons/lang3/ArraySorter.java
/sfs/weka/scratch/wxw9rr/OE25-DEV/projects_original/commons-lang3-3.12.0-src/src/main/java/org/apache/commons/lang3/function/FailableToDoubleFunction.java
/sfs/weka/scratch/wxw9rr/OE25-DEV/projects_original/commons-lang3-3.12.0-src/src/main/java/org/apache/commons/lang3/reflect/FieldUtils.java
/sfs/weka/scratch/wxw9rr/OE25-DEV/projects_original/commons-lang3-3.12.0-src/src/main/java/org/apache/commons/lang3/concurrent/ConcurrentInitializer.java
/sfs/weka/scratch/wxw9rr/OE25-DEV/projects_original/commons-lang3-3.12.0-src/src/main/java/org/apache/commons/lang3/RegExUtils.java
/sfs/weka/scratch/wxw9rr/OE25-DEV/projects_original/commons-lang3-3.12.0-src/src/main/java/org/apache/commons/lang3/JavaVersion.java
/sfs/weka/scratch/wxw9rr/OE25-DEV/projects_original/commons-lang3-3.12.0-src/src/main/java/org/apache/commons/lang3/tuple/MutablePair.java
/sfs/weka/scratch/wxw9rr/OE25-DEV/projects_original/commons-lang3-3.12.0-src/src/main/java/org/apache/commons/lang3/time/FastDateParser.java
/sfs/weka/scratch/wxw9rr/OE25-DEV/projects_original/commons-lang3-3.12.0-src/src/main/java/org/apache/commons/lang3/mutable/MutableInt.java
/sfs/weka/scratch/wxw9rr/OE25-DEV/projects_original/commons-lang3-3.12.0-src/src/main/java/org/apache/commons/lang3/text/translate/CodePointTranslator.java
/sfs/weka/scratch/wxw9rr/OE25-DEV/projects_original/commons-lang3-3.12.0-src/src/main/java/org/apache/commons/lang3/function/FailableIntSupplier.java
/sfs/weka/scratch/wxw9rr/OE25-DEV/projects_original/commons-lang3-3.12.0-src/src/main/java/org/apache/commons/lang3/reflect/Typed.java
/sfs/weka/scratch/wxw9rr/OE25-DEV/projects_original/commons-lang3-3.12.0-src/src/main/java/org/apache/commons/lang3/concurrent/ConcurrentUtils.java
/sfs/weka/scratch/wxw9rr/OE25-DEV/projects_original/commons-lang3-3.12.0-src/src/main/java/org/apache/commons/lang3/builder/EqualsBuilder.java
/sfs/weka/scratch/wxw9rr/OE25-DEV/projects_original/commons-lang3-3.12.0-src/src/main/java/org/apache/commons/lang3/concurrent/ConstantInitializer.java
/sfs/weka/scratch/wxw9rr/OE25-DEV/projects_original/commons-lang3-3.12.0-src/src/main/java/org/apache/commons/lang3/CharEncoding.java
/sfs/weka/scratch/wxw9rr/OE25-DEV/projects_original/commons-lang3-3.12.0-src/src/main/java/org/apache/commons/lang3/builder/StandardToStringStyle.java
/sfs/weka/scratch/wxw9rr/OE25-DEV/projects_original/commons-lang3-3.12.0-src/src/main/java/org/apache/commons/lang3/concurrent/ConcurrentException.java
/sfs/weka/scratch/wxw9rr/OE25-DEV/projects_original/commons-lang3-3.12.0-src/src/main/java/org/apache/commons/lang3/arch/Processor.java
/sfs/weka/scratch/wxw9rr/OE25-DEV/projects_original/commons-lang3-3.12.0-src/src/main/java/org/apache/commons/lang3/concurrent/CallableBackgroundInitializer.java
/sfs/weka/scratch/wxw9rr/OE25-DEV/projects_original/commons-lang3-3.12.0-src/src/main/java/org/apache/commons/lang3/exception/DefaultExceptionContext.java
/sfs/weka/scratch/wxw9rr/OE25-DEV/projects_original/commons-lang3-3.12.0-src/src/main/java/org/apache/commons/lang3/function/FailableLongBinaryOperator.java
/sfs/weka/scratch/wxw9rr/OE25-DEV/projects_original/commons-lang3-3.12.0-src/src/main/java/org/apache/commons/lang3/mutable/MutableObject.java
/sfs/weka/scratch/wxw9rr/OE25-DEV/projects_original/commons-lang3-3.12.0-src/src/main/java/org/apache/commons/lang3/StringEscapeUtils.java
/sfs/weka/scratch/wxw9rr/OE25-DEV/projects_original/commons-lang3-3.12.0-src/src/main/java/org/apache/commons/lang3/math/package-info.java
/sfs/weka/scratch/wxw9rr/OE25-DEV/projects_original/commons-lang3-3.12.0-src/src/main/java/org/apache/commons/lang3/exception/package-info.java
/sfs/weka/scratch/wxw9rr/OE25-DEV/projects_original/commons-lang3-3.12.0-src/src/main/java/org/apache/commons/lang3/concurrent/TimedSemaphore.java
/sfs/weka/scratch/wxw9rr/OE25-DEV/projects_original/commons-lang3-3.12.0-src/src/main/java/org/apache/commons/lang3/mutable/MutableBoolean.java
/sfs/weka/scratch/wxw9rr/OE25-DEV/projects_original/commons-lang3-3.12.0-src/src/main/java/org/apache/commons/lang3/time/StopWatch.java
