[INFO] Scanning for projects...
[WARNING] 
[WARNING] Some problems were encountered while building the effective model for org.apache.commons:commons-jcs3-jcache-openjpa:jar:3.1
[WARNING] 'dependencies.dependency.(groupId:artifactId:type:classifier)' must be unique: junit:junit:jar -> version 4.13 vs (?) @ line 67, column 17
[WARNING] 
[WARNING] It is highly recommended to fix these problems because they threaten the stability of your build.
[WARNING] 
[WARNING] For this reason, future Maven versions might no longer support building such malformed projects.
[WARNING] 
[INFO] 
[INFO] -----------< org.apache.commons:commons-jcs3-jcache-openjpa >-----------
[INFO] Building Apache Commons JCS :: JCache OpenJPA 3.1
[INFO] --------------------------------[ jar ]---------------------------------
[INFO] 
[INFO] --- maven-enforcer-plugin:3.0.0-M3:enforce (enforce-maven-version) @ commons-jcs3-jcache-openjpa ---
[INFO] 
[INFO] --- maven-enforcer-plugin:3.0.0-M3:enforce (enforce-maven-3) @ commons-jcs3-jcache-openjpa ---
[INFO] 
[INFO] --- apache-rat-plugin:0.13:check (rat-check) @ commons-jcs3-jcache-openjpa ---
[INFO] RAT will not execute since it is configured to be skipped via system property 'rat.skip'.
[INFO] 
[INFO] --- build-helper-maven-plugin:3.2.0:parse-version (parse-version) @ commons-jcs3-jcache-openjpa ---
[INFO] 
[INFO] --- maven-antrun-plugin:1.8:run (javadoc.resources) @ commons-jcs3-jcache-openjpa ---
[INFO] Skipping Antrun execution
[INFO] 
[INFO] --- maven-remote-resources-plugin:1.7.0:process (process-resource-bundles) @ commons-jcs3-jcache-openjpa ---
[INFO] Preparing remote bundle org.apache:apache-jar-resource-bundle:1.4
[INFO] Copying 3 resources from 1 bundle.
[INFO] 
[INFO] --- buildnumber-maven-plugin:1.4:create (default) @ commons-jcs3-jcache-openjpa ---
[INFO] Executing: /bin/sh -c cd '/home/tasfia/Desktop/OE25-DEV/projects_decomposed/commons-jcs3/commons-jcs-jcache-openjpa' && 'git' 'rev-parse' '--verify' 'HEAD'
[INFO] Working directory: /home/tasfia/Desktop/OE25-DEV/projects_decomposed/commons-jcs3/commons-jcs-jcache-openjpa
[INFO] Storing buildNumber: f446ed1303a240821309b125a7f330fb69105734 at timestamp: 1770408013090
[WARNING] Cannot get the branch information from the git repository: 
Detecting the current branch failed: fatal: ref HEAD is not a symbolic ref

[INFO] Executing: /bin/sh -c cd '/home/tasfia/Desktop/OE25-DEV/projects_decomposed/commons-jcs3/commons-jcs-jcache-openjpa' && 'git' 'rev-parse' '--verify' 'HEAD'
[INFO] Working directory: /home/tasfia/Desktop/OE25-DEV/projects_decomposed/commons-jcs3/commons-jcs-jcache-openjpa
[INFO] Storing buildScmBranch: UNKNOWN
[INFO] 
[INFO] --- maven-resources-plugin:3.1.0:resources (default-resources) @ commons-jcs3-jcache-openjpa ---
[INFO] Using 'UTF-8' encoding to copy filtered resources.
[INFO] Copying 1 resource
[INFO] Copying 0 resource to META-INF
[INFO] Copying 3 resources
[INFO] 
[INFO] --- maven-compiler-plugin:3.8.1:compile (default-compile) @ commons-jcs3-jcache-openjpa ---
[INFO] Changes detected - recompiling the module!
[INFO] Compiling 4 source files to /home/tasfia/Desktop/OE25-DEV/projects_decomposed/commons-jcs3/commons-jcs-jcache-openjpa/target/classes
[INFO] 
[INFO] --- maven-bundle-plugin:5.1.1:manifest (bundle-manifest) @ commons-jcs3-jcache-openjpa ---
[INFO] 
[INFO] --- maven-resources-plugin:3.1.0:testResources (default-testResources) @ commons-jcs3-jcache-openjpa ---
[INFO] Using 'UTF-8' encoding to copy filtered resources.
[INFO] skip non existing resourceDirectory /home/tasfia/Desktop/OE25-DEV/projects_decomposed/commons-jcs3/commons-jcs-jcache-openjpa/src/test/resources
[INFO] Copying 0 resource to META-INF
[INFO] Copying 3 resources
[INFO] 
[INFO] --- maven-compiler-plugin:3.8.1:testCompile (default-testCompile) @ commons-jcs3-jcache-openjpa ---
[INFO] Changes detected - recompiling the module!
[INFO] Compiling 2 source files to /home/tasfia/Desktop/OE25-DEV/projects_decomposed/commons-jcs3/commons-jcs-jcache-openjpa/target/test-classes
[INFO] /home/tasfia/Desktop/OE25-DEV/projects_decomposed/commons-jcs3/commons-jcs-jcache-openjpa/src/test/java/org/apache/commons/jcs3/jcache/openjpa/OpenJPAJCacheDataCacheTest_OE25Dev.java: Some input files use or override a deprecated API.
[INFO] /home/tasfia/Desktop/OE25-DEV/projects_decomposed/commons-jcs3/commons-jcs-jcache-openjpa/src/test/java/org/apache/commons/jcs3/jcache/openjpa/OpenJPAJCacheDataCacheTest_OE25Dev.java: Recompile with -Xlint:deprecation for details.
[INFO] 
[INFO] --- animal-sniffer-maven-plugin:1.19:check (checkAPIcompatibility) @ commons-jcs3-jcache-openjpa ---
[INFO] Checking unresolved references to org.codehaus.mojo.signature:java18:1.0
[INFO] 
[INFO] --- maven-surefire-plugin:2.22.2:test (default-test) @ commons-jcs3-jcache-openjpa ---
[INFO] 
[INFO] -------------------------------------------------------
[INFO]  T E S T S
[INFO] -------------------------------------------------------
[INFO] Running org.apache.commons.jcs3.jcache.openjpa.OpenJPAJCacheDataCacheTest_OE25Dev
[ERROR] Tests run: 10, Failures: 0, Errors: 6, Skipped: 0, Time elapsed: 5.324 s <<< FAILURE! - in org.apache.commons.jcs3.jcache.openjpa.OpenJPAJCacheDataCacheTest_OE25Dev
[ERROR] query_1_oe(org.apache.commons.jcs3.jcache.openjpa.OpenJPAJCacheDataCacheTest_OE25Dev)  Time elapsed: 4.078 s  <<< ERROR!
org.apache.openjpa.persistence.ArgumentException: An error occurred while parsing the query filter "select e from OpenJPAJCacheDataCacheTest$MyEntity e where e.id = :id". Error message: The name "OpenJPAJCacheDataCacheTest$MyEntity" is not a recognized entity or identifier. Perhaps you meant OpenJPAJCacheDataCacheTest_OE25Dev$MyEntity, which is a close match. Known entity names: [OpenJPAJCacheDataCacheTest_OE25Dev$MyEntity]
	at org.apache.commons.jcs3.jcache.openjpa.OpenJPAJCacheDataCacheTest_OE25Dev.query_1_oe(OpenJPAJCacheDataCacheTest_OE25Dev.java:171)

[ERROR] query_2_oe(org.apache.commons.jcs3.jcache.openjpa.OpenJPAJCacheDataCacheTest_OE25Dev)  Time elapsed: 0.202 s  <<< ERROR!
org.apache.openjpa.persistence.ArgumentException: An error occurred while parsing the query filter "select e from OpenJPAJCacheDataCacheTest$MyEntity e where e.id = :id". Error message: The name "OpenJPAJCacheDataCacheTest$MyEntity" is not a recognized entity or identifier. Perhaps you meant OpenJPAJCacheDataCacheTest_OE25Dev$MyEntity, which is a close match. Known entity names: [OpenJPAJCacheDataCacheTest_OE25Dev$MyEntity]
	at org.apache.commons.jcs3.jcache.openjpa.OpenJPAJCacheDataCacheTest_OE25Dev.query_2_oe(OpenJPAJCacheDataCacheTest_OE25Dev.java:188)

[ERROR] query_3_oe(org.apache.commons.jcs3.jcache.openjpa.OpenJPAJCacheDataCacheTest_OE25Dev)  Time elapsed: 0.143 s  <<< ERROR!
org.apache.openjpa.persistence.ArgumentException: An error occurred while parsing the query filter "select e from OpenJPAJCacheDataCacheTest$MyEntity e where e.id = :id". Error message: The name "OpenJPAJCacheDataCacheTest$MyEntity" is not a recognized entity or identifier. Perhaps you meant OpenJPAJCacheDataCacheTest_OE25Dev$MyEntity, which is a close match. Known entity names: [OpenJPAJCacheDataCacheTest_OE25Dev$MyEntity]
	at org.apache.commons.jcs3.jcache.openjpa.OpenJPAJCacheDataCacheTest_OE25Dev.query_3_oe(OpenJPAJCacheDataCacheTest_OE25Dev.java:206)

[ERROR] query_4_oe(org.apache.commons.jcs3.jcache.openjpa.OpenJPAJCacheDataCacheTest_OE25Dev)  Time elapsed: 0.144 s  <<< ERROR!
org.apache.openjpa.persistence.ArgumentException: An error occurred while parsing the query filter "select e from OpenJPAJCacheDataCacheTest$MyEntity e where e.id = :id". Error message: The name "OpenJPAJCacheDataCacheTest$MyEntity" is not a recognized entity or identifier. Perhaps you meant OpenJPAJCacheDataCacheTest_OE25Dev$MyEntity, which is a close match. Known entity names: [OpenJPAJCacheDataCacheTest_OE25Dev$MyEntity]
	at org.apache.commons.jcs3.jcache.openjpa.OpenJPAJCacheDataCacheTest_OE25Dev.query_4_oe(OpenJPAJCacheDataCacheTest_OE25Dev.java:226)

[ERROR] query_5_oe(org.apache.commons.jcs3.jcache.openjpa.OpenJPAJCacheDataCacheTest_OE25Dev)  Time elapsed: 0.187 s  <<< ERROR!
org.apache.openjpa.persistence.ArgumentException: An error occurred while parsing the query filter "select e from OpenJPAJCacheDataCacheTest$MyEntity e where e.id = :id". Error message: The name "OpenJPAJCacheDataCacheTest$MyEntity" is not a recognized entity or identifier. Perhaps you meant OpenJPAJCacheDataCacheTest_OE25Dev$MyEntity, which is a close match. Known entity names: [OpenJPAJCacheDataCacheTest_OE25Dev$MyEntity]
	at org.apache.commons.jcs3.jcache.openjpa.OpenJPAJCacheDataCacheTest_OE25Dev.query_5_oe(OpenJPAJCacheDataCacheTest_OE25Dev.java:247)

[ERROR] query_6_oe(org.apache.commons.jcs3.jcache.openjpa.OpenJPAJCacheDataCacheTest_OE25Dev)  Time elapsed: 0.102 s  <<< ERROR!
org.apache.openjpa.persistence.ArgumentException: An error occurred while parsing the query filter "select e from OpenJPAJCacheDataCacheTest$MyEntity e where e.id = :id". Error message: The name "OpenJPAJCacheDataCacheTest$MyEntity" is not a recognized entity or identifier. Perhaps you meant OpenJPAJCacheDataCacheTest_OE25Dev$MyEntity, which is a close match. Known entity names: [OpenJPAJCacheDataCacheTest_OE25Dev$MyEntity]
	at org.apache.commons.jcs3.jcache.openjpa.OpenJPAJCacheDataCacheTest_OE25Dev.query_6_oe(OpenJPAJCacheDataCacheTest_OE25Dev.java:269)

[INFO] 
[INFO] Results:
[INFO] 
[ERROR] Errors: 
[ERROR]   OpenJPAJCacheDataCacheTest_OE25Dev.query_1_oe:171 » Argument An error occurred...
[ERROR]   OpenJPAJCacheDataCacheTest_OE25Dev.query_2_oe:188 » Argument An error occurred...
[ERROR]   OpenJPAJCacheDataCacheTest_OE25Dev.query_3_oe:206 » Argument An error occurred...
[ERROR]   OpenJPAJCacheDataCacheTest_OE25Dev.query_4_oe:226 » Argument An error occurred...
[ERROR]   OpenJPAJCacheDataCacheTest_OE25Dev.query_5_oe:247 » Argument An error occurred...
[ERROR]   OpenJPAJCacheDataCacheTest_OE25Dev.query_6_oe:269 » Argument An error occurred...
[INFO] 
[ERROR] Tests run: 10, Failures: 0, Errors: 6, Skipped: 0
[INFO] 
[INFO] ------------------------------------------------------------------------
[INFO] BUILD FAILURE
[INFO] ------------------------------------------------------------------------
[INFO] Total time:  19.446 s
[INFO] Finished at: 2026-02-06T14:00:28-06:00
[INFO] ------------------------------------------------------------------------
[ERROR] Failed to execute goal org.apache.maven.plugins:maven-surefire-plugin:2.22.2:test (default-test) on project commons-jcs3-jcache-openjpa: There are test failures.
[ERROR] 
[ERROR] Please refer to /home/tasfia/Desktop/OE25-DEV/projects_decomposed/commons-jcs3/commons-jcs-jcache-openjpa/target/surefire-reports for the individual test results.
[ERROR] Please refer to dump files (if any exist) [date].dump, [date]-jvmRun[N].dump and [date].dumpstream.
[ERROR] -> [Help 1]
[ERROR] 
[ERROR] To see the full stack trace of the errors, re-run Maven with the -e switch.
[ERROR] Re-run Maven using the -X switch to enable full debug logging.
[ERROR] 
[ERROR] For more information about the errors and possible solutions, please read the following articles:
[ERROR] [Help 1] http://cwiki.apache.org/confluence/display/MAVEN/MojoFailureException
