[INFO] Scanning for projects...
[WARNING] 
[WARNING] Some problems were encountered while building the effective model for org.apache.commons:commons-numbers-complex:jar:1.0
[WARNING] 'dependencies.dependency.(groupId:artifactId:type:classifier)' must be unique: org.apache.commons:commons-numbers-core:jar -> duplicate declaration of version (?) @ line 79, column 15
[WARNING] 
[WARNING] It is highly recommended to fix these problems because they threaten the stability of your build.
[WARNING] 
[WARNING] For this reason, future Maven versions might no longer support building such malformed projects.
[WARNING] 
[INFO] 
[INFO] -------------< org.apache.commons:commons-numbers-complex >-------------
[INFO] Building Apache Commons Numbers Complex 1.0
[INFO] --------------------------------[ jar ]---------------------------------
[INFO] 
[INFO] --- maven-clean-plugin:3.1.0:clean (default-clean) @ commons-numbers-complex ---
[INFO] 
[INFO] --- maven-enforcer-plugin:3.0.0-M3:enforce (enforce-maven-version) @ commons-numbers-complex ---
[INFO] 
[INFO] --- maven-enforcer-plugin:3.0.0-M3:enforce (enforce-maven-3) @ commons-numbers-complex ---
[INFO] 
[INFO] --- apache-rat-plugin:0.13:check (rat-check) @ commons-numbers-complex ---
[INFO] RAT will not execute since it is configured to be skipped via system property 'rat.skip'.
[INFO] 
[INFO] --- build-helper-maven-plugin:3.1.0:parse-version (parse-version) @ commons-numbers-complex ---
[INFO] 
[INFO] --- maven-antrun-plugin:1.8:run (javadoc.resources) @ commons-numbers-complex ---
[INFO] Executing tasks

main:
     [copy] Copying 2 files to /home/tasfia/Desktop/OE25-DEV-organized/projects_decomposed/commons-numbers/commons-numbers-complex/target/apidocs/META-INF
[INFO] Executed tasks
[INFO] 
[INFO] --- maven-remote-resources-plugin:1.7.0:process (process-resource-bundles) @ commons-numbers-complex ---
[INFO] Skipping remote resources execution.
[INFO] 
[INFO] --- buildnumber-maven-plugin:1.4:create (default) @ commons-numbers-complex ---
[INFO] Executing: /bin/sh -c cd '/home/tasfia/Desktop/OE25-DEV-organized/projects_decomposed/commons-numbers/commons-numbers-complex' && 'git' 'rev-parse' '--verify' 'HEAD'
[INFO] Working directory: /home/tasfia/Desktop/OE25-DEV-organized/projects_decomposed/commons-numbers/commons-numbers-complex
[INFO] Storing buildNumber: 6235ba7a7edd9a970966539f14983e5e8e4db74b at timestamp: 1773059474291
[INFO] Storing buildScmBranch: final-single-assertion-dataset
[INFO] 
[INFO] --- maven-resources-plugin:3.1.0:resources (default-resources) @ commons-numbers-complex ---
[INFO] Using 'UTF-8' encoding to copy filtered resources.
[INFO] skip non existing resourceDirectory /home/tasfia/Desktop/OE25-DEV-organized/projects_decomposed/commons-numbers/commons-numbers-complex/src/main/resources
[INFO] Copying 2 resources to META-INF
[INFO] 
[INFO] --- maven-compiler-plugin:3.8.1:compile (default-compile) @ commons-numbers-complex ---
[INFO] Changes detected - recompiling the module!
[INFO] Compiling 2 source files to /home/tasfia/Desktop/OE25-DEV-organized/projects_decomposed/commons-numbers/commons-numbers-complex/target/classes
[INFO] 
[INFO] --- maven-bundle-plugin:4.2.1:manifest (bundle-manifest) @ commons-numbers-complex ---
[INFO] 
[INFO] --- animal-sniffer-maven-plugin:1.18:check (checkAPIcompatibility) @ commons-numbers-complex ---
[INFO] Checking unresolved references to org.codehaus.mojo.signature:java18:1.0
[INFO] 
[INFO] --- maven-resources-plugin:3.1.0:testResources (default-testResources) @ commons-numbers-complex ---
[INFO] Using 'UTF-8' encoding to copy filtered resources.
[INFO] Copying 12 resources
[INFO] Copying 2 resources to META-INF
[INFO] 
[INFO] --- maven-compiler-plugin:3.8.1:testCompile (default-testCompile) @ commons-numbers-complex ---
[INFO] Changes detected - recompiling the module!
[INFO] Compiling 9 source files to /home/tasfia/Desktop/OE25-DEV-organized/projects_decomposed/commons-numbers/commons-numbers-complex/target/test-classes
[INFO] 
[INFO] --- jacoco-maven-plugin:0.8.5:prepare-agent (prepare-agent) @ commons-numbers-complex ---
[INFO] argLine set to -javaagent:/home/tasfia/.m2/repository/org/jacoco/org.jacoco.agent/0.8.5/org.jacoco.agent-0.8.5-runtime.jar=destfile=/home/tasfia/Desktop/OE25-DEV-organized/projects_decomposed/commons-numbers/commons-numbers-complex/target/jacoco.exec
[INFO] 
[INFO] --- maven-surefire-plugin:2.22.0:test (default-test) @ commons-numbers-complex ---
[INFO] 
[INFO] -------------------------------------------------------
[INFO]  T E S T S
[INFO] -------------------------------------------------------
[INFO] Running org.apache.commons.numbers.complex.ComplexTest_OE25Dev
[INFO] Tests run: 551, Failures: 0, Errors: 0, Skipped: 0, Time elapsed: 0.319 s - in org.apache.commons.numbers.complex.ComplexTest_OE25Dev
[INFO] Running org.apache.commons.numbers.complex.CStandardTest_OE25Dev
[INFO] Tests run: 209, Failures: 0, Errors: 0, Skipped: 0, Time elapsed: 0.148 s - in org.apache.commons.numbers.complex.CStandardTest_OE25Dev
[INFO] Running org.apache.commons.numbers.complex.CReferenceTest_OE25Dev
[ERROR] Tests run: 10, Failures: 0, Errors: 1, Skipped: 0, Time elapsed: 0.053 s <<< FAILURE! - in org.apache.commons.numbers.complex.CReferenceTest_OE25Dev
[ERROR] testLog_1_oe_1_oe  Time elapsed: 0.014 s  <<< ERROR!
java.lang.NullPointerException
	at org.apache.commons.numbers.complex.CReferenceTest_OE25Dev.loadTestData(CReferenceTest_OE25Dev.java:238)
	at org.apache.commons.numbers.complex.CReferenceTest_OE25Dev.testLog_1_oe_1_oe(CReferenceTest_OE25Dev.java:440)

[INFO] Running org.apache.commons.numbers.complex.ComplexEdgeCaseTest_OE25Dev
[INFO] Tests run: 168, Failures: 0, Errors: 0, Skipped: 0, Time elapsed: 0.268 s - in org.apache.commons.numbers.complex.ComplexEdgeCaseTest_OE25Dev
[INFO] 
[INFO] Results:
[INFO] 
[ERROR] Errors: 
[ERROR]   CReferenceTest_OE25Dev.testLog_1_oe_1_oe:440->loadTestData:238 » NullPointer
[INFO] 
[ERROR] Tests run: 938, Failures: 0, Errors: 1, Skipped: 0
[INFO] 
[INFO] ------------------------------------------------------------------------
[INFO] BUILD FAILURE
[INFO] ------------------------------------------------------------------------
[INFO] Total time:  10.096 s
[INFO] Finished at: 2026-03-09T07:31:21-05:00
[INFO] ------------------------------------------------------------------------
[ERROR] Failed to execute goal org.apache.maven.plugins:maven-surefire-plugin:2.22.0:test (default-test) on project commons-numbers-complex: There are test failures.
[ERROR] 
[ERROR] Please refer to /home/tasfia/Desktop/OE25-DEV-organized/projects_decomposed/commons-numbers/commons-numbers-complex/target/surefire-reports for the individual test results.
[ERROR] Please refer to dump files (if any exist) [date]-jvmRun[N].dump, [date].dumpstream and [date]-jvmRun[N].dumpstream.
[ERROR] -> [Help 1]
[ERROR] 
[ERROR] To see the full stack trace of the errors, re-run Maven with the -e switch.
[ERROR] Re-run Maven using the -X switch to enable full debug logging.
[ERROR] 
[ERROR] For more information about the errors and possible solutions, please read the following articles:
[ERROR] [Help 1] http://cwiki.apache.org/confluence/display/MAVEN/MojoFailureException
