[ERROR] COMPILATION ERROR : 
[ERROR] /home/tasfia/Desktop/OE25-DEV/projects_decomposed/commons-jcs3/commons-jcs-core/src/test/java/org/apache/commons/jcs3/engine/EventQueueConcurrentLoadTest_OE25Dev_jcs3_left_26_1.java:[78,21] cannot find symbol
  symbol: method runPutTest(int,int)
[ERROR] /home/tasfia/Desktop/OE25-DEV/projects_decomposed/commons-jcs3/commons-jcs-core/src/test/java/org/apache/commons/jcs3/engine/EventQueueConcurrentLoadTest_OE25Dev_jcs3_left_26_1.java:[88,21] cannot find symbol
  symbol: method runPutTest(int,int)
[ERROR] /home/tasfia/Desktop/OE25-DEV/projects_decomposed/commons-jcs3/commons-jcs-core/src/test/java/org/apache/commons/jcs3/engine/EventQueueConcurrentLoadTest_OE25Dev_jcs3_left_26_1.java:[108,21] cannot find symbol
  symbol: method runPutTest(int,int)
[ERROR] Failed to execute goal org.apache.maven.plugins:maven-compiler-plugin:3.8.1:testCompile (default-testCompile) on project commons-jcs3-core: Compilation failure: Compilation failure: 
[ERROR] /home/tasfia/Desktop/OE25-DEV/projects_decomposed/commons-jcs3/commons-jcs-core/src/test/java/org/apache/commons/jcs3/engine/EventQueueConcurrentLoadTest_OE25Dev_jcs3_left_26_1.java:[78,21] cannot find symbol
[ERROR]   symbol: method runPutTest(int,int)
[ERROR] /home/tasfia/Desktop/OE25-DEV/projects_decomposed/commons-jcs3/commons-jcs-core/src/test/java/org/apache/commons/jcs3/engine/EventQueueConcurrentLoadTest_OE25Dev_jcs3_left_26_1.java:[88,21] cannot find symbol
[ERROR]   symbol: method runPutTest(int,int)
[ERROR] /home/tasfia/Desktop/OE25-DEV/projects_decomposed/commons-jcs3/commons-jcs-core/src/test/java/org/apache/commons/jcs3/engine/EventQueueConcurrentLoadTest_OE25Dev_jcs3_left_26_1.java:[108,21] cannot find symbol
[ERROR]   symbol: method runPutTest(int,int)
[ERROR] -> [Help 1]
[ERROR] 
[ERROR] To see the full stack trace of the errors, re-run Maven with the -e switch.
[ERROR] Re-run Maven using the -X switch to enable full debug logging.
[ERROR] 
[ERROR] For more information about the errors and possible solutions, please read the following articles:
[ERROR] [Help 1] http://cwiki.apache.org/confluence/display/MAVEN/MojoFailureException
