[INFO] Scanning for projects...
[INFO] 
[INFO] -------------------< io.springside:springside-utils >-------------------
[INFO] Building Springside :: Module :: Utils 5.0.0-SNAPSHOT
[INFO]   from pom.xml
[INFO] --------------------------------[ jar ]---------------------------------
[INFO] 
[INFO] --- clean:3.2.0:clean (default-clean) @ springside-utils ---
[INFO] 
[INFO] --- resources:3.3.0:resources (default-resources) @ springside-utils ---
[INFO] skip non existing resourceDirectory /sfs/weka/scratch/wxw9rr/OE25-DEV/projects_original/springside4/modules/utils/src/main/resources
[INFO] 
[INFO] --- compiler:3.10.1:compile (default-compile) @ springside-utils ---
[INFO] Changes detected - recompiling the module!
[INFO] Compiling 78 source files to /sfs/weka/scratch/wxw9rr/OE25-DEV/projects_original/springside4/modules/utils/${target.dir}/classes
[WARNING] /sfs/weka/scratch/wxw9rr/OE25-DEV/projects_original/springside4/modules/utils/src/main/java/org/springside/modules/utils/concurrent/jsr166e/ForkJoinTask.java:[1511,34] sun.misc.Unsafe is internal proprietary API and may be removed in a future release
[WARNING] /sfs/weka/scratch/wxw9rr/OE25-DEV/projects_original/springside4/modules/utils/src/main/java/org/springside/modules/utils/concurrent/jsr166e/ForkJoinTask.java:[1535,28] sun.misc.Unsafe is internal proprietary API and may be removed in a future release
[WARNING] /sfs/weka/scratch/wxw9rr/OE25-DEV/projects_original/springside4/modules/utils/src/main/java/org/springside/modules/utils/concurrent/jsr166e/ForkJoinTask.java:[1537,28] sun.misc.Unsafe is internal proprietary API and may be removed in a future release
[WARNING] /sfs/weka/scratch/wxw9rr/OE25-DEV/projects_original/springside4/modules/utils/src/main/java/org/springside/modules/utils/concurrent/jsr166e/ForkJoinTask.java:[1541,66] sun.misc.Unsafe is internal proprietary API and may be removed in a future release
[WARNING] /sfs/weka/scratch/wxw9rr/OE25-DEV/projects_original/springside4/modules/utils/src/main/java/org/springside/modules/utils/concurrent/jsr166e/ForkJoinTask.java:[1542,32] sun.misc.Unsafe is internal proprietary API and may be removed in a future release
[WARNING] /sfs/weka/scratch/wxw9rr/OE25-DEV/projects_original/springside4/modules/utils/src/main/java/org/springside/modules/utils/concurrent/jsr166e/ForkJoinTask.java:[1543,35] sun.misc.Unsafe is internal proprietary API and may be removed in a future release
[WARNING] /sfs/weka/scratch/wxw9rr/OE25-DEV/projects_original/springside4/modules/utils/src/main/java/org/springside/modules/utils/concurrent/jsr166e/ForkJoinTask.java:[1543,56] sun.misc.Unsafe is internal proprietary API and may be removed in a future release
[WARNING] /sfs/weka/scratch/wxw9rr/OE25-DEV/projects_original/springside4/modules/utils/src/main/java/org/springside/modules/utils/concurrent/jsr166e/ForkJoinPool.java:[1032,38] sun.misc.Unsafe is internal proprietary API and may be removed in a future release
[WARNING] /sfs/weka/scratch/wxw9rr/OE25-DEV/projects_original/springside4/modules/utils/src/main/java/org/springside/modules/utils/concurrent/jsr166e/ForkJoinPool.java:[3230,34] sun.misc.Unsafe is internal proprietary API and may be removed in a future release
[WARNING] /sfs/weka/scratch/wxw9rr/OE25-DEV/projects_original/springside4/modules/utils/src/main/java/org/springside/modules/utils/concurrent/jsr166e/ForkJoinPool.java:[3327,28] sun.misc.Unsafe is internal proprietary API and may be removed in a future release
[WARNING] /sfs/weka/scratch/wxw9rr/OE25-DEV/projects_original/springside4/modules/utils/src/main/java/org/springside/modules/utils/concurrent/jsr166e/ForkJoinPool.java:[3329,28] sun.misc.Unsafe is internal proprietary API and may be removed in a future release
[WARNING] /sfs/weka/scratch/wxw9rr/OE25-DEV/projects_original/springside4/modules/utils/src/main/java/org/springside/modules/utils/concurrent/jsr166e/ForkJoinPool.java:[3333,66] sun.misc.Unsafe is internal proprietary API and may be removed in a future release
[WARNING] /sfs/weka/scratch/wxw9rr/OE25-DEV/projects_original/springside4/modules/utils/src/main/java/org/springside/modules/utils/concurrent/jsr166e/ForkJoinPool.java:[3334,32] sun.misc.Unsafe is internal proprietary API and may be removed in a future release
[WARNING] /sfs/weka/scratch/wxw9rr/OE25-DEV/projects_original/springside4/modules/utils/src/main/java/org/springside/modules/utils/concurrent/jsr166e/ForkJoinPool.java:[3335,35] sun.misc.Unsafe is internal proprietary API and may be removed in a future release
[WARNING] /sfs/weka/scratch/wxw9rr/OE25-DEV/projects_original/springside4/modules/utils/src/main/java/org/springside/modules/utils/concurrent/jsr166e/ForkJoinPool.java:[3335,56] sun.misc.Unsafe is internal proprietary API and may be removed in a future release
[WARNING] /sfs/weka/scratch/wxw9rr/OE25-DEV/projects_original/springside4/modules/utils/src/main/java/org/springside/modules/utils/concurrent/jsr166e/CountedCompleter.java:[712,34] sun.misc.Unsafe is internal proprietary API and may be removed in a future release
[WARNING] /sfs/weka/scratch/wxw9rr/OE25-DEV/projects_original/springside4/modules/utils/src/main/java/org/springside/modules/utils/concurrent/jsr166e/CountedCompleter.java:[731,28] sun.misc.Unsafe is internal proprietary API and may be removed in a future release
[WARNING] /sfs/weka/scratch/wxw9rr/OE25-DEV/projects_original/springside4/modules/utils/src/main/java/org/springside/modules/utils/concurrent/jsr166e/CountedCompleter.java:[733,28] sun.misc.Unsafe is internal proprietary API and may be removed in a future release
[WARNING] /sfs/weka/scratch/wxw9rr/OE25-DEV/projects_original/springside4/modules/utils/src/main/java/org/springside/modules/utils/concurrent/jsr166e/CountedCompleter.java:[737,66] sun.misc.Unsafe is internal proprietary API and may be removed in a future release
[WARNING] /sfs/weka/scratch/wxw9rr/OE25-DEV/projects_original/springside4/modules/utils/src/main/java/org/springside/modules/utils/concurrent/jsr166e/CountedCompleter.java:[738,32] sun.misc.Unsafe is internal proprietary API and may be removed in a future release
[WARNING] /sfs/weka/scratch/wxw9rr/OE25-DEV/projects_original/springside4/modules/utils/src/main/java/org/springside/modules/utils/concurrent/jsr166e/CountedCompleter.java:[739,35] sun.misc.Unsafe is internal proprietary API and may be removed in a future release
[WARNING] /sfs/weka/scratch/wxw9rr/OE25-DEV/projects_original/springside4/modules/utils/src/main/java/org/springside/modules/utils/concurrent/jsr166e/CountedCompleter.java:[739,56] sun.misc.Unsafe is internal proprietary API and may be removed in a future release
[WARNING] /sfs/weka/scratch/wxw9rr/OE25-DEV/projects_original/springside4/modules/utils/src/main/java/org/springside/modules/utils/concurrent/jsr166e/ConcurrentHashMapV8.java:[3144,38] sun.misc.Unsafe is internal proprietary API and may be removed in a future release
[WARNING] /sfs/weka/scratch/wxw9rr/OE25-DEV/projects_original/springside4/modules/utils/src/main/java/org/springside/modules/utils/concurrent/jsr166e/ConcurrentHashMapV8.java:[6245,34] sun.misc.Unsafe is internal proprietary API and may be removed in a future release
[WARNING] /sfs/weka/scratch/wxw9rr/OE25-DEV/projects_original/springside4/modules/utils/src/main/java/org/springside/modules/utils/concurrent/jsr166e/ConcurrentHashMapV8.java:[6287,28] sun.misc.Unsafe is internal proprietary API and may be removed in a future release
[WARNING] /sfs/weka/scratch/wxw9rr/OE25-DEV/projects_original/springside4/modules/utils/src/main/java/org/springside/modules/utils/concurrent/jsr166e/ConcurrentHashMapV8.java:[6289,28] sun.misc.Unsafe is internal proprietary API and may be removed in a future release
[WARNING] /sfs/weka/scratch/wxw9rr/OE25-DEV/projects_original/springside4/modules/utils/src/main/java/org/springside/modules/utils/concurrent/jsr166e/ConcurrentHashMapV8.java:[6293,66] sun.misc.Unsafe is internal proprietary API and may be removed in a future release
[WARNING] /sfs/weka/scratch/wxw9rr/OE25-DEV/projects_original/springside4/modules/utils/src/main/java/org/springside/modules/utils/concurrent/jsr166e/ConcurrentHashMapV8.java:[6294,32] sun.misc.Unsafe is internal proprietary API and may be removed in a future release
[WARNING] /sfs/weka/scratch/wxw9rr/OE25-DEV/projects_original/springside4/modules/utils/src/main/java/org/springside/modules/utils/concurrent/jsr166e/ConcurrentHashMapV8.java:[6295,35] sun.misc.Unsafe is internal proprietary API and may be removed in a future release
[WARNING] /sfs/weka/scratch/wxw9rr/OE25-DEV/projects_original/springside4/modules/utils/src/main/java/org/springside/modules/utils/concurrent/jsr166e/ConcurrentHashMapV8.java:[6295,56] sun.misc.Unsafe is internal proprietary API and may be removed in a future release
[WARNING] /sfs/weka/scratch/wxw9rr/OE25-DEV/projects_original/springside4/modules/utils/src/main/java/org/springside/modules/utils/concurrent/jsr166e/Striped64.java:[101,38] sun.misc.Unsafe is internal proprietary API and may be removed in a future release
[WARNING] /sfs/weka/scratch/wxw9rr/OE25-DEV/projects_original/springside4/modules/utils/src/main/java/org/springside/modules/utils/concurrent/jsr166e/Striped64.java:[291,34] sun.misc.Unsafe is internal proprietary API and may be removed in a future release
[WARNING] /sfs/weka/scratch/wxw9rr/OE25-DEV/projects_original/springside4/modules/utils/src/main/java/org/springside/modules/utils/concurrent/jsr166e/Striped64.java:[314,28] sun.misc.Unsafe is internal proprietary API and may be removed in a future release
[WARNING] /sfs/weka/scratch/wxw9rr/OE25-DEV/projects_original/springside4/modules/utils/src/main/java/org/springside/modules/utils/concurrent/jsr166e/Striped64.java:[316,28] sun.misc.Unsafe is internal proprietary API and may be removed in a future release
[WARNING] /sfs/weka/scratch/wxw9rr/OE25-DEV/projects_original/springside4/modules/utils/src/main/java/org/springside/modules/utils/concurrent/jsr166e/Striped64.java:[320,66] sun.misc.Unsafe is internal proprietary API and may be removed in a future release
[WARNING] /sfs/weka/scratch/wxw9rr/OE25-DEV/projects_original/springside4/modules/utils/src/main/java/org/springside/modules/utils/concurrent/jsr166e/Striped64.java:[321,32] sun.misc.Unsafe is internal proprietary API and may be removed in a future release
[WARNING] /sfs/weka/scratch/wxw9rr/OE25-DEV/projects_original/springside4/modules/utils/src/main/java/org/springside/modules/utils/concurrent/jsr166e/Striped64.java:[322,35] sun.misc.Unsafe is internal proprietary API and may be removed in a future release
[WARNING] /sfs/weka/scratch/wxw9rr/OE25-DEV/projects_original/springside4/modules/utils/src/main/java/org/springside/modules/utils/concurrent/jsr166e/Striped64.java:[322,56] sun.misc.Unsafe is internal proprietary API and may be removed in a future release
[INFO] /sfs/weka/scratch/wxw9rr/OE25-DEV/projects_original/springside4/modules/utils/src/main/java/org/springside/modules/utils/concurrent/jsr166e/ForkJoinPool.java: Some input files use or override a deprecated API.
[INFO] /sfs/weka/scratch/wxw9rr/OE25-DEV/projects_original/springside4/modules/utils/src/main/java/org/springside/modules/utils/concurrent/jsr166e/ForkJoinPool.java: Recompile with -Xlint:deprecation for details.
[INFO] /sfs/weka/scratch/wxw9rr/OE25-DEV/projects_original/springside4/modules/utils/src/main/java/org/springside/modules/utils/concurrent/jsr166e/ForkJoinTask.java: Some input files use or override a deprecated API that is marked for removal.
[INFO] /sfs/weka/scratch/wxw9rr/OE25-DEV/projects_original/springside4/modules/utils/src/main/java/org/springside/modules/utils/concurrent/jsr166e/ForkJoinTask.java: Recompile with -Xlint:removal for details.
[INFO] /sfs/weka/scratch/wxw9rr/OE25-DEV/projects_original/springside4/modules/utils/src/main/java/org/springside/modules/utils/mapper/JsonMapper.java: Some input files use unchecked or unsafe operations.
[INFO] /sfs/weka/scratch/wxw9rr/OE25-DEV/projects_original/springside4/modules/utils/src/main/java/org/springside/modules/utils/mapper/JsonMapper.java: Recompile with -Xlint:unchecked for details.
[INFO] 
[INFO] --- resources:3.3.0:testResources (default-testResources) @ springside-utils ---
[INFO] Copying 3 resources
[INFO] 
[INFO] --- compiler:3.10.1:testCompile (default-testCompile) @ springside-utils ---
[INFO] No sources to compile
[INFO] 
[INFO] --- surefire:2.22.0:test (default-test) @ springside-utils ---
[INFO] ------------------------------------------------------------------------
[INFO] BUILD SUCCESS
[INFO] ------------------------------------------------------------------------
[INFO] Total time:  6.313 s
[INFO] Finished at: 2026-01-16T04:49:30-05:00
[INFO] ------------------------------------------------------------------------
