[ERROR] COMPILATION ERROR : 
[ERROR] /home/tasfia/Desktop/OE25-DEV/projects_decomposed/commons-dbutils/src/test/java/org/apache/commons/dbutils/wrappers/SqlNullCheckedResultSetTest_OE25Dev_dbut_left_64_1.java:[191,9] cannot find symbol
  symbol:   method assertArrayEquals(byte[],byte[])
  location: class org.apache.commons.dbutils.wrappers.SqlNullCheckedResultSetTest_OE25Dev_dbut_left_64_1
[ERROR] /home/tasfia/Desktop/OE25-DEV/projects_decomposed/commons-dbutils/src/test/java/org/apache/commons/dbutils/wrappers/SqlNullCheckedResultSetTest_OE25Dev_dbut_left_64_1.java:[193,9] cannot find symbol
  symbol:   method assertArrayEquals(byte[],byte[])
  location: class org.apache.commons.dbutils.wrappers.SqlNullCheckedResultSetTest_OE25Dev_dbut_left_64_1
[ERROR] /home/tasfia/Desktop/OE25-DEV/projects_decomposed/commons-dbutils/src/test/java/org/apache/commons/dbutils/wrappers/SqlNullCheckedResultSetTest_OE25Dev_dbut_left_64_1.java:[596,9] cannot find symbol
  symbol:   method assertArrayEquals(byte[],byte[])
  location: class org.apache.commons.dbutils.wrappers.SqlNullCheckedResultSetTest_OE25Dev_dbut_left_64_1
[ERROR] /home/tasfia/Desktop/OE25-DEV/projects_decomposed/commons-dbutils/src/test/java/org/apache/commons/dbutils/wrappers/SqlNullCheckedResultSetTest_OE25Dev_dbut_left_64_1.java:[598,9] cannot find symbol
  symbol:   method assertArrayEquals(byte[],byte[])
  location: class org.apache.commons.dbutils.wrappers.SqlNullCheckedResultSetTest_OE25Dev_dbut_left_64_1
[ERROR] Failed to execute goal org.apache.maven.plugins:maven-compiler-plugin:3.5.1:testCompile (default-testCompile) on project commons-dbutils: Compilation failure: Compilation failure: 
[ERROR] /home/tasfia/Desktop/OE25-DEV/projects_decomposed/commons-dbutils/src/test/java/org/apache/commons/dbutils/wrappers/SqlNullCheckedResultSetTest_OE25Dev_dbut_left_64_1.java:[191,9] cannot find symbol
[ERROR]   symbol:   method assertArrayEquals(byte[],byte[])
[ERROR]   location: class org.apache.commons.dbutils.wrappers.SqlNullCheckedResultSetTest_OE25Dev_dbut_left_64_1
[ERROR] /home/tasfia/Desktop/OE25-DEV/projects_decomposed/commons-dbutils/src/test/java/org/apache/commons/dbutils/wrappers/SqlNullCheckedResultSetTest_OE25Dev_dbut_left_64_1.java:[193,9] cannot find symbol
[ERROR]   symbol:   method assertArrayEquals(byte[],byte[])
[ERROR]   location: class org.apache.commons.dbutils.wrappers.SqlNullCheckedResultSetTest_OE25Dev_dbut_left_64_1
[ERROR] /home/tasfia/Desktop/OE25-DEV/projects_decomposed/commons-dbutils/src/test/java/org/apache/commons/dbutils/wrappers/SqlNullCheckedResultSetTest_OE25Dev_dbut_left_64_1.java:[596,9] cannot find symbol
[ERROR]   symbol:   method assertArrayEquals(byte[],byte[])
[ERROR]   location: class org.apache.commons.dbutils.wrappers.SqlNullCheckedResultSetTest_OE25Dev_dbut_left_64_1
[ERROR] /home/tasfia/Desktop/OE25-DEV/projects_decomposed/commons-dbutils/src/test/java/org/apache/commons/dbutils/wrappers/SqlNullCheckedResultSetTest_OE25Dev_dbut_left_64_1.java:[598,9] cannot find symbol
[ERROR]   symbol:   method assertArrayEquals(byte[],byte[])
[ERROR]   location: class org.apache.commons.dbutils.wrappers.SqlNullCheckedResultSetTest_OE25Dev_dbut_left_64_1
[ERROR] -> [Help 1]
[ERROR] 
[ERROR] To see the full stack trace of the errors, re-run Maven with the -e switch.
[ERROR] Re-run Maven using the -X switch to enable full debug logging.
[ERROR] 
[ERROR] For more information about the errors and possible solutions, please read the following articles:
[ERROR] [Help 1] http://cwiki.apache.org/confluence/display/MAVEN/MojoFailureException
