[ERROR] COMPILATION ERROR : 
[ERROR] /home/tasfia/Desktop/OE25-DEV/projects_decomposed/commons-dbutils/src/test/java/org/apache/commons/dbutils/wrappers/SqlNullCheckedResultSetTest_OE25Dev_dbut_left_64_2.java:[803,9] class, interface, or enum expected
[ERROR] /home/tasfia/Desktop/OE25-DEV/projects_decomposed/commons-dbutils/src/test/java/org/apache/commons/dbutils/wrappers/SqlNullCheckedResultSetTest_OE25Dev_dbut_left_64_2.java:[805,9] class, interface, or enum expected
[ERROR] /home/tasfia/Desktop/OE25-DEV/projects_decomposed/commons-dbutils/src/test/java/org/apache/commons/dbutils/wrappers/SqlNullCheckedResultSetTest_OE25Dev_dbut_left_64_2.java:[806,25] class, interface, or enum expected
[ERROR] /home/tasfia/Desktop/OE25-DEV/projects_decomposed/commons-dbutils/src/test/java/org/apache/commons/dbutils/wrappers/SqlNullCheckedResultSetTest_OE25Dev_dbut_left_64_2.java:[806,46] class, interface, or enum expected
[ERROR] /home/tasfia/Desktop/OE25-DEV/projects_decomposed/commons-dbutils/src/test/java/org/apache/commons/dbutils/wrappers/SqlNullCheckedResultSetTest_OE25Dev_dbut_left_64_2.java:[808,13] class, interface, or enum expected
[ERROR] /home/tasfia/Desktop/OE25-DEV/projects_decomposed/commons-dbutils/src/test/java/org/apache/commons/dbutils/wrappers/SqlNullCheckedResultSetTest_OE25Dev_dbut_left_64_2.java:[809,13] class, interface, or enum expected
[ERROR] /home/tasfia/Desktop/OE25-DEV/projects_decomposed/commons-dbutils/src/test/java/org/apache/commons/dbutils/wrappers/SqlNullCheckedResultSetTest_OE25Dev_dbut_left_64_2.java:[811,1] class, interface, or enum expected
[ERROR] Failed to execute goal org.apache.maven.plugins:maven-compiler-plugin:3.5.1:testCompile (default-testCompile) on project commons-dbutils: Compilation failure: Compilation failure: 
[ERROR] /home/tasfia/Desktop/OE25-DEV/projects_decomposed/commons-dbutils/src/test/java/org/apache/commons/dbutils/wrappers/SqlNullCheckedResultSetTest_OE25Dev_dbut_left_64_2.java:[803,9] class, interface, or enum expected
[ERROR] /home/tasfia/Desktop/OE25-DEV/projects_decomposed/commons-dbutils/src/test/java/org/apache/commons/dbutils/wrappers/SqlNullCheckedResultSetTest_OE25Dev_dbut_left_64_2.java:[805,9] class, interface, or enum expected
[ERROR] /home/tasfia/Desktop/OE25-DEV/projects_decomposed/commons-dbutils/src/test/java/org/apache/commons/dbutils/wrappers/SqlNullCheckedResultSetTest_OE25Dev_dbut_left_64_2.java:[806,25] class, interface, or enum expected
[ERROR] /home/tasfia/Desktop/OE25-DEV/projects_decomposed/commons-dbutils/src/test/java/org/apache/commons/dbutils/wrappers/SqlNullCheckedResultSetTest_OE25Dev_dbut_left_64_2.java:[806,46] class, interface, or enum expected
[ERROR] /home/tasfia/Desktop/OE25-DEV/projects_decomposed/commons-dbutils/src/test/java/org/apache/commons/dbutils/wrappers/SqlNullCheckedResultSetTest_OE25Dev_dbut_left_64_2.java:[808,13] class, interface, or enum expected
[ERROR] /home/tasfia/Desktop/OE25-DEV/projects_decomposed/commons-dbutils/src/test/java/org/apache/commons/dbutils/wrappers/SqlNullCheckedResultSetTest_OE25Dev_dbut_left_64_2.java:[809,13] class, interface, or enum expected
[ERROR] /home/tasfia/Desktop/OE25-DEV/projects_decomposed/commons-dbutils/src/test/java/org/apache/commons/dbutils/wrappers/SqlNullCheckedResultSetTest_OE25Dev_dbut_left_64_2.java:[811,1] class, interface, or enum expected
[ERROR] -> [Help 1]
[ERROR] 
[ERROR] To see the full stack trace of the errors, re-run Maven with the -e switch.
[ERROR] Re-run Maven using the -X switch to enable full debug logging.
[ERROR] 
[ERROR] For more information about the errors and possible solutions, please read the following articles:
[ERROR] [Help 1] http://cwiki.apache.org/confluence/display/MAVEN/MojoFailureException
