[ERROR] COMPILATION ERROR : 
[ERROR] /home/tasfia/Desktop/OE25-DEV/projects_decomposed/commons-dbutils/src/test/java/org/apache/commons/dbutils/AsyncQueryRunnerTest_OE25Dev_dbut_left_35_1.java:[277,9] cannot find symbol
  symbol:   method callQueryWithException()
  location: class org.apache.commons.dbutils.AsyncQueryRunnerTest_OE25Dev_dbut_left_35_1
[ERROR] /home/tasfia/Desktop/OE25-DEV/projects_decomposed/commons-dbutils/src/test/java/org/apache/commons/dbutils/AsyncQueryRunnerTest_OE25Dev_dbut_left_35_1.java:[282,9] cannot find symbol
  symbol:   method callQueryWithException(java.lang.String)
  location: class org.apache.commons.dbutils.AsyncQueryRunnerTest_OE25Dev_dbut_left_35_1
[ERROR] /home/tasfia/Desktop/OE25-DEV/projects_decomposed/commons-dbutils/src/test/java/org/apache/commons/dbutils/AsyncQueryRunnerTest_OE25Dev_dbut_left_35_1.java:[287,9] cannot find symbol
  symbol:   method callQueryWithException(java.lang.String,java.lang.String,java.lang.String)
  location: class org.apache.commons.dbutils.AsyncQueryRunnerTest_OE25Dev_dbut_left_35_1
[ERROR] /home/tasfia/Desktop/OE25-DEV/projects_decomposed/commons-dbutils/src/test/java/org/apache/commons/dbutils/AsyncQueryRunnerTest_OE25Dev_dbut_left_35_1.java:[316,9] cannot find symbol
  symbol:   method callQueryWithException(org.apache.commons.dbutils.handlers.ArrayHandler,java.lang.String,java.lang.String)
  location: class org.apache.commons.dbutils.AsyncQueryRunnerTest_OE25Dev_dbut_left_35_1
[ERROR] Failed to execute goal org.apache.maven.plugins:maven-compiler-plugin:3.5.1:testCompile (default-testCompile) on project commons-dbutils: Compilation failure: Compilation failure: 
[ERROR] /home/tasfia/Desktop/OE25-DEV/projects_decomposed/commons-dbutils/src/test/java/org/apache/commons/dbutils/AsyncQueryRunnerTest_OE25Dev_dbut_left_35_1.java:[277,9] cannot find symbol
[ERROR]   symbol:   method callQueryWithException()
[ERROR]   location: class org.apache.commons.dbutils.AsyncQueryRunnerTest_OE25Dev_dbut_left_35_1
[ERROR] /home/tasfia/Desktop/OE25-DEV/projects_decomposed/commons-dbutils/src/test/java/org/apache/commons/dbutils/AsyncQueryRunnerTest_OE25Dev_dbut_left_35_1.java:[282,9] cannot find symbol
[ERROR]   symbol:   method callQueryWithException(java.lang.String)
[ERROR]   location: class org.apache.commons.dbutils.AsyncQueryRunnerTest_OE25Dev_dbut_left_35_1
[ERROR] /home/tasfia/Desktop/OE25-DEV/projects_decomposed/commons-dbutils/src/test/java/org/apache/commons/dbutils/AsyncQueryRunnerTest_OE25Dev_dbut_left_35_1.java:[287,9] cannot find symbol
[ERROR]   symbol:   method callQueryWithException(java.lang.String,java.lang.String,java.lang.String)
[ERROR]   location: class org.apache.commons.dbutils.AsyncQueryRunnerTest_OE25Dev_dbut_left_35_1
[ERROR] /home/tasfia/Desktop/OE25-DEV/projects_decomposed/commons-dbutils/src/test/java/org/apache/commons/dbutils/AsyncQueryRunnerTest_OE25Dev_dbut_left_35_1.java:[316,9] cannot find symbol
[ERROR]   symbol:   method callQueryWithException(org.apache.commons.dbutils.handlers.ArrayHandler,java.lang.String,java.lang.String)
[ERROR]   location: class org.apache.commons.dbutils.AsyncQueryRunnerTest_OE25Dev_dbut_left_35_1
[ERROR] -> [Help 1]
[ERROR] 
[ERROR] To see the full stack trace of the errors, re-run Maven with the -e switch.
[ERROR] Re-run Maven using the -X switch to enable full debug logging.
[ERROR] 
[ERROR] For more information about the errors and possible solutions, please read the following articles:
[ERROR] [Help 1] http://cwiki.apache.org/confluence/display/MAVEN/MojoFailureException
