[ERROR] Tests run: 1, Failures: 0, Errors: 1, Skipped: 0, Time elapsed: 0.2 s <<< FAILURE! - in org.apache.commons.jexl3.ContextNamespaceTest_OE25Dev_jexl_254_1
[ERROR] testNamespacePragma_1_oe(org.apache.commons.jexl3.ContextNamespaceTest_OE25Dev_jexl_254_1)  Time elapsed: 0.053 s  <<< ERROR!
org.apache.commons.jexl3.JexlException: org.apache.commons.jexl3.ContextNamespaceTest_OE25Dev_jexl_254_1.testNamespacePragma_1_oe:317@1:8 JEXL error : vat
	at org.apache.commons.jexl3.ContextNamespaceTest_OE25Dev_jexl_254_1.testNamespacePragma_1_oe(ContextNamespaceTest_OE25Dev_jexl_254_1.java:318)
Caused by: java.lang.IllegalArgumentException: object is not an instance of declaring class
	at org.apache.commons.jexl3.ContextNamespaceTest_OE25Dev_jexl_254_1.testNamespacePragma_1_oe(ContextNamespaceTest_OE25Dev_jexl_254_1.java:318)

[ERROR] Errors: 
[ERROR]   ContextNamespaceTest_OE25Dev_jexl_254_1.testNamespacePragma_1_oe:318 Jexl org....
[ERROR] Tests run: 1, Failures: 0, Errors: 1, Skipped: 0
[ERROR] Failed to execute goal org.apache.maven.plugins:maven-surefire-plugin:2.22.0:test (default-test) on project commons-jexl3: There are test failures.
[ERROR] 
[ERROR] Please refer to /home/tasfia/Desktop/OE25-DEV/projects_decomposed/commons-jexl3/target/surefire-reports for the individual test results.
[ERROR] Please refer to dump files (if any exist) [date]-jvmRun[N].dump, [date].dumpstream and [date]-jvmRun[N].dumpstream.
[ERROR] -> [Help 1]
[ERROR] 
[ERROR] To see the full stack trace of the errors, re-run Maven with the -e switch.
[ERROR] Re-run Maven using the -X switch to enable full debug logging.
[ERROR] 
[ERROR] For more information about the errors and possible solutions, please read the following articles:
[ERROR] [Help 1] http://cwiki.apache.org/confluence/display/MAVEN/MojoFailureException
