[ERROR] COMPILATION ERROR : 
[ERROR] /home/tasfia/Desktop/OE25-DEV/projects_decomposed/commons-jexl3/src/test/java/org/apache/commons/jexl3/DoWhileTest_OE25Dev_jexl_132_2.java:[131,9] cannot find symbol
  symbol:   variable o
  location: class org.apache.commons.jexl3.DoWhileTest_OE25Dev_jexl_132_2
[ERROR] /home/tasfia/Desktop/OE25-DEV/projects_decomposed/commons-jexl3/src/test/java/org/apache/commons/jexl3/DoWhileTest_OE25Dev_jexl_132_2.java:[131,23] cannot find symbol
  symbol:   variable jc
  location: class org.apache.commons.jexl3.DoWhileTest_OE25Dev_jexl_132_2
[ERROR] /home/tasfia/Desktop/OE25-DEV/projects_decomposed/commons-jexl3/src/test/java/org/apache/commons/jexl3/DoWhileTest_OE25Dev_jexl_132_2.java:[132,33] cannot find symbol
  symbol:   variable o
  location: class org.apache.commons.jexl3.DoWhileTest_OE25Dev_jexl_132_2
[ERROR] Failed to execute goal org.apache.maven.plugins:maven-compiler-plugin:3.8.1:testCompile (default-testCompile) on project commons-jexl3: Compilation failure: Compilation failure: 
[ERROR] /home/tasfia/Desktop/OE25-DEV/projects_decomposed/commons-jexl3/src/test/java/org/apache/commons/jexl3/DoWhileTest_OE25Dev_jexl_132_2.java:[131,9] cannot find symbol
[ERROR]   symbol:   variable o
[ERROR]   location: class org.apache.commons.jexl3.DoWhileTest_OE25Dev_jexl_132_2
[ERROR] /home/tasfia/Desktop/OE25-DEV/projects_decomposed/commons-jexl3/src/test/java/org/apache/commons/jexl3/DoWhileTest_OE25Dev_jexl_132_2.java:[131,23] cannot find symbol
[ERROR]   symbol:   variable jc
[ERROR]   location: class org.apache.commons.jexl3.DoWhileTest_OE25Dev_jexl_132_2
[ERROR] /home/tasfia/Desktop/OE25-DEV/projects_decomposed/commons-jexl3/src/test/java/org/apache/commons/jexl3/DoWhileTest_OE25Dev_jexl_132_2.java:[132,33] cannot find symbol
[ERROR]   symbol:   variable o
[ERROR]   location: class org.apache.commons.jexl3.DoWhileTest_OE25Dev_jexl_132_2
[ERROR] -> [Help 1]
[ERROR] 
[ERROR] To see the full stack trace of the errors, re-run Maven with the -e switch.
[ERROR] Re-run Maven using the -X switch to enable full debug logging.
[ERROR] 
[ERROR] For more information about the errors and possible solutions, please read the following articles:
[ERROR] [Help 1] http://cwiki.apache.org/confluence/display/MAVEN/MojoFailureException
