[INFO] Scanning for projects...
[INFO] 
[INFO] --------------< org.apache.commons:commons-numbers-gamma >--------------
[INFO] Building Apache Commons Numbers Gamma 1.0
[INFO]   from pom.xml
[INFO] --------------------------------[ jar ]---------------------------------
[INFO] 
[INFO] --- enforcer:3.0.0-M3:enforce (enforce-maven-version) @ commons-numbers-gamma ---
[INFO] 
[INFO] --- enforcer:3.0.0-M3:enforce (enforce-maven-3) @ commons-numbers-gamma ---
[INFO] 
[INFO] --- apache-rat:0.13:check (rat-check) @ commons-numbers-gamma ---
[INFO] RAT will not execute since it is configured to be skipped via system property 'rat.skip'.
[INFO] 
[INFO] --- build-helper:3.1.0:parse-version (parse-version) @ commons-numbers-gamma ---
[INFO] 
[INFO] --- antrun:1.8:run (javadoc.resources) @ commons-numbers-gamma ---
[INFO] Executing tasks

main:
     [copy] Copying 2 files to /sfs/weka/scratch/wxw9rr/OE25-DEV/projects_decomposed/commons-numbers-1.0-src/commons-numbers-gamma/target/apidocs/META-INF
[INFO] Executed tasks
[INFO] 
[INFO] --- remote-resources:1.7.0:process (process-resource-bundles) @ commons-numbers-gamma ---
[INFO] Skipping remote resources execution.
[INFO] 
[INFO] --- buildnumber:1.4:create (default) @ commons-numbers-gamma ---
[INFO] Executing: /bin/sh -c cd '/sfs/weka/scratch/wxw9rr/OE25-DEV/projects_decomposed/commons-numbers-1.0-src/commons-numbers-gamma' && 'git' 'rev-parse' '--verify' 'HEAD'
[INFO] Working directory: /sfs/weka/scratch/wxw9rr/OE25-DEV/projects_decomposed/commons-numbers-1.0-src/commons-numbers-gamma
[INFO] Storing buildNumber: 74773d2acb91b0a98a0c2844a2b8369f83706543 at timestamp: 1768587436575
[INFO] Storing buildScmBranch: main
[INFO] 
[INFO] --- resources:3.1.0:resources (default-resources) @ commons-numbers-gamma ---
[INFO] Using 'UTF-8' encoding to copy filtered resources.
[INFO] skip non existing resourceDirectory /sfs/weka/scratch/wxw9rr/OE25-DEV/projects_decomposed/commons-numbers-1.0-src/commons-numbers-gamma/src/main/resources
[INFO] Copying 2 resources to META-INF
[INFO] 
[INFO] --- compiler:3.8.1:compile (default-compile) @ commons-numbers-gamma ---
[INFO] Changes detected - recompiling the module!
[INFO] Compiling 18 source files to /sfs/weka/scratch/wxw9rr/OE25-DEV/projects_decomposed/commons-numbers-1.0-src/commons-numbers-gamma/target/classes
[INFO] 
[INFO] --- bundle:4.2.1:manifest (bundle-manifest) @ commons-numbers-gamma ---
[INFO] 
[INFO] --- animal-sniffer:1.18:check (checkAPIcompatibility) @ commons-numbers-gamma ---
[INFO] Checking unresolved references to org.codehaus.mojo.signature:java18:1.0
[INFO] 
[INFO] --- resources:3.1.0:testResources (default-testResources) @ commons-numbers-gamma ---
[INFO] Using 'UTF-8' encoding to copy filtered resources.
[INFO] skip non existing resourceDirectory /sfs/weka/scratch/wxw9rr/OE25-DEV/projects_decomposed/commons-numbers-1.0-src/commons-numbers-gamma/src/test/resources
[INFO] Copying 2 resources to META-INF
[INFO] 
[INFO] --- compiler:3.8.1:testCompile (default-testCompile) @ commons-numbers-gamma ---
[INFO] Changes detected - recompiling the module!
[INFO] Compiling 30 source files to /sfs/weka/scratch/wxw9rr/OE25-DEV/projects_decomposed/commons-numbers-1.0-src/commons-numbers-gamma/target/test-classes
[INFO] 
[INFO] --- jacoco:0.8.5:prepare-agent (prepare-agent) @ commons-numbers-gamma ---
[INFO] argLine set to -javaagent:/home/wxw9rr/.m2/repository/org/jacoco/org.jacoco.agent/0.8.5/org.jacoco.agent-0.8.5-runtime.jar=destfile=/sfs/weka/scratch/wxw9rr/OE25-DEV/projects_decomposed/commons-numbers-1.0-src/commons-numbers-gamma/target/jacoco.exec
[INFO] 
[INFO] --- surefire:2.22.0:test (default-test) @ commons-numbers-gamma ---
[INFO] 
[INFO] -------------------------------------------------------
[INFO]  T E S T S
[INFO] -------------------------------------------------------
[INFO] Running org.apache.commons.numbers.gamma.InverseErfTest_OE25Dev
[INFO] Tests run: 8, Failures: 0, Errors: 0, Skipped: 0, Time elapsed: 0.062 s - in org.apache.commons.numbers.gamma.InverseErfTest_OE25Dev
[INFO] Running org.apache.commons.numbers.gamma.ErfcTest_OE25Dev
[ERROR] Tests run: 3, Failures: 1, Errors: 0, Skipped: 0, Time elapsed: 0.001 s <<< FAILURE! - in org.apache.commons.numbers.gamma.ErfcTest_OE25Dev
[ERROR] testErfcGnu_1_oe  Time elapsed: 0.001 s  <<< FAILURE!
org.opentest4j.AssertionFailedError: expected: <1.9999999999999927> but was: <2.0>
	at org.apache.commons.numbers.gamma.ErfcTest_OE25Dev.testErfcGnu_1_oe(ErfcTest_OE25Dev.java:55)

[INFO] Running org.apache.commons.numbers.gamma.LogGammaSumTest_OE25Dev
[INFO] Tests run: 5, Failures: 0, Errors: 0, Skipped: 0, Time elapsed: 0.013 s - in org.apache.commons.numbers.gamma.LogGammaSumTest_OE25Dev
[INFO] Running org.apache.commons.numbers.gamma.ErfDifferenceTest_OE25Dev
[INFO] Tests run: 2, Failures: 0, Errors: 0, Skipped: 0, Time elapsed: 0 s - in org.apache.commons.numbers.gamma.ErfDifferenceTest_OE25Dev
[INFO] Running org.apache.commons.numbers.gamma.GammaTest_OE25Dev
[ERROR] Tests run: 3, Failures: 1, Errors: 0, Skipped: 0, Time elapsed: 0 s <<< FAILURE! - in org.apache.commons.numbers.gamma.GammaTest_OE25Dev
[ERROR] testGammaNegativeDouble_1_oe  Time elapsed: 0 s  <<< FAILURE!
org.opentest4j.AssertionFailedError: expected: <-1> but was: <1>
	at org.apache.commons.numbers.gamma.GammaTest_OE25Dev.testGammaNegativeDouble_1_oe(GammaTest_OE25Dev.java:549)

[INFO] Running org.apache.commons.numbers.gamma.RegularizedGammaTest_OE25Dev
[INFO] Tests run: 2, Failures: 0, Errors: 0, Skipped: 0, Time elapsed: 0 s - in org.apache.commons.numbers.gamma.RegularizedGammaTest_OE25Dev
[INFO] Running org.apache.commons.numbers.gamma.InvGamma1pm1Test_OE25Dev
[INFO] Tests run: 3, Failures: 0, Errors: 0, Skipped: 0, Time elapsed: 0 s - in org.apache.commons.numbers.gamma.InvGamma1pm1Test_OE25Dev
[INFO] Running org.apache.commons.numbers.gamma.ErfTest_OE25Dev
[ERROR] Tests run: 13, Failures: 1, Errors: 0, Skipped: 0, Time elapsed: 0 s <<< FAILURE! - in org.apache.commons.numbers.gamma.ErfTest_OE25Dev
[ERROR] testErfGnu_1_oe  Time elapsed: 0 s  <<< FAILURE!
org.opentest4j.AssertionFailedError: expected: <-0.9999999999999927> but was: <-1.0>
	at org.apache.commons.numbers.gamma.ErfTest_OE25Dev.testErfGnu_1_oe(ErfTest_OE25Dev.java:272)

[INFO] Running org.apache.commons.numbers.gamma.TrigammaTest_OE25Dev
[INFO] Tests run: 5, Failures: 0, Errors: 0, Skipped: 0, Time elapsed: 0 s - in org.apache.commons.numbers.gamma.TrigammaTest_OE25Dev
[INFO] Running org.apache.commons.numbers.gamma.RegularizedBetaTest_OE25Dev
[INFO] Tests run: 2, Failures: 0, Errors: 0, Skipped: 0, Time elapsed: 0 s - in org.apache.commons.numbers.gamma.RegularizedBetaTest_OE25Dev
[INFO] Running org.apache.commons.numbers.gamma.LanczosApproximationTest_OE25Dev
[INFO] Tests run: 4, Failures: 0, Errors: 0, Skipped: 0, Time elapsed: 0 s - in org.apache.commons.numbers.gamma.LanczosApproximationTest_OE25Dev
[INFO] Running org.apache.commons.numbers.gamma.LogGamma1pTest_OE25Dev
[INFO] Tests run: 3, Failures: 0, Errors: 0, Skipped: 0, Time elapsed: 0.001 s - in org.apache.commons.numbers.gamma.LogGamma1pTest_OE25Dev
[INFO] Running org.apache.commons.numbers.gamma.DigammaTest_OE25Dev
[INFO] Tests run: 16, Failures: 0, Errors: 0, Skipped: 0, Time elapsed: 0.001 s - in org.apache.commons.numbers.gamma.DigammaTest_OE25Dev
[INFO] Running org.apache.commons.numbers.gamma.InverseErfcTest_OE25Dev
[INFO] Tests run: 7, Failures: 0, Errors: 0, Skipped: 0, Time elapsed: 0.006 s - in org.apache.commons.numbers.gamma.InverseErfcTest_OE25Dev
[INFO] 
[INFO] Results:
[INFO] 
[ERROR] Failures: 
[ERROR]   ErfTest_OE25Dev.testErfGnu_1_oe:272 expected: <-0.9999999999999927> but was: <-1.0>
[ERROR]   ErfcTest_OE25Dev.testErfcGnu_1_oe:55 expected: <1.9999999999999927> but was: <2.0>
[ERROR]   GammaTest_OE25Dev.testGammaNegativeDouble_1_oe:549 expected: <-1> but was: <1>
[INFO] 
[ERROR] Tests run: 76, Failures: 3, Errors: 0, Skipped: 0
[INFO] 
[INFO] ------------------------------------------------------------------------
[INFO] BUILD FAILURE
[INFO] ------------------------------------------------------------------------
[INFO] Total time:  7.673 s
[INFO] Finished at: 2026-01-16T13:17:22-05:00
[INFO] ------------------------------------------------------------------------
[ERROR] Failed to execute goal org.apache.maven.plugins:maven-surefire-plugin:2.22.0:test (default-test) on project commons-numbers-gamma: There are test failures.
[ERROR] 
[ERROR] Please refer to /sfs/weka/scratch/wxw9rr/OE25-DEV/projects_decomposed/commons-numbers-1.0-src/commons-numbers-gamma/target/surefire-reports for the individual test results.
[ERROR] Please refer to dump files (if any exist) [date]-jvmRun[N].dump, [date].dumpstream and [date]-jvmRun[N].dumpstream.
[ERROR] -> [Help 1]
[ERROR] 
[ERROR] To see the full stack trace of the errors, re-run Maven with the -e switch.
[ERROR] Re-run Maven using the -X switch to enable full debug logging.
[ERROR] 
[ERROR] For more information about the errors and possible solutions, please read the following articles:
[ERROR] [Help 1] http://cwiki.apache.org/confluence/display/MAVEN/MojoFailureException
