[[1;34mINFO[m] Scanning for projects...
[[1;34mINFO[m] 
[[1;34mINFO[m] [1m----< [0;36morg.asynchttpclient:async-http-client-extras-typesafe-config[0;1m >----[m
[[1;34mINFO[m] [1mBuilding Asynchronous Http Client Typesafe Config Extras 2.12.3[m
[[1;34mINFO[m] [1m--------------------------------[ jar ]---------------------------------[m
[[1;34mINFO[m] 
[[1;34mINFO[m] [1m--- [0;32mmaven-clean-plugin:2.5:clean[m [1m(default-clean)[m @ [36masync-http-client-extras-typesafe-config[0;1m ---[m
[[1;34mINFO[m] 
[[1;34mINFO[m] [1m--- [0;32mmaven-enforcer-plugin:1.4.1:enforce[m [1m(enforce-versions)[m @ [36masync-http-client-extras-typesafe-config[0;1m ---[m
[[1;34mINFO[m] 
[[1;34mINFO[m] [1m--- [0;32mmaven-resources-plugin:3.0.2:resources[m [1m(default-resources)[m @ [36masync-http-client-extras-typesafe-config[0;1m ---[m
[[1;34mINFO[m] Using 'UTF-8' encoding to copy filtered resources.
[[1;34mINFO[m] skip non existing resourceDirectory /home/tasfia/Desktop/OE25-DEV/projects_decomposed/async-http-client/extras/typesafeconfig/src/main/resources
[[1;34mINFO[m] 
[[1;34mINFO[m] [1m--- [0;32mmaven-compiler-plugin:3.6.1:compile[m [1m(default-compile)[m @ [36masync-http-client-extras-typesafe-config[0;1m ---[m
[[1;34mINFO[m] Changes detected - recompiling the module!
[[1;34mINFO[m] Compiling 1 source file to /home/tasfia/Desktop/OE25-DEV/projects_decomposed/async-http-client/extras/typesafeconfig/target/classes
[[1;34mINFO[m] 
[[1;34mINFO[m] [1m--- [0;32mmaven-resources-plugin:3.0.2:testResources[m [1m(default-testResources)[m @ [36masync-http-client-extras-typesafe-config[0;1m ---[m
[[1;34mINFO[m] Using 'UTF-8' encoding to copy filtered resources.
[[1;34mINFO[m] skip non existing resourceDirectory /home/tasfia/Desktop/OE25-DEV/projects_decomposed/async-http-client/extras/typesafeconfig/src/test/resources
[[1;34mINFO[m] 
[[1;34mINFO[m] [1m--- [0;32mmaven-compiler-plugin:3.6.1:testCompile[m [1m(default-testCompile)[m @ [36masync-http-client-extras-typesafe-config[0;1m ---[m
[[1;34mINFO[m] Nothing to compile - all classes are up to date
[[1;34mINFO[m] 
[[1;34mINFO[m] [1m--- [0;32mmaven-surefire-plugin:2.19.1:test[m [1m(default-test)[m @ [36masync-http-client-extras-typesafe-config[0;1m ---[m
[[1;34mINFO[m] No tests to run.
[[1;34mINFO[m] [1m------------------------------------------------------------------------[m
[[1;34mINFO[m] [1;32mBUILD SUCCESS[m
[[1;34mINFO[m] [1m------------------------------------------------------------------------[m
[[1;34mINFO[m] Total time:  0.790 s
[[1;34mINFO[m] Finished at: 2026-02-23T13:57:14-06:00
[[1;34mINFO[m] [1m------------------------------------------------------------------------[m
