[ERROR] COMPILATION ERROR : 
[ERROR] /home/tasfia/Desktop/OE25-DEV/projects_decomposed/commons-jexl3/src/test/java/org/apache/commons/jexl3/ScriptCallableTest_OE25Dev.java:[590,13] cannot find symbol
  symbol:   variable t
  location: class org.apache.commons.jexl3.ScriptCallableTest_OE25Dev
[ERROR] /home/tasfia/Desktop/OE25-DEV/projects_decomposed/commons-jexl3/src/test/java/org/apache/commons/jexl3/ScriptCallableTest_OE25Dev.java:[590,17] cannot find symbol
  symbol:   variable future
  location: class org.apache.commons.jexl3.ScriptCallableTest_OE25Dev
[ERROR] /home/tasfia/Desktop/OE25-DEV/projects_decomposed/commons-jexl3/src/test/java/org/apache/commons/jexl3/ScriptCallableTest_OE25Dev.java:[593,13] cannot find symbol
  symbol:   variable future
  location: class org.apache.commons.jexl3.ScriptCallableTest_OE25Dev
[ERROR] /home/tasfia/Desktop/OE25-DEV/projects_decomposed/commons-jexl3/src/test/java/org/apache/commons/jexl3/ScriptCallableTest_OE25Dev.java:[595,13] cannot find symbol
  symbol:   variable lr
  location: class org.apache.commons.jexl3.ScriptCallableTest_OE25Dev
[ERROR] /home/tasfia/Desktop/OE25-DEV/projects_decomposed/commons-jexl3/src/test/java/org/apache/commons/jexl3/ScriptCallableTest_OE25Dev.java:[595,18] cannot find symbol
  symbol:   variable executor
  location: class org.apache.commons.jexl3.ScriptCallableTest_OE25Dev
[ERROR] Failed to execute goal org.apache.maven.plugins:maven-compiler-plugin:3.8.1:testCompile (default-testCompile) on project commons-jexl3: Compilation failure: Compilation failure: 
[ERROR] /home/tasfia/Desktop/OE25-DEV/projects_decomposed/commons-jexl3/src/test/java/org/apache/commons/jexl3/ScriptCallableTest_OE25Dev.java:[590,13] cannot find symbol
[ERROR]   symbol:   variable t
[ERROR]   location: class org.apache.commons.jexl3.ScriptCallableTest_OE25Dev
[ERROR] /home/tasfia/Desktop/OE25-DEV/projects_decomposed/commons-jexl3/src/test/java/org/apache/commons/jexl3/ScriptCallableTest_OE25Dev.java:[590,17] cannot find symbol
[ERROR]   symbol:   variable future
[ERROR]   location: class org.apache.commons.jexl3.ScriptCallableTest_OE25Dev
[ERROR] /home/tasfia/Desktop/OE25-DEV/projects_decomposed/commons-jexl3/src/test/java/org/apache/commons/jexl3/ScriptCallableTest_OE25Dev.java:[593,13] cannot find symbol
[ERROR]   symbol:   variable future
[ERROR]   location: class org.apache.commons.jexl3.ScriptCallableTest_OE25Dev
[ERROR] /home/tasfia/Desktop/OE25-DEV/projects_decomposed/commons-jexl3/src/test/java/org/apache/commons/jexl3/ScriptCallableTest_OE25Dev.java:[595,13] cannot find symbol
[ERROR]   symbol:   variable lr
[ERROR]   location: class org.apache.commons.jexl3.ScriptCallableTest_OE25Dev
[ERROR] /home/tasfia/Desktop/OE25-DEV/projects_decomposed/commons-jexl3/src/test/java/org/apache/commons/jexl3/ScriptCallableTest_OE25Dev.java:[595,18] cannot find symbol
[ERROR]   symbol:   variable executor
[ERROR]   location: class org.apache.commons.jexl3.ScriptCallableTest_OE25Dev
[ERROR] -> [Help 1]
[ERROR] 
[ERROR] To see the full stack trace of the errors, re-run Maven with the -e switch.
[ERROR] Re-run Maven using the -X switch to enable full debug logging.
[ERROR] 
[ERROR] For more information about the errors and possible solutions, please read the following articles:
[ERROR] [Help 1] http://cwiki.apache.org/confluence/display/MAVEN/MojoFailureException
