[ERROR] COMPILATION ERROR : 
[ERROR] /home/tasfia/Desktop/OE25-DEV/projects_decomposed/commons-jexl3/src/test/java/org/apache/commons/jexl3/Issues100Test_OE25Dev.java:[784,74] cannot find symbol
  symbol:   variable context
  location: class org.apache.commons.jexl3.Issues100Test_OE25Dev
[ERROR] /home/tasfia/Desktop/OE25-DEV/projects_decomposed/commons-jexl3/src/test/java/org/apache/commons/jexl3/Issues100Test_OE25Dev.java:[784,34] cannot find symbol
  symbol:   variable jexl
  location: class org.apache.commons.jexl3.Issues100Test_OE25Dev
[ERROR] Failed to execute goal org.apache.maven.plugins:maven-compiler-plugin:3.8.1:testCompile (default-testCompile) on project commons-jexl3: Compilation failure: Compilation failure: 
[ERROR] /home/tasfia/Desktop/OE25-DEV/projects_decomposed/commons-jexl3/src/test/java/org/apache/commons/jexl3/Issues100Test_OE25Dev.java:[784,74] cannot find symbol
[ERROR]   symbol:   variable context
[ERROR]   location: class org.apache.commons.jexl3.Issues100Test_OE25Dev
[ERROR] /home/tasfia/Desktop/OE25-DEV/projects_decomposed/commons-jexl3/src/test/java/org/apache/commons/jexl3/Issues100Test_OE25Dev.java:[784,34] cannot find symbol
[ERROR]   symbol:   variable jexl
[ERROR]   location: class org.apache.commons.jexl3.Issues100Test_OE25Dev
[ERROR] -> [Help 1]
[ERROR] 
[ERROR] To see the full stack trace of the errors, re-run Maven with the -e switch.
[ERROR] Re-run Maven using the -X switch to enable full debug logging.
[ERROR] 
[ERROR] For more information about the errors and possible solutions, please read the following articles:
[ERROR] [Help 1] http://cwiki.apache.org/confluence/display/MAVEN/MojoFailureException
