[ERROR] COMPILATION ERROR : 
[ERROR] /home/tasfia/Desktop/OE25-DEV/projects_decomposed/springside4/modules/utils/src/test/java/org/springside/modules/utils/text/EncodeUtilTest_OE25Dev.java:[46,25] cannot find symbol
  symbol:   variable input
  location: class org.springside.modules.utils.text.EncodeUtilTest_OE25Dev
[ERROR] /home/tasfia/Desktop/OE25-DEV/projects_decomposed/springside4/modules/utils/src/test/java/org/springside/modules/utils/text/EncodeUtilTest_OE25Dev.java:[47,46] cannot find symbol
  symbol:   variable input
  location: class org.springside.modules.utils.text.EncodeUtilTest_OE25Dev
[ERROR] Failed to execute goal org.apache.maven.plugins:maven-compiler-plugin:3.10.1:testCompile (default-testCompile) on project springside-utils: Compilation failure: Compilation failure: 
[ERROR] /home/tasfia/Desktop/OE25-DEV/projects_decomposed/springside4/modules/utils/src/test/java/org/springside/modules/utils/text/EncodeUtilTest_OE25Dev.java:[46,25] cannot find symbol
[ERROR]   symbol:   variable input
[ERROR]   location: class org.springside.modules.utils.text.EncodeUtilTest_OE25Dev
[ERROR] /home/tasfia/Desktop/OE25-DEV/projects_decomposed/springside4/modules/utils/src/test/java/org/springside/modules/utils/text/EncodeUtilTest_OE25Dev.java:[47,46] cannot find symbol
[ERROR]   symbol:   variable input
[ERROR]   location: class org.springside.modules.utils.text.EncodeUtilTest_OE25Dev
[ERROR] -> [Help 1]
[ERROR] 
[ERROR] To see the full stack trace of the errors, re-run Maven with the -e switch.
[ERROR] Re-run Maven using the -X switch to enable full debug logging.
[ERROR] 
[ERROR] For more information about the errors and possible solutions, please read the following articles:
[ERROR] [Help 1] http://cwiki.apache.org/confluence/display/MAVEN/MojoFailureException
