org/apache/commons/jcs3/jcache/jmx/ConfigurableMBeanServerIdBuilder$ForceIdMBeanServerDelegate.class
org/apache/commons/jcs3/jcache/cdi/CacheMethodDetailsImpl.class
org/apache/commons/jcs3/jcache/cdi/CDIJCacheHelper.class
org/apache/commons/jcs3/jcache/cdi/MakeJCacheCDIInterceptorFriendly$HelperBean$2.class
org/apache/commons/jcs3/jcache/proxy/ClassLoaderAwareCache.class
org/apache/commons/jcs3/jcache/JCSCachingManager$InternalManager$1.class
org/apache/commons/jcs3/jcache/JCSCache$1.class
org/apache/commons/jcs3/jcache/NoFilter.class
org/apache/commons/jcs3/jcache/cdi/MakeJCacheCDIInterceptorFriendly$HelperBean.class
org/apache/commons/jcs3/jcache/JCSCache.class
org/apache/commons/jcs3/jcache/cdi/CacheInvocationContextImpl.class
org/apache/commons/jcs3/jcache/jmx/JMXs.class
org/apache/commons/jcs3/jcache/cdi/MakeJCacheCDIInterceptorFriendly.class
org/apache/commons/jcs3/jcache/cdi/CacheKeyInvocationContextImpl.class
org/apache/commons/jcs3/jcache/cdi/CDIJCacheHelper$MethodMeta.class
org/apache/commons/jcs3/jcache/ImmutableIterator.class
org/apache/commons/jcs3/jcache/TempStateCacheView.class
org/apache/commons/jcs3/jcache/cdi/CacheRemoveAllInterceptor.class
org/apache/commons/jcs3/jcache/cdi/GeneratedCacheKeyImpl.class
org/apache/commons/jcs3/jcache/cdi/CacheResultInterceptor.class
org/apache/commons/jcs3/jcache/cdi/CacheInvocationParameterImpl.class
org/apache/commons/jcs3/jcache/lang/Lang3Substitutor$1.class
org/apache/commons/jcs3/jcache/thread/DaemonThreadFactory.class
org/apache/commons/jcs3/jcache/jmx/JCSCacheStatisticsMXBean.class
org/apache/commons/jcs3/jcache/cdi/CacheResolverFactoryImpl.class
org/apache/commons/jcs3/jcache/ExpiryAwareCache.class
org/apache/commons/jcs3/jcache/serialization/Serializations.class
org/apache/commons/jcs3/jcache/JCSConfiguration.class
org/apache/commons/jcs3/jcache/jmx/JCSCacheMXBean.class
org/apache/commons/jcs3/jcache/lang/Subsitutor.class
org/apache/commons/jcs3/jcache/lang/Lang3Substitutor.class
org/apache/commons/jcs3/jcache/NoLoader.class
org/apache/commons/jcs3/jcache/jmx/ConfigurableMBeanServerIdBuilder$1.class
org/apache/commons/jcs3/jcache/jmx/ConfigurableMBeanServerIdBuilder.class
org/apache/commons/jcs3/jcache/cdi/CDIJCacheHelper$1.class
org/apache/commons/jcs3/jcache/ImmutableIterable.class
org/apache/commons/jcs3/jcache/proxy/ExceptionWrapperHandler.class
org/apache/commons/jcs3/jcache/JCSMutableEntry.class
org/apache/commons/jcs3/jcache/cdi/CachePutInterceptor.class
org/apache/commons/jcs3/jcache/cdi/CacheResolverImpl.class
org/apache/commons/jcs3/jcache/JCSListener.class
org/apache/commons/jcs3/jcache/EvictionListener.class
org/apache/commons/jcs3/jcache/JCSCachingManager$InternalManager.class
org/apache/commons/jcs3/jcache/JCSCacheEntryEvent.class
org/apache/commons/jcs3/jcache/JCSEntry.class
org/apache/commons/jcs3/jcache/cdi/MakeJCacheCDIInterceptorFriendly$HelperBean$1.class
org/apache/commons/jcs3/jcache/lang/Subsitutor$Helper.class
org/apache/commons/jcs3/jcache/Times.class
org/apache/commons/jcs3/jcache/Asserts.class
org/apache/commons/jcs3/jcache/jmx/ConfigurableMBeanServerIdBuilder$Key.class
org/apache/commons/jcs3/jcache/cdi/CDIJCacheHelper$MethodKey.class
org/apache/commons/jcs3/jcache/EvictionListener$1.class
org/apache/commons/jcs3/jcache/JCSCachingManager.class
org/apache/commons/jcs3/jcache/cdi/CacheKeyGeneratorImpl.class
org/apache/commons/jcs3/jcache/NoWriter.class
org/apache/commons/jcs3/jcache/lang/DefaultSubsitutor.class
org/apache/commons/jcs3/jcache/cdi/CacheRemoveInterceptor.class
org/apache/commons/jcs3/jcache/Statistics.class
org/apache/commons/jcs3/jcache/JCSCachingProvider.class
