[INFO] Scanning for projects...
[WARNING] 
[WARNING] Some problems were encountered while building the effective model for org.apache.commons:commons-jcs3-jcache-openjpa:jar:3.1
[WARNING] 'dependencies.dependency.(groupId:artifactId:type:classifier)' must be unique: junit:junit:jar -> version 4.12 vs (?) @ line 67, column 17
[WARNING] 
[WARNING] It is highly recommended to fix these problems because they threaten the stability of your build.
[WARNING] 
[WARNING] For this reason, future Maven versions might no longer support building such malformed projects.
[WARNING] 
[INFO] 
[INFO] -----------< org.apache.commons:commons-jcs3-jcache-openjpa >-----------
[INFO] Building Apache Commons JCS :: JCache OpenJPA 3.1
[INFO]   from pom.xml
[INFO] --------------------------------[ jar ]---------------------------------
[INFO] 
[INFO] --- enforcer:3.0.0-M3:enforce (enforce-maven-version) @ commons-jcs3-jcache-openjpa ---
[INFO] 
[INFO] --- enforcer:3.0.0-M3:enforce (enforce-maven-3) @ commons-jcs3-jcache-openjpa ---
[INFO] 
[INFO] --- apache-rat:0.13:check (rat-check) @ commons-jcs3-jcache-openjpa ---
[INFO] RAT will not execute since it is configured to be skipped via system property 'rat.skip'.
[INFO] 
[INFO] --- build-helper:3.2.0:parse-version (parse-version) @ commons-jcs3-jcache-openjpa ---
[INFO] 
[INFO] --- antrun:1.8:run (javadoc.resources) @ commons-jcs3-jcache-openjpa ---
[INFO] Skipping Antrun execution
[INFO] 
[INFO] --- remote-resources:1.7.0:process (process-resource-bundles) @ commons-jcs3-jcache-openjpa ---
[INFO] Preparing remote bundle org.apache:apache-jar-resource-bundle:1.4
[INFO] Copying 3 resources from 1 bundle.
[INFO] 
[INFO] --- buildnumber:1.4:create (default) @ commons-jcs3-jcache-openjpa ---
[INFO] Executing: /bin/sh -c cd '/sfs/weka/scratch/wxw9rr/OE25-DEV/projects_decomposed/commons-jcs3-3.1-src/commons-jcs-jcache-openjpa' && 'git' 'rev-parse' '--verify' 'HEAD'
[INFO] Working directory: /sfs/weka/scratch/wxw9rr/OE25-DEV/projects_decomposed/commons-jcs3-3.1-src/commons-jcs-jcache-openjpa
[INFO] Storing buildNumber: ba422cbeaa32efdad405fd5df283f67519011b01 at timestamp: 1768596705708
[INFO] Storing buildScmBranch: main
[INFO] 
[INFO] --- resources:3.1.0:resources (default-resources) @ commons-jcs3-jcache-openjpa ---
[INFO] Using 'UTF-8' encoding to copy filtered resources.
[INFO] Copying 1 resource
[INFO] Copying 0 resource to META-INF
[INFO] Copying 3 resources
[INFO] 
[INFO] --- compiler:3.8.1:compile (default-compile) @ commons-jcs3-jcache-openjpa ---
[INFO] Changes detected - recompiling the module!
[INFO] Compiling 4 source files to /sfs/weka/scratch/wxw9rr/OE25-DEV/projects_decomposed/commons-jcs3-3.1-src/commons-jcs-jcache-openjpa/target/classes
[INFO] 
[INFO] --- bundle:5.1.1:manifest (bundle-manifest) @ commons-jcs3-jcache-openjpa ---
[INFO] 
[INFO] --- resources:3.1.0:testResources (default-testResources) @ commons-jcs3-jcache-openjpa ---
[INFO] Using 'UTF-8' encoding to copy filtered resources.
[INFO] skip non existing resourceDirectory /sfs/weka/scratch/wxw9rr/OE25-DEV/projects_decomposed/commons-jcs3-3.1-src/commons-jcs-jcache-openjpa/src/test/resources
[INFO] Copying 0 resource to META-INF
[INFO] Copying 3 resources
[INFO] 
[INFO] --- compiler:3.8.1:testCompile (default-testCompile) @ commons-jcs3-jcache-openjpa ---
[INFO] Changes detected - recompiling the module!
[INFO] Compiling 2 source files to /sfs/weka/scratch/wxw9rr/OE25-DEV/projects_decomposed/commons-jcs3-3.1-src/commons-jcs-jcache-openjpa/target/test-classes
[INFO] 
[INFO] --- animal-sniffer:1.19:check (checkAPIcompatibility) @ commons-jcs3-jcache-openjpa ---
[INFO] Checking unresolved references to org.codehaus.mojo.signature:java18:1.0
[INFO] 
[INFO] --- surefire:2.22.2:test (default-test) @ commons-jcs3-jcache-openjpa ---
[INFO] 
[INFO] -------------------------------------------------------
[INFO]  T E S T S
[INFO] -------------------------------------------------------
[INFO] Running org.apache.commons.jcs3.jcache.openjpa.OpenJPAJCacheDataCacheTest_OE25Dev
[ERROR] Tests run: 10, Failures: 0, Errors: 6, Skipped: 0, Time elapsed: 10.453 s <<< FAILURE! - in org.apache.commons.jcs3.jcache.openjpa.OpenJPAJCacheDataCacheTest_OE25Dev
[ERROR] query_1_oe(org.apache.commons.jcs3.jcache.openjpa.OpenJPAJCacheDataCacheTest_OE25Dev)  Time elapsed: 8.481 s  <<< ERROR!
org.apache.openjpa.persistence.ArgumentException: An error occurred while parsing the query filter "select e from OpenJPAJCacheDataCacheTest$MyEntity e where e.id = :id". Error message: The name "OpenJPAJCacheDataCacheTest$MyEntity" is not a recognized entity or identifier. Perhaps you meant OpenJPAJCacheDataCacheTest_OE25Dev$MyEntity, which is a close match. Known entity names: [OpenJPAJCacheDataCacheTest_OE25Dev$MyEntity]
	at org.apache.commons.jcs3.jcache.openjpa.OpenJPAJCacheDataCacheTest_OE25Dev.query_1_oe(OpenJPAJCacheDataCacheTest_OE25Dev.java:173)

[ERROR] query_2_oe(org.apache.commons.jcs3.jcache.openjpa.OpenJPAJCacheDataCacheTest_OE25Dev)  Time elapsed: 0.144 s  <<< ERROR!
org.apache.openjpa.persistence.ArgumentException: An error occurred while parsing the query filter "select e from OpenJPAJCacheDataCacheTest$MyEntity e where e.id = :id". Error message: The name "OpenJPAJCacheDataCacheTest$MyEntity" is not a recognized entity or identifier. Perhaps you meant OpenJPAJCacheDataCacheTest_OE25Dev$MyEntity, which is a close match. Known entity names: [OpenJPAJCacheDataCacheTest_OE25Dev$MyEntity]
	at org.apache.commons.jcs3.jcache.openjpa.OpenJPAJCacheDataCacheTest_OE25Dev.query_2_oe(OpenJPAJCacheDataCacheTest_OE25Dev.java:190)

[ERROR] query_3_oe(org.apache.commons.jcs3.jcache.openjpa.OpenJPAJCacheDataCacheTest_OE25Dev)  Time elapsed: 0.135 s  <<< ERROR!
org.apache.openjpa.persistence.ArgumentException: An error occurred while parsing the query filter "select e from OpenJPAJCacheDataCacheTest$MyEntity e where e.id = :id". Error message: The name "OpenJPAJCacheDataCacheTest$MyEntity" is not a recognized entity or identifier. Perhaps you meant OpenJPAJCacheDataCacheTest_OE25Dev$MyEntity, which is a close match. Known entity names: [OpenJPAJCacheDataCacheTest_OE25Dev$MyEntity]
	at org.apache.commons.jcs3.jcache.openjpa.OpenJPAJCacheDataCacheTest_OE25Dev.query_3_oe(OpenJPAJCacheDataCacheTest_OE25Dev.java:208)

[ERROR] query_4_oe(org.apache.commons.jcs3.jcache.openjpa.OpenJPAJCacheDataCacheTest_OE25Dev)  Time elapsed: 0.106 s  <<< ERROR!
org.apache.openjpa.persistence.ArgumentException: An error occurred while parsing the query filter "select e from OpenJPAJCacheDataCacheTest$MyEntity e where e.id = :id". Error message: The name "OpenJPAJCacheDataCacheTest$MyEntity" is not a recognized entity or identifier. Perhaps you meant OpenJPAJCacheDataCacheTest_OE25Dev$MyEntity, which is a close match. Known entity names: [OpenJPAJCacheDataCacheTest_OE25Dev$MyEntity]
	at org.apache.commons.jcs3.jcache.openjpa.OpenJPAJCacheDataCacheTest_OE25Dev.query_4_oe(OpenJPAJCacheDataCacheTest_OE25Dev.java:228)

[ERROR] query_5_oe(org.apache.commons.jcs3.jcache.openjpa.OpenJPAJCacheDataCacheTest_OE25Dev)  Time elapsed: 0.124 s  <<< ERROR!
org.apache.openjpa.persistence.ArgumentException: An error occurred while parsing the query filter "select e from OpenJPAJCacheDataCacheTest$MyEntity e where e.id = :id". Error message: The name "OpenJPAJCacheDataCacheTest$MyEntity" is not a recognized entity or identifier. Perhaps you meant OpenJPAJCacheDataCacheTest_OE25Dev$MyEntity, which is a close match. Known entity names: [OpenJPAJCacheDataCacheTest_OE25Dev$MyEntity]
	at org.apache.commons.jcs3.jcache.openjpa.OpenJPAJCacheDataCacheTest_OE25Dev.query_5_oe(OpenJPAJCacheDataCacheTest_OE25Dev.java:249)

[ERROR] query_6_oe(org.apache.commons.jcs3.jcache.openjpa.OpenJPAJCacheDataCacheTest_OE25Dev)  Time elapsed: 0.116 s  <<< ERROR!
org.apache.openjpa.persistence.ArgumentException: An error occurred while parsing the query filter "select e from OpenJPAJCacheDataCacheTest$MyEntity e where e.id = :id". Error message: The name "OpenJPAJCacheDataCacheTest$MyEntity" is not a recognized entity or identifier. Perhaps you meant OpenJPAJCacheDataCacheTest_OE25Dev$MyEntity, which is a close match. Known entity names: [OpenJPAJCacheDataCacheTest_OE25Dev$MyEntity]
	at org.apache.commons.jcs3.jcache.openjpa.OpenJPAJCacheDataCacheTest_OE25Dev.query_6_oe(OpenJPAJCacheDataCacheTest_OE25Dev.java:271)

[INFO] 
[INFO] Results:
[INFO] 
[ERROR] Errors: 
[ERROR]   OpenJPAJCacheDataCacheTest_OE25Dev.query_1_oe:173 » Argument An error occurred...
[ERROR]   OpenJPAJCacheDataCacheTest_OE25Dev.query_2_oe:190 » Argument An error occurred...
[ERROR]   OpenJPAJCacheDataCacheTest_OE25Dev.query_3_oe:208 » Argument An error occurred...
[ERROR]   OpenJPAJCacheDataCacheTest_OE25Dev.query_4_oe:228 » Argument An error occurred...
[ERROR]   OpenJPAJCacheDataCacheTest_OE25Dev.query_5_oe:249 » Argument An error occurred...
[ERROR]   OpenJPAJCacheDataCacheTest_OE25Dev.query_6_oe:271 » Argument An error occurred...
[INFO] 
[ERROR] Tests run: 10, Failures: 0, Errors: 6, Skipped: 0
[INFO] 
[INFO] ------------------------------------------------------------------------
[INFO] BUILD FAILURE
[INFO] ------------------------------------------------------------------------
[INFO] Total time:  19.788 s
[INFO] Finished at: 2026-01-16T15:52:03-05:00
[INFO] ------------------------------------------------------------------------
[ERROR] Failed to execute goal org.apache.maven.plugins:maven-surefire-plugin:2.22.2:test (default-test) on project commons-jcs3-jcache-openjpa: There are test failures.
[ERROR] 
[ERROR] Please refer to /sfs/weka/scratch/wxw9rr/OE25-DEV/projects_decomposed/commons-jcs3-3.1-src/commons-jcs-jcache-openjpa/target/surefire-reports for the individual test results.
[ERROR] Please refer to dump files (if any exist) [date].dump, [date]-jvmRun[N].dump and [date].dumpstream.
[ERROR] -> [Help 1]
[ERROR] 
[ERROR] To see the full stack trace of the errors, re-run Maven with the -e switch.
[ERROR] Re-run Maven using the -X switch to enable full debug logging.
[ERROR] 
[ERROR] For more information about the errors and possible solutions, please read the following articles:
[ERROR] [Help 1] http://cwiki.apache.org/confluence/display/MAVEN/MojoFailureException
