[main] INFO org.eclipse.jetty.util.log - Logging initialized @122ms to org.eclipse.jetty.util.log.Slf4jLog
[ERROR] Tests run: 1, Failures: 0, Errors: 1, Skipped: 0, Time elapsed: 0.065 s <<< FAILURE! - in spark.embeddedserver.EmbeddedServersTest_OE25Dev_spark_178_2
[ERROR] testAddAndCreate_whenCreate_createsCustomServer_2_oe(spark.embeddedserver.EmbeddedServersTest_OE25Dev_spark_178_2)  Time elapsed: 0.041 s  <<< ERROR!
java.lang.ExceptionInInitializerError
	at spark.embeddedserver.EmbeddedServersTest_OE25Dev_spark_178_2.testAddAndCreate_whenCreate_createsCustomServer_2_oe(EmbeddedServersTest_OE25Dev_spark_178_2.java:66)
Caused by: java.lang.reflect.InaccessibleObjectException: Unable to make protected final java.lang.Class java.lang.ClassLoader.defineClass(java.lang.String,byte[],int,int,java.security.ProtectionDomain) throws java.lang.ClassFormatError accessible: module java.base does not "opens java.lang" to unnamed module @20abdeca
	at spark.embeddedserver.EmbeddedServersTest_OE25Dev_spark_178_2.testAddAndCreate_whenCreate_createsCustomServer_2_oe(EmbeddedServersTest_OE25Dev_spark_178_2.java:66)

[ERROR] Errors: 
[ERROR]   EmbeddedServersTest_OE25Dev_spark_178_2.testAddAndCreate_whenCreate_createsCustomServer_2_oe:66 » ExceptionInInitializer
[ERROR] Tests run: 1, Failures: 0, Errors: 1, Skipped: 0
[ERROR] Failed to execute goal org.apache.maven.plugins:maven-surefire-plugin:2.22.0:test (default-test) on project spark-core: There are test failures.
[ERROR] 
[ERROR] Please refer to /home/tasfia/Desktop/OE25-DEV/projects_decomposed/spark/target/surefire-reports for the individual test results.
[ERROR] Please refer to dump files (if any exist) [date]-jvmRun[N].dump, [date].dumpstream and [date]-jvmRun[N].dumpstream.
[ERROR] -> [Help 1]
[ERROR] 
[ERROR] To see the full stack trace of the errors, re-run Maven with the -e switch.
[ERROR] Re-run Maven using the -X switch to enable full debug logging.
[ERROR] 
[ERROR] For more information about the errors and possible solutions, please read the following articles:
[ERROR] [Help 1] http://cwiki.apache.org/confluence/display/MAVEN/MojoFailureException
