/sfs/weka/scratch/wxw9rr/OE25-DEV/projects_decomposed/commons-configuration2-2.8.0-src/src/main/java/org/apache/commons/configuration2/builder/FileBasedBuilderProperties.java
/sfs/weka/scratch/wxw9rr/OE25-DEV/projects_decomposed/commons-configuration2-2.8.0-src/src/main/java/org/apache/commons/configuration2/io/FileSystem.java
/sfs/weka/scratch/wxw9rr/OE25-DEV/projects_decomposed/commons-configuration2-2.8.0-src/src/main/java/org/apache/commons/configuration2/package-info.java
/sfs/weka/scratch/wxw9rr/OE25-DEV/projects_decomposed/commons-configuration2-2.8.0-src/src/main/java/org/apache/commons/configuration2/plist/XMLPropertyListConfiguration.java
/sfs/weka/scratch/wxw9rr/OE25-DEV/projects_decomposed/commons-configuration2-2.8.0-src/src/main/java/org/apache/commons/configuration2/io/FileSystemLocationStrategy.java
/sfs/weka/scratch/wxw9rr/OE25-DEV/projects_decomposed/commons-configuration2-2.8.0-src/src/main/java/org/apache/commons/configuration2/reloading/package-info.java
/sfs/weka/scratch/wxw9rr/OE25-DEV/projects_decomposed/commons-configuration2-2.8.0-src/src/main/java/org/apache/commons/configuration2/builder/FileBasedConfigurationBuilder.java
/sfs/weka/scratch/wxw9rr/OE25-DEV/projects_decomposed/commons-configuration2-2.8.0-src/src/main/java/org/apache/commons/configuration2/builder/HierarchicalBuilderProperties.java
/sfs/weka/scratch/wxw9rr/OE25-DEV/projects_decomposed/commons-configuration2-2.8.0-src/src/main/java/org/apache/commons/configuration2/convert/LegacyListDelimiterHandler.java
/sfs/weka/scratch/wxw9rr/OE25-DEV/projects_decomposed/commons-configuration2-2.8.0-src/src/main/java/org/apache/commons/configuration2/FileBasedConfiguration.java
/sfs/weka/scratch/wxw9rr/OE25-DEV/projects_decomposed/commons-configuration2-2.8.0-src/src/main/java/org/apache/commons/configuration2/tree/NodeNameMatchers.java
/sfs/weka/scratch/wxw9rr/OE25-DEV/projects_decomposed/commons-configuration2-2.8.0-src/src/main/java/org/apache/commons/configuration2/ConfigurationLookup.java
/sfs/weka/scratch/wxw9rr/OE25-DEV/projects_decomposed/commons-configuration2-2.8.0-src/src/main/java/org/apache/commons/configuration2/builder/combined/ConfigurationBuilderProvider.java
/sfs/weka/scratch/wxw9rr/OE25-DEV/projects_decomposed/commons-configuration2-2.8.0-src/src/main/java/org/apache/commons/configuration2/reloading/ReloadingController.java
/sfs/weka/scratch/wxw9rr/OE25-DEV/projects_decomposed/commons-configuration2-2.8.0-src/src/main/java/org/apache/commons/configuration2/ImmutableConfiguration.java
/sfs/weka/scratch/wxw9rr/OE25-DEV/projects_decomposed/commons-configuration2-2.8.0-src/src/main/java/org/apache/commons/configuration2/JNDIConfiguration.java
/sfs/weka/scratch/wxw9rr/OE25-DEV/projects_decomposed/commons-configuration2-2.8.0-src/src/main/java/org/apache/commons/configuration2/tree/DefaultConfigurationKey.java
/sfs/weka/scratch/wxw9rr/OE25-DEV/projects_decomposed/commons-configuration2-2.8.0-src/src/main/java/org/apache/commons/configuration2/event/package-info.java
/sfs/weka/scratch/wxw9rr/OE25-DEV/projects_decomposed/commons-configuration2-2.8.0-src/src/main/java/org/apache/commons/configuration2/builder/fluent/CombinedBuilderParameters.java
/sfs/weka/scratch/wxw9rr/OE25-DEV/projects_decomposed/commons-configuration2-2.8.0-src/src/main/java/org/apache/commons/configuration2/ConfigurationXMLReader.java
/sfs/weka/scratch/wxw9rr/OE25-DEV/projects_decomposed/commons-configuration2-2.8.0-src/src/main/java/org/apache/commons/configuration2/PrefixedKeysIterator.java
/sfs/weka/scratch/wxw9rr/OE25-DEV/projects_decomposed/commons-configuration2-2.8.0-src/null/generated-sources/javacc/org/apache/commons/configuration2/plist/TokenMgrError.java
/sfs/weka/scratch/wxw9rr/OE25-DEV/projects_decomposed/commons-configuration2-2.8.0-src/src/main/java/org/apache/commons/configuration2/builder/DatabaseBuilderParametersImpl.java
/sfs/weka/scratch/wxw9rr/OE25-DEV/projects_decomposed/commons-configuration2-2.8.0-src/src/main/java/org/apache/commons/configuration2/sync/package-info.java
/sfs/weka/scratch/wxw9rr/OE25-DEV/projects_decomposed/commons-configuration2-2.8.0-src/src/main/java/org/apache/commons/configuration2/interpol/EnvironmentLookup.java
/sfs/weka/scratch/wxw9rr/OE25-DEV/projects_decomposed/commons-configuration2-2.8.0-src/src/main/java/org/apache/commons/configuration2/XMLListReference.java
/sfs/weka/scratch/wxw9rr/OE25-DEV/projects_decomposed/commons-configuration2-2.8.0-src/src/main/java/org/apache/commons/configuration2/io/FileHandlerListenerAdapter.java
/sfs/weka/scratch/wxw9rr/OE25-DEV/projects_decomposed/commons-configuration2-2.8.0-src/src/main/java/org/apache/commons/configuration2/ex/ConfigurationRuntimeException.java
/sfs/weka/scratch/wxw9rr/OE25-DEV/projects_decomposed/commons-configuration2-2.8.0-src/src/main/java/org/apache/commons/configuration2/builder/ReloadingFileBasedConfigurationBuilder.java
/sfs/weka/scratch/wxw9rr/OE25-DEV/projects_decomposed/commons-configuration2-2.8.0-src/src/main/java/org/apache/commons/configuration2/ConfigurationUtils.java
/sfs/weka/scratch/wxw9rr/OE25-DEV/projects_decomposed/commons-configuration2-2.8.0-src/src/main/java/org/apache/commons/configuration2/builder/BuilderConfigurationWrapperFactory.java
/sfs/weka/scratch/wxw9rr/OE25-DEV/projects_decomposed/commons-configuration2-2.8.0-src/src/main/java/org/apache/commons/configuration2/YAMLConfiguration.java
/sfs/weka/scratch/wxw9rr/OE25-DEV/projects_decomposed/commons-configuration2-2.8.0-src/src/main/java/org/apache/commons/configuration2/convert/ListDelimiterHandler.java
/sfs/weka/scratch/wxw9rr/OE25-DEV/projects_decomposed/commons-configuration2-2.8.0-src/src/main/java/org/apache/commons/configuration2/ConfigurationComparator.java
/sfs/weka/scratch/wxw9rr/OE25-DEV/projects_decomposed/commons-configuration2-2.8.0-src/src/main/java/org/apache/commons/configuration2/resolver/DefaultEntityResolver.java
/sfs/weka/scratch/wxw9rr/OE25-DEV/projects_decomposed/commons-configuration2-2.8.0-src/src/main/java/org/apache/commons/configuration2/builder/PropertiesBuilderProperties.java
/sfs/weka/scratch/wxw9rr/OE25-DEV/projects_decomposed/commons-configuration2-2.8.0-src/src/main/java/org/apache/commons/configuration2/interpol/Lookup.java
/sfs/weka/scratch/wxw9rr/OE25-DEV/projects_decomposed/commons-configuration2-2.8.0-src/src/main/java/org/apache/commons/configuration2/builder/combined/package-info.java
/sfs/weka/scratch/wxw9rr/OE25-DEV/projects_decomposed/commons-configuration2-2.8.0-src/src/main/java/org/apache/commons/configuration2/tree/NodeHandlerDecorator.java
/sfs/weka/scratch/wxw9rr/OE25-DEV/projects_decomposed/commons-configuration2-2.8.0-src/src/main/java/org/apache/commons/configuration2/event/BaseEventSource.java
/sfs/weka/scratch/wxw9rr/OE25-DEV/projects_decomposed/commons-configuration2-2.8.0-src/src/main/java/org/apache/commons/configuration2/builder/ConfigurationBuilderEvent.java
/sfs/weka/scratch/wxw9rr/OE25-DEV/projects_decomposed/commons-configuration2-2.8.0-src/src/main/java/org/apache/commons/configuration2/tree/ExpressionEngine.java
/sfs/weka/scratch/wxw9rr/OE25-DEV/projects_decomposed/commons-configuration2-2.8.0-src/src/main/java/org/apache/commons/configuration2/web/AppletConfiguration.java
/sfs/weka/scratch/wxw9rr/OE25-DEV/projects_decomposed/commons-configuration2-2.8.0-src/src/main/java/org/apache/commons/configuration2/tree/ImmutableNode.java
/sfs/weka/scratch/wxw9rr/OE25-DEV/projects_decomposed/commons-configuration2-2.8.0-src/src/main/java/org/apache/commons/configuration2/interpol/SystemPropertiesLookup.java
/sfs/weka/scratch/wxw9rr/OE25-DEV/projects_decomposed/commons-configuration2-2.8.0-src/src/main/java/org/apache/commons/configuration2/tree/InMemoryNodeModelSupport.java
/sfs/weka/scratch/wxw9rr/OE25-DEV/projects_decomposed/commons-configuration2-2.8.0-src/src/main/java/org/apache/commons/configuration2/builder/combined/MultiWrapDynaClass.java
/sfs/weka/scratch/wxw9rr/OE25-DEV/projects_decomposed/commons-configuration2-2.8.0-src/src/main/java/org/apache/commons/configuration2/builder/combined/CombinedBuilderParametersImpl.java
/sfs/weka/scratch/wxw9rr/OE25-DEV/projects_decomposed/commons-configuration2-2.8.0-src/src/main/java/org/apache/commons/configuration2/io/ProvidedURLLocationStrategy.java
/sfs/weka/scratch/wxw9rr/OE25-DEV/projects_decomposed/commons-configuration2-2.8.0-src/src/main/java/org/apache/commons/configuration2/interpol/DummyLookup.java
/sfs/weka/scratch/wxw9rr/OE25-DEV/projects_decomposed/commons-configuration2-2.8.0-src/src/main/java/org/apache/commons/configuration2/builder/BasicConfigurationBuilder.java
/sfs/weka/scratch/wxw9rr/OE25-DEV/projects_decomposed/commons-configuration2-2.8.0-src/src/main/java/org/apache/commons/configuration2/interpol/DefaultLookups.java
/sfs/weka/scratch/wxw9rr/OE25-DEV/projects_decomposed/commons-configuration2-2.8.0-src/src/main/java/org/apache/commons/configuration2/spring/package-info.java
/sfs/weka/scratch/wxw9rr/OE25-DEV/projects_decomposed/commons-configuration2-2.8.0-src/src/main/java/org/apache/commons/configuration2/reloading/ReloadingControllerSupport.java
/sfs/weka/scratch/wxw9rr/OE25-DEV/projects_decomposed/commons-configuration2-2.8.0-src/src/main/java/org/apache/commons/configuration2/beanutils/BeanDeclaration.java
/sfs/weka/scratch/wxw9rr/OE25-DEV/projects_decomposed/commons-configuration2-2.8.0-src/src/main/java/org/apache/commons/configuration2/event/EventListenerRegistrationData.java
/sfs/weka/scratch/wxw9rr/OE25-DEV/projects_decomposed/commons-configuration2-2.8.0-src/src/main/java/org/apache/commons/configuration2/builder/combined/ReloadingCombinedConfigurationBuilder.java
/sfs/weka/scratch/wxw9rr/OE25-DEV/projects_decomposed/commons-configuration2-2.8.0-src/src/main/java/org/apache/commons/configuration2/builder/combined/BaseConfigurationBuilderProvider.java
/sfs/weka/scratch/wxw9rr/OE25-DEV/projects_decomposed/commons-configuration2-2.8.0-src/src/main/java/org/apache/commons/configuration2/io/ConfigurationLogger.java
/sfs/weka/scratch/wxw9rr/OE25-DEV/projects_decomposed/commons-configuration2-2.8.0-src/src/main/java/org/apache/commons/configuration2/PropertiesConfigurationLayout.java
/sfs/weka/scratch/wxw9rr/OE25-DEV/projects_decomposed/commons-configuration2-2.8.0-src/src/main/java/org/apache/commons/configuration2/builder/AutoSaveListener.java
/sfs/weka/scratch/wxw9rr/OE25-DEV/projects_decomposed/commons-configuration2-2.8.0-src/src/main/java/org/apache/commons/configuration2/reloading/FileHandlerReloadingDetector.java
/sfs/weka/scratch/wxw9rr/OE25-DEV/projects_decomposed/commons-configuration2-2.8.0-src/src/main/java/org/apache/commons/configuration2/builder/combined/ReloadingMultiFileConfigurationBuilder.java
/sfs/weka/scratch/wxw9rr/OE25-DEV/projects_decomposed/commons-configuration2-2.8.0-src/src/main/java/org/apache/commons/configuration2/io/DefaultFileSystem.java
/sfs/weka/scratch/wxw9rr/OE25-DEV/projects_decomposed/commons-configuration2-2.8.0-src/src/main/java/org/apache/commons/configuration2/io/FileLocatorAware.java
/sfs/weka/scratch/wxw9rr/OE25-DEV/projects_decomposed/commons-configuration2-2.8.0-src/src/main/java/org/apache/commons/configuration2/tree/xpath/ConfigurationNodePointer.java
/sfs/weka/scratch/wxw9rr/OE25-DEV/projects_decomposed/commons-configuration2-2.8.0-src/src/main/java/org/apache/commons/configuration2/tree/NodeTreeWalker.java
/sfs/weka/scratch/wxw9rr/OE25-DEV/projects_decomposed/commons-configuration2-2.8.0-src/src/main/java/org/apache/commons/configuration2/SystemConfiguration.java
/sfs/weka/scratch/wxw9rr/OE25-DEV/projects_decomposed/commons-configuration2-2.8.0-src/src/main/java/org/apache/commons/configuration2/builder/ConfigurationBuilder.java
/sfs/weka/scratch/wxw9rr/OE25-DEV/projects_decomposed/commons-configuration2-2.8.0-src/src/main/java/org/apache/commons/configuration2/Initializable.java
/sfs/weka/scratch/wxw9rr/OE25-DEV/projects_decomposed/commons-configuration2-2.8.0-src/src/main/java/org/apache/commons/configuration2/builder/INIBuilderParametersImpl.java
/sfs/weka/scratch/wxw9rr/OE25-DEV/projects_decomposed/commons-configuration2-2.8.0-src/src/main/java/org/apache/commons/configuration2/tree/QueryResult.java
/sfs/weka/scratch/wxw9rr/OE25-DEV/projects_decomposed/commons-configuration2-2.8.0-src/src/main/java/org/apache/commons/configuration2/io/HomeDirectoryLocationStrategy.java
/sfs/weka/scratch/wxw9rr/OE25-DEV/projects_decomposed/commons-configuration2-2.8.0-src/src/main/java/org/apache/commons/configuration2/tree/NodeHandler.java
/sfs/weka/scratch/wxw9rr/OE25-DEV/projects_decomposed/commons-configuration2-2.8.0-src/src/main/java/org/apache/commons/configuration2/tree/NodeUpdateData.java
/sfs/weka/scratch/wxw9rr/OE25-DEV/projects_decomposed/commons-configuration2-2.8.0-src/src/main/java/org/apache/commons/configuration2/builder/fluent/MultiFileBuilderParameters.java
/sfs/weka/scratch/wxw9rr/OE25-DEV/projects_decomposed/commons-configuration2-2.8.0-src/src/main/java/org/apache/commons/configuration2/tree/ReferenceNodeHandler.java
/sfs/weka/scratch/wxw9rr/OE25-DEV/projects_decomposed/commons-configuration2-2.8.0-src/src/main/java/org/apache/commons/configuration2/tree/DefaultExpressionEngine.java
/sfs/weka/scratch/wxw9rr/OE25-DEV/projects_decomposed/commons-configuration2-2.8.0-src/src/main/java/org/apache/commons/configuration2/resolver/CatalogResolver.java
/sfs/weka/scratch/wxw9rr/OE25-DEV/projects_decomposed/commons-configuration2-2.8.0-src/src/main/java/org/apache/commons/configuration2/reloading/ManagedReloadingDetectorMBean.java
/sfs/weka/scratch/wxw9rr/OE25-DEV/projects_decomposed/commons-configuration2-2.8.0-src/src/main/java/org/apache/commons/configuration2/tree/UnionCombiner.java
/sfs/weka/scratch/wxw9rr/OE25-DEV/projects_decomposed/commons-configuration2-2.8.0-src/src/main/java/org/apache/commons/configuration2/tree/OverrideCombiner.java
/sfs/weka/scratch/wxw9rr/OE25-DEV/projects_decomposed/commons-configuration2-2.8.0-src/src/main/java/org/apache/commons/configuration2/builder/fluent/DatabaseBuilderParameters.java
/sfs/weka/scratch/wxw9rr/OE25-DEV/projects_decomposed/commons-configuration2-2.8.0-src/src/main/java/org/apache/commons/configuration2/tree/TreeUtils.java
/sfs/weka/scratch/wxw9rr/OE25-DEV/projects_decomposed/commons-configuration2-2.8.0-src/src/main/java/org/apache/commons/configuration2/builder/ReloadingDetectorFactory.java
/sfs/weka/scratch/wxw9rr/OE25-DEV/projects_decomposed/commons-configuration2-2.8.0-src/src/main/java/org/apache/commons/configuration2/beanutils/CombinedBeanDeclaration.java
/sfs/weka/scratch/wxw9rr/OE25-DEV/projects_decomposed/commons-configuration2-2.8.0-src/src/main/java/org/apache/commons/configuration2/web/BaseWebConfiguration.java
/sfs/weka/scratch/wxw9rr/OE25-DEV/projects_decomposed/commons-configuration2-2.8.0-src/src/main/java/org/apache/commons/configuration2/tree/xpath/ConfigurationNodeIteratorBase.java
/sfs/weka/scratch/wxw9rr/OE25-DEV/projects_decomposed/commons-configuration2-2.8.0-src/src/main/java/org/apache/commons/configuration2/FindNodeVisitor.java
/sfs/weka/scratch/wxw9rr/OE25-DEV/projects_decomposed/commons-configuration2-2.8.0-src/src/main/java/org/apache/commons/configuration2/XMLConfiguration.java
/sfs/weka/scratch/wxw9rr/OE25-DEV/projects_decomposed/commons-configuration2-2.8.0-src/src/main/java/org/apache/commons/configuration2/HierarchicalConfiguration.java
/sfs/weka/scratch/wxw9rr/OE25-DEV/projects_decomposed/commons-configuration2-2.8.0-src/src/main/java/org/apache/commons/configuration2/HierarchicalConfigurationXMLReader.java
/sfs/weka/scratch/wxw9rr/OE25-DEV/projects_decomposed/commons-configuration2-2.8.0-src/src/main/java/org/apache/commons/configuration2/spring/ConfigurationPropertiesFactoryBean.java
/sfs/weka/scratch/wxw9rr/OE25-DEV/projects_decomposed/commons-configuration2-2.8.0-src/src/main/java/org/apache/commons/configuration2/builder/combined/MultiFileBuilderProperties.java
/sfs/weka/scratch/wxw9rr/OE25-DEV/projects_decomposed/commons-configuration2-2.8.0-src/src/main/java/org/apache/commons/configuration2/builder/combined/FileExtensionConfigurationBuilderProvider.java
/sfs/weka/scratch/wxw9rr/OE25-DEV/projects_decomposed/commons-configuration2-2.8.0-src/src/main/java/org/apache/commons/configuration2/builder/FileBasedBuilderParametersImpl.java
/sfs/weka/scratch/wxw9rr/OE25-DEV/projects_decomposed/commons-configuration2-2.8.0-src/src/main/java/org/apache/commons/configuration2/tree/AbstractImmutableNodeHandler.java
/sfs/weka/scratch/wxw9rr/OE25-DEV/projects_decomposed/commons-configuration2-2.8.0-src/null/generated-sources/javacc/org/apache/commons/configuration2/plist/PropertyListParserTokenManager.java
/sfs/weka/scratch/wxw9rr/OE25-DEV/projects_decomposed/commons-configuration2-2.8.0-src/src/main/java/org/apache/commons/configuration2/builder/PropertiesBuilderParametersImpl.java
/sfs/weka/scratch/wxw9rr/OE25-DEV/projects_decomposed/commons-configuration2-2.8.0-src/src/main/java/org/apache/commons/configuration2/ConfigurationDecoder.java
/sfs/weka/scratch/wxw9rr/OE25-DEV/projects_decomposed/commons-configuration2-2.8.0-src/src/main/java/org/apache/commons/configuration2/io/InputStreamSupport.java
/sfs/weka/scratch/wxw9rr/OE25-DEV/projects_decomposed/commons-configuration2-2.8.0-src/src/main/java/org/apache/commons/configuration2/builder/fluent/Configurations.java
/sfs/weka/scratch/wxw9rr/OE25-DEV/projects_decomposed/commons-configuration2-2.8.0-src/src/main/java/org/apache/commons/configuration2/tree/xpath/ConfigurationNodeIteratorChildren.java
/sfs/weka/scratch/wxw9rr/OE25-DEV/projects_decomposed/commons-configuration2-2.8.0-src/src/main/java/org/apache/commons/configuration2/io/FileHandler.java
/sfs/weka/scratch/wxw9rr/OE25-DEV/projects_decomposed/commons-configuration2-2.8.0-src/src/main/java/org/apache/commons/configuration2/ConfigurationConverter.java
/sfs/weka/scratch/wxw9rr/OE25-DEV/projects_decomposed/commons-configuration2-2.8.0-src/src/main/java/org/apache/commons/configuration2/web/ServletFilterConfiguration.java
/sfs/weka/scratch/wxw9rr/OE25-DEV/projects_decomposed/commons-configuration2-2.8.0-src/src/main/java/org/apache/commons/configuration2/MapConfiguration.java
/sfs/weka/scratch/wxw9rr/OE25-DEV/projects_decomposed/commons-configuration2-2.8.0-src/src/main/java/org/apache/commons/configuration2/plist/PropertyListConfiguration.java
/sfs/weka/scratch/wxw9rr/OE25-DEV/projects_decomposed/commons-configuration2-2.8.0-src/src/main/java/org/apache/commons/configuration2/builder/fluent/package-info.java
/sfs/weka/scratch/wxw9rr/OE25-DEV/projects_decomposed/commons-configuration2-2.8.0-src/src/main/java/org/apache/commons/configuration2/XMLPropertiesConfiguration.java
/sfs/weka/scratch/wxw9rr/OE25-DEV/projects_decomposed/commons-configuration2-2.8.0-src/src/main/java/org/apache/commons/configuration2/DatabaseConfiguration.java
/sfs/weka/scratch/wxw9rr/OE25-DEV/projects_decomposed/commons-configuration2-2.8.0-src/src/main/java/org/apache/commons/configuration2/resolver/EntityResolverSupport.java
/sfs/weka/scratch/wxw9rr/OE25-DEV/projects_decomposed/commons-configuration2-2.8.0-src/src/main/java/org/apache/commons/configuration2/builder/fluent/FileBasedBuilderParameters.java
/sfs/weka/scratch/wxw9rr/OE25-DEV/projects_decomposed/commons-configuration2-2.8.0-src/src/main/java/org/apache/commons/configuration2/ConfigurationConsumer.java
/sfs/weka/scratch/wxw9rr/OE25-DEV/projects_decomposed/commons-configuration2-2.8.0-src/src/main/java/org/apache/commons/configuration2/beanutils/BeanHelper.java
/sfs/weka/scratch/wxw9rr/OE25-DEV/projects_decomposed/commons-configuration2-2.8.0-src/src/main/java/org/apache/commons/configuration2/interpol/ConstantLookup.java
/sfs/weka/scratch/wxw9rr/OE25-DEV/projects_decomposed/commons-configuration2-2.8.0-src/src/main/java/org/apache/commons/configuration2/CombinedConfiguration.java
/sfs/weka/scratch/wxw9rr/OE25-DEV/projects_decomposed/commons-configuration2-2.8.0-src/src/main/java/org/apache/commons/configuration2/builder/combined/CombinedConfigurationBuilderProvider.java
/sfs/weka/scratch/wxw9rr/OE25-DEV/projects_decomposed/commons-configuration2-2.8.0-src/src/main/java/org/apache/commons/configuration2/builder/combined/ConfigurationDeclaration.java
/sfs/weka/scratch/wxw9rr/OE25-DEV/projects_decomposed/commons-configuration2-2.8.0-src/src/main/java/org/apache/commons/configuration2/tree/TrackedNodeHandler.java
/sfs/weka/scratch/wxw9rr/OE25-DEV/projects_decomposed/commons-configuration2-2.8.0-src/src/main/java/org/apache/commons/configuration2/builder/combined/MultiFileConfigurationBuilderProvider.java
/sfs/weka/scratch/wxw9rr/OE25-DEV/projects_decomposed/commons-configuration2-2.8.0-src/src/main/java/org/apache/commons/configuration2/SubsetConfiguration.java
/sfs/weka/scratch/wxw9rr/OE25-DEV/projects_decomposed/commons-configuration2-2.8.0-src/src/main/java/org/apache/commons/configuration2/builder/combined/CombinedConfigurationBuilder.java
/sfs/weka/scratch/wxw9rr/OE25-DEV/projects_decomposed/commons-configuration2-2.8.0-src/src/main/java/org/apache/commons/configuration2/EnvironmentConfiguration.java
/sfs/weka/scratch/wxw9rr/OE25-DEV/projects_decomposed/commons-configuration2-2.8.0-src/src/main/java/org/apache/commons/configuration2/ex/ConversionException.java
/sfs/weka/scratch/wxw9rr/OE25-DEV/projects_decomposed/commons-configuration2-2.8.0-src/src/main/java/org/apache/commons/configuration2/reloading/ManagedReloadingDetector.java
/sfs/weka/scratch/wxw9rr/OE25-DEV/projects_decomposed/commons-configuration2-2.8.0-src/src/main/java/org/apache/commons/configuration2/ImmutableHierarchicalConfiguration.java
/sfs/weka/scratch/wxw9rr/OE25-DEV/projects_decomposed/commons-configuration2-2.8.0-src/src/main/java/org/apache/commons/configuration2/sync/Synchronizer.java
/sfs/weka/scratch/wxw9rr/OE25-DEV/projects_decomposed/commons-configuration2-2.8.0-src/src/main/java/org/apache/commons/configuration2/tree/xpath/ConfigurationNodeIteratorAttribute.java
/sfs/weka/scratch/wxw9rr/OE25-DEV/projects_decomposed/commons-configuration2-2.8.0-src/src/main/java/org/apache/commons/configuration2/event/EventType.java
/sfs/weka/scratch/wxw9rr/OE25-DEV/projects_decomposed/commons-configuration2-2.8.0-src/src/main/java/org/apache/commons/configuration2/web/ServletRequestConfiguration.java
/sfs/weka/scratch/wxw9rr/OE25-DEV/projects_decomposed/commons-configuration2-2.8.0-src/src/main/java/org/apache/commons/configuration2/tree/MergeCombiner.java
/sfs/weka/scratch/wxw9rr/OE25-DEV/projects_decomposed/commons-configuration2-2.8.0-src/src/main/java/org/apache/commons/configuration2/event/Event.java
/sfs/weka/scratch/wxw9rr/OE25-DEV/projects_decomposed/commons-configuration2-2.8.0-src/src/main/java/org/apache/commons/configuration2/tree/NodeModelSupport.java
/sfs/weka/scratch/wxw9rr/OE25-DEV/projects_decomposed/commons-configuration2-2.8.0-src/src/main/java/org/apache/commons/configuration2/resolver/EntityRegistry.java
/sfs/weka/scratch/wxw9rr/OE25-DEV/projects_decomposed/commons-configuration2-2.8.0-src/src/main/java/org/apache/commons/configuration2/io/FileHandlerListener.java
/sfs/weka/scratch/wxw9rr/OE25-DEV/projects_decomposed/commons-configuration2-2.8.0-src/src/main/java/org/apache/commons/configuration2/interpol/package-info.java
/sfs/weka/scratch/wxw9rr/OE25-DEV/projects_decomposed/commons-configuration2-2.8.0-src/src/main/java/org/apache/commons/configuration2/beanutils/ConfigurationDynaBean.java
/sfs/weka/scratch/wxw9rr/OE25-DEV/projects_decomposed/commons-configuration2-2.8.0-src/src/main/java/org/apache/commons/configuration2/io/URLConnectionOptions.java
/sfs/weka/scratch/wxw9rr/OE25-DEV/projects_decomposed/commons-configuration2-2.8.0-src/src/main/java/org/apache/commons/configuration2/SubnodeConfiguration.java
/sfs/weka/scratch/wxw9rr/OE25-DEV/projects_decomposed/commons-configuration2-2.8.0-src/src/main/java/org/apache/commons/configuration2/builder/EventListenerProvider.java
/sfs/weka/scratch/wxw9rr/OE25-DEV/projects_decomposed/commons-configuration2-2.8.0-src/src/main/java/org/apache/commons/configuration2/builder/DefaultParametersHandler.java
/sfs/weka/scratch/wxw9rr/OE25-DEV/projects_decomposed/commons-configuration2-2.8.0-src/src/main/java/org/apache/commons/configuration2/tree/NodeModel.java
/sfs/weka/scratch/wxw9rr/OE25-DEV/projects_decomposed/commons-configuration2-2.8.0-src/src/main/java/org/apache/commons/configuration2/sync/LockMode.java
/sfs/weka/scratch/wxw9rr/OE25-DEV/projects_decomposed/commons-configuration2-2.8.0-src/src/main/java/org/apache/commons/configuration2/spring/ConfigurationPropertySource.java
/sfs/weka/scratch/wxw9rr/OE25-DEV/projects_decomposed/commons-configuration2-2.8.0-src/src/main/java/org/apache/commons/configuration2/io/FileUtils.java
/sfs/weka/scratch/wxw9rr/OE25-DEV/projects_decomposed/commons-configuration2-2.8.0-src/src/main/java/org/apache/commons/configuration2/convert/AbstractListDelimiterHandler.java
/sfs/weka/scratch/wxw9rr/OE25-DEV/projects_decomposed/commons-configuration2-2.8.0-src/src/main/java/org/apache/commons/configuration2/INIConfiguration.java
/sfs/weka/scratch/wxw9rr/OE25-DEV/projects_decomposed/commons-configuration2-2.8.0-src/src/main/java/org/apache/commons/configuration2/tree/xpath/package-info.java
/sfs/weka/scratch/wxw9rr/OE25-DEV/projects_decomposed/commons-configuration2-2.8.0-src/src/main/java/org/apache/commons/configuration2/beanutils/ConfigurationDynaClass.java
/sfs/weka/scratch/wxw9rr/OE25-DEV/projects_decomposed/commons-configuration2-2.8.0-src/src/main/java/org/apache/commons/configuration2/builder/BasicBuilderProperties.java
/sfs/weka/scratch/wxw9rr/OE25-DEV/projects_decomposed/commons-configuration2-2.8.0-src/src/main/java/org/apache/commons/configuration2/builder/CopyObjectDefaultHandler.java
/sfs/weka/scratch/wxw9rr/OE25-DEV/projects_decomposed/commons-configuration2-2.8.0-src/src/main/java/org/apache/commons/configuration2/builder/fluent/PropertiesBuilderParameters.java
/sfs/weka/scratch/wxw9rr/OE25-DEV/projects_decomposed/commons-configuration2-2.8.0-src/src/main/java/org/apache/commons/configuration2/tree/InMemoryNodeModel.java
/sfs/weka/scratch/wxw9rr/OE25-DEV/projects_decomposed/commons-configuration2-2.8.0-src/src/main/java/org/apache/commons/configuration2/web/ServletContextConfiguration.java
/sfs/weka/scratch/wxw9rr/OE25-DEV/projects_decomposed/commons-configuration2-2.8.0-src/src/main/java/org/apache/commons/configuration2/AbstractYAMLBasedConfiguration.java
/sfs/weka/scratch/wxw9rr/OE25-DEV/projects_decomposed/commons-configuration2-2.8.0-src/src/main/java/org/apache/commons/configuration2/convert/PropertyConverter.java
/sfs/weka/scratch/wxw9rr/OE25-DEV/projects_decomposed/commons-configuration2-2.8.0-src/src/main/java/org/apache/commons/configuration2/tree/NodeKeyResolver.java
/sfs/weka/scratch/wxw9rr/OE25-DEV/projects_decomposed/commons-configuration2-2.8.0-src/src/main/java/org/apache/commons/configuration2/tree/NodeMatcher.java
/sfs/weka/scratch/wxw9rr/OE25-DEV/projects_decomposed/commons-configuration2-2.8.0-src/src/main/java/org/apache/commons/configuration2/convert/DisabledListDelimiterHandler.java
/sfs/weka/scratch/wxw9rr/OE25-DEV/projects_decomposed/commons-configuration2-2.8.0-src/src/main/java/org/apache/commons/configuration2/DynamicCombinedConfiguration.java
/sfs/weka/scratch/wxw9rr/OE25-DEV/projects_decomposed/commons-configuration2-2.8.0-src/src/main/java/org/apache/commons/configuration2/interpol/ExprLookup.java
/sfs/weka/scratch/wxw9rr/OE25-DEV/projects_decomposed/commons-configuration2-2.8.0-src/src/main/java/org/apache/commons/configuration2/event/ConfigurationEvent.java
/sfs/weka/scratch/wxw9rr/OE25-DEV/projects_decomposed/commons-configuration2-2.8.0-src/src/main/java/org/apache/commons/configuration2/sync/ReadWriteSynchronizer.java
/sfs/weka/scratch/wxw9rr/OE25-DEV/projects_decomposed/commons-configuration2-2.8.0-src/src/main/java/org/apache/commons/configuration2/builder/fluent/Parameters.java
/sfs/weka/scratch/wxw9rr/OE25-DEV/projects_decomposed/commons-configuration2-2.8.0-src/src/main/java/org/apache/commons/configuration2/AbstractConfiguration.java
/sfs/weka/scratch/wxw9rr/OE25-DEV/projects_decomposed/commons-configuration2-2.8.0-src/src/main/java/org/apache/commons/configuration2/XMLDocumentHelper.java
/sfs/weka/scratch/wxw9rr/OE25-DEV/projects_decomposed/commons-configuration2-2.8.0-src/src/main/java/org/apache/commons/configuration2/builder/combined/CombinedBuilderProperties.java
/sfs/weka/scratch/wxw9rr/OE25-DEV/projects_decomposed/commons-configuration2-2.8.0-src/src/main/java/org/apache/commons/configuration2/builder/combined/MultiWrapDynaBean.java
/sfs/weka/scratch/wxw9rr/OE25-DEV/projects_decomposed/commons-configuration2-2.8.0-src/src/main/java/org/apache/commons/configuration2/PropertiesConfiguration.java
/sfs/weka/scratch/wxw9rr/OE25-DEV/projects_decomposed/commons-configuration2-2.8.0-src/src/main/java/org/apache/commons/configuration2/beanutils/DefaultBeanFactory.java
/sfs/weka/scratch/wxw9rr/OE25-DEV/projects_decomposed/commons-configuration2-2.8.0-src/src/main/java/org/apache/commons/configuration2/io/CombinedLocationStrategy.java
/sfs/weka/scratch/wxw9rr/OE25-DEV/projects_decomposed/commons-configuration2-2.8.0-src/src/main/java/org/apache/commons/configuration2/io/FileLocationStrategy.java
/sfs/weka/scratch/wxw9rr/OE25-DEV/projects_decomposed/commons-configuration2-2.8.0-src/src/main/java/org/apache/commons/configuration2/builder/JndiBuilderProperties.java
/sfs/weka/scratch/wxw9rr/OE25-DEV/projects_decomposed/commons-configuration2-2.8.0-src/null/generated-sources/javacc/org/apache/commons/configuration2/plist/ParseException.java
/sfs/weka/scratch/wxw9rr/OE25-DEV/projects_decomposed/commons-configuration2-2.8.0-src/src/main/java/org/apache/commons/configuration2/builder/combined/MultiFileBuilderParametersImpl.java
/sfs/weka/scratch/wxw9rr/OE25-DEV/projects_decomposed/commons-configuration2-2.8.0-src/src/main/java/org/apache/commons/configuration2/builder/EventListenerParameters.java
/sfs/weka/scratch/wxw9rr/OE25-DEV/projects_decomposed/commons-configuration2-2.8.0-src/src/main/java/org/apache/commons/configuration2/resolver/package-info.java
/sfs/weka/scratch/wxw9rr/OE25-DEV/projects_decomposed/commons-configuration2-2.8.0-src/src/main/java/org/apache/commons/configuration2/convert/package-info.java
/sfs/weka/scratch/wxw9rr/OE25-DEV/projects_decomposed/commons-configuration2-2.8.0-src/src/main/java/org/apache/commons/configuration2/sync/NoOpSynchronizer.java
/sfs/weka/scratch/wxw9rr/OE25-DEV/projects_decomposed/commons-configuration2-2.8.0-src/src/main/java/org/apache/commons/configuration2/builder/ReloadingBuilderSupportListener.java
/sfs/weka/scratch/wxw9rr/OE25-DEV/projects_decomposed/commons-configuration2-2.8.0-src/src/main/java/org/apache/commons/configuration2/BaseConfigurationXMLReader.java
/sfs/weka/scratch/wxw9rr/OE25-DEV/projects_decomposed/commons-configuration2-2.8.0-src/src/main/java/org/apache/commons/configuration2/builder/XMLBuilderParametersImpl.java
/sfs/weka/scratch/wxw9rr/OE25-DEV/projects_decomposed/commons-configuration2-2.8.0-src/src/main/java/org/apache/commons/configuration2/web/package-info.java
/sfs/weka/scratch/wxw9rr/OE25-DEV/projects_decomposed/commons-configuration2-2.8.0-src/src/main/java/org/apache/commons/configuration2/io/VerifiableOutputStream.java
/sfs/weka/scratch/wxw9rr/OE25-DEV/projects_decomposed/commons-configuration2-2.8.0-src/src/main/java/org/apache/commons/configuration2/convert/DefaultListDelimiterHandler.java
/sfs/weka/scratch/wxw9rr/OE25-DEV/projects_decomposed/commons-configuration2-2.8.0-src/src/main/java/org/apache/commons/configuration2/event/EventSource.java
/sfs/weka/scratch/wxw9rr/OE25-DEV/projects_decomposed/commons-configuration2-2.8.0-src/src/main/java/org/apache/commons/configuration2/builder/ConfigurationBuilderResultCreatedEvent.java
/sfs/weka/scratch/wxw9rr/OE25-DEV/projects_decomposed/commons-configuration2-2.8.0-src/src/main/java/org/apache/commons/configuration2/beanutils/package-info.java
/sfs/weka/scratch/wxw9rr/OE25-DEV/projects_decomposed/commons-configuration2-2.8.0-src/src/main/java/org/apache/commons/configuration2/plist/package-info.java
/sfs/weka/scratch/wxw9rr/OE25-DEV/projects_decomposed/commons-configuration2-2.8.0-src/src/main/java/org/apache/commons/configuration2/tree/DefaultExpressionEngineSymbols.java
/sfs/weka/scratch/wxw9rr/OE25-DEV/projects_decomposed/commons-configuration2-2.8.0-src/src/main/java/org/apache/commons/configuration2/tree/TrackedNodeModel.java
/sfs/weka/scratch/wxw9rr/OE25-DEV/projects_decomposed/commons-configuration2-2.8.0-src/src/main/java/org/apache/commons/configuration2/builder/INIBuilderProperties.java
/sfs/weka/scratch/wxw9rr/OE25-DEV/projects_decomposed/commons-configuration2-2.8.0-src/src/main/java/org/apache/commons/configuration2/builder/fluent/XMLBuilderParameters.java
/sfs/weka/scratch/wxw9rr/OE25-DEV/projects_decomposed/commons-configuration2-2.8.0-src/src/main/java/org/apache/commons/configuration2/DataConfiguration.java
/sfs/weka/scratch/wxw9rr/OE25-DEV/projects_decomposed/commons-configuration2-2.8.0-src/null/generated-sources/javacc/org/apache/commons/configuration2/plist/Token.java
/sfs/weka/scratch/wxw9rr/OE25-DEV/projects_decomposed/commons-configuration2-2.8.0-src/src/main/java/org/apache/commons/configuration2/io/AbsoluteNameLocationStrategy.java
/sfs/weka/scratch/wxw9rr/OE25-DEV/projects_decomposed/commons-configuration2-2.8.0-src/src/main/java/org/apache/commons/configuration2/web/ServletConfiguration.java
/sfs/weka/scratch/wxw9rr/OE25-DEV/projects_decomposed/commons-configuration2-2.8.0-src/src/main/java/org/apache/commons/configuration2/reloading/ReloadingDetector.java
/sfs/weka/scratch/wxw9rr/OE25-DEV/projects_decomposed/commons-configuration2-2.8.0-src/src/main/java/org/apache/commons/configuration2/tree/package-info.java
/sfs/weka/scratch/wxw9rr/OE25-DEV/projects_decomposed/commons-configuration2-2.8.0-src/src/main/java/org/apache/commons/configuration2/tree/NodeSelector.java
/sfs/weka/scratch/wxw9rr/OE25-DEV/projects_decomposed/commons-configuration2-2.8.0-src/src/main/java/org/apache/commons/configuration2/CompositeConfiguration.java
/sfs/weka/scratch/wxw9rr/OE25-DEV/projects_decomposed/commons-configuration2-2.8.0-src/src/main/java/org/apache/commons/configuration2/BaseHierarchicalConfiguration.java
/sfs/weka/scratch/wxw9rr/OE25-DEV/projects_decomposed/commons-configuration2-2.8.0-src/src/main/java/org/apache/commons/configuration2/ex/ConfigurationException.java
/sfs/weka/scratch/wxw9rr/OE25-DEV/projects_decomposed/commons-configuration2-2.8.0-src/src/main/java/org/apache/commons/configuration2/sync/SynchronizerSupport.java
/sfs/weka/scratch/wxw9rr/OE25-DEV/projects_decomposed/commons-configuration2-2.8.0-src/src/main/java/org/apache/commons/configuration2/HierarchicalConfigurationConverter.java
/sfs/weka/scratch/wxw9rr/OE25-DEV/projects_decomposed/commons-configuration2-2.8.0-src/src/main/java/org/apache/commons/configuration2/interpol/StringLookupAdapter.java
/sfs/weka/scratch/wxw9rr/OE25-DEV/projects_decomposed/commons-configuration2-2.8.0-src/null/generated-sources/javacc/org/apache/commons/configuration2/plist/SimpleCharStream.java
/sfs/weka/scratch/wxw9rr/OE25-DEV/projects_decomposed/commons-configuration2-2.8.0-src/src/main/java/org/apache/commons/configuration2/tree/TreeData.java
/sfs/weka/scratch/wxw9rr/OE25-DEV/projects_decomposed/commons-configuration2-2.8.0-src/src/main/java/org/apache/commons/configuration2/Configuration.java
/sfs/weka/scratch/wxw9rr/OE25-DEV/projects_decomposed/commons-configuration2-2.8.0-src/src/main/java/org/apache/commons/configuration2/AbstractHierarchicalConfiguration.java
/sfs/weka/scratch/wxw9rr/OE25-DEV/projects_decomposed/commons-configuration2-2.8.0-src/src/main/java/org/apache/commons/configuration2/io/FileLocator.java
/sfs/weka/scratch/wxw9rr/OE25-DEV/projects_decomposed/commons-configuration2-2.8.0-src/src/main/java/org/apache/commons/configuration2/builder/fluent/INIBuilderParameters.java
/sfs/weka/scratch/wxw9rr/OE25-DEV/projects_decomposed/commons-configuration2-2.8.0-src/src/main/java/org/apache/commons/configuration2/io/FileLocatorUtils.java
/sfs/weka/scratch/wxw9rr/OE25-DEV/projects_decomposed/commons-configuration2-2.8.0-src/src/main/java/org/apache/commons/configuration2/io/BasePathLocationStrategy.java
/sfs/weka/scratch/wxw9rr/OE25-DEV/projects_decomposed/commons-configuration2-2.8.0-src/src/main/java/org/apache/commons/configuration2/ImmutableConfigurationInvocationHandler.java
/sfs/weka/scratch/wxw9rr/OE25-DEV/projects_decomposed/commons-configuration2-2.8.0-src/src/main/java/org/apache/commons/configuration2/builder/fluent/HierarchicalBuilderParameters.java
/sfs/weka/scratch/wxw9rr/OE25-DEV/projects_decomposed/commons-configuration2-2.8.0-src/src/main/java/org/apache/commons/configuration2/io/package-info.java
/sfs/weka/scratch/wxw9rr/OE25-DEV/projects_decomposed/commons-configuration2-2.8.0-src/src/main/java/org/apache/commons/configuration2/ex/package-info.java
/sfs/weka/scratch/wxw9rr/OE25-DEV/projects_decomposed/commons-configuration2-2.8.0-src/src/main/java/org/apache/commons/configuration2/convert/ValueTransformer.java
/sfs/weka/scratch/wxw9rr/OE25-DEV/projects_decomposed/commons-configuration2-2.8.0-src/null/generated-sources/javacc/org/apache/commons/configuration2/plist/PropertyListParserConstants.java
/sfs/weka/scratch/wxw9rr/OE25-DEV/projects_decomposed/commons-configuration2-2.8.0-src/src/main/java/org/apache/commons/configuration2/event/EventListenerList.java
/sfs/weka/scratch/wxw9rr/OE25-DEV/projects_decomposed/commons-configuration2-2.8.0-src/src/main/java/org/apache/commons/configuration2/builder/DatabaseBuilderProperties.java
/sfs/weka/scratch/wxw9rr/OE25-DEV/projects_decomposed/commons-configuration2-2.8.0-src/src/main/java/org/apache/commons/configuration2/builder/JndiBuilderParametersImpl.java
/sfs/weka/scratch/wxw9rr/OE25-DEV/projects_decomposed/commons-configuration2-2.8.0-src/src/main/java/org/apache/commons/configuration2/reloading/PeriodicReloadingTrigger.java
/sfs/weka/scratch/wxw9rr/OE25-DEV/projects_decomposed/commons-configuration2-2.8.0-src/src/main/java/org/apache/commons/configuration2/event/EventListener.java
/sfs/weka/scratch/wxw9rr/OE25-DEV/projects_decomposed/commons-configuration2-2.8.0-src/src/main/java/org/apache/commons/configuration2/reloading/CombinedReloadingController.java
/sfs/weka/scratch/wxw9rr/OE25-DEV/projects_decomposed/commons-configuration2-2.8.0-src/src/main/java/org/apache/commons/configuration2/tree/xpath/ConfigurationNodePointerFactory.java
/sfs/weka/scratch/wxw9rr/OE25-DEV/projects_decomposed/commons-configuration2-2.8.0-src/src/main/java/org/apache/commons/configuration2/io/ClasspathLocationStrategy.java
/sfs/weka/scratch/wxw9rr/OE25-DEV/projects_decomposed/commons-configuration2-2.8.0-src/src/main/java/org/apache/commons/configuration2/io/FileBased.java
/sfs/weka/scratch/wxw9rr/OE25-DEV/projects_decomposed/commons-configuration2-2.8.0-src/src/main/java/org/apache/commons/configuration2/tree/NodeTracker.java
/sfs/weka/scratch/wxw9rr/OE25-DEV/projects_decomposed/commons-configuration2-2.8.0-src/src/main/java/org/apache/commons/configuration2/JSONConfiguration.java
/sfs/weka/scratch/wxw9rr/OE25-DEV/projects_decomposed/commons-configuration2-2.8.0-src/src/main/java/org/apache/commons/configuration2/PatternSubtreeConfigurationWrapper.java
/sfs/weka/scratch/wxw9rr/OE25-DEV/projects_decomposed/commons-configuration2-2.8.0-src/src/main/java/org/apache/commons/configuration2/event/ConfigurationErrorEvent.java
/sfs/weka/scratch/wxw9rr/OE25-DEV/projects_decomposed/commons-configuration2-2.8.0-src/src/main/java/org/apache/commons/configuration2/reloading/ReloadingEvent.java
/sfs/weka/scratch/wxw9rr/OE25-DEV/projects_decomposed/commons-configuration2-2.8.0-src/src/main/java/org/apache/commons/configuration2/ConfigurationMap.java
/sfs/weka/scratch/wxw9rr/OE25-DEV/projects_decomposed/commons-configuration2-2.8.0-src/src/main/java/org/apache/commons/configuration2/reloading/VFSFileHandlerReloadingDetector.java
/sfs/weka/scratch/wxw9rr/OE25-DEV/projects_decomposed/commons-configuration2-2.8.0-src/src/main/java/org/apache/commons/configuration2/interpol/InterpolatorSpecification.java
/sfs/weka/scratch/wxw9rr/OE25-DEV/projects_decomposed/commons-configuration2-2.8.0-src/src/main/java/org/apache/commons/configuration2/beanutils/BeanCreationContext.java
/sfs/weka/scratch/wxw9rr/OE25-DEV/projects_decomposed/commons-configuration2-2.8.0-src/src/main/java/org/apache/commons/configuration2/builder/XMLBuilderProperties.java
/sfs/weka/scratch/wxw9rr/OE25-DEV/projects_decomposed/commons-configuration2-2.8.0-src/src/main/java/org/apache/commons/configuration2/BaseConfiguration.java
/sfs/weka/scratch/wxw9rr/OE25-DEV/projects_decomposed/commons-configuration2-2.8.0-src/src/main/java/org/apache/commons/configuration2/builder/package-info.java
/sfs/weka/scratch/wxw9rr/OE25-DEV/projects_decomposed/commons-configuration2-2.8.0-src/src/main/java/org/apache/commons/configuration2/convert/DefaultConversionHandler.java
/sfs/weka/scratch/wxw9rr/OE25-DEV/projects_decomposed/commons-configuration2-2.8.0-src/src/main/java/org/apache/commons/configuration2/beanutils/BeanFactory.java
/sfs/weka/scratch/wxw9rr/OE25-DEV/projects_decomposed/commons-configuration2-2.8.0-src/src/main/java/org/apache/commons/configuration2/tree/xpath/ConfigurationAttributePointer.java
/sfs/weka/scratch/wxw9rr/OE25-DEV/projects_decomposed/commons-configuration2-2.8.0-src/src/main/java/org/apache/commons/configuration2/builder/BuilderParameters.java
/sfs/weka/scratch/wxw9rr/OE25-DEV/projects_decomposed/commons-configuration2-2.8.0-src/src/main/java/org/apache/commons/configuration2/tree/xpath/XPathExpressionEngine.java
/sfs/weka/scratch/wxw9rr/OE25-DEV/projects_decomposed/commons-configuration2-2.8.0-src/src/main/java/org/apache/commons/configuration2/beanutils/ConstructorArg.java
/sfs/weka/scratch/wxw9rr/OE25-DEV/projects_decomposed/commons-configuration2-2.8.0-src/src/main/java/org/apache/commons/configuration2/tree/NodeCombiner.java
/sfs/weka/scratch/wxw9rr/OE25-DEV/projects_decomposed/commons-configuration2-2.8.0-src/src/main/java/org/apache/commons/configuration2/tree/ConfigurationNodeVisitor.java
/sfs/weka/scratch/wxw9rr/OE25-DEV/projects_decomposed/commons-configuration2-2.8.0-src/src/main/java/org/apache/commons/configuration2/builder/combined/MultiFileConfigurationBuilder.java
/sfs/weka/scratch/wxw9rr/OE25-DEV/projects_decomposed/commons-configuration2-2.8.0-src/src/main/java/org/apache/commons/configuration2/interpol/ConfigurationInterpolator.java
/sfs/weka/scratch/wxw9rr/OE25-DEV/projects_decomposed/commons-configuration2-2.8.0-src/src/main/java/org/apache/commons/configuration2/builder/DefaultParametersManager.java
/sfs/weka/scratch/wxw9rr/OE25-DEV/projects_decomposed/commons-configuration2-2.8.0-src/src/main/java/org/apache/commons/configuration2/tree/ConfigurationNodeVisitorAdapter.java
/sfs/weka/scratch/wxw9rr/OE25-DEV/projects_decomposed/commons-configuration2-2.8.0-src/src/main/java/org/apache/commons/configuration2/StrictConfigurationComparator.java
/sfs/weka/scratch/wxw9rr/OE25-DEV/projects_decomposed/commons-configuration2-2.8.0-src/src/main/java/org/apache/commons/configuration2/tree/ModelTransaction.java
/sfs/weka/scratch/wxw9rr/OE25-DEV/projects_decomposed/commons-configuration2-2.8.0-src/src/main/java/org/apache/commons/configuration2/io/VFSFileSystem.java
/sfs/weka/scratch/wxw9rr/OE25-DEV/projects_decomposed/commons-configuration2-2.8.0-src/src/main/java/org/apache/commons/configuration2/convert/ConversionHandler.java
/sfs/weka/scratch/wxw9rr/OE25-DEV/projects_decomposed/commons-configuration2-2.8.0-src/src/main/java/org/apache/commons/configuration2/tree/ReferenceTracker.java
/sfs/weka/scratch/wxw9rr/OE25-DEV/projects_decomposed/commons-configuration2-2.8.0-src/src/main/java/org/apache/commons/configuration2/builder/BasicBuilderParameters.java
/sfs/weka/scratch/wxw9rr/OE25-DEV/projects_decomposed/commons-configuration2-2.8.0-src/src/main/java/org/apache/commons/configuration2/tree/xpath/XPathContextFactory.java
/sfs/weka/scratch/wxw9rr/OE25-DEV/projects_decomposed/commons-configuration2-2.8.0-src/src/main/java/org/apache/commons/configuration2/builder/HierarchicalBuilderParametersImpl.java
/sfs/weka/scratch/wxw9rr/OE25-DEV/projects_decomposed/commons-configuration2-2.8.0-src/src/main/java/org/apache/commons/configuration2/builder/DefaultReloadingDetectorFactory.java
/sfs/weka/scratch/wxw9rr/OE25-DEV/projects_decomposed/commons-configuration2-2.8.0-src/src/main/java/org/apache/commons/configuration2/tree/NodeAddData.java
/sfs/weka/scratch/wxw9rr/OE25-DEV/projects_decomposed/commons-configuration2-2.8.0-src/src/main/java/org/apache/commons/configuration2/builder/fluent/JndiBuilderParameters.java
/sfs/weka/scratch/wxw9rr/OE25-DEV/projects_decomposed/commons-configuration2-2.8.0-src/src/main/java/org/apache/commons/configuration2/io/FileOptionsProvider.java
/sfs/weka/scratch/wxw9rr/OE25-DEV/projects_decomposed/commons-configuration2-2.8.0-src/null/generated-sources/javacc/org/apache/commons/configuration2/plist/PropertyListParser.java
/sfs/weka/scratch/wxw9rr/OE25-DEV/projects_decomposed/commons-configuration2-2.8.0-src/src/main/java/org/apache/commons/configuration2/beanutils/XMLBeanDeclaration.java
