[INFO] Scanning for projects...
[INFO] 
[INFO] --------< org.asynchttpclient:async-http-client-extras-rxjava >---------
[INFO] Building Asynchronous Http Client RxJava Extras 2.12.3
[INFO]   from pom.xml
[INFO] --------------------------------[ jar ]---------------------------------
[INFO] 
[INFO] --- enforcer:1.4.1:enforce (enforce-versions) @ async-http-client-extras-rxjava ---
[INFO] 
[INFO] --- resources:3.0.2:resources (default-resources) @ async-http-client-extras-rxjava ---
[INFO] Using 'UTF-8' encoding to copy filtered resources.
[INFO] skip non existing resourceDirectory /sfs/weka/scratch/wxw9rr/OE25-DEV/projects_decomposed/async-http-client/extras/rxjava/src/main/resources
[INFO] 
[INFO] --- compiler:3.6.1:compile (default-compile) @ async-http-client-extras-rxjava ---
[INFO] Changes detected - recompiling the module!
[INFO] Compiling 7 source files to /sfs/weka/scratch/wxw9rr/OE25-DEV/projects_decomposed/async-http-client/extras/rxjava/target/classes
[INFO] 
[INFO] --- resources:3.0.2:testResources (default-testResources) @ async-http-client-extras-rxjava ---
[INFO] Using 'UTF-8' encoding to copy filtered resources.
[INFO] skip non existing resourceDirectory /sfs/weka/scratch/wxw9rr/OE25-DEV/projects_decomposed/async-http-client/extras/rxjava/src/test/resources
[INFO] 
[INFO] --- compiler:3.6.1:testCompile (default-testCompile) @ async-http-client-extras-rxjava ---
[INFO] Changes detected - recompiling the module!
[INFO] Compiling 3 source files to /sfs/weka/scratch/wxw9rr/OE25-DEV/projects_decomposed/async-http-client/extras/rxjava/target/test-classes
[INFO] /sfs/weka/scratch/wxw9rr/OE25-DEV/projects_decomposed/async-http-client/extras/rxjava/src/test/java/org/asynchttpclient/extras/rxjava/single/AsyncHttpSingleTest_OE25Dev.java: Some input files use or override a deprecated API.
[INFO] /sfs/weka/scratch/wxw9rr/OE25-DEV/projects_decomposed/async-http-client/extras/rxjava/src/test/java/org/asynchttpclient/extras/rxjava/single/AsyncHttpSingleTest_OE25Dev.java: Recompile with -Xlint:deprecation for details.
[INFO] 
[INFO] --- surefire:2.19.1:test (default-test) @ async-http-client-extras-rxjava ---

-------------------------------------------------------
 T E S T S
-------------------------------------------------------
Picked up _JAVA_OPTIONS: -Djava.io.tmpdir=/sfs/weka/scratch/wxw9rr/tmp
Running org.asynchttpclient.extras.rxjava.single.AsyncHttpSingleTest_OE25Dev
Tests run: 4, Failures: 0, Errors: 0, Skipped: 0, Time elapsed: 1.197 sec - in org.asynchttpclient.extras.rxjava.single.AsyncHttpSingleTest_OE25Dev

Results :

Tests run: 4, Failures: 0, Errors: 0, Skipped: 0

[INFO] ------------------------------------------------------------------------
[INFO] BUILD SUCCESS
[INFO] ------------------------------------------------------------------------
[INFO] Total time:  4.232 s
[INFO] Finished at: 2026-01-16T13:19:26-05:00
[INFO] ------------------------------------------------------------------------
