/sfs/weka/scratch/wxw9rr/artifact/RQ3/OE25-DEV/commons-vfs-2.9.0/commons-vfs2/src/main/java/org/apache/commons/vfs2/filter/FalseFileFilter.java
/sfs/weka/scratch/wxw9rr/artifact/RQ3/OE25-DEV/commons-vfs-2.9.0/commons-vfs2/src/main/java/org/apache/commons/vfs2/provider/local/DefaultLocalFileProvider.java
/sfs/weka/scratch/wxw9rr/artifact/RQ3/OE25-DEV/commons-vfs-2.9.0/commons-vfs2/src/main/java/org/apache/commons/vfs2/impl/FileTypeMap.java
/sfs/weka/scratch/wxw9rr/artifact/RQ3/OE25-DEV/commons-vfs-2.9.0/commons-vfs2/src/main/java/org/apache/commons/vfs2/provider/hdfs/HdfsFileAttributes.java
/sfs/weka/scratch/wxw9rr/artifact/RQ3/OE25-DEV/commons-vfs-2.9.0/commons-vfs2/src/main/java/org/apache/commons/vfs2/impl/VFSClassLoader.java
/sfs/weka/scratch/wxw9rr/artifact/RQ3/OE25-DEV/commons-vfs-2.9.0/commons-vfs2/src/main/java/org/apache/commons/vfs2/provider/http/HttpFileNameParser.java
/sfs/weka/scratch/wxw9rr/artifact/RQ3/OE25-DEV/commons-vfs-2.9.0/commons-vfs2/src/main/java/org/apache/commons/vfs2/FileSystemConfigBuilder.java
/sfs/weka/scratch/wxw9rr/artifact/RQ3/OE25-DEV/commons-vfs-2.9.0/commons-vfs2/src/main/java/org/apache/commons/vfs2/provider/res/ResourceFileName.java
/sfs/weka/scratch/wxw9rr/artifact/RQ3/OE25-DEV/commons-vfs-2.9.0/commons-vfs2/src/main/java/org/apache/commons/vfs2/filter/WildcardFileFilter.java
/sfs/weka/scratch/wxw9rr/artifact/RQ3/OE25-DEV/commons-vfs-2.9.0/commons-vfs2/src/main/java/org/apache/commons/vfs2/impl/URLStreamHandlerProxy.java
/sfs/weka/scratch/wxw9rr/artifact/RQ3/OE25-DEV/commons-vfs-2.9.0/commons-vfs2/src/main/java/org/apache/commons/vfs2/provider/sftp/SftpFileObject.java
/sfs/weka/scratch/wxw9rr/artifact/RQ3/OE25-DEV/commons-vfs-2.9.0/commons-vfs2/src/main/java/org/apache/commons/vfs2/provider/http4/Http4FileSystem.java
/sfs/weka/scratch/wxw9rr/artifact/RQ3/OE25-DEV/commons-vfs-2.9.0/commons-vfs2/src/main/java/org/apache/commons/vfs2/FileFilterSelector.java
/sfs/weka/scratch/wxw9rr/artifact/RQ3/OE25-DEV/commons-vfs-2.9.0/commons-vfs2/src/main/java/org/apache/commons/vfs2/provider/local/WindowsFileNameParser.java
/sfs/weka/scratch/wxw9rr/artifact/RQ3/OE25-DEV/commons-vfs-2.9.0/commons-vfs2/src/main/java/org/apache/commons/vfs2/tasks/DeleteTask.java
/sfs/weka/scratch/wxw9rr/artifact/RQ3/OE25-DEV/commons-vfs-2.9.0/commons-vfs2/src/main/java/org/apache/commons/vfs2/provider/zip/ZipFileSystem.java
/sfs/weka/scratch/wxw9rr/artifact/RQ3/OE25-DEV/commons-vfs-2.9.0/commons-vfs2/src/main/java/org/apache/commons/vfs2/impl/FileContentInfoFilenameFactory.java
/sfs/weka/scratch/wxw9rr/artifact/RQ3/OE25-DEV/commons-vfs-2.9.0/commons-vfs2/src/main/java/org/apache/commons/vfs2/FileDepthSelector.java
/sfs/weka/scratch/wxw9rr/artifact/RQ3/OE25-DEV/commons-vfs-2.9.0/commons-vfs2/src/main/java/org/apache/commons/vfs2/util/WeakRefFileListener.java
/sfs/weka/scratch/wxw9rr/artifact/RQ3/OE25-DEV/commons-vfs-2.9.0/commons-vfs2/src/main/java/org/apache/commons/vfs2/util/PosixPermissions.java
/sfs/weka/scratch/wxw9rr/artifact/RQ3/OE25-DEV/commons-vfs-2.9.0/commons-vfs2/src/main/java/org/apache/commons/vfs2/provider/http5/Http5FileContentInfoFactory.java
/sfs/weka/scratch/wxw9rr/artifact/RQ3/OE25-DEV/commons-vfs-2.9.0/commons-vfs2/src/main/java/org/apache/commons/vfs2/operations/vcs/VcsUpdateListener.java
/sfs/weka/scratch/wxw9rr/artifact/RQ3/OE25-DEV/commons-vfs-2.9.0/commons-vfs2/src/main/java/org/apache/commons/vfs2/provider/FileNameParser.java
/sfs/weka/scratch/wxw9rr/artifact/RQ3/OE25-DEV/commons-vfs-2.9.0/commons-vfs2/src/main/java/org/apache/commons/vfs2/operations/vcs/VcsDelete.java
/sfs/weka/scratch/wxw9rr/artifact/RQ3/OE25-DEV/commons-vfs-2.9.0/commons-vfs2/src/main/java/org/apache/commons/vfs2/provider/ftp/FtpFileObject.java
/sfs/weka/scratch/wxw9rr/artifact/RQ3/OE25-DEV/commons-vfs-2.9.0/commons-vfs2/src/main/java/org/apache/commons/vfs2/filter/IOCase.java
/sfs/weka/scratch/wxw9rr/artifact/RQ3/OE25-DEV/commons-vfs-2.9.0/commons-vfs2/src/main/java/org/apache/commons/vfs2/util/URIBitSets.java
/sfs/weka/scratch/wxw9rr/artifact/RQ3/OE25-DEV/commons-vfs-2.9.0/commons-vfs2/src/main/java/org/apache/commons/vfs2/impl/VirtualFileName.java
/sfs/weka/scratch/wxw9rr/artifact/RQ3/OE25-DEV/commons-vfs-2.9.0/commons-vfs2/src/main/java/org/apache/commons/vfs2/provider/ram/RamFileSystemConfigBuilder.java
/sfs/weka/scratch/wxw9rr/artifact/RQ3/OE25-DEV/commons-vfs-2.9.0/commons-vfs2/src/main/java/org/apache/commons/vfs2/provider/bzip2/Bzip2FileProvider.java
/sfs/weka/scratch/wxw9rr/artifact/RQ3/OE25-DEV/commons-vfs-2.9.0/commons-vfs2/src/main/java/org/apache/commons/vfs2/provider/url/UrlFileName.java
/sfs/weka/scratch/wxw9rr/artifact/RQ3/OE25-DEV/commons-vfs-2.9.0/commons-vfs2/src/main/java/org/apache/commons/vfs2/RandomAccessContent.java
/sfs/weka/scratch/wxw9rr/artifact/RQ3/OE25-DEV/commons-vfs-2.9.0/commons-vfs2/src/main/java/org/apache/commons/vfs2/VfsLog.java
/sfs/weka/scratch/wxw9rr/artifact/RQ3/OE25-DEV/commons-vfs-2.9.0/commons-vfs2/src/main/java/org/apache/commons/vfs2/provider/bzip2/Bzip2FileSystem.java
/sfs/weka/scratch/wxw9rr/artifact/RQ3/OE25-DEV/commons-vfs-2.9.0/commons-vfs2/src/main/java/org/apache/commons/vfs2/operations/vcs/VcsAdd.java
/sfs/weka/scratch/wxw9rr/artifact/RQ3/OE25-DEV/commons-vfs-2.9.0/commons-vfs2/src/main/java/org/apache/commons/vfs2/provider/gzip/GzipFileProvider.java
/sfs/weka/scratch/wxw9rr/artifact/RQ3/OE25-DEV/commons-vfs-2.9.0/commons-vfs2/src/main/java/org/apache/commons/vfs2/auth/StaticUserAuthenticator.java
/sfs/weka/scratch/wxw9rr/artifact/RQ3/OE25-DEV/commons-vfs-2.9.0/commons-vfs2/src/main/java/org/apache/commons/vfs2/operations/vcs/VcsStatus.java
/sfs/weka/scratch/wxw9rr/artifact/RQ3/OE25-DEV/commons-vfs-2.9.0/commons-vfs2/src/main/java/org/apache/commons/vfs2/impl/ProviderConfiguration.java
/sfs/weka/scratch/wxw9rr/artifact/RQ3/OE25-DEV/commons-vfs-2.9.0/commons-vfs2/src/main/java/org/apache/commons/vfs2/cache/FileSystemAndNameKey.java
/sfs/weka/scratch/wxw9rr/artifact/RQ3/OE25-DEV/commons-vfs-2.9.0/commons-vfs2/src/main/java/org/apache/commons/vfs2/provider/GenericURLFileNameParser.java
/sfs/weka/scratch/wxw9rr/artifact/RQ3/OE25-DEV/commons-vfs-2.9.0/commons-vfs2/src/main/java/org/apache/commons/vfs2/operations/AbstractFileOperation.java
/sfs/weka/scratch/wxw9rr/artifact/RQ3/OE25-DEV/commons-vfs-2.9.0/commons-vfs2/src/main/java/org/apache/commons/vfs2/filter/HiddenFileFilter.java
/sfs/weka/scratch/wxw9rr/artifact/RQ3/OE25-DEV/commons-vfs-2.9.0/commons-vfs2/src/main/java/org/apache/commons/vfs2/impl/DefaultFileSystemManager.java
/sfs/weka/scratch/wxw9rr/artifact/RQ3/OE25-DEV/commons-vfs-2.9.0/commons-vfs2/src/main/java/org/apache/commons/vfs2/provider/AbstractRandomAccessContent.java
/sfs/weka/scratch/wxw9rr/artifact/RQ3/OE25-DEV/commons-vfs-2.9.0/commons-vfs2/src/main/java/org/apache/commons/vfs2/provider/http5/Http5FileProvider.java
/sfs/weka/scratch/wxw9rr/artifact/RQ3/OE25-DEV/commons-vfs-2.9.0/commons-vfs2/src/main/java/org/apache/commons/vfs2/filter/NameFileFilter.java
/sfs/weka/scratch/wxw9rr/artifact/RQ3/OE25-DEV/commons-vfs-2.9.0/commons-vfs2/src/main/java/org/apache/commons/vfs2/provider/DelegateFileObject.java
/sfs/weka/scratch/wxw9rr/artifact/RQ3/OE25-DEV/commons-vfs-2.9.0/commons-vfs2/src/main/java/org/apache/commons/vfs2/provider/HostFileNameParser.java
/sfs/weka/scratch/wxw9rr/artifact/RQ3/OE25-DEV/commons-vfs-2.9.0/commons-vfs2/src/main/java/org/apache/commons/vfs2/cache/LRUFilesCache.java
/sfs/weka/scratch/wxw9rr/artifact/RQ3/OE25-DEV/commons-vfs-2.9.0/commons-vfs2/src/main/java/org/apache/commons/vfs2/provider/bzip2/Bzip2FileObject.java
/sfs/weka/scratch/wxw9rr/artifact/RQ3/OE25-DEV/commons-vfs-2.9.0/commons-vfs2/src/main/java/org/apache/commons/vfs2/util/DelegatingFileSystemOptionsBuilder.java
/sfs/weka/scratch/wxw9rr/artifact/RQ3/OE25-DEV/commons-vfs-2.9.0/commons-vfs2/src/main/java/org/apache/commons/vfs2/FileUtil.java
/sfs/weka/scratch/wxw9rr/artifact/RQ3/OE25-DEV/commons-vfs-2.9.0/commons-vfs2/src/main/java/org/apache/commons/vfs2/impl/SynchronizedFileObject.java
/sfs/weka/scratch/wxw9rr/artifact/RQ3/OE25-DEV/commons-vfs-2.9.0/commons-vfs2/src/main/java/org/apache/commons/vfs2/provider/sftp/IdentityProvider.java
/sfs/weka/scratch/wxw9rr/artifact/RQ3/OE25-DEV/commons-vfs-2.9.0/commons-vfs2/src/main/java/org/apache/commons/vfs2/util/MonitorInputStream.java
/sfs/weka/scratch/wxw9rr/artifact/RQ3/OE25-DEV/commons-vfs-2.9.0/commons-vfs2/src/main/java/org/apache/commons/vfs2/provider/GenericFileName.java
/sfs/weka/scratch/wxw9rr/artifact/RQ3/OE25-DEV/commons-vfs-2.9.0/commons-vfs2/src/main/java/org/apache/commons/vfs2/provider/url/UrlFileNameParser.java
/sfs/weka/scratch/wxw9rr/artifact/RQ3/OE25-DEV/commons-vfs-2.9.0/commons-vfs2/src/main/java/org/apache/commons/vfs2/tasks/VfsTask.java
/sfs/weka/scratch/wxw9rr/artifact/RQ3/OE25-DEV/commons-vfs-2.9.0/commons-vfs2/src/main/java/org/apache/commons/vfs2/operations/vcs/VcsLogEntry.java
/sfs/weka/scratch/wxw9rr/artifact/RQ3/OE25-DEV/commons-vfs-2.9.0/commons-vfs2/src/main/java/org/apache/commons/vfs2/provider/ftp/FtpFileType.java
/sfs/weka/scratch/wxw9rr/artifact/RQ3/OE25-DEV/commons-vfs-2.9.0/commons-vfs2/src/main/java/org/apache/commons/vfs2/operations/vcs/VcsCommitListener.java
/sfs/weka/scratch/wxw9rr/artifact/RQ3/OE25-DEV/commons-vfs-2.9.0/commons-vfs2/src/main/java/org/apache/commons/vfs2/provider/http4/MonitoredHttpResponseContentInputStream.java
/sfs/weka/scratch/wxw9rr/artifact/RQ3/OE25-DEV/commons-vfs-2.9.0/commons-vfs2/src/main/java/org/apache/commons/vfs2/util/MonitorOutputStream.java
/sfs/weka/scratch/wxw9rr/artifact/RQ3/OE25-DEV/commons-vfs-2.9.0/commons-vfs2/src/main/java/org/apache/commons/vfs2/impl/DefaultFileSystemConfigBuilder.java
/sfs/weka/scratch/wxw9rr/artifact/RQ3/OE25-DEV/commons-vfs-2.9.0/commons-vfs2/src/main/java/org/apache/commons/vfs2/cache/OnCallRefreshFileObject.java
/sfs/weka/scratch/wxw9rr/artifact/RQ3/OE25-DEV/commons-vfs-2.9.0/commons-vfs2/src/main/java/org/apache/commons/vfs2/provider/zip/ZipFileObject.java
/sfs/weka/scratch/wxw9rr/artifact/RQ3/OE25-DEV/commons-vfs-2.9.0/commons-vfs2/src/main/java/org/apache/commons/vfs2/provider/http4/Http4FileSystemConfigBuilder.java
/sfs/weka/scratch/wxw9rr/artifact/RQ3/OE25-DEV/commons-vfs-2.9.0/commons-vfs2/src/main/java/org/apache/commons/vfs2/operations/FileOperations.java
/sfs/weka/scratch/wxw9rr/artifact/RQ3/OE25-DEV/commons-vfs-2.9.0/commons-vfs2/src/main/java/org/apache/commons/vfs2/provider/sftp/BytesIdentityInfo.java
/sfs/weka/scratch/wxw9rr/artifact/RQ3/OE25-DEV/commons-vfs-2.9.0/commons-vfs2/src/main/java/org/apache/commons/vfs2/tasks/AbstractSyncTask.java
/sfs/weka/scratch/wxw9rr/artifact/RQ3/OE25-DEV/commons-vfs-2.9.0/commons-vfs2/src/main/java/org/apache/commons/vfs2/provider/url/UrlFileObject.java
/sfs/weka/scratch/wxw9rr/artifact/RQ3/OE25-DEV/commons-vfs-2.9.0/commons-vfs2/src/main/java/org/apache/commons/vfs2/FileSystem.java
/sfs/weka/scratch/wxw9rr/artifact/RQ3/OE25-DEV/commons-vfs-2.9.0/commons-vfs2/src/main/java/org/apache/commons/vfs2/impl/StandardFileSystemManager.java
/sfs/weka/scratch/wxw9rr/artifact/RQ3/OE25-DEV/commons-vfs-2.9.0/commons-vfs2/src/main/java/org/apache/commons/vfs2/provider/local/LocalFileName.java
/sfs/weka/scratch/wxw9rr/artifact/RQ3/OE25-DEV/commons-vfs-2.9.0/commons-vfs2/src/main/java/org/apache/commons/vfs2/provider/ftps/FtpsFileSystemConfigBuilder.java
/sfs/weka/scratch/wxw9rr/artifact/RQ3/OE25-DEV/commons-vfs-2.9.0/commons-vfs2/src/main/java/org/apache/commons/vfs2/impl/DefaultVfsComponentContext.java
/sfs/weka/scratch/wxw9rr/artifact/RQ3/OE25-DEV/commons-vfs-2.9.0/commons-vfs2/src/main/java/org/apache/commons/vfs2/provider/http4/Http4RandomAccessContent.java
/sfs/weka/scratch/wxw9rr/artifact/RQ3/OE25-DEV/commons-vfs-2.9.0/commons-vfs2/src/main/java/org/apache/commons/vfs2/provider/url/UrlFileProvider.java
/sfs/weka/scratch/wxw9rr/artifact/RQ3/OE25-DEV/commons-vfs-2.9.0/commons-vfs2/src/main/java/org/apache/commons/vfs2/provider/http5/Http5FileSystem.java
/sfs/weka/scratch/wxw9rr/artifact/RQ3/OE25-DEV/commons-vfs-2.9.0/commons-vfs2/src/main/java/org/apache/commons/vfs2/provider/hdfs/HdfsFileContentInfoFactory.java
/sfs/weka/scratch/wxw9rr/artifact/RQ3/OE25-DEV/commons-vfs-2.9.0/commons-vfs2/src/main/java/org/apache/commons/vfs2/FileExtensionSelector.java
/sfs/weka/scratch/wxw9rr/artifact/RQ3/OE25-DEV/commons-vfs-2.9.0/commons-vfs2/src/main/java/org/apache/commons/vfs2/events/ChangedEvent.java
/sfs/weka/scratch/wxw9rr/artifact/RQ3/OE25-DEV/commons-vfs-2.9.0/commons-vfs2/src/main/java/org/apache/commons/vfs2/provider/AbstractFileNameParser.java
/sfs/weka/scratch/wxw9rr/artifact/RQ3/OE25-DEV/commons-vfs-2.9.0/commons-vfs2/src/main/java/org/apache/commons/vfs2/operations/DefaultFileOperations.java
/sfs/weka/scratch/wxw9rr/artifact/RQ3/OE25-DEV/commons-vfs-2.9.0/commons-vfs2/src/main/java/org/apache/commons/vfs2/util/RandomAccessMode.java
/sfs/weka/scratch/wxw9rr/artifact/RQ3/OE25-DEV/commons-vfs-2.9.0/commons-vfs2/src/main/java/org/apache/commons/vfs2/provider/DefaultFileSelectorInfo.java
/sfs/weka/scratch/wxw9rr/artifact/RQ3/OE25-DEV/commons-vfs-2.9.0/commons-vfs2/src/main/java/org/apache/commons/vfs2/filter/ConditionalFileFilter.java
/sfs/weka/scratch/wxw9rr/artifact/RQ3/OE25-DEV/commons-vfs-2.9.0/commons-vfs2/src/main/java/org/apache/commons/vfs2/provider/sftp/IdentityInfo.java
/sfs/weka/scratch/wxw9rr/artifact/RQ3/OE25-DEV/commons-vfs-2.9.0/commons-vfs2/src/main/java/org/apache/commons/vfs2/provider/AbstractOriginatingFileProvider.java
/sfs/weka/scratch/wxw9rr/artifact/RQ3/OE25-DEV/commons-vfs-2.9.0/commons-vfs2/src/main/java/org/apache/commons/vfs2/filter/RegexFileFilter.java
/sfs/weka/scratch/wxw9rr/artifact/RQ3/OE25-DEV/commons-vfs-2.9.0/commons-vfs2/src/main/java/org/apache/commons/vfs2/provider/http/HttpClientFactory.java
/sfs/weka/scratch/wxw9rr/artifact/RQ3/OE25-DEV/commons-vfs-2.9.0/commons-vfs2/src/main/java/org/apache/commons/vfs2/FileFilter.java
/sfs/weka/scratch/wxw9rr/artifact/RQ3/OE25-DEV/commons-vfs-2.9.0/commons-vfs2/src/main/java/org/apache/commons/vfs2/operations/vcs/VcsLog.java
/sfs/weka/scratch/wxw9rr/artifact/RQ3/OE25-DEV/commons-vfs-2.9.0/commons-vfs2/src/main/java/org/apache/commons/vfs2/FileContent.java
/sfs/weka/scratch/wxw9rr/artifact/RQ3/OE25-DEV/commons-vfs-2.9.0/commons-vfs2/src/main/java/org/apache/commons/vfs2/provider/local/GenericFileNameParser.java
/sfs/weka/scratch/wxw9rr/artifact/RQ3/OE25-DEV/commons-vfs-2.9.0/commons-vfs2/src/main/java/org/apache/commons/vfs2/FileType.java
/sfs/weka/scratch/wxw9rr/artifact/RQ3/OE25-DEV/commons-vfs-2.9.0/commons-vfs2/src/main/java/org/apache/commons/vfs2/FileObject.java
/sfs/weka/scratch/wxw9rr/artifact/RQ3/OE25-DEV/commons-vfs-2.9.0/commons-vfs2/src/main/java/org/apache/commons/vfs2/provider/sftp/SftpFileSystemConfigBuilder.java
/sfs/weka/scratch/wxw9rr/artifact/RQ3/OE25-DEV/commons-vfs-2.9.0/commons-vfs2/src/main/java/org/apache/commons/vfs2/tasks/ShowFileTask.java
/sfs/weka/scratch/wxw9rr/artifact/RQ3/OE25-DEV/commons-vfs-2.9.0/commons-vfs2/src/main/java/org/apache/commons/vfs2/FileSelectInfo.java
/sfs/weka/scratch/wxw9rr/artifact/RQ3/OE25-DEV/commons-vfs-2.9.0/commons-vfs2/src/main/java/org/apache/commons/vfs2/filter/AndFileFilter.java
/sfs/weka/scratch/wxw9rr/artifact/RQ3/OE25-DEV/commons-vfs-2.9.0/commons-vfs2/src/main/java/org/apache/commons/vfs2/provider/sftp/UserIsOwnerPosixPermissions.java
/sfs/weka/scratch/wxw9rr/artifact/RQ3/OE25-DEV/commons-vfs-2.9.0/commons-vfs2/src/main/java/org/apache/commons/vfs2/provider/ftp/FtpClientFactory.java
/sfs/weka/scratch/wxw9rr/artifact/RQ3/OE25-DEV/commons-vfs-2.9.0/commons-vfs2/src/main/java/org/apache/commons/vfs2/impl/VirtualFileSystem.java
/sfs/weka/scratch/wxw9rr/artifact/RQ3/OE25-DEV/commons-vfs-2.9.0/commons-vfs2/src/main/java/org/apache/commons/vfs2/provider/http/HttpFileSystem.java
/sfs/weka/scratch/wxw9rr/artifact/RQ3/OE25-DEV/commons-vfs-2.9.0/commons-vfs2/src/main/java/org/apache/commons/vfs2/FileMonitor.java
/sfs/weka/scratch/wxw9rr/artifact/RQ3/OE25-DEV/commons-vfs-2.9.0/commons-vfs2/src/main/java/org/apache/commons/vfs2/provider/http/HttpFileContentInfoFactory.java
/sfs/weka/scratch/wxw9rr/artifact/RQ3/OE25-DEV/commons-vfs-2.9.0/commons-vfs2/src/main/java/org/apache/commons/vfs2/filter/TrueFileFilter.java
/sfs/weka/scratch/wxw9rr/artifact/RQ3/OE25-DEV/commons-vfs-2.9.0/commons-vfs2/src/main/java/org/apache/commons/vfs2/provider/http4/Http4FileContentInfoFactory.java
/sfs/weka/scratch/wxw9rr/artifact/RQ3/OE25-DEV/commons-vfs-2.9.0/commons-vfs2/src/main/java/org/apache/commons/vfs2/filter/DirectoryFileFilter.java
/sfs/weka/scratch/wxw9rr/artifact/RQ3/OE25-DEV/commons-vfs-2.9.0/commons-vfs2/src/main/java/org/apache/commons/vfs2/FileSystemManager.java
/sfs/weka/scratch/wxw9rr/artifact/RQ3/OE25-DEV/commons-vfs-2.9.0/commons-vfs2/src/main/java/org/apache/commons/vfs2/provider/local/LocalFileNameParser.java
/sfs/weka/scratch/wxw9rr/artifact/RQ3/OE25-DEV/commons-vfs-2.9.0/commons-vfs2/src/main/java/org/apache/commons/vfs2/provider/ram/RamFileOutputStream.java
/sfs/weka/scratch/wxw9rr/artifact/RQ3/OE25-DEV/commons-vfs-2.9.0/commons-vfs2/src/main/java/org/apache/commons/vfs2/filter/SymbolicLinkFileFilter.java
/sfs/weka/scratch/wxw9rr/artifact/RQ3/OE25-DEV/commons-vfs-2.9.0/commons-vfs2/src/main/java/org/apache/commons/vfs2/UserAuthenticationData.java
/sfs/weka/scratch/wxw9rr/artifact/RQ3/OE25-DEV/commons-vfs-2.9.0/commons-vfs2/src/main/java/org/apache/commons/vfs2/provider/http5/Http5FileSystemConfigBuilder.java
/sfs/weka/scratch/wxw9rr/artifact/RQ3/OE25-DEV/commons-vfs-2.9.0/commons-vfs2/src/main/java/org/apache/commons/vfs2/VFS.java
/sfs/weka/scratch/wxw9rr/artifact/RQ3/OE25-DEV/commons-vfs-2.9.0/commons-vfs2/src/main/java/org/apache/commons/vfs2/impl/DecoratedFileObject.java
/sfs/weka/scratch/wxw9rr/artifact/RQ3/OE25-DEV/commons-vfs-2.9.0/commons-vfs2/src/main/java/org/apache/commons/vfs2/provider/sftp/SftpFileNameParser.java
/sfs/weka/scratch/wxw9rr/artifact/RQ3/OE25-DEV/commons-vfs-2.9.0/commons-vfs2/src/main/java/org/apache/commons/vfs2/util/URIUtils.java
/sfs/weka/scratch/wxw9rr/artifact/RQ3/OE25-DEV/commons-vfs-2.9.0/commons-vfs2/src/main/java/org/apache/commons/vfs2/filter/SuffixFileFilter.java
/sfs/weka/scratch/wxw9rr/artifact/RQ3/OE25-DEV/commons-vfs-2.9.0/commons-vfs2/src/main/java/org/apache/commons/vfs2/provider/tar/TgzFileProvider.java
/sfs/weka/scratch/wxw9rr/artifact/RQ3/OE25-DEV/commons-vfs-2.9.0/commons-vfs2/src/main/java/org/apache/commons/vfs2/filter/OrFileFilter.java
/sfs/weka/scratch/wxw9rr/artifact/RQ3/OE25-DEV/commons-vfs-2.9.0/commons-vfs2/src/main/java/org/apache/commons/vfs2/provider/http/HttpRandomAccessContent.java
/sfs/weka/scratch/wxw9rr/artifact/RQ3/OE25-DEV/commons-vfs-2.9.0/commons-vfs2/src/main/java/org/apache/commons/vfs2/AllFileSelector.java
/sfs/weka/scratch/wxw9rr/artifact/RQ3/OE25-DEV/commons-vfs-2.9.0/commons-vfs2/src/main/java/org/apache/commons/vfs2/provider/jar/JarURLConnectionImpl.java
/sfs/weka/scratch/wxw9rr/artifact/RQ3/OE25-DEV/commons-vfs-2.9.0/commons-vfs2/src/main/java/org/apache/commons/vfs2/provider/ram/RamFileData.java
/sfs/weka/scratch/wxw9rr/artifact/RQ3/OE25-DEV/commons-vfs-2.9.0/commons-vfs2/src/main/java/org/apache/commons/vfs2/provider/http5/Http5RandomAccessContent.java
/sfs/weka/scratch/wxw9rr/artifact/RQ3/OE25-DEV/commons-vfs-2.9.0/commons-vfs2/src/main/java/org/apache/commons/vfs2/provider/hdfs/HdfsFileProvider.java
/sfs/weka/scratch/wxw9rr/artifact/RQ3/OE25-DEV/commons-vfs-2.9.0/commons-vfs2/src/main/java/org/apache/commons/vfs2/provider/http4/Http4FileProvider.java
/sfs/weka/scratch/wxw9rr/artifact/RQ3/OE25-DEV/commons-vfs-2.9.0/commons-vfs2/src/main/java/org/apache/commons/vfs2/provider/tar/TarFileSystem.java
/sfs/weka/scratch/wxw9rr/artifact/RQ3/OE25-DEV/commons-vfs-2.9.0/commons-vfs2/src/main/java/org/apache/commons/vfs2/provider/temp/TemporaryFileProvider.java
/sfs/weka/scratch/wxw9rr/artifact/RQ3/OE25-DEV/commons-vfs-2.9.0/commons-vfs2/src/main/java/org/apache/commons/vfs2/provider/local/LocalFileSystem.java
/sfs/weka/scratch/wxw9rr/artifact/RQ3/OE25-DEV/commons-vfs-2.9.0/commons-vfs2/src/main/java/org/apache/commons/vfs2/operations/vcs/VcsModifyListener.java
/sfs/weka/scratch/wxw9rr/artifact/RQ3/OE25-DEV/commons-vfs-2.9.0/commons-vfs2/src/main/java/org/apache/commons/vfs2/impl/DefaultFileContentInfo.java
/sfs/weka/scratch/wxw9rr/artifact/RQ3/OE25-DEV/commons-vfs-2.9.0/commons-vfs2/src/main/java/org/apache/commons/vfs2/operations/vcs/VcsRevert.java
/sfs/weka/scratch/wxw9rr/artifact/RQ3/OE25-DEV/commons-vfs-2.9.0/commons-vfs2/src/main/java/org/apache/commons/vfs2/provider/sftp/SftpFileSystem.java
/sfs/weka/scratch/wxw9rr/artifact/RQ3/OE25-DEV/commons-vfs-2.9.0/commons-vfs2/src/main/java/org/apache/commons/vfs2/tasks/CopyTask.java
/sfs/weka/scratch/wxw9rr/artifact/RQ3/OE25-DEV/commons-vfs-2.9.0/commons-vfs2/src/main/java/org/apache/commons/vfs2/operations/vcs/VcsCheckout.java
/sfs/weka/scratch/wxw9rr/artifact/RQ3/OE25-DEV/commons-vfs-2.9.0/commons-vfs2/src/main/java/org/apache/commons/vfs2/FileSystemOptions.java
/sfs/weka/scratch/wxw9rr/artifact/RQ3/OE25-DEV/commons-vfs-2.9.0/commons-vfs2/src/main/java/org/apache/commons/vfs2/provider/ftps/FtpsFileProvider.java
/sfs/weka/scratch/wxw9rr/artifact/RQ3/OE25-DEV/commons-vfs-2.9.0/commons-vfs2/src/main/java/org/apache/commons/vfs2/FileNotFoundException.java
/sfs/weka/scratch/wxw9rr/artifact/RQ3/OE25-DEV/commons-vfs-2.9.0/commons-vfs2/src/main/java/org/apache/commons/vfs2/operations/vcs/VcsUpdate.java
/sfs/weka/scratch/wxw9rr/artifact/RQ3/OE25-DEV/commons-vfs-2.9.0/commons-vfs2/src/main/java/org/apache/commons/vfs2/util/OsFamily.java
/sfs/weka/scratch/wxw9rr/artifact/RQ3/OE25-DEV/commons-vfs-2.9.0/commons-vfs2/src/main/java/org/apache/commons/vfs2/util/UserAuthenticatorUtils.java
/sfs/weka/scratch/wxw9rr/artifact/RQ3/OE25-DEV/commons-vfs-2.9.0/commons-vfs2/src/main/java/org/apache/commons/vfs2/provider/sftp/SftpClientFactory.java
/sfs/weka/scratch/wxw9rr/artifact/RQ3/OE25-DEV/commons-vfs-2.9.0/commons-vfs2/src/main/java/org/apache/commons/vfs2/UserAuthenticator.java
/sfs/weka/scratch/wxw9rr/artifact/RQ3/OE25-DEV/commons-vfs-2.9.0/commons-vfs2/src/main/java/org/apache/commons/vfs2/provider/AbstractVfsComponent.java
/sfs/weka/scratch/wxw9rr/artifact/RQ3/OE25-DEV/commons-vfs-2.9.0/commons-vfs2/src/main/java/org/apache/commons/vfs2/provider/LayeredFileNameParser.java
/sfs/weka/scratch/wxw9rr/artifact/RQ3/OE25-DEV/commons-vfs-2.9.0/commons-vfs2/src/main/java/org/apache/commons/vfs2/util/DefaultCryptor.java
/sfs/weka/scratch/wxw9rr/artifact/RQ3/OE25-DEV/commons-vfs-2.9.0/commons-vfs2/src/main/java/org/apache/commons/vfs2/provider/http/HttpFileObject.java
/sfs/weka/scratch/wxw9rr/artifact/RQ3/OE25-DEV/commons-vfs-2.9.0/commons-vfs2/src/main/java/org/apache/commons/vfs2/FileContentInfoFactory.java
/sfs/weka/scratch/wxw9rr/artifact/RQ3/OE25-DEV/commons-vfs-2.9.0/commons-vfs2/src/main/java/org/apache/commons/vfs2/cache/DefaultFilesCache.java
/sfs/weka/scratch/wxw9rr/artifact/RQ3/OE25-DEV/commons-vfs-2.9.0/commons-vfs2/src/main/java/org/apache/commons/vfs2/events/AbstractFileChangeEvent.java
/sfs/weka/scratch/wxw9rr/artifact/RQ3/OE25-DEV/commons-vfs-2.9.0/commons-vfs2/src/main/java/org/apache/commons/vfs2/provider/ftps/FtpsClientFactory.java
/sfs/weka/scratch/wxw9rr/artifact/RQ3/OE25-DEV/commons-vfs-2.9.0/commons-vfs2/src/main/java/org/apache/commons/vfs2/provider/http5/MonitoredHttpResponseContentInputStream.java
/sfs/weka/scratch/wxw9rr/artifact/RQ3/OE25-DEV/commons-vfs-2.9.0/commons-vfs2/src/main/java/org/apache/commons/vfs2/provider/FileProvider.java
/sfs/weka/scratch/wxw9rr/artifact/RQ3/OE25-DEV/commons-vfs-2.9.0/commons-vfs2/src/main/java/org/apache/commons/vfs2/provider/ftp/FtpClient.java
/sfs/weka/scratch/wxw9rr/artifact/RQ3/OE25-DEV/commons-vfs-2.9.0/commons-vfs2/src/main/java/org/apache/commons/vfs2/provider/local/LocalFile.java
/sfs/weka/scratch/wxw9rr/artifact/RQ3/OE25-DEV/commons-vfs-2.9.0/commons-vfs2/src/main/java/org/apache/commons/vfs2/FilesCache.java
/sfs/weka/scratch/wxw9rr/artifact/RQ3/OE25-DEV/commons-vfs-2.9.0/commons-vfs2/src/main/java/org/apache/commons/vfs2/provider/VfsComponentContext.java
/sfs/weka/scratch/wxw9rr/artifact/RQ3/OE25-DEV/commons-vfs-2.9.0/commons-vfs2/src/main/java/org/apache/commons/vfs2/provider/https/HttpsFileProvider.java
/sfs/weka/scratch/wxw9rr/artifact/RQ3/OE25-DEV/commons-vfs-2.9.0/commons-vfs2/src/main/java/org/apache/commons/vfs2/filter/EmptyFileFilter.java
/sfs/weka/scratch/wxw9rr/artifact/RQ3/OE25-DEV/commons-vfs-2.9.0/commons-vfs2/src/main/java/org/apache/commons/vfs2/events/CreateEvent.java
/sfs/weka/scratch/wxw9rr/artifact/RQ3/OE25-DEV/commons-vfs-2.9.0/commons-vfs2/src/main/java/org/apache/commons/vfs2/provider/ftp/FtpRandomAccessContent.java
/sfs/weka/scratch/wxw9rr/artifact/RQ3/OE25-DEV/commons-vfs-2.9.0/commons-vfs2/src/main/java/org/apache/commons/vfs2/provider/gzip/GzipFileObject.java
/sfs/weka/scratch/wxw9rr/artifact/RQ3/OE25-DEV/commons-vfs-2.9.0/commons-vfs2/src/main/java/org/apache/commons/vfs2/provider/http/HttpFileSystemConfigBuilder.java
/sfs/weka/scratch/wxw9rr/artifact/RQ3/OE25-DEV/commons-vfs-2.9.0/commons-vfs2/src/main/java/org/apache/commons/vfs2/provider/URLFileName.java
/sfs/weka/scratch/wxw9rr/artifact/RQ3/OE25-DEV/commons-vfs-2.9.0/commons-vfs2/src/main/java/org/apache/commons/vfs2/provider/hdfs/HdfsFileSystem.java
/sfs/weka/scratch/wxw9rr/artifact/RQ3/OE25-DEV/commons-vfs-2.9.0/commons-vfs2/src/main/java/org/apache/commons/vfs2/provider/ftp/FtpFileSystemConfigBuilder.java
/sfs/weka/scratch/wxw9rr/artifact/RQ3/OE25-DEV/commons-vfs-2.9.0/commons-vfs2/src/main/java/org/apache/commons/vfs2/impl/DefaultProviderConfiguration.java
/sfs/weka/scratch/wxw9rr/artifact/RQ3/OE25-DEV/commons-vfs-2.9.0/commons-vfs2/src/main/java/org/apache/commons/vfs2/filter/CanWriteFileFilter.java
/sfs/weka/scratch/wxw9rr/artifact/RQ3/OE25-DEV/commons-vfs-2.9.0/commons-vfs2/src/main/java/org/apache/commons/vfs2/provider/CompositeFileProvider.java
/sfs/weka/scratch/wxw9rr/artifact/RQ3/OE25-DEV/commons-vfs-2.9.0/commons-vfs2/src/main/java/org/apache/commons/vfs2/InvertIncludeFileSelector.java
/sfs/weka/scratch/wxw9rr/artifact/RQ3/OE25-DEV/commons-vfs-2.9.0/commons-vfs2/src/main/java/org/apache/commons/vfs2/provider/DefaultURLConnection.java
/sfs/weka/scratch/wxw9rr/artifact/RQ3/OE25-DEV/commons-vfs-2.9.0/commons-vfs2/src/main/java/org/apache/commons/vfs2/util/Messages.java
/sfs/weka/scratch/wxw9rr/artifact/RQ3/OE25-DEV/commons-vfs-2.9.0/commons-vfs2/src/main/java/org/apache/commons/vfs2/util/EncryptUtil.java
/sfs/weka/scratch/wxw9rr/artifact/RQ3/OE25-DEV/commons-vfs-2.9.0/commons-vfs2/src/main/java/org/apache/commons/vfs2/provider/http5/Http5FileObject.java
/sfs/weka/scratch/wxw9rr/artifact/RQ3/OE25-DEV/commons-vfs-2.9.0/commons-vfs2/src/main/java/org/apache/commons/vfs2/util/FileObjectUtils.java
/sfs/weka/scratch/wxw9rr/artifact/RQ3/OE25-DEV/commons-vfs-2.9.0/commons-vfs2/src/main/java/org/apache/commons/vfs2/provider/http5s/Http5sFileNameParser.java
/sfs/weka/scratch/wxw9rr/artifact/RQ3/OE25-DEV/commons-vfs-2.9.0/commons-vfs2/src/main/java/org/apache/commons/vfs2/CacheStrategy.java
/sfs/weka/scratch/wxw9rr/artifact/RQ3/OE25-DEV/commons-vfs-2.9.0/commons-vfs2/src/main/java/org/apache/commons/vfs2/provider/LayeredFileName.java
/sfs/weka/scratch/wxw9rr/artifact/RQ3/OE25-DEV/commons-vfs-2.9.0/commons-vfs2/src/main/java/org/apache/commons/vfs2/provider/zip/ZipFileProvider.java
/sfs/weka/scratch/wxw9rr/artifact/RQ3/OE25-DEV/commons-vfs-2.9.0/commons-vfs2/src/main/java/org/apache/commons/vfs2/tasks/MkdirTask.java
/sfs/weka/scratch/wxw9rr/artifact/RQ3/OE25-DEV/commons-vfs-2.9.0/commons-vfs2/src/main/java/org/apache/commons/vfs2/filter/NotFileFilter.java
/sfs/weka/scratch/wxw9rr/artifact/RQ3/OE25-DEV/commons-vfs-2.9.0/commons-vfs2/src/main/java/org/apache/commons/vfs2/util/MonitorRandomAccessContent.java
/sfs/weka/scratch/wxw9rr/artifact/RQ3/OE25-DEV/commons-vfs-2.9.0/commons-vfs2/src/main/java/org/apache/commons/vfs2/provider/AbstractFileProvider.java
/sfs/weka/scratch/wxw9rr/artifact/RQ3/OE25-DEV/commons-vfs-2.9.0/commons-vfs2/src/main/java/org/apache/commons/vfs2/function/VfsConsumer.java
/sfs/weka/scratch/wxw9rr/artifact/RQ3/OE25-DEV/commons-vfs-2.9.0/commons-vfs2/src/main/java/org/apache/commons/vfs2/util/RawMonitorInputStream.java
/sfs/weka/scratch/wxw9rr/artifact/RQ3/OE25-DEV/commons-vfs-2.9.0/commons-vfs2/src/main/java/org/apache/commons/vfs2/cache/NullFilesCache.java
/sfs/weka/scratch/wxw9rr/artifact/RQ3/OE25-DEV/commons-vfs-2.9.0/commons-vfs2/src/main/java/org/apache/commons/vfs2/util/Os.java
/sfs/weka/scratch/wxw9rr/artifact/RQ3/OE25-DEV/commons-vfs-2.9.0/commons-vfs2/src/main/java/org/apache/commons/vfs2/provider/zip/ZipFileSystemConfigBuilder.java
/sfs/weka/scratch/wxw9rr/artifact/RQ3/OE25-DEV/commons-vfs-2.9.0/commons-vfs2/src/main/java/org/apache/commons/vfs2/provider/compressed/CompressedFileFileProvider.java
/sfs/weka/scratch/wxw9rr/artifact/RQ3/OE25-DEV/commons-vfs-2.9.0/commons-vfs2/src/main/java/org/apache/commons/vfs2/provider/AbstractFileName.java
/sfs/weka/scratch/wxw9rr/artifact/RQ3/OE25-DEV/commons-vfs-2.9.0/commons-vfs2/src/main/java/org/apache/commons/vfs2/provider/gzip/GzipFileSystem.java
/sfs/weka/scratch/wxw9rr/artifact/RQ3/OE25-DEV/commons-vfs-2.9.0/commons-vfs2/src/main/java/org/apache/commons/vfs2/PatternFileSelector.java
/sfs/weka/scratch/wxw9rr/artifact/RQ3/OE25-DEV/commons-vfs-2.9.0/commons-vfs2/src/main/java/org/apache/commons/vfs2/filter/PrefixFileFilter.java
/sfs/weka/scratch/wxw9rr/artifact/RQ3/OE25-DEV/commons-vfs-2.9.0/commons-vfs2/src/main/java/org/apache/commons/vfs2/provider/ram/RamFileObject.java
/sfs/weka/scratch/wxw9rr/artifact/RQ3/OE25-DEV/commons-vfs-2.9.0/commons-vfs2/src/main/java/org/apache/commons/vfs2/provider/sftp/TrustEveryoneUserInfo.java
/sfs/weka/scratch/wxw9rr/artifact/RQ3/OE25-DEV/commons-vfs-2.9.0/commons-vfs2/src/main/java/org/apache/commons/vfs2/operations/vcs/VcsCommit.java
/sfs/weka/scratch/wxw9rr/artifact/RQ3/OE25-DEV/commons-vfs-2.9.0/commons-vfs2/src/main/java/org/apache/commons/vfs2/provider/AbstractFileObject.java
/sfs/weka/scratch/wxw9rr/artifact/RQ3/OE25-DEV/commons-vfs-2.9.0/commons-vfs2/src/main/java/org/apache/commons/vfs2/FileTypeSelector.java
/sfs/weka/scratch/wxw9rr/artifact/RQ3/OE25-DEV/commons-vfs-2.9.0/commons-vfs2/src/main/java/org/apache/commons/vfs2/provider/ftps/FtpsFileSystem.java
/sfs/weka/scratch/wxw9rr/artifact/RQ3/OE25-DEV/commons-vfs-2.9.0/commons-vfs2/src/main/java/org/apache/commons/vfs2/provider/http4s/Http4sFileProvider.java
/sfs/weka/scratch/wxw9rr/artifact/RQ3/OE25-DEV/commons-vfs-2.9.0/commons-vfs2/src/main/java/org/apache/commons/vfs2/provider/hdfs/HdfsRandomAccessContent.java
/sfs/weka/scratch/wxw9rr/artifact/RQ3/OE25-DEV/commons-vfs-2.9.0/commons-vfs2/src/main/java/org/apache/commons/vfs2/FileTypeHasNoContentException.java
/sfs/weka/scratch/wxw9rr/artifact/RQ3/OE25-DEV/commons-vfs-2.9.0/commons-vfs2/src/main/java/org/apache/commons/vfs2/cache/AbstractFilesCache.java
/sfs/weka/scratch/wxw9rr/artifact/RQ3/OE25-DEV/commons-vfs-2.9.0/commons-vfs2/src/main/java/org/apache/commons/vfs2/provider/https/HttpsFileNameParser.java
/sfs/weka/scratch/wxw9rr/artifact/RQ3/OE25-DEV/commons-vfs-2.9.0/commons-vfs2/src/main/java/org/apache/commons/vfs2/NameScope.java
/sfs/weka/scratch/wxw9rr/artifact/RQ3/OE25-DEV/commons-vfs-2.9.0/commons-vfs2/src/main/java/org/apache/commons/vfs2/impl/VirtualFileProvider.java
/sfs/weka/scratch/wxw9rr/artifact/RQ3/OE25-DEV/commons-vfs-2.9.0/commons-vfs2/src/main/java/org/apache/commons/vfs2/provider/VfsComponent.java
/sfs/weka/scratch/wxw9rr/artifact/RQ3/OE25-DEV/commons-vfs-2.9.0/commons-vfs2/src/main/java/org/apache/commons/vfs2/filter/AgeFileFilter.java
/sfs/weka/scratch/wxw9rr/artifact/RQ3/OE25-DEV/commons-vfs-2.9.0/commons-vfs2/src/main/java/org/apache/commons/vfs2/provider/sftp/SftpRandomAccessContent.java
/sfs/weka/scratch/wxw9rr/artifact/RQ3/OE25-DEV/commons-vfs-2.9.0/commons-vfs2/src/main/java/org/apache/commons/vfs2/cache/SoftRefFilesCache.java
/sfs/weka/scratch/wxw9rr/artifact/RQ3/OE25-DEV/commons-vfs-2.9.0/commons-vfs2/src/main/java/org/apache/commons/vfs2/provider/URLFileNameParser.java
/sfs/weka/scratch/wxw9rr/artifact/RQ3/OE25-DEV/commons-vfs-2.9.0/commons-vfs2/src/main/java/org/apache/commons/vfs2/provider/hdfs/HdfsFileSystemConfigBuilder.java
/sfs/weka/scratch/wxw9rr/artifact/RQ3/OE25-DEV/commons-vfs-2.9.0/commons-vfs2/src/main/java/org/apache/commons/vfs2/provider/AbstractVfsContainer.java
/sfs/weka/scratch/wxw9rr/artifact/RQ3/OE25-DEV/commons-vfs-2.9.0/commons-vfs2/src/main/java/org/apache/commons/vfs2/operations/FileOperationProvider.java
/sfs/weka/scratch/wxw9rr/artifact/RQ3/OE25-DEV/commons-vfs-2.9.0/commons-vfs2/src/main/java/org/apache/commons/vfs2/FileContentInfo.java
/sfs/weka/scratch/wxw9rr/artifact/RQ3/OE25-DEV/commons-vfs-2.9.0/commons-vfs2/src/main/java/org/apache/commons/vfs2/impl/DefaultFileReplicator.java
/sfs/weka/scratch/wxw9rr/artifact/RQ3/OE25-DEV/commons-vfs-2.9.0/commons-vfs2/src/main/java/org/apache/commons/vfs2/provider/DefaultURLStreamHandler.java
/sfs/weka/scratch/wxw9rr/artifact/RQ3/OE25-DEV/commons-vfs-2.9.0/commons-vfs2/src/main/java/org/apache/commons/vfs2/provider/res/ResourceFileNameParser.java
/sfs/weka/scratch/wxw9rr/artifact/RQ3/OE25-DEV/commons-vfs-2.9.0/commons-vfs2/src/main/java/org/apache/commons/vfs2/provider/FileSystemKey.java
/sfs/weka/scratch/wxw9rr/artifact/RQ3/OE25-DEV/commons-vfs-2.9.0/commons-vfs2/src/main/java/org/apache/commons/vfs2/provider/http4s/Http4sFileNameParser.java
/sfs/weka/scratch/wxw9rr/artifact/RQ3/OE25-DEV/commons-vfs-2.9.0/commons-vfs2/src/main/java/org/apache/commons/vfs2/operations/FileOperation.java
/sfs/weka/scratch/wxw9rr/artifact/RQ3/OE25-DEV/commons-vfs-2.9.0/commons-vfs2/src/main/java/org/apache/commons/vfs2/filter/SizeRangeFileFilter.java
/sfs/weka/scratch/wxw9rr/artifact/RQ3/OE25-DEV/commons-vfs-2.9.0/commons-vfs2/src/main/java/org/apache/commons/vfs2/tasks/SyncTask.java
/sfs/weka/scratch/wxw9rr/artifact/RQ3/OE25-DEV/commons-vfs-2.9.0/commons-vfs2/src/main/java/org/apache/commons/vfs2/provider/sftp/SftpFileProvider.java
/sfs/weka/scratch/wxw9rr/artifact/RQ3/OE25-DEV/commons-vfs-2.9.0/commons-vfs2/src/main/java/org/apache/commons/vfs2/provider/TemporaryFileStore.java
/sfs/weka/scratch/wxw9rr/artifact/RQ3/OE25-DEV/commons-vfs-2.9.0/commons-vfs2/src/main/java/org/apache/commons/vfs2/provider/GenericURLFileName.java
/sfs/weka/scratch/wxw9rr/artifact/RQ3/OE25-DEV/commons-vfs-2.9.0/commons-vfs2/src/main/java/org/apache/commons/vfs2/provider/res/ResourceFileProvider.java
/sfs/weka/scratch/wxw9rr/artifact/RQ3/OE25-DEV/commons-vfs-2.9.0/commons-vfs2/src/main/java/org/apache/commons/vfs2/provider/sftp/SftpStreamProxy.java
/sfs/weka/scratch/wxw9rr/artifact/RQ3/OE25-DEV/commons-vfs-2.9.0/commons-vfs2/src/main/java/org/apache/commons/vfs2/provider/jar/JarFileSystem.java
/sfs/weka/scratch/wxw9rr/artifact/RQ3/OE25-DEV/commons-vfs-2.9.0/commons-vfs2/src/main/java/org/apache/commons/vfs2/Selectors.java
/sfs/weka/scratch/wxw9rr/artifact/RQ3/OE25-DEV/commons-vfs-2.9.0/commons-vfs2/src/main/java/org/apache/commons/vfs2/provider/LocalFileProvider.java
/sfs/weka/scratch/wxw9rr/artifact/RQ3/OE25-DEV/commons-vfs-2.9.0/commons-vfs2/src/main/java/org/apache/commons/vfs2/util/CryptorFactory.java
/sfs/weka/scratch/wxw9rr/artifact/RQ3/OE25-DEV/commons-vfs-2.9.0/commons-vfs2/src/main/java/org/apache/commons/vfs2/provider/UriParser.java
/sfs/weka/scratch/wxw9rr/artifact/RQ3/OE25-DEV/commons-vfs-2.9.0/commons-vfs2/src/main/java/org/apache/commons/vfs2/impl/DefaultFileMonitor.java
/sfs/weka/scratch/wxw9rr/artifact/RQ3/OE25-DEV/commons-vfs-2.9.0/commons-vfs2/src/main/java/org/apache/commons/vfs2/tasks/MoveTask.java
/sfs/weka/scratch/wxw9rr/artifact/RQ3/OE25-DEV/commons-vfs-2.9.0/commons-vfs2/src/main/java/org/apache/commons/vfs2/filter/CanExecuteFileFilter.java
/sfs/weka/scratch/wxw9rr/artifact/RQ3/OE25-DEV/commons-vfs-2.9.0/commons-vfs2/src/main/java/org/apache/commons/vfs2/FileSelector.java
/sfs/weka/scratch/wxw9rr/artifact/RQ3/OE25-DEV/commons-vfs-2.9.0/commons-vfs2/src/main/java/org/apache/commons/vfs2/provider/compressed/CompressedFileFileObject.java
/sfs/weka/scratch/wxw9rr/artifact/RQ3/OE25-DEV/commons-vfs-2.9.0/commons-vfs2/src/main/java/org/apache/commons/vfs2/FileName.java
/sfs/weka/scratch/wxw9rr/artifact/RQ3/OE25-DEV/commons-vfs-2.9.0/commons-vfs2/src/main/java/org/apache/commons/vfs2/provider/ram/RamFileRandomAccessContent.java
/sfs/weka/scratch/wxw9rr/artifact/RQ3/OE25-DEV/commons-vfs-2.9.0/commons-vfs2/src/main/java/org/apache/commons/vfs2/provider/http4/Http4FileObject.java
/sfs/weka/scratch/wxw9rr/artifact/RQ3/OE25-DEV/commons-vfs-2.9.0/commons-vfs2/src/main/java/org/apache/commons/vfs2/Capability.java
/sfs/weka/scratch/wxw9rr/artifact/RQ3/OE25-DEV/commons-vfs-2.9.0/commons-vfs2/src/main/java/org/apache/commons/vfs2/FileChangeEvent.java
/sfs/weka/scratch/wxw9rr/artifact/RQ3/OE25-DEV/commons-vfs-2.9.0/commons-vfs2/src/main/java/org/apache/commons/vfs2/provider/FileReplicator.java
/sfs/weka/scratch/wxw9rr/artifact/RQ3/OE25-DEV/commons-vfs-2.9.0/commons-vfs2/src/main/java/org/apache/commons/vfs2/provider/ftp/FtpFileProvider.java
/sfs/weka/scratch/wxw9rr/artifact/RQ3/OE25-DEV/commons-vfs-2.9.0/commons-vfs2/src/main/java/org/apache/commons/vfs2/provider/DefaultFileContent.java
/sfs/weka/scratch/wxw9rr/artifact/RQ3/OE25-DEV/commons-vfs-2.9.0/commons-vfs2/src/main/java/org/apache/commons/vfs2/provider/tar/TarFileObject.java
/sfs/weka/scratch/wxw9rr/artifact/RQ3/OE25-DEV/commons-vfs-2.9.0/commons-vfs2/src/main/java/org/apache/commons/vfs2/provider/ftps/FtpsDataChannelProtectionLevel.java
/sfs/weka/scratch/wxw9rr/artifact/RQ3/OE25-DEV/commons-vfs-2.9.0/commons-vfs2/src/main/java/org/apache/commons/vfs2/FileNotFolderException.java
/sfs/weka/scratch/wxw9rr/artifact/RQ3/OE25-DEV/commons-vfs-2.9.0/commons-vfs2/src/main/java/org/apache/commons/vfs2/provider/AbstractRandomAccessStreamContent.java
/sfs/weka/scratch/wxw9rr/artifact/RQ3/OE25-DEV/commons-vfs-2.9.0/commons-vfs2/src/main/java/org/apache/commons/vfs2/provider/ftps/FtpsMode.java
/sfs/weka/scratch/wxw9rr/artifact/RQ3/OE25-DEV/commons-vfs-2.9.0/commons-vfs2/src/main/java/org/apache/commons/vfs2/util/CombinedResources.java
/sfs/weka/scratch/wxw9rr/artifact/RQ3/OE25-DEV/commons-vfs-2.9.0/commons-vfs2/src/main/java/org/apache/commons/vfs2/cache/WeakRefFilesCache.java
/sfs/weka/scratch/wxw9rr/artifact/RQ3/OE25-DEV/commons-vfs-2.9.0/commons-vfs2/src/main/java/org/apache/commons/vfs2/provider/local/WindowsFileName.java
/sfs/weka/scratch/wxw9rr/artifact/RQ3/OE25-DEV/commons-vfs-2.9.0/commons-vfs2/src/main/java/org/apache/commons/vfs2/provider/AbstractLayeredFileProvider.java
/sfs/weka/scratch/wxw9rr/artifact/RQ3/OE25-DEV/commons-vfs-2.9.0/commons-vfs2/src/main/java/org/apache/commons/vfs2/provider/http/HttpFileProvider.java
/sfs/weka/scratch/wxw9rr/artifact/RQ3/OE25-DEV/commons-vfs-2.9.0/commons-vfs2/src/main/java/org/apache/commons/vfs2/provider/http5s/Http5sFileProvider.java
/sfs/weka/scratch/wxw9rr/artifact/RQ3/OE25-DEV/commons-vfs-2.9.0/commons-vfs2/src/main/java/org/apache/commons/vfs2/provider/url/UrlFileSystem.java
/sfs/weka/scratch/wxw9rr/artifact/RQ3/OE25-DEV/commons-vfs-2.9.0/commons-vfs2/src/main/java/org/apache/commons/vfs2/provider/AbstractFileSystem.java
/sfs/weka/scratch/wxw9rr/artifact/RQ3/OE25-DEV/commons-vfs-2.9.0/commons-vfs2/src/main/java/org/apache/commons/vfs2/provider/tar/TarFileProvider.java
/sfs/weka/scratch/wxw9rr/artifact/RQ3/OE25-DEV/commons-vfs-2.9.0/commons-vfs2/src/main/java/org/apache/commons/vfs2/impl/Resource.java
/sfs/weka/scratch/wxw9rr/artifact/RQ3/OE25-DEV/commons-vfs-2.9.0/commons-vfs2/src/main/java/org/apache/commons/vfs2/provider/compressed/CompressedFileFileSystem.java
/sfs/weka/scratch/wxw9rr/artifact/RQ3/OE25-DEV/commons-vfs-2.9.0/commons-vfs2/src/main/java/org/apache/commons/vfs2/provider/FileContentThreadData.java
/sfs/weka/scratch/wxw9rr/artifact/RQ3/OE25-DEV/commons-vfs-2.9.0/commons-vfs2/src/main/java/org/apache/commons/vfs2/provider/hdfs/HdfsFileObject.java
/sfs/weka/scratch/wxw9rr/artifact/RQ3/OE25-DEV/commons-vfs-2.9.0/commons-vfs2/src/main/java/org/apache/commons/vfs2/util/Cryptor.java
/sfs/weka/scratch/wxw9rr/artifact/RQ3/OE25-DEV/commons-vfs-2.9.0/commons-vfs2/src/main/java/org/apache/commons/vfs2/events/DeleteEvent.java
/sfs/weka/scratch/wxw9rr/artifact/RQ3/OE25-DEV/commons-vfs-2.9.0/commons-vfs2/src/main/java/org/apache/commons/vfs2/provider/ram/RamFileProvider.java
/sfs/weka/scratch/wxw9rr/artifact/RQ3/OE25-DEV/commons-vfs-2.9.0/commons-vfs2/src/main/java/org/apache/commons/vfs2/provider/res/ResourceFileSystemConfigBuilder.java
/sfs/weka/scratch/wxw9rr/artifact/RQ3/OE25-DEV/commons-vfs-2.9.0/commons-vfs2/src/main/java/org/apache/commons/vfs2/filter/FileFileFilter.java
/sfs/weka/scratch/wxw9rr/artifact/RQ3/OE25-DEV/commons-vfs-2.9.0/commons-vfs2/src/main/java/org/apache/commons/vfs2/provider/tar/Tbz2FileProvider.java
/sfs/weka/scratch/wxw9rr/artifact/RQ3/OE25-DEV/commons-vfs-2.9.0/commons-vfs2/src/main/java/org/apache/commons/vfs2/operations/vcs/VcsLogEntryHandler.java
/sfs/weka/scratch/wxw9rr/artifact/RQ3/OE25-DEV/commons-vfs-2.9.0/commons-vfs2/src/main/java/org/apache/commons/vfs2/filter/SizeFileFilter.java
/sfs/weka/scratch/wxw9rr/artifact/RQ3/OE25-DEV/commons-vfs-2.9.0/commons-vfs2/src/main/java/org/apache/commons/vfs2/impl/PrivilegedFileReplicator.java
/sfs/weka/scratch/wxw9rr/artifact/RQ3/OE25-DEV/commons-vfs-2.9.0/commons-vfs2/src/main/java/org/apache/commons/vfs2/provider/http4/Http4FileNameParser.java
/sfs/weka/scratch/wxw9rr/artifact/RQ3/OE25-DEV/commons-vfs-2.9.0/commons-vfs2/src/main/java/org/apache/commons/vfs2/provider/jar/JarFileObject.java
/sfs/weka/scratch/wxw9rr/artifact/RQ3/OE25-DEV/commons-vfs-2.9.0/commons-vfs2/src/main/java/org/apache/commons/vfs2/provider/http5/Http5FileNameParser.java
/sfs/weka/scratch/wxw9rr/artifact/RQ3/OE25-DEV/commons-vfs-2.9.0/commons-vfs2/src/main/java/org/apache/commons/vfs2/FileListener.java
/sfs/weka/scratch/wxw9rr/artifact/RQ3/OE25-DEV/commons-vfs-2.9.0/commons-vfs2/src/main/java/org/apache/commons/vfs2/provider/ram/RamFileSystem.java
/sfs/weka/scratch/wxw9rr/artifact/RQ3/OE25-DEV/commons-vfs-2.9.0/commons-vfs2/src/main/java/org/apache/commons/vfs2/provider/ftp/FTPClientWrapper.java
/sfs/weka/scratch/wxw9rr/artifact/RQ3/OE25-DEV/commons-vfs-2.9.0/commons-vfs2/src/main/java/org/apache/commons/vfs2/filter/CanReadFileFilter.java
/sfs/weka/scratch/wxw9rr/artifact/RQ3/OE25-DEV/commons-vfs-2.9.0/commons-vfs2/src/main/java/org/apache/commons/vfs2/operations/AbstractFileOperationProvider.java
/sfs/weka/scratch/wxw9rr/artifact/RQ3/OE25-DEV/commons-vfs-2.9.0/commons-vfs2/src/main/java/org/apache/commons/vfs2/provider/ftp/FtpFileNameParser.java
/sfs/weka/scratch/wxw9rr/artifact/RQ3/OE25-DEV/commons-vfs-2.9.0/commons-vfs2/src/main/java/org/apache/commons/vfs2/FileSystemException.java
/sfs/weka/scratch/wxw9rr/artifact/RQ3/OE25-DEV/commons-vfs-2.9.0/commons-vfs2/src/main/java/org/apache/commons/vfs2/provider/local/LocalFileRandomAccessContent.java
/sfs/weka/scratch/wxw9rr/artifact/RQ3/OE25-DEV/commons-vfs-2.9.0/commons-vfs2/src/main/java/org/apache/commons/vfs2/provider/sftp/IdentityRepositoryFactory.java
/sfs/weka/scratch/wxw9rr/artifact/RQ3/OE25-DEV/commons-vfs-2.9.0/commons-vfs2/src/main/java/org/apache/commons/vfs2/provider/jar/JarFileProvider.java
/sfs/weka/scratch/wxw9rr/artifact/RQ3/OE25-DEV/commons-vfs-2.9.0/commons-vfs2/src/main/java/org/apache/commons/vfs2/provider/ftp/FtpFileSystem.java
/sfs/weka/scratch/wxw9rr/artifact/RQ3/OE25-DEV/commons-vfs-2.9.0/commons-vfs2/src/main/java/org/apache/commons/vfs2/provider/ftps/FtpsClientWrapper.java
