/sfs/weka/scratch/wxw9rr/artifact/RQ3/OE25-DEV/async-http-client/extras/rxjava/src/main/java/org/asynchttpclient/extras/rxjava/single/AsyncHttpSingle.java
/sfs/weka/scratch/wxw9rr/artifact/RQ3/OE25-DEV/async-http-client/extras/rxjava/src/main/java/org/asynchttpclient/extras/rxjava/UnsubscribedException.java
/sfs/weka/scratch/wxw9rr/artifact/RQ3/OE25-DEV/async-http-client/extras/rxjava/src/main/java/org/asynchttpclient/extras/rxjava/single/AsyncSingleSubscriberBridge.java
/sfs/weka/scratch/wxw9rr/artifact/RQ3/OE25-DEV/async-http-client/extras/rxjava/src/main/java/org/asynchttpclient/extras/rxjava/single/ProgressAsyncSingleSubscriberBridge.java
/sfs/weka/scratch/wxw9rr/artifact/RQ3/OE25-DEV/async-http-client/extras/rxjava/src/main/java/org/asynchttpclient/extras/rxjava/single/AbstractSingleSubscriberBridge.java
/sfs/weka/scratch/wxw9rr/artifact/RQ3/OE25-DEV/async-http-client/extras/rxjava/src/main/java/org/asynchttpclient/extras/rxjava/single/AbstractProgressSingleSubscriberBridge.java
/sfs/weka/scratch/wxw9rr/artifact/RQ3/OE25-DEV/async-http-client/extras/rxjava/src/main/java/org/asynchttpclient/extras/rxjava/AsyncHttpObservable.java
