[ERROR] COMPILATION ERROR : 
[ERROR] /home/tasfia/Desktop/OE25-DEV/projects_decomposed/commons-numbers/commons-numbers-gamma/src/test/java/org/apache/commons/numbers/gamma/LogBetaTest_OE25Dev_numb_27_1.java:[538,9] cannot find symbol
  symbol:   method testLogBeta(double,double,int)
  location: class org.apache.commons.numbers.gamma.LogBetaTest_OE25Dev_numb_27_1
[ERROR] /home/tasfia/Desktop/OE25-DEV/projects_decomposed/commons-numbers/commons-numbers-gamma/src/test/java/org/apache/commons/numbers/gamma/LogBetaTest_OE25Dev_numb_27_1.java:[543,9] cannot find symbol
  symbol:   method testLogBeta(double,int,double)
  location: class org.apache.commons.numbers.gamma.LogBetaTest_OE25Dev_numb_27_1
[ERROR] /home/tasfia/Desktop/OE25-DEV/projects_decomposed/commons-numbers/commons-numbers-gamma/src/test/java/org/apache/commons/numbers/gamma/LogBetaTest_OE25Dev_numb_27_1.java:[548,9] cannot find symbol
  symbol:   method testLogBeta(double,int,int)
  location: class org.apache.commons.numbers.gamma.LogBetaTest_OE25Dev_numb_27_1
[ERROR] /home/tasfia/Desktop/OE25-DEV/projects_decomposed/commons-numbers/commons-numbers-gamma/src/test/java/org/apache/commons/numbers/gamma/LogBetaTest_OE25Dev_numb_27_1.java:[553,9] cannot find symbol
  symbol:   method testLogBeta(double,int,int)
  location: class org.apache.commons.numbers.gamma.LogBetaTest_OE25Dev_numb_27_1
[ERROR] /home/tasfia/Desktop/OE25-DEV/projects_decomposed/commons-numbers/commons-numbers-gamma/src/test/java/org/apache/commons/numbers/gamma/LogBetaTest_OE25Dev_numb_27_1.java:[558,9] cannot find symbol
  symbol:   method testLogBeta(double,int,int)
  location: class org.apache.commons.numbers.gamma.LogBetaTest_OE25Dev_numb_27_1
[ERROR] /home/tasfia/Desktop/OE25-DEV/projects_decomposed/commons-numbers/commons-numbers-gamma/src/test/java/org/apache/commons/numbers/gamma/LogBetaTest_OE25Dev_numb_27_1.java:[563,9] cannot find symbol
  symbol:   method testLogBeta(double,int,int)
  location: class org.apache.commons.numbers.gamma.LogBetaTest_OE25Dev_numb_27_1
[ERROR] /home/tasfia/Desktop/OE25-DEV/projects_decomposed/commons-numbers/commons-numbers-gamma/src/test/java/org/apache/commons/numbers/gamma/LogBetaTest_OE25Dev_numb_27_1.java:[568,9] cannot find symbol
  symbol:   method testLogBeta(double,int,int)
  location: class org.apache.commons.numbers.gamma.LogBetaTest_OE25Dev_numb_27_1
[ERROR] Failed to execute goal org.apache.maven.plugins:maven-compiler-plugin:3.8.1:testCompile (default-testCompile) on project commons-numbers-gamma: Compilation failure: Compilation failure: 
[ERROR] /home/tasfia/Desktop/OE25-DEV/projects_decomposed/commons-numbers/commons-numbers-gamma/src/test/java/org/apache/commons/numbers/gamma/LogBetaTest_OE25Dev_numb_27_1.java:[538,9] cannot find symbol
[ERROR]   symbol:   method testLogBeta(double,double,int)
[ERROR]   location: class org.apache.commons.numbers.gamma.LogBetaTest_OE25Dev_numb_27_1
[ERROR] /home/tasfia/Desktop/OE25-DEV/projects_decomposed/commons-numbers/commons-numbers-gamma/src/test/java/org/apache/commons/numbers/gamma/LogBetaTest_OE25Dev_numb_27_1.java:[543,9] cannot find symbol
[ERROR]   symbol:   method testLogBeta(double,int,double)
[ERROR]   location: class org.apache.commons.numbers.gamma.LogBetaTest_OE25Dev_numb_27_1
[ERROR] /home/tasfia/Desktop/OE25-DEV/projects_decomposed/commons-numbers/commons-numbers-gamma/src/test/java/org/apache/commons/numbers/gamma/LogBetaTest_OE25Dev_numb_27_1.java:[548,9] cannot find symbol
[ERROR]   symbol:   method testLogBeta(double,int,int)
[ERROR]   location: class org.apache.commons.numbers.gamma.LogBetaTest_OE25Dev_numb_27_1
[ERROR] /home/tasfia/Desktop/OE25-DEV/projects_decomposed/commons-numbers/commons-numbers-gamma/src/test/java/org/apache/commons/numbers/gamma/LogBetaTest_OE25Dev_numb_27_1.java:[553,9] cannot find symbol
[ERROR]   symbol:   method testLogBeta(double,int,int)
[ERROR]   location: class org.apache.commons.numbers.gamma.LogBetaTest_OE25Dev_numb_27_1
[ERROR] /home/tasfia/Desktop/OE25-DEV/projects_decomposed/commons-numbers/commons-numbers-gamma/src/test/java/org/apache/commons/numbers/gamma/LogBetaTest_OE25Dev_numb_27_1.java:[558,9] cannot find symbol
[ERROR]   symbol:   method testLogBeta(double,int,int)
[ERROR]   location: class org.apache.commons.numbers.gamma.LogBetaTest_OE25Dev_numb_27_1
[ERROR] /home/tasfia/Desktop/OE25-DEV/projects_decomposed/commons-numbers/commons-numbers-gamma/src/test/java/org/apache/commons/numbers/gamma/LogBetaTest_OE25Dev_numb_27_1.java:[563,9] cannot find symbol
[ERROR]   symbol:   method testLogBeta(double,int,int)
[ERROR]   location: class org.apache.commons.numbers.gamma.LogBetaTest_OE25Dev_numb_27_1
[ERROR] /home/tasfia/Desktop/OE25-DEV/projects_decomposed/commons-numbers/commons-numbers-gamma/src/test/java/org/apache/commons/numbers/gamma/LogBetaTest_OE25Dev_numb_27_1.java:[568,9] cannot find symbol
[ERROR]   symbol:   method testLogBeta(double,int,int)
[ERROR]   location: class org.apache.commons.numbers.gamma.LogBetaTest_OE25Dev_numb_27_1
[ERROR] -> [Help 1]
[ERROR] 
[ERROR] To see the full stack trace of the errors, re-run Maven with the -e switch.
[ERROR] Re-run Maven using the -X switch to enable full debug logging.
[ERROR] 
[ERROR] For more information about the errors and possible solutions, please read the following articles:
[ERROR] [Help 1] http://cwiki.apache.org/confluence/display/MAVEN/MojoFailureException
