org/apache/commons/geometry/spherical/twod/GreatCircles.class
org/apache/commons/geometry/spherical/oned/RegionBSPTree1S.class
org/apache/commons/geometry/spherical/twod/GreatArcPath.class
org/apache/commons/geometry/spherical/twod/AbstractGreatArcConnector.class
org/apache/commons/geometry/spherical/oned/Point1S.class
org/apache/commons/geometry/spherical/twod/RegionBSPTree2S$BoundaryProjector2S.class
org/apache/commons/geometry/spherical/oned/Transform1S.class
org/apache/commons/geometry/spherical/oned/AngularInterval$1.class
org/apache/commons/geometry/spherical/twod/AbstractGreatArcConnector$ConnectableGreatArc.class
org/apache/commons/geometry/spherical/oned/AngularInterval$Convex.class
org/apache/commons/geometry/spherical/twod/Transform2S.class
org/apache/commons/geometry/spherical/twod/RegionBSPTree2S$RegionNode2S.class
org/apache/commons/geometry/spherical/oned/RegionBSPTree1S$RegionNode1S.class
org/apache/commons/geometry/spherical/twod/ConvexArea2S.class
org/apache/commons/geometry/spherical/twod/BoundarySource2S.class
org/apache/commons/geometry/spherical/oned/AngularInterval.class
org/apache/commons/geometry/spherical/oned/RegionBSPTree1S$1.class
org/apache/commons/geometry/spherical/oned/RegionBSPTree1S$BoundaryProjector1S.class
org/apache/commons/geometry/spherical/twod/InteriorAngleGreatArcConnector$Minimize.class
org/apache/commons/geometry/spherical/oned/CutAngle$CutAngleConvexSubset.class
org/apache/commons/geometry/spherical/twod/RegionBSPTree2S$1.class
org/apache/commons/geometry/spherical/twod/Point2S.class
org/apache/commons/geometry/spherical/twod/GreatArcPath$Builder.class
org/apache/commons/geometry/spherical/oned/CutAngle.class
org/apache/commons/geometry/spherical/twod/InteriorAngleGreatArcConnector$Maximize.class
org/apache/commons/geometry/spherical/twod/EmbeddedTreeGreatCircleSubset.class
org/apache/commons/geometry/spherical/twod/GreatArcPath$1.class
org/apache/commons/geometry/spherical/twod/BoundaryList2S.class
org/apache/commons/geometry/spherical/twod/GreatCircle.class
org/apache/commons/geometry/spherical/twod/GreatCircleSubset.class
org/apache/commons/geometry/spherical/oned/CutAngles.class
org/apache/commons/geometry/spherical/oned/RegionBSPTree1S$BoundaryPair.class
org/apache/commons/geometry/spherical/twod/GreatArc.class
org/apache/commons/geometry/spherical/twod/RegionBSPTree2S.class
org/apache/commons/geometry/spherical/twod/InteriorAngleGreatArcConnector.class
