[INFO] Scanning for projects...
[INFO] Inspecting build with total of 1 modules...
[INFO] Installing Nexus Staging features:
[INFO]   ... total of 1 executions of maven-deploy-plugin replaced with nexus-staging-maven-plugin
[INFO] 
[INFO] ---------------------------< org.json:json >----------------------------
[INFO] Building JSON in Java 20220924
[INFO] -------------------------------[ bundle ]-------------------------------
[INFO] 
[INFO] --- maven-enforcer-plugin:1.2:enforce (enforce-maven) @ json ---
[INFO] 
[INFO] --- maven-resources-plugin:3.4.0:resources (default-resources) @ json ---
[INFO] skip non existing resourceDirectory /home/tasfia/Desktop/OE25-DEV/projects_decomposed/JSON-java/src/main/resources
[INFO] 
[INFO] --- maven-compiler-plugin:2.3.2:compile (default-compile) @ json ---
[INFO] Nothing to compile - all classes are up to date
[INFO] 
[INFO] --- maven-resources-plugin:3.4.0:testResources (default-testResources) @ json ---
[INFO] Copying 5 resources from src/test/resources to target/test-classes
[INFO] 
[INFO] --- maven-compiler-plugin:2.3.2:testCompile (default-testCompile) @ json ---
[INFO] Compiling 16 source files to /home/tasfia/Desktop/OE25-DEV/projects_decomposed/JSON-java/target/test-classes
[INFO] 
[INFO] --- maven-surefire-plugin:2.22.0:test (default-test) @ json ---
[INFO] 
[INFO] -------------------------------------------------------
[INFO]  T E S T S
[INFO] -------------------------------------------------------
[INFO] Running org.json.junit.JSONMLTest_OE25Dev
[INFO] Tests run: 20, Failures: 0, Errors: 0, Skipped: 0, Time elapsed: 0.022 s - in org.json.junit.JSONMLTest_OE25Dev
[INFO] Running org.json.junit.JSONArrayTest_OE25Dev
[INFO] Tests run: 204, Failures: 0, Errors: 0, Skipped: 0, Time elapsed: 0.033 s - in org.json.junit.JSONArrayTest_OE25Dev
[INFO] Running org.json.junit.CookieListTest_OE25Dev
[INFO] Tests run: 28, Failures: 0, Errors: 0, Skipped: 0, Time elapsed: 0 s - in org.json.junit.CookieListTest_OE25Dev
[INFO] Running org.json.junit.XMLTest_OE25Dev
[INFO] Tests run: 97, Failures: 0, Errors: 0, Skipped: 0, Time elapsed: 0.018 s - in org.json.junit.XMLTest_OE25Dev
[INFO] Running org.json.junit.HTTPTest_OE25Dev
[INFO] Tests run: 1, Failures: 0, Errors: 0, Skipped: 0, Time elapsed: 0 s - in org.json.junit.HTTPTest_OE25Dev
[INFO] Running org.json.junit.EnumTest_OE25Dev
[INFO] Tests run: 82, Failures: 0, Errors: 0, Skipped: 0, Time elapsed: 0.009 s - in org.json.junit.EnumTest_OE25Dev
[INFO] Running org.json.junit.JSONObjectLocaleTest_OE25Dev
[INFO] Tests run: 6, Failures: 0, Errors: 0, Skipped: 0, Time elapsed: 0 s - in org.json.junit.JSONObjectLocaleTest_OE25Dev
[INFO] Running org.json.junit.PropertyTest_OE25Dev
[INFO] Tests run: 10, Failures: 0, Errors: 0, Skipped: 0, Time elapsed: 0 s - in org.json.junit.PropertyTest_OE25Dev
[INFO] Running org.json.junit.JSONStringTest_OE25Dev
[INFO] Tests run: 14, Failures: 0, Errors: 0, Skipped: 0, Time elapsed: 0 s - in org.json.junit.JSONStringTest_OE25Dev
[INFO] Running org.json.junit.JSONPointerTest_OE25Dev
[INFO] Tests run: 52, Failures: 0, Errors: 0, Skipped: 0, Time elapsed: 0.001 s - in org.json.junit.JSONPointerTest_OE25Dev
[INFO] Running org.json.junit.XMLConfigurationTest_OE25Dev
[INFO] Tests run: 84, Failures: 0, Errors: 0, Skipped: 0, Time elapsed: 0.007 s - in org.json.junit.XMLConfigurationTest_OE25Dev
[INFO] Running org.json.junit.JSONStringerTest_OE25Dev
[INFO] Tests run: 48, Failures: 0, Errors: 0, Skipped: 0, Time elapsed: 0.004 s - in org.json.junit.JSONStringerTest_OE25Dev
[INFO] Running org.json.junit.CookieTest_OE25Dev
[INFO] Tests run: 8, Failures: 0, Errors: 0, Skipped: 0, Time elapsed: 0 s - in org.json.junit.CookieTest_OE25Dev
[INFO] Running org.json.junit.JSONTokenerTest_OE25Dev
[INFO] Tests run: 4, Failures: 0, Errors: 0, Skipped: 0, Time elapsed: 0 s - in org.json.junit.JSONTokenerTest_OE25Dev
[INFO] Running org.json.junit.CDLTest_OE25Dev
[INFO] Tests run: 23, Failures: 0, Errors: 0, Skipped: 0, Time elapsed: 0 s - in org.json.junit.CDLTest_OE25Dev
[INFO] Running org.json.junit.JSONObjectTest_OE25Dev
[INFO] Tests run: 505, Failures: 0, Errors: 0, Skipped: 0, Time elapsed: 0.037 s - in org.json.junit.JSONObjectTest_OE25Dev
[INFO] 
[INFO] Results:
[INFO] 
[INFO] Tests run: 1186, Failures: 0, Errors: 0, Skipped: 0
[INFO] 
[INFO] ------------------------------------------------------------------------
[INFO] BUILD SUCCESS
[INFO] ------------------------------------------------------------------------
[INFO] Total time:  1.949 s
[INFO] Finished at: 2026-01-22T16:23:49-06:00
[INFO] ------------------------------------------------------------------------
