began at: 2026-01-12 00:32:14
Picked up _JAVA_OPTIONS: -Djava.io.tmpdir=/sfs/weka/scratch/wxw9rr/tmp
[INFO] Scanning for projects...
[WARNING] 
[WARNING] Some problems were encountered while building the effective model for org.apache.commons:commons-rng-examples-jpms-app:jar:1.4
[WARNING] 'build.plugins.plugin.(groupId:artifactId)' must be unique but found duplicate declaration of plugin org.apache.maven.plugins:maven-surefire-plugin @ org.apache.commons:commons-rng-parent:1.4, /sfs/weka/scratch/wxw9rr/artifact/RQ3/OE25-DEV/commons-rng-1.4-src/pom.xml, line 197, column 15
[WARNING] 
[WARNING] It is highly recommended to fix these problems because they threaten the stability of your build.
[WARNING] 
[WARNING] For this reason, future Maven versions might no longer support building such malformed projects.
[WARNING] 
[INFO] 
[INFO] ----------< org.apache.commons:commons-rng-examples-jpms-app >----------
[INFO] Building Apache Commons RNG JPMS Module Example (Application) 1.4
[INFO]   from pom.xml
[INFO] --------------------------------[ jar ]---------------------------------
Downloading from central: https://repo.maven.apache.org/maven2/org/apache/commons/commons-rng-examples-jpms-lib/1.4/commons-rng-examples-jpms-lib-1.4.pom
[WARNING] The POM for org.apache.commons:commons-rng-examples-jpms-lib:jar:1.4 is missing, no dependency information available
Downloading from central: https://repo.maven.apache.org/maven2/org/apache/commons/commons-rng-examples-jpms-lib/1.4/commons-rng-examples-jpms-lib-1.4.jar
[INFO] ------------------------------------------------------------------------
[INFO] BUILD FAILURE
[INFO] ------------------------------------------------------------------------
[INFO] Total time:  0.768 s
[INFO] Finished at: 2026-01-12T00:32:16-05:00
[INFO] ------------------------------------------------------------------------
[ERROR] Failed to execute goal on project commons-rng-examples-jpms-app: Could not resolve dependencies for project org.apache.commons:commons-rng-examples-jpms-app:jar:1.4: Could not find artifact org.apache.commons:commons-rng-examples-jpms-lib:jar:1.4 in central (https://repo.maven.apache.org/maven2) -> [Help 1]
[ERROR] 
[ERROR] To see the full stack trace of the errors, re-run Maven with the -e switch.
[ERROR] Re-run Maven using the -X switch to enable full debug logging.
[ERROR] 
[ERROR] For more information about the errors and possible solutions, please read the following articles:
[ERROR] [Help 1] http://cwiki.apache.org/confluence/display/MAVEN/DependencyResolutionException
ended at: 2026-01-12 00:32:16
