org/asynchttpclient/extras/simple/BodyConsumer.class
org/asynchttpclient/extras/simple/SimpleAsyncHttpClient$1.class
org/asynchttpclient/extras/simple/OutputStreamBodyConsumer.class
org/asynchttpclient/extras/simple/SimpleAsyncHttpClient$Builder.class
org/asynchttpclient/extras/simple/ThrowableHandler.class
org/asynchttpclient/extras/simple/AppendableBodyConsumer.class
org/asynchttpclient/extras/simple/ByteBufferBodyConsumer.class
org/asynchttpclient/extras/simple/SimpleAHCTransferListener.class
org/asynchttpclient/extras/simple/SimpleAsyncHttpClient.class
org/asynchttpclient/extras/simple/SimpleAsyncHttpClient$DerivedBuilder.class
org/asynchttpclient/extras/simple/ResumableBodyConsumer.class
org/asynchttpclient/extras/simple/FileBodyConsumer.class
org/asynchttpclient/extras/simple/SimpleAsyncHttpClient$BodyConsumerAsyncHandler.class
org/asynchttpclient/extras/simple/SimpleAsyncHttpClient$ResumableBodyConsumerAsyncHandler.class
org/asynchttpclient/extras/simple/SimpleAsyncHttpClient$ErrorDocumentBehaviour.class
