/sfs/weka/scratch/wxw9rr/OE25-DEV/projects_decomposed/commons-validator-1.7/src/main/java/org/apache/commons/validator/routines/ByteValidator.java
/sfs/weka/scratch/wxw9rr/OE25-DEV/projects_decomposed/commons-validator-1.7/src/main/java/org/apache/commons/validator/routines/CalendarValidator.java
/sfs/weka/scratch/wxw9rr/OE25-DEV/projects_decomposed/commons-validator-1.7/src/main/java/org/apache/commons/validator/routines/AbstractCalendarValidator.java
/sfs/weka/scratch/wxw9rr/OE25-DEV/projects_decomposed/commons-validator-1.7/src/main/java/org/apache/commons/validator/EmailValidator.java
/sfs/weka/scratch/wxw9rr/OE25-DEV/projects_decomposed/commons-validator-1.7/src/main/java/org/apache/commons/validator/routines/checkdigit/LuhnCheckDigit.java
/sfs/weka/scratch/wxw9rr/OE25-DEV/projects_decomposed/commons-validator-1.7/src/main/java/org/apache/commons/validator/routines/DateValidator.java
/sfs/weka/scratch/wxw9rr/OE25-DEV/projects_decomposed/commons-validator-1.7/src/main/java/org/apache/commons/validator/routines/checkdigit/EAN13CheckDigit.java
/sfs/weka/scratch/wxw9rr/OE25-DEV/projects_decomposed/commons-validator-1.7/src/main/java/org/apache/commons/validator/routines/RegexValidator.java
/sfs/weka/scratch/wxw9rr/OE25-DEV/projects_decomposed/commons-validator-1.7/src/main/java/org/apache/commons/validator/routines/checkdigit/CheckDigit.java
/sfs/weka/scratch/wxw9rr/OE25-DEV/projects_decomposed/commons-validator-1.7/src/main/java/org/apache/commons/validator/Arg.java
/sfs/weka/scratch/wxw9rr/OE25-DEV/projects_decomposed/commons-validator-1.7/src/main/java/org/apache/commons/validator/routines/checkdigit/ABANumberCheckDigit.java
/sfs/weka/scratch/wxw9rr/OE25-DEV/projects_decomposed/commons-validator-1.7/src/main/java/org/apache/commons/validator/routines/checkdigit/CheckDigitException.java
/sfs/weka/scratch/wxw9rr/OE25-DEV/projects_decomposed/commons-validator-1.7/src/main/java/org/apache/commons/validator/ValidatorResult.java
/sfs/weka/scratch/wxw9rr/OE25-DEV/projects_decomposed/commons-validator-1.7/src/main/java/org/apache/commons/validator/Field.java
/sfs/weka/scratch/wxw9rr/OE25-DEV/projects_decomposed/commons-validator-1.7/src/main/java/org/apache/commons/validator/util/ValidatorUtils.java
/sfs/weka/scratch/wxw9rr/OE25-DEV/projects_decomposed/commons-validator-1.7/src/main/java/org/apache/commons/validator/routines/checkdigit/VerhoeffCheckDigit.java
/sfs/weka/scratch/wxw9rr/OE25-DEV/projects_decomposed/commons-validator-1.7/src/main/java/org/apache/commons/validator/routines/TimeValidator.java
/sfs/weka/scratch/wxw9rr/OE25-DEV/projects_decomposed/commons-validator-1.7/src/main/java/org/apache/commons/validator/routines/checkdigit/ModulusTenCheckDigit.java
/sfs/weka/scratch/wxw9rr/OE25-DEV/projects_decomposed/commons-validator-1.7/src/main/java/org/apache/commons/validator/routines/IntegerValidator.java
/sfs/weka/scratch/wxw9rr/OE25-DEV/projects_decomposed/commons-validator-1.7/src/main/java/org/apache/commons/validator/routines/CreditCardValidator.java
/sfs/weka/scratch/wxw9rr/OE25-DEV/projects_decomposed/commons-validator-1.7/src/main/java/org/apache/commons/validator/util/Flags.java
/sfs/weka/scratch/wxw9rr/OE25-DEV/projects_decomposed/commons-validator-1.7/src/main/java/org/apache/commons/validator/routines/EmailValidator.java
/sfs/weka/scratch/wxw9rr/OE25-DEV/projects_decomposed/commons-validator-1.7/src/main/java/org/apache/commons/validator/routines/LongValidator.java
/sfs/weka/scratch/wxw9rr/OE25-DEV/projects_decomposed/commons-validator-1.7/src/main/java/org/apache/commons/validator/ValidatorAction.java
/sfs/weka/scratch/wxw9rr/OE25-DEV/projects_decomposed/commons-validator-1.7/src/main/java/org/apache/commons/validator/routines/DoubleValidator.java
/sfs/weka/scratch/wxw9rr/OE25-DEV/projects_decomposed/commons-validator-1.7/src/main/java/org/apache/commons/validator/FormSetFactory.java
/sfs/weka/scratch/wxw9rr/OE25-DEV/projects_decomposed/commons-validator-1.7/src/main/java/org/apache/commons/validator/routines/checkdigit/ISSNCheckDigit.java
/sfs/weka/scratch/wxw9rr/OE25-DEV/projects_decomposed/commons-validator-1.7/src/main/java/org/apache/commons/validator/Msg.java
/sfs/weka/scratch/wxw9rr/OE25-DEV/projects_decomposed/commons-validator-1.7/src/main/java/org/apache/commons/validator/routines/checkdigit/SedolCheckDigit.java
/sfs/weka/scratch/wxw9rr/OE25-DEV/projects_decomposed/commons-validator-1.7/src/main/java/org/apache/commons/validator/routines/DomainValidator.java
/sfs/weka/scratch/wxw9rr/OE25-DEV/projects_decomposed/commons-validator-1.7/src/main/java/org/apache/commons/validator/GenericValidator.java
/sfs/weka/scratch/wxw9rr/OE25-DEV/projects_decomposed/commons-validator-1.7/src/main/java/org/apache/commons/validator/routines/checkdigit/ISINCheckDigit.java
/sfs/weka/scratch/wxw9rr/OE25-DEV/projects_decomposed/commons-validator-1.7/src/main/java/org/apache/commons/validator/routines/ShortValidator.java
/sfs/weka/scratch/wxw9rr/OE25-DEV/projects_decomposed/commons-validator-1.7/src/main/java/org/apache/commons/validator/Form.java
/sfs/weka/scratch/wxw9rr/OE25-DEV/projects_decomposed/commons-validator-1.7/src/main/java/org/apache/commons/validator/routines/UrlValidator.java
/sfs/weka/scratch/wxw9rr/OE25-DEV/projects_decomposed/commons-validator-1.7/src/main/java/org/apache/commons/validator/routines/AbstractNumberValidator.java
/sfs/weka/scratch/wxw9rr/OE25-DEV/projects_decomposed/commons-validator-1.7/src/main/java/org/apache/commons/validator/routines/checkdigit/ModulusCheckDigit.java
/sfs/weka/scratch/wxw9rr/OE25-DEV/projects_decomposed/commons-validator-1.7/src/main/java/org/apache/commons/validator/ValidatorResults.java
/sfs/weka/scratch/wxw9rr/OE25-DEV/projects_decomposed/commons-validator-1.7/src/main/java/org/apache/commons/validator/Validator.java
/sfs/weka/scratch/wxw9rr/OE25-DEV/projects_decomposed/commons-validator-1.7/src/main/java/org/apache/commons/validator/routines/FloatValidator.java
/sfs/weka/scratch/wxw9rr/OE25-DEV/projects_decomposed/commons-validator-1.7/src/main/java/org/apache/commons/validator/routines/BigIntegerValidator.java
/sfs/weka/scratch/wxw9rr/OE25-DEV/projects_decomposed/commons-validator-1.7/src/main/java/org/apache/commons/validator/Var.java
/sfs/weka/scratch/wxw9rr/OE25-DEV/projects_decomposed/commons-validator-1.7/src/main/java/org/apache/commons/validator/routines/ISSNValidator.java
/sfs/weka/scratch/wxw9rr/OE25-DEV/projects_decomposed/commons-validator-1.7/src/main/java/org/apache/commons/validator/routines/ISBNValidator.java
/sfs/weka/scratch/wxw9rr/OE25-DEV/projects_decomposed/commons-validator-1.7/src/main/java/org/apache/commons/validator/routines/checkdigit/ISBN10CheckDigit.java
/sfs/weka/scratch/wxw9rr/OE25-DEV/projects_decomposed/commons-validator-1.7/src/main/java/org/apache/commons/validator/ValidatorResources.java
/sfs/weka/scratch/wxw9rr/OE25-DEV/projects_decomposed/commons-validator-1.7/src/main/java/org/apache/commons/validator/routines/PercentValidator.java
/sfs/weka/scratch/wxw9rr/OE25-DEV/projects_decomposed/commons-validator-1.7/src/main/java/org/apache/commons/validator/UrlValidator.java
/sfs/weka/scratch/wxw9rr/OE25-DEV/projects_decomposed/commons-validator-1.7/src/main/java/org/apache/commons/validator/routines/checkdigit/CUSIPCheckDigit.java
/sfs/weka/scratch/wxw9rr/OE25-DEV/projects_decomposed/commons-validator-1.7/src/main/java/org/apache/commons/validator/ValidatorException.java
/sfs/weka/scratch/wxw9rr/OE25-DEV/projects_decomposed/commons-validator-1.7/src/main/java/org/apache/commons/validator/routines/IBANValidator.java
/sfs/weka/scratch/wxw9rr/OE25-DEV/projects_decomposed/commons-validator-1.7/src/main/java/org/apache/commons/validator/routines/checkdigit/ISBNCheckDigit.java
/sfs/weka/scratch/wxw9rr/OE25-DEV/projects_decomposed/commons-validator-1.7/src/main/java/org/apache/commons/validator/routines/ISINValidator.java
/sfs/weka/scratch/wxw9rr/OE25-DEV/projects_decomposed/commons-validator-1.7/src/main/java/org/apache/commons/validator/ISBNValidator.java
/sfs/weka/scratch/wxw9rr/OE25-DEV/projects_decomposed/commons-validator-1.7/src/main/java/org/apache/commons/validator/CreditCardValidator.java
/sfs/weka/scratch/wxw9rr/OE25-DEV/projects_decomposed/commons-validator-1.7/src/main/java/org/apache/commons/validator/DateValidator.java
/sfs/weka/scratch/wxw9rr/OE25-DEV/projects_decomposed/commons-validator-1.7/src/main/java/org/apache/commons/validator/FormSet.java
/sfs/weka/scratch/wxw9rr/OE25-DEV/projects_decomposed/commons-validator-1.7/src/main/java/org/apache/commons/validator/routines/CodeValidator.java
/sfs/weka/scratch/wxw9rr/OE25-DEV/projects_decomposed/commons-validator-1.7/src/main/java/org/apache/commons/validator/routines/InetAddressValidator.java
/sfs/weka/scratch/wxw9rr/OE25-DEV/projects_decomposed/commons-validator-1.7/src/main/java/org/apache/commons/validator/GenericTypeValidator.java
/sfs/weka/scratch/wxw9rr/OE25-DEV/projects_decomposed/commons-validator-1.7/src/main/java/org/apache/commons/validator/routines/AbstractFormatValidator.java
/sfs/weka/scratch/wxw9rr/OE25-DEV/projects_decomposed/commons-validator-1.7/src/main/java/org/apache/commons/validator/routines/CurrencyValidator.java
/sfs/weka/scratch/wxw9rr/OE25-DEV/projects_decomposed/commons-validator-1.7/src/main/java/org/apache/commons/validator/routines/checkdigit/IBANCheckDigit.java
/sfs/weka/scratch/wxw9rr/OE25-DEV/projects_decomposed/commons-validator-1.7/src/main/java/org/apache/commons/validator/routines/BigDecimalValidator.java
