[INFO] Scanning for projects...
[INFO] 
[INFO] ----< org.asynchttpclient:async-http-client-extras-typesafe-config >----
[INFO] Building Asynchronous Http Client Typesafe Config Extras 2.12.3
[INFO]   from pom.xml
[INFO] --------------------------------[ jar ]---------------------------------
[INFO] 
[INFO] --- clean:3.2.0:clean (default-clean) @ async-http-client-extras-typesafe-config ---
[INFO] 
[INFO] --- enforcer:1.4.1:enforce (enforce-versions) @ async-http-client-extras-typesafe-config ---
[INFO] 
[INFO] --- resources:3.0.2:resources (default-resources) @ async-http-client-extras-typesafe-config ---
[INFO] Using 'UTF-8' encoding to copy filtered resources.
[INFO] skip non existing resourceDirectory /sfs/weka/scratch/wxw9rr/OE25-DEV/projects_original/async-http-client/extras/typesafeconfig/src/main/resources
[INFO] 
[INFO] --- compiler:3.6.1:compile (default-compile) @ async-http-client-extras-typesafe-config ---
[INFO] Changes detected - recompiling the module!
[INFO] Compiling 1 source file to /sfs/weka/scratch/wxw9rr/OE25-DEV/projects_original/async-http-client/extras/typesafeconfig/target/classes
[INFO] 
[INFO] --- resources:3.0.2:testResources (default-testResources) @ async-http-client-extras-typesafe-config ---
[INFO] Using 'UTF-8' encoding to copy filtered resources.
[INFO] skip non existing resourceDirectory /sfs/weka/scratch/wxw9rr/OE25-DEV/projects_original/async-http-client/extras/typesafeconfig/src/test/resources
[INFO] 
[INFO] --- compiler:3.6.1:testCompile (default-testCompile) @ async-http-client-extras-typesafe-config ---
[INFO] Changes detected - recompiling the module!
[INFO] Compiling 1 source file to /sfs/weka/scratch/wxw9rr/OE25-DEV/projects_original/async-http-client/extras/typesafeconfig/target/test-classes
[INFO] 
[INFO] --- surefire:2.19.1:test (default-test) @ async-http-client-extras-typesafe-config ---

-------------------------------------------------------
 T E S T S
-------------------------------------------------------
Picked up _JAVA_OPTIONS: -Djava.io.tmpdir=/sfs/weka/scratch/wxw9rr/tmp
Running org.asynchttpclient.extras.typesafeconfig.AsyncHttpClientTypesafeConfigTest
Tests run: 17, Failures: 0, Errors: 0, Skipped: 0, Time elapsed: 0.291 sec - in org.asynchttpclient.extras.typesafeconfig.AsyncHttpClientTypesafeConfigTest

Results :

Tests run: 17, Failures: 0, Errors: 0, Skipped: 0

[INFO] ------------------------------------------------------------------------
[INFO] BUILD SUCCESS
[INFO] ------------------------------------------------------------------------
[INFO] Total time:  2.349 s
[INFO] Finished at: 2026-01-15T23:52:24-05:00
[INFO] ------------------------------------------------------------------------
