
-------------------------------------------------------
 T E S T S
-------------------------------------------------------
Running org.asynchttpclient.AsyncStreamHandlerTest_OE25Dev
Tests run: 1, Failures: 1, Errors: 0, Skipped: 0, Time elapsed: 0.88 sec <<< FAILURE! - in org.asynchttpclient.AsyncStreamHandlerTest_OE25Dev
asyncOptionsTest_oe(org.asynchttpclient.AsyncStreamHandlerTest_OE25Dev)  Time elapsed: 0.381 sec  <<< FAILURE!
java.lang.NullPointerException
	at org.asynchttpclient.AsyncStreamHandlerTest_OE25Dev.lambda$null$19(AsyncStreamHandlerTest_OE25Dev.java:503)
	at org.asynchttpclient.AsyncStreamHandlerTest_OE25Dev.lambda$asyncOptionsTest_oe$20(AsyncStreamHandlerTest_OE25Dev.java:478)
	at org.asynchttpclient.AsyncStreamHandlerTest_OE25Dev.asyncOptionsTest_oe(AsyncStreamHandlerTest_OE25Dev.java:477)


Results :

Failed tests: 
  AsyncStreamHandlerTest_OE25Dev.asyncOptionsTest_oe:477->lambda$asyncOptionsTest_oe$20:478->lambda$null$19:503 NullPointer

Tests run: 1, Failures: 1, Errors: 0, Skipped: 0

[ERROR] Failed to execute goal org.apache.maven.plugins:maven-surefire-plugin:2.19.1:test (default-test) on project async-http-client: There are test failures.
[ERROR] 
[ERROR] Please refer to /home/tasfia/Desktop/OE25-DEV/projects_decomposed/async-http-client/client/target/surefire-reports for the individual test results.
[ERROR] -> [Help 1]
[ERROR] 
[ERROR] To see the full stack trace of the errors, re-run Maven with the -e switch.
[ERROR] Re-run Maven using the -X switch to enable full debug logging.
[ERROR] 
[ERROR] For more information about the errors and possible solutions, please read the following articles:
[ERROR] [Help 1] http://cwiki.apache.org/confluence/display/MAVEN/MojoFailureException
