[INFO] Scanning for projects...
[INFO] 
[INFO] ------------------< commons-dbutils:commons-dbutils >-------------------
[INFO] Building Apache Commons DbUtils 1.7
[INFO]   from pom.xml
[INFO] --------------------------------[ jar ]---------------------------------
[INFO] 
[INFO] --- enforcer:1.4.1:enforce (enforce-maven-3) @ commons-dbutils ---
[INFO] 
[INFO] --- build-helper:1.10:parse-version (parse-version) @ commons-dbutils ---
[INFO] 
[INFO] --- antrun:1.8:run (javadoc.resources) @ commons-dbutils ---
[INFO] Executing tasks

main:
     [copy] Copying 2 files to /sfs/weka/scratch/wxw9rr/OE25-DEV/projects_decomposed/commons-dbutils-1.7/target/apidocs/META-INF
[INFO] Executed tasks
[INFO] 
[INFO] --- remote-resources:1.5:process (default) @ commons-dbutils ---
[INFO] 
[INFO] --- buildnumber:1.4:create (default) @ commons-dbutils ---
[INFO] Executing: /bin/sh -c cd '/sfs/weka/scratch/wxw9rr/OE25-DEV/projects_decomposed/commons-dbutils-1.7' && 'git' 'rev-parse' '--verify' 'HEAD'
[INFO] Working directory: /sfs/weka/scratch/wxw9rr/OE25-DEV/projects_decomposed/commons-dbutils-1.7
[INFO] Storing buildNumber: b467cf2e4e818b0489514385e833d64c6545dc91 at timestamp: 1768576924980
[INFO] Storing buildScmBranch: main
[INFO] 
[INFO] --- resources:2.7:resources (default-resources) @ commons-dbutils ---
[INFO] Using 'iso-8859-1' encoding to copy filtered resources.
[INFO] Copying 2 resources
[INFO] Copying 2 resources to META-INF
[INFO] 
[INFO] --- compiler:3.5.1:compile (default-compile) @ commons-dbutils ---
[INFO] Changes detected - recompiling the module!
[INFO] Compiling 46 source files to /sfs/weka/scratch/wxw9rr/OE25-DEV/projects_decomposed/commons-dbutils-1.7/target/classes
[INFO] /sfs/weka/scratch/wxw9rr/OE25-DEV/projects_decomposed/commons-dbutils-1.7/src/main/java/org/apache/commons/dbutils/BeanProcessor.java: Some input files use or override a deprecated API.
[INFO] /sfs/weka/scratch/wxw9rr/OE25-DEV/projects_decomposed/commons-dbutils-1.7/src/main/java/org/apache/commons/dbutils/BeanProcessor.java: Recompile with -Xlint:deprecation for details.
[INFO] /sfs/weka/scratch/wxw9rr/OE25-DEV/projects_decomposed/commons-dbutils-1.7/src/main/java/org/apache/commons/dbutils/handlers/properties/StringEnumPropertyHandler.java: /sfs/weka/scratch/wxw9rr/OE25-DEV/projects_decomposed/commons-dbutils-1.7/src/main/java/org/apache/commons/dbutils/handlers/properties/StringEnumPropertyHandler.java uses unchecked or unsafe operations.
[INFO] /sfs/weka/scratch/wxw9rr/OE25-DEV/projects_decomposed/commons-dbutils-1.7/src/main/java/org/apache/commons/dbutils/handlers/properties/StringEnumPropertyHandler.java: Recompile with -Xlint:unchecked for details.
[INFO] 
[INFO] --- bundle:3.0.1:manifest (bundle-manifest) @ commons-dbutils ---
[INFO] 
[INFO] --- animal-sniffer:1.15:check (checkAPIcompatibility) @ commons-dbutils ---
[INFO] Checking unresolved references to org.codehaus.mojo.signature:java18:1.0
[INFO] 
[INFO] --- resources:2.7:testResources (default-testResources) @ commons-dbutils ---
[INFO] Using 'iso-8859-1' encoding to copy filtered resources.
[INFO] Copying 3 resources
[INFO] Copying 2 resources to META-INF
[INFO] 
[INFO] --- compiler:3.5.1:testCompile (default-testCompile) @ commons-dbutils ---
[INFO] Changes detected - recompiling the module!
[INFO] Compiling 85 source files to /sfs/weka/scratch/wxw9rr/OE25-DEV/projects_decomposed/commons-dbutils-1.7/target/test-classes
[INFO] /sfs/weka/scratch/wxw9rr/OE25-DEV/projects_decomposed/commons-dbutils-1.7/src/test/java/org/apache/commons/dbutils/wrappers/SqlNullCheckedResultSetTest.java: Some input files use or override a deprecated API that is marked for removal.
[INFO] /sfs/weka/scratch/wxw9rr/OE25-DEV/projects_decomposed/commons-dbutils-1.7/src/test/java/org/apache/commons/dbutils/wrappers/SqlNullCheckedResultSetTest.java: Recompile with -Xlint:removal for details.
[INFO] /sfs/weka/scratch/wxw9rr/OE25-DEV/projects_decomposed/commons-dbutils-1.7/src/test/java/org/apache/commons/dbutils/QueryRunnerTest_OE25Dev.java: Some input files use unchecked or unsafe operations.
[INFO] /sfs/weka/scratch/wxw9rr/OE25-DEV/projects_decomposed/commons-dbutils-1.7/src/test/java/org/apache/commons/dbutils/QueryRunnerTest_OE25Dev.java: Recompile with -Xlint:unchecked for details.
[INFO] -------------------------------------------------------------
[ERROR] COMPILATION ERROR : 
[INFO] -------------------------------------------------------------
[ERROR] /sfs/weka/scratch/wxw9rr/OE25-DEV/projects_decomposed/commons-dbutils-1.7/src/test/java/org/apache/commons/dbutils/wrappers/SqlNullCheckedResultSetTest_OE25Dev.java:[3310,1] duplicate class: org.apache.commons.dbutils.wrappers.SqlNullUncheckedMockResultSet
[ERROR] /sfs/weka/scratch/wxw9rr/OE25-DEV/projects_decomposed/commons-dbutils-1.7/src/test/java/org/apache/commons/dbutils/wrappers/SqlNullCheckedResultSetTest_OE25Dev.java:[3352,1] duplicate class: org.apache.commons.dbutils.wrappers.SqlNullCheckedResultSetMockBlob
[ERROR] /sfs/weka/scratch/wxw9rr/OE25-DEV/projects_decomposed/commons-dbutils-1.7/src/test/java/org/apache/commons/dbutils/wrappers/SqlNullCheckedResultSetTest_OE25Dev.java:[3418,1] duplicate class: org.apache.commons.dbutils.wrappers.SqlNullCheckedResultSetMockClob
[ERROR] /sfs/weka/scratch/wxw9rr/OE25-DEV/projects_decomposed/commons-dbutils-1.7/src/test/java/org/apache/commons/dbutils/wrappers/SqlNullCheckedResultSetTest_OE25Dev.java:[3494,1] duplicate class: org.apache.commons.dbutils.wrappers.SqlNullCheckedResultSetMockRef
[ERROR] /sfs/weka/scratch/wxw9rr/OE25-DEV/projects_decomposed/commons-dbutils-1.7/src/test/java/org/apache/commons/dbutils/handlers/columns/DoubleColumnHandlerTest_OE25Dev.java:[27,8] org.apache.commons.dbutils.handlers.columns.DoubleColumnHandlerTest_OE25Dev is not abstract and does not override abstract method testApplyType() in org.apache.commons.dbutils.handlers.columns.ColumnHandlerTestBase
[ERROR] /sfs/weka/scratch/wxw9rr/OE25-DEV/projects_decomposed/commons-dbutils-1.7/src/test/java/org/apache/commons/dbutils/handlers/columns/TimestampColumnHandlerTest_OE25Dev.java:[30,8] org.apache.commons.dbutils.handlers.columns.TimestampColumnHandlerTest_OE25Dev is not abstract and does not override abstract method testApplyType() in org.apache.commons.dbutils.handlers.columns.ColumnHandlerTestBase
[ERROR] /sfs/weka/scratch/wxw9rr/OE25-DEV/projects_decomposed/commons-dbutils-1.7/src/test/java/org/apache/commons/dbutils/handlers/columns/StringColumnHandlerTest_OE25Dev.java:[27,8] org.apache.commons.dbutils.handlers.columns.StringColumnHandlerTest_OE25Dev is not abstract and does not override abstract method testApplyType() in org.apache.commons.dbutils.handlers.columns.ColumnHandlerTestBase
[ERROR] /sfs/weka/scratch/wxw9rr/OE25-DEV/projects_decomposed/commons-dbutils-1.7/src/test/java/org/apache/commons/dbutils/handlers/columns/IntegerColumnHandlerTest_OE25Dev.java:[28,8] org.apache.commons.dbutils.handlers.columns.IntegerColumnHandlerTest_OE25Dev is not abstract and does not override abstract method testApplyType() in org.apache.commons.dbutils.handlers.columns.ColumnHandlerTestBase
[ERROR] /sfs/weka/scratch/wxw9rr/OE25-DEV/projects_decomposed/commons-dbutils-1.7/src/test/java/org/apache/commons/dbutils/handlers/columns/FloatColumnHandlerTest_OE25Dev.java:[27,8] org.apache.commons.dbutils.handlers.columns.FloatColumnHandlerTest_OE25Dev is not abstract and does not override abstract method testApplyType() in org.apache.commons.dbutils.handlers.columns.ColumnHandlerTestBase
[ERROR] /sfs/weka/scratch/wxw9rr/OE25-DEV/projects_decomposed/commons-dbutils-1.7/src/test/java/org/apache/commons/dbutils/handlers/columns/BooleanColumnHandlerTest_OE25Dev.java:[27,8] org.apache.commons.dbutils.handlers.columns.BooleanColumnHandlerTest_OE25Dev is not abstract and does not override abstract method testApplyType() in org.apache.commons.dbutils.handlers.columns.ColumnHandlerTestBase
[ERROR] /sfs/weka/scratch/wxw9rr/OE25-DEV/projects_decomposed/commons-dbutils-1.7/src/test/java/org/apache/commons/dbutils/handlers/columns/ShortColumnHandlerTest_OE25Dev.java:[27,8] org.apache.commons.dbutils.handlers.columns.ShortColumnHandlerTest_OE25Dev is not abstract and does not override abstract method testApplyType() in org.apache.commons.dbutils.handlers.columns.ColumnHandlerTestBase
[ERROR] /sfs/weka/scratch/wxw9rr/OE25-DEV/projects_decomposed/commons-dbutils-1.7/src/test/java/org/apache/commons/dbutils/handlers/columns/SQLXMLColumnHandlerTest_OE25Dev.java:[30,8] org.apache.commons.dbutils.handlers.columns.SQLXMLColumnHandlerTest_OE25Dev is not abstract and does not override abstract method testApplyType() in org.apache.commons.dbutils.handlers.columns.ColumnHandlerTestBase
[ERROR] /sfs/weka/scratch/wxw9rr/OE25-DEV/projects_decomposed/commons-dbutils-1.7/src/test/java/org/apache/commons/dbutils/handlers/columns/ByteColumnHandlerTest_OE25Dev.java:[27,8] org.apache.commons.dbutils.handlers.columns.ByteColumnHandlerTest_OE25Dev is not abstract and does not override abstract method testApplyType() in org.apache.commons.dbutils.handlers.columns.ColumnHandlerTestBase
[ERROR] /sfs/weka/scratch/wxw9rr/OE25-DEV/projects_decomposed/commons-dbutils-1.7/src/test/java/org/apache/commons/dbutils/handlers/columns/LongColumnHandlerTest_OE25Dev.java:[27,8] org.apache.commons.dbutils.handlers.columns.LongColumnHandlerTest_OE25Dev is not abstract and does not override abstract method testApplyType() in org.apache.commons.dbutils.handlers.columns.ColumnHandlerTestBase
[INFO] 14 errors 
[INFO] -------------------------------------------------------------
[INFO] ------------------------------------------------------------------------
[INFO] BUILD FAILURE
[INFO] ------------------------------------------------------------------------
[INFO] Total time:  5.843 s
[INFO] Finished at: 2026-01-16T10:22:09-05:00
[INFO] ------------------------------------------------------------------------
[ERROR] Failed to execute goal org.apache.maven.plugins:maven-compiler-plugin:3.5.1:testCompile (default-testCompile) on project commons-dbutils: Compilation failure: Compilation failure: 
[ERROR] /sfs/weka/scratch/wxw9rr/OE25-DEV/projects_decomposed/commons-dbutils-1.7/src/test/java/org/apache/commons/dbutils/wrappers/SqlNullCheckedResultSetTest_OE25Dev.java:[3310,1] duplicate class: org.apache.commons.dbutils.wrappers.SqlNullUncheckedMockResultSet
[ERROR] /sfs/weka/scratch/wxw9rr/OE25-DEV/projects_decomposed/commons-dbutils-1.7/src/test/java/org/apache/commons/dbutils/wrappers/SqlNullCheckedResultSetTest_OE25Dev.java:[3352,1] duplicate class: org.apache.commons.dbutils.wrappers.SqlNullCheckedResultSetMockBlob
[ERROR] /sfs/weka/scratch/wxw9rr/OE25-DEV/projects_decomposed/commons-dbutils-1.7/src/test/java/org/apache/commons/dbutils/wrappers/SqlNullCheckedResultSetTest_OE25Dev.java:[3418,1] duplicate class: org.apache.commons.dbutils.wrappers.SqlNullCheckedResultSetMockClob
[ERROR] /sfs/weka/scratch/wxw9rr/OE25-DEV/projects_decomposed/commons-dbutils-1.7/src/test/java/org/apache/commons/dbutils/wrappers/SqlNullCheckedResultSetTest_OE25Dev.java:[3494,1] duplicate class: org.apache.commons.dbutils.wrappers.SqlNullCheckedResultSetMockRef
[ERROR] /sfs/weka/scratch/wxw9rr/OE25-DEV/projects_decomposed/commons-dbutils-1.7/src/test/java/org/apache/commons/dbutils/handlers/columns/DoubleColumnHandlerTest_OE25Dev.java:[27,8] org.apache.commons.dbutils.handlers.columns.DoubleColumnHandlerTest_OE25Dev is not abstract and does not override abstract method testApplyType() in org.apache.commons.dbutils.handlers.columns.ColumnHandlerTestBase
[ERROR] /sfs/weka/scratch/wxw9rr/OE25-DEV/projects_decomposed/commons-dbutils-1.7/src/test/java/org/apache/commons/dbutils/handlers/columns/TimestampColumnHandlerTest_OE25Dev.java:[30,8] org.apache.commons.dbutils.handlers.columns.TimestampColumnHandlerTest_OE25Dev is not abstract and does not override abstract method testApplyType() in org.apache.commons.dbutils.handlers.columns.ColumnHandlerTestBase
[ERROR] /sfs/weka/scratch/wxw9rr/OE25-DEV/projects_decomposed/commons-dbutils-1.7/src/test/java/org/apache/commons/dbutils/handlers/columns/StringColumnHandlerTest_OE25Dev.java:[27,8] org.apache.commons.dbutils.handlers.columns.StringColumnHandlerTest_OE25Dev is not abstract and does not override abstract method testApplyType() in org.apache.commons.dbutils.handlers.columns.ColumnHandlerTestBase
[ERROR] /sfs/weka/scratch/wxw9rr/OE25-DEV/projects_decomposed/commons-dbutils-1.7/src/test/java/org/apache/commons/dbutils/handlers/columns/IntegerColumnHandlerTest_OE25Dev.java:[28,8] org.apache.commons.dbutils.handlers.columns.IntegerColumnHandlerTest_OE25Dev is not abstract and does not override abstract method testApplyType() in org.apache.commons.dbutils.handlers.columns.ColumnHandlerTestBase
[ERROR] /sfs/weka/scratch/wxw9rr/OE25-DEV/projects_decomposed/commons-dbutils-1.7/src/test/java/org/apache/commons/dbutils/handlers/columns/FloatColumnHandlerTest_OE25Dev.java:[27,8] org.apache.commons.dbutils.handlers.columns.FloatColumnHandlerTest_OE25Dev is not abstract and does not override abstract method testApplyType() in org.apache.commons.dbutils.handlers.columns.ColumnHandlerTestBase
[ERROR] /sfs/weka/scratch/wxw9rr/OE25-DEV/projects_decomposed/commons-dbutils-1.7/src/test/java/org/apache/commons/dbutils/handlers/columns/BooleanColumnHandlerTest_OE25Dev.java:[27,8] org.apache.commons.dbutils.handlers.columns.BooleanColumnHandlerTest_OE25Dev is not abstract and does not override abstract method testApplyType() in org.apache.commons.dbutils.handlers.columns.ColumnHandlerTestBase
[ERROR] /sfs/weka/scratch/wxw9rr/OE25-DEV/projects_decomposed/commons-dbutils-1.7/src/test/java/org/apache/commons/dbutils/handlers/columns/ShortColumnHandlerTest_OE25Dev.java:[27,8] org.apache.commons.dbutils.handlers.columns.ShortColumnHandlerTest_OE25Dev is not abstract and does not override abstract method testApplyType() in org.apache.commons.dbutils.handlers.columns.ColumnHandlerTestBase
[ERROR] /sfs/weka/scratch/wxw9rr/OE25-DEV/projects_decomposed/commons-dbutils-1.7/src/test/java/org/apache/commons/dbutils/handlers/columns/SQLXMLColumnHandlerTest_OE25Dev.java:[30,8] org.apache.commons.dbutils.handlers.columns.SQLXMLColumnHandlerTest_OE25Dev is not abstract and does not override abstract method testApplyType() in org.apache.commons.dbutils.handlers.columns.ColumnHandlerTestBase
[ERROR] /sfs/weka/scratch/wxw9rr/OE25-DEV/projects_decomposed/commons-dbutils-1.7/src/test/java/org/apache/commons/dbutils/handlers/columns/ByteColumnHandlerTest_OE25Dev.java:[27,8] org.apache.commons.dbutils.handlers.columns.ByteColumnHandlerTest_OE25Dev is not abstract and does not override abstract method testApplyType() in org.apache.commons.dbutils.handlers.columns.ColumnHandlerTestBase
[ERROR] /sfs/weka/scratch/wxw9rr/OE25-DEV/projects_decomposed/commons-dbutils-1.7/src/test/java/org/apache/commons/dbutils/handlers/columns/LongColumnHandlerTest_OE25Dev.java:[27,8] org.apache.commons.dbutils.handlers.columns.LongColumnHandlerTest_OE25Dev is not abstract and does not override abstract method testApplyType() in org.apache.commons.dbutils.handlers.columns.ColumnHandlerTestBase
[ERROR] -> [Help 1]
[ERROR] 
[ERROR] To see the full stack trace of the errors, re-run Maven with the -e switch.
[ERROR] Re-run Maven using the -X switch to enable full debug logging.
[ERROR] 
[ERROR] For more information about the errors and possible solutions, please read the following articles:
[ERROR] [Help 1] http://cwiki.apache.org/confluence/display/MAVEN/MojoFailureException
